--------- beginning of kpi
04-20 01:36:34.701  2036  2311 E KPI-BOOT|: Animation going to execute event: SHOW_STARTUP_ANIM at |6299 
04-20 01:36:47.834  3452  3452 E KPI-AUDIO|: restoreAudioLastMode in SystemUI at|22436
04-20 01:36:47.983  2933  3588 E KPI-ANNOUNCE|: Announcement service is ready on both sides at |22584
04-20 01:36:48.822  2036  2311 E KPI-BOOT|: Animation going to execute event: HIDE_ANIMATION at |23424 
04-20 01:36:51.913  4008  4008 E KPI-HomeScreen| : calls setScreenReady() | 26515
04-20 01:36:51.930  2036  2311 E KPI-BOOT|: Animation going to execute event: HIDE_ANIMATION at |26531 
04-20 01:36:53.268  4439  4548 E KPI-AUDIO|: CheckAndRegisterForEntertainmentService, Service is ready |27870 PID= 4439
04-20 01:36:54.510  2036  2311 E KPI-BOOT|: Animation going to execute event: HIDE_ANIMATION at |29112 
04-20 01:36:55.264  4336  4390 E KPI-BT| : Adapter enable  at|29866
04-20 01:36:57.764  4439  4545 E KPI-AUDIO|: AudioState before restored at|32366, PID=4439
04-20 01:36:57.824  4439  4545 E KPI-AUDIO|: AudioState call setupPlaybackForMode at|32426
04-20 01:36:57.956  4439  4545 E KPI-AUDIO|: AudioState return from restore at|32557,isRestoreSuccess=true, PID=4439
--------- beginning of crash
04-20 07:43:14.104  4194 15625 E AndroidRuntime: FATAL EXCEPTION: NanoHttpd Request Processor (#458)
04-20 07:43:14.104  4194 15625 E AndroidRuntime: Process: com.telenav.app.denali.na, PID: 4194
04-20 07:43:14.104  4194 15625 E AndroidRuntime: java.lang.Error: sendResponse(): Status can't be null.
04-20 07:43:14.104  4194 15625 E AndroidRuntime: 	at fi.iki.elonen.NanoHTTPD$Response.send(SourceFile:1593)
04-20 07:43:14.104  4194 15625 E AndroidRuntime: 	at fi.iki.elonen.NanoHTTPD$HTTPSession.execute(SourceFile:957)
04-20 07:43:14.104  4194 15625 E AndroidRuntime: 	at fi.iki.elonen.NanoHTTPD$ClientHandler.run(SourceFile:192)
04-20 07:43:14.104  4194 15625 E AndroidRuntime: 	at java.lang.Thread.run(Thread.java:818)
--------- beginning of radio
04-20 21:54:48.184  2754  2754 D TelephonyRegistry: notifyCellLocationForSubscriber: subId=0 cellLocation=Bundle[{}]
04-20 21:54:48.202  4413  4450 I chatty  : uid=1001(radio) Binder_1 expire 10 lines
04-20 21:54:48.947  4413  4460 I chatty  : uid=1001(radio) Binder_2 expire 14 lines
04-20 21:54:49.101 12936 12936 E KPI-HomeScreen| : calls setScreenReady() | 73103701
04-20 21:54:49.217  2036  2311 E KPI-BOOT|: Animation going to execute event: HIDE_ANIMATION at |73103816 
04-20 21:54:49.281 12974 13057 E KPI-AUDIO|: CheckAndRegisterForEntertainmentService, Service is ready |73103880 PID= 12974
04-20 21:54:49.675  4413  5095 I chatty  : uid=1001(radio) Binder_5 expire 9 lines
04-20 21:54:51.011 12974 13056 E KPI-AUDIO|: AudioState before restored at|73105611, PID=12974
04-20 21:54:51.029 12974 13056 E KPI-AUDIO|: AudioState call setupPlaybackForMode at|73105629
04-20 21:54:51.080  4336  4412 E KPI-BT| : Adapter enable  at|73105679
04-20 21:54:51.608 12974 13056 E KPI-AUDIO|: AudioState return from restore at|73106207,isRestoreSuccess=true, PID=12974
04-20 21:54:53.084  4413  4413 I chatty  : uid=1001(radio) com.android.phone expire 146 lines
04-20 21:56:01.239  4413  4907 I chatty  : uid=1001(radio) Binder_4 expire 12 lines
04-20 21:57:13.503  4413  4713 I chatty  : uid=1001(radio) Binder_3 expire 41 lines
04-20 21:58:40.284  4413  4413 I chatty  : uid=1001(radio) com.android.phone expire 125 lines
04-20 21:58:56.141  4413  4450 I chatty  : uid=1001(radio) Binder_1 expire 24 lines
04-20 22:00:48.660  4413  5095 I chatty  : uid=1001(radio) Binder_5 expire 23 lines
04-20 22:00:48.672  4413  4907 I chatty  : uid=1001(radio) Binder_4 expire 26 lines
04-20 22:00:48.811  4413  4460 I chatty  : uid=1001(radio) Binder_2 expire 46 lines
04-20 22:03:49.545  2933  4066 E KPI-ONSTAR|: Advisor call dialed out by CSM at |73644145
04-20 22:03:53.801  2933  3813 E KPI-ONSTAR|: Advisor call dialed out by CSM at |73648400
04-20 22:04:10.031  4413  4413 I chatty  : uid=1001(radio) com.android.phone expire 141 lines
04-20 22:04:10.069  4413  4450 I chatty  : uid=1001(radio) Binder_1 expire 23 lines
04-20 22:04:10.122  4413  5095 I chatty  : uid=1001(radio) Binder_5 expire 24 lines
04-20 22:04:10.665  4413  4907 I chatty  : uid=1001(radio) Binder_4 expire 20 lines
04-20 22:04:12.159  4413  4713 I chatty  : uid=1001(radio) Binder_3 expire 41 lines
04-20 22:04:33.140  2933  3813 E KPI-ONSTAR|: Advisor call dialed out by CSM at |73687739
04-20 22:04:39.833  2933  3077 E KPI-ONSTAR|: Advisor call dialed out by CSM at |73694433
04-20 22:04:55.351  4413  4413 I chatty  : uid=1001(radio) com.android.phone expire 195 lines
04-20 22:04:55.440  4413  4907 I chatty  : uid=1001(radio) Binder_4 expire 10 lines
04-20 22:04:55.575  4413  4450 I chatty  : uid=1001(radio) Binder_1 expire 16 lines
04-20 22:04:55.614  4413  5095 I chatty  : uid=1001(radio) Binder_5 expire 10 lines
04-20 22:04:55.650  4413  4460 I chatty  : uid=1001(radio) Binder_2 expire 14 lines
04-20 22:05:22.626  4413  5095 I chatty  : uid=1001(radio) Binder_5 expire 14 lines
04-20 22:05:22.808  4413  4907 I chatty  : uid=1001(radio) Binder_4 expire 10 lines
04-20 22:05:22.814  4413  4413 I chatty  : uid=1001(radio) com.android.phone expire 13 lines
04-20 22:05:23.581  4413  4713 I chatty  : uid=1001(radio) Binder_3 expire 12 lines
04-20 22:05:34.621  4413  4450 I chatty  : uid=1001(radio) Binder_1 expire 10 lines
04-20 22:07:10.555  2754  2754 D PhoneNumberUtils: subId:1, defaultCountryIso:US
04-20 22:07:10.555  2754  2754 D PhoneNumberUtils: slotId:0, emergencyNumbers: 
04-20 22:07:10.555  2754  2754 D PhoneNumberUtils: System property doesn't provide any emergency numbers. Use embedded logic for determining ones.
04-20 22:07:10.555  2754  2754 D PhoneNumberUtils: Active phone base from System table: 7
04-20 22:07:10.555  2754  2754 D PhoneNumberUtils: emergencyNumbers: 112,911,000,08,110,118,119,999,120,997,998,060,061,062,063,064,065,066,067,068,069,080,081,082,083,084,085,086,087,088,089
04-20 22:07:10.617  2754  2754 D PhoneNumberUtils: subId:1, defaultCountryIso:US
04-20 22:07:10.620  2754  2754 D PhoneNumberUtils: slotId:0, emergencyNumbers: 
04-20 22:07:10.620  2754  2754 D PhoneNumberUtils: System property doesn't provide any emergency numbers. Use embedded logic for determining ones.
04-20 22:07:10.620  2754  2754 D PhoneNumberUtils: Active phone base from System table: 7
04-20 22:07:10.620  2754  2754 D PhoneNumberUtils: emergencyNumbers: 112,911,000,08,110,118,119,999,120,997,998,060,061,062,063,064,065,066,067,068,069,080,081,082,083,084,085,086,087,088,089
04-20 22:07:10.644  2754  2754 D PhoneNumberUtils: subId:1, defaultCountryIso:NULL
04-20 22:07:10.646  2754  2754 D PhoneNumberUtils: slotId:0, emergencyNumbers: 
04-20 22:07:10.646  2754  2754 D PhoneNumberUtils: System property doesn't provide any emergency numbers. Use embedded logic for determining ones.
04-20 22:07:10.646  2754  2754 D PhoneNumberUtils: Active phone base from System table: 7
04-20 22:07:10.646  2754  2754 D PhoneNumberUtils: emergencyNumbers: 112,911,000,08,110,118,119,999,120,997,998,060,061,062,063,064,065,066,067,068,069,080,081,082,083,084,085,086,087,088,089
04-20 22:07:10.657  2754  2754 D PhoneNumberUtils: subId:1, defaultCountryIso:US
04-20 22:07:10.658  2754  2754 D PhoneNumberUtils: slotId:0, emergencyNumbers: 
04-20 22:07:10.658  2754  2754 D PhoneNumberUtils: System property doesn't provide any emergency numbers. Use embedded logic for determining ones.
04-20 22:07:10.658  2754  2754 D PhoneNumberUtils: Active phone base from System table: 7
04-20 22:07:10.658  2754  2754 D PhoneNumberUtils: emergencyNumbers: 112,911,000,08,110,118,119,999,120,997,998,060,061,062,063,064,065,066,067,068,069,080,081,082,083,084,085,086,087,088,089
04-20 22:07:10.668  2754  2754 D PhoneNumberUtils: subId:1, defaultCountryIso:US
04-20 22:07:10.670  2754  2754 D PhoneNumberUtils: slotId:0, emergencyNumbers: 
04-20 22:07:10.670  2754  2754 D PhoneNumberUtils: System property doesn't provide any emergency numbers. Use embedded logic for determining ones.
04-20 22:07:10.670  2754  2754 D PhoneNumberUtils: Active phone base from System table: 7
04-20 22:07:10.670  2754  2754 D PhoneNumberUtils: emergencyNumbers: 112,911,000,08,110,118,119,999,120,997,998,060,061,062,063,064,065,066,067,068,069,080,081,082,083,084,085,086,087,088,089
04-20 22:07:10.804  4413  4413 I chatty  : uid=1001(radio) com.android.phone expire 138 lines
04-20 22:07:10.932 13177 13177 D PhoneNumberUtils: subId:1, defaultCountryIso:NULL
04-20 22:07:10.940 13177 13177 D PhoneNumberUtils: slotId:0, emergencyNumbers: 
04-20 22:07:10.940 13177 13177 D PhoneNumberUtils: System property doesn't provide any emergency numbers. Use embedded logic for determining ones.
04-20 22:07:10.940 13177 13177 D PhoneNumberUtils: Active phone base from System table: 7
04-20 22:07:10.940 13177 13177 D PhoneNumberUtils: emergencyNumbers: 112,911,000,08,110,118,119,999,120,997,998,060,061,062,063,064,065,066,067,068,069,080,081,082,083,084,085,086,087,088,089
04-20 22:07:10.982  2754  2754 D PhoneNumberUtils: subId:1, defaultCountryIso:US
04-20 22:07:10.988  2754  2754 D PhoneNumberUtils: slotId:0, emergencyNumbers: 
04-20 22:07:10.988  2754  2754 D PhoneNumberUtils: System property doesn't provide any emergency numbers. Use embedded logic for determining ones.
04-20 22:07:10.988  2754  2754 D PhoneNumberUtils: Active phone base from System table: 7
04-20 22:07:10.988  2754  2754 D PhoneNumberUtils: emergencyNumbers: 112,911,000,08,110,118,119,999,120,997,998,060,061,062,063,064,065,066,067,068,069,080,081,082,083,084,085,086,087,088,089
04-20 22:07:14.946  4413  4907 I chatty  : uid=1001(radio) Binder_4 expire 6 lines
04-20 22:07:14.951  4413  4460 I chatty  : uid=1001(radio) Binder_2 expire 8 lines
04-20 22:07:32.004  2754  2754 D PhoneNumberUtils: subId:1, defaultCountryIso:US
04-20 22:07:32.006  2754  2754 D PhoneNumberUtils: slotId:0, emergencyNumbers: 
04-20 22:07:32.006  2754  2754 D PhoneNumberUtils: System property doesn't provide any emergency numbers. Use embedded logic for determining ones.
04-20 22:07:32.006  2754  2754 D PhoneNumberUtils: Active phone base from System table: 7
04-20 22:07:32.006  2754  2754 D PhoneNumberUtils: emergencyNumbers: 112,911,000,08,110,118,119,999,120,997,998,060,061,062,063,064,065,066,067,068,069,080,081,082,083,084,085,086,087,088,089
04-20 22:07:32.052  2754  2754 D PhoneNumberUtils: subId:1, defaultCountryIso:US
04-20 22:07:32.064  2754  2754 D PhoneNumberUtils: slotId:0, emergencyNumbers: 
04-20 22:07:32.064  2754  2754 D PhoneNumberUtils: System property doesn't provide any emergency numbers. Use embedded logic for determining ones.
04-20 22:07:32.064  2754  2754 D PhoneNumberUtils: Active phone base from System table: 7
04-20 22:07:32.064  2754  2754 D PhoneNumberUtils: emergencyNumbers: 112,911,000,08,110,118,119,999,120,997,998,060,061,062,063,064,065,066,067,068,069,080,081,082,083,084,085,086,087,088,089
04-20 22:07:32.070  2754  2754 D PhoneNumberUtils: subId:1, defaultCountryIso:NULL
04-20 22:07:32.072  2754  2754 D PhoneNumberUtils: slotId:0, emergencyNumbers: 
04-20 22:07:32.072  2754  2754 D PhoneNumberUtils: System property doesn't provide any emergency numbers. Use embedded logic for determining ones.
04-20 22:07:32.072  2754  2754 D PhoneNumberUtils: Active phone base from System table: 7
04-20 22:07:32.072  2754  2754 D PhoneNumberUtils: emergencyNumbers: 112,911,000,08,110,118,119,999,120,997,998,060,061,062,063,064,065,066,067,068,069,080,081,082,083,084,085,086,087,088,089
04-20 22:07:32.084  4413  4450 I chatty  : uid=1001(radio) Binder_1 expire 2 lines
04-20 22:07:32.100  2754  2754 D PhoneNumberUtils: subId:1, defaultCountryIso:US
04-20 22:07:32.101  2754  2754 D PhoneNumberUtils: slotId:0, emergencyNumbers: 
04-20 22:07:32.101  2754  2754 D PhoneNumberUtils: System property doesn't provide any emergency numbers. Use embedded logic for determining ones.
04-20 22:07:32.101  2754  2754 D PhoneNumberUtils: Active phone base from System table: 7
04-20 22:07:32.101  2754  2754 D PhoneNumberUtils: emergencyNumbers: 112,911,000,08,110,118,119,999,120,997,998,060,061,062,063,064,065,066,067,068,069,080,081,082,083,084,085,086,087,088,089
04-20 22:07:32.114  2754  2754 D PhoneNumberUtils: subId:1, defaultCountryIso:US
04-20 22:07:32.116  2754  2754 D PhoneNumberUtils: slotId:0, emergencyNumbers: 
04-20 22:07:32.116  2754  2754 D PhoneNumberUtils: System property doesn't provide any emergency numbers. Use embedded logic for determining ones.
04-20 22:07:32.116  2754  2754 D PhoneNumberUtils: Active phone base from System table: 7
04-20 22:07:32.116  2754  2754 D PhoneNumberUtils: emergencyNumbers: 112,911,000,08,110,118,119,999,120,997,998,060,061,062,063,064,065,066,067,068,069,080,081,082,083,084,085,086,087,088,089
04-20 22:07:32.168 13177 13177 D PhoneNumberUtils: subId:1, defaultCountryIso:NULL
04-20 22:07:32.170 13177 13177 D PhoneNumberUtils: slotId:0, emergencyNumbers: 
04-20 22:07:32.170 13177 13177 D PhoneNumberUtils: System property doesn't provide any emergency numbers. Use embedded logic for determining ones.
04-20 22:07:32.170 13177 13177 D PhoneNumberUtils: Active phone base from System table: 7
04-20 22:07:32.170 13177 13177 D PhoneNumberUtils: emergencyNumbers: 112,911,000,08,110,118,119,999,120,997,998,060,061,062,063,064,065,066,067,068,069,080,081,082,083,084,085,086,087,088,089
04-20 22:07:32.181  4413  4413 I chatty  : uid=1001(radio) com.android.phone expire 33 lines
04-20 22:07:32.215  4413  4713 I chatty  : uid=1001(radio) Binder_3 expire 13 lines
04-20 22:07:32.249  2754  2754 D PhoneNumberUtils: subId:1, defaultCountryIso:US
04-20 22:07:32.262  2754  2754 D PhoneNumberUtils: slotId:0, emergencyNumbers: 
04-20 22:07:32.262  2754  2754 D PhoneNumberUtils: System property doesn't provide any emergency numbers. Use embedded logic for determining ones.
04-20 22:07:32.262  2754  2754 D PhoneNumberUtils: Active phone base from System table: 7
04-20 22:07:32.262  2754  2754 D PhoneNumberUtils: emergencyNumbers: 112,911,000,08,110,118,119,999,120,997,998,060,061,062,063,064,065,066,067,068,069,080,081,082,083,084,085,086,087,088,089
04-20 22:07:32.285  4413  4450 I chatty  : uid=1001(radio) Binder_1 expire 15 lines
04-20 22:07:32.339  4413  4413 I chatty  : uid=1001(radio) com.android.phone expire 199 lines
04-20 22:07:32.598  4413  4460 I chatty  : uid=1001(radio) Binder_2 expire 5 lines
04-20 22:07:33.106  2754  4363 D SubscriptionManager: getSimStateForSubscriber: simState=5 slotIdx=0
04-20 22:07:33.113  4413  4907 I chatty  : uid=1001(radio) Binder_4 expire 15 lines
04-20 22:07:33.269  2754  4341 D SubscriptionManager: getSimStateForSubscriber: simState=5 slotIdx=0
04-20 22:07:41.487  4413  5095 I chatty  : uid=1001(radio) Binder_5 expire 29 lines
04-20 22:07:47.308  2933  2949 E KPI-ONSTAR|: Advisor call dialed out by CSM at |73881907
04-20 22:07:48.974  2933  4066 E KPI-ONSTAR|: Advisor call dialed out by CSM at |73883573
04-20 22:07:50.702  2933 13504 E KPI-ONSTAR|: Advisor call dialed out by CSM at |73885301
04-20 22:07:50.811  4413  4460 I chatty  : uid=1001(radio) Binder_2 expire 13 lines
04-20 22:07:56.384  4413  4713 I chatty  : uid=1001(radio) Binder_3 expire 11 lines
04-20 22:07:56.389  4413  4450 I chatty  : uid=1001(radio) Binder_1 expire 23 lines
04-20 22:07:56.393  4413  4907 I chatty  : uid=1001(radio) Binder_4 expire 12 lines
04-20 22:08:05.005  4413  4413 I chatty  : uid=1001(radio) com.android.phone expire 178 lines
04-20 22:08:14.369  4413  4450 I chatty  : uid=1001(radio) Binder_1 expire 16 lines
04-20 22:08:15.653  4413  4460 I chatty  : uid=1001(radio) Binder_2 expire 10 lines
04-20 22:08:15.702  4413  4713 I chatty  : uid=1001(radio) Binder_3 expire 20 lines
04-20 22:08:15.713  4413  4907 I chatty  : uid=1001(radio) Binder_4 expire 25 lines
04-20 22:08:15.715  4413  5095 I chatty  : uid=1001(radio) Binder_5 expire 10 lines
04-20 22:08:21.500  2933  3813 E KPI-ONSTAR|: Advisor call dialed out by CSM at |73916100
04-20 22:08:25.870  2933  4066 E KPI-ONSTAR|: Advisor call dialed out by CSM at |73920469
04-20 22:08:44.627  2754  2754 D TelephonyRegistry: notifyCellLocationForSubscriber: subId=0 cellLocation=Bundle[{}]
04-20 22:08:44.817 31900 31900 E KPI-HomeScreen| : calls setScreenReady() | 73939416
04-20 22:08:44.837 31934 32048 E KPI-AUDIO|: CheckAndRegisterForEntertainmentService, Service is ready |73939436 PID= 31934
04-20 22:08:44.854  2036  2311 E KPI-BOOT|: Animation going to execute event: HIDE_ANIMATION at |73939453 
04-20 22:08:45.079  4413  4413 I chatty  : uid=1001(radio) com.android.phone expire 162 lines
04-20 22:08:45.893 31934 32047 E KPI-AUDIO|: AudioState before restored at|73940492, PID=31934
04-20 22:08:45.972 31934 32047 E KPI-AUDIO|: AudioState call setupPlaybackForMode at|73940571
04-20 22:08:46.022 31934 32047 E KPI-AUDIO|: AudioState return from restore at|73940621,isRestoreSuccess=true, PID=31934
04-20 22:08:47.069  4336  4412 E KPI-BT| : Adapter enable  at|73941668
04-20 22:08:59.220  4413  4460 I chatty  : uid=1001(radio) Binder_2 expire 24 lines
04-20 22:10:38.136  4413  4413 I chatty  : uid=1001(radio) com.android.phone expire 195 lines
04-20 22:10:50.134  4413  4907 I chatty  : uid=1001(radio) Binder_4 expire 12 lines
04-20 22:10:53.132  4413  5095 I chatty  : uid=1001(radio) Binder_5 expire 12 lines
04-20 22:11:17.169  4413  4450 I chatty  : uid=1001(radio) Binder_1 expire 12 lines
04-20 22:11:28.637  4413  4713 I chatty  : uid=1001(radio) Binder_3 expire 24 lines
04-20 22:19:41.448  4413  4413 I chatty  : uid=1001(radio) com.android.phone expire 195 lines
04-20 22:20:08.345  4413  4460 I chatty  : uid=1001(radio) Binder_2 expire 12 lines
04-20 22:20:10.565  4413  4907 I chatty  : uid=1001(radio) Binder_4 expire 12 lines
04-20 22:20:26.248  4413  5095 I chatty  : uid=1001(radio) Binder_5 expire 12 lines
04-20 22:20:32.488  4413  4450 I chatty  : uid=1001(radio) Binder_1 expire 24 lines
04-20 22:23:52.359  4413  4413 I chatty  : uid=1001(radio) com.android.phone expire 195 lines
04-20 22:25:08.191  4413  4460 I chatty  : uid=1001(radio) Binder_2 expire 12 lines
04-20 22:32:16.356  4413  4907 I chatty  : uid=1001(radio) Binder_4 expire 12 lines
04-20 22:32:41.002  4413  5095 I chatty  : uid=1001(radio) Binder_5 expire 12 lines
04-20 22:32:47.714  4413  4713 I chatty  : uid=1001(radio) Binder_3 expire 24 lines
04-20 22:34:01.637  4413  4413 I chatty  : uid=1001(radio) com.android.phone expire 195 lines
04-20 22:34:05.947  4413  4460 I chatty  : uid=1001(radio) Binder_2 expire 12 lines
04-20 22:34:10.602  4413  4907 I chatty  : uid=1001(radio) Binder_4 expire 12 lines
04-20 22:34:14.954  4413  5095 I chatty  : uid=1001(radio) Binder_5 expire 12 lines
04-20 22:34:19.562  4413  4450 I chatty  : uid=1001(radio) Binder_1 expire 12 lines
04-20 22:38:05.811  4413  4413 D OnStarCommands: getOperator: operatorName = AT&T
04-20 22:38:05.811  4413  4413 V OnStarServiceStateTracker: handleMessage: EVENT_POLL_STATE_REGISTRATION: processing...
04-20 22:38:05.811  4413  4413 D OnStarServiceStateTracker: handlePollStateResult: EVENT_POLL_STATE_REGISTRATION: regCode:1, serviceState:0
04-20 22:38:05.811  4413  4413 D PHONE   : [ServiceState] setVoiceRegState=0
04-20 22:38:05.811  4413  4413 V OnStarServiceStateTracker: handleMessage: EVENT_POLL_STATE_OPERATOR: processing...
04-20 22:38:05.811  4413  4413 D OnStarServiceStateTracker: handlePollStateResult: EVENT_POLL_STATE_OPERATOR: opNames[0]: 'AT&T' opNames[1]: '' opNames[2]: ''
04-20 22:38:05.813  4413  4413 D OnStarServiceStateTracker: pollStateDone: oldSS=[0 1 voice home data home AT&T   AT&T    Unknown Unknown CSS not supported -1 -1 RoamInd=-1 DefRoamInd=-1 EmergOnly=false IsDataRoamingFromRegistration=false] newSS=[0 1 voice home data home AT&T   AT&T    Unknown Unknown CSS not supported -1 -1 RoamInd=-1 DefRoamInd=-1 EmergOnly=false IsDataRoamingFromRegistration=false]
04-20 22:38:05.813  4413  4413 D PHONE   : [ServiceState] setNullState=1
04-20 22:38:05.813  4413  4413 D OnStarServiceStateTracker: pollStateDone: Current OutgoingPhone is not OnStar.
04-20 22:39:37.656  4413  4460 V OnStarCommands: onCellNetInfo: cellNetworkName:AT&T cellNetworkSignal:3 cellNetworkState:0 cellNetworkType: 7
04-20 22:39:37.656  4413  4460 D OnStarCommands: getSignalLevel: 3 -> 8
04-20 22:39:37.656  4413  4460 D OnStarCommands: getVoiceRegState: state = 1
04-20 22:39:37.656  4413  4460 D OnStarCommands: onCellNetInfo: No mVoiceNetworkStateRegistrants to notify
04-20 22:39:37.659  4413  4413 V OnStarServiceStateTracker: handleMessage: SIGNAL STRENGTH event = 12  current phone is not OnStar
04-20 22:39:37.659  4413  4413 V OnStarServiceStateTracker: handleMessage: EVENT_NETWORK_STATE_CHANGED: polling states...
04-20 22:39:37.659  4413  4413 V OnStarServiceStateTracker: pollState
04-20 22:39:37.659  4413  4413 D OnStarCommands: getVoiceRegState: state = 1
04-20 22:39:37.659  4413  4413 D OnStarCommands: getOperator: operatorName = AT&T
04-20 22:39:37.659  4413  4413 V OnStarServiceStateTracker: handleMessage: EVENT_POLL_STATE_REGISTRATION: processing...
04-20 22:39:37.659  4413  4413 D OnStarServiceStateTracker: handlePollStateResult: EVENT_POLL_STATE_REGISTRATION: regCode:1, serviceState:0
04-20 22:39:37.659  4413  4413 D PHONE   : [ServiceState] setVoiceRegState=0
04-20 22:39:37.659  4413  4413 V OnStarServiceStateTracker: handleMessage: EVENT_POLL_STATE_OPERATOR: processing...
04-20 22:39:37.659  4413  4413 D OnStarServiceStateTracker: handlePollStateResult: EVENT_POLL_STATE_OPERATOR: opNames[0]: 'AT&T' opNames[1]: '' opNames[2]: ''
04-20 22:39:37.661  4413  4413 D OnStarServiceStateTracker: pollStateDone: oldSS=[0 1 voice home data home AT&T   AT&T    Unknown Unknown CSS not supported -1 -1 RoamInd=-1 DefRoamInd=-1 EmergOnly=false IsDataRoamingFromRegistration=false] newSS=[0 1 voice home data home AT&T   AT&T    Unknown Unknown CSS not supported -1 -1 RoamInd=-1 DefRoamInd=-1 EmergOnly=false IsDataRoamingFromRegistration=false]
04-20 22:39:37.661  4413  4413 D PHONE   : [ServiceState] setNullState=1
04-20 22:39:37.661  4413  4413 D OnStarServiceStateTracker: pollStateDone: Current OutgoingPhone is not OnStar.
04-20 22:39:42.138  4413  4907 V OnStarCommands: onCellNetInfo: cellNetworkName:AT&T cellNetworkSignal:2 cellNetworkState:0 cellNetworkType: 7
04-20 22:39:42.139  4413  4907 D OnStarCommands: getSignalLevel: 2 -> 6
04-20 22:39:42.143  4413  4907 D OnStarCommands: getVoiceRegState: state = 1
04-20 22:39:42.143  4413  4907 D OnStarCommands: onCellNetInfo: No mVoiceNetworkStateRegistrants to notify
04-20 22:39:42.144  4413  4413 V OnStarServiceStateTracker: handleMessage: SIGNAL STRENGTH event = 12  current phone is not OnStar
04-20 22:39:42.144  4413  4413 V OnStarServiceStateTracker: handleMessage: EVENT_NETWORK_STATE_CHANGED: polling states...
04-20 22:39:42.144  4413  4413 V OnStarServiceStateTracker: pollState
04-20 22:39:42.144  4413  4413 D OnStarCommands: getVoiceRegState: state = 1
04-20 22:39:42.144  4413  4413 D OnStarCommands: getOperator: operatorName = AT&T
04-20 22:39:42.144  4413  4413 V OnStarServiceStateTracker: handleMessage: EVENT_POLL_STATE_REGISTRATION: processing...
04-20 22:39:42.144  4413  4413 D OnStarServiceStateTracker: handlePollStateResult: EVENT_POLL_STATE_REGISTRATION: regCode:1, serviceState:0
04-20 22:39:42.144  4413  4413 D PHONE   : [ServiceState] setVoiceRegState=0
04-20 22:39:42.144  4413  4413 V OnStarServiceStateTracker: handleMessage: EVENT_POLL_STATE_OPERATOR: processing...
04-20 22:39:42.144  4413  4413 D OnStarServiceStateTracker: handlePollStateResult: EVENT_POLL_STATE_OPERATOR: opNames[0]: 'AT&T' opNames[1]: '' opNames[2]: ''
04-20 22:39:42.145  4413  4413 D OnStarServiceStateTracker: pollStateDone: oldSS=[0 1 voice home data home AT&T   AT&T    Unknown Unknown CSS not supported -1 -1 RoamInd=-1 DefRoamInd=-1 EmergOnly=false IsDataRoamingFromRegistration=false] newSS=[0 1 voice home data home AT&T   AT&T    Unknown Unknown CSS not supported -1 -1 RoamInd=-1 DefRoamInd=-1 EmergOnly=false IsDataRoamingFromRegistration=false]
04-20 22:39:42.145  4413  4413 D PHONE   : [ServiceState] setNullState=1
04-20 22:39:42.146  4413  4413 D OnStarServiceStateTracker: pollStateDone: Current OutgoingPhone is not OnStar.
04-20 22:40:02.306  4413  5095 V OnStarCommands: onCellNetInfo: cellNetworkName:AT&T cellNetworkSignal:3 cellNetworkState:0 cellNetworkType: 7
04-20 22:40:02.306  4413  5095 D OnStarCommands: getSignalLevel: 3 -> 8
04-20 22:40:02.306  4413  5095 D OnStarCommands: getVoiceRegState: state = 1
04-20 22:40:02.306  4413  5095 D OnStarCommands: onCellNetInfo: No mVoiceNetworkStateRegistrants to notify
04-20 22:40:02.310  4413  4413 V OnStarServiceStateTracker: handleMessage: SIGNAL STRENGTH event = 12  current phone is not OnStar
04-20 22:40:02.310  4413  4413 V OnStarServiceStateTracker: handleMessage: EVENT_NETWORK_STATE_CHANGED: polling states...
04-20 22:40:02.310  4413  4413 V OnStarServiceStateTracker: pollState
04-20 22:40:02.310  4413  4413 D OnStarCommands: getVoiceRegState: state = 1
04-20 22:40:02.310  4413  4413 D OnStarCommands: getOperator: operatorName = AT&T
04-20 22:40:02.310  4413  4413 V OnStarServiceStateTracker: handleMessage: EVENT_POLL_STATE_REGISTRATION: processing...
04-20 22:40:02.310  4413  4413 D OnStarServiceStateTracker: handlePollStateResult: EVENT_POLL_STATE_REGISTRATION: regCode:1, serviceState:0
04-20 22:40:02.310  4413  4413 D PHONE   : [ServiceState] setVoiceRegState=0
04-20 22:40:02.310  4413  4413 V OnStarServiceStateTracker: handleMessage: EVENT_POLL_STATE_OPERATOR: processing...
04-20 22:40:02.310  4413  4413 D OnStarServiceStateTracker: handlePollStateResult: EVENT_POLL_STATE_OPERATOR: opNames[0]: 'AT&T' opNames[1]: '' opNames[2]: ''
04-20 22:40:02.313  4413  4413 D OnStarServiceStateTracker: pollStateDone: oldSS=[0 1 voice home data home AT&T   AT&T    Unknown Unknown CSS not supported -1 -1 RoamInd=-1 DefRoamInd=-1 EmergOnly=false IsDataRoamingFromRegistration=false] newSS=[0 1 voice home data home AT&T   AT&T    Unknown Unknown CSS not supported -1 -1 RoamInd=-1 DefRoamInd=-1 EmergOnly=false IsDataRoamingFromRegistration=false]
04-20 22:40:02.313  4413  4413 D PHONE   : [ServiceState] setNullState=1
04-20 22:40:02.315  4413  4413 D OnStarServiceStateTracker: pollStateDone: Current OutgoingPhone is not OnStar.
04-20 22:40:04.538  4413  4450 V OnStarCommands: onCellNetInfo: cellNetworkName:AT&T cellNetworkSignal:2 cellNetworkState:0 cellNetworkType: 7
04-20 22:40:04.538  4413  4450 D OnStarCommands: getSignalLevel: 2 -> 6
04-20 22:40:04.538  4413  4450 D OnStarCommands: getVoiceRegState: state = 1
04-20 22:40:04.538  4413  4450 D OnStarCommands: onCellNetInfo: No mVoiceNetworkStateRegistrants to notify
04-20 22:40:04.544  4413  4413 V OnStarServiceStateTracker: handleMessage: SIGNAL STRENGTH event = 12  current phone is not OnStar
04-20 22:40:04.545  4413  4413 V OnStarServiceStateTracker: handleMessage: EVENT_NETWORK_STATE_CHANGED: polling states...
04-20 22:40:04.545  4413  4413 V OnStarServiceStateTracker: pollState
04-20 22:40:04.545  4413  4413 D OnStarCommands: getVoiceRegState: state = 1
04-20 22:40:04.545  4413  4413 D OnStarCommands: getOperator: operatorName = AT&T
04-20 22:40:04.545  4413  4413 V OnStarServiceStateTracker: handleMessage: EVENT_POLL_STATE_REGISTRATION: processing...
04-20 22:40:04.545  4413  4413 D OnStarServiceStateTracker: handlePollStateResult: EVENT_POLL_STATE_REGISTRATION: regCode:1, serviceState:0
04-20 22:40:04.545  4413  4413 D PHONE   : [ServiceState] setVoiceRegState=0
04-20 22:40:04.545  4413  4413 V OnStarServiceStateTracker: handleMessage: EVENT_POLL_STATE_OPERATOR: processing...
04-20 22:40:04.545  4413  4413 D OnStarServiceStateTracker: handlePollStateResult: EVENT_POLL_STATE_OPERATOR: opNames[0]: 'AT&T' opNames[1]: '' opNames[2]: ''
04-20 22:40:04.548  4413  4413 D OnStarServiceStateTracker: pollStateDone: oldSS=[0 1 voice home data home AT&T   AT&T    Unknown Unknown CSS not supported -1 -1 RoamInd=-1 DefRoamInd=-1 EmergOnly=false IsDataRoamingFromRegistration=false] newSS=[0 1 voice home data home AT&T   AT&T    Unknown Unknown CSS not supported -1 -1 RoamInd=-1 DefRoamInd=-1 EmergOnly=false IsDataRoamingFromRegistration=false]
04-20 22:40:04.548  4413  4413 D PHONE   : [ServiceState] setNullState=1
04-20 22:40:04.549  4413  4413 D OnStarServiceStateTracker: pollStateDone: Current OutgoingPhone is not OnStar.
04-20 22:40:22.453  4413  4713 V OnStarCommands: onCellNetInfo: cellNetworkName:AT&T cellNetworkSignal:3 cellNetworkState:0 cellNetworkType: 7
04-20 22:40:22.453  4413  4713 D OnStarCommands: getSignalLevel: 3 -> 8
04-20 22:40:22.453  4413  4713 D OnStarCommands: getVoiceRegState: state = 1
04-20 22:40:22.453  4413  4713 D OnStarCommands: onCellNetInfo: No mVoiceNetworkStateRegistrants to notify
04-20 22:40:22.455  4413  4413 V OnStarServiceStateTracker: handleMessage: SIGNAL STRENGTH event = 12  current phone is not OnStar
04-20 22:40:22.455  4413  4413 V OnStarServiceStateTracker: handleMessage: EVENT_NETWORK_STATE_CHANGED: polling states...
04-20 22:40:22.455  4413  4413 V OnStarServiceStateTracker: pollState
04-20 22:40:22.455  4413  4413 D OnStarCommands: getVoiceRegState: state = 1
04-20 22:40:22.455  4413  4413 D OnStarCommands: getOperator: operatorName = AT&T
04-20 22:40:22.455  4413  4413 V OnStarServiceStateTracker: handleMessage: EVENT_POLL_STATE_REGISTRATION: processing...
04-20 22:40:22.455  4413  4413 D OnStarServiceStateTracker: handlePollStateResult: EVENT_POLL_STATE_REGISTRATION: regCode:1, serviceState:0
04-20 22:40:22.455  4413  4413 D PHONE   : [ServiceState] setVoiceRegState=0
04-20 22:40:22.455  4413  4413 V OnStarServiceStateTracker: handleMessage: EVENT_POLL_STATE_OPERATOR: processing...
04-20 22:40:22.455  4413  4413 D OnStarServiceStateTracker: handlePollStateResult: EVENT_POLL_STATE_OPERATOR: opNames[0]: 'AT&T' opNames[1]: '' opNames[2]: ''
04-20 22:40:22.457  4413  4413 D OnStarServiceStateTracker: pollStateDone: oldSS=[0 1 voice home data home AT&T   AT&T    Unknown Unknown CSS not supported -1 -1 RoamInd=-1 DefRoamInd=-1 EmergOnly=false IsDataRoamingFromRegistration=false] newSS=[0 1 voice home data home AT&T   AT&T    Unknown Unknown CSS not supported -1 -1 RoamInd=-1 DefRoamInd=-1 EmergOnly=false IsDataRoamingFromRegistration=false]
04-20 22:40:22.457  4413  4413 D PHONE   : [ServiceState] setNullState=1
04-20 22:40:22.459  4413  4413 D OnStarServiceStateTracker: pollStateDone: Current OutgoingPhone is not OnStar.
04-20 22:40:26.942  4413  4460 V OnStarCommands: onCellNetInfo: cellNetworkName:AT&T cellNetworkSignal:2 cellNetworkState:0 cellNetworkType: 7
04-20 22:40:26.942  4413  4460 D OnStarCommands: getSignalLevel: 2 -> 6
04-20 22:40:26.942  4413  4460 D OnStarCommands: getVoiceRegState: state = 1
04-20 22:40:26.942  4413  4460 D OnStarCommands: onCellNetInfo: No mVoiceNetworkStateRegistrants to notify
04-20 22:40:26.945  4413  4413 V OnStarServiceStateTracker: handleMessage: SIGNAL STRENGTH event = 12  current phone is not OnStar
04-20 22:40:26.945  4413  4413 V OnStarServiceStateTracker: handleMessage: EVENT_NETWORK_STATE_CHANGED: polling states...
04-20 22:40:26.945  4413  4413 V OnStarServiceStateTracker: pollState
04-20 22:40:26.945  4413  4413 D OnStarCommands: getVoiceRegState: state = 1
04-20 22:40:26.945  4413  4413 D OnStarCommands: getOperator: operatorName = AT&T
04-20 22:40:26.945  4413  4413 V OnStarServiceStateTracker: handleMessage: EVENT_POLL_STATE_REGISTRATION: processing...
04-20 22:40:26.945  4413  4413 D OnStarServiceStateTracker: handlePollStateResult: EVENT_POLL_STATE_REGISTRATION: regCode:1, serviceState:0
04-20 22:40:26.945  4413  4413 D PHONE   : [ServiceState] setVoiceRegState=0
04-20 22:40:26.945  4413  4413 V OnStarServiceStateTracker: handleMessage: EVENT_POLL_STATE_OPERATOR: processing...
04-20 22:40:26.945  4413  4413 D OnStarServiceStateTracker: handlePollStateResult: EVENT_POLL_STATE_OPERATOR: opNames[0]: 'AT&T' opNames[1]: '' opNames[2]: ''
04-20 22:40:26.948  4413  4413 D OnStarServiceStateTracker: pollStateDone: oldSS=[0 1 voice home data home AT&T   AT&T    Unknown Unknown CSS not supported -1 -1 RoamInd=-1 DefRoamInd=-1 EmergOnly=false IsDataRoamingFromRegistration=false] newSS=[0 1 voice home data home AT&T   AT&T    Unknown Unknown CSS not supported -1 -1 RoamInd=-1 DefRoamInd=-1 EmergOnly=false IsDataRoamingFromRegistration=false]
04-20 22:40:26.948  4413  4413 D PHONE   : [ServiceState] setNullState=1
04-20 22:40:26.949  4413  4413 D OnStarServiceStateTracker: pollStateDone: Current OutgoingPhone is not OnStar.
04-20 22:41:49.813  4413  4907 V OnStarCommands: onCellNetInfo: cellNetworkName:AT&T cellNetworkSignal:3 cellNetworkState:0 cellNetworkType: 7
04-20 22:41:49.813  4413  4907 D OnStarCommands: getSignalLevel: 3 -> 8
04-20 22:41:49.813  4413  4907 D OnStarCommands: getVoiceRegState: state = 1
04-20 22:41:49.813  4413  4907 D OnStarCommands: onCellNetInfo: No mVoiceNetworkStateRegistrants to notify
04-20 22:41:49.816  4413  4413 V OnStarServiceStateTracker: handleMessage: SIGNAL STRENGTH event = 12  current phone is not OnStar
04-20 22:41:49.816  4413  4413 V OnStarServiceStateTracker: handleMessage: EVENT_NETWORK_STATE_CHANGED: polling states...
04-20 22:41:49.816  4413  4413 V OnStarServiceStateTracker: pollState
04-20 22:41:49.816  4413  4413 D OnStarCommands: getVoiceRegState: state = 1
04-20 22:41:49.816  4413  4413 D OnStarCommands: getOperator: operatorName = AT&T
04-20 22:41:49.816  4413  4413 V OnStarServiceStateTracker: handleMessage: EVENT_POLL_STATE_REGISTRATION: processing...
04-20 22:41:49.816  4413  4413 D OnStarServiceStateTracker: handlePollStateResult: EVENT_POLL_STATE_REGISTRATION: regCode:1, serviceState:0
04-20 22:41:49.816  4413  4413 D PHONE   : [ServiceState] setVoiceRegState=0
04-20 22:41:49.816  4413  4413 V OnStarServiceStateTracker: handleMessage: EVENT_POLL_STATE_OPERATOR: processing...
04-20 22:41:49.816  4413  4413 D OnStarServiceStateTracker: handlePollStateResult: EVENT_POLL_STATE_OPERATOR: opNames[0]: 'AT&T' opNames[1]: '' opNames[2]: ''
04-20 22:41:49.818  4413  4413 D OnStarServiceStateTracker: pollStateDone: oldSS=[0 1 voice home data home AT&T   AT&T    Unknown Unknown CSS not supported -1 -1 RoamInd=-1 DefRoamInd=-1 EmergOnly=false IsDataRoamingFromRegistration=false] newSS=[0 1 voice home data home AT&T   AT&T    Unknown Unknown CSS not supported -1 -1 RoamInd=-1 DefRoamInd=-1 EmergOnly=false IsDataRoamingFromRegistration=false]
04-20 22:41:49.818  4413  4413 D PHONE   : [ServiceState] setNullState=1
04-20 22:41:49.819  4413  4413 D OnStarServiceStateTracker: pollStateDone: Current OutgoingPhone is not OnStar.
04-20 22:41:54.218  4413  5095 V OnStarCommands: onCellNetInfo: cellNetworkName:AT&T cellNetworkSignal:2 cellNetworkState:0 cellNetworkType: 7
04-20 22:41:54.218  4413  5095 D OnStarCommands: getSignalLevel: 2 -> 6
04-20 22:41:54.218  4413  5095 D OnStarCommands: getVoiceRegState: state = 1
04-20 22:41:54.218  4413  5095 D OnStarCommands: onCellNetInfo: No mVoiceNetworkStateRegistrants to notify
04-20 22:41:54.223  4413  4413 V OnStarServiceStateTracker: handleMessage: SIGNAL STRENGTH event = 12  current phone is not OnStar
04-20 22:41:54.223  4413  4413 V OnStarServiceStateTracker: handleMessage: EVENT_NETWORK_STATE_CHANGED: polling states...
04-20 22:41:54.223  4413  4413 V OnStarServiceStateTracker: pollState
04-20 22:41:54.223  4413  4413 D OnStarCommands: getVoiceRegState: state = 1
04-20 22:41:54.223  4413  4413 D OnStarCommands: getOperator: operatorName = AT&T
04-20 22:41:54.223  4413  4413 V OnStarServiceStateTracker: handleMessage: EVENT_POLL_STATE_REGISTRATION: processing...
04-20 22:41:54.223  4413  4413 D OnStarServiceStateTracker: handlePollStateResult: EVENT_POLL_STATE_REGISTRATION: regCode:1, serviceState:0
04-20 22:41:54.223  4413  4413 D PHONE   : [ServiceState] setVoiceRegState=0
04-20 22:41:54.223  4413  4413 V OnStarServiceStateTracker: handleMessage: EVENT_POLL_STATE_OPERATOR: processing...
04-20 22:41:54.223  4413  4413 D OnStarServiceStateTracker: handlePollStateResult: EVENT_POLL_STATE_OPERATOR: opNames[0]: 'AT&T' opNames[1]: '' opNames[2]: ''
04-20 22:41:54.224  4413  4413 D OnStarServiceStateTracker: pollStateDone: oldSS=[0 1 voice home data home AT&T   AT&T    Unknown Unknown CSS not supported -1 -1 RoamInd=-1 DefRoamInd=-1 EmergOnly=false IsDataRoamingFromRegistration=false] newSS=[0 1 voice home data home AT&T   AT&T    Unknown Unknown CSS not supported -1 -1 RoamInd=-1 DefRoamInd=-1 EmergOnly=false IsDataRoamingFromRegistration=false]
04-20 22:41:54.224  4413  4413 D PHONE   : [ServiceState] setNullState=1
04-20 22:41:54.225  4413  4413 D OnStarServiceStateTracker: pollStateDone: Current OutgoingPhone is not OnStar.
04-20 22:41:56.543  4413  4450 V OnStarCommands: onCellNetInfo: cellNetworkName:AT&T cellNetworkSignal:3 cellNetworkState:0 cellNetworkType: 7
04-20 22:41:56.543  4413  4450 D OnStarCommands: getSignalLevel: 3 -> 8
04-20 22:41:56.544  4413  4450 D OnStarCommands: getVoiceRegState: state = 1
04-20 22:41:56.544  4413  4450 D OnStarCommands: onCellNetInfo: No mVoiceNetworkStateRegistrants to notify
04-20 22:41:56.547  4413  4413 V OnStarServiceStateTracker: handleMessage: SIGNAL STRENGTH event = 12  current phone is not OnStar
04-20 22:41:56.547  4413  4413 V OnStarServiceStateTracker: handleMessage: EVENT_NETWORK_STATE_CHANGED: polling states...
04-20 22:41:56.547  4413  4413 V OnStarServiceStateTracker: pollState
04-20 22:41:56.547  4413  4413 D OnStarCommands: getVoiceRegState: state = 1
04-20 22:41:56.547  4413  4413 D OnStarCommands: getOperator: operatorName = AT&T
04-20 22:41:56.547  4413  4413 V OnStarServiceStateTracker: handleMessage: EVENT_POLL_STATE_REGISTRATION: processing...
04-20 22:41:56.547  4413  4413 D OnStarServiceStateTracker: handlePollStateResult: EVENT_POLL_STATE_REGISTRATION: regCode:1, serviceState:0
04-20 22:41:56.547  4413  4413 D PHONE   : [ServiceState] setVoiceRegState=0
04-20 22:41:56.547  4413  4413 V OnStarServiceStateTracker: handleMessage: EVENT_POLL_STATE_OPERATOR: processing...
04-20 22:41:56.547  4413  4413 D OnStarServiceStateTracker: handlePollStateResult: EVENT_POLL_STATE_OPERATOR: opNames[0]: 'AT&T' opNames[1]: '' opNames[2]: ''
04-20 22:41:56.549  4413  4413 D OnStarServiceStateTracker: pollStateDone: oldSS=[0 1 voice home data home AT&T   AT&T    Unknown Unknown CSS not supported -1 -1 RoamInd=-1 DefRoamInd=-1 EmergOnly=false IsDataRoamingFromRegistration=false] newSS=[0 1 voice home data home AT&T   AT&T    Unknown Unknown CSS not supported -1 -1 RoamInd=-1 DefRoamInd=-1 EmergOnly=false IsDataRoamingFromRegistration=false]
04-20 22:41:56.549  4413  4413 D PHONE   : [ServiceState] setNullState=1
04-20 22:41:56.556  4413  4413 D OnStarServiceStateTracker: pollStateDone: Current OutgoingPhone is not OnStar.
04-20 22:41:58.789  4413  4713 V OnStarCommands: onCellNetInfo: cellNetworkName:AT&T cellNetworkSignal:2 cellNetworkState:0 cellNetworkType: 7
04-20 22:41:58.789  4413  4713 D OnStarCommands: getSignalLevel: 2 -> 6
04-20 22:41:58.789  4413  4713 D OnStarCommands: getVoiceRegState: state = 1
04-20 22:41:58.789  4413  4713 D OnStarCommands: onCellNetInfo: No mVoiceNetworkStateRegistrants to notify
04-20 22:41:58.790  4413  4413 V OnStarServiceStateTracker: handleMessage: SIGNAL STRENGTH event = 12  current phone is not OnStar
04-20 22:41:58.790  4413  4413 V OnStarServiceStateTracker: handleMessage: EVENT_NETWORK_STATE_CHANGED: polling states...
04-20 22:41:58.790  4413  4413 V OnStarServiceStateTracker: pollState
04-20 22:41:58.790  4413  4413 D OnStarCommands: getVoiceRegState: state = 1
04-20 22:41:58.790  4413  4413 D OnStarCommands: getOperator: operatorName = AT&T
04-20 22:41:58.790  4413  4413 V OnStarServiceStateTracker: handleMessage: EVENT_POLL_STATE_REGISTRATION: processing...
04-20 22:41:58.790  4413  4413 D OnStarServiceStateTracker: handlePollStateResult: EVENT_POLL_STATE_REGISTRATION: regCode:1, serviceState:0
04-20 22:41:58.790  4413  4413 D PHONE   : [ServiceState] setVoiceRegState=0
04-20 22:41:58.791  4413  4413 V OnStarServiceStateTracker: handleMessage: EVENT_POLL_STATE_OPERATOR: processing...
04-20 22:41:58.791  4413  4413 D OnStarServiceStateTracker: handlePollStateResult: EVENT_POLL_STATE_OPERATOR: opNames[0]: 'AT&T' opNames[1]: '' opNames[2]: ''
04-20 22:41:58.793  4413  4413 D OnStarServiceStateTracker: pollStateDone: oldSS=[0 1 voice home data home AT&T   AT&T    Unknown Unknown CSS not supported -1 -1 RoamInd=-1 DefRoamInd=-1 EmergOnly=false IsDataRoamingFromRegistration=false] newSS=[0 1 voice home data home AT&T   AT&T    Unknown Unknown CSS not supported -1 -1 RoamInd=-1 DefRoamInd=-1 EmergOnly=false IsDataRoamingFromRegistration=false]
04-20 22:41:58.793  4413  4413 D PHONE   : [ServiceState] setNullState=1
04-20 22:41:58.795  4413  4413 D OnStarServiceStateTracker: pollStateDone: Current OutgoingPhone is not OnStar.
04-20 22:42:03.220  4413  4460 V OnStarCommands: onCellNetInfo: cellNetworkName:AT&T cellNetworkSignal:3 cellNetworkState:0 cellNetworkType: 7
04-20 22:42:03.220  4413  4460 D OnStarCommands: getSignalLevel: 3 -> 8
04-20 22:42:03.221  4413  4460 D OnStarCommands: getVoiceRegState: state = 1
04-20 22:42:03.221  4413  4460 D OnStarCommands: onCellNetInfo: No mVoiceNetworkStateRegistrants to notify
04-20 22:42:03.224  4413  4413 V OnStarServiceStateTracker: handleMessage: SIGNAL STRENGTH event = 12  current phone is not OnStar
04-20 22:42:03.224  4413  4413 V OnStarServiceStateTracker: handleMessage: EVENT_NETWORK_STATE_CHANGED: polling states...
04-20 22:42:03.224  4413  4413 V OnStarServiceStateTracker: pollState
04-20 22:42:03.225  4413  4413 D OnStarCommands: getVoiceRegState: state = 1
04-20 22:42:03.225  4413  4413 D OnStarCommands: getOperator: operatorName = AT&T
04-20 22:42:03.225  4413  4413 V OnStarServiceStateTracker: handleMessage: EVENT_POLL_STATE_REGISTRATION: processing...
04-20 22:42:03.225  4413  4413 D OnStarServiceStateTracker: handlePollStateResult: EVENT_POLL_STATE_REGISTRATION: regCode:1, serviceState:0
04-20 22:42:03.225  4413  4413 D PHONE   : [ServiceState] setVoiceRegState=0
04-20 22:42:03.225  4413  4413 V OnStarServiceStateTracker: handleMessage: EVENT_POLL_STATE_OPERATOR: processing...
04-20 22:42:03.225  4413  4413 D OnStarServiceStateTracker: handlePollStateResult: EVENT_POLL_STATE_OPERATOR: opNames[0]: 'AT&T' opNames[1]: '' opNames[2]: ''
04-20 22:42:03.228  4413  4413 D OnStarServiceStateTracker: pollStateDone: oldSS=[0 1 voice home data home AT&T   AT&T    Unknown Unknown CSS not supported -1 -1 RoamInd=-1 DefRoamInd=-1 EmergOnly=false IsDataRoamingFromRegistration=false] newSS=[0 1 voice home data home AT&T   AT&T    Unknown Unknown CSS not supported -1 -1 RoamInd=-1 DefRoamInd=-1 EmergOnly=false IsDataRoamingFromRegistration=false]
04-20 22:42:03.229  4413  4413 D PHONE   : [ServiceState] setNullState=1
04-20 22:42:03.229  4413  4413 D OnStarServiceStateTracker: pollStateDone: Current OutgoingPhone is not OnStar.
04-20 22:42:05.493  4413  4907 V OnStarCommands: onCellNetInfo: cellNetworkName:AT&T cellNetworkSignal:2 cellNetworkState:0 cellNetworkType: 7
04-20 22:42:05.493  4413  4907 D OnStarCommands: getSignalLevel: 2 -> 6
04-20 22:42:05.493  4413  4907 D OnStarCommands: getVoiceRegState: state = 1
04-20 22:42:05.493  4413  4907 D OnStarCommands: onCellNetInfo: No mVoiceNetworkStateRegistrants to notify
04-20 22:42:05.495  4413  4413 V OnStarServiceStateTracker: handleMessage: SIGNAL STRENGTH event = 12  current phone is not OnStar
04-20 22:42:05.495  4413  4413 V OnStarServiceStateTracker: handleMessage: EVENT_NETWORK_STATE_CHANGED: polling states...
04-20 22:42:05.495  4413  4413 V OnStarServiceStateTracker: pollState
04-20 22:42:05.495  4413  4413 D OnStarCommands: getVoiceRegState: state = 1
04-20 22:42:05.495  4413  4413 D OnStarCommands: getOperator: operatorName = AT&T
04-20 22:42:05.495  4413  4413 V OnStarServiceStateTracker: handleMessage: EVENT_POLL_STATE_REGISTRATION: processing...
04-20 22:42:05.495  4413  4413 D OnStarServiceStateTracker: handlePollStateResult: EVENT_POLL_STATE_REGISTRATION: regCode:1, serviceState:0
04-20 22:42:05.495  4413  4413 D PHONE   : [ServiceState] setVoiceRegState=0
04-20 22:42:05.495  4413  4413 V OnStarServiceStateTracker: handleMessage: EVENT_POLL_STATE_OPERATOR: processing...
04-20 22:42:05.495  4413  4413 D OnStarServiceStateTracker: handlePollStateResult: EVENT_POLL_STATE_OPERATOR: opNames[0]: 'AT&T' opNames[1]: '' opNames[2]: ''
04-20 22:42:05.496  4413  4413 D OnStarServiceStateTracker: pollStateDone: oldSS=[0 1 voice home data home AT&T   AT&T    Unknown Unknown CSS not supported -1 -1 RoamInd=-1 DefRoamInd=-1 EmergOnly=false IsDataRoamingFromRegistration=false] newSS=[0 1 voice home data home AT&T   AT&T    Unknown Unknown CSS not supported -1 -1 RoamInd=-1 DefRoamInd=-1 EmergOnly=false IsDataRoamingFromRegistration=false]
04-20 22:42:05.496  4413  4413 D PHONE   : [ServiceState] setNullState=1
04-20 22:42:05.497  4413  4413 D OnStarServiceStateTracker: pollStateDone: Current OutgoingPhone is not OnStar.
04-20 22:47:05.662  4413  5095 V OnStarCommands: onCellNetInfo: cellNetworkName:AT&T cellNetworkSignal:3 cellNetworkState:0 cellNetworkType: 7
04-20 22:47:05.662  4413  5095 D OnStarCommands: getSignalLevel: 3 -> 8
04-20 22:47:05.662  4413  5095 D OnStarCommands: getVoiceRegState: state = 1
04-20 22:47:05.662  4413  5095 D OnStarCommands: onCellNetInfo: No mVoiceNetworkStateRegistrants to notify
04-20 22:47:05.667  4413  4413 V OnStarServiceStateTracker: handleMessage: SIGNAL STRENGTH event = 12  current phone is not OnStar
04-20 22:47:05.667  4413  4413 V OnStarServiceStateTracker: handleMessage: EVENT_NETWORK_STATE_CHANGED: polling states...
04-20 22:47:05.667  4413  4413 V OnStarServiceStateTracker: pollState
04-20 22:47:05.667  4413  4413 D OnStarCommands: getVoiceRegState: state = 1
04-20 22:47:05.667  4413  4413 D OnStarCommands: getOperator: operatorName = AT&T
04-20 22:47:05.667  4413  4413 V OnStarServiceStateTracker: handleMessage: EVENT_POLL_STATE_REGISTRATION: processing...
04-20 22:47:05.667  4413  4413 D OnStarServiceStateTracker: handlePollStateResult: EVENT_POLL_STATE_REGISTRATION: regCode:1, serviceState:0
04-20 22:47:05.667  4413  4413 D PHONE   : [ServiceState] setVoiceRegState=0
04-20 22:47:05.667  4413  4413 V OnStarServiceStateTracker: handleMessage: EVENT_POLL_STATE_OPERATOR: processing...
04-20 22:47:05.667  4413  4413 D OnStarServiceStateTracker: handlePollStateResult: EVENT_POLL_STATE_OPERATOR: opNames[0]: 'AT&T' opNames[1]: '' opNames[2]: ''
04-20 22:47:05.675  4413  4413 D OnStarServiceStateTracker: pollStateDone: oldSS=[0 1 voice home data home AT&T   AT&T    Unknown Unknown CSS not supported -1 -1 RoamInd=-1 DefRoamInd=-1 EmergOnly=false IsDataRoamingFromRegistration=false] newSS=[0 1 voice home data home AT&T   AT&T    Unknown Unknown CSS not supported -1 -1 RoamInd=-1 DefRoamInd=-1 EmergOnly=false IsDataRoamingFromRegistration=false]
04-20 22:47:05.675  4413  4413 D PHONE   : [ServiceState] setNullState=1
04-20 22:47:05.676  4413  4413 D OnStarServiceStateTracker: pollStateDone: Current OutgoingPhone is not OnStar.
04-20 22:47:07.913  4413  4450 V OnStarCommands: onCellNetInfo: cellNetworkName:AT&T cellNetworkSignal:2 cellNetworkState:0 cellNetworkType: 7
04-20 22:47:07.913  4413  4450 D OnStarCommands: getSignalLevel: 2 -> 6
04-20 22:47:07.913  4413  4450 D OnStarCommands: getVoiceRegState: state = 1
04-20 22:47:07.913  4413  4450 D OnStarCommands: onCellNetInfo: No mVoiceNetworkStateRegistrants to notify
04-20 22:47:07.914  4413  4413 V OnStarServiceStateTracker: handleMessage: SIGNAL STRENGTH event = 12  current phone is not OnStar
04-20 22:47:07.914  4413  4413 V OnStarServiceStateTracker: handleMessage: EVENT_NETWORK_STATE_CHANGED: polling states...
04-20 22:47:07.914  4413  4413 V OnStarServiceStateTracker: pollState
04-20 22:47:07.914  4413  4413 D OnStarCommands: getVoiceRegState: state = 1
04-20 22:47:07.914  4413  4413 D OnStarCommands: getOperator: operatorName = AT&T
04-20 22:47:07.914  4413  4413 V OnStarServiceStateTracker: handleMessage: EVENT_POLL_STATE_REGISTRATION: processing...
04-20 22:47:07.914  4413  4413 D OnStarServiceStateTracker: handlePollStateResult: EVENT_POLL_STATE_REGISTRATION: regCode:1, serviceState:0
04-20 22:47:07.914  4413  4413 D PHONE   : [ServiceState] setVoiceRegState=0
04-20 22:47:07.914  4413  4413 V OnStarServiceStateTracker: handleMessage: EVENT_POLL_STATE_OPERATOR: processing...
04-20 22:47:07.914  4413  4413 D OnStarServiceStateTracker: handlePollStateResult: EVENT_POLL_STATE_OPERATOR: opNames[0]: 'AT&T' opNames[1]: '' opNames[2]: ''
04-20 22:47:07.915  4413  4413 D OnStarServiceStateTracker: pollStateDone: oldSS=[0 1 voice home data home AT&T   AT&T    Unknown Unknown CSS not supported -1 -1 RoamInd=-1 DefRoamInd=-1 EmergOnly=false IsDataRoamingFromRegistration=false] newSS=[0 1 voice home data home AT&T   AT&T    Unknown Unknown CSS not supported -1 -1 RoamInd=-1 DefRoamInd=-1 EmergOnly=false IsDataRoamingFromRegistration=false]
04-20 22:47:07.915  4413  4413 D PHONE   : [ServiceState] setNullState=1
04-20 22:47:07.923  4413  4413 D OnStarServiceStateTracker: pollStateDone: Current OutgoingPhone is not OnStar.
04-20 22:47:59.436  4413  4713 V OnStarCommands: onCellNetInfo: cellNetworkName:AT&T cellNetworkSignal:3 cellNetworkState:0 cellNetworkType: 7
04-20 22:47:59.436  4413  4713 D OnStarCommands: getSignalLevel: 3 -> 8
04-20 22:47:59.436  4413  4713 D OnStarCommands: getVoiceRegState: state = 1
04-20 22:47:59.436  4413  4713 D OnStarCommands: onCellNetInfo: No mVoiceNetworkStateRegistrants to notify
04-20 22:47:59.441  4413  4413 V OnStarServiceStateTracker: handleMessage: SIGNAL STRENGTH event = 12  current phone is not OnStar
04-20 22:47:59.441  4413  4413 V OnStarServiceStateTracker: handleMessage: EVENT_NETWORK_STATE_CHANGED: polling states...
04-20 22:47:59.441  4413  4413 V OnStarServiceStateTracker: pollState
