04-20 22:54:56.088  4413  4413 D OnStarCommands: getVoiceRegState: state = 1
04-20 22:54:56.088  4413  4413 D OnStarCommands: getOperator: operatorName = AT&T
04-20 22:54:56.088  4413  4413 V OnStarServiceStateTracker: handleMessage: EVENT_POLL_STATE_REGISTRATION: processing...
04-20 22:54:56.088  4413  4413 D OnStarServiceStateTracker: handlePollStateResult: EVENT_POLL_STATE_REGISTRATION: regCode:1, serviceState:0
04-20 22:54:56.088  4413  4413 D PHONE   : [ServiceState] setVoiceRegState=0
04-20 22:54:56.088  4413  4413 V OnStarServiceStateTracker: handleMessage: EVENT_POLL_STATE_OPERATOR: processing...
04-20 22:54:56.088  4413  4413 D OnStarServiceStateTracker: handlePollStateResult: EVENT_POLL_STATE_OPERATOR: opNames[0]: 'AT&T' opNames[1]: '' opNames[2]: ''
04-20 22:54:56.090  4413  4413 D OnStarServiceStateTracker: pollStateDone: oldSS=[0 1 voice home data home AT&T   AT&T    Unknown Unknown CSS not supported -1 -1 RoamInd=-1 DefRoamInd=-1 EmergOnly=false IsDataRoamingFromRegistration=false] newSS=[0 1 voice home data home AT&T   AT&T    Unknown Unknown CSS not supported -1 -1 RoamInd=-1 DefRoamInd=-1 EmergOnly=false IsDataRoamingFromRegistration=false]
04-20 22:54:56.090  4413  4413 D PHONE   : [ServiceState] setNullState=1
04-20 22:54:56.091  4413  4413 D OnStarServiceStateTracker: pollStateDone: Current OutgoingPhone is not OnStar.
04-20 22:55:00.568  4413  4713 V OnStarCommands: onCellNetInfo: cellNetworkName:AT&T cellNetworkSignal:2 cellNetworkState:0 cellNetworkType: 7
04-20 22:55:00.568  4413  4713 D OnStarCommands: getSignalLevel: 2 -> 6
04-20 22:55:00.568  4413  4713 D OnStarCommands: getVoiceRegState: state = 1
04-20 22:55:00.568  4413  4713 D OnStarCommands: onCellNetInfo: No mVoiceNetworkStateRegistrants to notify
04-20 22:55:00.576  4413  4413 V OnStarServiceStateTracker: handleMessage: SIGNAL STRENGTH event = 12  current phone is not OnStar
04-20 22:55:00.576  4413  4413 V OnStarServiceStateTracker: handleMessage: EVENT_NETWORK_STATE_CHANGED: polling states...
04-20 22:55:00.576  4413  4413 V OnStarServiceStateTracker: pollState
04-20 22:55:00.576  4413  4413 D OnStarCommands: getVoiceRegState: state = 1
04-20 22:55:00.576  4413  4413 D OnStarCommands: getOperator: operatorName = AT&T
04-20 22:55:00.576  4413  4413 V OnStarServiceStateTracker: handleMessage: EVENT_POLL_STATE_REGISTRATION: processing...
04-20 22:55:00.576  4413  4413 D OnStarServiceStateTracker: handlePollStateResult: EVENT_POLL_STATE_REGISTRATION: regCode:1, serviceState:0
04-20 22:55:00.576  4413  4413 D PHONE   : [ServiceState] setVoiceRegState=0
04-20 22:55:00.576  4413  4413 V OnStarServiceStateTracker: handleMessage: EVENT_POLL_STATE_OPERATOR: processing...
04-20 22:55:00.576  4413  4413 D OnStarServiceStateTracker: handlePollStateResult: EVENT_POLL_STATE_OPERATOR: opNames[0]: 'AT&T' opNames[1]: '' opNames[2]: ''
04-20 22:55:00.577  4413  4413 D OnStarServiceStateTracker: pollStateDone: oldSS=[0 1 voice home data home AT&T   AT&T    Unknown Unknown CSS not supported -1 -1 RoamInd=-1 DefRoamInd=-1 EmergOnly=false IsDataRoamingFromRegistration=false] newSS=[0 1 voice home data home AT&T   AT&T    Unknown Unknown CSS not supported -1 -1 RoamInd=-1 DefRoamInd=-1 EmergOnly=false IsDataRoamingFromRegistration=false]
04-20 22:55:00.577  4413  4413 D PHONE   : [ServiceState] setNullState=1
04-20 22:55:00.578  4413  4413 D OnStarServiceStateTracker: pollStateDone: Current OutgoingPhone is not OnStar.
04-20 22:55:22.966  4413  4460 V OnStarCommands: onCellNetInfo: cellNetworkName:AT&T cellNetworkSignal:3 cellNetworkState:0 cellNetworkType: 7
04-20 22:55:22.966  4413  4460 D OnStarCommands: getSignalLevel: 3 -> 8
04-20 22:55:22.966  4413  4460 D OnStarCommands: getVoiceRegState: state = 1
04-20 22:55:22.966  4413  4460 D OnStarCommands: onCellNetInfo: No mVoiceNetworkStateRegistrants to notify
04-20 22:55:22.967  4413  4413 V OnStarServiceStateTracker: handleMessage: SIGNAL STRENGTH event = 12  current phone is not OnStar
04-20 22:55:22.967  4413  4413 V OnStarServiceStateTracker: handleMessage: EVENT_NETWORK_STATE_CHANGED: polling states...
04-20 22:55:22.967  4413  4413 V OnStarServiceStateTracker: pollState
04-20 22:55:22.967  4413  4413 D OnStarCommands: getVoiceRegState: state = 1
04-20 22:55:22.969  4413  4413 D OnStarCommands: getOperator: operatorName = AT&T
04-20 22:55:22.969  4413  4413 V OnStarServiceStateTracker: handleMessage: EVENT_POLL_STATE_REGISTRATION: processing...
04-20 22:55:22.969  4413  4413 D OnStarServiceStateTracker: handlePollStateResult: EVENT_POLL_STATE_REGISTRATION: regCode:1, serviceState:0
04-20 22:55:22.969  4413  4413 D PHONE   : [ServiceState] setVoiceRegState=0
04-20 22:55:22.969  4413  4413 V OnStarServiceStateTracker: handleMessage: EVENT_POLL_STATE_OPERATOR: processing...
04-20 22:55:22.969  4413  4413 D OnStarServiceStateTracker: handlePollStateResult: EVENT_POLL_STATE_OPERATOR: opNames[0]: 'AT&T' opNames[1]: '' opNames[2]: ''
04-20 22:55:22.974  4413  4413 D OnStarServiceStateTracker: pollStateDone: oldSS=[0 1 voice home data home AT&T   AT&T    Unknown Unknown CSS not supported -1 -1 RoamInd=-1 DefRoamInd=-1 EmergOnly=false IsDataRoamingFromRegistration=false] newSS=[0 1 voice home data home AT&T   AT&T    Unknown Unknown CSS not supported -1 -1 RoamInd=-1 DefRoamInd=-1 EmergOnly=false IsDataRoamingFromRegistration=false]
04-20 22:55:22.974  4413  4413 D PHONE   : [ServiceState] setNullState=1
04-20 22:55:22.975  4413  4413 D OnStarServiceStateTracker: pollStateDone: Current OutgoingPhone is not OnStar.
04-20 22:55:27.459  4413  4907 V OnStarCommands: onCellNetInfo: cellNetworkName:AT&T cellNetworkSignal:2 cellNetworkState:0 cellNetworkType: 7
04-20 22:55:27.459  4413  4907 D OnStarCommands: getSignalLevel: 2 -> 6
04-20 22:55:27.459  4413  4907 D OnStarCommands: getVoiceRegState: state = 1
04-20 22:55:27.459  4413  4907 D OnStarCommands: onCellNetInfo: No mVoiceNetworkStateRegistrants to notify
04-20 22:55:27.464  4413  4413 V OnStarServiceStateTracker: handleMessage: SIGNAL STRENGTH event = 12  current phone is not OnStar
04-20 22:55:27.464  4413  4413 V OnStarServiceStateTracker: handleMessage: EVENT_NETWORK_STATE_CHANGED: polling states...
04-20 22:55:27.464  4413  4413 V OnStarServiceStateTracker: pollState
04-20 22:55:27.464  4413  4413 D OnStarCommands: getVoiceRegState: state = 1
04-20 22:55:27.464  4413  4413 D OnStarCommands: getOperator: operatorName = AT&T
04-20 22:55:27.464  4413  4413 V OnStarServiceStateTracker: handleMessage: EVENT_POLL_STATE_REGISTRATION: processing...
04-20 22:55:27.465  4413  4413 D OnStarServiceStateTracker: handlePollStateResult: EVENT_POLL_STATE_REGISTRATION: regCode:1, serviceState:0
04-20 22:55:27.465  4413  4413 D PHONE   : [ServiceState] setVoiceRegState=0
04-20 22:55:27.465  4413  4413 V OnStarServiceStateTracker: handleMessage: EVENT_POLL_STATE_OPERATOR: processing...
04-20 22:55:27.465  4413  4413 D OnStarServiceStateTracker: handlePollStateResult: EVENT_POLL_STATE_OPERATOR: opNames[0]: 'AT&T' opNames[1]: '' opNames[2]: ''
04-20 22:55:27.465  4413  4413 D OnStarServiceStateTracker: pollStateDone: oldSS=[0 1 voice home data home AT&T   AT&T    Unknown Unknown CSS not supported -1 -1 RoamInd=-1 DefRoamInd=-1 EmergOnly=false IsDataRoamingFromRegistration=false] newSS=[0 1 voice home data home AT&T   AT&T    Unknown Unknown CSS not supported -1 -1 RoamInd=-1 DefRoamInd=-1 EmergOnly=false IsDataRoamingFromRegistration=false]
04-20 22:55:27.465  4413  4413 D PHONE   : [ServiceState] setNullState=1
04-20 22:55:27.466  4413  4413 D OnStarServiceStateTracker: pollStateDone: Current OutgoingPhone is not OnStar.
04-20 22:55:54.328  4413  5095 V OnStarCommands: onCellNetInfo: cellNetworkName:AT&T cellNetworkSignal:3 cellNetworkState:0 cellNetworkType: 7
04-20 22:55:54.328  4413  5095 D OnStarCommands: getSignalLevel: 3 -> 8
04-20 22:55:54.328  4413  5095 D OnStarCommands: getVoiceRegState: state = 1
04-20 22:55:54.328  4413  5095 D OnStarCommands: onCellNetInfo: No mVoiceNetworkStateRegistrants to notify
04-20 22:55:54.331  4413  4413 V OnStarServiceStateTracker: handleMessage: SIGNAL STRENGTH event = 12  current phone is not OnStar
04-20 22:55:54.331  4413  4413 V OnStarServiceStateTracker: handleMessage: EVENT_NETWORK_STATE_CHANGED: polling states...
04-20 22:55:54.331  4413  4413 V OnStarServiceStateTracker: pollState
04-20 22:55:54.331  4413  4413 D OnStarCommands: getVoiceRegState: state = 1
04-20 22:55:54.331  4413  4413 D OnStarCommands: getOperator: operatorName = AT&T
04-20 22:55:54.331  4413  4413 V OnStarServiceStateTracker: handleMessage: EVENT_POLL_STATE_REGISTRATION: processing...
04-20 22:55:54.331  4413  4413 D OnStarServiceStateTracker: handlePollStateResult: EVENT_POLL_STATE_REGISTRATION: regCode:1, serviceState:0
04-20 22:55:54.331  4413  4413 D PHONE   : [ServiceState] setVoiceRegState=0
04-20 22:55:54.331  4413  4413 V OnStarServiceStateTracker: handleMessage: EVENT_POLL_STATE_OPERATOR: processing...
04-20 22:55:54.331  4413  4413 D OnStarServiceStateTracker: handlePollStateResult: EVENT_POLL_STATE_OPERATOR: opNames[0]: 'AT&T' opNames[1]: '' opNames[2]: ''
04-20 22:55:54.333  4413  4413 D OnStarServiceStateTracker: pollStateDone: oldSS=[0 1 voice home data home AT&T   AT&T    Unknown Unknown CSS not supported -1 -1 RoamInd=-1 DefRoamInd=-1 EmergOnly=false IsDataRoamingFromRegistration=false] newSS=[0 1 voice home data home AT&T   AT&T    Unknown Unknown CSS not supported -1 -1 RoamInd=-1 DefRoamInd=-1 EmergOnly=false IsDataRoamingFromRegistration=false]
04-20 22:55:54.333  4413  4413 D PHONE   : [ServiceState] setNullState=1
04-20 22:55:54.333  4413  4413 D OnStarServiceStateTracker: pollStateDone: Current OutgoingPhone is not OnStar.
04-20 22:55:58.802  4413  4450 V OnStarCommands: onCellNetInfo: cellNetworkName:AT&T cellNetworkSignal:2 cellNetworkState:0 cellNetworkType: 7
04-20 22:55:58.802  4413  4450 D OnStarCommands: getSignalLevel: 2 -> 6
04-20 22:55:58.802  4413  4450 D OnStarCommands: getVoiceRegState: state = 1
04-20 22:55:58.802  4413  4450 D OnStarCommands: onCellNetInfo: No mVoiceNetworkStateRegistrants to notify
04-20 22:55:58.803  4413  4413 V OnStarServiceStateTracker: handleMessage: SIGNAL STRENGTH event = 12  current phone is not OnStar
04-20 22:55:58.803  4413  4413 V OnStarServiceStateTracker: handleMessage: EVENT_NETWORK_STATE_CHANGED: polling states...
04-20 22:55:58.803  4413  4413 V OnStarServiceStateTracker: pollState
04-20 22:55:58.803  4413  4413 D OnStarCommands: getVoiceRegState: state = 1
04-20 22:55:58.803  4413  4413 D OnStarCommands: getOperator: operatorName = AT&T
04-20 22:55:58.803  4413  4413 V OnStarServiceStateTracker: handleMessage: EVENT_POLL_STATE_REGISTRATION: processing...
04-20 22:55:58.803  4413  4413 D OnStarServiceStateTracker: handlePollStateResult: EVENT_POLL_STATE_REGISTRATION: regCode:1, serviceState:0
04-20 22:55:58.803  4413  4413 D PHONE   : [ServiceState] setVoiceRegState=0
04-20 22:55:58.806  4413  4413 V OnStarServiceStateTracker: handleMessage: EVENT_POLL_STATE_OPERATOR: processing...
04-20 22:55:58.806  4413  4413 D OnStarServiceStateTracker: handlePollStateResult: EVENT_POLL_STATE_OPERATOR: opNames[0]: 'AT&T' opNames[1]: '' opNames[2]: ''
04-20 22:55:58.807  4413  4413 D OnStarServiceStateTracker: pollStateDone: oldSS=[0 1 voice home data home AT&T   AT&T    Unknown Unknown CSS not supported -1 -1 RoamInd=-1 DefRoamInd=-1 EmergOnly=false IsDataRoamingFromRegistration=false] newSS=[0 1 voice home data home AT&T   AT&T    Unknown Unknown CSS not supported -1 -1 RoamInd=-1 DefRoamInd=-1 EmergOnly=false IsDataRoamingFromRegistration=false]
04-20 22:55:58.807  4413  4413 D PHONE   : [ServiceState] setNullState=1
04-20 22:55:58.808  4413  4413 D OnStarServiceStateTracker: pollStateDone: Current OutgoingPhone is not OnStar.
04-20 22:56:05.528  4413  4713 V OnStarCommands: onCellNetInfo: cellNetworkName:AT&T cellNetworkSignal:3 cellNetworkState:0 cellNetworkType: 7
04-20 22:56:05.528  4413  4713 D OnStarCommands: getSignalLevel: 3 -> 8
04-20 22:56:05.528  4413  4713 D OnStarCommands: getVoiceRegState: state = 1
04-20 22:56:05.528  4413  4713 D OnStarCommands: onCellNetInfo: No mVoiceNetworkStateRegistrants to notify
04-20 22:56:05.532  4413  4413 V OnStarServiceStateTracker: handleMessage: SIGNAL STRENGTH event = 12  current phone is not OnStar
04-20 22:56:05.532  4413  4413 V OnStarServiceStateTracker: handleMessage: EVENT_NETWORK_STATE_CHANGED: polling states...
04-20 22:56:05.532  4413  4413 V OnStarServiceStateTracker: pollState
04-20 22:56:05.532  4413  4413 D OnStarCommands: getVoiceRegState: state = 1
04-20 22:56:05.532  4413  4413 D OnStarCommands: getOperator: operatorName = AT&T
04-20 22:56:05.532  4413  4413 V OnStarServiceStateTracker: handleMessage: EVENT_POLL_STATE_REGISTRATION: processing...
04-20 22:56:05.532  4413  4413 D OnStarServiceStateTracker: handlePollStateResult: EVENT_POLL_STATE_REGISTRATION: regCode:1, serviceState:0
04-20 22:56:05.532  4413  4413 D PHONE   : [ServiceState] setVoiceRegState=0
04-20 22:56:05.532  4413  4413 V OnStarServiceStateTracker: handleMessage: EVENT_POLL_STATE_OPERATOR: processing...
04-20 22:56:05.532  4413  4413 D OnStarServiceStateTracker: handlePollStateResult: EVENT_POLL_STATE_OPERATOR: opNames[0]: 'AT&T' opNames[1]: '' opNames[2]: ''
04-20 22:56:05.532  4413  4413 D OnStarServiceStateTracker: pollStateDone: oldSS=[0 1 voice home data home AT&T   AT&T    Unknown Unknown CSS not supported -1 -1 RoamInd=-1 DefRoamInd=-1 EmergOnly=false IsDataRoamingFromRegistration=false] newSS=[0 1 voice home data home AT&T   AT&T    Unknown Unknown CSS not supported -1 -1 RoamInd=-1 DefRoamInd=-1 EmergOnly=false IsDataRoamingFromRegistration=false]
04-20 22:56:05.533  4413  4413 D PHONE   : [ServiceState] setNullState=1
04-20 22:56:05.533  4413  4413 D OnStarServiceStateTracker: pollStateDone: Current OutgoingPhone is not OnStar.
04-20 22:56:07.772  4413  4460 V OnStarCommands: onCellNetInfo: cellNetworkName:AT&T cellNetworkSignal:2 cellNetworkState:0 cellNetworkType: 7
04-20 22:56:07.772  4413  4460 D OnStarCommands: getSignalLevel: 2 -> 6
04-20 22:56:07.772  4413  4460 D OnStarCommands: getVoiceRegState: state = 1
04-20 22:56:07.772  4413  4460 D OnStarCommands: onCellNetInfo: No mVoiceNetworkStateRegistrants to notify
04-20 22:56:07.779  4413  4413 V OnStarServiceStateTracker: handleMessage: SIGNAL STRENGTH event = 12  current phone is not OnStar
04-20 22:56:07.779  4413  4413 V OnStarServiceStateTracker: handleMessage: EVENT_NETWORK_STATE_CHANGED: polling states...
04-20 22:56:07.779  4413  4413 V OnStarServiceStateTracker: pollState
04-20 22:56:07.779  4413  4413 D OnStarCommands: getVoiceRegState: state = 1
04-20 22:56:07.780  4413  4413 D OnStarCommands: getOperator: operatorName = AT&T
04-20 22:56:07.780  4413  4413 V OnStarServiceStateTracker: handleMessage: EVENT_POLL_STATE_REGISTRATION: processing...
04-20 22:56:07.780  4413  4413 D OnStarServiceStateTracker: handlePollStateResult: EVENT_POLL_STATE_REGISTRATION: regCode:1, serviceState:0
04-20 22:56:07.780  4413  4413 D PHONE   : [ServiceState] setVoiceRegState=0
04-20 22:56:07.780  4413  4413 V OnStarServiceStateTracker: handleMessage: EVENT_POLL_STATE_OPERATOR: processing...
04-20 22:56:07.780  4413  4413 D OnStarServiceStateTracker: handlePollStateResult: EVENT_POLL_STATE_OPERATOR: opNames[0]: 'AT&T' opNames[1]: '' opNames[2]: ''
04-20 22:56:07.783  4413  4413 D OnStarServiceStateTracker: pollStateDone: oldSS=[0 1 voice home data home AT&T   AT&T    Unknown Unknown CSS not supported -1 -1 RoamInd=-1 DefRoamInd=-1 EmergOnly=false IsDataRoamingFromRegistration=false] newSS=[0 1 voice home data home AT&T   AT&T    Unknown Unknown CSS not supported -1 -1 RoamInd=-1 DefRoamInd=-1 EmergOnly=false IsDataRoamingFromRegistration=false]
04-20 22:56:07.783  4413  4413 D PHONE   : [ServiceState] setNullState=1
04-20 22:56:07.785  4413  4413 D OnStarServiceStateTracker: pollStateDone: Current OutgoingPhone is not OnStar.
04-20 22:56:14.490  4413  4907 V OnStarCommands: onCellNetInfo: cellNetworkName:AT&T cellNetworkSignal:3 cellNetworkState:0 cellNetworkType: 7
04-20 22:56:14.490  4413  4907 D OnStarCommands: getSignalLevel: 3 -> 8
04-20 22:56:14.490  4413  4907 D OnStarCommands: getVoiceRegState: state = 1
04-20 22:56:14.491  4413  4907 D OnStarCommands: onCellNetInfo: No mVoiceNetworkStateRegistrants to notify
04-20 22:56:14.493  4413  4413 V OnStarServiceStateTracker: handleMessage: SIGNAL STRENGTH event = 12  current phone is not OnStar
04-20 22:56:14.493  4413  4413 V OnStarServiceStateTracker: handleMessage: EVENT_NETWORK_STATE_CHANGED: polling states...
04-20 22:56:14.493  4413  4413 V OnStarServiceStateTracker: pollState
04-20 22:56:14.494  4413  4413 D OnStarCommands: getVoiceRegState: state = 1
04-20 22:56:14.494  4413  4413 D OnStarCommands: getOperator: operatorName = AT&T
04-20 22:56:14.494  4413  4413 V OnStarServiceStateTracker: handleMessage: EVENT_POLL_STATE_REGISTRATION: processing...
04-20 22:56:14.494  4413  4413 D OnStarServiceStateTracker: handlePollStateResult: EVENT_POLL_STATE_REGISTRATION: regCode:1, serviceState:0
04-20 22:56:14.494  4413  4413 D PHONE   : [ServiceState] setVoiceRegState=0
04-20 22:56:14.494  4413  4413 V OnStarServiceStateTracker: handleMessage: EVENT_POLL_STATE_OPERATOR: processing...
04-20 22:56:14.494  4413  4413 D OnStarServiceStateTracker: handlePollStateResult: EVENT_POLL_STATE_OPERATOR: opNames[0]: 'AT&T' opNames[1]: '' opNames[2]: ''
04-20 22:56:14.495  4413  4413 D OnStarServiceStateTracker: pollStateDone: oldSS=[0 1 voice home data home AT&T   AT&T    Unknown Unknown CSS not supported -1 -1 RoamInd=-1 DefRoamInd=-1 EmergOnly=false IsDataRoamingFromRegistration=false] newSS=[0 1 voice home data home AT&T   AT&T    Unknown Unknown CSS not supported -1 -1 RoamInd=-1 DefRoamInd=-1 EmergOnly=false IsDataRoamingFromRegistration=false]
04-20 22:56:14.495  4413  4413 D PHONE   : [ServiceState] setNullState=1
04-20 22:56:14.498  4413  4413 D OnStarServiceStateTracker: pollStateDone: Current OutgoingPhone is not OnStar.
04-20 22:56:16.724  4413  5095 V OnStarCommands: onCellNetInfo: cellNetworkName:AT&T cellNetworkSignal:2 cellNetworkState:0 cellNetworkType: 7
04-20 22:56:16.724  4413  5095 D OnStarCommands: getSignalLevel: 2 -> 6
04-20 22:56:16.724  4413  5095 D OnStarCommands: getVoiceRegState: state = 1
04-20 22:56:16.724  4413  5095 D OnStarCommands: onCellNetInfo: No mVoiceNetworkStateRegistrants to notify
04-20 22:56:16.726  4413  4413 V OnStarServiceStateTracker: handleMessage: SIGNAL STRENGTH event = 12  current phone is not OnStar
04-20 22:56:16.726  4413  4413 V OnStarServiceStateTracker: handleMessage: EVENT_NETWORK_STATE_CHANGED: polling states...
04-20 22:56:16.726  4413  4413 V OnStarServiceStateTracker: pollState
04-20 22:56:16.726  4413  4413 D OnStarCommands: getVoiceRegState: state = 1
04-20 22:56:16.726  4413  4413 D OnStarCommands: getOperator: operatorName = AT&T
04-20 22:56:16.726  4413  4413 V OnStarServiceStateTracker: handleMessage: EVENT_POLL_STATE_REGISTRATION: processing...
04-20 22:56:16.726  4413  4413 D OnStarServiceStateTracker: handlePollStateResult: EVENT_POLL_STATE_REGISTRATION: regCode:1, serviceState:0
04-20 22:56:16.726  4413  4413 D PHONE   : [ServiceState] setVoiceRegState=0
04-20 22:56:16.726  4413  4413 V OnStarServiceStateTracker: handleMessage: EVENT_POLL_STATE_OPERATOR: processing...
04-20 22:56:16.726  4413  4413 D OnStarServiceStateTracker: handlePollStateResult: EVENT_POLL_STATE_OPERATOR: opNames[0]: 'AT&T' opNames[1]: '' opNames[2]: ''
04-20 22:56:16.733  4413  4413 D OnStarServiceStateTracker: pollStateDone: oldSS=[0 1 voice home data home AT&T   AT&T    Unknown Unknown CSS not supported -1 -1 RoamInd=-1 DefRoamInd=-1 EmergOnly=false IsDataRoamingFromRegistration=false] newSS=[0 1 voice home data home AT&T   AT&T    Unknown Unknown CSS not supported -1 -1 RoamInd=-1 DefRoamInd=-1 EmergOnly=false IsDataRoamingFromRegistration=false]
04-20 22:56:16.733  4413  4413 D PHONE   : [ServiceState] setNullState=1
04-20 22:56:16.736  4413  4413 D OnStarServiceStateTracker: pollStateDone: Current OutgoingPhone is not OnStar.
04-20 22:56:21.212  4413  4450 V OnStarCommands: onCellNetInfo: cellNetworkName:AT&T cellNetworkSignal:3 cellNetworkState:0 cellNetworkType: 7
04-20 22:56:21.212  4413  4450 D OnStarCommands: getSignalLevel: 3 -> 8
04-20 22:56:21.212  4413  4450 D OnStarCommands: getVoiceRegState: state = 1
04-20 22:56:21.212  4413  4450 D OnStarCommands: onCellNetInfo: No mVoiceNetworkStateRegistrants to notify
04-20 22:56:21.214  4413  4413 V OnStarServiceStateTracker: handleMessage: SIGNAL STRENGTH event = 12  current phone is not OnStar
04-20 22:56:21.214  4413  4413 V OnStarServiceStateTracker: handleMessage: EVENT_NETWORK_STATE_CHANGED: polling states...
04-20 22:56:21.214  4413  4413 V OnStarServiceStateTracker: pollState
04-20 22:56:21.214  4413  4413 D OnStarCommands: getVoiceRegState: state = 1
04-20 22:56:21.214  4413  4413 D OnStarCommands: getOperator: operatorName = AT&T
04-20 22:56:21.214  4413  4413 V OnStarServiceStateTracker: handleMessage: EVENT_POLL_STATE_REGISTRATION: processing...
04-20 22:56:21.214  4413  4413 D OnStarServiceStateTracker: handlePollStateResult: EVENT_POLL_STATE_REGISTRATION: regCode:1, serviceState:0
04-20 22:56:21.214  4413  4413 D PHONE   : [ServiceState] setVoiceRegState=0
04-20 22:56:21.214  4413  4413 V OnStarServiceStateTracker: handleMessage: EVENT_POLL_STATE_OPERATOR: processing...
04-20 22:56:21.214  4413  4413 D OnStarServiceStateTracker: handlePollStateResult: EVENT_POLL_STATE_OPERATOR: opNames[0]: 'AT&T' opNames[1]: '' opNames[2]: ''
04-20 22:56:21.216  4413  4413 D OnStarServiceStateTracker: pollStateDone: oldSS=[0 1 voice home data home AT&T   AT&T    Unknown Unknown CSS not supported -1 -1 RoamInd=-1 DefRoamInd=-1 EmergOnly=false IsDataRoamingFromRegistration=false] newSS=[0 1 voice home data home AT&T   AT&T    Unknown Unknown CSS not supported -1 -1 RoamInd=-1 DefRoamInd=-1 EmergOnly=false IsDataRoamingFromRegistration=false]
04-20 22:56:21.216  4413  4413 D PHONE   : [ServiceState] setNullState=1
04-20 22:56:21.217  4413  4413 D OnStarServiceStateTracker: pollStateDone: Current OutgoingPhone is not OnStar.
04-20 22:56:23.448  4413  4713 V OnStarCommands: onCellNetInfo: cellNetworkName:AT&T cellNetworkSignal:2 cellNetworkState:0 cellNetworkType: 7
04-20 22:56:23.448  4413  4713 D OnStarCommands: getSignalLevel: 2 -> 6
04-20 22:56:23.448  4413  4713 D OnStarCommands: getVoiceRegState: state = 1
04-20 22:56:23.448  4413  4713 D OnStarCommands: onCellNetInfo: No mVoiceNetworkStateRegistrants to notify
04-20 22:56:23.452  4413  4413 V OnStarServiceStateTracker: handleMessage: SIGNAL STRENGTH event = 12  current phone is not OnStar
04-20 22:56:23.452  4413  4413 V OnStarServiceStateTracker: handleMessage: EVENT_NETWORK_STATE_CHANGED: polling states...
04-20 22:56:23.452  4413  4413 V OnStarServiceStateTracker: pollState
04-20 22:56:23.452  4413  4413 D OnStarCommands: getVoiceRegState: state = 1
04-20 22:56:23.452  4413  4413 D OnStarCommands: getOperator: operatorName = AT&T
04-20 22:56:23.452  4413  4413 V OnStarServiceStateTracker: handleMessage: EVENT_POLL_STATE_REGISTRATION: processing...
04-20 22:56:23.452  4413  4413 D OnStarServiceStateTracker: handlePollStateResult: EVENT_POLL_STATE_REGISTRATION: regCode:1, serviceState:0
04-20 22:56:23.452  4413  4413 D PHONE   : [ServiceState] setVoiceRegState=0
04-20 22:56:23.453  4413  4413 V OnStarServiceStateTracker: handleMessage: EVENT_POLL_STATE_OPERATOR: processing...
04-20 22:56:23.453  4413  4413 D OnStarServiceStateTracker: handlePollStateResult: EVENT_POLL_STATE_OPERATOR: opNames[0]: 'AT&T' opNames[1]: '' opNames[2]: ''
04-20 22:56:23.457  4413  4413 D OnStarServiceStateTracker: pollStateDone: oldSS=[0 1 voice home data home AT&T   AT&T    Unknown Unknown CSS not supported -1 -1 RoamInd=-1 DefRoamInd=-1 EmergOnly=false IsDataRoamingFromRegistration=false] newSS=[0 1 voice home data home AT&T   AT&T    Unknown Unknown CSS not supported -1 -1 RoamInd=-1 DefRoamInd=-1 EmergOnly=false IsDataRoamingFromRegistration=false]
04-20 22:56:23.457  4413  4413 D PHONE   : [ServiceState] setNullState=1
04-20 22:56:23.465  4413  4413 D OnStarServiceStateTracker: pollStateDone: Current OutgoingPhone is not OnStar.
04-20 22:56:52.576  4413  4460 V OnStarCommands: onCellNetInfo: cellNetworkName:AT&T cellNetworkSignal:3 cellNetworkState:0 cellNetworkType: 7
04-20 22:56:52.576  4413  4460 D OnStarCommands: getSignalLevel: 3 -> 8
04-20 22:56:52.576  4413  4460 D OnStarCommands: getVoiceRegState: state = 1
04-20 22:56:52.576  4413  4460 D OnStarCommands: onCellNetInfo: No mVoiceNetworkStateRegistrants to notify
04-20 22:56:52.577  4413  4413 V OnStarServiceStateTracker: handleMessage: SIGNAL STRENGTH event = 12  current phone is not OnStar
04-20 22:56:52.577  4413  4413 V OnStarServiceStateTracker: handleMessage: EVENT_NETWORK_STATE_CHANGED: polling states...
04-20 22:56:52.577  4413  4413 V OnStarServiceStateTracker: pollState
04-20 22:56:52.577  4413  4413 D OnStarCommands: getVoiceRegState: state = 1
04-20 22:56:52.577  4413  4413 D OnStarCommands: getOperator: operatorName = AT&T
04-20 22:56:52.577  4413  4413 V OnStarServiceStateTracker: handleMessage: EVENT_POLL_STATE_REGISTRATION: processing...
04-20 22:56:52.577  4413  4413 D OnStarServiceStateTracker: handlePollStateResult: EVENT_POLL_STATE_REGISTRATION: regCode:1, serviceState:0
04-20 22:56:52.577  4413  4413 D PHONE   : [ServiceState] setVoiceRegState=0
04-20 22:56:52.577  4413  4413 V OnStarServiceStateTracker: handleMessage: EVENT_POLL_STATE_OPERATOR: processing...
04-20 22:56:52.577  4413  4413 D OnStarServiceStateTracker: handlePollStateResult: EVENT_POLL_STATE_OPERATOR: opNames[0]: 'AT&T' opNames[1]: '' opNames[2]: ''
04-20 22:56:52.580  4413  4413 D OnStarServiceStateTracker: pollStateDone: oldSS=[0 1 voice home data home AT&T   AT&T    Unknown Unknown CSS not supported -1 -1 RoamInd=-1 DefRoamInd=-1 EmergOnly=false IsDataRoamingFromRegistration=false] newSS=[0 1 voice home data home AT&T   AT&T    Unknown Unknown CSS not supported -1 -1 RoamInd=-1 DefRoamInd=-1 EmergOnly=false IsDataRoamingFromRegistration=false]
04-20 22:56:52.580  4413  4413 D PHONE   : [ServiceState] setNullState=1
04-20 22:56:52.588  4413  4413 D OnStarServiceStateTracker: pollStateDone: Current OutgoingPhone is not OnStar.
04-20 22:56:57.069  4413  4907 V OnStarCommands: onCellNetInfo: cellNetworkName:AT&T cellNetworkSignal:2 cellNetworkState:0 cellNetworkType: 7
04-20 22:56:57.069  4413  4907 D OnStarCommands: getSignalLevel: 2 -> 6
04-20 22:56:57.069  4413  4907 D OnStarCommands: getVoiceRegState: state = 1
04-20 22:56:57.069  4413  4907 D OnStarCommands: onCellNetInfo: No mVoiceNetworkStateRegistrants to notify
04-20 22:56:57.073  4413  4413 V OnStarServiceStateTracker: handleMessage: SIGNAL STRENGTH event = 12  current phone is not OnStar
04-20 22:56:57.073  4413  4413 V OnStarServiceStateTracker: handleMessage: EVENT_NETWORK_STATE_CHANGED: polling states...
04-20 22:56:57.073  4413  4413 V OnStarServiceStateTracker: pollState
04-20 22:56:57.073  4413  4413 D OnStarCommands: getVoiceRegState: state = 1
04-20 22:56:57.073  4413  4413 D OnStarCommands: getOperator: operatorName = AT&T
04-20 22:56:57.073  4413  4413 V OnStarServiceStateTracker: handleMessage: EVENT_POLL_STATE_REGISTRATION: processing...
04-20 22:56:57.073  4413  4413 D OnStarServiceStateTracker: handlePollStateResult: EVENT_POLL_STATE_REGISTRATION: regCode:1, serviceState:0
04-20 22:56:57.073  4413  4413 D PHONE   : [ServiceState] setVoiceRegState=0
04-20 22:56:57.073  4413  4413 V OnStarServiceStateTracker: handleMessage: EVENT_POLL_STATE_OPERATOR: processing...
04-20 22:56:57.073  4413  4413 D OnStarServiceStateTracker: handlePollStateResult: EVENT_POLL_STATE_OPERATOR: opNames[0]: 'AT&T' opNames[1]: '' opNames[2]: ''
04-20 22:56:57.077  4413  4413 D OnStarServiceStateTracker: pollStateDone: oldSS=[0 1 voice home data home AT&T   AT&T    Unknown Unknown CSS not supported -1 -1 RoamInd=-1 DefRoamInd=-1 EmergOnly=false IsDataRoamingFromRegistration=false] newSS=[0 1 voice home data home AT&T   AT&T    Unknown Unknown CSS not supported -1 -1 RoamInd=-1 DefRoamInd=-1 EmergOnly=false IsDataRoamingFromRegistration=false]
04-20 22:56:57.077  4413  4413 D PHONE   : [ServiceState] setNullState=1
04-20 22:56:57.082  4413  4413 D OnStarServiceStateTracker: pollStateDone: Current OutgoingPhone is not OnStar.
04-20 22:56:59.297  4413  5095 V OnStarCommands: onCellNetInfo: cellNetworkName:AT&T cellNetworkSignal:3 cellNetworkState:0 cellNetworkType: 7
04-20 22:56:59.297  4413  5095 D OnStarCommands: getSignalLevel: 3 -> 8
04-20 22:56:59.297  4413  5095 D OnStarCommands: getVoiceRegState: state = 1
04-20 22:56:59.297  4413  5095 D OnStarCommands: onCellNetInfo: No mVoiceNetworkStateRegistrants to notify
04-20 22:56:59.304  4413  4413 V OnStarServiceStateTracker: handleMessage: SIGNAL STRENGTH event = 12  current phone is not OnStar
04-20 22:56:59.304  4413  4413 V OnStarServiceStateTracker: handleMessage: EVENT_NETWORK_STATE_CHANGED: polling states...
04-20 22:56:59.304  4413  4413 V OnStarServiceStateTracker: pollState
04-20 22:56:59.304  4413  4413 D OnStarCommands: getVoiceRegState: state = 1
04-20 22:56:59.304  4413  4413 D OnStarCommands: getOperator: operatorName = AT&T
04-20 22:56:59.304  4413  4413 V OnStarServiceStateTracker: handleMessage: EVENT_POLL_STATE_REGISTRATION: processing...
04-20 22:56:59.304  4413  4413 D OnStarServiceStateTracker: handlePollStateResult: EVENT_POLL_STATE_REGISTRATION: regCode:1, serviceState:0
04-20 22:56:59.304  4413  4413 D PHONE   : [ServiceState] setVoiceRegState=0
04-20 22:56:59.304  4413  4413 V OnStarServiceStateTracker: handleMessage: EVENT_POLL_STATE_OPERATOR: processing...
04-20 22:56:59.304  4413  4413 D OnStarServiceStateTracker: handlePollStateResult: EVENT_POLL_STATE_OPERATOR: opNames[0]: 'AT&T' opNames[1]: '' opNames[2]: ''
04-20 22:56:59.309  4413  4413 D OnStarServiceStateTracker: pollStateDone: oldSS=[0 1 voice home data home AT&T   AT&T    Unknown Unknown CSS not supported -1 -1 RoamInd=-1 DefRoamInd=-1 EmergOnly=false IsDataRoamingFromRegistration=false] newSS=[0 1 voice home data home AT&T   AT&T    Unknown Unknown CSS not supported -1 -1 RoamInd=-1 DefRoamInd=-1 EmergOnly=false IsDataRoamingFromRegistration=false]
04-20 22:56:59.309  4413  4413 D PHONE   : [ServiceState] setNullState=1
04-20 22:56:59.309  4413  4413 D OnStarServiceStateTracker: pollStateDone: Current OutgoingPhone is not OnStar.
04-20 22:57:06.007  4413  4450 V OnStarCommands: onCellNetInfo: cellNetworkName:AT&T cellNetworkSignal:2 cellNetworkState:0 cellNetworkType: 7
04-20 22:57:06.007  4413  4450 D OnStarCommands: getSignalLevel: 2 -> 6
04-20 22:57:06.007  4413  4450 D OnStarCommands: getVoiceRegState: state = 1
04-20 22:57:06.007  4413  4450 D OnStarCommands: onCellNetInfo: No mVoiceNetworkStateRegistrants to notify
04-20 22:57:06.008  4413  4413 V OnStarServiceStateTracker: handleMessage: SIGNAL STRENGTH event = 12  current phone is not OnStar
04-20 22:57:06.008  4413  4413 V OnStarServiceStateTracker: handleMessage: EVENT_NETWORK_STATE_CHANGED: polling states...
04-20 22:57:06.008  4413  4413 V OnStarServiceStateTracker: pollState
04-20 22:57:06.008  4413  4413 D OnStarCommands: getVoiceRegState: state = 1
04-20 22:57:06.008  4413  4413 D OnStarCommands: getOperator: operatorName = AT&T
04-20 22:57:06.008  4413  4413 V OnStarServiceStateTracker: handleMessage: EVENT_POLL_STATE_REGISTRATION: processing...
04-20 22:57:06.008  4413  4413 D OnStarServiceStateTracker: handlePollStateResult: EVENT_POLL_STATE_REGISTRATION: regCode:1, serviceState:0
04-20 22:57:06.008  4413  4413 D PHONE   : [ServiceState] setVoiceRegState=0
04-20 22:57:06.008  4413  4413 V OnStarServiceStateTracker: handleMessage: EVENT_POLL_STATE_OPERATOR: processing...
04-20 22:57:06.008  4413  4413 D OnStarServiceStateTracker: handlePollStateResult: EVENT_POLL_STATE_OPERATOR: opNames[0]: 'AT&T' opNames[1]: '' opNames[2]: ''
04-20 22:57:06.009  4413  4413 D OnStarServiceStateTracker: pollStateDone: oldSS=[0 1 voice home data home AT&T   AT&T    Unknown Unknown CSS not supported -1 -1 RoamInd=-1 DefRoamInd=-1 EmergOnly=false IsDataRoamingFromRegistration=false] newSS=[0 1 voice home data home AT&T   AT&T    Unknown Unknown CSS not supported -1 -1 RoamInd=-1 DefRoamInd=-1 EmergOnly=false IsDataRoamingFromRegistration=false]
04-20 22:57:06.010  4413  4413 D PHONE   : [ServiceState] setNullState=1
04-20 22:57:06.011  4413  4413 D OnStarServiceStateTracker: pollStateDone: Current OutgoingPhone is not OnStar.
04-20 22:57:32.894  4413  4713 V OnStarCommands: onCellNetInfo: cellNetworkName:AT&T cellNetworkSignal:3 cellNetworkState:0 cellNetworkType: 7
04-20 22:57:32.894  4413  4713 D OnStarCommands: getSignalLevel: 3 -> 8
04-20 22:57:32.894  4413  4713 D OnStarCommands: getVoiceRegState: state = 1
04-20 22:57:32.894  4413  4713 D OnStarCommands: onCellNetInfo: No mVoiceNetworkStateRegistrants to notify
04-20 22:57:32.896  4413  4413 V OnStarServiceStateTracker: handleMessage: SIGNAL STRENGTH event = 12  current phone is not OnStar
04-20 22:57:32.896  4413  4413 V OnStarServiceStateTracker: handleMessage: EVENT_NETWORK_STATE_CHANGED: polling states...
04-20 22:57:32.896  4413  4413 V OnStarServiceStateTracker: pollState
04-20 22:57:32.896  4413  4413 D OnStarCommands: getVoiceRegState: state = 1
04-20 22:57:32.896  4413  4413 D OnStarCommands: getOperator: operatorName = AT&T
04-20 22:57:32.896  4413  4413 V OnStarServiceStateTracker: handleMessage: EVENT_POLL_STATE_REGISTRATION: processing...
04-20 22:57:32.896  4413  4413 D OnStarServiceStateTracker: handlePollStateResult: EVENT_POLL_STATE_REGISTRATION: regCode:1, serviceState:0
04-20 22:57:32.896  4413  4413 D PHONE   : [ServiceState] setVoiceRegState=0
04-20 22:57:32.896  4413  4413 V OnStarServiceStateTracker: handleMessage: EVENT_POLL_STATE_OPERATOR: processing...
04-20 22:57:32.897  4413  4413 D OnStarServiceStateTracker: handlePollStateResult: EVENT_POLL_STATE_OPERATOR: opNames[0]: 'AT&T' opNames[1]: '' opNames[2]: ''
04-20 22:57:32.899  4413  4413 D OnStarServiceStateTracker: pollStateDone: oldSS=[0 1 voice home data home AT&T   AT&T    Unknown Unknown CSS not supported -1 -1 RoamInd=-1 DefRoamInd=-1 EmergOnly=false IsDataRoamingFromRegistration=false] newSS=[0 1 voice home data home AT&T   AT&T    Unknown Unknown CSS not supported -1 -1 RoamInd=-1 DefRoamInd=-1 EmergOnly=false IsDataRoamingFromRegistration=false]
04-20 22:57:32.899  4413  4413 D PHONE   : [ServiceState] setNullState=1
04-20 22:57:32.905  4413  4413 D OnStarServiceStateTracker: pollStateDone: Current OutgoingPhone is not OnStar.
04-20 22:57:35.124  4413  4460 V OnStarCommands: onCellNetInfo: cellNetworkName:AT&T cellNetworkSignal:2 cellNetworkState:0 cellNetworkType: 7
04-20 22:57:35.124  4413  4460 D OnStarCommands: getSignalLevel: 2 -> 6
04-20 22:57:35.124  4413  4460 D OnStarCommands: getVoiceRegState: state = 1
04-20 22:57:35.124  4413  4460 D OnStarCommands: onCellNetInfo: No mVoiceNetworkStateRegistrants to notify
04-20 22:57:35.126  4413  4413 V OnStarServiceStateTracker: handleMessage: SIGNAL STRENGTH event = 12  current phone is not OnStar
04-20 22:57:35.126  4413  4413 V OnStarServiceStateTracker: handleMessage: EVENT_NETWORK_STATE_CHANGED: polling states...
04-20 22:57:35.126  4413  4413 V OnStarServiceStateTracker: pollState
04-20 22:57:35.126  4413  4413 D OnStarCommands: getVoiceRegState: state = 1
04-20 22:57:35.126  4413  4413 D OnStarCommands: getOperator: operatorName = AT&T
04-20 22:57:35.126  4413  4413 V OnStarServiceStateTracker: handleMessage: EVENT_POLL_STATE_REGISTRATION: processing...
04-20 22:57:35.126  4413  4413 D OnStarServiceStateTracker: handlePollStateResult: EVENT_POLL_STATE_REGISTRATION: regCode:1, serviceState:0
04-20 22:57:35.126  4413  4413 D PHONE   : [ServiceState] setVoiceRegState=0
04-20 22:57:35.126  4413  4413 V OnStarServiceStateTracker: handleMessage: EVENT_POLL_STATE_OPERATOR: processing...
04-20 22:57:35.126  4413  4413 D OnStarServiceStateTracker: handlePollStateResult: EVENT_POLL_STATE_OPERATOR: opNames[0]: 'AT&T' opNames[1]: '' opNames[2]: ''
04-20 22:57:35.128  4413  4413 D OnStarServiceStateTracker: pollStateDone: oldSS=[0 1 voice home data home AT&T   AT&T    Unknown Unknown CSS not supported -1 -1 RoamInd=-1 DefRoamInd=-1 EmergOnly=false IsDataRoamingFromRegistration=false] newSS=[0 1 voice home data home AT&T   AT&T    Unknown Unknown CSS not supported -1 -1 RoamInd=-1 DefRoamInd=-1 EmergOnly=false IsDataRoamingFromRegistration=false]
04-20 22:57:35.128  4413  4413 D PHONE   : [ServiceState] setNullState=1
04-20 22:57:35.130  4413  4413 D OnStarServiceStateTracker: pollStateDone: Current OutgoingPhone is not OnStar.
04-20 22:57:39.615  4413  4907 V OnStarCommands: onCellNetInfo: cellNetworkName:AT&T cellNetworkSignal:3 cellNetworkState:0 cellNetworkType: 7
04-20 22:57:39.615  4413  4907 D OnStarCommands: getSignalLevel: 3 -> 8
04-20 22:57:39.615  4413  4907 D OnStarCommands: getVoiceRegState: state = 1
04-20 22:57:39.615  4413  4907 D OnStarCommands: onCellNetInfo: No mVoiceNetworkStateRegistrants to notify
04-20 22:57:39.618  4413  4413 V OnStarServiceStateTracker: handleMessage: SIGNAL STRENGTH event = 12  current phone is not OnStar
04-20 22:57:39.618  4413  4413 V OnStarServiceStateTracker: handleMessage: EVENT_NETWORK_STATE_CHANGED: polling states...
04-20 22:57:39.618  4413  4413 V OnStarServiceStateTracker: pollState
04-20 22:57:39.618  4413  4413 D OnStarCommands: getVoiceRegState: state = 1
04-20 22:57:39.618  4413  4413 D OnStarCommands: getOperator: operatorName = AT&T
04-20 22:57:39.618  4413  4413 V OnStarServiceStateTracker: handleMessage: EVENT_POLL_STATE_REGISTRATION: processing...
04-20 22:57:39.618  4413  4413 D OnStarServiceStateTracker: handlePollStateResult: EVENT_POLL_STATE_REGISTRATION: regCode:1, serviceState:0
04-20 22:57:39.618  4413  4413 D PHONE   : [ServiceState] setVoiceRegState=0
04-20 22:57:39.618  4413  4413 V OnStarServiceStateTracker: handleMessage: EVENT_POLL_STATE_OPERATOR: processing...
04-20 22:57:39.618  4413  4413 D OnStarServiceStateTracker: handlePollStateResult: EVENT_POLL_STATE_OPERATOR: opNames[0]: 'AT&T' opNames[1]: '' opNames[2]: ''
04-20 22:57:39.618  4413  4413 D OnStarServiceStateTracker: pollStateDone: oldSS=[0 1 voice home data home AT&T   AT&T    Unknown Unknown CSS not supported -1 -1 RoamInd=-1 DefRoamInd=-1 EmergOnly=false IsDataRoamingFromRegistration=false] newSS=[0 1 voice home data home AT&T   AT&T    Unknown Unknown CSS not supported -1 -1 RoamInd=-1 DefRoamInd=-1 EmergOnly=false IsDataRoamingFromRegistration=false]
04-20 22:57:39.619  4413  4413 D PHONE   : [ServiceState] setNullState=1
04-20 22:57:39.620  4413  4413 D OnStarServiceStateTracker: pollStateDone: Current OutgoingPhone is not OnStar.
04-20 22:57:41.864  4413  5095 V OnStarCommands: onCellNetInfo: cellNetworkName:AT&T cellNetworkSignal:2 cellNetworkState:0 cellNetworkType: 7
04-20 22:57:41.864  4413  5095 D OnStarCommands: getSignalLevel: 2 -> 6
04-20 22:57:41.864  4413  5095 D OnStarCommands: getVoiceRegState: state = 1
04-20 22:57:41.864  4413  5095 D OnStarCommands: onCellNetInfo: No mVoiceNetworkStateRegistrants to notify
04-20 22:57:41.867  4413  4413 V OnStarServiceStateTracker: handleMessage: SIGNAL STRENGTH event = 12  current phone is not OnStar
04-20 22:57:41.867  4413  4413 V OnStarServiceStateTracker: handleMessage: EVENT_NETWORK_STATE_CHANGED: polling states...
04-20 22:57:41.867  4413  4413 V OnStarServiceStateTracker: pollState
04-20 22:57:41.867  4413  4413 D OnStarCommands: getVoiceRegState: state = 1
04-20 22:57:41.867  4413  4413 D OnStarCommands: getOperator: operatorName = AT&T
04-20 22:57:41.867  4413  4413 V OnStarServiceStateTracker: handleMessage: EVENT_POLL_STATE_REGISTRATION: processing...
04-20 22:57:41.867  4413  4413 D OnStarServiceStateTracker: handlePollStateResult: EVENT_POLL_STATE_REGISTRATION: regCode:1, serviceState:0
04-20 22:57:41.867  4413  4413 D PHONE   : [ServiceState] setVoiceRegState=0
04-20 22:57:41.867  4413  4413 V OnStarServiceStateTracker: handleMessage: EVENT_POLL_STATE_OPERATOR: processing...
04-20 22:57:41.867  4413  4413 D OnStarServiceStateTracker: handlePollStateResult: EVENT_POLL_STATE_OPERATOR: opNames[0]: 'AT&T' opNames[1]: '' opNames[2]: ''
04-20 22:57:41.869  4413  4413 D OnStarServiceStateTracker: pollStateDone: oldSS=[0 1 voice home data home AT&T   AT&T    Unknown Unknown CSS not supported -1 -1 RoamInd=-1 DefRoamInd=-1 EmergOnly=false IsDataRoamingFromRegistration=false] newSS=[0 1 voice home data home AT&T   AT&T    Unknown Unknown CSS not supported -1 -1 RoamInd=-1 DefRoamInd=-1 EmergOnly=false IsDataRoamingFromRegistration=false]
04-20 22:57:41.869  4413  4413 D PHONE   : [ServiceState] setNullState=1
04-20 22:57:41.870  4413  4413 D OnStarServiceStateTracker: pollStateDone: Current OutgoingPhone is not OnStar.
04-20 22:57:57.536  4413  4450 V OnStarCommands: onCellNetInfo: cellNetworkName:AT&T cellNetworkSignal:3 cellNetworkState:0 cellNetworkType: 7
04-20 22:57:57.536  4413  4450 D OnStarCommands: getSignalLevel: 3 -> 8
04-20 22:57:57.536  4413  4450 D OnStarCommands: getVoiceRegState: state = 1
04-20 22:57:57.536  4413  4450 D OnStarCommands: onCellNetInfo: No mVoiceNetworkStateRegistrants to notify
04-20 22:57:57.540  4413  4413 V OnStarServiceStateTracker: handleMessage: SIGNAL STRENGTH event = 12  current phone is not OnStar
04-20 22:57:57.540  4413  4413 V OnStarServiceStateTracker: handleMessage: EVENT_NETWORK_STATE_CHANGED: polling states...
04-20 22:57:57.540  4413  4413 V OnStarServiceStateTracker: pollState
04-20 22:57:57.540  4413  4413 D OnStarCommands: getVoiceRegState: state = 1
04-20 22:57:57.540  4413  4413 D OnStarCommands: getOperator: operatorName = AT&T
04-20 22:57:57.540  4413  4413 V OnStarServiceStateTracker: handleMessage: EVENT_POLL_STATE_REGISTRATION: processing...
04-20 22:57:57.540  4413  4413 D OnStarServiceStateTracker: handlePollStateResult: EVENT_POLL_STATE_REGISTRATION: regCode:1, serviceState:0
04-20 22:57:57.540  4413  4413 D PHONE   : [ServiceState] setVoiceRegState=0
04-20 22:57:57.540  4413  4413 V OnStarServiceStateTracker: handleMessage: EVENT_POLL_STATE_OPERATOR: processing...
04-20 22:57:57.540  4413  4413 D OnStarServiceStateTracker: handlePollStateResult: EVENT_POLL_STATE_OPERATOR: opNames[0]: 'AT&T' opNames[1]: '' opNames[2]: ''
04-20 22:57:57.541  4413  4413 D OnStarServiceStateTracker: pollStateDone: oldSS=[0 1 voice home data home AT&T   AT&T    Unknown Unknown CSS not supported -1 -1 RoamInd=-1 DefRoamInd=-1 EmergOnly=false IsDataRoamingFromRegistration=false] newSS=[0 1 voice home data home AT&T   AT&T    Unknown Unknown CSS not supported -1 -1 RoamInd=-1 DefRoamInd=-1 EmergOnly=false IsDataRoamingFromRegistration=false]
04-20 22:57:57.541  4413  4413 D PHONE   : [ServiceState] setNullState=1
04-20 22:57:57.544  4413  4413 D OnStarServiceStateTracker: pollStateDone: Current OutgoingPhone is not OnStar.
04-20 22:58:02.012  4413  4713 V OnStarCommands: onCellNetInfo: cellNetworkName:AT&T cellNetworkSignal:2 cellNetworkState:0 cellNetworkType: 7
04-20 22:58:02.012  4413  4713 D OnStarCommands: getSignalLevel: 2 -> 6
04-20 22:58:02.012  4413  4713 D OnStarCommands: getVoiceRegState: state = 1
04-20 22:58:02.012  4413  4713 D OnStarCommands: onCellNetInfo: No mVoiceNetworkStateRegistrants to notify
04-20 22:58:02.013  4413  4413 V OnStarServiceStateTracker: handleMessage: SIGNAL STRENGTH event = 12  current phone is not OnStar
04-20 22:58:02.013  4413  4413 V OnStarServiceStateTracker: handleMessage: EVENT_NETWORK_STATE_CHANGED: polling states...
04-20 22:58:02.013  4413  4413 V OnStarServiceStateTracker: pollState
04-20 22:58:02.013  4413  4413 D OnStarCommands: getVoiceRegState: state = 1
04-20 22:58:02.013  4413  4413 D OnStarCommands: getOperator: operatorName = AT&T
04-20 22:58:02.013  4413  4413 V OnStarServiceStateTracker: handleMessage: EVENT_POLL_STATE_REGISTRATION: processing...
04-20 22:58:02.013  4413  4413 D OnStarServiceStateTracker: handlePollStateResult: EVENT_POLL_STATE_REGISTRATION: regCode:1, serviceState:0
04-20 22:58:02.013  4413  4413 D PHONE   : [ServiceState] setVoiceRegState=0
04-20 22:58:02.013  4413  4413 V OnStarServiceStateTracker: handleMessage: EVENT_POLL_STATE_OPERATOR: processing...
04-20 22:58:02.013  4413  4413 D OnStarServiceStateTracker: handlePollStateResult: EVENT_POLL_STATE_OPERATOR: opNames[0]: 'AT&T' opNames[1]: '' opNames[2]: ''
04-20 22:58:02.014  4413  4413 D OnStarServiceStateTracker: pollStateDone: oldSS=[0 1 voice home data home AT&T   AT&T    Unknown Unknown CSS not supported -1 -1 RoamInd=-1 DefRoamInd=-1 EmergOnly=false IsDataRoamingFromRegistration=false] newSS=[0 1 voice home data home AT&T   AT&T    Unknown Unknown CSS not supported -1 -1 RoamInd=-1 DefRoamInd=-1 EmergOnly=false IsDataRoamingFromRegistration=false]
04-20 22:58:02.014  4413  4413 D PHONE   : [ServiceState] setNullState=1
04-20 22:58:02.015  4413  4413 D OnStarServiceStateTracker: pollStateDone: Current OutgoingPhone is not OnStar.
04-20 22:58:10.970  4413  4460 V OnStarCommands: onCellNetInfo: cellNetworkName:AT&T cellNetworkSignal:3 cellNetworkState:0 cellNetworkType: 7
04-20 22:58:10.970  4413  4460 D OnStarCommands: getSignalLevel: 3 -> 8
04-20 22:58:10.970  4413  4460 D OnStarCommands: getVoiceRegState: state = 1
04-20 22:58:10.970  4413  4460 D OnStarCommands: onCellNetInfo: No mVoiceNetworkStateRegistrants to notify
04-20 22:58:10.973  4413  4413 V OnStarServiceStateTracker: handleMessage: SIGNAL STRENGTH event = 12  current phone is not OnStar
04-20 22:58:10.973  4413  4413 V OnStarServiceStateTracker: handleMessage: EVENT_NETWORK_STATE_CHANGED: polling states...
04-20 22:58:10.973  4413  4413 V OnStarServiceStateTracker: pollState
04-20 22:58:10.973  4413  4413 D OnStarCommands: getVoiceRegState: state = 1
04-20 22:58:10.973  4413  4413 D OnStarCommands: getOperator: operatorName = AT&T
04-20 22:58:10.973  4413  4413 V OnStarServiceStateTracker: handleMessage: EVENT_POLL_STATE_REGISTRATION: processing...
04-20 22:58:10.973  4413  4413 D OnStarServiceStateTracker: handlePollStateResult: EVENT_POLL_STATE_REGISTRATION: regCode:1, serviceState:0
04-20 22:58:10.973  4413  4413 D PHONE   : [ServiceState] setVoiceRegState=0
04-20 22:58:10.973  4413  4413 V OnStarServiceStateTracker: handleMessage: EVENT_POLL_STATE_OPERATOR: processing...
04-20 22:58:10.973  4413  4413 D OnStarServiceStateTracker: handlePollStateResult: EVENT_POLL_STATE_OPERATOR: opNames[0]: 'AT&T' opNames[1]: '' opNames[2]: ''
04-20 22:58:10.976  4413  4413 D OnStarServiceStateTracker: pollStateDone: oldSS=[0 1 voice home data home AT&T   AT&T    Unknown Unknown CSS not supported -1 -1 RoamInd=-1 DefRoamInd=-1 EmergOnly=false IsDataRoamingFromRegistration=false] newSS=[0 1 voice home data home AT&T   AT&T    Unknown Unknown CSS not supported -1 -1 RoamInd=-1 DefRoamInd=-1 EmergOnly=false IsDataRoamingFromRegistration=false]
04-20 22:58:10.976  4413  4413 D PHONE   : [ServiceState] setNullState=1
04-20 22:58:10.977  4413  4413 D OnStarServiceStateTracker: pollStateDone: Current OutgoingPhone is not OnStar.
04-20 22:58:15.467  4413  4907 V OnStarCommands: onCellNetInfo: cellNetworkName:AT&T cellNetworkSignal:2 cellNetworkState:0 cellNetworkType: 7
04-20 22:58:15.468  4413  4907 D OnStarCommands: getSignalLevel: 2 -> 6
04-20 22:58:15.468  4413  4907 D OnStarCommands: getVoiceRegState: state = 1
04-20 22:58:15.468  4413  4907 D OnStarCommands: onCellNetInfo: No mVoiceNetworkStateRegistrants to notify
04-20 22:58:15.468  4413  4413 V OnStarServiceStateTracker: handleMessage: SIGNAL STRENGTH event = 12  current phone is not OnStar
04-20 22:58:15.468  4413  4413 V OnStarServiceStateTracker: handleMessage: EVENT_NETWORK_STATE_CHANGED: polling states...
04-20 22:58:15.468  4413  4413 V OnStarServiceStateTracker: pollState
04-20 22:58:15.468  4413  4413 D OnStarCommands: getVoiceRegState: state = 1
04-20 22:58:15.468  4413  4413 D OnStarCommands: getOperator: operatorName = AT&T
04-20 22:58:15.468  4413  4413 V OnStarServiceStateTracker: handleMessage: EVENT_POLL_STATE_REGISTRATION: processing...
04-20 22:58:15.468  4413  4413 D OnStarServiceStateTracker: handlePollStateResult: EVENT_POLL_STATE_REGISTRATION: regCode:1, serviceState:0
04-20 22:58:15.468  4413  4413 D PHONE   : [ServiceState] setVoiceRegState=0
04-20 22:58:15.468  4413  4413 V OnStarServiceStateTracker: handleMessage: EVENT_POLL_STATE_OPERATOR: processing...
04-20 22:58:15.468  4413  4413 D OnStarServiceStateTracker: handlePollStateResult: EVENT_POLL_STATE_OPERATOR: opNames[0]: 'AT&T' opNames[1]: '' opNames[2]: ''
04-20 22:58:15.469  4413  4413 D OnStarServiceStateTracker: pollStateDone: oldSS=[0 1 voice home data home AT&T   AT&T    Unknown Unknown CSS not supported -1 -1 RoamInd=-1 DefRoamInd=-1 EmergOnly=false IsDataRoamingFromRegistration=false] newSS=[0 1 voice home data home AT&T   AT&T    Unknown Unknown CSS not supported -1 -1 RoamInd=-1 DefRoamInd=-1 EmergOnly=false IsDataRoamingFromRegistration=false]
04-20 22:58:15.469  4413  4413 D PHONE   : [ServiceState] setNullState=1
04-20 22:58:15.469  4413  4413 D OnStarServiceStateTracker: pollStateDone: Current OutgoingPhone is not OnStar.
04-20 22:59:02.492  4413  5095 V OnStarCommands: onCellNetInfo: cellNetworkName:AT&T cellNetworkSignal:3 cellNetworkState:0 cellNetworkType: 7
04-20 22:59:02.492  4413  5095 D OnStarCommands: getSignalLevel: 3 -> 8
04-20 22:59:02.492  4413  5095 D OnStarCommands: getVoiceRegState: state = 1
04-20 22:59:02.492  4413  5095 D OnStarCommands: onCellNetInfo: No mVoiceNetworkStateRegistrants to notify
04-20 22:59:02.496  4413  4413 V OnStarServiceStateTracker: handleMessage: SIGNAL STRENGTH event = 12  current phone is not OnStar
04-20 22:59:02.496  4413  4413 V OnStarServiceStateTracker: handleMessage: EVENT_NETWORK_STATE_CHANGED: polling states...
04-20 22:59:02.496  4413  4413 V OnStarServiceStateTracker: pollState
