04-20 23:03:02.569  4413  4907 W OnStarPhone: getVoiceMailNumber() -> 16195818012
04-20 23:03:02.575  4413  4450 W OnStarPhone: getVoiceMailNumber() -> 16195818012
04-20 23:03:02.577  4413  4460 W OnStarPhone: getVoiceMailNumber() -> 16195818012
04-20 23:03:02.582  4413  5095 W OnStarPhone: getVoiceMailNumber() -> 16195818012
04-20 23:03:02.585  4413  4713 W OnStarPhone: getVoiceMailNumber() -> 16195818012
04-20 23:03:02.602  4413  4907 W OnStarPhone: getVoiceMailNumber() -> 16195818012
04-20 23:03:02.605  4413  4450 W OnStarPhone: getVoiceMailNumber() -> 16195818012
04-20 23:03:02.609  4413  4460 W OnStarPhone: getVoiceMailNumber() -> 16195818012
04-20 23:03:02.613  4413  5095 W OnStarPhone: getVoiceMailNumber() -> 16195818012
04-20 23:03:02.617  4413  4713 W OnStarPhone: getVoiceMailNumber() -> 16195818012
04-20 23:03:02.622  4413  4907 W OnStarPhone: getVoiceMailNumber() -> 16195818012
04-20 23:03:02.627  4413  4450 W OnStarPhone: getVoiceMailNumber() -> 16195818012
04-20 23:03:02.633  4413  4460 W OnStarPhone: getVoiceMailNumber() -> 16195818012
04-20 23:03:02.642  4413  5095 W OnStarPhone: getVoiceMailNumber() -> 16195818012
04-20 23:03:02.648  4413  4713 W OnStarPhone: getVoiceMailNumber() -> 16195818012
04-20 23:03:02.656  4413  4907 W OnStarPhone: getVoiceMailNumber() -> 16195818012
04-20 23:03:02.658  4413  4450 W OnStarPhone: getVoiceMailNumber() -> 16195818012
04-20 23:03:02.661  4413  4460 W OnStarPhone: getVoiceMailNumber() -> 16195818012
04-20 23:03:02.664  4413  5095 W OnStarPhone: getVoiceMailNumber() -> 16195818012
04-20 23:03:02.668  4413  4713 W OnStarPhone: getVoiceMailNumber() -> 16195818012
04-20 23:03:02.670  4413  4907 W OnStarPhone: getVoiceMailNumber() -> 16195818012
04-20 23:03:13.033  4413  4713 D SubscriptionController: [getPhoneId] asked for default subId=1
04-20 23:03:19.292  4413  4460 D SubscriptionController: [getPhoneId] asked for default subId=1
04-20 23:03:23.238  4413  4907 D SubscriptionController: [getPhoneId] asked for default subId=1
04-20 23:03:27.161  2933 32607 E KPI-ONSTAR|: Advisor call dialed out by CSM at |77221760
04-20 23:03:27.243  4413  4450 D OnStarCommands: onCallSessionStatus:  callSession:1,  hasCallSession:true
04-20 23:03:27.252  4413  4713 V OnStarCommands: onCallSessionStarted: callSession:1, hasCallSession:true
04-20 23:03:27.252  4413  4713 I OnStarCommands: onCallSessionStarted: Ignoring non-personal call: callsession:1
04-20 23:03:27.267  4413  4460 V OnStarCommands: onCallState: callState:CALL_STATE_DIALING, hasCallState:true
04-20 23:03:27.267  4413  4460 I OnStarCommands: onCallState: No active personal call session, ignoring state event...
04-20 23:03:27.284  4413  4907 V OnStarCommands: onLocationShared
04-20 23:03:29.075  4413  5095 V OnStarCommands: onCellNetInfo: cellNetworkName:AT&T cellNetworkSignal:3 cellNetworkState:0 cellNetworkType: 7
04-20 23:03:29.075  4413  5095 D OnStarCommands: getSignalLevel: 3 -> 8
04-20 23:03:29.075  4413  5095 D OnStarCommands: getVoiceRegState: state = 1
04-20 23:03:29.075  4413  5095 D OnStarCommands: onCellNetInfo: No mVoiceNetworkStateRegistrants to notify
04-20 23:03:29.080  4413  4413 V OnStarServiceStateTracker: handleMessage: SIGNAL STRENGTH event = 12  current phone is not OnStar
04-20 23:03:29.080  4413  4413 V OnStarServiceStateTracker: handleMessage: EVENT_NETWORK_STATE_CHANGED: polling states...
04-20 23:03:29.080  4413  4413 V OnStarServiceStateTracker: pollState
04-20 23:03:29.080  4413  4413 D OnStarCommands: getVoiceRegState: state = 1
04-20 23:03:29.080  4413  4413 D OnStarCommands: getOperator: operatorName = AT&T
04-20 23:03:29.080  4413  4413 V OnStarServiceStateTracker: handleMessage: EVENT_POLL_STATE_REGISTRATION: processing...
04-20 23:03:29.080  4413  4413 D OnStarServiceStateTracker: handlePollStateResult: EVENT_POLL_STATE_REGISTRATION: regCode:1, serviceState:0
04-20 23:03:29.080  4413  4413 D PHONE   : [ServiceState] setVoiceRegState=0
04-20 23:03:29.080  4413  4413 V OnStarServiceStateTracker: handleMessage: EVENT_POLL_STATE_OPERATOR: processing...
04-20 23:03:29.080  4413  4413 D OnStarServiceStateTracker: handlePollStateResult: EVENT_POLL_STATE_OPERATOR: opNames[0]: 'AT&T' opNames[1]: '' opNames[2]: ''
04-20 23:03:29.081  4413  4413 D OnStarServiceStateTracker: pollStateDone: oldSS=[0 1 voice home data home AT&T   AT&T    Unknown Unknown CSS not supported -1 -1 RoamInd=-1 DefRoamInd=-1 EmergOnly=false IsDataRoamingFromRegistration=false] newSS=[0 1 voice home data home AT&T   AT&T    Unknown Unknown CSS not supported -1 -1 RoamInd=-1 DefRoamInd=-1 EmergOnly=false IsDataRoamingFromRegistration=false]
04-20 23:03:29.081  4413  4413 D PHONE   : [ServiceState] setNullState=1
04-20 23:03:29.084  4413  4413 D OnStarServiceStateTracker: pollStateDone: Current OutgoingPhone is not OnStar.
04-20 23:03:29.895  4413  4713 V OnStarCommands: onCallState: callState:CALL_STATE_IDLE, hasCallState:true
04-20 23:03:29.895  4413  4713 I OnStarCommands: onCallState: No active personal call session, ignoring state event...
04-20 23:03:29.937  4413  4460 V OnStarCommands: onCallSessionEnded: callSession:1, reason:1
04-20 23:03:29.937  4413  4460 I OnStarCommands: onCallSessionEnded: Ignoring non-personal call: callsession:1
04-20 23:03:29.938  4413  4460 D OnStarCommands: onCallSessionStatus:  callSession:0,  hasCallSession:true
04-20 23:03:33.555  4413  4907 V OnStarCommands: onCellNetInfo: cellNetworkName:AT&T cellNetworkSignal:2 cellNetworkState:0 cellNetworkType: 7
04-20 23:03:33.555  4413  4907 D OnStarCommands: getSignalLevel: 2 -> 6
04-20 23:03:33.555  4413  4907 D OnStarCommands: getVoiceRegState: state = 1
04-20 23:03:33.555  4413  4907 D OnStarCommands: onCellNetInfo: No mVoiceNetworkStateRegistrants to notify
04-20 23:03:33.561  4413  4413 V OnStarServiceStateTracker: handleMessage: SIGNAL STRENGTH event = 12  current phone is not OnStar
04-20 23:03:33.561  4413  4413 V OnStarServiceStateTracker: handleMessage: EVENT_NETWORK_STATE_CHANGED: polling states...
04-20 23:03:33.561  4413  4413 V OnStarServiceStateTracker: pollState
04-20 23:03:33.561  4413  4413 D OnStarCommands: getVoiceRegState: state = 1
04-20 23:03:33.561  4413  4413 D OnStarCommands: getOperator: operatorName = AT&T
04-20 23:03:33.561  4413  4413 V OnStarServiceStateTracker: handleMessage: EVENT_POLL_STATE_REGISTRATION: processing...
04-20 23:03:33.561  4413  4413 D OnStarServiceStateTracker: handlePollStateResult: EVENT_POLL_STATE_REGISTRATION: regCode:1, serviceState:0
04-20 23:03:33.561  4413  4413 D PHONE   : [ServiceState] setVoiceRegState=0
04-20 23:03:33.561  4413  4413 V OnStarServiceStateTracker: handleMessage: EVENT_POLL_STATE_OPERATOR: processing...
04-20 23:03:33.561  4413  4413 D OnStarServiceStateTracker: handlePollStateResult: EVENT_POLL_STATE_OPERATOR: opNames[0]: 'AT&T' opNames[1]: '' opNames[2]: ''
04-20 23:03:33.574  4413  4413 D OnStarServiceStateTracker: pollStateDone: oldSS=[0 1 voice home data home AT&T   AT&T    Unknown Unknown CSS not supported -1 -1 RoamInd=-1 DefRoamInd=-1 EmergOnly=false IsDataRoamingFromRegistration=false] newSS=[0 1 voice home data home AT&T   AT&T    Unknown Unknown CSS not supported -1 -1 RoamInd=-1 DefRoamInd=-1 EmergOnly=false IsDataRoamingFromRegistration=false]
04-20 23:03:33.574  4413  4413 D PHONE   : [ServiceState] setNullState=1
04-20 23:03:33.575  4413  4413 D OnStarServiceStateTracker: pollStateDone: Current OutgoingPhone is not OnStar.
04-20 23:03:35.778  4413  5095 V OnStarCommands: onCellNetInfo: cellNetworkName:AT&T cellNetworkSignal:3 cellNetworkState:0 cellNetworkType: 7
04-20 23:03:35.778  4413  5095 D OnStarCommands: getSignalLevel: 3 -> 8
04-20 23:03:35.778  4413  5095 D OnStarCommands: getVoiceRegState: state = 1
04-20 23:03:35.778  4413  5095 D OnStarCommands: onCellNetInfo: No mVoiceNetworkStateRegistrants to notify
04-20 23:03:35.782  4413  4413 V OnStarServiceStateTracker: handleMessage: SIGNAL STRENGTH event = 12  current phone is not OnStar
04-20 23:03:35.782  4413  4413 V OnStarServiceStateTracker: handleMessage: EVENT_NETWORK_STATE_CHANGED: polling states...
04-20 23:03:35.782  4413  4413 V OnStarServiceStateTracker: pollState
04-20 23:03:35.782  4413  4413 D OnStarCommands: getVoiceRegState: state = 1
04-20 23:03:35.782  4413  4413 D OnStarCommands: getOperator: operatorName = AT&T
04-20 23:03:35.782  4413  4413 V OnStarServiceStateTracker: handleMessage: EVENT_POLL_STATE_REGISTRATION: processing...
04-20 23:03:35.782  4413  4413 D OnStarServiceStateTracker: handlePollStateResult: EVENT_POLL_STATE_REGISTRATION: regCode:1, serviceState:0
04-20 23:03:35.782  4413  4413 D PHONE   : [ServiceState] setVoiceRegState=0
04-20 23:03:35.782  4413  4413 V OnStarServiceStateTracker: handleMessage: EVENT_POLL_STATE_OPERATOR: processing...
04-20 23:03:35.782  4413  4413 D OnStarServiceStateTracker: handlePollStateResult: EVENT_POLL_STATE_OPERATOR: opNames[0]: 'AT&T' opNames[1]: '' opNames[2]: ''
04-20 23:03:35.782  4413  4413 D OnStarServiceStateTracker: pollStateDone: oldSS=[0 1 voice home data home AT&T   AT&T    Unknown Unknown CSS not supported -1 -1 RoamInd=-1 DefRoamInd=-1 EmergOnly=false IsDataRoamingFromRegistration=false] newSS=[0 1 voice home data home AT&T   AT&T    Unknown Unknown CSS not supported -1 -1 RoamInd=-1 DefRoamInd=-1 EmergOnly=false IsDataRoamingFromRegistration=false]
04-20 23:03:35.782  4413  4413 D PHONE   : [ServiceState] setNullState=1
04-20 23:03:35.787  4413  4413 D OnStarServiceStateTracker: pollStateDone: Current OutgoingPhone is not OnStar.
04-20 23:03:38.026  4413  4450 V OnStarCommands: onCellNetInfo: cellNetworkName:AT&T cellNetworkSignal:2 cellNetworkState:0 cellNetworkType: 7
04-20 23:03:38.026  4413  4450 D OnStarCommands: getSignalLevel: 2 -> 6
04-20 23:03:38.026  4413  4450 D OnStarCommands: getVoiceRegState: state = 1
04-20 23:03:38.026  4413  4450 D OnStarCommands: onCellNetInfo: No mVoiceNetworkStateRegistrants to notify
04-20 23:03:38.028  4413  4413 V OnStarServiceStateTracker: handleMessage: SIGNAL STRENGTH event = 12  current phone is not OnStar
04-20 23:03:38.028  4413  4413 V OnStarServiceStateTracker: handleMessage: EVENT_NETWORK_STATE_CHANGED: polling states...
04-20 23:03:38.028  4413  4413 V OnStarServiceStateTracker: pollState
04-20 23:03:38.028  4413  4413 D OnStarCommands: getVoiceRegState: state = 1
04-20 23:03:38.028  4413  4413 D OnStarCommands: getOperator: operatorName = AT&T
04-20 23:03:38.028  4413  4413 V OnStarServiceStateTracker: handleMessage: EVENT_POLL_STATE_REGISTRATION: processing...
04-20 23:03:38.028  4413  4413 D OnStarServiceStateTracker: handlePollStateResult: EVENT_POLL_STATE_REGISTRATION: regCode:1, serviceState:0
04-20 23:03:38.028  4413  4413 D PHONE   : [ServiceState] setVoiceRegState=0
04-20 23:03:38.028  4413  4413 V OnStarServiceStateTracker: handleMessage: EVENT_POLL_STATE_OPERATOR: processing...
04-20 23:03:38.028  4413  4413 D OnStarServiceStateTracker: handlePollStateResult: EVENT_POLL_STATE_OPERATOR: opNames[0]: 'AT&T' opNames[1]: '' opNames[2]: ''
04-20 23:03:38.028  4413  4413 D OnStarServiceStateTracker: pollStateDone: oldSS=[0 1 voice home data home AT&T   AT&T    Unknown Unknown CSS not supported -1 -1 RoamInd=-1 DefRoamInd=-1 EmergOnly=false IsDataRoamingFromRegistration=false] newSS=[0 1 voice home data home AT&T   AT&T    Unknown Unknown CSS not supported -1 -1 RoamInd=-1 DefRoamInd=-1 EmergOnly=false IsDataRoamingFromRegistration=false]
04-20 23:03:38.028  4413  4413 D PHONE   : [ServiceState] setNullState=1
04-20 23:03:38.032  4413  4413 D OnStarServiceStateTracker: pollStateDone: Current OutgoingPhone is not OnStar.
04-20 23:03:40.533  4413  4713 D SubscriptionController: [getPhoneId] asked for default subId=1
04-20 23:03:41.880  4413  4450 D SubscriptionController: [getPhoneId] asked for default subId=1
04-20 23:03:42.512  4413  4713 V OnStarCommands: onCellNetInfo: cellNetworkName:AT&T cellNetworkSignal:3 cellNetworkState:0 cellNetworkType: 7
04-20 23:03:42.512  4413  4713 D OnStarCommands: getSignalLevel: 3 -> 8
04-20 23:03:42.512  4413  4713 D OnStarCommands: getVoiceRegState: state = 1
04-20 23:03:42.512  4413  4713 D OnStarCommands: onCellNetInfo: No mVoiceNetworkStateRegistrants to notify
04-20 23:03:42.515  4413  4413 V OnStarServiceStateTracker: handleMessage: SIGNAL STRENGTH event = 12  current phone is not OnStar
04-20 23:03:42.515  4413  4413 V OnStarServiceStateTracker: handleMessage: EVENT_NETWORK_STATE_CHANGED: polling states...
04-20 23:03:42.516  4413  4413 V OnStarServiceStateTracker: pollState
04-20 23:03:42.516  4413  4413 D OnStarCommands: getVoiceRegState: state = 1
04-20 23:03:42.516  4413  4413 D OnStarCommands: getOperator: operatorName = AT&T
04-20 23:03:42.516  4413  4413 V OnStarServiceStateTracker: handleMessage: EVENT_POLL_STATE_REGISTRATION: processing...
04-20 23:03:42.516  4413  4413 D OnStarServiceStateTracker: handlePollStateResult: EVENT_POLL_STATE_REGISTRATION: regCode:1, serviceState:0
04-20 23:03:42.516  4413  4413 D PHONE   : [ServiceState] setVoiceRegState=0
04-20 23:03:42.516  4413  4413 V OnStarServiceStateTracker: handleMessage: EVENT_POLL_STATE_OPERATOR: processing...
04-20 23:03:42.516  4413  4413 D OnStarServiceStateTracker: handlePollStateResult: EVENT_POLL_STATE_OPERATOR: opNames[0]: 'AT&T' opNames[1]: '' opNames[2]: ''
04-20 23:03:42.517  4413  4413 D OnStarServiceStateTracker: pollStateDone: oldSS=[0 1 voice home data home AT&T   AT&T    Unknown Unknown CSS not supported -1 -1 RoamInd=-1 DefRoamInd=-1 EmergOnly=false IsDataRoamingFromRegistration=false] newSS=[0 1 voice home data home AT&T   AT&T    Unknown Unknown CSS not supported -1 -1 RoamInd=-1 DefRoamInd=-1 EmergOnly=false IsDataRoamingFromRegistration=false]
04-20 23:03:42.517  4413  4413 D PHONE   : [ServiceState] setNullState=1
04-20 23:03:42.518  4413  4413 D OnStarServiceStateTracker: pollStateDone: Current OutgoingPhone is not OnStar.
04-20 23:03:44.548  4413  4460 D SubscriptionController: [getPhoneId] asked for default subId=1
04-20 23:03:44.738  4413  4713 V OnStarCommands: onCellNetInfo: cellNetworkName:AT&T cellNetworkSignal:2 cellNetworkState:0 cellNetworkType: 7
04-20 23:03:44.739  4413  4713 D OnStarCommands: getSignalLevel: 2 -> 6
04-20 23:03:44.739  4413  4713 D OnStarCommands: getVoiceRegState: state = 1
04-20 23:03:44.739  4413  4713 D OnStarCommands: onCellNetInfo: No mVoiceNetworkStateRegistrants to notify
04-20 23:03:44.748  4413  4413 V OnStarServiceStateTracker: handleMessage: SIGNAL STRENGTH event = 12  current phone is not OnStar
04-20 23:03:44.748  4413  4413 V OnStarServiceStateTracker: handleMessage: EVENT_NETWORK_STATE_CHANGED: polling states...
04-20 23:03:44.748  4413  4413 V OnStarServiceStateTracker: pollState
04-20 23:03:44.748  4413  4413 D OnStarCommands: getVoiceRegState: state = 1
04-20 23:03:44.748  4413  4413 D OnStarCommands: getOperator: operatorName = AT&T
04-20 23:03:44.748  4413  4413 V OnStarServiceStateTracker: handleMessage: EVENT_POLL_STATE_REGISTRATION: processing...
04-20 23:03:44.748  4413  4413 D OnStarServiceStateTracker: handlePollStateResult: EVENT_POLL_STATE_REGISTRATION: regCode:1, serviceState:0
04-20 23:03:44.748  4413  4413 D PHONE   : [ServiceState] setVoiceRegState=0
04-20 23:03:44.748  4413  4413 V OnStarServiceStateTracker: handleMessage: EVENT_POLL_STATE_OPERATOR: processing...
04-20 23:03:44.748  4413  4413 D OnStarServiceStateTracker: handlePollStateResult: EVENT_POLL_STATE_OPERATOR: opNames[0]: 'AT&T' opNames[1]: '' opNames[2]: ''
04-20 23:03:44.760  4413  4413 D OnStarServiceStateTracker: pollStateDone: oldSS=[0 1 voice home data home AT&T   AT&T    Unknown Unknown CSS not supported -1 -1 RoamInd=-1 DefRoamInd=-1 EmergOnly=false IsDataRoamingFromRegistration=false] newSS=[0 1 voice home data home AT&T   AT&T    Unknown Unknown CSS not supported -1 -1 RoamInd=-1 DefRoamInd=-1 EmergOnly=false IsDataRoamingFromRegistration=false]
04-20 23:03:44.760  4413  4413 D PHONE   : [ServiceState] setNullState=1
04-20 23:03:44.771  4413  4413 D OnStarServiceStateTracker: pollStateDone: Current OutgoingPhone is not OnStar.
04-20 23:04:03.849  4413  4413 D PhoneProxyGM: SetPhoneBaseToOnStarReceiver: phoneName: OnStar
04-20 23:04:03.851  4413  4413 D PhoneProxyGM: switchPhone: phoneType:7
04-20 23:04:03.851  4413  4413 D PhoneProxyGM: handleMessage: EVENT_GM_SWITCH_PHONE_BASE: phoneType:7
04-20 23:04:03.851  4413  4413 I PhoneProxyGM: switchPhoneBase: New phone same as old phone (OnStar), ignoring phone switch
04-20 23:04:03.854  2754  2754 D PhoneNumberUtils: subId:1, defaultCountryIso:US
04-20 23:04:03.854  2754  2754 D PhoneNumberUtils: slotId:0, emergencyNumbers: 
04-20 23:04:03.854  2754  2754 D PhoneNumberUtils: System property doesn't provide any emergency numbers. Use embedded logic for determining ones.
04-20 23:04:03.854  2754  2754 D PhoneNumberUtils: Active phone base from System table: 7
04-20 23:04:03.854  2754  2754 D PhoneNumberUtils: emergencyNumbers: 112,911,000,08,110,118,119,999,120,997,998,060,061,062,063,064,065,066,067,068,069,080,081,082,083,084,085,086,087,088,089
04-20 23:04:03.862  2754  2754 D PhoneNumberUtils: subId:1, defaultCountryIso:US
04-20 23:04:03.862  2754  2754 D PhoneNumberUtils: slotId:0, emergencyNumbers: 
04-20 23:04:03.862  2754  2754 D PhoneNumberUtils: System property doesn't provide any emergency numbers. Use embedded logic for determining ones.
04-20 23:04:03.863  2754  2754 D PhoneNumberUtils: Active phone base from System table: 7
04-20 23:04:03.863  2754  2754 D PhoneNumberUtils: emergencyNumbers: 112,911,000,08,110,118,119,999,120,997,998,060,061,062,063,064,065,066,067,068,069,080,081,082,083,084,085,086,087,088,089
04-20 23:04:03.909  2754  2754 D PhoneNumberUtils: subId:1, defaultCountryIso:US
04-20 23:04:03.912  2754  2754 D PhoneNumberUtils: slotId:0, emergencyNumbers: 
04-20 23:04:03.912  2754  2754 D PhoneNumberUtils: System property doesn't provide any emergency numbers. Use embedded logic for determining ones.
04-20 23:04:03.912  2754  2754 D PhoneNumberUtils: Active phone base from System table: 7
04-20 23:04:03.912  2754  2754 D PhoneNumberUtils: emergencyNumbers: 112,911,000,08,110,118,119,999,120,997,998,060,061,062,063,064,065,066,067,068,069,080,081,082,083,084,085,086,087,088,089
04-20 23:04:03.916  4413  4460 W OnStarPhone: getVoiceMailNumber() -> 16195818012
04-20 23:04:09.389  4413  5095 V OnStarCommands: onCellNetInfo: cellNetworkName:AT&T cellNetworkSignal:3 cellNetworkState:0 cellNetworkType: 7
04-20 23:04:09.389  4413  5095 D OnStarCommands: getSignalLevel: 3 -> 8
04-20 23:04:09.389  4413  5095 D OnStarCommands: getVoiceRegState: state = 1
04-20 23:04:09.389  4413  5095 D OnStarCommands: onCellNetInfo: No mVoiceNetworkStateRegistrants to notify
04-20 23:04:09.392  4413  4413 V OnStarServiceStateTracker: handleMessage: SIGNAL STRENGTH event = 12  current phone is not OnStar
04-20 23:04:09.392  4413  4413 V OnStarServiceStateTracker: handleMessage: EVENT_NETWORK_STATE_CHANGED: polling states...
04-20 23:04:09.392  4413  4413 V OnStarServiceStateTracker: pollState
04-20 23:04:09.392  4413  4413 D OnStarCommands: getVoiceRegState: state = 1
04-20 23:04:09.392  4413  4413 D OnStarCommands: getOperator: operatorName = AT&T
04-20 23:04:09.392  4413  4413 V OnStarServiceStateTracker: handleMessage: EVENT_POLL_STATE_REGISTRATION: processing...
04-20 23:04:09.392  4413  4413 D OnStarServiceStateTracker: handlePollStateResult: EVENT_POLL_STATE_REGISTRATION: regCode:1, serviceState:0
04-20 23:04:09.392  4413  4413 D PHONE   : [ServiceState] setVoiceRegState=0
04-20 23:04:09.396  4413  4413 V OnStarServiceStateTracker: handleMessage: EVENT_POLL_STATE_OPERATOR: processing...
04-20 23:04:09.396  4413  4413 D OnStarServiceStateTracker: handlePollStateResult: EVENT_POLL_STATE_OPERATOR: opNames[0]: 'AT&T' opNames[1]: '' opNames[2]: ''
04-20 23:04:09.400  4413  4413 D OnStarServiceStateTracker: pollStateDone: oldSS=[0 1 voice home data home AT&T   AT&T    Unknown Unknown CSS not supported -1 -1 RoamInd=-1 DefRoamInd=-1 EmergOnly=false IsDataRoamingFromRegistration=false] newSS=[0 1 voice home data home AT&T   AT&T    Unknown Unknown CSS not supported -1 -1 RoamInd=-1 DefRoamInd=-1 EmergOnly=false IsDataRoamingFromRegistration=false]
04-20 23:04:09.400  4413  4413 D PHONE   : [ServiceState] setNullState=1
04-20 23:04:09.401  4413  4413 D OnStarServiceStateTracker: pollStateDone: Current OutgoingPhone is not OnStar.
04-20 23:04:11.637  4413  4450 V OnStarCommands: onCellNetInfo: cellNetworkName:AT&T cellNetworkSignal:2 cellNetworkState:0 cellNetworkType: 7
04-20 23:04:11.637  4413  4450 D OnStarCommands: getSignalLevel: 2 -> 6
04-20 23:04:11.637  4413  4450 D OnStarCommands: getVoiceRegState: state = 1
04-20 23:04:11.637  4413  4450 D OnStarCommands: onCellNetInfo: No mVoiceNetworkStateRegistrants to notify
04-20 23:04:11.639  4413  4413 V OnStarServiceStateTracker: handleMessage: SIGNAL STRENGTH event = 12  current phone is not OnStar
04-20 23:04:11.639  4413  4413 V OnStarServiceStateTracker: handleMessage: EVENT_NETWORK_STATE_CHANGED: polling states...
04-20 23:04:11.639  4413  4413 V OnStarServiceStateTracker: pollState
04-20 23:04:11.639  4413  4413 D OnStarCommands: getVoiceRegState: state = 1
04-20 23:04:11.639  4413  4413 D OnStarCommands: getOperator: operatorName = AT&T
04-20 23:04:11.639  4413  4413 V OnStarServiceStateTracker: handleMessage: EVENT_POLL_STATE_REGISTRATION: processing...
04-20 23:04:11.639  4413  4413 D OnStarServiceStateTracker: handlePollStateResult: EVENT_POLL_STATE_REGISTRATION: regCode:1, serviceState:0
04-20 23:04:11.639  4413  4413 D PHONE   : [ServiceState] setVoiceRegState=0
04-20 23:04:11.639  4413  4413 V OnStarServiceStateTracker: handleMessage: EVENT_POLL_STATE_OPERATOR: processing...
04-20 23:04:11.639  4413  4413 D OnStarServiceStateTracker: handlePollStateResult: EVENT_POLL_STATE_OPERATOR: opNames[0]: 'AT&T' opNames[1]: '' opNames[2]: ''
04-20 23:04:11.640  4413  4413 D OnStarServiceStateTracker: pollStateDone: oldSS=[0 1 voice home data home AT&T   AT&T    Unknown Unknown CSS not supported -1 -1 RoamInd=-1 DefRoamInd=-1 EmergOnly=false IsDataRoamingFromRegistration=false] newSS=[0 1 voice home data home AT&T   AT&T    Unknown Unknown CSS not supported -1 -1 RoamInd=-1 DefRoamInd=-1 EmergOnly=false IsDataRoamingFromRegistration=false]
04-20 23:04:11.640  4413  4413 D PHONE   : [ServiceState] setNullState=1
04-20 23:04:11.648  4413  4413 D OnStarServiceStateTracker: pollStateDone: Current OutgoingPhone is not OnStar.
04-20 23:04:27.306  4413  5095 V OnStarCommands: onCellNetInfo: cellNetworkName:AT&T cellNetworkSignal:3 cellNetworkState:0 cellNetworkType: 7
04-20 23:04:27.307  4413  5095 D OnStarCommands: getSignalLevel: 3 -> 8
04-20 23:04:27.307  4413  5095 D OnStarCommands: getVoiceRegState: state = 1
04-20 23:04:27.307  4413  5095 D OnStarCommands: onCellNetInfo: No mVoiceNetworkStateRegistrants to notify
04-20 23:04:27.316  4413  4413 V OnStarServiceStateTracker: handleMessage: SIGNAL STRENGTH event = 12  current phone is not OnStar
04-20 23:04:27.317  4413  4413 V OnStarServiceStateTracker: handleMessage: EVENT_NETWORK_STATE_CHANGED: polling states...
04-20 23:04:27.317  4413  4413 V OnStarServiceStateTracker: pollState
04-20 23:04:27.317  4413  4413 D OnStarCommands: getVoiceRegState: state = 1
04-20 23:04:27.317  4413  4413 D OnStarCommands: getOperator: operatorName = AT&T
04-20 23:04:27.317  4413  4413 V OnStarServiceStateTracker: handleMessage: EVENT_POLL_STATE_REGISTRATION: processing...
04-20 23:04:27.317  4413  4413 D OnStarServiceStateTracker: handlePollStateResult: EVENT_POLL_STATE_REGISTRATION: regCode:1, serviceState:0
04-20 23:04:27.317  4413  4413 D PHONE   : [ServiceState] setVoiceRegState=0
04-20 23:04:27.317  4413  4413 V OnStarServiceStateTracker: handleMessage: EVENT_POLL_STATE_OPERATOR: processing...
04-20 23:04:27.317  4413  4413 D OnStarServiceStateTracker: handlePollStateResult: EVENT_POLL_STATE_OPERATOR: opNames[0]: 'AT&T' opNames[1]: '' opNames[2]: ''
04-20 23:04:27.320  4413  4413 D OnStarServiceStateTracker: pollStateDone: oldSS=[0 1 voice home data home AT&T   AT&T    Unknown Unknown CSS not supported -1 -1 RoamInd=-1 DefRoamInd=-1 EmergOnly=false IsDataRoamingFromRegistration=false] newSS=[0 1 voice home data home AT&T   AT&T    Unknown Unknown CSS not supported -1 -1 RoamInd=-1 DefRoamInd=-1 EmergOnly=false IsDataRoamingFromRegistration=false]
04-20 23:04:27.320  4413  4413 D PHONE   : [ServiceState] setNullState=1
04-20 23:04:27.326  4413  4413 D OnStarServiceStateTracker: pollStateDone: Current OutgoingPhone is not OnStar.
04-20 23:04:29.000  2933 32607 E KPI-ONSTAR|: Advisor call dialed out by CSM at |77283600
04-20 23:04:29.061  4413  4713 D OnStarCommands: onCallSessionStatus:  callSession:1,  hasCallSession:true
04-20 23:04:29.068  4413  4460 V OnStarCommands: onCallSessionStarted: callSession:1, hasCallSession:true
04-20 23:04:29.068  4413  4460 I OnStarCommands: onCallSessionStarted: Ignoring non-personal call: callsession:1
04-20 23:04:29.077  4413  4907 V OnStarCommands: onCallState: callState:CALL_STATE_DIALING, hasCallState:true
04-20 23:04:29.077  4413  4907 I OnStarCommands: onCallState: No active personal call session, ignoring state event...
04-20 23:04:29.079  4413  5095 V OnStarCommands: onLocationShared
04-20 23:04:29.540  4413  4713 V OnStarCommands: onCellNetInfo: cellNetworkName:AT&T cellNetworkSignal:2 cellNetworkState:0 cellNetworkType: 7
04-20 23:04:29.540  4413  4713 D OnStarCommands: getSignalLevel: 2 -> 6
04-20 23:04:29.540  4413  4713 D OnStarCommands: getVoiceRegState: state = 1
04-20 23:04:29.541  4413  4713 D OnStarCommands: onCellNetInfo: No mVoiceNetworkStateRegistrants to notify
04-20 23:04:29.542  4413  4413 V OnStarServiceStateTracker: handleMessage: SIGNAL STRENGTH event = 12  current phone is not OnStar
04-20 23:04:29.542  4413  4413 V OnStarServiceStateTracker: handleMessage: EVENT_NETWORK_STATE_CHANGED: polling states...
04-20 23:04:29.542  4413  4413 V OnStarServiceStateTracker: pollState
04-20 23:04:29.542  4413  4413 D OnStarCommands: getVoiceRegState: state = 1
04-20 23:04:29.542  4413  4413 D OnStarCommands: getOperator: operatorName = AT&T
04-20 23:04:29.542  4413  4413 V OnStarServiceStateTracker: handleMessage: EVENT_POLL_STATE_REGISTRATION: processing...
04-20 23:04:29.542  4413  4413 D OnStarServiceStateTracker: handlePollStateResult: EVENT_POLL_STATE_REGISTRATION: regCode:1, serviceState:0
04-20 23:04:29.542  4413  4413 D PHONE   : [ServiceState] setVoiceRegState=0
04-20 23:04:29.542  4413  4413 V OnStarServiceStateTracker: handleMessage: EVENT_POLL_STATE_OPERATOR: processing...
04-20 23:04:29.542  4413  4413 D OnStarServiceStateTracker: handlePollStateResult: EVENT_POLL_STATE_OPERATOR: opNames[0]: 'AT&T' opNames[1]: '' opNames[2]: ''
04-20 23:04:29.545  4413  4413 D OnStarServiceStateTracker: pollStateDone: oldSS=[0 1 voice home data home AT&T   AT&T    Unknown Unknown CSS not supported -1 -1 RoamInd=-1 DefRoamInd=-1 EmergOnly=false IsDataRoamingFromRegistration=false] newSS=[0 1 voice home data home AT&T   AT&T    Unknown Unknown CSS not supported -1 -1 RoamInd=-1 DefRoamInd=-1 EmergOnly=false IsDataRoamingFromRegistration=false]
04-20 23:04:29.545  4413  4413 D PHONE   : [ServiceState] setNullState=1
04-20 23:04:29.547  4413  4413 D OnStarServiceStateTracker: pollStateDone: Current OutgoingPhone is not OnStar.
04-20 23:04:30.983  4413  5095 V OnStarCommands: onCallState: callState:CALL_STATE_IDLE, hasCallState:true
04-20 23:04:30.983  4413  5095 I OnStarCommands: onCallState: No active personal call session, ignoring state event...
04-20 23:04:31.021  4413  4450 V OnStarCommands: onCallSessionEnded: callSession:1, reason:1
04-20 23:04:31.021  4413  4450 I OnStarCommands: onCallSessionEnded: Ignoring non-personal call: callsession:1
04-20 23:04:31.024  4413  4450 D OnStarCommands: onCallSessionStatus:  callSession:0,  hasCallSession:true
04-20 23:04:54.196  4413  4713 V OnStarCommands: onCellNetInfo: cellNetworkName:AT&T cellNetworkSignal:3 cellNetworkState:0 cellNetworkType: 7
04-20 23:04:54.196  4413  4713 D OnStarCommands: getSignalLevel: 3 -> 8
04-20 23:04:54.196  4413  4713 D OnStarCommands: getVoiceRegState: state = 1
04-20 23:04:54.196  4413  4713 D OnStarCommands: onCellNetInfo: No mVoiceNetworkStateRegistrants to notify
04-20 23:04:54.200  4413  4413 V OnStarServiceStateTracker: handleMessage: SIGNAL STRENGTH event = 12  current phone is not OnStar
04-20 23:04:54.200  4413  4413 V OnStarServiceStateTracker: handleMessage: EVENT_NETWORK_STATE_CHANGED: polling states...
04-20 23:04:54.200  4413  4413 V OnStarServiceStateTracker: pollState
04-20 23:04:54.200  4413  4413 D OnStarCommands: getVoiceRegState: state = 1
04-20 23:04:54.200  4413  4413 D OnStarCommands: getOperator: operatorName = AT&T
04-20 23:04:54.200  4413  4413 V OnStarServiceStateTracker: handleMessage: EVENT_POLL_STATE_REGISTRATION: processing...
04-20 23:04:54.200  4413  4413 D OnStarServiceStateTracker: handlePollStateResult: EVENT_POLL_STATE_REGISTRATION: regCode:1, serviceState:0
04-20 23:04:54.200  4413  4413 D PHONE   : [ServiceState] setVoiceRegState=0
04-20 23:04:54.200  4413  4413 V OnStarServiceStateTracker: handleMessage: EVENT_POLL_STATE_OPERATOR: processing...
04-20 23:04:54.201  4413  4413 D OnStarServiceStateTracker: handlePollStateResult: EVENT_POLL_STATE_OPERATOR: opNames[0]: 'AT&T' opNames[1]: '' opNames[2]: ''
04-20 23:04:54.204  4413  4413 D OnStarServiceStateTracker: pollStateDone: oldSS=[0 1 voice home data home AT&T   AT&T    Unknown Unknown CSS not supported -1 -1 RoamInd=-1 DefRoamInd=-1 EmergOnly=false IsDataRoamingFromRegistration=false] newSS=[0 1 voice home data home AT&T   AT&T    Unknown Unknown CSS not supported -1 -1 RoamInd=-1 DefRoamInd=-1 EmergOnly=false IsDataRoamingFromRegistration=false]
04-20 23:04:54.204  4413  4413 D PHONE   : [ServiceState] setNullState=1
04-20 23:04:54.211  4413  4413 D OnStarServiceStateTracker: pollStateDone: Current OutgoingPhone is not OnStar.
04-20 23:04:56.420  4413  4460 V OnStarCommands: onCellNetInfo: cellNetworkName:AT&T cellNetworkSignal:2 cellNetworkState:0 cellNetworkType: 7
04-20 23:04:56.420  4413  4460 D OnStarCommands: getSignalLevel: 2 -> 6
04-20 23:04:56.420  4413  4460 D OnStarCommands: getVoiceRegState: state = 1
04-20 23:04:56.420  4413  4460 D OnStarCommands: onCellNetInfo: No mVoiceNetworkStateRegistrants to notify
04-20 23:04:56.422  4413  4413 V OnStarServiceStateTracker: handleMessage: SIGNAL STRENGTH event = 12  current phone is not OnStar
04-20 23:04:56.422  4413  4413 V OnStarServiceStateTracker: handleMessage: EVENT_NETWORK_STATE_CHANGED: polling states...
04-20 23:04:56.422  4413  4413 V OnStarServiceStateTracker: pollState
04-20 23:04:56.422  4413  4413 D OnStarCommands: getVoiceRegState: state = 1
04-20 23:04:56.422  4413  4413 D OnStarCommands: getOperator: operatorName = AT&T
04-20 23:04:56.422  4413  4413 V OnStarServiceStateTracker: handleMessage: EVENT_POLL_STATE_REGISTRATION: processing...
04-20 23:04:56.422  4413  4413 D OnStarServiceStateTracker: handlePollStateResult: EVENT_POLL_STATE_REGISTRATION: regCode:1, serviceState:0
04-20 23:04:56.422  4413  4413 D PHONE   : [ServiceState] setVoiceRegState=0
04-20 23:04:56.422  4413  4413 V OnStarServiceStateTracker: handleMessage: EVENT_POLL_STATE_OPERATOR: processing...
04-20 23:04:56.422  4413  4413 D OnStarServiceStateTracker: handlePollStateResult: EVENT_POLL_STATE_OPERATOR: opNames[0]: 'AT&T' opNames[1]: '' opNames[2]: ''
04-20 23:04:56.423  4413  4413 D OnStarServiceStateTracker: pollStateDone: oldSS=[0 1 voice home data home AT&T   AT&T    Unknown Unknown CSS not supported -1 -1 RoamInd=-1 DefRoamInd=-1 EmergOnly=false IsDataRoamingFromRegistration=false] newSS=[0 1 voice home data home AT&T   AT&T    Unknown Unknown CSS not supported -1 -1 RoamInd=-1 DefRoamInd=-1 EmergOnly=false IsDataRoamingFromRegistration=false]
04-20 23:04:56.423  4413  4413 D PHONE   : [ServiceState] setNullState=1
04-20 23:04:56.429  4413  4413 D OnStarServiceStateTracker: pollStateDone: Current OutgoingPhone is not OnStar.
04-20 23:04:57.431  2933 13504 E KPI-ONSTAR|: Advisor call dialed out by CSM at |77312031
04-20 23:04:57.502  4413  5095 D OnStarCommands: onCallSessionStatus:  callSession:1,  hasCallSession:true
04-20 23:04:57.505  4413  4450 V OnStarCommands: onCallSessionStarted: callSession:1, hasCallSession:true
04-20 23:04:57.505  4413  4450 I OnStarCommands: onCallSessionStarted: Ignoring non-personal call: callsession:1
04-20 23:04:57.513  4413  4713 V OnStarCommands: onCallState: callState:CALL_STATE_DIALING, hasCallState:true
04-20 23:04:57.513  4413  4713 I OnStarCommands: onCallState: No active personal call session, ignoring state event...
04-20 23:04:57.513  4413  4713 V OnStarCommands: onLocationShared
04-20 23:04:58.619  4413  5095 V OnStarCommands: onCallState: callState:CALL_STATE_IDLE, hasCallState:true
04-20 23:04:58.619  4413  5095 I OnStarCommands: onCallState: No active personal call session, ignoring state event...
04-20 23:04:58.688  4413  4450 V OnStarCommands: onCallSessionEnded: callSession:1, reason:1
04-20 23:04:58.688  4413  4450 I OnStarCommands: onCallSessionEnded: Ignoring non-personal call: callsession:1
04-20 23:04:58.688  4413  4450 D OnStarCommands: onCallSessionStatus:  callSession:0,  hasCallSession:true
04-20 23:04:58.863  4413  4713 D SubscriptionController: [getPhoneId] asked for default subId=1
04-20 23:05:00.850  2933  2950 E KPI-ONSTAR|: Advisor call dialed out by CSM at |77315450
04-20 23:05:00.929  4413  4713 D OnStarCommands: onCallSessionStatus:  callSession:1,  hasCallSession:true
04-20 23:05:00.952  4413  4460 V OnStarCommands: onCallSessionStarted: callSession:1, hasCallSession:true
04-20 23:05:00.952  4413  4460 I OnStarCommands: onCallSessionStarted: Ignoring non-personal call: callsession:1
04-20 23:05:00.967  4413  4907 V OnStarCommands: onCallState: callState:CALL_STATE_DIALING, hasCallState:true
04-20 23:05:00.967  4413  4907 I OnStarCommands: onCallState: No active personal call session, ignoring state event...
04-20 23:05:00.969  4413  5095 V OnStarCommands: onLocationShared
04-20 23:05:02.628  4413  4460 V OnStarCommands: onCallState: callState:CALL_STATE_IDLE, hasCallState:true
04-20 23:05:02.628  4413  4460 I OnStarCommands: onCallState: No active personal call session, ignoring state event...
04-20 23:05:02.641  4413  4907 V OnStarCommands: onCallSessionEnded: callSession:1, reason:1
04-20 23:05:02.641  4413  4907 I OnStarCommands: onCallSessionEnded: Ignoring non-personal call: callsession:1
04-20 23:05:02.646  4413  5095 D OnStarCommands: onCallSessionStatus:  callSession:0,  hasCallSession:true
04-20 23:05:03.143  4413  4450 V OnStarCommands: onCellNetInfo: cellNetworkName:AT&T cellNetworkSignal:3 cellNetworkState:0 cellNetworkType: 7
04-20 23:05:03.143  4413  4450 D OnStarCommands: getSignalLevel: 3 -> 8
04-20 23:05:03.143  4413  4450 D OnStarCommands: getVoiceRegState: state = 1
04-20 23:05:03.143  4413  4450 D OnStarCommands: onCellNetInfo: No mVoiceNetworkStateRegistrants to notify
04-20 23:05:03.153  4413  4413 V OnStarServiceStateTracker: handleMessage: SIGNAL STRENGTH event = 12  current phone is not OnStar
04-20 23:05:03.153  4413  4413 V OnStarServiceStateTracker: handleMessage: EVENT_NETWORK_STATE_CHANGED: polling states...
04-20 23:05:03.153  4413  4413 V OnStarServiceStateTracker: pollState
04-20 23:05:03.153  4413  4413 D OnStarCommands: getVoiceRegState: state = 1
04-20 23:05:03.153  4413  4413 D OnStarCommands: getOperator: operatorName = AT&T
04-20 23:05:03.153  4413  4413 V OnStarServiceStateTracker: handleMessage: EVENT_POLL_STATE_REGISTRATION: processing...
04-20 23:05:03.153  4413  4413 D OnStarServiceStateTracker: handlePollStateResult: EVENT_POLL_STATE_REGISTRATION: regCode:1, serviceState:0
04-20 23:05:03.153  4413  4413 D PHONE   : [ServiceState] setVoiceRegState=0
04-20 23:05:03.153  4413  4413 V OnStarServiceStateTracker: handleMessage: EVENT_POLL_STATE_OPERATOR: processing...
04-20 23:05:03.153  4413  4413 D OnStarServiceStateTracker: handlePollStateResult: EVENT_POLL_STATE_OPERATOR: opNames[0]: 'AT&T' opNames[1]: '' opNames[2]: ''
04-20 23:05:03.154  4413  4413 D OnStarServiceStateTracker: pollStateDone: oldSS=[0 1 voice home data home AT&T   AT&T    Unknown Unknown CSS not supported -1 -1 RoamInd=-1 DefRoamInd=-1 EmergOnly=false IsDataRoamingFromRegistration=false] newSS=[0 1 voice home data home AT&T   AT&T    Unknown Unknown CSS not supported -1 -1 RoamInd=-1 DefRoamInd=-1 EmergOnly=false IsDataRoamingFromRegistration=false]
04-20 23:05:03.155  4413  4413 D PHONE   : [ServiceState] setNullState=1
04-20 23:05:03.157  4413  4413 D OnStarServiceStateTracker: pollStateDone: Current OutgoingPhone is not OnStar.
04-20 23:05:07.628  4413  4450 V OnStarCommands: onCellNetInfo: cellNetworkName:AT&T cellNetworkSignal:2 cellNetworkState:0 cellNetworkType: 7
04-20 23:05:07.628  4413  4450 D OnStarCommands: getSignalLevel: 2 -> 6
04-20 23:05:07.629  4413  4450 D OnStarCommands: getVoiceRegState: state = 1
04-20 23:05:07.629  4413  4450 D OnStarCommands: onCellNetInfo: No mVoiceNetworkStateRegistrants to notify
04-20 23:05:07.647  4413  4413 V OnStarServiceStateTracker: handleMessage: SIGNAL STRENGTH event = 12  current phone is not OnStar
04-20 23:05:07.647  4413  4413 V OnStarServiceStateTracker: handleMessage: EVENT_NETWORK_STATE_CHANGED: polling states...
04-20 23:05:07.647  4413  4413 V OnStarServiceStateTracker: pollState
04-20 23:05:07.647  4413  4413 D OnStarCommands: getVoiceRegState: state = 1
04-20 23:05:07.647  4413  4413 D OnStarCommands: getOperator: operatorName = AT&T
04-20 23:05:07.647  4413  4413 V OnStarServiceStateTracker: handleMessage: EVENT_POLL_STATE_REGISTRATION: processing...
04-20 23:05:07.647  4413  4413 D OnStarServiceStateTracker: handlePollStateResult: EVENT_POLL_STATE_REGISTRATION: regCode:1, serviceState:0
04-20 23:05:07.647  4413  4413 D PHONE   : [ServiceState] setVoiceRegState=0
04-20 23:05:07.647  4413  4413 V OnStarServiceStateTracker: handleMessage: EVENT_POLL_STATE_OPERATOR: processing...
04-20 23:05:07.647  4413  4413 D OnStarServiceStateTracker: handlePollStateResult: EVENT_POLL_STATE_OPERATOR: opNames[0]: 'AT&T' opNames[1]: '' opNames[2]: ''
04-20 23:05:07.652  4413  4413 D OnStarServiceStateTracker: pollStateDone: oldSS=[0 1 voice home data home AT&T   AT&T    Unknown Unknown CSS not supported -1 -1 RoamInd=-1 DefRoamInd=-1 EmergOnly=false IsDataRoamingFromRegistration=false] newSS=[0 1 voice home data home AT&T   AT&T    Unknown Unknown CSS not supported -1 -1 RoamInd=-1 DefRoamInd=-1 EmergOnly=false IsDataRoamingFromRegistration=false]
04-20 23:05:07.652  4413  4413 D PHONE   : [ServiceState] setNullState=1
04-20 23:05:07.653  4413  4413 D OnStarServiceStateTracker: pollStateDone: Current OutgoingPhone is not OnStar.
04-20 23:05:10.240  4413  4460 D SubscriptionController: [getPhoneId] asked for default subId=1
04-20 23:05:14.352  4413  4450 V OnStarCommands: onCellNetInfo: cellNetworkName:AT&T cellNetworkSignal:3 cellNetworkState:0 cellNetworkType: 7
04-20 23:05:14.352  4413  4450 D OnStarCommands: getSignalLevel: 3 -> 8
04-20 23:05:14.352  4413  4450 D OnStarCommands: getVoiceRegState: state = 1
04-20 23:05:14.352  4413  4450 D OnStarCommands: onCellNetInfo: No mVoiceNetworkStateRegistrants to notify
04-20 23:05:14.356  4413  4413 V OnStarServiceStateTracker: handleMessage: SIGNAL STRENGTH event = 12  current phone is not OnStar
04-20 23:05:14.356  4413  4413 V OnStarServiceStateTracker: handleMessage: EVENT_NETWORK_STATE_CHANGED: polling states...
04-20 23:05:14.356  4413  4413 V OnStarServiceStateTracker: pollState
04-20 23:05:14.356  4413  4413 D OnStarCommands: getVoiceRegState: state = 1
04-20 23:05:14.356  4413  4413 D OnStarCommands: getOperator: operatorName = AT&T
04-20 23:05:14.356  4413  4413 V OnStarServiceStateTracker: handleMessage: EVENT_POLL_STATE_REGISTRATION: processing...
04-20 23:05:14.356  4413  4413 D OnStarServiceStateTracker: handlePollStateResult: EVENT_POLL_STATE_REGISTRATION: regCode:1, serviceState:0
04-20 23:05:14.356  4413  4413 D PHONE   : [ServiceState] setVoiceRegState=0
04-20 23:05:14.356  4413  4413 V OnStarServiceStateTracker: handleMessage: EVENT_POLL_STATE_OPERATOR: processing...
04-20 23:05:14.356  4413  4413 D OnStarServiceStateTracker: handlePollStateResult: EVENT_POLL_STATE_OPERATOR: opNames[0]: 'AT&T' opNames[1]: '' opNames[2]: ''
04-20 23:05:14.357  4413  4413 D OnStarServiceStateTracker: pollStateDone: oldSS=[0 1 voice home data home AT&T   AT&T    Unknown Unknown CSS not supported -1 -1 RoamInd=-1 DefRoamInd=-1 EmergOnly=false IsDataRoamingFromRegistration=false] newSS=[0 1 voice home data home AT&T   AT&T    Unknown Unknown CSS not supported -1 -1 RoamInd=-1 DefRoamInd=-1 EmergOnly=false IsDataRoamingFromRegistration=false]
04-20 23:05:14.357  4413  4413 D PHONE   : [ServiceState] setNullState=1
04-20 23:05:14.358  4413  4413 D OnStarServiceStateTracker: pollStateDone: Current OutgoingPhone is not OnStar.
04-20 23:05:16.601  4413  4460 V OnStarCommands: onCellNetInfo: cellNetworkName:AT&T cellNetworkSignal:2 cellNetworkState:0 cellNetworkType: 7
04-20 23:05:16.601  4413  4460 D OnStarCommands: getSignalLevel: 2 -> 6
04-20 23:05:16.601  4413  4460 D OnStarCommands: getVoiceRegState: state = 1
04-20 23:05:16.602  4413  4460 D OnStarCommands: onCellNetInfo: No mVoiceNetworkStateRegistrants to notify
04-20 23:05:16.608  4413  4413 V OnStarServiceStateTracker: handleMessage: SIGNAL STRENGTH event = 12  current phone is not OnStar
04-20 23:05:16.608  4413  4413 V OnStarServiceStateTracker: handleMessage: EVENT_NETWORK_STATE_CHANGED: polling states...
04-20 23:05:16.608  4413  4413 V OnStarServiceStateTracker: pollState
04-20 23:05:16.608  4413  4413 D OnStarCommands: getVoiceRegState: state = 1
04-20 23:05:16.608  4413  4413 D OnStarCommands: getOperator: operatorName = AT&T
04-20 23:05:16.609  4413  4413 V OnStarServiceStateTracker: handleMessage: EVENT_POLL_STATE_REGISTRATION: processing...
04-20 23:05:16.609  4413  4413 D OnStarServiceStateTracker: handlePollStateResult: EVENT_POLL_STATE_REGISTRATION: regCode:1, serviceState:0
04-20 23:05:16.609  4413  4413 D PHONE   : [ServiceState] setVoiceRegState=0
04-20 23:05:16.609  4413  4413 V OnStarServiceStateTracker: handleMessage: EVENT_POLL_STATE_OPERATOR: processing...
04-20 23:05:16.609  4413  4413 D OnStarServiceStateTracker: handlePollStateResult: EVENT_POLL_STATE_OPERATOR: opNames[0]: 'AT&T' opNames[1]: '' opNames[2]: ''
04-20 23:05:16.611  4413  4413 D OnStarServiceStateTracker: pollStateDone: oldSS=[0 1 voice home data home AT&T   AT&T    Unknown Unknown CSS not supported -1 -1 RoamInd=-1 DefRoamInd=-1 EmergOnly=false IsDataRoamingFromRegistration=false] newSS=[0 1 voice home data home AT&T   AT&T    Unknown Unknown CSS not supported -1 -1 RoamInd=-1 DefRoamInd=-1 EmergOnly=false IsDataRoamingFromRegistration=false]
04-20 23:05:16.611  4413  4413 D PHONE   : [ServiceState] setNullState=1
04-20 23:05:16.616  4413  4413 D OnStarServiceStateTracker: pollStateDone: Current OutgoingPhone is not OnStar.
04-20 23:05:17.484  4413  4713 D SubscriptionController: [getPhoneId] asked for default subId=1
04-20 23:05:23.321  4413  4460 V OnStarCommands: onCellNetInfo: cellNetworkName:AT&T cellNetworkSignal:3 cellNetworkState:0 cellNetworkType: 7
04-20 23:05:23.321  4413  4460 D OnStarCommands: getSignalLevel: 3 -> 8
04-20 23:05:23.321  4413  4460 D OnStarCommands: getVoiceRegState: state = 1
04-20 23:05:23.321  4413  4460 D OnStarCommands: onCellNetInfo: No mVoiceNetworkStateRegistrants to notify
04-20 23:05:23.322  4413  4413 V OnStarServiceStateTracker: handleMessage: SIGNAL STRENGTH event = 12  current phone is not OnStar
04-20 23:05:23.322  4413  4413 V OnStarServiceStateTracker: handleMessage: EVENT_NETWORK_STATE_CHANGED: polling states...
04-20 23:05:23.322  4413  4413 V OnStarServiceStateTracker: pollState
04-20 23:05:23.322  4413  4413 D OnStarCommands: getVoiceRegState: state = 1
04-20 23:05:23.322  4413  4413 D OnStarCommands: getOperator: operatorName = AT&T
04-20 23:05:23.322  4413  4413 V OnStarServiceStateTracker: handleMessage: EVENT_POLL_STATE_REGISTRATION: processing...
04-20 23:05:23.322  4413  4413 D OnStarServiceStateTracker: handlePollStateResult: EVENT_POLL_STATE_REGISTRATION: regCode:1, serviceState:0
04-20 23:05:23.322  4413  4413 D PHONE   : [ServiceState] setVoiceRegState=0
04-20 23:05:23.322  4413  4413 V OnStarServiceStateTracker: handleMessage: EVENT_POLL_STATE_OPERATOR: processing...
04-20 23:05:23.322  4413  4413 D OnStarServiceStateTracker: handlePollStateResult: EVENT_POLL_STATE_OPERATOR: opNames[0]: 'AT&T' opNames[1]: '' opNames[2]: ''
04-20 23:05:23.323  4413  4413 D OnStarServiceStateTracker: pollStateDone: oldSS=[0 1 voice home data home AT&T   AT&T    Unknown Unknown CSS not supported -1 -1 RoamInd=-1 DefRoamInd=-1 EmergOnly=false IsDataRoamingFromRegistration=false] newSS=[0 1 voice home data home AT&T   AT&T    Unknown Unknown CSS not supported -1 -1 RoamInd=-1 DefRoamInd=-1 EmergOnly=false IsDataRoamingFromRegistration=false]
04-20 23:05:23.324  4413  4413 D PHONE   : [ServiceState] setNullState=1
04-20 23:05:23.324  4413  4413 D OnStarServiceStateTracker: pollStateDone: Current OutgoingPhone is not OnStar.
04-20 23:05:25.552  4413  4713 V OnStarCommands: onCellNetInfo: cellNetworkName:AT&T cellNetworkSignal:2 cellNetworkState:0 cellNetworkType: 7
04-20 23:05:25.552  4413  4713 D OnStarCommands: getSignalLevel: 2 -> 6
04-20 23:05:25.552  4413  4713 D OnStarCommands: getVoiceRegState: state = 1
04-20 23:05:25.552  4413  4713 D OnStarCommands: onCellNetInfo: No mVoiceNetworkStateRegistrants to notify
04-20 23:05:25.559  4413  4413 V OnStarServiceStateTracker: handleMessage: SIGNAL STRENGTH event = 12  current phone is not OnStar
04-20 23:05:25.559  4413  4413 V OnStarServiceStateTracker: handleMessage: EVENT_NETWORK_STATE_CHANGED: polling states...
04-20 23:05:25.559  4413  4413 V OnStarServiceStateTracker: pollState
04-20 23:05:25.559  4413  4413 D OnStarCommands: getVoiceRegState: state = 1
04-20 23:05:25.560  4413  4413 D OnStarCommands: getOperator: operatorName = AT&T
04-20 23:05:25.560  4413  4413 V OnStarServiceStateTracker: handleMessage: EVENT_POLL_STATE_REGISTRATION: processing...
04-20 23:05:25.560  4413  4413 D OnStarServiceStateTracker: handlePollStateResult: EVENT_POLL_STATE_REGISTRATION: regCode:1, serviceState:0
04-20 23:05:25.560  4413  4413 D PHONE   : [ServiceState] setVoiceRegState=0
04-20 23:05:25.560  4413  4413 V OnStarServiceStateTracker: handleMessage: EVENT_POLL_STATE_OPERATOR: processing...
04-20 23:05:25.560  4413  4413 D OnStarServiceStateTracker: handlePollStateResult: EVENT_POLL_STATE_OPERATOR: opNames[0]: 'AT&T' opNames[1]: '' opNames[2]: ''
04-20 23:05:25.560  4413  4413 D OnStarServiceStateTracker: pollStateDone: oldSS=[0 1 voice home data home AT&T   AT&T    Unknown Unknown CSS not supported -1 -1 RoamInd=-1 DefRoamInd=-1 EmergOnly=false IsDataRoamingFromRegistration=false] newSS=[0 1 voice home data home AT&T   AT&T    Unknown Unknown CSS not supported -1 -1 RoamInd=-1 DefRoamInd=-1 EmergOnly=false IsDataRoamingFromRegistration=false]
04-20 23:05:25.560  4413  4413 D PHONE   : [ServiceState] setNullState=1
04-20 23:05:25.561  4413  4413 D OnStarServiceStateTracker: pollStateDone: Current OutgoingPhone is not OnStar.
04-20 23:05:30.021  4413  5095 V OnStarCommands: onCellNetInfo: cellNetworkName:AT&T cellNetworkSignal:3 cellNetworkState:0 cellNetworkType: 7
04-20 23:05:30.021  4413  5095 D OnStarCommands: getSignalLevel: 3 -> 8
04-20 23:05:30.021  4413  5095 D OnStarCommands: getVoiceRegState: state = 1
04-20 23:05:30.021  4413  5095 D OnStarCommands: onCellNetInfo: No mVoiceNetworkStateRegistrants to notify
04-20 23:05:30.024  4413  4413 V OnStarServiceStateTracker: handleMessage: SIGNAL STRENGTH event = 12  current phone is not OnStar
04-20 23:05:30.024  4413  4413 V OnStarServiceStateTracker: handleMessage: EVENT_NETWORK_STATE_CHANGED: polling states...
04-20 23:05:30.024  4413  4413 V OnStarServiceStateTracker: pollState
04-20 23:05:30.024  4413  4413 D OnStarCommands: getVoiceRegState: state = 1
04-20 23:05:30.024  4413  4413 D OnStarCommands: getOperator: operatorName = AT&T
04-20 23:05:30.024  4413  4413 V OnStarServiceStateTracker: handleMessage: EVENT_POLL_STATE_REGISTRATION: processing...
04-20 23:05:30.024  4413  4413 D OnStarServiceStateTracker: handlePollStateResult: EVENT_POLL_STATE_REGISTRATION: regCode:1, serviceState:0
04-20 23:05:30.024  4413  4413 D PHONE   : [ServiceState] setVoiceRegState=0
04-20 23:05:30.024  4413  4413 V OnStarServiceStateTracker: handleMessage: EVENT_POLL_STATE_OPERATOR: processing...
04-20 23:05:30.024  4413  4413 D OnStarServiceStateTracker: handlePollStateResult: EVENT_POLL_STATE_OPERATOR: opNames[0]: 'AT&T' opNames[1]: '' opNames[2]: ''
04-20 23:05:30.037  4413  4413 D OnStarServiceStateTracker: pollStateDone: oldSS=[0 1 voice home data home AT&T   AT&T    Unknown Unknown CSS not supported -1 -1 RoamInd=-1 DefRoamInd=-1 EmergOnly=false IsDataRoamingFromRegistration=false] newSS=[0 1 voice home data home AT&T   AT&T    Unknown Unknown CSS not supported -1 -1 RoamInd=-1 DefRoamInd=-1 EmergOnly=false IsDataRoamingFromRegistration=false]
04-20 23:05:30.037  4413  4413 D PHONE   : [ServiceState] setNullState=1
04-20 23:05:30.042  4413  4413 D OnStarServiceStateTracker: pollStateDone: Current OutgoingPhone is not OnStar.
04-20 23:05:32.277  4413  4907 V OnStarCommands: onCellNetInfo: cellNetworkName:AT&T cellNetworkSignal:2 cellNetworkState:0 cellNetworkType: 7
04-20 23:05:32.277  4413  4907 D OnStarCommands: getSignalLevel: 2 -> 6
04-20 23:05:32.277  4413  4907 D OnStarCommands: getVoiceRegState: state = 1
04-20 23:05:32.277  4413  4907 D OnStarCommands: onCellNetInfo: No mVoiceNetworkStateRegistrants to notify
04-20 23:05:32.280  4413  4413 V OnStarServiceStateTracker: handleMessage: SIGNAL STRENGTH event = 12  current phone is not OnStar
