04-20 23:23:30.959  2754  4341 I chatty  : uid=1000(system) Binder_F expire 14 lines
04-20 23:23:31.031  2754  2833 I chatty  : uid=1000(system) android.bg expire 44 lines
04-20 23:23:31.061  2754  4363 I chatty  : uid=1000(system) Binder_10 expire 10 lines
04-20 23:23:31.182  2754  2766 I chatty  : uid=1000(system) Binder_1 expire 16 lines
04-20 23:23:31.184  2754  3143 I chatty  : uid=1000(system) Binder_6 expire 24 lines
04-20 23:23:31.292  2754  4305 I chatty  : uid=1000(system) Binder_C expire 16 lines
04-20 23:23:31.360  2754  3009 I chatty  : uid=1000(system) WifiStateMachin expire 2 lines
04-20 23:23:31.504  2754  4334 I chatty  : uid=1000(system) Binder_E expire 11 lines
04-20 23:23:31.504  2754  2953 I chatty  : uid=1000(system) Binder_3 expire 11 lines
04-20 23:23:31.516  2754  3451 I chatty  : uid=1000(system) Binder_9 expire 17 lines
04-20 23:23:31.650  2754  2767 I chatty  : uid=1000(system) Binder_2 expire 10 lines
04-20 23:23:31.750  2754  4281 I chatty  : uid=1000(system) Binder_B expire 11 lines
04-20 23:23:31.860  2754  4280 I chatty  : uid=1000(system) Binder_A expire 9 lines
04-20 23:23:31.963  2754  3450 I chatty  : uid=1000(system) Binder_8 expire 13 lines
04-20 23:23:32.410  2754  3072 I chatty  : uid=1000(system) Binder_5 expire 16 lines
04-20 23:23:32.648  2754  3449 I chatty  : uid=1000(system) Binder_7 expire 23 lines
04-20 23:23:37.585  2754  3143 I chatty  : uid=1000(system) Binder_6 expire 19 lines
04-20 23:23:37.622  2754  2833 I chatty  : uid=1000(system) android.bg expire 42 lines
04-20 23:23:37.774  2754  3072 I chatty  : uid=1000(system) Binder_5 expire 12 lines
04-20 23:23:37.776  2754  4363 I chatty  : uid=1000(system) Binder_10 expire 11 lines
04-20 23:23:37.783  2754  4280 I chatty  : uid=1000(system) Binder_A expire 16 lines
04-20 23:23:37.792  2754  4341 I chatty  : uid=1000(system) Binder_F expire 23 lines
04-20 23:23:37.923 28624 28624 W StatusBarManager: enter dropFocus in StatusBarManager
04-20 23:23:37.923  2754  2767 I chatty  : uid=1000(system) Binder_2 expire 19 lines
04-20 23:23:38.068  2754  2766 I chatty  : uid=1000(system) Binder_1 expire 13 lines
04-20 23:23:38.158  2754  4281 I chatty  : uid=1000(system) Binder_B expire 10 lines
04-20 23:23:38.340  2754  4310 I chatty  : uid=1000(system) Binder_D expire 11 lines
04-20 23:23:38.351  2754  3451 I chatty  : uid=1000(system) Binder_9 expire 4 lines
04-20 23:23:38.356  2754  4305 I chatty  : uid=1000(system) Binder_C expire 12 lines
04-20 23:23:38.554  2754  2953 I chatty  : uid=1000(system) Binder_3 expire 16 lines
04-20 23:23:38.568  2754  3450 I chatty  : uid=1000(system) Binder_8 expire 10 lines
04-20 23:23:39.034  2754  2954 I chatty  : uid=1000(system) Binder_4 expire 9 lines
04-20 23:23:39.136  2754  4334 I chatty  : uid=1000(system) Binder_E expire 12 lines
04-20 23:23:40.437  2543  2634 I VAS/VehicleAudioService: requestAudioFocus() streamType 4123, extraInfo 0, zone 8, clientId gm.media.audio.VehicleAudioManager@3d7286bcom.gm.server.audioproxyservice.QueueProcessor$TextToSpeechVAM$1@eaeffc81
04-20 23:23:40.437  2543  2634 I VAS/VehicleAudioService: setMux() name prompt_mux, input 4123, gain 0, extraInfo 0, zone 8
04-20 23:23:40.437  2543  2634 I VAS/AudioDriverInterface: setSrc() sinkType 8, streamType 4123, activationStatus 1, extraInfo 0
04-20 23:23:40.438  2543  2634 I VAS/AudioDriverInterface: setSourceScale() sinkType 8, scale value -2.34 : gain value 0.00
04-20 23:23:40.439  2543  2634 E VAS/AudioDriverInterface: setSourceScale() audio_set_dirana_source_gain() failed, ERROR -1
04-20 23:23:40.439  2543  2634 I VAS/AudioDriverInterface: setVolume() sinkType 1, volDb -49.80
04-20 23:23:40.440  2543  2634 I VAS/ExternalAmpIface: update() attrName MtxSnkLvl, rawValue -49.80
04-20 23:23:40.440  2543  2634 I VAS/AudioDriverInterface: setVolume() sinkType 2, volDb -37.50
04-20 23:23:40.440  2543  2634 I VAS/ExternalAmpIface: update() attrName MxPrmtSnkLvl, rawValue -37.50
04-20 23:23:40.441  2543  2634 I VAS/AudioCtrlSvcImpl: setMux() Non-Entertainment stream, UnMuting automatically
04-20 23:23:40.441  2543  2634 I VAS/AudioDriverInterface: setMuteRamp() sinkType 2, mute 0, time 0.00 sec
04-20 23:23:40.443  2754  3020 I chatty  : uid=1000(system) AudioService expire 2 lines
04-20 23:23:40.608 28624 28624 W StatusBarManager: enter dropFocus in StatusBarManager
04-20 23:23:41.898  2543  2639 I VAS/VehicleAudioService: abandonAudioFocus() streamType 4123, extraInfo 0, zone 8
04-20 23:23:41.898  2543  2639 I VAS/VehicleAudioService: setMux() name prompt_mux, input 4123, gain -100, extraInfo 0, zone 8
04-20 23:23:41.898  2543  2639 I VAS/AudioDriverInterface: setMuteRamp() sinkType 2, mute 1, time 0.00 sec
04-20 23:23:41.899  2543  2639 I VAS/AudioDriverInterface: setSrc() sinkType 8, streamType 4123, activationStatus 0, extraInfo 0
04-20 23:23:41.902  2543  2639 I VAS/AudioDriverInterface: setVolume() sinkType 1, volDb -39.00
04-20 23:23:41.902  2543  2639 I VAS/ExternalAmpIface: update() attrName MtxSnkLvl, rawValue -39.00
04-20 23:23:42.512  2933  3089 I chatty  : uid=1000(system) TcpInternetMana expire 2 lines
04-20 23:23:43.782  2754  2953 I chatty  : uid=1000(system) Binder_3 expire 17 lines
04-20 23:23:43.887  2754  4280 I chatty  : uid=1000(system) Binder_A expire 13 lines
04-20 23:23:43.887  2754  4281 I chatty  : uid=1000(system) Binder_B expire 11 lines
04-20 23:23:43.922  2754  2833 I chatty  : uid=1000(system) android.bg expire 41 lines
04-20 23:23:43.994  2754  2766 I chatty  : uid=1000(system) Binder_1 expire 14 lines
04-20 23:23:43.995  2754  4334 I chatty  : uid=1000(system) Binder_E expire 14 lines
04-20 23:23:44.102  2754  3143 I chatty  : uid=1000(system) Binder_6 expire 6 lines
04-20 23:23:44.107  2754  3449 I chatty  : uid=1000(system) Binder_7 expire 10 lines
04-20 23:23:44.209  2754  4310 I chatty  : uid=1000(system) Binder_D expire 24 lines
04-20 23:23:44.224  2754  2767 I chatty  : uid=1000(system) Binder_2 expire 11 lines
04-20 23:23:44.436  2754  3072 I chatty  : uid=1000(system) Binder_5 expire 12 lines
04-20 23:23:44.556  2754  4363 I chatty  : uid=1000(system) Binder_10 expire 14 lines
04-20 23:23:44.789  2754  3450 I chatty  : uid=1000(system) Binder_8 expire 12 lines
04-20 23:23:44.894  2754  4305 I chatty  : uid=1000(system) Binder_C expire 18 lines
04-20 23:23:45.002  2754  3451 I chatty  : uid=1000(system) Binder_9 expire 16 lines
04-20 23:23:45.013  2754  4341 I chatty  : uid=1000(system) Binder_F expire 11 lines
04-20 23:23:45.124  2754  2954 I chatty  : uid=1000(system) Binder_4 expire 9 lines
04-20 23:23:46.388  2754  3009 I chatty  : uid=1000(system) WifiStateMachin expire 2 lines
04-20 23:23:49.924  2754  2833 I chatty  : uid=1000(system) android.bg expire 43 lines
04-20 23:23:49.927  2754  2954 I chatty  : uid=1000(system) Binder_4 expire 15 lines
04-20 23:23:50.032  2754  4341 I chatty  : uid=1000(system) Binder_F expire 10 lines
04-20 23:23:50.033  2754  3143 I chatty  : uid=1000(system) Binder_6 expire 18 lines
04-20 23:23:50.141  2754  3072 I chatty  : uid=1000(system) Binder_5 expire 17 lines
04-20 23:23:50.142  2754  2767 I chatty  : uid=1000(system) Binder_2 expire 10 lines
04-20 23:23:50.150  2754  4334 I chatty  : uid=1000(system) Binder_E expire 9 lines
04-20 23:23:50.158  2754  4280 I chatty  : uid=1000(system) Binder_A expire 4 lines
04-20 23:23:50.261  2754  3449 I chatty  : uid=1000(system) Binder_7 expire 10 lines
04-20 23:23:50.261  2754  4305 I chatty  : uid=1000(system) Binder_C expire 12 lines
04-20 23:23:50.475  2754  3450 I chatty  : uid=1000(system) Binder_8 expire 15 lines
04-20 23:23:50.596  2754  2953 I chatty  : uid=1000(system) Binder_3 expire 24 lines
04-20 23:23:50.609  2754  4363 I chatty  : uid=1000(system) Binder_10 expire 3 lines
04-20 23:23:50.724  2754  2766 I chatty  : uid=1000(system) Binder_1 expire 12 lines
04-20 23:23:50.827  2754  3451 I chatty  : uid=1000(system) Binder_9 expire 17 lines
04-20 23:23:50.946  2754  4281 I chatty  : uid=1000(system) Binder_B expire 18 lines
04-20 23:23:50.962  2754  4310 I chatty  : uid=1000(system) Binder_D expire 14 lines
04-20 23:23:54.970  2754  2842 I chatty  : uid=1000(system) android.ui expire 1 line
04-20 23:23:55.086  2754  2852 I chatty  : uid=1000(system) android.display expire 15 lines
04-20 23:23:56.259  2754  3072 I chatty  : uid=1000(system) Binder_5 expire 24 lines
04-20 23:23:56.266  2754  2954 I chatty  : uid=1000(system) Binder_4 expire 10 lines
04-20 23:23:56.270  2754  4280 I chatty  : uid=1000(system) Binder_A expire 16 lines
04-20 23:23:56.371  2754  3450 I chatty  : uid=1000(system) Binder_8 expire 8 lines
04-20 23:23:56.371  2754  4341 I chatty  : uid=1000(system) Binder_F expire 14 lines
04-20 23:23:56.524  2754  2833 I chatty  : uid=1000(system) android.bg expire 30 lines
04-20 23:23:56.602  2754  4281 I chatty  : uid=1000(system) Binder_B expire 12 lines
04-20 23:23:56.703  2754  2767 I chatty  : uid=1000(system) Binder_2 expire 9 lines
04-20 23:23:56.761  2754  3449 I chatty  : uid=1000(system) Binder_7 expire 12 lines
04-20 23:23:56.761  2754  2842 I chatty  : uid=1000(system) android.ui expire 4 lines
04-20 23:23:56.847  2754  2953 I chatty  : uid=1000(system) Binder_3 expire 12 lines
04-20 23:23:56.850  2754  3143 I chatty  : uid=1000(system) Binder_6 expire 15 lines
04-20 23:23:56.858  2754  4363 I chatty  : uid=1000(system) Binder_10 expire 8 lines
04-20 23:23:56.902  2754  3451 I chatty  : uid=1000(system) Binder_9 expire 15 lines
04-20 23:23:56.989  2754  4334 I chatty  : uid=1000(system) Binder_E expire 7 lines
04-20 23:23:57.014  2754  4310 I chatty  : uid=1000(system) Binder_D expire 15 lines
04-20 23:23:57.488  2754  2766 I chatty  : uid=1000(system) Binder_1 expire 17 lines
04-20 23:23:57.497  2754  4305 I chatty  : uid=1000(system) Binder_C expire 12 lines
04-20 23:23:58.074 28624 28624 W StatusBarManager: enter dropFocus in StatusBarManager
04-20 23:23:59.756 28624 28624 W StatusBarManager: enter dropFocus in StatusBarManager
04-20 23:24:00.000  2754  2838 I chatty  : uid=1000(system) ActivityManager expire 2 lines
04-20 23:24:00.001  2754  2754 I chatty  : uid=1000 system_server expire 1 line
04-20 23:24:00.827  2754  3450 I chatty  : uid=1000(system) Binder_8 expire 17 lines
04-20 23:24:00.829  2754  4305 I chatty  : uid=1000(system) Binder_C expire 18 lines
04-20 23:24:00.828  2754  4281 I chatty  : uid=1000(system) Binder_B expire 18 lines
04-20 23:24:00.830  2754  3451 I chatty  : uid=1000(system) Binder_9 expire 8 lines
04-20 23:24:00.833  2754  4310 I chatty  : uid=1000(system) Binder_D expire 22 lines
04-20 23:24:00.943  2754  4363 I chatty  : uid=1000(system) Binder_10 expire 21 lines
04-20 23:24:00.953  2754  2767 I chatty  : uid=1000(system) Binder_2 expire 14 lines
04-20 23:24:00.974  2754  3072 I chatty  : uid=1000(system) Binder_5 expire 10 lines
04-20 23:24:00.975  2754  4334 I chatty  : uid=1000(system) Binder_E expire 15 lines
04-20 23:24:00.978  2754  2953 I chatty  : uid=1000(system) Binder_3 expire 16 lines
04-20 23:24:00.984  2754  4341 I chatty  : uid=1000(system) Binder_F expire 5 lines
04-20 23:24:01.023  2754  2833 I chatty  : uid=1000(system) android.bg expire 36 lines
04-20 23:24:01.102  2754  4280 I chatty  : uid=1000(system) Binder_A expire 10 lines
04-20 23:24:01.104  2754  2766 I chatty  : uid=1000(system) Binder_1 expire 13 lines
04-20 23:24:01.396  2754  3009 I chatty  : uid=1000(system) WifiStateMachin expire 2 lines
04-20 23:24:01.741  2754  3143 I chatty  : uid=1000(system) Binder_6 expire 8 lines
04-20 23:24:02.318  2754  3449 I chatty  : uid=1000(system) Binder_7 expire 11 lines
04-20 23:24:02.533  2933  3089 I chatty  : uid=1000(system) TcpInternetMana expire 2 lines
04-20 23:24:04.020  2543 22558 I VAS/VehicleAudioService: requestAudioFocus() streamType 4123, extraInfo 0, zone 8, clientId gm.media.audio.VehicleAudioManager@a96fcb1com.telenav.arp.audio.DenaliAudioManager@52db5961
04-20 23:24:04.020  2543 22558 I VAS/VehicleAudioService: setMux() name prompt_mux, input 4123, gain 0, extraInfo 0, zone 8
04-20 23:24:04.020  2543 22558 I VAS/AudioDriverInterface: setSrc() sinkType 8, streamType 4123, activationStatus 1, extraInfo 0
04-20 23:24:04.022  2543 22558 I VAS/AudioDriverInterface: setSourceScale() sinkType 8, scale value -2.34 : gain value 0.00
04-20 23:24:04.022  2543 22558 E VAS/AudioDriverInterface: setSourceScale() audio_set_dirana_source_gain() failed, ERROR -1
04-20 23:24:04.022  2543 22558 I VAS/AudioDriverInterface: setVolume() sinkType 1, volDb -49.80
04-20 23:24:04.024  2543 22558 I VAS/ExternalAmpIface: update() attrName MtxSnkLvl, rawValue -49.80
04-20 23:24:04.024  2543 22558 I VAS/AudioDriverInterface: setVolume() sinkType 2, volDb -37.50
04-20 23:24:04.024  2543 22558 I VAS/ExternalAmpIface: update() attrName MxPrmtSnkLvl, rawValue -37.50
04-20 23:24:04.024  2543 22558 I VAS/AudioCtrlSvcImpl: setMux() Non-Entertainment stream, UnMuting automatically
04-20 23:24:04.024  2543 22558 I VAS/AudioDriverInterface: setMuteRamp() sinkType 2, mute 0, time 0.00 sec
04-20 23:24:04.026  2754  3020 I chatty  : uid=1000(system) AudioService expire 1 line
04-20 23:24:04.446  2754  2842 I chatty  : uid=1000(system) android.ui expire 2 lines
04-20 23:24:04.482  2754  2954 I chatty  : uid=1000(system) Binder_4 expire 3 lines
04-20 23:24:04.527  2754  2852 I chatty  : uid=1000(system) android.display expire 9 lines
04-20 23:24:06.700  2754  4305 I chatty  : uid=1000(system) Binder_C expire 26 lines
04-20 23:24:06.700  2754  2954 I chatty  : uid=1000(system) Binder_4 expire 15 lines
04-20 23:24:06.704  2754  3451 I chatty  : uid=1000(system) Binder_9 expire 12 lines
04-20 23:24:06.705  2754  2766 I chatty  : uid=1000(system) Binder_1 expire 19 lines
04-20 23:24:06.730  2754  2833 I chatty  : uid=1000(system) android.bg expire 32 lines
04-20 23:24:06.795 28624 28624 W StatusBarManager: enter dropFocus in StatusBarManager
04-20 23:24:06.795  2754  4334 I chatty  : uid=1000(system) Binder_E expire 13 lines
04-20 23:24:06.906  2754  2953 I chatty  : uid=1000(system) Binder_3 expire 10 lines
04-20 23:24:07.006  2754  3450 I chatty  : uid=1000(system) Binder_8 expire 5 lines
04-20 23:24:07.006  2754  4341 I chatty  : uid=1000(system) Binder_F expire 17 lines
04-20 23:24:07.142  2754  2767 I chatty  : uid=1000(system) Binder_2 expire 17 lines
04-20 23:24:07.142  2754  3449 I chatty  : uid=1000(system) Binder_7 expire 19 lines
04-20 23:24:07.356  2754  4281 I chatty  : uid=1000(system) Binder_B expire 9 lines
04-20 23:24:07.358  2754  4280 I chatty  : uid=1000(system) Binder_A expire 17 lines
04-20 23:24:07.362  2754  4363 I chatty  : uid=1000(system) Binder_10 expire 11 lines
04-20 23:24:07.363  2754  3143 I chatty  : uid=1000(system) Binder_6 expire 11 lines
04-20 23:24:07.386  2754  3072 I chatty  : uid=1000(system) Binder_5 expire 11 lines
04-20 23:24:07.663  2754  4310 I chatty  : uid=1000(system) Binder_D expire 16 lines
04-20 23:24:11.404  2754  4334 I chatty  : uid=1000(system) Binder_E expire 14 lines
04-20 23:24:11.416  2754  3143 I chatty  : uid=1000(system) Binder_6 expire 11 lines
04-20 23:24:11.419  2754  4341 I chatty  : uid=1000(system) Binder_F expire 18 lines
04-20 23:24:11.450  2543  2634 I VAS/VehicleAudioService: requestAudioFocus() streamType 4123, extraInfo 0, zone 8, clientId gm.media.audio.VehicleAudioManager@3d7286bcom.gm.server.audioproxyservice.QueueProcessor$TextToSpeechVAM$1@eaeffc81
04-20 23:24:11.450  2543  2634 I VAS/VehicleAudioService: setMux() name prompt_mux, input 4123, gain 0, extraInfo 0, zone 8
04-20 23:24:11.451  2543  2634 I VAS/AudioDriverInterface: setSrc() sinkType 8, streamType 4123, activationStatus 1, extraInfo 0
04-20 23:24:11.452  2543  2634 I VAS/AudioDriverInterface: setSourceScale() sinkType 8, scale value -2.34 : gain value 0.00
04-20 23:24:11.452  2543  2634 E VAS/AudioDriverInterface: setSourceScale() audio_set_dirana_source_gain() failed, ERROR -1
04-20 23:24:11.452  2543  2634 I VAS/AudioDriverInterface: setVolume() sinkType 1, volDb -49.80
04-20 23:24:11.453  2543  2634 I VAS/ExternalAmpIface: update() attrName MtxSnkLvl, rawValue -49.80
04-20 23:24:11.453  2543  2634 I VAS/AudioDriverInterface: setVolume() sinkType 2, volDb -37.50
04-20 23:24:11.453  2543  2634 I VAS/ExternalAmpIface: update() attrName MxPrmtSnkLvl, rawValue -37.50
04-20 23:24:11.453  2543  2634 I VAS/AudioCtrlSvcImpl: setMux() Non-Entertainment stream, UnMuting automatically
04-20 23:24:11.453  2543  2634 I VAS/AudioDriverInterface: setMuteRamp() sinkType 2, mute 0, time 0.00 sec
04-20 23:24:11.455  2754  3020 I chatty  : uid=1000(system) AudioService expire 7 lines
04-20 23:24:11.520  2754  3450 I chatty  : uid=1000(system) Binder_8 expire 17 lines
04-20 23:24:11.520  2754  4280 I chatty  : uid=1000(system) Binder_A expire 11 lines
04-20 23:24:11.526  2754  2833 I chatty  : uid=1000(system) android.bg expire 37 lines
04-20 23:24:11.594  2754  2767 I chatty  : uid=1000(system) Binder_2 expire 10 lines
04-20 23:24:11.748  2754  2766 I chatty  : uid=1000(system) Binder_1 expire 15 lines
04-20 23:24:11.751  2754  4281 I chatty  : uid=1000(system) Binder_B expire 7 lines
04-20 23:24:11.836  2754  2953 I chatty  : uid=1000(system) Binder_3 expire 16 lines
04-20 23:24:12.010  2754  4363 I chatty  : uid=1000(system) Binder_10 expire 21 lines
04-20 23:24:12.013  2754  3072 I chatty  : uid=1000(system) Binder_5 expire 15 lines
04-20 23:24:12.047  2754  4305 I chatty  : uid=1000(system) Binder_C expire 10 lines
04-20 23:24:12.175  2754  3449 I chatty  : uid=1000(system) Binder_7 expire 12 lines
04-20 23:24:12.206  2543  2639 I VAS/VehicleAudioService: abandonAudioFocus() streamType 4123, extraInfo 0, zone 8
04-20 23:24:12.206  2543  2639 I VAS/VehicleAudioService: setMux() name prompt_mux, input 4123, gain -100, extraInfo 0, zone 8
04-20 23:24:12.206  2543  2639 I VAS/AudioDriverInterface: setMuteRamp() sinkType 2, mute 1, time 0.00 sec
04-20 23:24:12.210  2543  2639 I VAS/AudioDriverInterface: setSrc() sinkType 8, streamType 4123, activationStatus 0, extraInfo 0
04-20 23:24:12.214  2543  2639 I VAS/AudioDriverInterface: setVolume() sinkType 1, volDb -39.00
04-20 23:24:12.217  2543  2639 I VAS/ExternalAmpIface: update() attrName MtxSnkLvl, rawValue -39.00
04-20 23:24:12.244  2543 22558 I VAS/VehicleAudioService: requestAudioFocus() streamType 4123, extraInfo 0, zone 8, clientId gm.media.audio.VehicleAudioManager@3d7286bcom.gm.server.audioproxyservice.QueueProcessor$TextToSpeechVAM$1@eaeffc81
04-20 23:24:12.244  2543 22558 I VAS/VehicleAudioService: setMux() name prompt_mux, input 4123, gain 0, extraInfo 0, zone 8
04-20 23:24:12.244  2543 22558 I VAS/AudioDriverInterface: setSrc() sinkType 8, streamType 4123, activationStatus 1, extraInfo 0
04-20 23:24:12.245  2543 22558 I VAS/AudioDriverInterface: setSourceScale() sinkType 8, scale value -2.34 : gain value 0.00
04-20 23:24:12.246  2543 22558 E VAS/AudioDriverInterface: setSourceScale() audio_set_dirana_source_gain() failed, ERROR -1
04-20 23:24:12.246  2543 22558 I VAS/AudioDriverInterface: setVolume() sinkType 1, volDb -49.80
04-20 23:24:12.247  2543 22558 I VAS/ExternalAmpIface: update() attrName MtxSnkLvl, rawValue -49.80
04-20 23:24:12.247  2543 22558 I VAS/AudioDriverInterface: setVolume() sinkType 2, volDb -37.50
04-20 23:24:12.247  2543 22558 I VAS/ExternalAmpIface: update() attrName MxPrmtSnkLvl, rawValue -37.50
04-20 23:24:12.248  2543 22558 I VAS/AudioCtrlSvcImpl: setMux() Non-Entertainment stream, UnMuting automatically
04-20 23:24:12.248  2543 22558 I VAS/AudioDriverInterface: setMuteRamp() sinkType 2, mute 0, time 0.00 sec
04-20 23:24:12.298  2754  3451 I chatty  : uid=1000(system) Binder_9 expire 12 lines
04-20 23:24:13.028  2754  2954 I chatty  : uid=1000(system) Binder_4 expire 4 lines
04-20 23:24:13.686  2543  2543 I VAS/VehicleAudioService: abandonAudioFocus() streamType 4123, extraInfo 0, zone 8
04-20 23:24:13.686  2543  2543 I VAS/VehicleAudioService: setMux() name prompt_mux, input 4123, gain -100, extraInfo 0, zone 8
04-20 23:24:13.686  2543  2543 I VAS/AudioDriverInterface: setMuteRamp() sinkType 2, mute 1, time 0.00 sec
04-20 23:24:13.688  2543  2543 I VAS/AudioDriverInterface: setSrc() sinkType 8, streamType 4123, activationStatus 0, extraInfo 0
04-20 23:24:13.696  2543  2543 I VAS/AudioDriverInterface: setVolume() sinkType 1, volDb -39.00
04-20 23:24:13.698  2543  2543 I VAS/ExternalAmpIface: update() attrName MtxSnkLvl, rawValue -39.00
04-20 23:24:14.285  2543  2634 I VAS/VehicleAudioService: requestAudioFocus() streamType 4123, extraInfo 0, zone 8, clientId gm.media.audio.VehicleAudioManager@a96fcb1com.telenav.arp.audio.DenaliAudioManager@52db5961
04-20 23:24:14.285  2543  2634 I VAS/VehicleAudioService: setMux() name prompt_mux, input 4123, gain 0, extraInfo 0, zone 8
04-20 23:24:14.286  2543  2634 I VAS/AudioDriverInterface: setSrc() sinkType 8, streamType 4123, activationStatus 1, extraInfo 0
04-20 23:24:14.288  2543  2634 I VAS/AudioDriverInterface: setSourceScale() sinkType 8, scale value -2.34 : gain value 0.00
04-20 23:24:14.288  2543  2634 E VAS/AudioDriverInterface: setSourceScale() audio_set_dirana_source_gain() failed, ERROR -1
04-20 23:24:14.288  2543  2634 I VAS/AudioDriverInterface: setVolume() sinkType 1, volDb -49.80
04-20 23:24:14.290  2543  2634 I VAS/ExternalAmpIface: update() attrName MtxSnkLvl, rawValue -49.80
04-20 23:24:14.290  2543  2634 I VAS/AudioDriverInterface: setVolume() sinkType 2, volDb -37.50
04-20 23:24:14.290  2543  2634 I VAS/ExternalAmpIface: update() attrName MxPrmtSnkLvl, rawValue -37.50
04-20 23:24:14.290  2543  2634 I VAS/AudioCtrlSvcImpl: setMux() Non-Entertainment stream, UnMuting automatically
04-20 23:24:14.290  2543  2634 I VAS/AudioDriverInterface: setMuteRamp() sinkType 2, mute 0, time 0.00 sec
04-20 23:24:14.498  2754  2842 I chatty  : uid=1000(system) android.ui expire 2 lines
04-20 23:24:14.910  2543  2639 I VAS/VehicleAudioService: abandonAudioFocus() streamType 4123, extraInfo 0, zone 8
04-20 23:24:14.910  2543  2639 I VAS/VehicleAudioService: setMux() name prompt_mux, input 4123, gain -100, extraInfo 0, zone 8
04-20 23:24:14.910  2543  2639 I VAS/AudioDriverInterface: setMuteRamp() sinkType 2, mute 1, time 0.00 sec
04-20 23:24:14.911  2543  2639 I VAS/AudioDriverInterface: setSrc() sinkType 8, streamType 4123, activationStatus 0, extraInfo 0
04-20 23:24:14.925  2543  2639 I VAS/AudioDriverInterface: setVolume() sinkType 1, volDb -39.00
04-20 23:24:14.934  2543  2639 I VAS/ExternalAmpIface: update() attrName MtxSnkLvl, rawValue -39.00
04-20 23:24:16.041  2754  2852 I chatty  : uid=1000(system) android.display expire 3 lines
04-20 23:24:16.408  2754  3009 I chatty  : uid=1000(system) WifiStateMachin expire 2 lines
04-20 23:24:16.922 28624 28624 W StatusBarManager: enter dropFocus in StatusBarManager
04-20 23:24:17.191  2543 22558 I VAS/VehicleAudioService: requestAudioFocus() streamType 4123, extraInfo 0, zone 8, clientId gm.media.audio.VehicleAudioManager@3d7286bcom.gm.server.audioproxyservice.QueueProcessor$TextToSpeechVAM$1@eaeffc81
04-20 23:24:17.191  2543 22558 I VAS/VehicleAudioService: setMux() name prompt_mux, input 4123, gain 0, extraInfo 0, zone 8
04-20 23:24:17.192  2543 22558 I VAS/AudioDriverInterface: setSrc() sinkType 8, streamType 4123, activationStatus 1, extraInfo 0
04-20 23:24:17.193  2543 22558 I VAS/AudioDriverInterface: setSourceScale() sinkType 8, scale value -2.34 : gain value 0.00
04-20 23:24:17.193  2543 22558 E VAS/AudioDriverInterface: setSourceScale() audio_set_dirana_source_gain() failed, ERROR -1
04-20 23:24:17.194  2543 22558 I VAS/AudioDriverInterface: setVolume() sinkType 1, volDb -49.80
04-20 23:24:17.194  2543 22558 I VAS/ExternalAmpIface: update() attrName MtxSnkLvl, rawValue -49.80
04-20 23:24:17.194  2543 22558 I VAS/AudioDriverInterface: setVolume() sinkType 2, volDb -37.50
04-20 23:24:17.195  2543 22558 I VAS/ExternalAmpIface: update() attrName MxPrmtSnkLvl, rawValue -37.50
04-20 23:24:17.195  2543 22558 I VAS/AudioCtrlSvcImpl: setMux() Non-Entertainment stream, UnMuting automatically
04-20 23:24:17.195  2543 22558 I VAS/AudioDriverInterface: setMuteRamp() sinkType 2, mute 0, time 0.00 sec
04-20 23:24:17.487  2754  2833 I chatty  : uid=1000(system) android.bg expire 35 lines
04-20 23:24:17.531  2754  2767 I chatty  : uid=1000(system) Binder_2 expire 23 lines
04-20 23:24:17.531  2754  3449 I chatty  : uid=1000(system) Binder_7 expire 21 lines
04-20 23:24:17.541  2754  3143 I chatty  : uid=1000(system) Binder_6 expire 14 lines
04-20 23:24:17.599  2754  4310 I chatty  : uid=1000(system) Binder_D expire 7 lines
04-20 23:24:17.703  2754  4334 I chatty  : uid=1000(system) Binder_E expire 17 lines
04-20 23:24:17.811  2754  4341 I chatty  : uid=1000(system) Binder_F expire 18 lines
04-20 23:24:17.812  2754  2766 I chatty  : uid=1000(system) Binder_1 expire 18 lines
04-20 23:24:17.916  2754  2954 I chatty  : uid=1000(system) Binder_4 expire 10 lines
04-20 23:24:17.918  2754  3451 I chatty  : uid=1000(system) Binder_9 expire 16 lines
04-20 23:24:18.149  2754  4305 I chatty  : uid=1000(system) Binder_C expire 19 lines
04-20 23:24:18.262 28624 28624 W StatusBarManager: enter dropFocus in StatusBarManager
04-20 23:24:18.262  2754  4280 I chatty  : uid=1000(system) Binder_A expire 13 lines
04-20 23:24:18.372  2754  2953 I chatty  : uid=1000(system) Binder_3 expire 10 lines
04-20 23:24:18.392  2754  4281 I chatty  : uid=1000(system) Binder_B expire 5 lines
04-20 23:24:18.427  2754  2852 I chatty  : uid=1000(system) android.display expire 3 lines
04-20 23:24:18.631  2543  2543 I VAS/VehicleAudioService: abandonAudioFocus() streamType 4123, extraInfo 0, zone 8
04-20 23:24:18.631  2543  2543 I VAS/VehicleAudioService: setMux() name prompt_mux, input 4123, gain -100, extraInfo 0, zone 8
04-20 23:24:18.631  2543  2543 I VAS/AudioDriverInterface: setMuteRamp() sinkType 2, mute 1, time 0.00 sec
04-20 23:24:18.632  2543  2543 I VAS/AudioDriverInterface: setSrc() sinkType 8, streamType 4123, activationStatus 0, extraInfo 0
04-20 23:24:18.636  2543  2543 I VAS/AudioDriverInterface: setVolume() sinkType 1, volDb -39.00
04-20 23:24:18.636  2543  2543 I VAS/ExternalAmpIface: update() attrName MtxSnkLvl, rawValue -39.00
04-20 23:24:18.639  2754  3020 I chatty  : uid=1000(system) AudioService expire 3 lines
04-20 23:24:18.643  2754  4363 I chatty  : uid=1000(system) Binder_10 expire 15 lines
04-20 23:24:19.547  2754  3072 I chatty  : uid=1000(system) Binder_5 expire 7 lines
04-20 23:24:19.592  2543  2634 I VAS/VehicleAudioService: requestAudioFocus() streamType 4123, extraInfo 0, zone 8, clientId gm.media.audio.VehicleAudioManager@3d7286bcom.gm.server.audioproxyservice.QueueProcessor$TextToSpeechVAM$1@eaeffc81
04-20 23:24:19.592  2543  2634 I VAS/VehicleAudioService: setMux() name prompt_mux, input 4123, gain 0, extraInfo 0, zone 8
04-20 23:24:19.592  2543  2634 I VAS/AudioDriverInterface: setSrc() sinkType 8, streamType 4123, activationStatus 1, extraInfo 0
04-20 23:24:19.595  2543  2634 I VAS/AudioDriverInterface: setSourceScale() sinkType 8, scale value -2.34 : gain value 0.00
04-20 23:24:19.597  2543  2634 E VAS/AudioDriverInterface: setSourceScale() audio_set_dirana_source_gain() failed, ERROR -1
04-20 23:24:19.598  2543  2634 I VAS/AudioDriverInterface: setVolume() sinkType 1, volDb -49.80
04-20 23:24:19.600  2543  2634 I VAS/ExternalAmpIface: update() attrName MtxSnkLvl, rawValue -49.80
04-20 23:24:19.600  2543  2634 I VAS/AudioDriverInterface: setVolume() sinkType 2, volDb -37.50
04-20 23:24:19.600  2543  2634 I VAS/ExternalAmpIface: update() attrName MxPrmtSnkLvl, rawValue -37.50
04-20 23:24:19.600  2543  2634 I VAS/AudioCtrlSvcImpl: setMux() Non-Entertainment stream, UnMuting automatically
04-20 23:24:19.600  2543  2634 I VAS/AudioDriverInterface: setMuteRamp() sinkType 2, mute 0, time 0.00 sec
04-20 23:24:20.522 28624 28624 W StatusBarManager: enter dropFocus in StatusBarManager
04-20 23:24:21.039  2543  2639 I VAS/VehicleAudioService: abandonAudioFocus() streamType 4123, extraInfo 0, zone 8
04-20 23:24:21.039  2543  2639 I VAS/VehicleAudioService: setMux() name prompt_mux, input 4123, gain -100, extraInfo 0, zone 8
04-20 23:24:21.040  2543  2639 I VAS/AudioDriverInterface: setMuteRamp() sinkType 2, mute 1, time 0.00 sec
04-20 23:24:21.041  2543  2639 I VAS/AudioDriverInterface: setSrc() sinkType 8, streamType 4123, activationStatus 0, extraInfo 0
04-20 23:24:21.043  2543  2639 I VAS/AudioDriverInterface: setVolume() sinkType 1, volDb -39.00
04-20 23:24:21.044  2543  2639 I VAS/ExternalAmpIface: update() attrName MtxSnkLvl, rawValue -39.00
04-20 23:24:21.735  2754  3450 I chatty  : uid=1000(system) Binder_8 expire 15 lines
04-20 23:24:22.510  2754  2953 I chatty  : uid=1000(system) Binder_3 expire 11 lines
04-20 23:24:22.512  2754  4305 I chatty  : uid=1000(system) Binder_C expire 15 lines
04-20 23:24:22.518  2754  4334 I chatty  : uid=1000(system) Binder_E expire 12 lines
04-20 23:24:22.519  2754  2766 I chatty  : uid=1000(system) Binder_1 expire 9 lines
04-20 23:24:22.555  2933  3089 I chatty  : uid=1000(system) TcpInternetMana expire 2 lines
04-20 23:24:22.622  2754  2954 I chatty  : uid=1000(system) Binder_4 expire 12 lines
04-20 23:24:22.623  2754  3449 I chatty  : uid=1000(system) Binder_7 expire 9 lines
04-20 23:24:22.629  2754  3143 I chatty  : uid=1000(system) Binder_6 expire 17 lines
04-20 23:24:22.629  2754  2833 I chatty  : uid=1000(system) android.bg expire 36 lines
04-20 23:24:22.632  2754  2767 I chatty  : uid=1000(system) Binder_2 expire 11 lines
04-20 23:24:22.737  2754  3072 I chatty  : uid=1000(system) Binder_5 expire 13 lines
04-20 23:24:22.739  2754  4281 I chatty  : uid=1000(system) Binder_B expire 17 lines
04-20 23:24:22.943  2754  3451 I chatty  : uid=1000(system) Binder_9 expire 18 lines
04-20 23:24:23.177  2754  4310 I chatty  : uid=1000(system) Binder_D expire 19 lines
04-20 23:24:23.191  2754  4363 I chatty  : uid=1000(system) Binder_10 expire 4 lines
04-20 23:24:23.199  2754  4280 I chatty  : uid=1000(system) Binder_A expire 16 lines
04-20 23:24:23.619  2754  4341 I chatty  : uid=1000(system) Binder_F expire 8 lines
04-20 23:24:23.792  2543 22558 I VAS/VehicleAudioService: requestAudioFocus() streamType 4123, extraInfo 0, zone 8, clientId gm.media.audio.VehicleAudioManager@3d7286bcom.gm.server.audioproxyservice.QueueProcessor$TextToSpeechVAM$1@eaeffc81
04-20 23:24:23.792  2543 22558 I VAS/VehicleAudioService: setMux() name prompt_mux, input 4123, gain 0, extraInfo 0, zone 8
04-20 23:24:23.792  2543 22558 I VAS/AudioDriverInterface: setSrc() sinkType 8, streamType 4123, activationStatus 1, extraInfo 0
04-20 23:24:23.796  2543 22558 I VAS/AudioDriverInterface: setSourceScale() sinkType 8, scale value -2.34 : gain value 0.00
04-20 23:24:23.796  2543 22558 E VAS/AudioDriverInterface: setSourceScale() audio_set_dirana_source_gain() failed, ERROR -1
04-20 23:24:23.796  2543 22558 I VAS/AudioDriverInterface: setVolume() sinkType 1, volDb -49.80
04-20 23:24:23.799  2543 22558 I VAS/ExternalAmpIface: update() attrName MtxSnkLvl, rawValue -49.80
04-20 23:24:23.799  2543 22558 I VAS/AudioDriverInterface: setVolume() sinkType 2, volDb -37.50
04-20 23:24:23.801  2543 22558 I VAS/ExternalAmpIface: update() attrName MxPrmtSnkLvl, rawValue -37.50
04-20 23:24:23.801  2543 22558 I VAS/AudioCtrlSvcImpl: setMux() Non-Entertainment stream, UnMuting automatically
04-20 23:24:23.801  2543 22558 I VAS/AudioDriverInterface: setMuteRamp() sinkType 2, mute 0, time 0.00 sec
04-20 23:24:23.805  2754  3020 I chatty  : uid=1000(system) AudioService expire 3 lines
04-20 23:24:24.555  2754  2842 I chatty  : uid=1000(system) android.ui expire 3 lines
04-20 23:24:25.232  2543  2543 I VAS/VehicleAudioService: abandonAudioFocus() streamType 4123, extraInfo 0, zone 8
04-20 23:24:25.232  2543  2543 I VAS/VehicleAudioService: setMux() name prompt_mux, input 4123, gain -100, extraInfo 0, zone 8
04-20 23:24:25.232  2543  2543 I VAS/AudioDriverInterface: setMuteRamp() sinkType 2, mute 1, time 0.00 sec
04-20 23:24:25.233  2543  2543 I VAS/AudioDriverInterface: setSrc() sinkType 8, streamType 4123, activationStatus 0, extraInfo 0
04-20 23:24:25.235  2543  2543 I VAS/AudioDriverInterface: setVolume() sinkType 1, volDb -39.00
04-20 23:24:25.236  2543  2543 I VAS/ExternalAmpIface: update() attrName MtxSnkLvl, rawValue -39.00
04-20 23:24:25.879  2754  2852 I chatty  : uid=1000(system) android.display expire 12 lines
04-20 23:24:27.005 28624 28624 W StatusBarManager: enter dropFocus in StatusBarManager
04-20 23:24:27.163  2543  2634 I VAS/VehicleAudioService: requestAudioFocus() streamType 4123, extraInfo 0, zone 8, clientId gm.media.audio.VehicleAudioManager@3d7286bcom.gm.server.audioproxyservice.QueueProcessor$TextToSpeechVAM$1@eaeffc81
04-20 23:24:27.163  2543  2634 I VAS/VehicleAudioService: setMux() name prompt_mux, input 4123, gain 0, extraInfo 0, zone 8
04-20 23:24:27.163  2543  2634 I VAS/AudioDriverInterface: setSrc() sinkType 8, streamType 4123, activationStatus 1, extraInfo 0
04-20 23:24:27.164  2543  2634 I VAS/AudioDriverInterface: setSourceScale() sinkType 8, scale value -2.34 : gain value 0.00
04-20 23:24:27.164  2543  2634 E VAS/AudioDriverInterface: setSourceScale() audio_set_dirana_source_gain() failed, ERROR -1
04-20 23:24:27.165  2543  2634 I VAS/AudioDriverInterface: setVolume() sinkType 1, volDb -49.80
04-20 23:24:27.166  2543  2634 I VAS/ExternalAmpIface: update() attrName MtxSnkLvl, rawValue -49.80
04-20 23:24:27.167  2543  2634 I VAS/AudioDriverInterface: setVolume() sinkType 2, volDb -37.50
04-20 23:24:27.167  2543  2634 I VAS/ExternalAmpIface: update() attrName MxPrmtSnkLvl, rawValue -37.50
04-20 23:24:27.167  2543  2634 I VAS/AudioCtrlSvcImpl: setMux() Non-Entertainment stream, UnMuting automatically
04-20 23:24:27.167  2543  2634 I VAS/AudioDriverInterface: setMuteRamp() sinkType 2, mute 0, time 0.00 sec
04-20 23:24:28.007  2754  4341 I chatty  : uid=1000(system) Binder_F expire 10 lines
04-20 23:24:28.007  2754  2766 I chatty  : uid=1000(system) Binder_1 expire 11 lines
04-20 23:24:28.009  2754  3450 I chatty  : uid=1000(system) Binder_8 expire 12 lines
04-20 23:24:28.010  2754  3072 I chatty  : uid=1000(system) Binder_5 expire 11 lines
04-20 23:24:28.011  2754  3451 I chatty  : uid=1000(system) Binder_9 expire 13 lines
04-20 23:24:28.012  2754  4334 I chatty  : uid=1000(system) Binder_E expire 18 lines
04-20 23:24:28.015  2754  2767 I chatty  : uid=1000(system) Binder_2 expire 14 lines
04-20 23:24:28.027  2754  4305 I chatty  : uid=1000(system) Binder_C expire 13 lines
04-20 23:24:28.028  2754  2833 I chatty  : uid=1000(system) android.bg expire 38 lines
04-20 23:24:28.105  2754  2954 I chatty  : uid=1000(system) Binder_4 expire 15 lines
04-20 23:24:28.293  2543  2639 I VAS/VehicleAudioService: abandonAudioFocus() streamType 4123, extraInfo 0, zone 8
04-20 23:24:28.293  2543  2639 I VAS/VehicleAudioService: setMux() name prompt_mux, input 4123, gain -100, extraInfo 0, zone 8
04-20 23:24:28.293  2543  2639 I VAS/AudioDriverInterface: setMuteRamp() sinkType 2, mute 1, time 0.00 sec
04-20 23:24:28.295  2543  2639 I VAS/AudioDriverInterface: setSrc() sinkType 8, streamType 4123, activationStatus 0, extraInfo 0
04-20 23:24:28.308  2543  2639 I VAS/AudioDriverInterface: setVolume() sinkType 1, volDb -39.00
04-20 23:24:28.309  2543  2639 I VAS/ExternalAmpIface: update() attrName MtxSnkLvl, rawValue -39.00
04-20 23:24:28.315  2754  3020 I chatty  : uid=1000(system) AudioService expire 3 lines
04-20 23:24:28.355  2754  4310 I chatty  : uid=1000(system) Binder_D expire 10 lines
04-20 23:24:28.362  2754  3143 I chatty  : uid=1000(system) Binder_6 expire 17 lines
04-20 23:24:28.365  2543 22558 I VAS/VehicleAudioService: requestAudioFocus() streamType 4123, extraInfo 0, zone 8, clientId gm.media.audio.VehicleAudioManager@3d7286bcom.gm.server.audioproxyservice.QueueProcessor$TextToSpeechVAM$1@eaeffc81
04-20 23:24:28.365  2543 22558 I VAS/VehicleAudioService: setMux() name prompt_mux, input 4123, gain 0, extraInfo 0, zone 8
04-20 23:24:28.365  2543 22558 I VAS/AudioDriverInterface: setSrc() sinkType 8, streamType 4123, activationStatus 1, extraInfo 0
04-20 23:24:28.366  2543 22558 I VAS/AudioDriverInterface: setSourceScale() sinkType 8, scale value -2.34 : gain value 0.00
04-20 23:24:28.367  2543 22558 E VAS/AudioDriverInterface: setSourceScale() audio_set_dirana_source_gain() failed, ERROR -1
04-20 23:24:28.367  2543 22558 I VAS/AudioDriverInterface: setVolume() sinkType 1, volDb -49.80
04-20 23:24:28.368  2543 22558 I VAS/ExternalAmpIface: update() attrName MtxSnkLvl, rawValue -49.80
04-20 23:24:28.368  2543 22558 I VAS/AudioDriverInterface: setVolume() sinkType 2, volDb -37.50
04-20 23:24:28.368  2543 22558 I VAS/ExternalAmpIface: update() attrName MxPrmtSnkLvl, rawValue -37.50
04-20 23:24:28.368  2543 22558 I VAS/AudioCtrlSvcImpl: setMux() Non-Entertainment stream, UnMuting automatically
04-20 23:24:28.368  2543 22558 I VAS/AudioDriverInterface: setMuteRamp() sinkType 2, mute 0, time 0.00 sec
04-20 23:24:28.408  2754  3449 I chatty  : uid=1000(system) Binder_7 expire 18 lines
04-20 23:24:28.409  2754  2842 I chatty  : uid=1000(system) android.ui expire 1 line
04-20 23:24:28.483  2754  4281 I chatty  : uid=1000(system) Binder_B expire 10 lines
04-20 23:24:28.691  2754  4363 I chatty  : uid=1000(system) Binder_10 expire 20 lines
04-20 23:24:28.944  2754  2953 I chatty  : uid=1000(system) Binder_3 expire 6 lines
04-20 23:24:29.951  2754  4280 I chatty  : uid=1000(system) Binder_A expire 7 lines
04-20 23:24:30.474  2543  2543 I VAS/VehicleAudioService: abandonAudioFocus() streamType 4123, extraInfo 0, zone 8
04-20 23:24:30.474  2543  2543 I VAS/VehicleAudioService: setMux() name prompt_mux, input 4123, gain -100, extraInfo 0, zone 8
04-20 23:24:30.474  2543  2543 I VAS/AudioDriverInterface: setMuteRamp() sinkType 2, mute 1, time 0.00 sec
04-20 23:24:30.475  2543  2543 I VAS/AudioDriverInterface: setSrc() sinkType 8, streamType 4123, activationStatus 0, extraInfo 0
04-20 23:24:30.477  2543  2543 I VAS/AudioDriverInterface: setVolume() sinkType 1, volDb -39.00
04-20 23:24:30.478  2543  2543 I VAS/ExternalAmpIface: update() attrName MtxSnkLvl, rawValue -39.00
04-20 23:24:31.419  2754  3009 I chatty  : uid=1000(system) WifiStateMachin expire 2 lines
04-20 23:24:33.709  2754  3449 I chatty  : uid=1000(system) Binder_7 expire 9 lines
04-20 23:24:33.728  2754  2833 I chatty  : uid=1000(system) android.bg expire 34 lines
04-20 23:24:33.738  2754  2766 I chatty  : uid=1000(system) Binder_1 expire 19 lines
04-20 23:24:33.739  2754  3451 I chatty  : uid=1000(system) Binder_9 expire 13 lines
04-20 23:24:33.746 28624 28624 W StatusBarManager: enter dropFocus in StatusBarManager
04-20 23:24:33.746  2754  3072 I chatty  : uid=1000(system) Binder_5 expire 11 lines
04-20 23:24:33.882  2754  2954 I chatty  : uid=1000(system) Binder_4 expire 9 lines
04-20 23:24:33.883  2754  4281 I chatty  : uid=1000(system) Binder_B expire 20 lines
04-20 23:24:33.941  2754  3450 I chatty  : uid=1000(system) Binder_8 expire 19 lines
04-20 23:24:33.952  2754  2767 I chatty  : uid=1000(system) Binder_2 expire 12 lines
04-20 23:24:33.953  2754  4280 I chatty  : uid=1000(system) Binder_A expire 8 lines
04-20 23:24:33.965  2754  4305 I chatty  : uid=1000(system) Binder_C expire 12 lines
04-20 23:24:33.977  2754  3143 I chatty  : uid=1000(system) Binder_6 expire 8 lines
04-20 23:24:33.980  2754  4363 I chatty  : uid=1000(system) Binder_10 expire 18 lines
04-20 23:24:33.983  2754  2953 I chatty  : uid=1000(system) Binder_3 expire 16 lines
04-20 23:24:34.094  2754  4310 I chatty  : uid=1000(system) Binder_D expire 19 lines
04-20 23:24:34.114  2754  4334 I chatty  : uid=1000(system) Binder_E expire 17 lines
04-20 23:24:34.395  2754  4341 I chatty  : uid=1000(system) Binder_F expire 9 lines
04-20 23:24:35.919  2754  2842 I chatty  : uid=1000(system) android.ui expire 1 line
04-20 23:24:36.974  2543  2634 I VAS/VehicleAudioService: requestAudioFocus() streamType 4123, extraInfo 0, zone 8, clientId gm.media.audio.VehicleAudioManager@3d7286bcom.gm.server.audioproxyservice.QueueProcessor$TextToSpeechVAM$1@eaeffc81
04-20 23:24:36.974  2543  2634 I VAS/VehicleAudioService: setMux() name prompt_mux, input 4123, gain 0, extraInfo 0, zone 8
04-20 23:24:36.974  2543  2634 I VAS/AudioDriverInterface: setSrc() sinkType 8, streamType 4123, activationStatus 1, extraInfo 0
04-20 23:24:36.975  2543  2634 I VAS/AudioDriverInterface: setSourceScale() sinkType 8, scale value -2.34 : gain value 0.00
04-20 23:24:36.976  2543  2634 E VAS/AudioDriverInterface: setSourceScale() audio_set_dirana_source_gain() failed, ERROR -1
04-20 23:24:36.976  2543  2634 I VAS/AudioDriverInterface: setVolume() sinkType 1, volDb -49.80
04-20 23:24:36.976  2543  2634 I VAS/ExternalAmpIface: update() attrName MtxSnkLvl, rawValue -49.80
04-20 23:24:36.976  2543  2634 I VAS/AudioDriverInterface: setVolume() sinkType 2, volDb -37.50
04-20 23:24:36.977  2543  2634 I VAS/ExternalAmpIface: update() attrName MxPrmtSnkLvl, rawValue -37.50
04-20 23:24:36.977  2543  2634 I VAS/AudioCtrlSvcImpl: setMux() Non-Entertainment stream, UnMuting automatically
04-20 23:24:36.977  2543  2634 I VAS/AudioDriverInterface: setMuteRamp() sinkType 2, mute 0, time 0.00 sec
04-20 23:24:36.979  2754  3020 I chatty  : uid=1000(system) AudioService expire 4 lines
04-20 23:24:37.242 28624 28624 W StatusBarManager: enter dropFocus in StatusBarManager
04-20 23:24:38.681  2754  3450 I chatty  : uid=1000(system) Binder_8 expire 16 lines
04-20 23:24:38.711  2754  3451 I chatty  : uid=1000(system) Binder_9 expire 15 lines
04-20 23:24:38.711  2754  2842 I chatty  : uid=1000(system) android.ui expire 3 lines
04-20 23:24:38.721  2754  4363 I chatty  : uid=1000(system) Binder_10 expire 12 lines
04-20 23:24:38.741  2754  2852 I chatty  : uid=1000(system) android.display expire 9 lines
04-20 23:24:38.745  2754  2766 I chatty  : uid=1000(system) Binder_1 expire 14 lines
04-20 23:24:38.765  2754  3449 I chatty  : uid=1000(system) Binder_7 expire 14 lines
04-20 23:24:38.833  2754  2833 I chatty  : uid=1000(system) android.bg expire 35 lines
04-20 23:24:38.888  2754  4334 I chatty  : uid=1000(system) Binder_E expire 12 lines
04-20 23:24:38.889  2754  4310 I chatty  : uid=1000(system) Binder_D expire 22 lines
04-20 23:24:38.891  2754  2767 I chatty  : uid=1000(system) Binder_2 expire 11 lines
04-20 23:24:38.891  2754  4280 I chatty  : uid=1000(system) Binder_A expire 16 lines
04-20 23:24:38.998  2754  3072 I chatty  : uid=1000(system) Binder_5 expire 11 lines
04-20 23:24:39.127  2754  2954 I chatty  : uid=1000(system) Binder_4 expire 13 lines
04-20 23:24:39.307  2754  4305 I chatty  : uid=1000(system) Binder_C expire 5 lines
04-20 23:24:39.360  2543  2639 I VAS/VehicleAudioService: abandonAudioFocus() streamType 4123, extraInfo 0, zone 8
04-20 23:24:39.360  2543  2639 I VAS/VehicleAudioService: setMux() name prompt_mux, input 4123, gain -100, extraInfo 0, zone 8
04-20 23:24:39.360  2543  2639 I VAS/AudioDriverInterface: setMuteRamp() sinkType 2, mute 1, time 0.00 sec
04-20 23:24:39.361  2543  2639 I VAS/AudioDriverInterface: setSrc() sinkType 8, streamType 4123, activationStatus 0, extraInfo 0
04-20 23:24:39.364  2543  2639 I VAS/AudioDriverInterface: setVolume() sinkType 1, volDb -39.00
04-20 23:24:39.365  2543  2639 I VAS/ExternalAmpIface: update() attrName MtxSnkLvl, rawValue -39.00
04-20 23:24:39.742  2754  2953 I chatty  : uid=1000(system) Binder_3 expire 8 lines
04-20 23:24:39.847  2754  3143 I chatty  : uid=1000(system) Binder_6 expire 12 lines
04-20 23:24:39.848  2754  4281 I chatty  : uid=1000(system) Binder_B expire 12 lines
04-20 23:24:40.663 28624 28624 W StatusBarManager: enter dropFocus in StatusBarManager
04-20 23:24:40.733  2754  4341 I chatty  : uid=1000(system) Binder_F expire 10 lines
04-20 23:24:41.262  2543 22558 I VAS/VehicleAudioService: requestAudioFocus() streamType 4123, extraInfo 0, zone 8, clientId gm.media.audio.VehicleAudioManager@3d7286bcom.gm.server.audioproxyservice.QueueProcessor$TextToSpeechVAM$1@eaeffc81
04-20 23:24:41.263  2543 22558 I VAS/VehicleAudioService: setMux() name prompt_mux, input 4123, gain 0, extraInfo 0, zone 8
04-20 23:24:41.263  2543 22558 I VAS/AudioDriverInterface: setSrc() sinkType 8, streamType 4123, activationStatus 1, extraInfo 0
04-20 23:24:41.264  2543 22558 I VAS/AudioDriverInterface: setSourceScale() sinkType 8, scale value -2.34 : gain value 0.00
04-20 23:24:41.264  2543 22558 E VAS/AudioDriverInterface: setSourceScale() audio_set_dirana_source_gain() failed, ERROR -1
04-20 23:24:41.264  2543 22558 I VAS/AudioDriverInterface: setVolume() sinkType 1, volDb -49.80
04-20 23:24:41.265  2543 22558 I VAS/ExternalAmpIface: update() attrName MtxSnkLvl, rawValue -49.80
04-20 23:24:41.265  2543 22558 I VAS/AudioDriverInterface: setVolume() sinkType 2, volDb -37.50
04-20 23:24:41.265  2543 22558 I VAS/ExternalAmpIface: update() attrName MxPrmtSnkLvl, rawValue -37.50
04-20 23:24:41.265  2543 22558 I VAS/AudioCtrlSvcImpl: setMux() Non-Entertainment stream, UnMuting automatically
04-20 23:24:41.265  2543 22558 I VAS/AudioDriverInterface: setMuteRamp() sinkType 2, mute 0, time 0.00 sec
04-20 23:24:42.575  2933  3089 I chatty  : uid=1000(system) TcpInternetMana expire 2 lines
04-20 23:24:42.709  2543  2543 I VAS/VehicleAudioService: abandonAudioFocus() streamType 4123, extraInfo 0, zone 8
04-20 23:24:42.709  2543  2543 I VAS/VehicleAudioService: setMux() name prompt_mux, input 4123, gain -100, extraInfo 0, zone 8
04-20 23:24:42.709  2543  2543 I VAS/AudioDriverInterface: setMuteRamp() sinkType 2, mute 1, time 0.00 sec
04-20 23:24:42.710  2543  2543 I VAS/AudioDriverInterface: setSrc() sinkType 8, streamType 4123, activationStatus 0, extraInfo 0
04-20 23:24:42.713  2543  2543 I VAS/AudioDriverInterface: setVolume() sinkType 1, volDb -39.00
04-20 23:24:42.715  2543  2543 I VAS/ExternalAmpIface: update() attrName MtxSnkLvl, rawValue -39.00
04-20 23:24:43.475 28624 28624 W StatusBarManager: enter dropFocus in StatusBarManager
04-20 23:24:44.232  2754  2833 I chatty  : uid=1000(system) android.bg expire 37 lines
04-20 23:24:44.279  2754  4310 I chatty  : uid=1000(system) Binder_D expire 8 lines
04-20 23:24:44.279  2754  4334 I chatty  : uid=1000(system) Binder_E expire 14 lines
04-20 23:24:44.284  2754  4305 I chatty  : uid=1000(system) Binder_C expire 14 lines
04-20 23:24:44.285  2754  3451 I chatty  : uid=1000(system) Binder_9 expire 18 lines
04-20 23:24:44.497  2754  3449 I chatty  : uid=1000(system) Binder_7 expire 6 lines
04-20 23:24:44.565 28624 28624 W StatusBarManager: enter dropFocus in StatusBarManager
04-20 23:24:44.692  2754  3072 I chatty  : uid=1000(system) Binder_5 expire 15 lines
04-20 23:24:44.692  2754  4363 I chatty  : uid=1000(system) Binder_10 expire 18 lines
04-20 23:24:44.695  2754  4341 I chatty  : uid=1000(system) Binder_F expire 10 lines
04-20 23:24:44.759  2754  2767 I chatty  : uid=1000(system) Binder_2 expire 8 lines
04-20 23:24:44.761  2754  2953 I chatty  : uid=1000(system) Binder_3 expire 8 lines
04-20 23:24:44.764  2754  3143 I chatty  : uid=1000(system) Binder_6 expire 17 lines
04-20 23:24:44.765  2754  3450 I chatty  : uid=1000(system) Binder_8 expire 18 lines
04-20 23:24:44.849  2754  4281 I chatty  : uid=1000(system) Binder_B expire 15 lines
04-20 23:24:44.911  2754  2766 I chatty  : uid=1000(system) Binder_1 expire 19 lines
04-20 23:24:44.979  2754  2954 I chatty  : uid=1000(system) Binder_4 expire 14 lines
04-20 23:24:45.379  2754  4280 I chatty  : uid=1000(system) Binder_A expire 7 lines
04-20 23:24:45.448 28624 28624 W StatusBarManager: enter dropFocus in StatusBarManager
04-20 23:24:46.160  2754  2852 I chatty  : uid=1000(system) android.display expire 3 lines
04-20 23:24:46.256 28624 28624 W StatusBarManager: enter dropFocus in StatusBarManager
04-20 23:24:46.443  2754  3009 I chatty  : uid=1000(system) WifiStateMachin expire 2 lines
04-20 23:24:47.891  2543  2634 I VAS/VehicleAudioService: requestAudioFocus() streamType 4123, extraInfo 0, zone 8, clientId gm.media.audio.VehicleAudioManager@3d7286bcom.gm.server.audioproxyservice.QueueProcessor$TextToSpeechVAM$1@eaeffc81
04-20 23:24:47.891  2543  2634 I VAS/VehicleAudioService: setMux() name prompt_mux, input 4123, gain 0, extraInfo 0, zone 8
04-20 23:24:47.891  2543  2634 I VAS/AudioDriverInterface: setSrc() sinkType 8, streamType 4123, activationStatus 1, extraInfo 0
04-20 23:24:47.892  2543  2634 I VAS/AudioDriverInterface: setSourceScale() sinkType 8, scale value -2.34 : gain value 0.00
04-20 23:24:47.893  2543  2634 E VAS/AudioDriverInterface: setSourceScale() audio_set_dirana_source_gain() failed, ERROR -1
04-20 23:24:47.893  2543  2634 I VAS/AudioDriverInterface: setVolume() sinkType 1, volDb -49.80
04-20 23:24:47.895  2543  2634 I VAS/ExternalAmpIface: update() attrName MtxSnkLvl, rawValue -49.80
04-20 23:24:47.895  2543  2634 I VAS/AudioDriverInterface: setVolume() sinkType 2, volDb -37.50
04-20 23:24:47.895  2543  2634 I VAS/ExternalAmpIface: update() attrName MxPrmtSnkLvl, rawValue -37.50
04-20 23:24:47.895  2543  2634 I VAS/AudioCtrlSvcImpl: setMux() Non-Entertainment stream, UnMuting automatically
04-20 23:24:47.895  2543  2634 I VAS/AudioDriverInterface: setMuteRamp() sinkType 2, mute 0, time 0.00 sec
04-20 23:24:47.897  2754  3020 I chatty  : uid=1000(system) AudioService expire 3 lines
04-20 23:24:48.147  2754  2842 I chatty  : uid=1000(system) android.ui expire 1 line
04-20 23:24:49.043 28624 28624 W StatusBarManager: enter dropFocus in StatusBarManager
04-20 23:24:49.355  2543  2639 I VAS/VehicleAudioService: abandonAudioFocus() streamType 4123, extraInfo 0, zone 8
04-20 23:24:49.356  2543  2639 I VAS/VehicleAudioService: setMux() name prompt_mux, input 4123, gain -100, extraInfo 0, zone 8
04-20 23:24:49.356  2543  2639 I VAS/AudioDriverInterface: setMuteRamp() sinkType 2, mute 1, time 0.00 sec
04-20 23:24:49.356  2543  2639 I VAS/AudioDriverInterface: setSrc() sinkType 8, streamType 4123, activationStatus 0, extraInfo 0
