04-18 16:34:41.189  4232  4711 D OnStarCommands: getVoiceRegState: state = 1
04-18 16:34:41.189  4232  4711 D OnStarCommands: onCellNetInfo: No mVoiceNetworkStateRegistrants to notify
04-18 16:34:41.190  4232  4232 V OnStarServiceStateTracker: handleMessage: SIGNAL STRENGTH event = 12  current phone is not OnStar
04-18 16:34:41.190  4232  4232 V OnStarServiceStateTracker: handleMessage: EVENT_NETWORK_STATE_CHANGED: polling states...
04-18 16:34:41.190  4232  4232 V OnStarServiceStateTracker: pollState
04-18 16:34:41.190  4232  4232 D OnStarCommands: getVoiceRegState: state = 1
04-18 16:34:41.190  4232  4232 D OnStarCommands: getOperator: operatorName = AT&T
04-18 16:34:41.190  4232  4232 V OnStarServiceStateTracker: handleMessage: EVENT_POLL_STATE_REGISTRATION: processing...
04-18 16:34:41.190  4232  4232 D OnStarServiceStateTracker: handlePollStateResult: EVENT_POLL_STATE_REGISTRATION: regCode:1, serviceState:0
04-18 16:34:41.190  4232  4232 D PHONE   : [ServiceState] setVoiceRegState=0
04-18 16:34:41.190  4232  4232 V OnStarServiceStateTracker: handleMessage: EVENT_POLL_STATE_OPERATOR: processing...
04-18 16:34:41.190  4232  4232 D OnStarServiceStateTracker: handlePollStateResult: EVENT_POLL_STATE_OPERATOR: opNames[0]: 'AT&T' opNames[1]: '' opNames[2]: ''
04-18 16:34:41.194  4232  4232 D OnStarServiceStateTracker: pollStateDone: oldSS=[0 1 voice home data home AT&T   AT&T    Unknown Unknown CSS not supported -1 -1 RoamInd=-1 DefRoamInd=-1 EmergOnly=false IsDataRoamingFromRegistration=false] newSS=[0 1 voice home data home AT&T   AT&T    Unknown Unknown CSS not supported -1 -1 RoamInd=-1 DefRoamInd=-1 EmergOnly=false IsDataRoamingFromRegistration=false]
04-18 16:34:41.194  4232  4232 D PHONE   : [ServiceState] setNullState=1
04-18 16:34:41.195  4232  4232 D OnStarServiceStateTracker: pollStateDone: Current OutgoingPhone is not OnStar.
04-18 16:34:59.113  4232  4271 V OnStarCommands: onCellNetInfo: cellNetworkName:AT&T cellNetworkSignal:1 cellNetworkState:0 cellNetworkType: 7
04-18 16:34:59.113  4232  4271 D OnStarCommands: getSignalLevel: 1 -> 4
04-18 16:34:59.113  4232  4271 D OnStarCommands: getVoiceRegState: state = 1
04-18 16:34:59.113  4232  4271 D OnStarCommands: onCellNetInfo: No mVoiceNetworkStateRegistrants to notify
04-18 16:34:59.114  4232  4232 V OnStarServiceStateTracker: handleMessage: SIGNAL STRENGTH event = 12  current phone is not OnStar
04-18 16:34:59.114  4232  4232 V OnStarServiceStateTracker: handleMessage: EVENT_NETWORK_STATE_CHANGED: polling states...
04-18 16:34:59.114  4232  4232 V OnStarServiceStateTracker: pollState
04-18 16:34:59.114  4232  4232 D OnStarCommands: getVoiceRegState: state = 1
04-18 16:34:59.114  4232  4232 D OnStarCommands: getOperator: operatorName = AT&T
04-18 16:34:59.114  4232  4232 V OnStarServiceStateTracker: handleMessage: EVENT_POLL_STATE_REGISTRATION: processing...
04-18 16:34:59.114  4232  4232 D OnStarServiceStateTracker: handlePollStateResult: EVENT_POLL_STATE_REGISTRATION: regCode:1, serviceState:0
04-18 16:34:59.114  4232  4232 D PHONE   : [ServiceState] setVoiceRegState=0
04-18 16:34:59.114  4232  4232 V OnStarServiceStateTracker: handleMessage: EVENT_POLL_STATE_OPERATOR: processing...
04-18 16:34:59.114  4232  4232 D OnStarServiceStateTracker: handlePollStateResult: EVENT_POLL_STATE_OPERATOR: opNames[0]: 'AT&T' opNames[1]: '' opNames[2]: ''
04-18 16:34:59.118  4232  4232 D OnStarServiceStateTracker: pollStateDone: oldSS=[0 1 voice home data home AT&T   AT&T    Unknown Unknown CSS not supported -1 -1 RoamInd=-1 DefRoamInd=-1 EmergOnly=false IsDataRoamingFromRegistration=false] newSS=[0 1 voice home data home AT&T   AT&T    Unknown Unknown CSS not supported -1 -1 RoamInd=-1 DefRoamInd=-1 EmergOnly=false IsDataRoamingFromRegistration=false]
04-18 16:34:59.118  4232  4232 D PHONE   : [ServiceState] setNullState=1
04-18 16:34:59.120  4232  4232 D OnStarServiceStateTracker: pollStateDone: Current OutgoingPhone is not OnStar.
04-18 16:35:01.352  4232  4270 V OnStarCommands: onCellNetInfo: cellNetworkName:AT&T cellNetworkSignal:2 cellNetworkState:0 cellNetworkType: 7
04-18 16:35:01.353  4232  4270 D OnStarCommands: getSignalLevel: 2 -> 6
04-18 16:35:01.353  4232  4270 D OnStarCommands: getVoiceRegState: state = 1
04-18 16:35:01.353  4232  4270 D OnStarCommands: onCellNetInfo: No mVoiceNetworkStateRegistrants to notify
04-18 16:35:01.359  4232  4232 V OnStarServiceStateTracker: handleMessage: SIGNAL STRENGTH event = 12  current phone is not OnStar
04-18 16:35:01.359  4232  4232 V OnStarServiceStateTracker: handleMessage: EVENT_NETWORK_STATE_CHANGED: polling states...
04-18 16:35:01.359  4232  4232 V OnStarServiceStateTracker: pollState
04-18 16:35:01.359  4232  4232 D OnStarCommands: getVoiceRegState: state = 1
04-18 16:35:01.359  4232  4232 D OnStarCommands: getOperator: operatorName = AT&T
04-18 16:35:01.359  4232  4232 V OnStarServiceStateTracker: handleMessage: EVENT_POLL_STATE_REGISTRATION: processing...
04-18 16:35:01.359  4232  4232 D OnStarServiceStateTracker: handlePollStateResult: EVENT_POLL_STATE_REGISTRATION: regCode:1, serviceState:0
04-18 16:35:01.359  4232  4232 D PHONE   : [ServiceState] setVoiceRegState=0
04-18 16:35:01.359  4232  4232 V OnStarServiceStateTracker: handleMessage: EVENT_POLL_STATE_OPERATOR: processing...
04-18 16:35:01.359  4232  4232 D OnStarServiceStateTracker: handlePollStateResult: EVENT_POLL_STATE_OPERATOR: opNames[0]: 'AT&T' opNames[1]: '' opNames[2]: ''
04-18 16:35:01.360  4232  4232 D OnStarServiceStateTracker: pollStateDone: oldSS=[0 1 voice home data home AT&T   AT&T    Unknown Unknown CSS not supported -1 -1 RoamInd=-1 DefRoamInd=-1 EmergOnly=false IsDataRoamingFromRegistration=false] newSS=[0 1 voice home data home AT&T   AT&T    Unknown Unknown CSS not supported -1 -1 RoamInd=-1 DefRoamInd=-1 EmergOnly=false IsDataRoamingFromRegistration=false]
04-18 16:35:01.360  4232  4232 D PHONE   : [ServiceState] setNullState=1
04-18 16:35:01.361  4232  4232 D OnStarServiceStateTracker: pollStateDone: Current OutgoingPhone is not OnStar.
04-18 16:35:10.317  4232  4842 V OnStarCommands: onCellNetInfo: cellNetworkName:AT&T cellNetworkSignal:1 cellNetworkState:0 cellNetworkType: 7
04-18 16:35:10.317  4232  4842 D OnStarCommands: getSignalLevel: 1 -> 4
04-18 16:35:10.317  4232  4842 D OnStarCommands: getVoiceRegState: state = 1
04-18 16:35:10.317  4232  4842 D OnStarCommands: onCellNetInfo: No mVoiceNetworkStateRegistrants to notify
04-18 16:35:10.337  4232  4232 V OnStarServiceStateTracker: handleMessage: SIGNAL STRENGTH event = 12  current phone is not OnStar
04-18 16:35:10.337  4232  4232 V OnStarServiceStateTracker: handleMessage: EVENT_NETWORK_STATE_CHANGED: polling states...
04-18 16:35:10.337  4232  4232 V OnStarServiceStateTracker: pollState
04-18 16:35:10.337  4232  4232 D OnStarCommands: getVoiceRegState: state = 1
04-18 16:35:10.337  4232  4232 D OnStarCommands: getOperator: operatorName = AT&T
04-18 16:35:10.337  4232  4232 V OnStarServiceStateTracker: handleMessage: EVENT_POLL_STATE_REGISTRATION: processing...
04-18 16:35:10.337  4232  4232 D OnStarServiceStateTracker: handlePollStateResult: EVENT_POLL_STATE_REGISTRATION: regCode:1, serviceState:0
04-18 16:35:10.337  4232  4232 D PHONE   : [ServiceState] setVoiceRegState=0
04-18 16:35:10.337  4232  4232 V OnStarServiceStateTracker: handleMessage: EVENT_POLL_STATE_OPERATOR: processing...
04-18 16:35:10.337  4232  4232 D OnStarServiceStateTracker: handlePollStateResult: EVENT_POLL_STATE_OPERATOR: opNames[0]: 'AT&T' opNames[1]: '' opNames[2]: ''
04-18 16:35:10.340  4232  4232 D OnStarServiceStateTracker: pollStateDone: oldSS=[0 1 voice home data home AT&T   AT&T    Unknown Unknown CSS not supported -1 -1 RoamInd=-1 DefRoamInd=-1 EmergOnly=false IsDataRoamingFromRegistration=false] newSS=[0 1 voice home data home AT&T   AT&T    Unknown Unknown CSS not supported -1 -1 RoamInd=-1 DefRoamInd=-1 EmergOnly=false IsDataRoamingFromRegistration=false]
04-18 16:35:10.340  4232  4232 D PHONE   : [ServiceState] setNullState=1
04-18 16:35:10.342  4232  4232 D OnStarServiceStateTracker: pollStateDone: Current OutgoingPhone is not OnStar.
04-18 16:35:14.795  4232  4711 V OnStarCommands: onCellNetInfo: cellNetworkName:AT&T cellNetworkSignal:2 cellNetworkState:0 cellNetworkType: 7
04-18 16:35:14.795  4232  4711 D OnStarCommands: getSignalLevel: 2 -> 6
04-18 16:35:14.795  4232  4711 D OnStarCommands: getVoiceRegState: state = 1
04-18 16:35:14.795  4232  4711 D OnStarCommands: onCellNetInfo: No mVoiceNetworkStateRegistrants to notify
04-18 16:35:14.796  4232  4232 V OnStarServiceStateTracker: handleMessage: SIGNAL STRENGTH event = 12  current phone is not OnStar
04-18 16:35:14.796  4232  4232 V OnStarServiceStateTracker: handleMessage: EVENT_NETWORK_STATE_CHANGED: polling states...
04-18 16:35:14.796  4232  4232 V OnStarServiceStateTracker: pollState
04-18 16:35:14.796  4232  4232 D OnStarCommands: getVoiceRegState: state = 1
04-18 16:35:14.796  4232  4232 D OnStarCommands: getOperator: operatorName = AT&T
04-18 16:35:14.796  4232  4232 V OnStarServiceStateTracker: handleMessage: EVENT_POLL_STATE_REGISTRATION: processing...
04-18 16:35:14.796  4232  4232 D OnStarServiceStateTracker: handlePollStateResult: EVENT_POLL_STATE_REGISTRATION: regCode:1, serviceState:0
04-18 16:35:14.796  4232  4232 D PHONE   : [ServiceState] setVoiceRegState=0
04-18 16:35:14.796  4232  4232 V OnStarServiceStateTracker: handleMessage: EVENT_POLL_STATE_OPERATOR: processing...
04-18 16:35:14.796  4232  4232 D OnStarServiceStateTracker: handlePollStateResult: EVENT_POLL_STATE_OPERATOR: opNames[0]: 'AT&T' opNames[1]: '' opNames[2]: ''
04-18 16:35:14.799  4232  4232 D OnStarServiceStateTracker: pollStateDone: oldSS=[0 1 voice home data home AT&T   AT&T    Unknown Unknown CSS not supported -1 -1 RoamInd=-1 DefRoamInd=-1 EmergOnly=false IsDataRoamingFromRegistration=false] newSS=[0 1 voice home data home AT&T   AT&T    Unknown Unknown CSS not supported -1 -1 RoamInd=-1 DefRoamInd=-1 EmergOnly=false IsDataRoamingFromRegistration=false]
04-18 16:35:14.799  4232  4232 D PHONE   : [ServiceState] setNullState=1
04-18 16:35:14.800  4232  4232 D OnStarServiceStateTracker: pollStateDone: Current OutgoingPhone is not OnStar.
04-18 16:35:17.045  4232  4271 V OnStarCommands: onCellNetInfo: cellNetworkName:AT&T cellNetworkSignal:1 cellNetworkState:0 cellNetworkType: 7
04-18 16:35:17.045  4232  4271 D OnStarCommands: getSignalLevel: 1 -> 4
04-18 16:35:17.045  4232  4271 D OnStarCommands: getVoiceRegState: state = 1
04-18 16:35:17.045  4232  4271 D OnStarCommands: onCellNetInfo: No mVoiceNetworkStateRegistrants to notify
04-18 16:35:17.046  4232  4232 V OnStarServiceStateTracker: handleMessage: SIGNAL STRENGTH event = 12  current phone is not OnStar
04-18 16:35:17.046  4232  4232 V OnStarServiceStateTracker: handleMessage: EVENT_NETWORK_STATE_CHANGED: polling states...
04-18 16:35:17.046  4232  4232 V OnStarServiceStateTracker: pollState
04-18 16:35:17.046  4232  4232 D OnStarCommands: getVoiceRegState: state = 1
04-18 16:35:17.046  4232  4232 D OnStarCommands: getOperator: operatorName = AT&T
04-18 16:35:17.046  4232  4232 V OnStarServiceStateTracker: handleMessage: EVENT_POLL_STATE_REGISTRATION: processing...
04-18 16:35:17.046  4232  4232 D OnStarServiceStateTracker: handlePollStateResult: EVENT_POLL_STATE_REGISTRATION: regCode:1, serviceState:0
04-18 16:35:17.046  4232  4232 D PHONE   : [ServiceState] setVoiceRegState=0
04-18 16:35:17.046  4232  4232 V OnStarServiceStateTracker: handleMessage: EVENT_POLL_STATE_OPERATOR: processing...
04-18 16:35:17.046  4232  4232 D OnStarServiceStateTracker: handlePollStateResult: EVENT_POLL_STATE_OPERATOR: opNames[0]: 'AT&T' opNames[1]: '' opNames[2]: ''
04-18 16:35:17.050  4232  4232 D OnStarServiceStateTracker: pollStateDone: oldSS=[0 1 voice home data home AT&T   AT&T    Unknown Unknown CSS not supported -1 -1 RoamInd=-1 DefRoamInd=-1 EmergOnly=false IsDataRoamingFromRegistration=false] newSS=[0 1 voice home data home AT&T   AT&T    Unknown Unknown CSS not supported -1 -1 RoamInd=-1 DefRoamInd=-1 EmergOnly=false IsDataRoamingFromRegistration=false]
04-18 16:35:17.050  4232  4232 D PHONE   : [ServiceState] setNullState=1
04-18 16:35:17.053  4232  4232 D OnStarServiceStateTracker: pollStateDone: Current OutgoingPhone is not OnStar.
04-18 16:35:23.745  4232  4270 V OnStarCommands: onCellNetInfo: cellNetworkName:AT&T cellNetworkSignal:2 cellNetworkState:0 cellNetworkType: 7
04-18 16:35:23.746  4232  4270 D OnStarCommands: getSignalLevel: 2 -> 6
04-18 16:35:23.746  4232  4270 D OnStarCommands: getVoiceRegState: state = 1
04-18 16:35:23.746  4232  4270 D OnStarCommands: onCellNetInfo: No mVoiceNetworkStateRegistrants to notify
04-18 16:35:23.748  4232  4232 V OnStarServiceStateTracker: handleMessage: SIGNAL STRENGTH event = 12  current phone is not OnStar
04-18 16:35:23.748  4232  4232 V OnStarServiceStateTracker: handleMessage: EVENT_NETWORK_STATE_CHANGED: polling states...
04-18 16:35:23.748  4232  4232 V OnStarServiceStateTracker: pollState
04-18 16:35:23.748  4232  4232 D OnStarCommands: getVoiceRegState: state = 1
04-18 16:35:23.748  4232  4232 D OnStarCommands: getOperator: operatorName = AT&T
04-18 16:35:23.748  4232  4232 V OnStarServiceStateTracker: handleMessage: EVENT_POLL_STATE_REGISTRATION: processing...
04-18 16:35:23.748  4232  4232 D OnStarServiceStateTracker: handlePollStateResult: EVENT_POLL_STATE_REGISTRATION: regCode:1, serviceState:0
04-18 16:35:23.748  4232  4232 D PHONE   : [ServiceState] setVoiceRegState=0
04-18 16:35:23.748  4232  4232 V OnStarServiceStateTracker: handleMessage: EVENT_POLL_STATE_OPERATOR: processing...
04-18 16:35:23.748  4232  4232 D OnStarServiceStateTracker: handlePollStateResult: EVENT_POLL_STATE_OPERATOR: opNames[0]: 'AT&T' opNames[1]: '' opNames[2]: ''
04-18 16:35:23.751  4232  4232 D OnStarServiceStateTracker: pollStateDone: oldSS=[0 1 voice home data home AT&T   AT&T    Unknown Unknown CSS not supported -1 -1 RoamInd=-1 DefRoamInd=-1 EmergOnly=false IsDataRoamingFromRegistration=false] newSS=[0 1 voice home data home AT&T   AT&T    Unknown Unknown CSS not supported -1 -1 RoamInd=-1 DefRoamInd=-1 EmergOnly=false IsDataRoamingFromRegistration=false]
04-18 16:35:23.751  4232  4232 D PHONE   : [ServiceState] setNullState=1
04-18 16:35:23.752  4232  4232 D OnStarServiceStateTracker: pollStateDone: Current OutgoingPhone is not OnStar.
04-18 16:35:28.239  4232  4842 V OnStarCommands: onCellNetInfo: cellNetworkName:AT&T cellNetworkSignal:1 cellNetworkState:0 cellNetworkType: 7
04-18 16:35:28.240  4232  4842 D OnStarCommands: getSignalLevel: 1 -> 4
04-18 16:35:28.240  4232  4842 D OnStarCommands: getVoiceRegState: state = 1
04-18 16:35:28.240  4232  4842 D OnStarCommands: onCellNetInfo: No mVoiceNetworkStateRegistrants to notify
04-18 16:35:28.242  4232  4232 V OnStarServiceStateTracker: handleMessage: SIGNAL STRENGTH event = 12  current phone is not OnStar
04-18 16:35:28.242  4232  4232 V OnStarServiceStateTracker: handleMessage: EVENT_NETWORK_STATE_CHANGED: polling states...
04-18 16:35:28.242  4232  4232 V OnStarServiceStateTracker: pollState
04-18 16:35:28.242  4232  4232 D OnStarCommands: getVoiceRegState: state = 1
04-18 16:35:28.242  4232  4232 D OnStarCommands: getOperator: operatorName = AT&T
04-18 16:35:28.242  4232  4232 V OnStarServiceStateTracker: handleMessage: EVENT_POLL_STATE_REGISTRATION: processing...
04-18 16:35:28.242  4232  4232 D OnStarServiceStateTracker: handlePollStateResult: EVENT_POLL_STATE_REGISTRATION: regCode:1, serviceState:0
04-18 16:35:28.242  4232  4232 D PHONE   : [ServiceState] setVoiceRegState=0
04-18 16:35:28.242  4232  4232 V OnStarServiceStateTracker: handleMessage: EVENT_POLL_STATE_OPERATOR: processing...
04-18 16:35:28.242  4232  4232 D OnStarServiceStateTracker: handlePollStateResult: EVENT_POLL_STATE_OPERATOR: opNames[0]: 'AT&T' opNames[1]: '' opNames[2]: ''
04-18 16:35:28.247  4232  4232 D OnStarServiceStateTracker: pollStateDone: oldSS=[0 1 voice home data home AT&T   AT&T    Unknown Unknown CSS not supported -1 -1 RoamInd=-1 DefRoamInd=-1 EmergOnly=false IsDataRoamingFromRegistration=false] newSS=[0 1 voice home data home AT&T   AT&T    Unknown Unknown CSS not supported -1 -1 RoamInd=-1 DefRoamInd=-1 EmergOnly=false IsDataRoamingFromRegistration=false]
04-18 16:35:28.247  4232  4232 D PHONE   : [ServiceState] setNullState=1
04-18 16:35:28.248  4232  4232 D OnStarServiceStateTracker: pollStateDone: Current OutgoingPhone is not OnStar.
04-18 16:35:32.717  4232  4711 V OnStarCommands: onCellNetInfo: cellNetworkName:AT&T cellNetworkSignal:2 cellNetworkState:0 cellNetworkType: 7
04-18 16:35:32.717  4232  4711 D OnStarCommands: getSignalLevel: 2 -> 6
04-18 16:35:32.717  4232  4711 D OnStarCommands: getVoiceRegState: state = 1
04-18 16:35:32.717  4232  4711 D OnStarCommands: onCellNetInfo: No mVoiceNetworkStateRegistrants to notify
04-18 16:35:32.718  4232  4232 V OnStarServiceStateTracker: handleMessage: SIGNAL STRENGTH event = 12  current phone is not OnStar
04-18 16:35:32.718  4232  4232 V OnStarServiceStateTracker: handleMessage: EVENT_NETWORK_STATE_CHANGED: polling states...
04-18 16:35:32.718  4232  4232 V OnStarServiceStateTracker: pollState
04-18 16:35:32.718  4232  4232 D OnStarCommands: getVoiceRegState: state = 1
04-18 16:35:32.718  4232  4232 D OnStarCommands: getOperator: operatorName = AT&T
04-18 16:35:32.718  4232  4232 V OnStarServiceStateTracker: handleMessage: EVENT_POLL_STATE_REGISTRATION: processing...
04-18 16:35:32.718  4232  4232 D OnStarServiceStateTracker: handlePollStateResult: EVENT_POLL_STATE_REGISTRATION: regCode:1, serviceState:0
04-18 16:35:32.718  4232  4232 D PHONE   : [ServiceState] setVoiceRegState=0
04-18 16:35:32.719  4232  4232 V OnStarServiceStateTracker: handleMessage: EVENT_POLL_STATE_OPERATOR: processing...
04-18 16:35:32.719  4232  4232 D OnStarServiceStateTracker: handlePollStateResult: EVENT_POLL_STATE_OPERATOR: opNames[0]: 'AT&T' opNames[1]: '' opNames[2]: ''
04-18 16:35:32.720  4232  4232 D OnStarServiceStateTracker: pollStateDone: oldSS=[0 1 voice home data home AT&T   AT&T    Unknown Unknown CSS not supported -1 -1 RoamInd=-1 DefRoamInd=-1 EmergOnly=false IsDataRoamingFromRegistration=false] newSS=[0 1 voice home data home AT&T   AT&T    Unknown Unknown CSS not supported -1 -1 RoamInd=-1 DefRoamInd=-1 EmergOnly=false IsDataRoamingFromRegistration=false]
04-18 16:35:32.720  4232  4232 D PHONE   : [ServiceState] setNullState=1
04-18 16:35:32.724  4232  4232 D OnStarServiceStateTracker: pollStateDone: Current OutgoingPhone is not OnStar.
04-18 16:35:34.956  4232  4271 V OnStarCommands: onCellNetInfo: cellNetworkName:AT&T cellNetworkSignal:1 cellNetworkState:0 cellNetworkType: 7
04-18 16:35:34.956  4232  4271 D OnStarCommands: getSignalLevel: 1 -> 4
04-18 16:35:34.956  4232  4271 D OnStarCommands: getVoiceRegState: state = 1
04-18 16:35:34.956  4232  4271 D OnStarCommands: onCellNetInfo: No mVoiceNetworkStateRegistrants to notify
04-18 16:35:34.959  4232  4232 V OnStarServiceStateTracker: handleMessage: SIGNAL STRENGTH event = 12  current phone is not OnStar
04-18 16:35:34.959  4232  4232 V OnStarServiceStateTracker: handleMessage: EVENT_NETWORK_STATE_CHANGED: polling states...
04-18 16:35:34.959  4232  4232 V OnStarServiceStateTracker: pollState
04-18 16:35:34.959  4232  4232 D OnStarCommands: getVoiceRegState: state = 1
04-18 16:35:34.959  4232  4232 D OnStarCommands: getOperator: operatorName = AT&T
04-18 16:35:34.959  4232  4232 V OnStarServiceStateTracker: handleMessage: EVENT_POLL_STATE_REGISTRATION: processing...
04-18 16:35:34.959  4232  4232 D OnStarServiceStateTracker: handlePollStateResult: EVENT_POLL_STATE_REGISTRATION: regCode:1, serviceState:0
04-18 16:35:34.959  4232  4232 D PHONE   : [ServiceState] setVoiceRegState=0
04-18 16:35:34.959  4232  4232 V OnStarServiceStateTracker: handleMessage: EVENT_POLL_STATE_OPERATOR: processing...
04-18 16:35:34.959  4232  4232 D OnStarServiceStateTracker: handlePollStateResult: EVENT_POLL_STATE_OPERATOR: opNames[0]: 'AT&T' opNames[1]: '' opNames[2]: ''
04-18 16:35:34.962  4232  4232 D OnStarServiceStateTracker: pollStateDone: oldSS=[0 1 voice home data home AT&T   AT&T    Unknown Unknown CSS not supported -1 -1 RoamInd=-1 DefRoamInd=-1 EmergOnly=false IsDataRoamingFromRegistration=false] newSS=[0 1 voice home data home AT&T   AT&T    Unknown Unknown CSS not supported -1 -1 RoamInd=-1 DefRoamInd=-1 EmergOnly=false IsDataRoamingFromRegistration=false]
04-18 16:35:34.962  4232  4232 D PHONE   : [ServiceState] setNullState=1
04-18 16:35:34.963  4232  4232 D OnStarServiceStateTracker: pollStateDone: Current OutgoingPhone is not OnStar.
04-18 16:35:38.858  4232  4270 V OnStarCommands: onCellNetInfo: cellNetworkName:AT&T cellNetworkSignal:2 cellNetworkState:0 cellNetworkType: 7
04-18 16:35:38.858  4232  4270 D OnStarCommands: getSignalLevel: 2 -> 6
04-18 16:35:38.858  4232  4270 D OnStarCommands: getVoiceRegState: state = 1
04-18 16:35:38.858  4232  4270 D OnStarCommands: onCellNetInfo: No mVoiceNetworkStateRegistrants to notify
04-18 16:35:38.861  4232  4232 V OnStarServiceStateTracker: handleMessage: SIGNAL STRENGTH event = 12  current phone is not OnStar
04-18 16:35:38.861  4232  4232 V OnStarServiceStateTracker: handleMessage: EVENT_NETWORK_STATE_CHANGED: polling states...
04-18 16:35:38.861  4232  4232 V OnStarServiceStateTracker: pollState
04-18 16:35:38.861  4232  4232 D OnStarCommands: getVoiceRegState: state = 1
04-18 16:35:38.861  4232  4232 D OnStarCommands: getOperator: operatorName = AT&T
04-18 16:35:38.861  4232  4232 V OnStarServiceStateTracker: handleMessage: EVENT_POLL_STATE_REGISTRATION: processing...
04-18 16:35:38.861  4232  4232 D OnStarServiceStateTracker: handlePollStateResult: EVENT_POLL_STATE_REGISTRATION: regCode:1, serviceState:0
04-18 16:35:38.861  4232  4232 D PHONE   : [ServiceState] setVoiceRegState=0
04-18 16:35:38.861  4232  4232 V OnStarServiceStateTracker: handleMessage: EVENT_POLL_STATE_OPERATOR: processing...
04-18 16:35:38.861  4232  4232 D OnStarServiceStateTracker: handlePollStateResult: EVENT_POLL_STATE_OPERATOR: opNames[0]: 'AT&T' opNames[1]: '' opNames[2]: ''
04-18 16:35:38.862  4232  4232 D OnStarServiceStateTracker: pollStateDone: oldSS=[0 1 voice home data home AT&T   AT&T    Unknown Unknown CSS not supported -1 -1 RoamInd=-1 DefRoamInd=-1 EmergOnly=false IsDataRoamingFromRegistration=false] newSS=[0 1 voice home data home AT&T   AT&T    Unknown Unknown CSS not supported -1 -1 RoamInd=-1 DefRoamInd=-1 EmergOnly=false IsDataRoamingFromRegistration=false]
04-18 16:35:38.862  4232  4232 D PHONE   : [ServiceState] setNullState=1
04-18 16:35:38.863  4232  4232 D OnStarServiceStateTracker: pollStateDone: Current OutgoingPhone is not OnStar.
04-18 16:35:41.674  4232  4842 V OnStarCommands: onCellNetInfo: cellNetworkName:AT&T cellNetworkSignal:1 cellNetworkState:0 cellNetworkType: 7
04-18 16:35:41.674  4232  4842 D OnStarCommands: getSignalLevel: 1 -> 4
04-18 16:35:41.674  4232  4842 D OnStarCommands: getVoiceRegState: state = 1
04-18 16:35:41.674  4232  4842 D OnStarCommands: onCellNetInfo: No mVoiceNetworkStateRegistrants to notify
04-18 16:35:41.678  4232  4232 V OnStarServiceStateTracker: handleMessage: SIGNAL STRENGTH event = 12  current phone is not OnStar
04-18 16:35:41.678  4232  4232 V OnStarServiceStateTracker: handleMessage: EVENT_NETWORK_STATE_CHANGED: polling states...
04-18 16:35:41.678  4232  4232 V OnStarServiceStateTracker: pollState
04-18 16:35:41.678  4232  4232 D OnStarCommands: getVoiceRegState: state = 1
04-18 16:35:41.678  4232  4232 D OnStarCommands: getOperator: operatorName = AT&T
04-18 16:35:41.679  4232  4232 V OnStarServiceStateTracker: handleMessage: EVENT_POLL_STATE_REGISTRATION: processing...
04-18 16:35:41.679  4232  4232 D OnStarServiceStateTracker: handlePollStateResult: EVENT_POLL_STATE_REGISTRATION: regCode:1, serviceState:0
04-18 16:35:41.679  4232  4232 D PHONE   : [ServiceState] setVoiceRegState=0
04-18 16:35:41.679  4232  4232 V OnStarServiceStateTracker: handleMessage: EVENT_POLL_STATE_OPERATOR: processing...
04-18 16:35:41.679  4232  4232 D OnStarServiceStateTracker: handlePollStateResult: EVENT_POLL_STATE_OPERATOR: opNames[0]: 'AT&T' opNames[1]: '' opNames[2]: ''
04-18 16:35:41.680  4232  4232 D OnStarServiceStateTracker: pollStateDone: oldSS=[0 1 voice home data home AT&T   AT&T    Unknown Unknown CSS not supported -1 -1 RoamInd=-1 DefRoamInd=-1 EmergOnly=false IsDataRoamingFromRegistration=false] newSS=[0 1 voice home data home AT&T   AT&T    Unknown Unknown CSS not supported -1 -1 RoamInd=-1 DefRoamInd=-1 EmergOnly=false IsDataRoamingFromRegistration=false]
04-18 16:35:41.680  4232  4232 D PHONE   : [ServiceState] setNullState=1
04-18 16:35:41.683  4232  4232 D OnStarServiceStateTracker: pollStateDone: Current OutgoingPhone is not OnStar.
04-18 16:35:43.916  4232  4711 V OnStarCommands: onCellNetInfo: cellNetworkName:AT&T cellNetworkSignal:2 cellNetworkState:0 cellNetworkType: 7
04-18 16:35:43.916  4232  4711 D OnStarCommands: getSignalLevel: 2 -> 6
04-18 16:35:43.920  4232  4711 D OnStarCommands: getVoiceRegState: state = 1
04-18 16:35:43.920  4232  4711 D OnStarCommands: onCellNetInfo: No mVoiceNetworkStateRegistrants to notify
04-18 16:35:43.922  4232  4232 V OnStarServiceStateTracker: handleMessage: SIGNAL STRENGTH event = 12  current phone is not OnStar
04-18 16:35:43.922  4232  4232 V OnStarServiceStateTracker: handleMessage: EVENT_NETWORK_STATE_CHANGED: polling states...
04-18 16:35:43.923  4232  4232 V OnStarServiceStateTracker: pollState
04-18 16:35:43.923  4232  4232 D OnStarCommands: getVoiceRegState: state = 1
04-18 16:35:43.923  4232  4232 D OnStarCommands: getOperator: operatorName = AT&T
04-18 16:35:43.923  4232  4232 V OnStarServiceStateTracker: handleMessage: EVENT_POLL_STATE_REGISTRATION: processing...
04-18 16:35:43.923  4232  4232 D OnStarServiceStateTracker: handlePollStateResult: EVENT_POLL_STATE_REGISTRATION: regCode:1, serviceState:0
04-18 16:35:43.923  4232  4232 D PHONE   : [ServiceState] setVoiceRegState=0
04-18 16:35:43.923  4232  4232 V OnStarServiceStateTracker: handleMessage: EVENT_POLL_STATE_OPERATOR: processing...
04-18 16:35:43.923  4232  4232 D OnStarServiceStateTracker: handlePollStateResult: EVENT_POLL_STATE_OPERATOR: opNames[0]: 'AT&T' opNames[1]: '' opNames[2]: ''
04-18 16:35:43.924  4232  4232 D OnStarServiceStateTracker: pollStateDone: oldSS=[0 1 voice home data home AT&T   AT&T    Unknown Unknown CSS not supported -1 -1 RoamInd=-1 DefRoamInd=-1 EmergOnly=false IsDataRoamingFromRegistration=false] newSS=[0 1 voice home data home AT&T   AT&T    Unknown Unknown CSS not supported -1 -1 RoamInd=-1 DefRoamInd=-1 EmergOnly=false IsDataRoamingFromRegistration=false]
04-18 16:35:43.924  4232  4232 D PHONE   : [ServiceState] setNullState=1
04-18 16:35:43.925  4232  4232 D OnStarServiceStateTracker: pollStateDone: Current OutgoingPhone is not OnStar.
04-18 16:35:50.644  4232  4271 V OnStarCommands: onCellNetInfo: cellNetworkName:AT&T cellNetworkSignal:1 cellNetworkState:0 cellNetworkType: 7
04-18 16:35:50.644  4232  4271 D OnStarCommands: getSignalLevel: 1 -> 4
04-18 16:35:50.644  4232  4271 D OnStarCommands: getVoiceRegState: state = 1
04-18 16:35:50.644  4232  4271 D OnStarCommands: onCellNetInfo: No mVoiceNetworkStateRegistrants to notify
04-18 16:35:50.645  4232  4232 V OnStarServiceStateTracker: handleMessage: SIGNAL STRENGTH event = 12  current phone is not OnStar
04-18 16:35:50.645  4232  4232 V OnStarServiceStateTracker: handleMessage: EVENT_NETWORK_STATE_CHANGED: polling states...
04-18 16:35:50.645  4232  4232 V OnStarServiceStateTracker: pollState
04-18 16:35:50.645  4232  4232 D OnStarCommands: getVoiceRegState: state = 1
04-18 16:35:50.645  4232  4232 D OnStarCommands: getOperator: operatorName = AT&T
04-18 16:35:50.645  4232  4232 V OnStarServiceStateTracker: handleMessage: EVENT_POLL_STATE_REGISTRATION: processing...
04-18 16:35:50.645  4232  4232 D OnStarServiceStateTracker: handlePollStateResult: EVENT_POLL_STATE_REGISTRATION: regCode:1, serviceState:0
04-18 16:35:50.645  4232  4232 D PHONE   : [ServiceState] setVoiceRegState=0
04-18 16:35:50.645  4232  4232 V OnStarServiceStateTracker: handleMessage: EVENT_POLL_STATE_OPERATOR: processing...
04-18 16:35:50.645  4232  4232 D OnStarServiceStateTracker: handlePollStateResult: EVENT_POLL_STATE_OPERATOR: opNames[0]: 'AT&T' opNames[1]: '' opNames[2]: ''
04-18 16:35:50.646  4232  4232 D OnStarServiceStateTracker: pollStateDone: oldSS=[0 1 voice home data home AT&T   AT&T    Unknown Unknown CSS not supported -1 -1 RoamInd=-1 DefRoamInd=-1 EmergOnly=false IsDataRoamingFromRegistration=false] newSS=[0 1 voice home data home AT&T   AT&T    Unknown Unknown CSS not supported -1 -1 RoamInd=-1 DefRoamInd=-1 EmergOnly=false IsDataRoamingFromRegistration=false]
04-18 16:35:50.646  4232  4232 D PHONE   : [ServiceState] setNullState=1
04-18 16:35:50.648  4232  4232 D OnStarServiceStateTracker: pollStateDone: Current OutgoingPhone is not OnStar.
04-18 16:35:52.873  4232  4270 V OnStarCommands: onCellNetInfo: cellNetworkName:AT&T cellNetworkSignal:2 cellNetworkState:0 cellNetworkType: 7
04-18 16:35:52.873  4232  4270 D OnStarCommands: getSignalLevel: 2 -> 6
04-18 16:35:52.873  4232  4270 D OnStarCommands: getVoiceRegState: state = 1
04-18 16:35:52.873  4232  4270 D OnStarCommands: onCellNetInfo: No mVoiceNetworkStateRegistrants to notify
04-18 16:35:52.875  4232  4232 V OnStarServiceStateTracker: handleMessage: SIGNAL STRENGTH event = 12  current phone is not OnStar
04-18 16:35:52.875  4232  4232 V OnStarServiceStateTracker: handleMessage: EVENT_NETWORK_STATE_CHANGED: polling states...
04-18 16:35:52.875  4232  4232 V OnStarServiceStateTracker: pollState
04-18 16:35:52.875  4232  4232 D OnStarCommands: getVoiceRegState: state = 1
04-18 16:35:52.875  4232  4232 D OnStarCommands: getOperator: operatorName = AT&T
04-18 16:35:52.875  4232  4232 V OnStarServiceStateTracker: handleMessage: EVENT_POLL_STATE_REGISTRATION: processing...
04-18 16:35:52.875  4232  4232 D OnStarServiceStateTracker: handlePollStateResult: EVENT_POLL_STATE_REGISTRATION: regCode:1, serviceState:0
04-18 16:35:52.875  4232  4232 D PHONE   : [ServiceState] setVoiceRegState=0
04-18 16:35:52.875  4232  4232 V OnStarServiceStateTracker: handleMessage: EVENT_POLL_STATE_OPERATOR: processing...
04-18 16:35:52.875  4232  4232 D OnStarServiceStateTracker: handlePollStateResult: EVENT_POLL_STATE_OPERATOR: opNames[0]: 'AT&T' opNames[1]: '' opNames[2]: ''
04-18 16:35:52.876  4232  4232 D OnStarServiceStateTracker: pollStateDone: oldSS=[0 1 voice home data home AT&T   AT&T    Unknown Unknown CSS not supported -1 -1 RoamInd=-1 DefRoamInd=-1 EmergOnly=false IsDataRoamingFromRegistration=false] newSS=[0 1 voice home data home AT&T   AT&T    Unknown Unknown CSS not supported -1 -1 RoamInd=-1 DefRoamInd=-1 EmergOnly=false IsDataRoamingFromRegistration=false]
04-18 16:35:52.876  4232  4232 D PHONE   : [ServiceState] setNullState=1
04-18 16:35:52.879  4232  4232 D OnStarServiceStateTracker: pollStateDone: Current OutgoingPhone is not OnStar.
04-18 16:35:56.870  4232  4842 V OnStarCommands: onCellNetInfo: cellNetworkName:AT&T cellNetworkSignal:1 cellNetworkState:0 cellNetworkType: 7
04-18 16:35:56.870  4232  4842 D OnStarCommands: getSignalLevel: 1 -> 4
04-18 16:35:56.870  4232  4842 D OnStarCommands: getVoiceRegState: state = 1
04-18 16:35:56.870  4232  4842 D OnStarCommands: onCellNetInfo: No mVoiceNetworkStateRegistrants to notify
04-18 16:35:56.871  4232  4232 V OnStarServiceStateTracker: handleMessage: SIGNAL STRENGTH event = 12  current phone is not OnStar
04-18 16:35:56.871  4232  4232 V OnStarServiceStateTracker: handleMessage: EVENT_NETWORK_STATE_CHANGED: polling states...
04-18 16:35:56.871  4232  4232 V OnStarServiceStateTracker: pollState
04-18 16:35:56.871  4232  4232 D OnStarCommands: getVoiceRegState: state = 1
04-18 16:35:56.871  4232  4232 D OnStarCommands: getOperator: operatorName = AT&T
04-18 16:35:56.871  4232  4232 V OnStarServiceStateTracker: handleMessage: EVENT_POLL_STATE_REGISTRATION: processing...
04-18 16:35:56.871  4232  4232 D OnStarServiceStateTracker: handlePollStateResult: EVENT_POLL_STATE_REGISTRATION: regCode:1, serviceState:0
04-18 16:35:56.871  4232  4232 D PHONE   : [ServiceState] setVoiceRegState=0
04-18 16:35:56.871  4232  4232 V OnStarServiceStateTracker: handleMessage: EVENT_POLL_STATE_OPERATOR: processing...
04-18 16:35:56.871  4232  4232 D OnStarServiceStateTracker: handlePollStateResult: EVENT_POLL_STATE_OPERATOR: opNames[0]: 'AT&T' opNames[1]: '' opNames[2]: ''
04-18 16:35:56.878  4232  4232 D OnStarServiceStateTracker: pollStateDone: oldSS=[0 1 voice home data home AT&T   AT&T    Unknown Unknown CSS not supported -1 -1 RoamInd=-1 DefRoamInd=-1 EmergOnly=false IsDataRoamingFromRegistration=false] newSS=[0 1 voice home data home AT&T   AT&T    Unknown Unknown CSS not supported -1 -1 RoamInd=-1 DefRoamInd=-1 EmergOnly=false IsDataRoamingFromRegistration=false]
04-18 16:35:56.878  4232  4232 D PHONE   : [ServiceState] setNullState=1
04-18 16:35:56.880  4232  4232 D OnStarServiceStateTracker: pollStateDone: Current OutgoingPhone is not OnStar.
04-18 16:35:59.601  4232  4711 V OnStarCommands: onCellNetInfo: cellNetworkName:AT&T cellNetworkSignal:2 cellNetworkState:0 cellNetworkType: 7
04-18 16:35:59.601  4232  4711 D OnStarCommands: getSignalLevel: 2 -> 6
04-18 16:35:59.601  4232  4711 D OnStarCommands: getVoiceRegState: state = 1
04-18 16:35:59.601  4232  4711 D OnStarCommands: onCellNetInfo: No mVoiceNetworkStateRegistrants to notify
04-18 16:35:59.604  4232  4232 V OnStarServiceStateTracker: handleMessage: SIGNAL STRENGTH event = 12  current phone is not OnStar
04-18 16:35:59.604  4232  4232 V OnStarServiceStateTracker: handleMessage: EVENT_NETWORK_STATE_CHANGED: polling states...
04-18 16:35:59.604  4232  4232 V OnStarServiceStateTracker: pollState
04-18 16:35:59.604  4232  4232 D OnStarCommands: getVoiceRegState: state = 1
04-18 16:35:59.604  4232  4232 D OnStarCommands: getOperator: operatorName = AT&T
04-18 16:35:59.604  4232  4232 V OnStarServiceStateTracker: handleMessage: EVENT_POLL_STATE_REGISTRATION: processing...
04-18 16:35:59.604  4232  4232 D OnStarServiceStateTracker: handlePollStateResult: EVENT_POLL_STATE_REGISTRATION: regCode:1, serviceState:0
04-18 16:35:59.604  4232  4232 D PHONE   : [ServiceState] setVoiceRegState=0
04-18 16:35:59.604  4232  4232 V OnStarServiceStateTracker: handleMessage: EVENT_POLL_STATE_OPERATOR: processing...
04-18 16:35:59.604  4232  4232 D OnStarServiceStateTracker: handlePollStateResult: EVENT_POLL_STATE_OPERATOR: opNames[0]: 'AT&T' opNames[1]: '' opNames[2]: ''
04-18 16:35:59.606  4232  4232 D OnStarServiceStateTracker: pollStateDone: oldSS=[0 1 voice home data home AT&T   AT&T    Unknown Unknown CSS not supported -1 -1 RoamInd=-1 DefRoamInd=-1 EmergOnly=false IsDataRoamingFromRegistration=false] newSS=[0 1 voice home data home AT&T   AT&T    Unknown Unknown CSS not supported -1 -1 RoamInd=-1 DefRoamInd=-1 EmergOnly=false IsDataRoamingFromRegistration=false]
04-18 16:35:59.606  4232  4232 D PHONE   : [ServiceState] setNullState=1
04-18 16:35:59.606  4232  4232 D OnStarServiceStateTracker: pollStateDone: Current OutgoingPhone is not OnStar.
04-18 16:36:05.878  4232  4271 V OnStarCommands: onCellNetInfo: cellNetworkName:AT&T cellNetworkSignal:1 cellNetworkState:0 cellNetworkType: 7
04-18 16:36:05.878  4232  4271 D OnStarCommands: getSignalLevel: 1 -> 4
04-18 16:36:05.878  4232  4271 D OnStarCommands: getVoiceRegState: state = 1
04-18 16:36:05.878  4232  4271 D OnStarCommands: onCellNetInfo: No mVoiceNetworkStateRegistrants to notify
04-18 16:36:05.880  4232  4232 V OnStarServiceStateTracker: handleMessage: SIGNAL STRENGTH event = 12  current phone is not OnStar
04-18 16:36:05.880  4232  4232 V OnStarServiceStateTracker: handleMessage: EVENT_NETWORK_STATE_CHANGED: polling states...
04-18 16:36:05.880  4232  4232 V OnStarServiceStateTracker: pollState
04-18 16:36:05.880  4232  4232 D OnStarCommands: getVoiceRegState: state = 1
04-18 16:36:05.880  4232  4232 D OnStarCommands: getOperator: operatorName = AT&T
04-18 16:36:05.882  4232  4232 V OnStarServiceStateTracker: handleMessage: EVENT_POLL_STATE_REGISTRATION: processing...
04-18 16:36:05.882  4232  4232 D OnStarServiceStateTracker: handlePollStateResult: EVENT_POLL_STATE_REGISTRATION: regCode:1, serviceState:0
04-18 16:36:05.882  4232  4232 D PHONE   : [ServiceState] setVoiceRegState=0
04-18 16:36:05.882  4232  4232 V OnStarServiceStateTracker: handleMessage: EVENT_POLL_STATE_OPERATOR: processing...
04-18 16:36:05.882  4232  4232 D OnStarServiceStateTracker: handlePollStateResult: EVENT_POLL_STATE_OPERATOR: opNames[0]: 'AT&T' opNames[1]: '' opNames[2]: ''
04-18 16:36:05.883  4232  4232 D OnStarServiceStateTracker: pollStateDone: oldSS=[0 1 voice home data home AT&T   AT&T    Unknown Unknown CSS not supported -1 -1 RoamInd=-1 DefRoamInd=-1 EmergOnly=false IsDataRoamingFromRegistration=false] newSS=[0 1 voice home data home AT&T   AT&T    Unknown Unknown CSS not supported -1 -1 RoamInd=-1 DefRoamInd=-1 EmergOnly=false IsDataRoamingFromRegistration=false]
04-18 16:36:05.883  4232  4232 D PHONE   : [ServiceState] setNullState=1
04-18 16:36:05.884  4232  4232 D OnStarServiceStateTracker: pollStateDone: Current OutgoingPhone is not OnStar.
04-18 16:36:08.555  4232  4270 V OnStarCommands: onCellNetInfo: cellNetworkName:AT&T cellNetworkSignal:2 cellNetworkState:0 cellNetworkType: 7
04-18 16:36:08.555  4232  4270 D OnStarCommands: getSignalLevel: 2 -> 6
04-18 16:36:08.555  4232  4270 D OnStarCommands: getVoiceRegState: state = 1
04-18 16:36:08.555  4232  4270 D OnStarCommands: onCellNetInfo: No mVoiceNetworkStateRegistrants to notify
04-18 16:36:08.557  4232  4232 V OnStarServiceStateTracker: handleMessage: SIGNAL STRENGTH event = 12  current phone is not OnStar
04-18 16:36:08.557  4232  4232 V OnStarServiceStateTracker: handleMessage: EVENT_NETWORK_STATE_CHANGED: polling states...
04-18 16:36:08.557  4232  4232 V OnStarServiceStateTracker: pollState
04-18 16:36:08.557  4232  4232 D OnStarCommands: getVoiceRegState: state = 1
04-18 16:36:08.557  4232  4232 D OnStarCommands: getOperator: operatorName = AT&T
04-18 16:36:08.557  4232  4232 V OnStarServiceStateTracker: handleMessage: EVENT_POLL_STATE_REGISTRATION: processing...
04-18 16:36:08.557  4232  4232 D OnStarServiceStateTracker: handlePollStateResult: EVENT_POLL_STATE_REGISTRATION: regCode:1, serviceState:0
04-18 16:36:08.557  4232  4232 D PHONE   : [ServiceState] setVoiceRegState=0
04-18 16:36:08.557  4232  4232 V OnStarServiceStateTracker: handleMessage: EVENT_POLL_STATE_OPERATOR: processing...
04-18 16:36:08.557  4232  4232 D OnStarServiceStateTracker: handlePollStateResult: EVENT_POLL_STATE_OPERATOR: opNames[0]: 'AT&T' opNames[1]: '' opNames[2]: ''
04-18 16:36:08.557  4232  4232 D OnStarServiceStateTracker: pollStateDone: oldSS=[0 1 voice home data home AT&T   AT&T    Unknown Unknown CSS not supported -1 -1 RoamInd=-1 DefRoamInd=-1 EmergOnly=false IsDataRoamingFromRegistration=false] newSS=[0 1 voice home data home AT&T   AT&T    Unknown Unknown CSS not supported -1 -1 RoamInd=-1 DefRoamInd=-1 EmergOnly=false IsDataRoamingFromRegistration=false]
04-18 16:36:08.557  4232  4232 D PHONE   : [ServiceState] setNullState=1
04-18 16:36:08.564  4232  4232 D OnStarServiceStateTracker: pollStateDone: Current OutgoingPhone is not OnStar.
04-18 16:36:14.888  4232  4842 V OnStarCommands: onCellNetInfo: cellNetworkName:AT&T cellNetworkSignal:1 cellNetworkState:0 cellNetworkType: 7
04-18 16:36:14.888  4232  4842 D OnStarCommands: getSignalLevel: 1 -> 4
04-18 16:36:14.888  4232  4842 D OnStarCommands: getVoiceRegState: state = 1
04-18 16:36:14.888  4232  4842 D OnStarCommands: onCellNetInfo: No mVoiceNetworkStateRegistrants to notify
04-18 16:36:14.894  4232  4232 V OnStarServiceStateTracker: handleMessage: SIGNAL STRENGTH event = 12  current phone is not OnStar
04-18 16:36:14.894  4232  4232 V OnStarServiceStateTracker: handleMessage: EVENT_NETWORK_STATE_CHANGED: polling states...
04-18 16:36:14.894  4232  4232 V OnStarServiceStateTracker: pollState
04-18 16:36:14.894  4232  4232 D OnStarCommands: getVoiceRegState: state = 1
04-18 16:36:14.894  4232  4232 D OnStarCommands: getOperator: operatorName = AT&T
04-18 16:36:14.894  4232  4232 V OnStarServiceStateTracker: handleMessage: EVENT_POLL_STATE_REGISTRATION: processing...
04-18 16:36:14.894  4232  4232 D OnStarServiceStateTracker: handlePollStateResult: EVENT_POLL_STATE_REGISTRATION: regCode:1, serviceState:0
04-18 16:36:14.894  4232  4232 D PHONE   : [ServiceState] setVoiceRegState=0
04-18 16:36:14.894  4232  4232 V OnStarServiceStateTracker: handleMessage: EVENT_POLL_STATE_OPERATOR: processing...
04-18 16:36:14.894  4232  4232 D OnStarServiceStateTracker: handlePollStateResult: EVENT_POLL_STATE_OPERATOR: opNames[0]: 'AT&T' opNames[1]: '' opNames[2]: ''
04-18 16:36:14.901  4232  4232 D OnStarServiceStateTracker: pollStateDone: oldSS=[0 1 voice home data home AT&T   AT&T    Unknown Unknown CSS not supported -1 -1 RoamInd=-1 DefRoamInd=-1 EmergOnly=false IsDataRoamingFromRegistration=false] newSS=[0 1 voice home data home AT&T   AT&T    Unknown Unknown CSS not supported -1 -1 RoamInd=-1 DefRoamInd=-1 EmergOnly=false IsDataRoamingFromRegistration=false]
04-18 16:36:14.901  4232  4232 D PHONE   : [ServiceState] setNullState=1
04-18 16:36:14.904  4232  4232 D OnStarServiceStateTracker: pollStateDone: Current OutgoingPhone is not OnStar.
04-18 16:36:17.514  4232  4711 V OnStarCommands: onCellNetInfo: cellNetworkName:AT&T cellNetworkSignal:2 cellNetworkState:0 cellNetworkType: 7
04-18 16:36:17.514  4232  4711 D OnStarCommands: getSignalLevel: 2 -> 6
04-18 16:36:17.514  4232  4711 D OnStarCommands: getVoiceRegState: state = 1
04-18 16:36:17.514  4232  4711 D OnStarCommands: onCellNetInfo: No mVoiceNetworkStateRegistrants to notify
04-18 16:36:17.516  4232  4232 V OnStarServiceStateTracker: handleMessage: SIGNAL STRENGTH event = 12  current phone is not OnStar
04-18 16:36:17.517  4232  4232 V OnStarServiceStateTracker: handleMessage: EVENT_NETWORK_STATE_CHANGED: polling states...
04-18 16:36:17.517  4232  4232 V OnStarServiceStateTracker: pollState
04-18 16:36:17.517  4232  4232 D OnStarCommands: getVoiceRegState: state = 1
04-18 16:36:17.517  4232  4232 D OnStarCommands: getOperator: operatorName = AT&T
04-18 16:36:17.517  4232  4232 V OnStarServiceStateTracker: handleMessage: EVENT_POLL_STATE_REGISTRATION: processing...
04-18 16:36:17.517  4232  4232 D OnStarServiceStateTracker: handlePollStateResult: EVENT_POLL_STATE_REGISTRATION: regCode:1, serviceState:0
04-18 16:36:17.517  4232  4232 D PHONE   : [ServiceState] setVoiceRegState=0
04-18 16:36:17.517  4232  4232 V OnStarServiceStateTracker: handleMessage: EVENT_POLL_STATE_OPERATOR: processing...
04-18 16:36:17.517  4232  4232 D OnStarServiceStateTracker: handlePollStateResult: EVENT_POLL_STATE_OPERATOR: opNames[0]: 'AT&T' opNames[1]: '' opNames[2]: ''
04-18 16:36:17.519  4232  4232 D OnStarServiceStateTracker: pollStateDone: oldSS=[0 1 voice home data home AT&T   AT&T    Unknown Unknown CSS not supported -1 -1 RoamInd=-1 DefRoamInd=-1 EmergOnly=false IsDataRoamingFromRegistration=false] newSS=[0 1 voice home data home AT&T   AT&T    Unknown Unknown CSS not supported -1 -1 RoamInd=-1 DefRoamInd=-1 EmergOnly=false IsDataRoamingFromRegistration=false]
04-18 16:36:17.519  4232  4232 D PHONE   : [ServiceState] setNullState=1
04-18 16:36:17.539  4232  4232 D OnStarServiceStateTracker: pollStateDone: Current OutgoingPhone is not OnStar.
04-18 16:36:28.716  4232  4271 V OnStarCommands: onCellNetInfo: cellNetworkName:AT&T cellNetworkSignal:1 cellNetworkState:0 cellNetworkType: 7
04-18 16:36:28.716  4232  4271 D OnStarCommands: getSignalLevel: 1 -> 4
04-18 16:36:28.716  4232  4271 D OnStarCommands: getVoiceRegState: state = 1
04-18 16:36:28.716  4232  4271 D OnStarCommands: onCellNetInfo: No mVoiceNetworkStateRegistrants to notify
04-18 16:36:28.718  4232  4232 V OnStarServiceStateTracker: handleMessage: SIGNAL STRENGTH event = 12  current phone is not OnStar
04-18 16:36:28.718  4232  4232 V OnStarServiceStateTracker: handleMessage: EVENT_NETWORK_STATE_CHANGED: polling states...
04-18 16:36:28.718  4232  4232 V OnStarServiceStateTracker: pollState
04-18 16:36:28.719  4232  4232 D OnStarCommands: getVoiceRegState: state = 1
04-18 16:36:28.719  4232  4232 D OnStarCommands: getOperator: operatorName = AT&T
04-18 16:36:28.719  4232  4232 V OnStarServiceStateTracker: handleMessage: EVENT_POLL_STATE_REGISTRATION: processing...
04-18 16:36:28.719  4232  4232 D OnStarServiceStateTracker: handlePollStateResult: EVENT_POLL_STATE_REGISTRATION: regCode:1, serviceState:0
04-18 16:36:28.719  4232  4232 D PHONE   : [ServiceState] setVoiceRegState=0
04-18 16:36:28.719  4232  4232 V OnStarServiceStateTracker: handleMessage: EVENT_POLL_STATE_OPERATOR: processing...
04-18 16:36:28.719  4232  4232 D OnStarServiceStateTracker: handlePollStateResult: EVENT_POLL_STATE_OPERATOR: opNames[0]: 'AT&T' opNames[1]: '' opNames[2]: ''
04-18 16:36:28.720  4232  4232 D OnStarServiceStateTracker: pollStateDone: oldSS=[0 1 voice home data home AT&T   AT&T    Unknown Unknown CSS not supported -1 -1 RoamInd=-1 DefRoamInd=-1 EmergOnly=false IsDataRoamingFromRegistration=false] newSS=[0 1 voice home data home AT&T   AT&T    Unknown Unknown CSS not supported -1 -1 RoamInd=-1 DefRoamInd=-1 EmergOnly=false IsDataRoamingFromRegistration=false]
04-18 16:36:28.720  4232  4232 D PHONE   : [ServiceState] setNullState=1
04-18 16:36:28.720  4232  4232 D OnStarServiceStateTracker: pollStateDone: Current OutgoingPhone is not OnStar.
04-18 16:36:35.455  4232  4270 V OnStarCommands: onCellNetInfo: cellNetworkName:AT&T cellNetworkSignal:2 cellNetworkState:0 cellNetworkType: 7
04-18 16:36:35.455  4232  4270 D OnStarCommands: getSignalLevel: 2 -> 6
04-18 16:36:35.455  4232  4270 D OnStarCommands: getVoiceRegState: state = 1
04-18 16:36:35.455  4232  4270 D OnStarCommands: onCellNetInfo: No mVoiceNetworkStateRegistrants to notify
04-18 16:36:35.465  4232  4232 V OnStarServiceStateTracker: handleMessage: SIGNAL STRENGTH event = 12  current phone is not OnStar
04-18 16:36:35.465  4232  4232 V OnStarServiceStateTracker: handleMessage: EVENT_NETWORK_STATE_CHANGED: polling states...
04-18 16:36:35.465  4232  4232 V OnStarServiceStateTracker: pollState
04-18 16:36:35.465  4232  4232 D OnStarCommands: getVoiceRegState: state = 1
04-18 16:36:35.465  4232  4232 D OnStarCommands: getOperator: operatorName = AT&T
04-18 16:36:35.465  4232  4232 V OnStarServiceStateTracker: handleMessage: EVENT_POLL_STATE_REGISTRATION: processing...
04-18 16:36:35.465  4232  4232 D OnStarServiceStateTracker: handlePollStateResult: EVENT_POLL_STATE_REGISTRATION: regCode:1, serviceState:0
04-18 16:36:35.465  4232  4232 D PHONE   : [ServiceState] setVoiceRegState=0
04-18 16:36:35.465  4232  4232 V OnStarServiceStateTracker: handleMessage: EVENT_POLL_STATE_OPERATOR: processing...
04-18 16:36:35.465  4232  4232 D OnStarServiceStateTracker: handlePollStateResult: EVENT_POLL_STATE_OPERATOR: opNames[0]: 'AT&T' opNames[1]: '' opNames[2]: ''
04-18 16:36:35.466  4232  4232 D OnStarServiceStateTracker: pollStateDone: oldSS=[0 1 voice home data home AT&T   AT&T    Unknown Unknown CSS not supported -1 -1 RoamInd=-1 DefRoamInd=-1 EmergOnly=false IsDataRoamingFromRegistration=false] newSS=[0 1 voice home data home AT&T   AT&T    Unknown Unknown CSS not supported -1 -1 RoamInd=-1 DefRoamInd=-1 EmergOnly=false IsDataRoamingFromRegistration=false]
04-18 16:36:35.466  4232  4232 D PHONE   : [ServiceState] setNullState=1
04-18 16:36:35.468  4232  4232 D OnStarServiceStateTracker: pollStateDone: Current OutgoingPhone is not OnStar.
04-18 16:36:37.683  4232  4842 V OnStarCommands: onCellNetInfo: cellNetworkName:AT&T cellNetworkSignal:1 cellNetworkState:0 cellNetworkType: 7
04-18 16:36:37.684  4232  4842 D OnStarCommands: getSignalLevel: 1 -> 4
04-18 16:36:37.684  4232  4842 D OnStarCommands: getVoiceRegState: state = 1
04-18 16:36:37.684  4232  4842 D OnStarCommands: onCellNetInfo: No mVoiceNetworkStateRegistrants to notify
04-18 16:36:37.692  4232  4232 V OnStarServiceStateTracker: handleMessage: SIGNAL STRENGTH event = 12  current phone is not OnStar
04-18 16:36:37.692  4232  4232 V OnStarServiceStateTracker: handleMessage: EVENT_NETWORK_STATE_CHANGED: polling states...
04-18 16:36:37.692  4232  4232 V OnStarServiceStateTracker: pollState
04-18 16:36:37.692  4232  4232 D OnStarCommands: getVoiceRegState: state = 1
04-18 16:36:37.692  4232  4232 D OnStarCommands: getOperator: operatorName = AT&T
04-18 16:36:37.692  4232  4232 V OnStarServiceStateTracker: handleMessage: EVENT_POLL_STATE_REGISTRATION: processing...
04-18 16:36:37.692  4232  4232 D OnStarServiceStateTracker: handlePollStateResult: EVENT_POLL_STATE_REGISTRATION: regCode:1, serviceState:0
04-18 16:36:37.692  4232  4232 D PHONE   : [ServiceState] setVoiceRegState=0
04-18 16:36:37.692  4232  4232 V OnStarServiceStateTracker: handleMessage: EVENT_POLL_STATE_OPERATOR: processing...
04-18 16:36:37.692  4232  4232 D OnStarServiceStateTracker: handlePollStateResult: EVENT_POLL_STATE_OPERATOR: opNames[0]: 'AT&T' opNames[1]: '' opNames[2]: ''
04-18 16:36:37.703  4232  4232 D OnStarServiceStateTracker: pollStateDone: oldSS=[0 1 voice home data home AT&T   AT&T    Unknown Unknown CSS not supported -1 -1 RoamInd=-1 DefRoamInd=-1 EmergOnly=false IsDataRoamingFromRegistration=false] newSS=[0 1 voice home data home AT&T   AT&T    Unknown Unknown CSS not supported -1 -1 RoamInd=-1 DefRoamInd=-1 EmergOnly=false IsDataRoamingFromRegistration=false]
04-18 16:36:37.703  4232  4232 D PHONE   : [ServiceState] setNullState=1
04-18 16:36:37.705  4232  4232 D OnStarServiceStateTracker: pollStateDone: Current OutgoingPhone is not OnStar.
04-18 16:36:44.390  4232  4711 V OnStarCommands: onCellNetInfo: cellNetworkName:AT&T cellNetworkSignal:2 cellNetworkState:0 cellNetworkType: 7
04-18 16:36:44.390  4232  4711 D OnStarCommands: getSignalLevel: 2 -> 6
