04-18 16:50:17.475  2655  2667 I chatty  : uid=1000(system) Binder_2 expire 13 lines
04-18 16:50:17.476  2655  3770 I chatty  : uid=1000(system) Binder_B expire 13 lines
04-18 16:50:17.582  2655  2666 I chatty  : uid=1000(system) Binder_1 expire 4 lines
04-18 16:50:17.584  2655  3321 I chatty  : uid=1000(system) Binder_7 expire 9 lines
04-18 16:50:17.636  2655  2725 I chatty  : uid=1000(system) ActivityManager expire 5 lines
04-18 16:50:17.689  2655  2690 I chatty  : uid=1000(system) Binder_3 expire 11 lines
04-18 16:50:17.706  2655  3304 I chatty  : uid=1000(system) Binder_6 expire 7 lines
04-18 16:50:17.809  2655  4097 I chatty  : uid=1000(system) Binder_D expire 11 lines
04-18 16:50:17.892  2655  2942 I chatty  : uid=1000(system) Binder_4 expire 10 lines
04-18 16:50:18.127  2655  3327 I chatty  : uid=1000(system) Binder_8 expire 12 lines
04-18 16:50:18.237  2655  4156 I chatty  : uid=1000(system) Binder_F expire 10 lines
04-18 16:50:18.239  2655  3694 I chatty  : uid=1000(system) Binder_A expire 3 lines
04-18 16:50:18.344  2655  2760 I chatty  : uid=1000(system) android.display expire 8 lines
04-18 16:50:18.449  2655  4150 I chatty  : uid=1000(system) Binder_E expire 6 lines
04-18 16:50:18.508  2655  3051 I chatty  : uid=1000(system) Binder_5 expire 9 lines
04-18 16:50:18.740  2655  4171 I chatty  : uid=1000(system) Binder_10 expire 4 lines
04-18 16:50:18.942  4232  4711 V OnStarCommands: onTTYStateStatus
04-18 16:50:19.047  2915  4509 I chatty  : uid=1000(system) Binder_4 expire 2 lines
04-18 16:50:19.048  4232  4270 V OnStarCommands: onCellNetStatus: OnStarCellNetStatus [myNumber=16195818012, minutesRemaining=0, minutesUsed=0, minutesExpiration=01/01/1980, dataRemaining=0, dataUsed=0, dataExpiration=0, hasMyNumber=true, hasOnStarMinutesUsed=true, hasOnStarMinutesRemaining=true, hasOnStarMinutesExpiration=true, hasOnStarDataUsed=true, hasOnStarDataRemaining=true, hasOnStarDataExpiration=true]
04-18 16:50:19.048  4232  4232 D OnStarPhone: subscriberNumber is 16195818012
04-18 16:50:19.090  4232  4271 V OnStarCommands: onTTYModeStatus
04-18 16:50:19.092  2655  2655 I chatty  : uid=1000 system_server expire 2 lines
04-18 16:50:19.382  2655  2722 I chatty  : uid=1000(system) android.bg expire 1 line
04-18 16:50:19.604  2655  3349 I chatty  : uid=1000(system) Binder_9 expire 7 lines
04-18 16:50:19.762  2655  3802 I chatty  : uid=1000(system) Binder_C expire 11 lines
04-18 16:50:20.222  3085  3149 I chatty  : uid=1000(system) Thread-55 expire 24 lines
04-18 16:50:20.223  3085 12678 I chatty  : uid=1000(system) com.gm.android.gmauthmanagerservice expire 9 lines
04-18 16:50:20.234  3085 12682 I chatty  : uid=1000(system) com.gm.android.gmauthmanagerservice expire 10 lines
04-18 16:50:20.246  3085 12683 I chatty  : uid=1000(system) com.gm.android.gmauthmanagerservice expire 10 lines
04-18 16:50:20.256  3085 12684 I chatty  : uid=1000(system) com.gm.android.gmauthmanagerservice expire 9 lines
04-18 16:50:20.267  3085 12685 I chatty  : uid=1000(system) com.gm.android.gmauthmanagerservice expire 10 lines
04-18 16:50:20.270  3085 12686 I chatty  : uid=1000(system) com.gm.android.gmauthmanagerservice expire 10 lines
04-18 16:50:20.546  7891  7891 W StatusBarManager: enter dropFocus in StatusBarManager
04-18 16:50:21.029  3085 12697 I chatty  : uid=1000(system) com.gm.android.gmauthmanagerservice expire 9 lines
04-18 16:50:21.061  3085 12698 I chatty  : uid=1000(system) com.gm.android.gmauthmanagerservice expire 10 lines
04-18 16:50:21.084  3085  3149 I chatty  : uid=1000(system) Thread-55 expire 39 lines
04-18 16:50:21.131  3085 12699 I chatty  : uid=1000(system) com.gm.android.gmauthmanagerservice expire 10 lines
04-18 16:50:21.138  2655  4156 I chatty  : uid=1000(system) Binder_F expire 5 lines
04-18 16:50:21.143  2655  2942 I chatty  : uid=1000(system) Binder_4 expire 5 lines
04-18 16:50:21.217  2655  3694 I chatty  : uid=1000(system) Binder_A expire 8 lines
04-18 16:50:21.218  3085 12700 I chatty  : uid=1000(system) com.gm.android.gmauthmanagerservice expire 9 lines
04-18 16:50:21.220  2655  4097 I chatty  : uid=1000(system) Binder_D expire 7 lines
04-18 16:50:21.233  3085 12701 I chatty  : uid=1000(system) com.gm.android.gmauthmanagerservice expire 10 lines
04-18 16:50:21.243  3085 12702 I chatty  : uid=1000(system) com.gm.android.gmauthmanagerservice expire 10 lines
04-18 16:50:21.310  2655  3802 I chatty  : uid=1000(system) Binder_C expire 9 lines
04-18 16:50:21.310  2655  3304 I chatty  : uid=1000(system) Binder_6 expire 8 lines
04-18 16:50:21.317  2655  3349 I chatty  : uid=1000(system) Binder_9 expire 6 lines
04-18 16:50:21.431  2655  2760 I chatty  : uid=1000(system) android.display expire 8 lines
04-18 16:50:21.594  2655  3051 I chatty  : uid=1000(system) Binder_5 expire 3 lines
04-18 16:50:21.778  3311  3311 I chatty  : uid=1000(system) com.gm.gmhomescreen expire 3 lines
04-18 16:50:21.795  2655  4150 I chatty  : uid=1000(system) Binder_E expire 1 line
04-18 16:50:21.902  2655  2725 I chatty  : uid=1000(system) ActivityManager expire 1 line
04-18 16:50:21.904  2655  3327 I chatty  : uid=1000(system) Binder_8 expire 4 lines
04-18 16:50:21.916  2655  2667 I chatty  : uid=1000(system) Binder_2 expire 3 lines
04-18 16:50:21.937  2655  2690 I chatty  : uid=1000(system) Binder_3 expire 5 lines
04-18 16:50:22.076  2655  3321 I chatty  : uid=1000(system) Binder_7 expire 4 lines
04-18 16:50:22.172  2655  2666 I chatty  : uid=1000(system) Binder_1 expire 5 lines
04-18 16:50:22.308  3085 12745 I chatty  : uid=1000(system) com.gm.android.gmauthmanagerservice expire 9 lines
04-18 16:50:22.313  3085 12746 I chatty  : uid=1000(system) com.gm.android.gmauthmanagerservice expire 10 lines
04-18 16:50:22.329  3085 12749 I chatty  : uid=1000(system) com.gm.android.gmauthmanagerservice expire 10 lines
04-18 16:50:22.436  2655  4171 I chatty  : uid=1000(system) Binder_10 expire 3 lines
04-18 16:50:22.522  2655  3770 I chatty  : uid=1000(system) Binder_B expire 2 lines
04-18 16:50:22.716  7891  7891 W StatusBarManager: enter dropFocus in StatusBarManager
04-18 16:50:23.160  3085 12773 I chatty  : uid=1000(system) com.gm.android.gmauthmanagerservice expire 9 lines
04-18 16:50:23.167  3085 12774 I chatty  : uid=1000(system) com.gm.android.gmauthmanagerservice expire 10 lines
04-18 16:50:23.174  3085 12775 I chatty  : uid=1000(system) com.gm.android.gmauthmanagerservice expire 10 lines
04-18 16:50:23.178  3085 12776 I chatty  : uid=1000(system) com.gm.android.gmauthmanagerservice expire 9 lines
04-18 16:50:23.183  3085 12777 I chatty  : uid=1000(system) com.gm.android.gmauthmanagerservice expire 10 lines
04-18 16:50:23.186  3085 12778 I chatty  : uid=1000(system) com.gm.android.gmauthmanagerservice expire 10 lines
04-18 16:50:23.198  2655  3327 I chatty  : uid=1000(system) Binder_8 expire 11 lines
04-18 16:50:23.198  2655  3802 I chatty  : uid=1000(system) Binder_C expire 8 lines
04-18 16:50:23.204  2655  4156 I chatty  : uid=1000(system) Binder_F expire 12 lines
04-18 16:50:23.204  2655  3694 I chatty  : uid=1000(system) Binder_A expire 7 lines
04-18 16:50:23.307  2655  2666 I chatty  : uid=1000(system) Binder_1 expire 2 lines
04-18 16:50:23.310  2655  3304 I chatty  : uid=1000(system) Binder_6 expire 5 lines
04-18 16:50:23.314  2655  2725 I chatty  : uid=1000(system) ActivityManager expire 2 lines
04-18 16:50:23.330  2655  2690 I chatty  : uid=1000(system) Binder_3 expire 4 lines
04-18 16:50:23.433  2655  2942 I chatty  : uid=1000(system) Binder_4 expire 8 lines
04-18 16:50:23.542  2655  3051 I chatty  : uid=1000(system) Binder_5 expire 5 lines
04-18 16:50:23.559  2655  3321 I chatty  : uid=1000(system) Binder_7 expire 8 lines
04-18 16:50:23.745  3085  3149 I chatty  : uid=1000(system) Thread-55 expire 36 lines
04-18 16:50:23.746  3085 12796 I chatty  : uid=1000(system) com.gm.android.gmauthmanagerservice expire 9 lines
04-18 16:50:23.762  3085 12798 I chatty  : uid=1000(system) com.gm.android.gmauthmanagerservice expire 10 lines
04-18 16:50:23.768  3085 12801 I chatty  : uid=1000(system) com.gm.android.gmauthmanagerservice expire 10 lines
04-18 16:50:23.780  3085 12802 I chatty  : uid=1000(system) com.gm.android.gmauthmanagerservice expire 9 lines
04-18 16:50:23.785  3085 12803 I chatty  : uid=1000(system) com.gm.android.gmauthmanagerservice expire 10 lines
04-18 16:50:23.788  3085 12804 I chatty  : uid=1000(system) com.gm.android.gmauthmanagerservice expire 10 lines
04-18 16:50:24.021  2655  4097 I chatty  : uid=1000(system) Binder_D expire 2 lines
04-18 16:50:24.033  2655  2760 I chatty  : uid=1000(system) android.display expire 7 lines
04-18 16:50:24.215  2569 23626 I VAS/VehicleAudioService: getDSPModePresent() number 0
04-18 16:50:24.215  2569 23626 I VAS/VehicleAudioService: getDSPModePresent() return 0
04-18 16:50:24.217  2569  2625 I VAS/VehicleAudioService: getDSPModePresent() number 3
04-18 16:50:24.217  2569  2625 I VAS/VehicleAudioService: getDSPModePresent() return 0
04-18 16:50:24.218  2569  2624 I VAS/VehicleAudioService: getDSPModePresent() number 2
04-18 16:50:24.218  2569  2624 I VAS/VehicleAudioService: getDSPModePresent() return 0
04-18 16:50:24.220  2569  2569 I VAS/VehicleAudioService: getDSPModePresent() number 1
04-18 16:50:24.220  2569  2569 I VAS/VehicleAudioService: getDSPModePresent() return 0
04-18 16:50:24.229  3277  3277 I chatty  : uid=1000(system) com.gm.gmaudio expire 1 line
04-18 16:50:24.287  2655  2667 I chatty  : uid=1000(system) Binder_2 expire 1 line
04-18 16:50:24.356  3085 12805 I chatty  : uid=1000(system) com.gm.android.gmauthmanagerservice expire 9 lines
04-18 16:50:24.369  2655  3349 I chatty  : uid=1000(system) Binder_9 expire 4 lines
04-18 16:50:24.373  3085 12806 I chatty  : uid=1000(system) com.gm.android.gmauthmanagerservice expire 10 lines
04-18 16:50:24.385  3085 12807 I chatty  : uid=1000(system) com.gm.android.gmauthmanagerservice expire 10 lines
04-18 16:50:24.396  3085 12808 I chatty  : uid=1000(system) com.gm.android.gmauthmanagerservice expire 9 lines
04-18 16:50:24.400  3085 12809 I chatty  : uid=1000(system) com.gm.android.gmauthmanagerservice expire 10 lines
04-18 16:50:24.405  3085 12810 I chatty  : uid=1000(system) com.gm.android.gmauthmanagerservice expire 10 lines
04-18 16:50:24.484  2655  4150 I chatty  : uid=1000(system) Binder_E expire 5 lines
04-18 16:50:24.701  2655  3770 I chatty  : uid=1000(system) Binder_B expire 2 lines
04-18 16:50:24.933  2569 23626 I VAS/VehicleAudioService: abandonAudioFocus() streamType 4096, extraInfo 0, zone 1
04-18 16:50:24.933  2569 23626 I VAS/VehicleAudioService: setMux() name primary_mux, input 4096, gain -100, extraInfo 0, zone 1
04-18 16:50:24.933  2569 23626 I VAS/AudioCtrlSvcImpl: setMux() streamType 4096:0 is already deactivated! Returning
04-18 16:50:24.935  2569  2625 I VAS/VehicleAudioService: requestAudioFocus() streamType 3, extraInfo 0, zone 1, clientId android.media.AudioManager@c47e146com.gm.a.b.g@a4d29d3
04-18 16:50:24.935  2569  2625 I VAS/VehicleAudioService: setMux() name primary_mux, input 3, gain 0, extraInfo 0, zone 1
04-18 16:50:24.935  2569  2625 I VAS/AudioDriverInterface: setSrc() sinkType 1, streamType 3, activationStatus 1, extraInfo 0
04-18 16:50:24.936  2569  2625 I VAS/AudioDriverInterface: setSourceScale() sinkType 1, scale value -2.34 : gain value 0.00
04-18 16:50:24.937  2569  2625 E VAS/AudioDriverInterface: setSourceScale() audio_set_dirana_source_gain() failed, ERROR -1
04-18 16:50:24.937  2569  2625 I VAS/ExternalAmpIface: update() attrName MtxSnkBal, rawValue 0.00
04-18 16:50:24.937  2569  2625 I VAS/AudioDriverInterface: setBalance() balance 0
04-18 16:50:24.938  2569  2625 I VAS/ExternalAmpIface: update() attrName MtxSnkFd, rawValue 11.00
04-18 16:50:24.938  2569  2625 I VAS/AudioDriverInterface: setFade() fade 11
04-18 16:50:24.939  2569  2625 I VAS/ExternalAmpIface: update() attrName MtxSnkBass, rawValue 12.00
04-18 16:50:24.939  2569  2625 I VAS/AudioDriverInterface: setBass() bass 12.00
04-18 16:50:24.940  2569  2625 I VAS/ExternalAmpIface: update() attrName MtxSnkMdrng, rawValue 0.00
04-18 16:50:24.940  2569  2625 I VAS/AudioDriverInterface: setMid() mid 0
04-18 16:50:24.942  2569  2625 I VAS/ExternalAmpIface: update() attrName MtxSnkTrbl, rawValue 1.00
04-18 16:50:24.942  2569  2625 I VAS/AudioDriverInterface: setTreble() treble 1
04-18 16:50:24.944  2569  2625 I VAS/ExternalAmpIface: update() attrName VcSrcActOnMtx, rawValue 0.00
04-18 16:50:24.944  2569  2625 E VAS/AudioCtrlSvcImpl: setALC() Invalid AlcRange 1
04-18 16:50:24.945  2569  2625 I VAS/AudioDriverInterface: setBassFilterCoeffs() filterType 1, freq 100.00, QualityFactor 1.00
04-18 16:50:24.946  2569  2625 I VAS/AudioCtrlSvcImpl: setALC() alcRange -40, filter Treble, Freq 12000, Q_factor 1.0, Gain, 1.5
04-18 16:50:24.946  2569  2625 I VAS/AudioDriverInterface: setTrebleFilterCoeffs() filterType 1, freq 12000.00, QualityFactor 1.00
04-18 16:50:24.948  2569  2625 I VAS/AudioDriverInterface: setIndpBassTrebleCtrl() bassGain 5.00, trebleGain 1.50
04-18 16:50:24.949  2569  2625 I VAS/AudioDriverInterface: setVolume() sinkType 1, volDb -42.00
04-18 16:50:24.949  2569  2625 I VAS/ExternalAmpIface: update() attrName MtxSnkLvl, rawValue -42.00
04-18 16:50:24.950  2569  2625 I VAS/AudioCtrlSvcImpl: setMux() Non-Entertainment stream, UnMuting automatically
04-18 16:50:24.950  2569  2625 I VAS/AudioDriverInterface: setMuteRamp() sinkType 1, mute 0, time 0.01 sec
04-18 16:50:24.950  2569  2625 I VAS/ExternalAmpIface: update() attrName MtxSnkMutRmpTm, rawValue 10.00
04-18 16:50:24.950  2569  2625 I VAS/ExternalAmpIface: update() attrName MtxSnkMut, rawValue 0.00
04-18 16:50:24.953  2655  2974 I chatty  : uid=1000(system) AudioService expire 2 lines
04-18 16:50:24.976  3277  3628 I chatty  : uid=1000(system) DefaultSourceMa expire 1 line
04-18 16:50:25.181  2655  4171 I chatty  : uid=1000(system) Binder_10 expire 5 lines
04-18 16:50:25.213  2569  2627 I VAS/ExternalAmpIface: mutex_sink_mute_state_callback() entry
04-18 16:50:25.213  2569  2627 I VAS/ExternalAmpIface: mutex_sink_mute_state_callback() Mute status 0
04-18 16:50:25.213  2569  2627 I VAS/AudioCtrlSvcImpl: setMuteRampFinish() entry
04-18 16:50:25.273  2569  2624 I VAS/VehicleAudioService: abandonAudioFocus() streamType 3, extraInfo 0, zone 1
04-18 16:50:25.273  2569  2624 I VAS/VehicleAudioService: setMux() name primary_mux, input 3, gain -100, extraInfo 0, zone 1
04-18 16:50:25.273  2569  2624 I VAS/AudioDriverInterface: setMuteRamp() sinkType 1, mute 1, time 0.01 sec
04-18 16:50:25.274  2569  2624 I VAS/ExternalAmpIface: update() attrName MtxSnkMutRmpTm, rawValue 10.00
04-18 16:50:25.274  2569  2624 I VAS/ExternalAmpIface: update() attrName MtxSnkMut, rawValue 1.00
04-18 16:50:25.445  2569  2626 I VAS/ExternalAmpIface: mutex_sink_mute_state_callback() entry
04-18 16:50:25.445  2569  2626 I VAS/ExternalAmpIface: mutex_sink_mute_state_callback() Mute status 1
04-18 16:50:25.445  2569  2626 I VAS/AudioCtrlSvcImpl: setMuteRampFinish() entry
04-18 16:50:25.445  2569  2624 I VAS/AudioCtrlSvcImpl: processMuteUnmuteRamps() Received Mute response from amplifier
04-18 16:50:25.445  2569  2624 I VAS/AudioDriverInterface: setSrc() sinkType 1, streamType 3, activationStatus 0, extraInfo 0
04-18 16:50:25.448  2569  2625 I VAS/VehicleAudioService: requestAudioFocus() streamType 4101, extraInfo 0, zone 1, clientId gm.media.audio.VehicleAudioManager@5245771com.siriusxm.ivi.oem.media.AudioFocusManager@583d9561
04-18 16:50:25.449  2569  2625 I VAS/VehicleAudioService: setMux() name primary_mux, input 4101, gain 0, extraInfo 0, zone 1
04-18 16:50:25.449  2569  2625 I VAS/AudioDriverInterface: setSrc() sinkType 1, streamType 4101, activationStatus 1, extraInfo 0
04-18 16:50:25.460  2569  2625 I VAS/AudioDriverInterface: setSourceScale() sinkType 1, scale value 0.00 : gain value 0.00
04-18 16:50:25.462  2569  2625 I VAS/ExternalAmpIface: update() attrName MtxSnkBal, rawValue 0.00
04-18 16:50:25.462  2569  2625 I VAS/AudioDriverInterface: setBalance() balance 0
04-18 16:50:25.463  2569  2625 I VAS/ExternalAmpIface: update() attrName MtxSnkFd, rawValue 11.00
04-18 16:50:25.463  2569  2625 I VAS/AudioDriverInterface: setFade() fade 11
04-18 16:50:25.464  2569  2625 I VAS/ExternalAmpIface: update() attrName MtxSnkBass, rawValue 12.00
04-18 16:50:25.464  2569  2625 I VAS/AudioDriverInterface: setBass() bass 12.00
04-18 16:50:25.465  2569  2625 I VAS/ExternalAmpIface: update() attrName MtxSnkMdrng, rawValue 0.00
04-18 16:50:25.465  2569  2625 I VAS/AudioDriverInterface: setMid() mid 0
04-18 16:50:25.466  2569  2625 I VAS/ExternalAmpIface: update() attrName MtxSnkTrbl, rawValue 1.00
04-18 16:50:25.466  2569  2625 I VAS/AudioDriverInterface: setTreble() treble 1
04-18 16:50:25.468  2569  2625 I VAS/ExternalAmpIface: update() attrName VcSrcActOnMtx, rawValue 0.00
04-18 16:50:25.468  2569  2625 I VAS/AudioDriverInterface: setVolume() sinkType 1, volDb -38.00
04-18 16:50:25.469  2569  2625 I VAS/ExternalAmpIface: update() attrName MtxSnkLvl, rawValue -38.00
04-18 16:50:25.469  2569  2625 I VAS/AudioDriverInterface: setVolume() sinkType 3, volDb -18.00
04-18 16:50:25.469  2569  2625 I VAS/ExternalAmpIface: update() attrName AudFdbkSnkLvl, rawValue -18.00
04-18 16:50:25.469  2569  2625 I VAS/AudioCtrlSvcImpl: setMux() Entertainment stream active, Not unmuting sources automatically
04-18 16:50:25.476  2569  2569 I VAS/VehicleAudioService: setSourceMute() streamType 4101, mute 0
04-18 16:50:25.476  2569  2569 I VAS/AudioDriverInterface: setMuteRamp() sinkType 1, mute 0, time 0.01 sec
04-18 16:50:25.477  2569  2569 I VAS/ExternalAmpIface: update() attrName MtxSnkMutRmpTm, rawValue 10.00
04-18 16:50:25.477  2569  2569 I VAS/ExternalAmpIface: update() attrName MtxSnkMut, rawValue 0.00
04-18 16:50:25.487  2655  2667 I chatty  : uid=1000(system) Binder_2 expire 6 lines
04-18 16:50:25.546  2655  2760 I chatty  : uid=1000(system) android.display expire 8 lines
04-18 16:50:25.551  2655  3321 I chatty  : uid=1000(system) Binder_7 expire 2 lines
04-18 16:50:25.553  2655  3051 I chatty  : uid=1000(system) Binder_5 expire 7 lines
04-18 16:50:25.603  2655  4156 I chatty  : uid=1000(system) Binder_F expire 6 lines
04-18 16:50:25.663  3085  3149 I chatty  : uid=1000(system) Thread-55 expire 45 lines
04-18 16:50:25.664  3085 12837 I chatty  : uid=1000(system) com.gm.android.gmauthmanagerservice expire 9 lines
04-18 16:50:25.671  3085 12838 I chatty  : uid=1000(system) com.gm.android.gmauthmanagerservice expire 10 lines
04-18 16:50:25.677  3085 12839 I chatty  : uid=1000(system) com.gm.android.gmauthmanagerservice expire 10 lines
04-18 16:50:25.686  3085 12840 I chatty  : uid=1000(system) com.gm.android.gmauthmanagerservice expire 9 lines
04-18 16:50:25.693  3085 12841 I chatty  : uid=1000(system) com.gm.android.gmauthmanagerservice expire 10 lines
04-18 16:50:25.695  3085 12842 I chatty  : uid=1000(system) com.gm.android.gmauthmanagerservice expire 10 lines
04-18 16:50:25.726  2569  2626 I VAS/ExternalAmpIface: mutex_sink_mute_state_callback() entry
04-18 16:50:25.728  2569  2626 I VAS/ExternalAmpIface: mutex_sink_mute_state_callback() Mute status 0
04-18 16:50:25.728  2569  2626 I VAS/AudioCtrlSvcImpl: setMuteRampFinish() entry
04-18 16:50:25.728  4298  4298 W StatusBarManager: enter dropFocus in StatusBarManager
04-18 16:50:25.729  2655  2690 I chatty  : uid=1000(system) Binder_3 expire 5 lines
04-18 16:50:25.737  2655  4097 I chatty  : uid=1000(system) Binder_D expire 5 lines
04-18 16:50:25.764  2655  3349 I chatty  : uid=1000(system) Binder_9 expire 5 lines
04-18 16:50:25.806  2655  2725 I chatty  : uid=1000(system) ActivityManager expire 4 lines
04-18 16:50:25.829  2655  3802 I chatty  : uid=1000(system) Binder_C expire 3 lines
04-18 16:50:25.830  2655  3304 I chatty  : uid=1000(system) Binder_6 expire 4 lines
04-18 16:50:26.048  2655  3694 I chatty  : uid=1000(system) Binder_A expire 1 line
04-18 16:50:26.053  2655  2942 I chatty  : uid=1000(system) Binder_4 expire 2 lines
04-18 16:50:26.332  3085 12868 I chatty  : uid=1000(system) com.gm.android.gmauthmanagerservice expire 9 lines
04-18 16:50:26.368  3085 12869 I chatty  : uid=1000(system) com.gm.android.gmauthmanagerservice expire 10 lines
04-18 16:50:26.383  2655  3770 I chatty  : uid=1000(system) Binder_B expire 2 lines
04-18 16:50:26.384  3085 12870 I chatty  : uid=1000(system) com.gm.android.gmauthmanagerservice expire 10 lines
04-18 16:50:26.397  3085 12872 I chatty  : uid=1000(system) com.gm.android.gmauthmanagerservice expire 9 lines
04-18 16:50:26.407  3085 12873 I chatty  : uid=1000(system) com.gm.android.gmauthmanagerservice expire 10 lines
04-18 16:50:26.412  3085 12874 I chatty  : uid=1000(system) com.gm.android.gmauthmanagerservice expire 10 lines
04-18 16:50:26.741  2655  4150 I chatty  : uid=1000(system) Binder_E expire 1 line
04-18 16:50:26.792  2655  2666 I chatty  : uid=1000(system) Binder_1 expire 3 lines
04-18 16:50:26.798  1976 11931 I chatty  : uid=1000(system) Binder_2 expire 2 lines
04-18 16:50:26.957  2886  2937 I chatty  : uid=1000(system) Binder_2 expire 1 line
04-18 16:50:27.096  3085 12967 I chatty  : uid=1000(system) com.gm.android.gmauthmanagerservice expire 9 lines
04-18 16:50:27.106  3085 12973 I chatty  : uid=1000(system) com.gm.android.gmauthmanagerservice expire 10 lines
04-18 16:50:27.116  3085 12976 I chatty  : uid=1000(system) com.gm.android.gmauthmanagerservice expire 10 lines
04-18 16:50:27.122  3085  3149 I chatty  : uid=1000(system) Thread-55 expire 42 lines
04-18 16:50:27.125  3085 12978 I chatty  : uid=1000(system) com.gm.android.gmauthmanagerservice expire 9 lines
04-18 16:50:27.144  3085 12981 I chatty  : uid=1000(system) com.gm.android.gmauthmanagerservice expire 10 lines
04-18 16:50:27.148  2655  4171 I chatty  : uid=1000(system) Binder_10 expire 5 lines
04-18 16:50:27.149  2655  3304 I chatty  : uid=1000(system) Binder_6 expire 7 lines
04-18 16:50:27.150  3085 12982 I chatty  : uid=1000(system) com.gm.android.gmauthmanagerservice expire 10 lines
04-18 16:50:27.253  2655  3349 I chatty  : uid=1000(system) Binder_9 expire 5 lines
04-18 16:50:27.355  2655  3327 I chatty  : uid=1000(system) Binder_8 expire 3 lines
04-18 16:50:27.376  2655  3051 I chatty  : uid=1000(system) Binder_5 expire 4 lines
04-18 16:50:27.376  2655  3770 I chatty  : uid=1000(system) Binder_B expire 6 lines
04-18 16:50:27.480  2655  2667 I chatty  : uid=1000(system) Binder_2 expire 3 lines
04-18 16:50:27.480  2655  2690 I chatty  : uid=1000(system) Binder_3 expire 8 lines
04-18 16:50:27.512  2886  3103 I chatty  : uid=1000(system) TcpInternetMana expire 3 lines
04-18 16:50:27.702  2655  3321 I chatty  : uid=1000(system) Binder_7 expire 5 lines
04-18 16:50:27.708  2655  2760 I chatty  : uid=1000(system) android.display expire 4 lines
04-18 16:50:27.911  2655  3694 I chatty  : uid=1000(system) Binder_A expire 6 lines
04-18 16:50:28.016  2655  4150 I chatty  : uid=1000(system) Binder_E expire 3 lines
04-18 16:50:28.016  2655  2942 I chatty  : uid=1000(system) Binder_4 expire 3 lines
04-18 16:50:28.348  3085 13134 I chatty  : uid=1000(system) com.gm.android.gmauthmanagerservice expire 9 lines
04-18 16:50:28.353  3085 13135 I chatty  : uid=1000(system) com.gm.android.gmauthmanagerservice expire 10 lines
04-18 16:50:28.359  3085 13137 I chatty  : uid=1000(system) com.gm.android.gmauthmanagerservice expire 10 lines
04-18 16:50:28.362  3085 13139 I chatty  : uid=1000(system) com.gm.android.gmauthmanagerservice expire 9 lines
04-18 16:50:28.365  2655  2725 I chatty  : uid=1000(system) ActivityManager expire 1 line
04-18 16:50:28.365  3085 13145 I chatty  : uid=1000(system) com.gm.android.gmauthmanagerservice expire 10 lines
04-18 16:50:28.367  3085 13146 I chatty  : uid=1000(system) com.gm.android.gmauthmanagerservice expire 10 lines
04-18 16:50:28.537  2655  2966 I chatty  : uid=1000(system) WifiStateMachin expire 2 lines
04-18 16:50:28.633  2655  4156 I chatty  : uid=1000(system) Binder_F expire 3 lines
04-18 16:50:28.773  2655  4097 I chatty  : uid=1000(system) Binder_D expire 2 lines
04-18 16:50:28.950  3085 13178 I chatty  : uid=1000(system) com.gm.android.gmauthmanagerservice expire 9 lines
04-18 16:50:28.961  3085 13179 I chatty  : uid=1000(system) com.gm.android.gmauthmanagerservice expire 10 lines
04-18 16:50:28.967  3085 13180 I chatty  : uid=1000(system) com.gm.android.gmauthmanagerservice expire 10 lines
04-18 16:50:28.971  3085 13181 I chatty  : uid=1000(system) com.gm.android.gmauthmanagerservice expire 9 lines
04-18 16:50:28.975  3085 13182 I chatty  : uid=1000(system) com.gm.android.gmauthmanagerservice expire 10 lines
04-18 16:50:28.976  3085  3149 I chatty  : uid=1000(system) Thread-55 expire 42 lines
04-18 16:50:28.977  3085 13183 I chatty  : uid=1000(system) com.gm.android.gmauthmanagerservice expire 10 lines
04-18 16:50:29.005  2655  3694 I chatty  : uid=1000(system) Binder_A expire 5 lines
04-18 16:50:29.005  2655  2667 I chatty  : uid=1000(system) Binder_2 expire 8 lines
04-18 16:50:29.010  2655  3327 I chatty  : uid=1000(system) Binder_8 expire 11 lines
04-18 16:50:29.010  2655  4097 I chatty  : uid=1000(system) Binder_D expire 4 lines
04-18 16:50:29.112  2655  2942 I chatty  : uid=1000(system) Binder_4 expire 7 lines
04-18 16:50:29.216  2655  3349 I chatty  : uid=1000(system) Binder_9 expire 4 lines
04-18 16:50:29.325  2655  3321 I chatty  : uid=1000(system) Binder_7 expire 4 lines
04-18 16:50:29.326  2655  2690 I chatty  : uid=1000(system) Binder_3 expire 8 lines
04-18 16:50:29.449  2655  3304 I chatty  : uid=1000(system) Binder_6 expire 4 lines
04-18 16:50:29.449  2655  4156 I chatty  : uid=1000(system) Binder_F expire 3 lines
04-18 16:50:29.539  3085 13184 I chatty  : uid=1000(system) com.gm.android.gmauthmanagerservice expire 9 lines
04-18 16:50:29.552  3085 13185 I chatty  : uid=1000(system) com.gm.android.gmauthmanagerservice expire 10 lines
04-18 16:50:29.558  3085 13186 I chatty  : uid=1000(system) com.gm.android.gmauthmanagerservice expire 10 lines
04-18 16:50:29.565  3085 13187 I chatty  : uid=1000(system) com.gm.android.gmauthmanagerservice expire 9 lines
04-18 16:50:29.565  2655  2666 I chatty  : uid=1000(system) Binder_1 expire 3 lines
04-18 16:50:29.566  2655  3770 I chatty  : uid=1000(system) Binder_B expire 3 lines
04-18 16:50:29.569  3085 13189 I chatty  : uid=1000(system) com.gm.android.gmauthmanagerservice expire 10 lines
04-18 16:50:29.573  3085 13190 I chatty  : uid=1000(system) com.gm.android.gmauthmanagerservice expire 10 lines
04-18 16:50:29.647  2655  2725 I chatty  : uid=1000(system) ActivityManager expire 2 lines
04-18 16:50:30.002  2655  4150 I chatty  : uid=1000(system) Binder_E expire 3 lines
04-18 16:50:30.073  2655  4171 I chatty  : uid=1000(system) Binder_10 expire 3 lines
04-18 16:50:30.118 15518 15518 I chatty  : uid=1000(system) com.android.dialer expire 1 line
04-18 16:50:30.217  2655  3802 I chatty  : uid=1000(system) Binder_C expire 9 lines
04-18 16:50:30.572  3085 13214 I chatty  : uid=1000(system) com.gm.android.gmauthmanagerservice expire 9 lines
04-18 16:50:30.579  3085 13215 I chatty  : uid=1000(system) com.gm.android.gmauthmanagerservice expire 10 lines
04-18 16:50:30.591  3085 13217 I chatty  : uid=1000(system) com.gm.android.gmauthmanagerservice expire 10 lines
04-18 16:50:30.594  3085 13218 I chatty  : uid=1000(system) com.gm.android.gmauthmanagerservice expire 9 lines
04-18 16:50:30.599  3085 13219 I chatty  : uid=1000(system) com.gm.android.gmauthmanagerservice expire 10 lines
04-18 16:50:30.602  3085 13220 I chatty  : uid=1000(system) com.gm.android.gmauthmanagerservice expire 10 lines
04-18 16:50:31.151  3085 13250 I chatty  : uid=1000(system) com.gm.android.gmauthmanagerservice expire 9 lines
04-18 16:50:31.164  3085  3149 I chatty  : uid=1000(system) Thread-55 expire 39 lines
04-18 16:50:31.166  3085 13251 I chatty  : uid=1000(system) com.gm.android.gmauthmanagerservice expire 10 lines
04-18 16:50:31.172  2655  2667 I chatty  : uid=1000(system) Binder_2 expire 2 lines
04-18 16:50:31.173  2655  2690 I chatty  : uid=1000(system) Binder_3 expire 5 lines
04-18 16:50:31.188  2655  3321 I chatty  : uid=1000(system) Binder_7 expire 7 lines
04-18 16:50:31.188  2655  3694 I chatty  : uid=1000(system) Binder_A expire 6 lines
04-18 16:50:31.198  3085 13252 I chatty  : uid=1000(system) com.gm.android.gmauthmanagerservice expire 10 lines
04-18 16:50:31.208  3085 13253 I chatty  : uid=1000(system) com.gm.android.gmauthmanagerservice expire 9 lines
04-18 16:50:31.218  3085 13254 I chatty  : uid=1000(system) com.gm.android.gmauthmanagerservice expire 10 lines
04-18 16:50:31.223  3085 13255 I chatty  : uid=1000(system) com.gm.android.gmauthmanagerservice expire 10 lines
04-18 16:50:31.292  2655  3327 I chatty  : uid=1000(system) Binder_8 expire 4 lines
04-18 16:50:31.293  2655  4171 I chatty  : uid=1000(system) Binder_10 expire 4 lines
04-18 16:50:31.302  2655  4156 I chatty  : uid=1000(system) Binder_F expire 4 lines
04-18 16:50:31.303  2655  3304 I chatty  : uid=1000(system) Binder_6 expire 6 lines
04-18 16:50:31.406  2655  3770 I chatty  : uid=1000(system) Binder_B expire 3 lines
04-18 16:50:31.620  2655  3051 I chatty  : uid=1000(system) Binder_5 expire 10 lines
04-18 16:50:31.725  2655  2666 I chatty  : uid=1000(system) Binder_1 expire 7 lines
04-18 16:50:31.740  2655  2942 I chatty  : uid=1000(system) Binder_4 expire 8 lines
04-18 16:50:31.752  3085 13261 I chatty  : uid=1000(system) com.gm.android.gmauthmanagerservice expire 9 lines
04-18 16:50:31.757  3085 13262 I chatty  : uid=1000(system) com.gm.android.gmauthmanagerservice expire 10 lines
04-18 16:50:31.761  3085 13263 I chatty  : uid=1000(system) com.gm.android.gmauthmanagerservice expire 10 lines
04-18 16:50:31.764  3085 13264 I chatty  : uid=1000(system) com.gm.android.gmauthmanagerservice expire 9 lines
04-18 16:50:31.768  3085 13265 I chatty  : uid=1000(system) com.gm.android.gmauthmanagerservice expire 10 lines
04-18 16:50:31.772  3085 13266 I chatty  : uid=1000(system) com.gm.android.gmauthmanagerservice expire 10 lines
04-18 16:50:31.842  2655  3349 I chatty  : uid=1000(system) Binder_9 expire 8 lines
04-18 16:50:32.000  2655  2725 I chatty  : uid=1000(system) ActivityManager expire 1 line
04-18 16:50:32.097  4232  4842 V OnStarCommands: onTTYStateStatus
04-18 16:50:32.383  4232  4711 V OnStarCommands: onTTYModeStatus
04-18 16:50:32.386  2655  2655 I chatty  : uid=1000 system_server expire 2 lines
04-18 16:50:32.390  2655  2722 I chatty  : uid=1000(system) android.bg expire 1 line
04-18 16:50:32.395  2655  4150 I chatty  : uid=1000(system) Binder_E expire 2 lines
04-18 16:50:32.405  2655  4097 I chatty  : uid=1000(system) Binder_D expire 2 lines
04-18 16:50:32.425  4232  4270 V OnStarCommands: onCellNetStatus: OnStarCellNetStatus [myNumber=16195818012, minutesRemaining=0, minutesUsed=0, minutesExpiration=01/01/1980, dataRemaining=0, dataUsed=0, dataExpiration=0, hasMyNumber=true, hasOnStarMinutesUsed=true, hasOnStarMinutesRemaining=true, hasOnStarMinutesExpiration=true, hasOnStarDataUsed=true, hasOnStarDataRemaining=true, hasOnStarDataExpiration=true]
04-18 16:50:32.425  2915  2938 I chatty  : uid=1000(system) Binder_1 expire 2 lines
04-18 16:50:32.425  4232  4232 D OnStarPhone: subscriberNumber is 16195818012
04-18 16:50:32.428  4232  4271 V OnStarCommands: onTTYModeStatus
04-18 16:50:32.429  4232  4842 V OnStarCommands: onCellNetStatus: OnStarCellNetStatus [myNumber=16195818012, minutesRemaining=0, minutesUsed=0, minutesExpiration=01/01/1980, dataRemaining=0, dataUsed=0, dataExpiration=0, hasMyNumber=true, hasOnStarMinutesUsed=true, hasOnStarMinutesRemaining=true, hasOnStarMinutesExpiration=true, hasOnStarDataUsed=true, hasOnStarDataRemaining=true, hasOnStarDataExpiration=true]
04-18 16:50:32.429  2915  4509 I chatty  : uid=1000(system) Binder_4 expire 2 lines
04-18 16:50:32.430  4232  4232 D OnStarPhone: subscriberNumber is 16195818012
04-18 16:50:32.433 15518 15518 I chatty  : uid=1000(system) com.android.dialer expire 1 line
04-18 16:50:32.977  3085 13317 I chatty  : uid=1000(system) com.gm.android.gmauthmanagerservice expire 9 lines
04-18 16:50:32.984  3085 13318 I chatty  : uid=1000(system) com.gm.android.gmauthmanagerservice expire 10 lines
04-18 16:50:32.989  3085  3149 I chatty  : uid=1000(system) Thread-55 expire 48 lines
04-18 16:50:32.991  3085 13319 I chatty  : uid=1000(system) com.gm.android.gmauthmanagerservice expire 10 lines
04-18 16:50:32.996  3085 13320 I chatty  : uid=1000(system) com.gm.android.gmauthmanagerservice expire 9 lines
04-18 16:50:33.002  3085 13321 I chatty  : uid=1000(system) com.gm.android.gmauthmanagerservice expire 10 lines
04-18 16:50:33.005  3085 13322 I chatty  : uid=1000(system) com.gm.android.gmauthmanagerservice expire 10 lines
04-18 16:50:33.029  2655  2666 I chatty  : uid=1000(system) Binder_1 expire 2 lines
04-18 16:50:33.035  2655  2690 I chatty  : uid=1000(system) Binder_3 expire 2 lines
04-18 16:50:33.044  2655  2942 I chatty  : uid=1000(system) Binder_4 expire 3 lines
04-18 16:50:33.053 15518 15518 I chatty  : uid=1000(system) com.android.dialer expire 1 line
04-18 16:50:33.053  2655  3051 I chatty  : uid=1000(system) Binder_5 expire 7 lines
04-18 16:50:33.063  2655  4171 I chatty  : uid=1000(system) Binder_10 expire 4 lines
04-18 16:50:33.064  2655  2667 I chatty  : uid=1000(system) Binder_2 expire 3 lines
04-18 16:50:33.165  2655  4156 I chatty  : uid=1000(system) Binder_F expire 7 lines
04-18 16:50:33.165  2655  4097 I chatty  : uid=1000(system) Binder_D expire 5 lines
04-18 16:50:33.178  2655  4150 I chatty  : uid=1000(system) Binder_E expire 3 lines
04-18 16:50:33.246  2655  2725 I chatty  : uid=1000(system) ActivityManager expire 1 line
04-18 16:50:33.285  2655  3694 I chatty  : uid=1000(system) Binder_A expire 2 lines
04-18 16:50:33.285  2655  3802 I chatty  : uid=1000(system) Binder_C expire 2 lines
04-18 16:50:33.390  2655  3327 I chatty  : uid=1000(system) Binder_8 expire 6 lines
04-18 16:50:33.401  2655  3349 I chatty  : uid=1000(system) Binder_9 expire 2 lines
04-18 16:50:33.402  2655  3304 I chatty  : uid=1000(system) Binder_6 expire 1 line
04-18 16:50:33.570  3085 13343 I chatty  : uid=1000(system) com.gm.android.gmauthmanagerservice expire 9 lines
04-18 16:50:33.575  3085 13344 I chatty  : uid=1000(system) com.gm.android.gmauthmanagerservice expire 10 lines
04-18 16:50:33.581  3085 13345 I chatty  : uid=1000(system) com.gm.android.gmauthmanagerservice expire 10 lines
04-18 16:50:33.587  3085 13346 I chatty  : uid=1000(system) com.gm.android.gmauthmanagerservice expire 9 lines
04-18 16:50:33.593  3085 13347 I chatty  : uid=1000(system) com.gm.android.gmauthmanagerservice expire 10 lines
04-18 16:50:33.595  3085 13348 I chatty  : uid=1000(system) com.gm.android.gmauthmanagerservice expire 10 lines
04-18 16:50:33.607  2655  3770 I chatty  : uid=1000(system) Binder_B expire 2 lines
04-18 16:50:33.714  2655  3321 I chatty  : uid=1000(system) Binder_7 expire 1 line
04-18 16:50:34.152  3085 13354 I chatty  : uid=1000(system) com.gm.android.gmauthmanagerservice expire 9 lines
04-18 16:50:34.163  3085 13355 I chatty  : uid=1000(system) com.gm.android.gmauthmanagerservice expire 10 lines
04-18 16:50:34.179  3085 13356 I chatty  : uid=1000(system) com.gm.android.gmauthmanagerservice expire 10 lines
04-18 16:50:34.190  3085 13357 I chatty  : uid=1000(system) com.gm.android.gmauthmanagerservice expire 9 lines
04-18 16:50:34.193  3085 13358 I chatty  : uid=1000(system) com.gm.android.gmauthmanagerservice expire 10 lines
04-18 16:50:34.196  3085 13359 I chatty  : uid=1000(system) com.gm.android.gmauthmanagerservice expire 10 lines
04-18 16:50:34.284  2655  4150 I chatty  : uid=1000(system) Binder_E expire 12 lines
04-18 16:50:34.285  2655  2666 I chatty  : uid=1000(system) Binder_1 expire 8 lines
04-18 16:50:34.389  2655  3349 I chatty  : uid=1000(system) Binder_9 expire 8 lines
04-18 16:50:34.391  2655  3802 I chatty  : uid=1000(system) Binder_C expire 7 lines
04-18 16:50:34.497  2655  2942 I chatty  : uid=1000(system) Binder_4 expire 4 lines
04-18 16:50:34.497  2655  3051 I chatty  : uid=1000(system) Binder_5 expire 8 lines
04-18 16:50:34.506  2655  2725 I chatty  : uid=1000(system) ActivityManager expire 2 lines
04-18 16:50:34.605  2655  3327 I chatty  : uid=1000(system) Binder_8 expire 6 lines
04-18 16:50:34.617  2655  4156 I chatty  : uid=1000(system) Binder_F expire 6 lines
04-18 16:50:34.722  2655  3694 I chatty  : uid=1000(system) Binder_A expire 7 lines
04-18 16:50:34.733  2655  4171 I chatty  : uid=1000(system) Binder_10 expire 4 lines
04-18 16:50:34.758  2655  2690 I chatty  : uid=1000(system) Binder_3 expire 7 lines
04-18 16:50:34.837  2655  4097 I chatty  : uid=1000(system) Binder_D expire 3 lines
04-18 16:50:35.047  2655  3321 I chatty  : uid=1000(system) Binder_7 expire 7 lines
04-18 16:50:35.283  2655  3304 I chatty  : uid=1000(system) Binder_6 expire 3 lines
04-18 16:50:35.391  2655  2667 I chatty  : uid=1000(system) Binder_2 expire 1 line
04-18 16:50:35.529  2655  2760 I chatty  : uid=1000(system) android.display expire 7 lines
04-18 16:50:35.569  3085  3149 I chatty  : uid=1000(system) Thread-55 expire 36 lines
04-18 16:50:35.570  3085 13388 I chatty  : uid=1000(system) com.gm.android.gmauthmanagerservice expire 9 lines
04-18 16:50:35.580  3085 13389 I chatty  : uid=1000(system) com.gm.android.gmauthmanagerservice expire 10 lines
04-18 16:50:35.590  3085 13390 I chatty  : uid=1000(system) com.gm.android.gmauthmanagerservice expire 10 lines
04-18 16:50:35.594  3085 13391 I chatty  : uid=1000(system) com.gm.android.gmauthmanagerservice expire 9 lines
04-18 16:50:35.597  3085 13392 I chatty  : uid=1000(system) com.gm.android.gmauthmanagerservice expire 10 lines
04-18 16:50:35.605  3085 13393 I chatty  : uid=1000(system) com.gm.android.gmauthmanagerservice expire 10 lines
04-18 16:50:36.040  7950  7950 W StatusBarManager: enter dropFocus in StatusBarManager
04-18 16:50:36.167  7950  7950 W ViewRootImpl: Dropping event due to no window focus: MotionEvent { action=ACTION_MOVE, actionButton=0, id[0]=0, x[0]=1152.5138, y[0]=577.07416, toolType[0]=TOOL_TYPE_UNKNOWN, buttonState=0, metaState=0, flags=0x0, edgeFlags=0x0, pointerCount=1, historySize=4, eventTime=4367791, downTime=4367581, deviceId=0, source=0x1002 }
04-18 16:50:36.167  7950  7950 W ViewRootImpl: Cancelling event due to no window focus: MotionEvent { action=ACTION_CANCEL, actionButton=0, id[0]=0, x[0]=1144.1915, y[0]=577.76587, toolType[0]=TOOL_TYPE_UNKNOWN, buttonState=0, metaState=0, flags=0x0, edgeFlags=0x0, pointerCount=1, historySize=0, eventTime=4367795, downTime=4367581, deviceId=0, source=0x1002 }
04-18 16:50:36.167  7950  7950 W ViewRootImpl: Cancelling event due to no window focus: MotionEvent { action=ACTION_CANCEL, actionButton=0, id[0]=0, x[0]=1144.1915, y[0]=577.76587, toolType[0]=TOOL_TYPE_UNKNOWN, buttonState=0, metaState=0, flags=0x0, edgeFlags=0x0, pointerCount=1, historySize=0, eventTime=4367795, downTime=4367581, deviceId=0, source=0x1002 }
04-18 16:50:36.167  7950  7950 W ViewRootImpl: Cancelling event due to no window focus: MotionEvent { action=ACTION_CANCEL, actionButton=0, id[0]=0, x[0]=1144.1915, y[0]=577.76587, toolType[0]=TOOL_TYPE_UNKNOWN, buttonState=0, metaState=0, flags=0x0, edgeFlags=0x0, pointerCount=1, historySize=0, eventTime=4367795, downTime=4367581, deviceId=0, source=0x1002 }
04-18 16:50:36.192  3085 13416 I chatty  : uid=1000(system) com.gm.android.gmauthmanagerservice expire 9 lines
04-18 16:50:36.200  3085 13417 I chatty  : uid=1000(system) com.gm.android.gmauthmanagerservice expire 10 lines
04-18 16:50:36.207  3085 13418 I chatty  : uid=1000(system) com.gm.android.gmauthmanagerservice expire 10 lines
04-18 16:50:36.214  3085 13419 I chatty  : uid=1000(system) com.gm.android.gmauthmanagerservice expire 9 lines
04-18 16:50:36.218  3085 13420 I chatty  : uid=1000(system) com.gm.android.gmauthmanagerservice expire 10 lines
04-18 16:50:36.220  3085 13421 I chatty  : uid=1000(system) com.gm.android.gmauthmanagerservice expire 10 lines
04-18 16:50:36.632  2655  3770 I chatty  : uid=1000(system) Binder_B expire 7 lines
04-18 16:50:36.646  2655  3051 I chatty  : uid=1000(system) Binder_5 expire 6 lines
04-18 16:50:36.646  2655  2942 I chatty  : uid=1000(system) Binder_4 expire 14 lines
04-18 16:50:36.750  2655  2690 I chatty  : uid=1000(system) Binder_3 expire 3 lines
04-18 16:50:36.751  2655  3321 I chatty  : uid=1000(system) Binder_7 expire 4 lines
04-18 16:50:36.765  2655  3304 I chatty  : uid=1000(system) Binder_6 expire 7 lines
04-18 16:50:36.859  3085  3149 I chatty  : uid=1000(system) Thread-55 expire 36 lines
04-18 16:50:36.859  3085 13427 I chatty  : uid=1000(system) com.gm.android.gmauthmanagerservice expire 9 lines
04-18 16:50:36.864  3085 13428 I chatty  : uid=1000(system) com.gm.android.gmauthmanagerservice expire 10 lines
04-18 16:50:36.868  2655  3802 I chatty  : uid=1000(system) Binder_C expire 6 lines
04-18 16:50:36.874  3085 13429 I chatty  : uid=1000(system) com.gm.android.gmauthmanagerservice expire 10 lines
04-18 16:50:36.880  3085 13430 I chatty  : uid=1000(system) com.gm.android.gmauthmanagerservice expire 9 lines
04-18 16:50:36.885  3085 13431 I chatty  : uid=1000(system) com.gm.android.gmauthmanagerservice expire 10 lines
04-18 16:50:36.887  3085 13432 I chatty  : uid=1000(system) com.gm.android.gmauthmanagerservice expire 10 lines
04-18 16:50:36.972  2655  4097 I chatty  : uid=1000(system) Binder_D expire 5 lines
04-18 16:50:36.973  2655  4156 I chatty  : uid=1000(system) Binder_F expire 8 lines
04-18 16:50:37.028  2655  2725 I chatty  : uid=1000(system) ActivityManager expire 4 lines
04-18 16:50:37.194  2655  4150 I chatty  : uid=1000(system) Binder_E expire 5 lines
04-18 16:50:37.260  2655  2666 I chatty  : uid=1000(system) Binder_1 expire 7 lines
04-18 16:50:37.646  2655  2760 I chatty  : uid=1000(system) android.display expire 7 lines
04-18 16:50:37.676  2655  3327 I chatty  : uid=1000(system) Binder_8 expire 9 lines
04-18 16:50:37.814  2655  3694 I chatty  : uid=1000(system) Binder_A expire 3 lines
04-18 16:50:37.929  2655  2667 I chatty  : uid=1000(system) Binder_2 expire 4 lines
04-18 16:50:37.936  2569  2624 I VAS/VehicleAudioService: requestAudioFocus() streamType 4101, extraInfo 0, zone 1, clientId gm.media.audio.VehicleAudioManager@5245771com.siriusxm.ivi.oem.media.AudioFocusManager@583d9561
04-18 16:50:37.936  2569  2624 I VAS/VehicleAudioService: setMux() name primary_mux, input 4101, gain 0, extraInfo 0, zone 1
04-18 16:50:37.936  2569  2624 I VAS/AudioCtrlSvcImpl: setMux() streamType 4101:0 is already active! Returning
04-18 16:50:37.938  2569  2625 I VAS/VehicleAudioService: setSourceMute() streamType 4101, mute 0
04-18 16:50:38.079  2569  2569 I VAS/VehicleAudioService: requestAudioFocus() streamType 4101, extraInfo 0, zone 1, clientId gm.media.audio.VehicleAudioManager@5245771com.siriusxm.ivi.oem.media.AudioFocusManager@583d9561
04-18 16:50:38.079  2569  2569 I VAS/VehicleAudioService: setMux() name primary_mux, input 4101, gain 0, extraInfo 0, zone 1
04-18 16:50:38.079  2569  2569 I VAS/AudioCtrlSvcImpl: setMux() streamType 4101:0 is already active! Returning
04-18 16:50:38.080  2569 23626 I VAS/VehicleAudioService: setSourceMute() streamType 4101, mute 0
04-18 16:50:38.313  4298  4298 W StatusBarManager: enter dropFocus in StatusBarManager
04-18 16:50:38.546  3085 13498 I chatty  : uid=1000(system) com.gm.android.gmauthmanagerservice expire 9 lines
04-18 16:50:38.553  3085 13499 I chatty  : uid=1000(system) com.gm.android.gmauthmanagerservice expire 10 lines
04-18 16:50:38.564  3085 13500 I chatty  : uid=1000(system) com.gm.android.gmauthmanagerservice expire 10 lines
04-18 16:50:38.568  3085 13501 I chatty  : uid=1000(system) com.gm.android.gmauthmanagerservice expire 9 lines
04-18 16:50:38.572  3085 13502 I chatty  : uid=1000(system) com.gm.android.gmauthmanagerservice expire 10 lines
04-18 16:50:38.573  3085 13503 I chatty  : uid=1000(system) com.gm.android.gmauthmanagerservice expire 10 lines
04-18 16:50:38.665  2655  4171 I chatty  : uid=1000(system) Binder_10 expire 2 lines
04-18 16:50:38.692  2655  3349 I chatty  : uid=1000(system) Binder_9 expire 1 line
04-18 16:50:38.711  2569  2624 I VAS/VehicleAudioService: abandonAudioFocus() streamType 4101, extraInfo 0, zone 1
04-18 16:50:38.711  2569  2624 I VAS/VehicleAudioService: setMux() name primary_mux, input 4101, gain -100, extraInfo 0, zone 1
04-18 16:50:38.711  2569  2624 I VAS/AudioDriverInterface: setMuteRamp() sinkType 1, mute 1, time 0.01 sec
04-18 16:50:38.712  2569  2624 I VAS/ExternalAmpIface: update() attrName MtxSnkMutRmpTm, rawValue 10.00
04-18 16:50:38.712  2569  2624 I VAS/ExternalAmpIface: update() attrName MtxSnkMut, rawValue 1.00
04-18 16:50:38.885  2569  2627 I VAS/ExternalAmpIface: mutex_sink_mute_state_callback() entry
04-18 16:50:38.886  2569  2627 I VAS/ExternalAmpIface: mutex_sink_mute_state_callback() Mute status 1
04-18 16:50:38.886  2569  2627 I VAS/AudioCtrlSvcImpl: setMuteRampFinish() entry
04-18 16:50:38.886  2569  2624 I VAS/AudioCtrlSvcImpl: processMuteUnmuteRamps() Received Mute response from amplifier
04-18 16:50:38.886  2569  2624 I VAS/AudioDriverInterface: setSrc() sinkType 1, streamType 4101, activationStatus 0, extraInfo 0
04-18 16:50:38.891  2569  2569 I VAS/VehicleAudioService: abandonAudioFocus() streamType 3, extraInfo 0, zone 1
04-18 16:50:38.891  2569  2569 I VAS/VehicleAudioService: setMux() name primary_mux, input 3, gain -100, extraInfo 0, zone 1
04-18 16:50:38.891  2569  2569 I VAS/AudioCtrlSvcImpl: setMux() streamType 3:0 is already deactivated! Returning
04-18 16:50:38.894  2569 23626 I VAS/VehicleAudioService: requestAudioFocus() streamType 4109, extraInfo 0, zone 1, clientId gm.media.audio.VehicleAudioManager@5245771com.siriusxm.ivi.oem.media.AudioFocusManager@583d9561
04-18 16:50:38.894  2569 23626 I VAS/VehicleAudioService: setMux() name primary_mux, input 4109, gain 0, extraInfo 0, zone 1
04-18 16:50:38.894  2569 23626 I VAS/AudioDriverInterface: setSrc() sinkType 1, streamType 4109, activationStatus 1, extraInfo 0
04-18 16:50:38.895  2569 23626 I VAS/AudioDriverInterface: setSourceScale() sinkType 1, scale value -2.34 : gain value 0.00
04-18 16:50:38.896  2569 23626 E VAS/AudioDriverInterface: setSourceScale() audio_set_dirana_source_gain() failed, ERROR -1
04-18 16:50:38.896  2569 23626 I VAS/ExternalAmpIface: update() attrName MtxSnkBal, rawValue 0.00
04-18 16:50:38.896  2569 23626 I VAS/AudioDriverInterface: setBalance() balance 0
04-18 16:50:38.897  2569 23626 I VAS/ExternalAmpIface: update() attrName MtxSnkFd, rawValue 11.00
04-18 16:50:38.897  2569 23626 I VAS/AudioDriverInterface: setFade() fade 11
04-18 16:50:38.900  2569 23626 I VAS/ExternalAmpIface: update() attrName MtxSnkBass, rawValue 12.00
04-18 16:50:38.900  2569 23626 I VAS/AudioDriverInterface: setBass() bass 12.00
04-18 16:50:38.901  2569 23626 I VAS/ExternalAmpIface: update() attrName MtxSnkMdrng, rawValue 0.00
04-18 16:50:38.901  2569 23626 I VAS/AudioDriverInterface: setMid() mid 0
04-18 16:50:38.902  2569 23626 I VAS/ExternalAmpIface: update() attrName MtxSnkTrbl, rawValue 1.00
04-18 16:50:38.902  2569 23626 I VAS/AudioDriverInterface: setTreble() treble 1
04-18 16:50:38.904  2569 23626 I VAS/ExternalAmpIface: update() attrName VcSrcActOnMtx, rawValue 0.00
04-18 16:50:38.904  2569 23626 I VAS/AudioDriverInterface: setBassFilterCoeffs() filterType 1, freq 200.00, QualityFactor 1.00
04-18 16:50:38.905  2569 23626 I VAS/AudioCtrlSvcImpl: setALC() alcRange -50, filter Treble, Freq 11000, Q_factor 1.0, Gain, 2.5
04-18 16:50:38.906  2569 23626 I VAS/AudioDriverInterface: setTrebleFilterCoeffs() filterType 1, freq 11000.00, QualityFactor 1.00
04-18 16:50:38.907  2569 23626 I VAS/AudioDriverInterface: setIndpBassTrebleCtrl() bassGain 6.00, trebleGain 2.50
04-18 16:50:38.909  2569 23626 I VAS/AudioDriverInterface: setVolume() sinkType 1, volDb -45.00
04-18 16:50:38.910  2569 23626 I VAS/ExternalAmpIface: update() attrName MtxSnkLvl, rawValue -45.00
04-18 16:50:38.910  2569 23626 I VAS/AudioDriverInterface: setVolume() sinkType 3, volDb -22.00
04-18 16:50:38.911  2569 23626 I VAS/ExternalAmpIface: update() attrName AudFdbkSnkLvl, rawValue -22.00
04-18 16:50:38.911  2569 23626 I VAS/AudioCtrlSvcImpl: setMux() Non-Entertainment stream, UnMuting automatically
04-18 16:50:38.911  2569 23626 I VAS/AudioDriverInterface: setMuteRamp() sinkType 1, mute 0, time 0.01 sec
04-18 16:50:38.912  2569 23626 I VAS/ExternalAmpIface: update() attrName MtxSnkMutRmpTm, rawValue 10.00
04-18 16:50:38.912  2569 23626 I VAS/ExternalAmpIface: update() attrName MtxSnkMut, rawValue 0.00
04-18 16:50:38.914  2655  2974 I chatty  : uid=1000(system) AudioService expire 2 lines
04-18 16:50:38.916  2569  2625 I VAS/VehicleAudioService: setSourceMute() streamType 4109, mute 0
04-18 16:50:39.116  2655  2760 I chatty  : uid=1000(system) android.display expire 4 lines
04-18 16:50:39.145  2655  3051 I chatty  : uid=1000(system) Binder_5 expire 9 lines
04-18 16:50:39.182  2569  2626 I VAS/ExternalAmpIface: mutex_sink_mute_state_callback() entry
04-18 16:50:39.182  2569  2626 I VAS/ExternalAmpIface: mutex_sink_mute_state_callback() Mute status 0
04-18 16:50:39.182  2569  2626 I VAS/AudioCtrlSvcImpl: setMuteRampFinish() entry
04-18 16:50:39.187  3085  3149 I chatty  : uid=1000(system) Thread-55 expire 45 lines
04-18 16:50:39.188  3085 13521 I chatty  : uid=1000(system) com.gm.android.gmauthmanagerservice expire 9 lines
04-18 16:50:39.198  3085 13522 I chatty  : uid=1000(system) com.gm.android.gmauthmanagerservice expire 10 lines
04-18 16:50:39.200 23009 23009 W StatusBarManager: enter dropFocus in StatusBarManager
04-18 16:50:39.202  2655  3349 I chatty  : uid=1000(system) Binder_9 expire 5 lines
04-18 16:50:39.202  3085 13523 I chatty  : uid=1000(system) com.gm.android.gmauthmanagerservice expire 10 lines
04-18 16:50:39.213  3085 13524 I chatty  : uid=1000(system) com.gm.android.gmauthmanagerservice expire 9 lines
