04-18 16:51:28.328  3085 15362 I chatty  : uid=1000(system) com.gm.android.gmauthmanagerservice expire 10 lines
04-18 16:51:28.336  3085 15363 I chatty  : uid=1000(system) com.gm.android.gmauthmanagerservice expire 9 lines
04-18 16:51:28.348  2655  2725 I chatty  : uid=1000(system) ActivityManager expire 1 line
04-18 16:51:28.352  3085 15369 I chatty  : uid=1000(system) com.gm.android.gmauthmanagerservice expire 10 lines
04-18 16:51:28.357  3085 15370 I chatty  : uid=1000(system) com.gm.android.gmauthmanagerservice expire 10 lines
04-18 16:51:28.368  2655  3304 I chatty  : uid=1000(system) Binder_6 expire 4 lines
04-18 16:51:28.502  2655  3327 I chatty  : uid=1000(system) Binder_8 expire 4 lines
04-18 16:51:28.590  2655  2966 I chatty  : uid=1000(system) WifiStateMachin expire 2 lines
04-18 16:51:28.613  2655  2667 I chatty  : uid=1000(system) Binder_2 expire 1 line
04-18 16:51:28.614  2655  4171 I chatty  : uid=1000(system) Binder_10 expire 2 lines
04-18 16:51:28.793  2655  3051 I chatty  : uid=1000(system) Binder_5 expire 4 lines
04-18 16:51:28.794  2655  2726 I chatty  : uid=1000(system) android.ui expire 1 line
04-18 16:51:28.887  2655  3802 I chatty  : uid=1000(system) Binder_C expire 2 lines
04-18 16:51:28.980  3085 15387 I chatty  : uid=1000(system) com.gm.android.gmauthmanagerservice expire 9 lines
04-18 16:51:28.995  3085 15388 I chatty  : uid=1000(system) com.gm.android.gmauthmanagerservice expire 10 lines
04-18 16:51:29.008  3085 15389 I chatty  : uid=1000(system) com.gm.android.gmauthmanagerservice expire 10 lines
04-18 16:51:29.021  3085 15390 I chatty  : uid=1000(system) com.gm.android.gmauthmanagerservice expire 9 lines
04-18 16:51:29.030  3085 15391 I chatty  : uid=1000(system) com.gm.android.gmauthmanagerservice expire 10 lines
04-18 16:51:29.033  3085 15392 I chatty  : uid=1000(system) com.gm.android.gmauthmanagerservice expire 10 lines
04-18 16:51:29.096  2655  4097 I chatty  : uid=1000(system) Binder_D expire 7 lines
04-18 16:51:29.096  2655  3327 I chatty  : uid=1000(system) Binder_8 expire 5 lines
04-18 16:51:29.245  4232  4270 V OnStarCommands: onCellNetInfo: cellNetworkName:AT&T cellNetworkSignal:1 cellNetworkState:0 cellNetworkType: 7
04-18 16:51:29.245  4232  4270 D OnStarCommands: getSignalLevel: 1 -> 4
04-18 16:51:29.245  4232  4270 D OnStarCommands: getVoiceRegState: state = 1
04-18 16:51:29.245  4232  4270 D OnStarCommands: onCellNetInfo: No mVoiceNetworkStateRegistrants to notify
04-18 16:51:29.245  2655  4156 I chatty  : uid=1000(system) Binder_F expire 9 lines
04-18 16:51:29.247  2655  2666 I chatty  : uid=1000(system) Binder_1 expire 8 lines
04-18 16:51:29.251  4232  4232 V OnStarServiceStateTracker: handleMessage: SIGNAL STRENGTH event = 12  current phone is not OnStar
04-18 16:51:29.251  4232  4232 V OnStarServiceStateTracker: handleMessage: EVENT_NETWORK_STATE_CHANGED: polling states...
04-18 16:51:29.251  4232  4232 V OnStarServiceStateTracker: pollState
04-18 16:51:29.251  4232  4232 D OnStarCommands: getVoiceRegState: state = 1
04-18 16:51:29.251  4232  4232 D OnStarCommands: getOperator: operatorName = AT&T
04-18 16:51:29.251  4232  4232 V OnStarServiceStateTracker: handleMessage: EVENT_POLL_STATE_REGISTRATION: processing...
04-18 16:51:29.251  4232  4232 D OnStarServiceStateTracker: handlePollStateResult: EVENT_POLL_STATE_REGISTRATION: regCode:1, serviceState:0
04-18 16:51:29.251  4232  4232 D PHONE   : [ServiceState] setVoiceRegState=0
04-18 16:51:29.251  4232  4232 V OnStarServiceStateTracker: handleMessage: EVENT_POLL_STATE_OPERATOR: processing...
04-18 16:51:29.251  4232  4232 D OnStarServiceStateTracker: handlePollStateResult: EVENT_POLL_STATE_OPERATOR: opNames[0]: 'AT&T' opNames[1]: '' opNames[2]: ''
04-18 16:51:29.254  4232  4232 D OnStarServiceStateTracker: pollStateDone: oldSS=[0 1 voice home data home AT&T   AT&T    Unknown Unknown CSS not supported -1 -1 RoamInd=-1 DefRoamInd=-1 EmergOnly=false IsDataRoamingFromRegistration=false] newSS=[0 1 voice home data home AT&T   AT&T    Unknown Unknown CSS not supported -1 -1 RoamInd=-1 DefRoamInd=-1 EmergOnly=false IsDataRoamingFromRegistration=false]
04-18 16:51:29.254  4232  4232 D PHONE   : [ServiceState] setNullState=1
04-18 16:51:29.255  2655  3051 I chatty  : uid=1000(system) Binder_5 expire 6 lines
04-18 16:51:29.255  4232  4232 D OnStarServiceStateTracker: pollStateDone: Current OutgoingPhone is not OnStar.
04-18 16:51:29.260  2655  3694 I chatty  : uid=1000(system) Binder_A expire 6 lines
04-18 16:51:29.481  2655  2667 I chatty  : uid=1000(system) Binder_2 expire 6 lines
04-18 16:51:29.481  2655  3770 I chatty  : uid=1000(system) Binder_B expire 7 lines
04-18 16:51:29.616  2655  3349 I chatty  : uid=1000(system) Binder_9 expire 10 lines
04-18 16:51:29.720  2655  2725 I chatty  : uid=1000(system) ActivityManager expire 2 lines
04-18 16:51:29.721  2655  3802 I chatty  : uid=1000(system) Binder_C expire 2 lines
04-18 16:51:29.760  2655  3304 I chatty  : uid=1000(system) Binder_6 expire 5 lines
04-18 16:51:29.951  2655  2760 I chatty  : uid=1000(system) android.display expire 12 lines
04-18 16:51:30.033  2655  2942 I chatty  : uid=1000(system) Binder_4 expire 6 lines
04-18 16:51:30.099  2655  3321 I chatty  : uid=1000(system) Binder_7 expire 4 lines
04-18 16:51:30.408  2655  4171 I chatty  : uid=1000(system) Binder_10 expire 4 lines
04-18 16:51:30.462  2886 15032 E KPI-ONSTAR|: Advisor call dialed out by CSM at |4422093
04-18 16:51:30.519  2569 23626 I VAS/VehicleAudioService: setMode() mode 1
04-18 16:51:30.520  2569 23626 I VAS/VehicleAudioService: Mode_Ringtone() entry
04-18 16:51:30.522  4232  4842 D OnStarCommands: onCallSessionStatus:  callSession:1,  hasCallSession:true
04-18 16:51:30.536  4232  4711 V OnStarCommands: onCallSessionStarted: callSession:1, hasCallSession:true
04-18 16:51:30.536  4232  4711 I OnStarCommands: onCallSessionStarted: Ignoring non-personal call: callsession:1
04-18 16:51:30.546  4232  4270 V OnStarCommands: onCallState: callState:CALL_STATE_DIALING, hasCallState:true
04-18 16:51:30.546  4232  4270 I OnStarCommands: onCallState: No active personal call session, ignoring state event...
04-18 16:51:30.549  4232  4271 V OnStarCommands: onLocationShared
04-18 16:51:30.645  2569  2569 I VAS/VehicleAudioService: abandonAudioFocus() streamType 4121, extraInfo 0, zone 1
04-18 16:51:30.645  2569  2569 I VAS/VehicleAudioService: setMux() name primary_mux, input 4121, gain -100, extraInfo 0, zone 1
04-18 16:51:30.645  2569  2569 I VAS/AudioDriverInterface: setMuteRamp() sinkType 1, mute 1, time 0.01 sec
04-18 16:51:30.650  2569  2569 I VAS/ExternalAmpIface: update() attrName MtxSnkMutRmpTm, rawValue 10.00
04-18 16:51:30.650  2569  2569 I VAS/ExternalAmpIface: update() attrName MtxSnkMut, rawValue 1.00
04-18 16:51:30.725  3085  3149 I chatty  : uid=1000(system) Thread-55 expire 36 lines
04-18 16:51:30.728  3085 15437 I chatty  : uid=1000(system) com.gm.android.gmauthmanagerservice expire 9 lines
04-18 16:51:30.734  3085 15438 I chatty  : uid=1000(system) com.gm.android.gmauthmanagerservice expire 10 lines
04-18 16:51:30.748  3085 15439 I chatty  : uid=1000(system) com.gm.android.gmauthmanagerservice expire 10 lines
04-18 16:51:30.759  3085 15440 I chatty  : uid=1000(system) com.gm.android.gmauthmanagerservice expire 9 lines
04-18 16:51:30.772  3085 15441 I chatty  : uid=1000(system) com.gm.android.gmauthmanagerservice expire 10 lines
04-18 16:51:30.777  3085 15442 I chatty  : uid=1000(system) com.gm.android.gmauthmanagerservice expire 10 lines
04-18 16:51:30.806  2569  2626 I VAS/ExternalAmpIface: mutex_sink_mute_state_callback() entry
04-18 16:51:30.806  2569  2626 I VAS/ExternalAmpIface: mutex_sink_mute_state_callback() Mute status 1
04-18 16:51:30.806  2569  2626 I VAS/AudioCtrlSvcImpl: setMuteRampFinish() entry
04-18 16:51:30.806  2569  2569 I VAS/AudioCtrlSvcImpl: processMuteUnmuteRamps() Received Mute response from amplifier
04-18 16:51:30.806  2569  2569 I VAS/AudioDriverInterface: setSrc() sinkType 1, streamType 4121, activationStatus 0, extraInfo 0
04-18 16:51:30.810  2569  2569 I VAS/AudioDriverInterface: setVoiceActive() value 0
04-18 16:51:30.812  2569  2625 I VAS/VehicleAudioService: requestAudioFocus() streamType 4119, extraInfo 0, zone 1, clientId gm.media.audio.VehicleAudioManager@dc9e34com.gm.onstar.service.d@65b645d1
04-18 16:51:30.812  2569  2625 I VAS/VehicleAudioService: setMux() name primary_mux, input 4119, gain 0, extraInfo 0, zone 1
04-18 16:51:30.812  2569  2625 I VAS/AudioDriverInterface: setSrc() sinkType 1, streamType 4119, activationStatus 1, extraInfo 0
04-18 16:51:30.813  2569  2625 I VAS/AudioDriverInterface: setSourceScale() sinkType 1, scale value -2.34 : gain value 0.00
04-18 16:51:30.813  2569  2625 E VAS/AudioDriverInterface: setSourceScale() audio_set_dirana_source_gain() failed, ERROR -1
04-18 16:51:30.814  2569  2625 I VAS/ExternalAmpIface: update() attrName MtxSnkBal, rawValue 0.00
04-18 16:51:30.814  2569  2625 I VAS/AudioDriverInterface: setBalance() balance 0
04-18 16:51:30.814  2569  2625 I VAS/ExternalAmpIface: update() attrName MtxSnkFd, rawValue 12.00
04-18 16:51:30.814  2569  2625 I VAS/AudioDriverInterface: setFade() fade 12
04-18 16:51:30.817  2569  2625 I VAS/ExternalAmpIface: update() attrName MtxSnkBass, rawValue 0.00
04-18 16:51:30.817  2569  2625 I VAS/AudioDriverInterface: setBass() bass 0.00
04-18 16:51:30.817  2569  2625 I VAS/ExternalAmpIface: update() attrName MtxSnkMdrng, rawValue 0.00
04-18 16:51:30.817  2569  2625 I VAS/AudioDriverInterface: setMid() mid 0
04-18 16:51:30.821  2569  2625 I VAS/ExternalAmpIface: update() attrName MtxSnkTrbl, rawValue 0.00
04-18 16:51:30.821  2569  2625 I VAS/AudioDriverInterface: setTreble() treble 0
04-18 16:51:30.823  2569  2625 I VAS/ExternalAmpIface: update() attrName VcSrcActOnMtx, rawValue 1.00
04-18 16:51:30.823  2569  2625 I VAS/AudioDriverInterface: setVoiceActive() value 1
04-18 16:51:30.824  2569  2625 I VAS/AudioDriverInterface: setBassFilterCoeffs() filterType 1, freq 250.00, QualityFactor 1.00
04-18 16:51:30.825  2569  2625 I VAS/AudioCtrlSvcImpl: setALC() alcRange -60, filter Treble, Freq 10000, Q_factor 1.0, Gain, 3.5
04-18 16:51:30.825  2569  2625 I VAS/AudioDriverInterface: setTrebleFilterCoeffs() filterType 1, freq 10000.00, QualityFactor 1.00
04-18 16:51:30.826  2569  2625 I VAS/AudioDriverInterface: setIndpBassTrebleCtrl() bassGain 7.00, trebleGain 3.50
04-18 16:51:30.827  2569  2625 I VAS/AudioDriverInterface: setVolume() sinkType 1, volDb -60.50
04-18 16:51:30.828  2569  2625 I VAS/ExternalAmpIface: update() attrName MtxSnkLvl, rawValue -60.50
04-18 16:51:30.828  2569  2625 I VAS/AudioDriverInterface: setVolume() sinkType 3, volDb -22.00
04-18 16:51:30.828  2569  2625 I VAS/ExternalAmpIface: update() attrName AudFdbkSnkLvl, rawValue -22.00
04-18 16:51:30.828  2569  2625 I VAS/AudioCtrlSvcImpl: setMux() Non-Entertainment stream, UnMuting automatically
04-18 16:51:30.828  2569  2625 I VAS/AudioDriverInterface: setMuteRamp() sinkType 1, mute 0, time 0.01 sec
04-18 16:51:30.830  2569  2625 I VAS/ExternalAmpIface: update() attrName MtxSnkMutRmpTm, rawValue 10.00
04-18 16:51:30.830  2569  2625 I VAS/ExternalAmpIface: update() attrName MtxSnkMut, rawValue 0.00
04-18 16:51:30.880  2655  2974 I chatty  : uid=1000(system) AudioService expire 1 line
04-18 16:51:30.906  2655  2690 I chatty  : uid=1000(system) Binder_3 expire 1 line
04-18 16:51:31.022  2569  2627 I VAS/ExternalAmpIface: mutex_sink_mute_state_callback() entry
04-18 16:51:31.023  2569  2627 I VAS/ExternalAmpIface: mutex_sink_mute_state_callback() Mute status 0
04-18 16:51:31.023  2569  2627 I VAS/AudioCtrlSvcImpl: setMuteRampFinish() entry
04-18 16:51:31.036 15651 15651 E ActivityThread: Performing stop of activity that is not resumed: {com.gm.onstar/com.gm.onstar.MainActivity}
04-18 16:51:31.036 15651 15651 E ActivityThread: java.lang.RuntimeException: Performing stop of activity that is not resumed: {com.gm.onstar/com.gm.onstar.MainActivity}
04-18 16:51:31.036 15651 15651 E ActivityThread: 	at android.app.ActivityThread.performStopActivityInner(ActivityThread.java:3522)
04-18 16:51:31.036 15651 15651 E ActivityThread: 	at android.app.ActivityThread.handleStopActivity(ActivityThread.java:3607)
04-18 16:51:31.036 15651 15651 E ActivityThread: 	at android.app.ActivityThread.access$1200(ActivityThread.java:150)
04-18 16:51:31.036 15651 15651 E ActivityThread: 	at android.app.ActivityThread$H.handleMessage(ActivityThread.java:1373)
04-18 16:51:31.036 15651 15651 E ActivityThread: 	at android.os.Handler.dispatchMessage(Handler.java:102)
04-18 16:51:31.036 15651 15651 E ActivityThread: 	at android.os.Looper.loop(Looper.java:148)
04-18 16:51:31.036 15651 15651 E ActivityThread: 	at android.app.ActivityThread.main(ActivityThread.java:5474)
04-18 16:51:31.036 15651 15651 E ActivityThread: 	at java.lang.reflect.Method.invoke(Native Method)
04-18 16:51:31.036 15651 15651 E ActivityThread: 	at com.android.internal.os.ZygoteInit$MethodAndArgsCaller.run(ZygoteInit.java:795)
04-18 16:51:31.036 15651 15651 E ActivityThread: 	at com.android.internal.os.ZygoteInit.main(ZygoteInit.java:685)
04-18 16:51:31.237  2655  4150 I chatty  : uid=1000(system) Binder_E expire 1 line
04-18 16:51:31.464  4232  4711 V OnStarCommands: onCellNetInfo: cellNetworkName:AT&T cellNetworkSignal:2 cellNetworkState:0 cellNetworkType: 7
04-18 16:51:31.464  4232  4711 D OnStarCommands: getSignalLevel: 2 -> 6
04-18 16:51:31.464  4232  4711 D OnStarCommands: getVoiceRegState: state = 1
04-18 16:51:31.464  4232  4711 D OnStarCommands: onCellNetInfo: No mVoiceNetworkStateRegistrants to notify
04-18 16:51:31.466  4232  4232 V OnStarServiceStateTracker: handleMessage: SIGNAL STRENGTH event = 12  current phone is not OnStar
04-18 16:51:31.466  4232  4232 V OnStarServiceStateTracker: handleMessage: EVENT_NETWORK_STATE_CHANGED: polling states...
04-18 16:51:31.466  4232  4232 V OnStarServiceStateTracker: pollState
04-18 16:51:31.466  4232  4232 D OnStarCommands: getVoiceRegState: state = 1
04-18 16:51:31.466  4232  4232 D OnStarCommands: getOperator: operatorName = AT&T
04-18 16:51:31.466  4232  4232 V OnStarServiceStateTracker: handleMessage: EVENT_POLL_STATE_REGISTRATION: processing...
04-18 16:51:31.466  4232  4232 D OnStarServiceStateTracker: handlePollStateResult: EVENT_POLL_STATE_REGISTRATION: regCode:1, serviceState:0
04-18 16:51:31.466  4232  4232 D PHONE   : [ServiceState] setVoiceRegState=0
04-18 16:51:31.466  4232  4232 V OnStarServiceStateTracker: handleMessage: EVENT_POLL_STATE_OPERATOR: processing...
04-18 16:51:31.466  4232  4232 D OnStarServiceStateTracker: handlePollStateResult: EVENT_POLL_STATE_OPERATOR: opNames[0]: 'AT&T' opNames[1]: '' opNames[2]: ''
04-18 16:51:31.467  4232  4232 D OnStarServiceStateTracker: pollStateDone: oldSS=[0 1 voice home data home AT&T   AT&T    Unknown Unknown CSS not supported -1 -1 RoamInd=-1 DefRoamInd=-1 EmergOnly=false IsDataRoamingFromRegistration=false] newSS=[0 1 voice home data home AT&T   AT&T    Unknown Unknown CSS not supported -1 -1 RoamInd=-1 DefRoamInd=-1 EmergOnly=false IsDataRoamingFromRegistration=false]
04-18 16:51:31.467  4232  4232 D PHONE   : [ServiceState] setNullState=1
04-18 16:51:31.468  4232  4232 D OnStarServiceStateTracker: pollStateDone: Current OutgoingPhone is not OnStar.
04-18 16:51:31.505  3085 15489 I chatty  : uid=1000(system) com.gm.android.gmauthmanagerservice expire 9 lines
04-18 16:51:31.517  3085 15490 I chatty  : uid=1000(system) com.gm.android.gmauthmanagerservice expire 10 lines
04-18 16:51:31.525  3085 15491 I chatty  : uid=1000(system) com.gm.android.gmauthmanagerservice expire 10 lines
04-18 16:51:31.529  3085 15492 I chatty  : uid=1000(system) com.gm.android.gmauthmanagerservice expire 9 lines
04-18 16:51:31.535  3085 15493 I chatty  : uid=1000(system) com.gm.android.gmauthmanagerservice expire 10 lines
04-18 16:51:31.540  3085 15494 I chatty  : uid=1000(system) com.gm.android.gmauthmanagerservice expire 10 lines
04-18 16:51:31.664  2655  3694 I chatty  : uid=1000(system) Binder_A expire 4 lines
04-18 16:51:31.778  2655  4156 I chatty  : uid=1000(system) Binder_F expire 6 lines
04-18 16:51:31.824  2655  2760 I chatty  : uid=1000(system) android.display expire 15 lines
04-18 16:51:31.894  2655  3802 I chatty  : uid=1000(system) Binder_C expire 3 lines
04-18 16:51:31.895  2655  4097 I chatty  : uid=1000(system) Binder_D expire 10 lines
04-18 16:51:31.958  4232  4270 V OnStarCommands: onCallState: callState:CALL_STATE_IDLE, hasCallState:true
04-18 16:51:31.958  4232  4270 I OnStarCommands: onCallState: No active personal call session, ignoring state event...
04-18 16:51:32.003  2655  2666 I chatty  : uid=1000(system) Binder_1 expire 9 lines
04-18 16:51:32.004  2655  2667 I chatty  : uid=1000(system) Binder_2 expire 8 lines
04-18 16:51:32.007  2569  2624 I VAS/VehicleAudioService: setMode() mode 0
04-18 16:51:32.008  2569  2624 I VAS/VehicleAudioService: Mode_Normal() entry
04-18 16:51:32.017  4232  4271 V OnStarCommands: onCallSessionEnded: callSession:1, reason:1
04-18 16:51:32.017  4232  4271 I OnStarCommands: onCallSessionEnded: Ignoring non-personal call: callsession:1
04-18 16:51:32.020  4232  4842 D OnStarCommands: onCallSessionStatus:  callSession:0,  hasCallSession:true
04-18 16:51:32.197  3085  3149 I chatty  : uid=1000(system) Thread-55 expire 36 lines
04-18 16:51:32.198  3085 15511 I chatty  : uid=1000(system) com.gm.android.gmauthmanagerservice expire 9 lines
04-18 16:51:32.203  3085 15512 I chatty  : uid=1000(system) com.gm.android.gmauthmanagerservice expire 10 lines
04-18 16:51:32.209  3085 15513 I chatty  : uid=1000(system) com.gm.android.gmauthmanagerservice expire 10 lines
04-18 16:51:32.217  2655  3349 I chatty  : uid=1000(system) Binder_9 expire 3 lines
04-18 16:51:32.217  3085 15514 I chatty  : uid=1000(system) com.gm.android.gmauthmanagerservice expire 9 lines
04-18 16:51:32.224  3085 15515 I chatty  : uid=1000(system) com.gm.android.gmauthmanagerservice expire 10 lines
04-18 16:51:32.226  3085 15516 I chatty  : uid=1000(system) com.gm.android.gmauthmanagerservice expire 10 lines
04-18 16:51:32.295  2655  2725 I chatty  : uid=1000(system) ActivityManager expire 2 lines
04-18 16:51:32.324  2655  2690 I chatty  : uid=1000(system) Binder_3 expire 5 lines
04-18 16:51:32.325  2655  3327 I chatty  : uid=1000(system) Binder_8 expire 6 lines
04-18 16:51:32.426  2655  4150 I chatty  : uid=1000(system) Binder_E expire 11 lines
04-18 16:51:32.626  2655  3770 I chatty  : uid=1000(system) Binder_B expire 11 lines
04-18 16:51:32.684  3311  3311 I chatty  : uid=1000(system) com.gm.gmhomescreen expire 3 lines
04-18 16:51:32.827  2655  3304 I chatty  : uid=1000(system) Binder_6 expire 4 lines
04-18 16:51:33.194  2569  2569 I VAS/VehicleAudioService: abandonAudioFocus() streamType 4119, extraInfo 0, zone 1
04-18 16:51:33.194  2569  2569 I VAS/VehicleAudioService: setMux() name primary_mux, input 4119, gain -100, extraInfo 0, zone 1
04-18 16:51:33.194  2569  2569 I VAS/AudioDriverInterface: setMuteRamp() sinkType 1, mute 1, time 0.01 sec
04-18 16:51:33.195  2569  2569 I VAS/ExternalAmpIface: update() attrName MtxSnkMutRmpTm, rawValue 10.00
04-18 16:51:33.195  2569  2569 I VAS/ExternalAmpIface: update() attrName MtxSnkMut, rawValue 1.00
04-18 16:51:33.368  2569  2627 I VAS/ExternalAmpIface: mutex_sink_mute_state_callback() entry
04-18 16:51:33.370  2569  2627 I VAS/ExternalAmpIface: mutex_sink_mute_state_callback() Mute status 1
04-18 16:51:33.370  2569  2627 I VAS/AudioCtrlSvcImpl: setMuteRampFinish() entry
04-18 16:51:33.370  2569  2569 I VAS/AudioCtrlSvcImpl: processMuteUnmuteRamps() Received Mute response from amplifier
04-18 16:51:33.370  2569  2569 I VAS/AudioDriverInterface: setSrc() sinkType 1, streamType 4119, activationStatus 0, extraInfo 0
04-18 16:51:33.371  2569  2569 I VAS/AudioDriverInterface: setVoiceActive() value 0
04-18 16:51:33.388  2569 23626 I VAS/VehicleAudioService: requestAudioFocus() streamType 4101, extraInfo 0, zone 1, clientId gm.media.audio.VehicleAudioManager@5245771com.siriusxm.ivi.oem.media.AudioFocusManager@583d9561
04-18 16:51:33.388  2569 23626 I VAS/VehicleAudioService: setMux() name primary_mux, input 4101, gain 0, extraInfo 0, zone 1
04-18 16:51:33.388  2569 23626 I VAS/AudioDriverInterface: setSrc() sinkType 1, streamType 4101, activationStatus 1, extraInfo 0
04-18 16:51:33.404  2569 23626 I VAS/AudioDriverInterface: setSourceScale() sinkType 1, scale value 0.00 : gain value 0.00
04-18 16:51:33.412  2569 23626 I VAS/ExternalAmpIface: update() attrName MtxSnkBal, rawValue 0.00
04-18 16:51:33.413  2569 23626 I VAS/AudioDriverInterface: setBalance() balance 0
04-18 16:51:33.420  2569 23626 I VAS/ExternalAmpIface: update() attrName MtxSnkFd, rawValue 11.00
04-18 16:51:33.420  2569 23626 I VAS/AudioDriverInterface: setFade() fade 11
04-18 16:51:33.429  2569 23626 I VAS/ExternalAmpIface: update() attrName MtxSnkBass, rawValue 12.00
04-18 16:51:33.429  2569 23626 I VAS/AudioDriverInterface: setBass() bass 12.00
04-18 16:51:33.430  2569 23626 I VAS/ExternalAmpIface: update() attrName MtxSnkMdrng, rawValue 0.00
04-18 16:51:33.430  2569 23626 I VAS/AudioDriverInterface: setMid() mid 0
04-18 16:51:33.434  2569 23626 I VAS/ExternalAmpIface: update() attrName MtxSnkTrbl, rawValue 1.00
04-18 16:51:33.434  2569 23626 I VAS/AudioDriverInterface: setTreble() treble 1
04-18 16:51:33.444  2569 23626 I VAS/ExternalAmpIface: update() attrName VcSrcActOnMtx, rawValue 0.00
04-18 16:51:33.444  2569 23626 I VAS/AudioDriverInterface: setBassFilterCoeffs() filterType 1, freq 100.00, QualityFactor 1.00
04-18 16:51:33.445  2569 23626 I VAS/AudioCtrlSvcImpl: setALC() alcRange -40, filter Treble, Freq 12000, Q_factor 1.0, Gain, 1.5
04-18 16:51:33.445  2569 23626 I VAS/AudioDriverInterface: setTrebleFilterCoeffs() filterType 1, freq 12000.00, QualityFactor 1.00
04-18 16:51:33.449  2569 23626 I VAS/AudioDriverInterface: setIndpBassTrebleCtrl() bassGain 5.00, trebleGain 1.50
04-18 16:51:33.453  2569 23626 I VAS/AudioDriverInterface: setVolume() sinkType 1, volDb -38.00
04-18 16:51:33.454  2569 23626 I VAS/ExternalAmpIface: update() attrName MtxSnkLvl, rawValue -38.00
04-18 16:51:33.454  2569 23626 I VAS/AudioDriverInterface: setVolume() sinkType 3, volDb -18.00
04-18 16:51:33.454  2569 23626 I VAS/ExternalAmpIface: update() attrName AudFdbkSnkLvl, rawValue -18.00
04-18 16:51:33.454  2569 23626 I VAS/AudioCtrlSvcImpl: setMux() Entertainment stream active, Not unmuting sources automatically
04-18 16:51:33.456  2655  2974 I chatty  : uid=1000(system) AudioService expire 1 line
04-18 16:51:33.465  2569  2624 I VAS/VehicleAudioService: setSourceMute() streamType 4101, mute 0
04-18 16:51:33.465  2569  2624 I VAS/AudioDriverInterface: setMuteRamp() sinkType 1, mute 0, time 0.01 sec
04-18 16:51:33.467  2569  2624 I VAS/ExternalAmpIface: update() attrName MtxSnkMutRmpTm, rawValue 10.00
04-18 16:51:33.467  2569  2624 I VAS/ExternalAmpIface: update() attrName MtxSnkMut, rawValue 0.00
04-18 16:51:33.472  2655  2942 I chatty  : uid=1000(system) Binder_4 expire 3 lines
04-18 16:51:33.512  2655  4171 I chatty  : uid=1000(system) Binder_10 expire 5 lines
04-18 16:51:33.712  4298  4298 W StatusBarManager: enter dropFocus in StatusBarManager
04-18 16:51:33.735  2569  2627 I VAS/ExternalAmpIface: mutex_sink_mute_state_callback() entry
04-18 16:51:33.735  2569  2627 I VAS/ExternalAmpIface: mutex_sink_mute_state_callback() Mute status 0
04-18 16:51:33.736  2569  2627 I VAS/AudioCtrlSvcImpl: setMuteRampFinish() entry
04-18 16:51:34.397  2655  3051 I chatty  : uid=1000(system) Binder_5 expire 1 line
04-18 16:51:34.537  3085 15627 I chatty  : uid=1000(system) com.gm.android.gmauthmanagerservice expire 9 lines
04-18 16:51:34.546  3085 15628 I chatty  : uid=1000(system) com.gm.android.gmauthmanagerservice expire 10 lines
04-18 16:51:34.554  3085 15629 I chatty  : uid=1000(system) com.gm.android.gmauthmanagerservice expire 10 lines
04-18 16:51:34.559  3085 15630 I chatty  : uid=1000(system) com.gm.android.gmauthmanagerservice expire 9 lines
04-18 16:51:34.566  3085 15631 I chatty  : uid=1000(system) com.gm.android.gmauthmanagerservice expire 10 lines
04-18 16:51:34.570  3085 15632 I chatty  : uid=1000(system) com.gm.android.gmauthmanagerservice expire 10 lines
04-18 16:51:34.633  2655  3802 I chatty  : uid=1000(system) Binder_C expire 6 lines
04-18 16:51:34.633  2655  4156 I chatty  : uid=1000(system) Binder_F expire 8 lines
04-18 16:51:34.737  2655  3770 I chatty  : uid=1000(system) Binder_B expire 13 lines
04-18 16:51:34.836 15793 15793 E ActivityThread: Failed to find provider info for com.onstar.gtbt.settings.provider
04-18 16:51:34.847  2655  2760 I chatty  : uid=1000(system) android.display expire 6 lines
04-18 16:51:34.852  2655  3051 I chatty  : uid=1000(system) Binder_5 expire 6 lines
04-18 16:51:34.874  2655  2667 I chatty  : uid=1000(system) Binder_2 expire 4 lines
04-18 16:51:34.919  2655  3327 I chatty  : uid=1000(system) Binder_8 expire 7 lines
04-18 16:51:34.959  2655  2725 I chatty  : uid=1000(system) ActivityManager expire 2 lines
04-18 16:51:34.964  2655  4150 I chatty  : uid=1000(system) Binder_E expire 2 lines
04-18 16:51:34.974  2655  3694 I chatty  : uid=1000(system) Binder_A expire 8 lines
04-18 16:51:35.070  2655  3349 I chatty  : uid=1000(system) Binder_9 expire 3 lines
04-18 16:51:35.073  2655  2942 I chatty  : uid=1000(system) Binder_4 expire 4 lines
04-18 16:51:35.261  3085  3149 I chatty  : uid=1000(system) Thread-55 expire 36 lines
04-18 16:51:35.261  3085 15681 I chatty  : uid=1000(system) com.gm.android.gmauthmanagerservice expire 9 lines
04-18 16:51:35.266  3085 15682 I chatty  : uid=1000(system) com.gm.android.gmauthmanagerservice expire 10 lines
04-18 16:51:35.272  3085 15683 I chatty  : uid=1000(system) com.gm.android.gmauthmanagerservice expire 10 lines
04-18 16:51:35.275  3085 15684 I chatty  : uid=1000(system) com.gm.android.gmauthmanagerservice expire 9 lines
04-18 16:51:35.278  3085 15685 I chatty  : uid=1000(system) com.gm.android.gmauthmanagerservice expire 10 lines
04-18 16:51:35.281  3085 15686 I chatty  : uid=1000(system) com.gm.android.gmauthmanagerservice expire 10 lines
04-18 16:51:35.294  2655  2666 I chatty  : uid=1000(system) Binder_1 expire 6 lines
04-18 16:51:35.297  2655  2690 I chatty  : uid=1000(system) Binder_3 expire 3 lines
04-18 16:51:35.298  2655  4171 I chatty  : uid=1000(system) Binder_10 expire 3 lines
04-18 16:51:35.299  2655  3304 I chatty  : uid=1000(system) Binder_6 expire 6 lines
04-18 16:51:35.402  2655  3321 I chatty  : uid=1000(system) Binder_7 expire 7 lines
04-18 16:51:35.506  2655  4097 I chatty  : uid=1000(system) Binder_D expire 2 lines
04-18 16:51:35.925  3085 15694 I chatty  : uid=1000(system) com.gm.android.gmauthmanagerservice expire 9 lines
04-18 16:51:35.934  3085 15696 I chatty  : uid=1000(system) com.gm.android.gmauthmanagerservice expire 10 lines
04-18 16:51:35.954  4232  4711 V OnStarCommands: onCellNetInfo: cellNetworkName:AT&T cellNetworkSignal:1 cellNetworkState:0 cellNetworkType: 7
04-18 16:51:35.954  4232  4711 D OnStarCommands: getSignalLevel: 1 -> 4
04-18 16:51:35.954  4232  4711 D OnStarCommands: getVoiceRegState: state = 1
04-18 16:51:35.954  4232  4711 D OnStarCommands: onCellNetInfo: No mVoiceNetworkStateRegistrants to notify
04-18 16:51:35.960  4232  4232 V OnStarServiceStateTracker: handleMessage: SIGNAL STRENGTH event = 12  current phone is not OnStar
04-18 16:51:35.960  4232  4232 V OnStarServiceStateTracker: handleMessage: EVENT_NETWORK_STATE_CHANGED: polling states...
04-18 16:51:35.960  4232  4232 V OnStarServiceStateTracker: pollState
04-18 16:51:35.960  4232  4232 D OnStarCommands: getVoiceRegState: state = 1
04-18 16:51:35.960  4232  4232 D OnStarCommands: getOperator: operatorName = AT&T
04-18 16:51:35.960  4232  4232 V OnStarServiceStateTracker: handleMessage: EVENT_POLL_STATE_REGISTRATION: processing...
04-18 16:51:35.960  4232  4232 D OnStarServiceStateTracker: handlePollStateResult: EVENT_POLL_STATE_REGISTRATION: regCode:1, serviceState:0
04-18 16:51:35.960  4232  4232 D PHONE   : [ServiceState] setVoiceRegState=0
04-18 16:51:35.960  4232  4232 V OnStarServiceStateTracker: handleMessage: EVENT_POLL_STATE_OPERATOR: processing...
04-18 16:51:35.960  4232  4232 D OnStarServiceStateTracker: handlePollStateResult: EVENT_POLL_STATE_OPERATOR: opNames[0]: 'AT&T' opNames[1]: '' opNames[2]: ''
04-18 16:51:35.960  3085 15697 I chatty  : uid=1000(system) com.gm.android.gmauthmanagerservice expire 10 lines
04-18 16:51:35.964  4232  4232 D OnStarServiceStateTracker: pollStateDone: oldSS=[0 1 voice home data home AT&T   AT&T    Unknown Unknown CSS not supported -1 -1 RoamInd=-1 DefRoamInd=-1 EmergOnly=false IsDataRoamingFromRegistration=false] newSS=[0 1 voice home data home AT&T   AT&T    Unknown Unknown CSS not supported -1 -1 RoamInd=-1 DefRoamInd=-1 EmergOnly=false IsDataRoamingFromRegistration=false]
04-18 16:51:35.964  4232  4232 D PHONE   : [ServiceState] setNullState=1
04-18 16:51:35.968  4232  4232 D OnStarServiceStateTracker: pollStateDone: Current OutgoingPhone is not OnStar.
04-18 16:51:35.975  3085 15698 I chatty  : uid=1000(system) com.gm.android.gmauthmanagerservice expire 9 lines
04-18 16:51:35.989  3085 15701 I chatty  : uid=1000(system) com.gm.android.gmauthmanagerservice expire 10 lines
04-18 16:51:35.994  3085 15702 I chatty  : uid=1000(system) com.gm.android.gmauthmanagerservice expire 10 lines
04-18 16:51:36.670  2886  3073 E KPI-ONSTAR|: Advisor call dialed out by CSM at |4428300
04-18 16:51:36.677  2655  2760 I chatty  : uid=1000(system) android.display expire 31 lines
04-18 16:51:36.677  2655  2690 I chatty  : uid=1000(system) Binder_3 expire 20 lines
04-18 16:51:36.711  2655  3770 I chatty  : uid=1000(system) Binder_B expire 8 lines
04-18 16:51:36.712  2655  3694 I chatty  : uid=1000(system) Binder_A expire 13 lines
04-18 16:51:36.738  2569  2569 I VAS/VehicleAudioService: setMode() mode 1
04-18 16:51:36.738  2569  2569 I VAS/VehicleAudioService: Mode_Ringtone() entry
04-18 16:51:36.740  4232  4271 D OnStarCommands: onCallSessionStatus:  callSession:1,  hasCallSession:true
04-18 16:51:36.748  4232  4842 V OnStarCommands: onCallSessionStarted: callSession:1, hasCallSession:true
04-18 16:51:36.748  4232  4842 I OnStarCommands: onCallSessionStarted: Ignoring non-personal call: callsession:1
04-18 16:51:36.760  4232  4270 V OnStarCommands: onLocationShared
04-18 16:51:36.760  4232  4711 V OnStarCommands: onCallState: callState:CALL_STATE_DIALING, hasCallState:true
04-18 16:51:36.760  4232  4711 I OnStarCommands: onCallState: No active personal call session, ignoring state event...
04-18 16:51:37.090  2569 23626 I VAS/VehicleAudioService: abandonAudioFocus() streamType 4101, extraInfo 0, zone 1
04-18 16:51:37.090  2569 23626 I VAS/VehicleAudioService: setMux() name primary_mux, input 4101, gain -100, extraInfo 0, zone 1
04-18 16:51:37.093  2569 23626 I VAS/AudioDriverInterface: setMuteRamp() sinkType 1, mute 1, time 0.01 sec
04-18 16:51:37.094  2569 23626 I VAS/ExternalAmpIface: update() attrName MtxSnkMutRmpTm, rawValue 10.00
04-18 16:51:37.094  2569 23626 I VAS/ExternalAmpIface: update() attrName MtxSnkMut, rawValue 1.00
04-18 16:51:37.128  2655  3802 I chatty  : uid=1000(system) Binder_C expire 18 lines
04-18 16:51:37.263  2569  2626 I VAS/ExternalAmpIface: mutex_sink_mute_state_callback() entry
04-18 16:51:37.264  2569  2626 I VAS/ExternalAmpIface: mutex_sink_mute_state_callback() Mute status 1
04-18 16:51:37.264  2569  2626 I VAS/AudioCtrlSvcImpl: setMuteRampFinish() entry
04-18 16:51:37.264  2569 23626 I VAS/AudioCtrlSvcImpl: processMuteUnmuteRamps() Received Mute response from amplifier
04-18 16:51:37.264  2569 23626 I VAS/AudioDriverInterface: setSrc() sinkType 1, streamType 4101, activationStatus 0, extraInfo 0
04-18 16:51:37.267  2569  2625 I VAS/VehicleAudioService: requestAudioFocus() streamType 4119, extraInfo 0, zone 1, clientId gm.media.audio.VehicleAudioManager@d32579acom.gm.onstar.service.d@3c68cb1
04-18 16:51:37.268  2569  2625 I VAS/VehicleAudioService: setMux() name primary_mux, input 4119, gain 0, extraInfo 0, zone 1
04-18 16:51:37.268  2569  2625 I VAS/AudioDriverInterface: setSrc() sinkType 1, streamType 4119, activationStatus 1, extraInfo 0
04-18 16:51:37.268  2569  2625 I VAS/AudioDriverInterface: setSourceScale() sinkType 1, scale value -2.34 : gain value 0.00
04-18 16:51:37.268  2569  2625 E VAS/AudioDriverInterface: setSourceScale() audio_set_dirana_source_gain() failed, ERROR -1
04-18 16:51:37.268  2569  2625 I VAS/ExternalAmpIface: update() attrName MtxSnkBal, rawValue 0.00
04-18 16:51:37.268  2569  2625 I VAS/AudioDriverInterface: setBalance() balance 0
04-18 16:51:37.269  2569  2625 I VAS/ExternalAmpIface: update() attrName MtxSnkFd, rawValue 12.00
04-18 16:51:37.269  2569  2625 I VAS/AudioDriverInterface: setFade() fade 12
04-18 16:51:37.270  2569  2625 I VAS/ExternalAmpIface: update() attrName MtxSnkBass, rawValue 0.00
04-18 16:51:37.270  2569  2625 I VAS/AudioDriverInterface: setBass() bass 0.00
04-18 16:51:37.270  2569  2625 I VAS/ExternalAmpIface: update() attrName MtxSnkMdrng, rawValue 0.00
04-18 16:51:37.270  2569  2625 I VAS/AudioDriverInterface: setMid() mid 0
04-18 16:51:37.272  2569  2625 I VAS/ExternalAmpIface: update() attrName MtxSnkTrbl, rawValue 0.00
04-18 16:51:37.272  2569  2625 I VAS/AudioDriverInterface: setTreble() treble 0
04-18 16:51:37.274  2569  2625 I VAS/ExternalAmpIface: update() attrName VcSrcActOnMtx, rawValue 1.00
04-18 16:51:37.274  2569  2625 I VAS/AudioDriverInterface: setVoiceActive() value 1
04-18 16:51:37.274  2569  2625 I VAS/AudioDriverInterface: setBassFilterCoeffs() filterType 1, freq 250.00, QualityFactor 1.00
04-18 16:51:37.276  2569  2625 I VAS/AudioCtrlSvcImpl: setALC() alcRange -60, filter Treble, Freq 10000, Q_factor 1.0, Gain, 3.5
04-18 16:51:37.276  2569  2625 I VAS/AudioDriverInterface: setTrebleFilterCoeffs() filterType 1, freq 10000.00, QualityFactor 1.00
04-18 16:51:37.277  2569  2625 I VAS/AudioDriverInterface: setIndpBassTrebleCtrl() bassGain 7.00, trebleGain 3.50
04-18 16:51:37.278  2569  2625 I VAS/AudioDriverInterface: setVolume() sinkType 1, volDb -60.50
04-18 16:51:37.279  2569  2625 I VAS/ExternalAmpIface: update() attrName MtxSnkLvl, rawValue -60.50
04-18 16:51:37.279  2569  2625 I VAS/AudioDriverInterface: setVolume() sinkType 3, volDb -22.00
04-18 16:51:37.280  2569  2625 I VAS/ExternalAmpIface: update() attrName AudFdbkSnkLvl, rawValue -22.00
04-18 16:51:37.280  2569  2625 I VAS/AudioCtrlSvcImpl: setMux() Non-Entertainment stream, UnMuting automatically
04-18 16:51:37.280  2569  2625 I VAS/AudioDriverInterface: setMuteRamp() sinkType 1, mute 0, time 0.01 sec
04-18 16:51:37.280  2569  2625 I VAS/ExternalAmpIface: update() attrName MtxSnkMutRmpTm, rawValue 10.00
04-18 16:51:37.280  2569  2625 I VAS/ExternalAmpIface: update() attrName MtxSnkMut, rawValue 0.00
04-18 16:51:37.283  2655  2974 I chatty  : uid=1000(system) AudioService expire 1 line
04-18 16:51:37.356  2655  3051 I chatty  : uid=1000(system) Binder_5 expire 4 lines
04-18 16:51:37.377  2655  2942 I chatty  : uid=1000(system) Binder_4 expire 16 lines
04-18 16:51:37.462  2655  2725 I chatty  : uid=1000(system) ActivityManager expire 4 lines
04-18 16:51:37.471  2569  2626 I VAS/ExternalAmpIface: mutex_sink_mute_state_callback() entry
04-18 16:51:37.471  2569  2626 I VAS/ExternalAmpIface: mutex_sink_mute_state_callback() Mute status 0
04-18 16:51:37.471  2569  2626 I VAS/AudioCtrlSvcImpl: setMuteRampFinish() entry
04-18 16:51:37.498  2655  3321 I chatty  : uid=1000(system) Binder_7 expire 11 lines
04-18 16:51:37.515  2655  3304 I chatty  : uid=1000(system) Binder_6 expire 20 lines
04-18 16:51:37.619  2655  2667 I chatty  : uid=1000(system) Binder_2 expire 10 lines
04-18 16:51:37.620  2655  4156 I chatty  : uid=1000(system) Binder_F expire 18 lines
04-18 16:51:37.750  2655  4097 I chatty  : uid=1000(system) Binder_D expire 20 lines
04-18 16:51:37.805  7950  7950 W StatusBarManager: enter dropFocus in StatusBarManager
04-18 16:51:37.928  2655  4171 I chatty  : uid=1000(system) Binder_10 expire 17 lines
04-18 16:51:38.170  2655  3349 I chatty  : uid=1000(system) Binder_9 expire 7 lines
04-18 16:51:38.200  4232  4271 V OnStarCommands: onCellNetInfo: cellNetworkName:AT&T cellNetworkSignal:2 cellNetworkState:0 cellNetworkType: 7
04-18 16:51:38.200  4232  4271 D OnStarCommands: getSignalLevel: 2 -> 6
04-18 16:51:38.200  4232  4271 D OnStarCommands: getVoiceRegState: state = 1
04-18 16:51:38.200  4232  4271 D OnStarCommands: onCellNetInfo: No mVoiceNetworkStateRegistrants to notify
04-18 16:51:38.205  4232  4232 V OnStarServiceStateTracker: handleMessage: SIGNAL STRENGTH event = 12  current phone is not OnStar
04-18 16:51:38.205  4232  4232 V OnStarServiceStateTracker: handleMessage: EVENT_NETWORK_STATE_CHANGED: polling states...
04-18 16:51:38.205  4232  4232 V OnStarServiceStateTracker: pollState
04-18 16:51:38.205  4232  4232 D OnStarCommands: getVoiceRegState: state = 1
04-18 16:51:38.205  4232  4232 D OnStarCommands: getOperator: operatorName = AT&T
04-18 16:51:38.205  4232  4232 V OnStarServiceStateTracker: handleMessage: EVENT_POLL_STATE_REGISTRATION: processing...
04-18 16:51:38.205  4232  4232 D OnStarServiceStateTracker: handlePollStateResult: EVENT_POLL_STATE_REGISTRATION: regCode:1, serviceState:0
04-18 16:51:38.205  4232  4232 D PHONE   : [ServiceState] setVoiceRegState=0
04-18 16:51:38.205  4232  4232 V OnStarServiceStateTracker: handleMessage: EVENT_POLL_STATE_OPERATOR: processing...
04-18 16:51:38.205  4232  4232 D OnStarServiceStateTracker: handlePollStateResult: EVENT_POLL_STATE_OPERATOR: opNames[0]: 'AT&T' opNames[1]: '' opNames[2]: ''
04-18 16:51:38.207  4232  4232 D OnStarServiceStateTracker: pollStateDone: oldSS=[0 1 voice home data home AT&T   AT&T    Unknown Unknown CSS not supported -1 -1 RoamInd=-1 DefRoamInd=-1 EmergOnly=false IsDataRoamingFromRegistration=false] newSS=[0 1 voice home data home AT&T   AT&T    Unknown Unknown CSS not supported -1 -1 RoamInd=-1 DefRoamInd=-1 EmergOnly=false IsDataRoamingFromRegistration=false]
04-18 16:51:38.207  4232  4232 D PHONE   : [ServiceState] setNullState=1
04-18 16:51:38.208  4232  4232 D OnStarServiceStateTracker: pollStateDone: Current OutgoingPhone is not OnStar.
04-18 16:51:38.323  2655  2726 I chatty  : uid=1000(system) android.ui expire 6 lines
04-18 16:51:38.770  2655  3327 I chatty  : uid=1000(system) Binder_8 expire 14 lines
04-18 16:51:38.784  2655  4150 I chatty  : uid=1000(system) Binder_E expire 8 lines
04-18 16:51:38.888  2655  2666 I chatty  : uid=1000(system) Binder_1 expire 14 lines
04-18 16:51:42.029  2655  3770 I chatty  : uid=1000(system) Binder_B expire 13 lines
04-18 16:51:42.075  2655  4171 I chatty  : uid=1000(system) Binder_10 expire 4 lines
04-18 16:51:42.081  2655  2667 I chatty  : uid=1000(system) Binder_2 expire 10 lines
04-18 16:51:42.082  2655  2726 I chatty  : uid=1000(system) android.ui expire 9 lines
04-18 16:51:42.090  2655  4097 I chatty  : uid=1000(system) Binder_D expire 13 lines
04-18 16:51:42.124  2655  2760 I chatty  : uid=1000(system) android.display expire 37 lines
04-18 16:51:42.156  2655  3349 I chatty  : uid=1000(system) Binder_9 expire 11 lines
04-18 16:51:42.249  2655  2942 I chatty  : uid=1000(system) Binder_4 expire 4 lines
04-18 16:51:42.300  2655  3327 I chatty  : uid=1000(system) Binder_8 expire 10 lines
04-18 16:51:42.332  2655  2725 I chatty  : uid=1000(system) ActivityManager expire 2 lines
04-18 16:51:42.355  2655  4150 I chatty  : uid=1000(system) Binder_E expire 5 lines
04-18 16:51:42.356  2655  3321 I chatty  : uid=1000(system) Binder_7 expire 7 lines
04-18 16:51:42.373  2655  3304 I chatty  : uid=1000(system) Binder_6 expire 13 lines
04-18 16:51:42.417  2655  4156 I chatty  : uid=1000(system) Binder_F expire 6 lines
04-18 16:51:42.418  2655  3694 I chatty  : uid=1000(system) Binder_A expire 5 lines
04-18 16:51:42.446  7950  7950 W StatusBarManager: enter dropFocus in StatusBarManager
04-18 16:51:42.478  3085  3149 I chatty  : uid=1000(system) Thread-55 expire 18 lines
04-18 16:51:42.480  3085 15918 I chatty  : uid=1000(system) com.gm.android.gmauthmanagerservice expire 9 lines
04-18 16:51:42.484  2655  3802 I chatty  : uid=1000(system) Binder_C expire 8 lines
04-18 16:51:42.501  3085 15919 I chatty  : uid=1000(system) com.gm.android.gmauthmanagerservice expire 10 lines
04-18 16:51:42.520  3085 15920 I chatty  : uid=1000(system) com.gm.android.gmauthmanagerservice expire 10 lines
04-18 16:51:42.530  3085 15921 I chatty  : uid=1000(system) com.gm.android.gmauthmanagerservice expire 9 lines
04-18 16:51:42.558  3085 15925 I chatty  : uid=1000(system) com.gm.android.gmauthmanagerservice expire 10 lines
04-18 16:51:42.568  3085 15926 I chatty  : uid=1000(system) com.gm.android.gmauthmanagerservice expire 10 lines
04-18 16:51:42.951  2655  3051 I chatty  : uid=1000(system) Binder_5 expire 5 lines
04-18 16:51:43.116  2655  2690 I chatty  : uid=1000(system) Binder_3 expire 7 lines
04-18 16:51:43.122  4298  4298 W StatusBarManager: enter dropFocus in StatusBarManager
04-18 16:51:43.604  2655  2966 I chatty  : uid=1000(system) WifiStateMachin expire 2 lines
04-18 16:51:43.685  1976  1976 I chatty  : uid=1000(system) /system/bin/plmanager expire 2 lines
04-18 16:51:43.818  2886  4766 I chatty  : uid=1000(system) Binder_7 expire 1 line
04-18 16:51:43.961  2655  2760 I chatty  : uid=1000(system) android.display expire 35 lines
04-18 16:51:43.993  2655  3770 I chatty  : uid=1000(system) Binder_B expire 8 lines
04-18 16:51:44.115  2655  3304 I chatty  : uid=1000(system) Binder_6 expire 6 lines
04-18 16:51:44.117  2655  3802 I chatty  : uid=1000(system) Binder_C expire 12 lines
04-18 16:51:44.217  2655  3694 I chatty  : uid=1000(system) Binder_A expire 15 lines
04-18 16:51:44.217  2655  4150 I chatty  : uid=1000(system) Binder_E expire 5 lines
04-18 16:51:44.228  2655  3321 I chatty  : uid=1000(system) Binder_7 expire 5 lines
04-18 16:51:44.241  2655  4097 I chatty  : uid=1000(system) Binder_D expire 5 lines
04-18 16:51:44.324  2655  2666 I chatty  : uid=1000(system) Binder_1 expire 15 lines
04-18 16:51:44.429  2655  2667 I chatty  : uid=1000(system) Binder_2 expire 12 lines
04-18 16:51:44.487  2655  2726 I chatty  : uid=1000(system) android.ui expire 5 lines
04-18 16:51:44.534  2655  3349 I chatty  : uid=1000(system) Binder_9 expire 8 lines
04-18 16:51:44.535  2655  4156 I chatty  : uid=1000(system) Binder_F expire 6 lines
04-18 16:51:44.576  2655  3327 I chatty  : uid=1000(system) Binder_8 expire 9 lines
04-18 16:51:44.749  2655  3051 I chatty  : uid=1000(system) Binder_5 expire 7 lines
04-18 16:51:44.969  2655  2690 I chatty  : uid=1000(system) Binder_3 expire 5 lines
04-18 16:51:44.974  2655  2725 I chatty  : uid=1000(system) ActivityManager expire 2 lines
04-18 16:51:45.190  2655  2942 I chatty  : uid=1000(system) Binder_4 expire 2 lines
04-18 16:51:45.713  2915  4340 I chatty  : uid=1000(system) Binder_3 expire 1 line
04-18 16:51:45.725  2915 14961 I chatty  : uid=1000(system) Binder_5 expire 1 line
04-18 16:51:45.950  2655  4171 I chatty  : uid=1000(system) Binder_10 expire 5 lines
04-18 16:51:46.326  2915  2938 I chatty  : uid=1000(system) Binder_1 expire 1 line
04-18 16:51:46.515  3085  3149 I chatty  : uid=1000(system) Thread-55 expire 21 lines
04-18 16:51:46.517  3085 16041 I chatty  : uid=1000(system) com.gm.android.gmauthmanagerservice expire 9 lines
04-18 16:51:46.522  3085 16042 I chatty  : uid=1000(system) com.gm.android.gmauthmanagerservice expire 10 lines
04-18 16:51:46.529  3085 16043 I chatty  : uid=1000(system) com.gm.android.gmauthmanagerservice expire 10 lines
04-18 16:51:46.662  3085 16044 I chatty  : uid=1000(system) com.gm.android.gmauthmanagerservice expire 9 lines
04-18 16:51:46.677  3085 16045 I chatty  : uid=1000(system) com.gm.android.gmauthmanagerservice expire 10 lines
04-18 16:51:46.686  2915  4509 I chatty  : uid=1000(system) Binder_4 expire 1 line
04-18 16:51:46.692  2915  2940 I chatty  : uid=1000(system) Binder_2 expire 1 line
04-18 16:51:46.740  3085 16047 I chatty  : uid=1000(system) com.gm.android.gmauthmanagerservice expire 10 lines
04-18 16:51:46.753  3085 16048 I chatty  : uid=1000(system) com.gm.android.gmauthmanagerservice expire 9 lines
04-18 16:51:46.764  3085  3149 I chatty  : uid=1000(system) Thread-55 expire 39 lines
04-18 16:51:46.765  3085 16049 I chatty  : uid=1000(system) com.gm.android.gmauthmanagerservice expire 10 lines
04-18 16:51:46.772  3085 16051 I chatty  : uid=1000(system) com.gm.android.gmauthmanagerservice expire 10 lines
04-18 16:51:46.823  2655  2760 I chatty  : uid=1000(system) android.display expire 12 lines
04-18 16:51:46.845  2655  3349 I chatty  : uid=1000(system) Binder_9 expire 3 lines
04-18 16:51:46.846  2655  4150 I chatty  : uid=1000(system) Binder_E expire 7 lines
04-18 16:51:46.856  2655  4156 I chatty  : uid=1000(system) Binder_F expire 6 lines
04-18 16:51:46.867  2655  3304 I chatty  : uid=1000(system) Binder_6 expire 6 lines
04-18 16:51:46.972  2655  2666 I chatty  : uid=1000(system) Binder_1 expire 7 lines
04-18 16:51:46.973  2655  2667 I chatty  : uid=1000(system) Binder_2 expire 2 lines
04-18 16:51:47.077  2655  3051 I chatty  : uid=1000(system) Binder_5 expire 3 lines
04-18 16:51:47.099  2655  3327 I chatty  : uid=1000(system) Binder_8 expire 3 lines
04-18 16:51:47.101  2655  3694 I chatty  : uid=1000(system) Binder_A expire 6 lines
04-18 16:51:47.202  2655  2690 I chatty  : uid=1000(system) Binder_3 expire 9 lines
04-18 16:51:47.211  2655  4171 I chatty  : uid=1000(system) Binder_10 expire 4 lines
04-18 16:51:47.313  2655  3802 I chatty  : uid=1000(system) Binder_C expire 1 line
04-18 16:51:47.390  3085 16063 I chatty  : uid=1000(system) com.gm.android.gmauthmanagerservice expire 9 lines
04-18 16:51:47.399  3085 16064 I chatty  : uid=1000(system) com.gm.android.gmauthmanagerservice expire 10 lines
04-18 16:51:47.405  3085 16065 I chatty  : uid=1000(system) com.gm.android.gmauthmanagerservice expire 10 lines
04-18 16:51:47.410  3085 16066 I chatty  : uid=1000(system) com.gm.android.gmauthmanagerservice expire 9 lines
04-18 16:51:47.415  3085 16067 I chatty  : uid=1000(system) com.gm.android.gmauthmanagerservice expire 10 lines
04-18 16:51:47.417  3085 16068 I chatty  : uid=1000(system) com.gm.android.gmauthmanagerservice expire 10 lines
04-18 16:51:47.425  2655  3321 I chatty  : uid=1000(system) Binder_7 expire 1 line
04-18 16:51:47.490  2655  2725 I chatty  : uid=1000(system) ActivityManager expire 1 line
04-18 16:51:47.547  2655  2942 I chatty  : uid=1000(system) Binder_4 expire 4 lines
04-18 16:51:47.596  2886  3103 I chatty  : uid=1000(system) TcpInternetMana expire 3 lines
04-18 16:51:47.661  2655  4097 I chatty  : uid=1000(system) Binder_D expire 3 lines
04-18 16:51:47.680  2915  4340 I chatty  : uid=1000(system) Binder_3 expire 1 line
04-18 16:51:47.845  2915 14961 I chatty  : uid=1000(system) Binder_5 expire 1 line
04-18 16:51:47.851  2915  2938 I chatty  : uid=1000(system) Binder_1 expire 1 line
04-18 16:51:47.911  2655  3770 I chatty  : uid=1000(system) Binder_B expire 2 lines
04-18 16:51:48.039  2915  4509 I chatty  : uid=1000(system) Binder_4 expire 1 line
04-18 16:51:48.544  3085 16113 I chatty  : uid=1000(system) com.gm.android.gmauthmanagerservice expire 9 lines
04-18 16:51:48.554  3085 16114 I chatty  : uid=1000(system) com.gm.android.gmauthmanagerservice expire 10 lines
04-18 16:51:48.565  3085 16115 I chatty  : uid=1000(system) com.gm.android.gmauthmanagerservice expire 10 lines
04-18 16:51:48.571  3085 16116 I chatty  : uid=1000(system) com.gm.android.gmauthmanagerservice expire 9 lines
04-18 16:51:48.580  3085 16117 I chatty  : uid=1000(system) com.gm.android.gmauthmanagerservice expire 10 lines
04-18 16:51:48.581  3085  3149 I chatty  : uid=1000(system) Thread-55 expire 39 lines
04-18 16:51:48.585  3085 16118 I chatty  : uid=1000(system) com.gm.android.gmauthmanagerservice expire 10 lines
04-18 16:51:48.680  2655  3694 I chatty  : uid=1000(system) Binder_A expire 7 lines
04-18 16:51:48.681  2655  3304 I chatty  : uid=1000(system) Binder_6 expire 6 lines
04-18 16:51:48.733  2655  2725 I chatty  : uid=1000(system) ActivityManager expire 4 lines
04-18 16:51:48.790  2655  2690 I chatty  : uid=1000(system) Binder_3 expire 6 lines
04-18 16:51:48.790  2655  4156 I chatty  : uid=1000(system) Binder_F expire 14 lines
04-18 16:51:48.861  2655  3349 I chatty  : uid=1000(system) Binder_9 expire 5 lines
04-18 16:51:48.898  2655  3321 I chatty  : uid=1000(system) Binder_7 expire 2 lines
04-18 16:51:48.898  2655  3051 I chatty  : uid=1000(system) Binder_5 expire 4 lines
04-18 16:51:48.932  3277  3628 I chatty  : uid=1000(system) DefaultSourceMa expire 1 line
04-18 16:51:49.020  2655  3802 I chatty  : uid=1000(system) Binder_C expire 6 lines
04-18 16:51:49.058  2655  2760 I chatty  : uid=1000(system) android.display expire 10 lines
04-18 16:51:49.071  2655  4171 I chatty  : uid=1000(system) Binder_10 expire 5 lines
04-18 16:51:49.072  2655  4097 I chatty  : uid=1000(system) Binder_D expire 3 lines
04-18 16:51:49.093  2655  2667 I chatty  : uid=1000(system) Binder_2 expire 3 lines
04-18 16:51:49.182  3085 16139 I chatty  : uid=1000(system) com.gm.android.gmauthmanagerservice expire 9 lines
04-18 16:51:49.193  3085 16140 I chatty  : uid=1000(system) com.gm.android.gmauthmanagerservice expire 10 lines
04-18 16:51:49.201  3085 16141 I chatty  : uid=1000(system) com.gm.android.gmauthmanagerservice expire 10 lines
04-18 16:51:49.209  3085 16142 I chatty  : uid=1000(system) com.gm.android.gmauthmanagerservice expire 9 lines
04-18 16:51:49.212  3085 16143 I chatty  : uid=1000(system) com.gm.android.gmauthmanagerservice expire 10 lines
04-18 16:51:49.215  3085 16144 I chatty  : uid=1000(system) com.gm.android.gmauthmanagerservice expire 10 lines
04-18 16:51:49.586  2655  4150 I chatty  : uid=1000(system) Binder_E expire 1 line
04-18 16:51:49.596  2655  3327 I chatty  : uid=1000(system) Binder_8 expire 1 line
