--------- beginning of kpi
04-18 15:37:58.124  1960  2206 E KPI-BOOT|: Animation going to execute event: SHOW_STARTUP_ANIM at |4751 
--------- beginning of radio
04-18 15:38:00.682  1946  2819 D TelephonyManager: /proc/cmdline=clocksource=tsc tsc=reliable acpi_pm_good i915.avail_planes_per_pipe=0x000003 androidboot.trustyimpl=-ghs drm_kms_helper.edid_firmware=edid/harman0768p.bin ABL.secureboot=0 androidboot.bootloader=rel.1744-Android-HF9 androidboot.serialno=R1J56L39eda8d6 androidboot.bootreason=power-on no_timer_check noxsaves reboot_panic=p,w cpu_init_udelay=10 i915.hpd_sense_invert=0x7 drm.debug=0xa intel_iommu=off loglevel=2 androidboot.hardware=bxtp_abl firmware_class.path=/vendor/firmware relative_sleep_states=1 video=eDP-1:d video=HDMI-A-1:e video=HDMI-A-2:d video=DP-1:d video=DP-2:d video=DP-3:d enforcing=0 androidboot.selinux=permissive gpt drm.atomic=1 i915.nuclear_pageflip=1 i915.enable_rc6=1 i915.enable_fbc=1 vga=current i915.modeset=1 drm.vblankoffdelay=1 i915.fastboot=1 drm.debug=0xe thermal.off=1 console=hvc0           pstore.backend=ramoops memmap=0x400000$0x50000000 ramoops.mem_address=0x50000000 ramoops.mem_size=0x400000 ramoops.record_size=0x4000 ramoops.console_size=0x200000 ramoops.ftrace_size=0x2000 ramoops.dump_oops=1
04-18 15:38:00.715  1947  2823 D TelephonyManager: /proc/cmdline=clocksource=tsc tsc=reliable acpi_pm_good i915.avail_planes_per_pipe=0x000003 androidboot.trustyimpl=-ghs drm_kms_helper.edid_firmware=edid/harman0768p.bin ABL.secureboot=0 androidboot.bootloader=rel.1744-Android-HF9 androidboot.serialno=R1J56L39eda8d6 androidboot.bootreason=power-on no_timer_check noxsaves reboot_panic=p,w cpu_init_udelay=10 i915.hpd_sense_invert=0x7 drm.debug=0xa intel_iommu=off loglevel=2 androidboot.hardware=bxtp_abl firmware_class.path=/vendor/firmware relative_sleep_states=1 video=eDP-1:d video=HDMI-A-1:e video=HDMI-A-2:d video=DP-1:d video=DP-2:d video=DP-3:d enforcing=0 androidboot.selinux=permissive gpt drm.atomic=1 i915.nuclear_pageflip=1 i915.enable_rc6=1 i915.enable_fbc=1 vga=current i915.modeset=1 drm.vblankoffdelay=1 i915.fastboot=1 drm.debug=0xe thermal.off=1 console=hvc0           pstore.backend=ramoops memmap=0x400000$0x50000000 ramoops.mem_address=0x50000000 ramoops.mem_size=0x400000 ramoops.record_size=0x4000 ramoops.console_size=0x200000 ramoops.ftrace_size=0x2000 ramoops.dump_oops=1
04-18 15:38:01.789  2655  2655 D TelephonyManager: /proc/cmdline=clocksource=tsc tsc=reliable acpi_pm_good i915.avail_planes_per_pipe=0x000003 androidboot.trustyimpl=-ghs drm_kms_helper.edid_firmware=edid/harman0768p.bin ABL.secureboot=0 androidboot.bootloader=rel.1744-Android-HF9 androidboot.serialno=R1J56L39eda8d6 androidboot.bootreason=power-on no_timer_check noxsaves reboot_panic=p,w cpu_init_udelay=10 i915.hpd_sense_invert=0x7 drm.debug=0xa intel_iommu=off loglevel=2 androidboot.hardware=bxtp_abl firmware_class.path=/vendor/firmware relative_sleep_states=1 video=eDP-1:d video=HDMI-A-1:e video=HDMI-A-2:d video=DP-1:d video=DP-2:d video=DP-3:d enforcing=0 androidboot.selinux=permissive gpt drm.atomic=1 i915.nuclear_pageflip=1 i915.enable_rc6=1 i915.enable_fbc=1 vga=current i915.modeset=1 drm.vblankoffdelay=1 i915.fastboot=1 drm.debug=0xe thermal.off=1 console=hvc0           pstore.backend=ramoops memmap=0x400000$0x50000000 ramoops.mem_address=0x50000000 ramoops.mem_size=0x400000 ramoops.record_size=0x4000 ramoops.console_size=0x200000 ramoops.ftrace_size=0x2000 ramoops.dump_oops=1
04-18 15:37:59.878  2655  2722 D TelephonyRegistry: listen oscl: hasNotifySubscriptionInfoChangedOccurred==false no callback
04-18 15:38:00.176  2655  3051 D TelephonyRegistry: listen oscl: hasNotifySubscriptionInfoChangedOccurred==false no callback
04-18 15:38:00.489  3173  3173 E KPI-AUDIO|: restoreAudioLastMode in SystemUI at|12119
04-18 15:38:00.489  2886  3478 E KPI-ANNOUNCE|: Announcement service is ready on both sides at |12120
04-18 15:38:00.836  3277  3555 E KPI-AUDIO|: CheckAndRegisterForEntertainmentService, Service is ready |12467 PID= 3277
04-18 15:38:01.733  3311  3311 E KPI-HomeScreen| : calls setScreenReady() | 13364
04-18 15:38:01.765  1960  2206 E KPI-BOOT|: Animation going to execute event: HIDE_ANIMATION at |13396 
04-18 15:38:01.941  2655  2655 D TelephonyRegistry: systemRunning register for intents
04-18 15:38:02.626  3277  3552 E KPI-AUDIO|: AudioState before restored at|14257, PID=3277
04-18 15:38:03.074  3277  3552 E KPI-AUDIO|: AudioState call setupPlaybackForMode at|14705
04-18 15:38:03.110  3277  3552 E KPI-AUDIO|: AudioState return from restore at|14740,isRestoreSuccess=true, PID=3277
04-18 15:38:03.413  4232  4232 I chatty  : uid=1001(radio) com.android.phone expire 237 lines
04-18 15:38:03.738  2655  2690 D TelephonyRegistry: listen oscl: hasNotifySubscriptionInfoChangedOccurred==false no callback
04-18 15:38:03.792  2655  3304 D TelephonyRegistry: listen oscl: hasNotifySubscriptionInfoChangedOccurred==false no callback
04-18 15:38:03.947  4232  4466 I chatty  : uid=1001(radio) com.android.phone expire 2 lines
04-18 15:38:04.029  4232  4270 I chatty  : uid=1001(radio) Binder_1 expire 4 lines
04-18 15:38:04.154  4232  4478 I chatty  : uid=1001(radio) DcSwitchStateMa expire 1 line
04-18 15:38:04.201  2655  3802 D TelephonyRegistry: listen oscl: hasNotifySubscriptionInfoChangedOccurred==false no callback
04-18 15:38:04.228  4232  4446 I chatty  : uid=1001(radio) GsmInboundSmsHa expire 2 lines
04-18 15:38:04.228  4232  4453 I chatty  : uid=1001(radio) CdmaInboundSmsH expire 2 lines
04-18 15:38:04.413  2655  4171 D TelephonyRegistry: listen oscl: hasNotifySubscriptionInfoChangedOccurred==false no callback
04-18 15:38:04.759  2655  2667 D TelephonyRegistry: listen oscl: hasNotifySubscriptionInfoChangedOccurred==false no callback
04-18 15:38:05.067  2655  4097 D TelephonyRegistry: notifySignalStrengthForSubscriber: invalid phoneId=-1
04-18 15:38:05.133  4232  4271 I chatty  : uid=1001(radio) Binder_2 expire 2 lines
04-18 15:38:05.289  4232  4711 I chatty  : uid=1001(radio) Binder_3 expire 7 lines
04-18 15:38:05.346  2655  2942 D TelephonyRegistry: notifySubscriptionInfoChanged: first invocation mRecords.size=17
04-18 15:38:05.681  4232  4232 I chatty  : uid=1001(radio) com.android.phone expire 233 lines
04-18 15:38:05.827  2655  3770 D SubscriptionManager: getSimStateForSubscriber: simState=5 slotIdx=0
04-18 15:38:05.827  2655  3770 D TelephonyManager: getSimState: default sim:-1, sim state for slotIdx=0 is 5, return state as unknown
04-18 15:38:05.838  2655  4150 D TelephonyRegistry: notifySignalStrengthForSubscriber: invalid phoneId=-1
04-18 15:38:05.878  2655  3321 D SubscriptionManager: getSimStateForSubscriber: simState=5 slotIdx=0
04-18 15:38:05.878  2655  3321 D TelephonyManager: getSimState: default sim:-1, sim state for slotIdx=0 is 5, return state as unknown
04-18 15:38:05.879  2655  4150 D TelephonyRegistry: notifySignalStrengthForSubscriber: invalid phoneId=-1
04-18 15:38:05.929  4232  4270 I chatty  : uid=1001(radio) Binder_1 expire 7 lines
04-18 15:38:05.997  4232  4271 I chatty  : uid=1001(radio) Binder_2 expire 9 lines
04-18 15:38:06.013  3173  3173 D SubscriptionManager: getSimStateForSubscriber: simState=5 slotIdx=0
04-18 15:38:06.053  4232  4842 I chatty  : uid=1001(radio) Binder_4 expire 10 lines
04-18 15:38:06.084  3173  3173 D SubscriptionManager: getSimStateForSubscriber: simState=5 slotIdx=0
04-18 15:38:06.330  3173  3173 D SubscriptionManager: getSimStateForSubscriber: simState=5 slotIdx=0
04-18 15:38:06.342  3173  3173 D SubscriptionManager: getSimStateForSubscriber: simState=5 slotIdx=0
04-18 15:38:06.416  4232  4232 I chatty  : uid=1001(radio) com.android.phone expire 87 lines
04-18 15:38:06.869  4232  4443 I chatty  : uid=1001(radio) GsmCellBroadcas expire 1 line
04-18 15:38:06.901  4232  4448 I chatty  : uid=1001(radio) CellBroadcastHa expire 1 line
04-18 15:38:06.941  4232  4459 I chatty  : uid=1001(radio) CdmaServiceCate expire 1 line
04-18 15:38:07.229  4232  4446 I chatty  : uid=1001(radio) GsmInboundSmsHa expire 3 lines
04-18 15:38:07.231  4232  4453 I chatty  : uid=1001(radio) CdmaInboundSmsH expire 3 lines
04-18 15:38:07.657  1960  2206 E KPI-BOOT|: Animation going to execute event: HIDE_ANIMATION at |19288 
04-18 15:38:21.426  4232  4270 I chatty  : uid=1001(radio) Binder_1 expire 10 lines
04-18 15:38:43.969  2655  2655 D TelephonyRegistry: notifyCellLocationForSubscriber: subId=0 cellLocation=Bundle[{}]
04-18 15:38:43.970  4232  4271 I chatty  : uid=1001(radio) Binder_2 expire 14 lines
04-18 15:38:44.700  4232  4711 I chatty  : uid=1001(radio) Binder_3 expire 11 lines
04-18 15:40:08.439  4232  4232 I chatty  : uid=1001(radio) com.android.phone expire 81 lines
04-18 15:41:41.316  7287  7287 E KPI-HomeScreen| : calls setScreenReady() | 232947
04-18 15:41:41.335  1960  2206 E KPI-BOOT|: Animation going to execute event: HIDE_ANIMATION at |232966 
04-18 15:41:41.542 11809 11873 E KPI-AUDIO|: CheckAndRegisterForEntertainmentService, Service is ready |233172 PID= 11809
04-18 15:41:42.168 11809 11871 E KPI-AUDIO|: AudioState before restored at|233799, PID=11809
04-18 15:41:42.205 11809 11871 E KPI-AUDIO|: AudioState call setupPlaybackForMode at|233836
04-18 15:41:42.279 11809 11871 E KPI-AUDIO|: AudioState return from restore at|233910,isRestoreSuccess=true, PID=11809
04-18 15:41:43.900  4164  4205 E KPI-BT| : Adapter enable  at|235531
04-18 15:41:49.921  2655  2655 D TelephonyRegistry: notifyCellLocationForSubscriber: subId=0 cellLocation=Bundle[{}]
04-18 15:42:36.828  4232  4232 I chatty  : uid=1001(radio) com.android.phone expire 31 lines
04-18 15:42:37.100 13955 13955 E KPI-HomeScreen| : calls setScreenReady() | 288731
04-18 15:42:37.111  1960  2206 E KPI-BOOT|: Animation going to execute event: HIDE_ANIMATION at |288742 
04-18 15:42:37.481 14546 14609 E KPI-AUDIO|: CheckAndRegisterForEntertainmentService, Service is ready |289111 PID= 14546
04-18 15:42:38.366 14546 14606 E KPI-AUDIO|: AudioState before restored at|289996, PID=14546
04-18 15:42:38.375 14546 14606 E KPI-AUDIO|: AudioState call setupPlaybackForMode at|290006
04-18 15:42:38.449 14546 14606 E KPI-AUDIO|: AudioState return from restore at|290080,isRestoreSuccess=true, PID=14546
04-18 15:42:39.617  4164  4205 E KPI-BT| : Adapter enable  at|291248
04-18 15:42:50.077  1960  2206 E KPI-BOOT|: Animation going to execute event: HIDE_ANIMATION at |301708 
04-18 15:42:50.657  2655  2655 D TelephonyRegistry: notifyCellLocationForSubscriber: subId=0 cellLocation=Bundle[{}]
04-18 15:42:50.822  4232  4270 I chatty  : uid=1001(radio) Binder_1 expire 5 lines
04-18 15:42:51.278  3277  3552 E KPI-AUDIO|: AudioState before restored at|302909, PID=3277
04-18 15:42:51.283  3277  3555 E KPI-AUDIO|: CheckAndRegisterForEntertainmentService, Service is ready |302914 PID= 3277
04-18 15:42:51.322  3277  3552 E KPI-AUDIO|: AudioState call setupPlaybackForMode at|302953
04-18 15:42:51.332  3277  3552 E KPI-AUDIO|: AudioState return from restore at|302963,isRestoreSuccess=true, PID=3277
04-18 15:42:51.682  4232  4711 I chatty  : uid=1001(radio) Binder_3 expire 13 lines
04-18 15:42:53.326  4164  4203 E KPI-BT| : Adapter enable  at|304957
04-18 15:43:03.818  4232  4232 I chatty  : uid=1001(radio) com.android.phone expire 187 lines
04-18 15:43:45.721  4232  4842 I chatty  : uid=1001(radio) Binder_4 expire 17 lines
04-18 15:44:39.491  4232  4270 I chatty  : uid=1001(radio) Binder_1 expire 12 lines
04-18 15:44:42.873  4232  4271 I chatty  : uid=1001(radio) Binder_2 expire 16 lines
04-18 15:48:06.980  2655  2655 D PhoneNumberUtils: subId:1, defaultCountryIso:US
04-18 15:48:06.980  2655  2655 D PhoneNumberUtils: slotId:0, emergencyNumbers: 
04-18 15:48:06.981  2655  2655 D PhoneNumberUtils: System property doesn't provide any emergency numbers. Use embedded logic for determining ones.
04-18 15:48:06.981  2655  2655 D PhoneNumberUtils: Active phone base from System table: 7
04-18 15:48:06.981  2655  2655 D PhoneNumberUtils: emergencyNumbers: 112,911,000,08,110,118,119,999,120,997,998,060,061,062,063,064,065,066,067,068,069,080,081,082,083,084,085,086,087,088,089
04-18 15:48:07.080  2655  2655 D PhoneNumberUtils: subId:1, defaultCountryIso:US
04-18 15:48:07.080  2655  2655 D PhoneNumberUtils: slotId:0, emergencyNumbers: 
04-18 15:48:07.081  2655  2655 D PhoneNumberUtils: System property doesn't provide any emergency numbers. Use embedded logic for determining ones.
04-18 15:48:07.081  2655  2655 D PhoneNumberUtils: Active phone base from System table: 7
04-18 15:48:07.081  2655  2655 D PhoneNumberUtils: emergencyNumbers: 112,911,000,08,110,118,119,999,120,997,998,060,061,062,063,064,065,066,067,068,069,080,081,082,083,084,085,086,087,088,089
04-18 15:48:07.109  2655  2655 D PhoneNumberUtils: subId:1, defaultCountryIso:US
04-18 15:48:07.110  2655  2655 D PhoneNumberUtils: slotId:0, emergencyNumbers: 
04-18 15:48:07.110  2655  2655 D PhoneNumberUtils: System property doesn't provide any emergency numbers. Use embedded logic for determining ones.
04-18 15:48:07.110  2655  2655 D PhoneNumberUtils: Active phone base from System table: 7
04-18 15:48:07.110  2655  2655 D PhoneNumberUtils: emergencyNumbers: 112,911,000,08,110,118,119,999,120,997,998,060,061,062,063,064,065,066,067,068,069,080,081,082,083,084,085,086,087,088,089
04-18 15:48:07.117  4232  4842 I chatty  : uid=1001(radio) Binder_4 expire 6 lines
04-18 15:48:07.173  4232  4270 I chatty  : uid=1001(radio) Binder_1 expire 1 line
04-18 15:48:07.497  4232  4711 I chatty  : uid=1001(radio) Binder_3 expire 31 lines
04-18 15:48:07.809  4232  4842 I chatty  : uid=1001(radio) Binder_4 expire 23 lines
04-18 15:48:10.008  4232  4271 I chatty  : uid=1001(radio) Binder_2 expire 20 lines
04-18 15:48:10.009  4232  4232 I chatty  : uid=1001(radio) com.android.phone expire 168 lines
04-18 15:48:49.476  3903  3903 I KPI-CAMERA|: CAMERA VIEW is ON at|661106
04-18 15:48:51.692  3903  3903 I KPI-CAMERA|: CAMERA VIEW is OFF at|663323
04-18 15:48:52.027  4232  4270 I chatty  : uid=1001(radio) Binder_1 expire 17 lines
04-18 15:49:10.774  2886  4775 E KPI-ONSTAR|: Advisor call dialed out by CSM at |682405
04-18 15:49:21.752  4232  4232 I chatty  : uid=1001(radio) com.android.phone expire 177 lines
04-18 15:49:22.576  2655  2655 D TelephonyRegistry: notifyCellLocationForSubscriber: subId=0 cellLocation=Bundle[{}]
04-18 15:49:22.590  4232  4711 I chatty  : uid=1001(radio) Binder_3 expire 21 lines
04-18 15:49:22.920 14546 14606 E KPI-AUDIO|: AudioState before restored at|694551, PID=14546
04-18 15:49:22.940 14546 14609 E KPI-AUDIO|: CheckAndRegisterForEntertainmentService, Service is ready |694571 PID= 14546
04-18 15:49:22.972 14546 14606 E KPI-AUDIO|: AudioState call setupPlaybackForMode at|694603
04-18 15:49:23.100 14546 14606 E KPI-AUDIO|: AudioState return from restore at|694731,isRestoreSuccess=true, PID=14546
04-18 15:49:23.103  4232  4271 I chatty  : uid=1001(radio) Binder_2 expire 21 lines
04-18 15:49:23.524  4232  4842 I chatty  : uid=1001(radio) Binder_4 expire 18 lines
04-18 15:49:25.300  4164  4205 E KPI-BT| : Adapter enable  at|696931
04-18 15:49:29.283  2655  2655 D TelephonyRegistry: notifyCellLocationForSubscriber: subId=0 cellLocation=Bundle[{}]
04-18 15:49:29.286  4232  4270 I chatty  : uid=1001(radio) Binder_1 expire 24 lines
04-18 15:49:29.625  3277  3552 E KPI-AUDIO|: AudioState before restored at|701256, PID=3277
04-18 15:49:29.636  3277  3555 E KPI-AUDIO|: CheckAndRegisterForEntertainmentService, Service is ready |701266 PID= 3277
04-18 15:49:29.684  3277  3552 E KPI-AUDIO|: AudioState call setupPlaybackForMode at|701315
04-18 15:49:29.706  3277  3552 E KPI-AUDIO|: AudioState return from restore at|701337,isRestoreSuccess=true, PID=3277
04-18 15:49:30.310  4164  4203 E KPI-BT| : Adapter enable  at|701940
04-18 15:49:34.390  4164  4203 E KPI-BT| : Adapter enable  at|706021
04-18 15:49:48.437  2886  4766 E KPI-ONSTAR|: Advisor call dialed out by CSM at |720067
04-18 15:50:04.664  4232  4232 I chatty  : uid=1001(radio) com.android.phone expire 48 lines
04-18 15:50:04.665  4232  4711 I chatty  : uid=1001(radio) Binder_3 expire 10 lines
04-18 15:50:05.640  4232  4842 I chatty  : uid=1001(radio) Binder_4 expire 17 lines
04-18 15:50:06.982  4232  4271 I chatty  : uid=1001(radio) Binder_2 expire 23 lines
04-18 15:50:14.401  2886  4775 E KPI-ONSTAR|: Advisor call dialed out by CSM at |746031
04-18 15:50:36.228  3903  3903 I KPI-CAMERA|: CAMERA VIEW is ON at|767859
04-18 15:50:38.476  3903  3903 I KPI-CAMERA|: CAMERA VIEW is OFF at|770106
04-18 15:50:43.585  2655  2655 D TelephonyRegistry: notifyCellLocationForSubscriber: subId=0 cellLocation=Bundle[{}]
04-18 15:50:43.593  4232  4711 I chatty  : uid=1001(radio) Binder_3 expire 6 lines
04-18 15:50:43.644  4232  4232 I chatty  : uid=1001(radio) com.android.phone expire 133 lines
04-18 15:50:44.246 26874 26911 E KPI-AUDIO|: CheckAndRegisterForEntertainmentService, Service is ready |775875 PID= 26874
04-18 15:50:44.726 26848 26848 E KPI-HomeScreen| : calls setScreenReady() | 776356
04-18 15:50:44.732  1960  2206 E KPI-BOOT|: Animation going to execute event: HIDE_ANIMATION at |776362 
04-18 15:50:45.477 26874 26910 E KPI-AUDIO|: AudioState call setupPlaybackForMode at|777108
04-18 15:50:45.663 26874 26910 E KPI-AUDIO|: AudioState return from restore at|777293,isRestoreSuccess=true, PID=26874
04-18 15:50:47.234 27379 27406 E KPI-BT| : Adapter enable  at|778864
04-18 15:51:40.158  4232  4270 I chatty  : uid=1001(radio) Binder_1 expire 24 lines
04-18 15:53:37.250  4232  4842 I chatty  : uid=1001(radio) Binder_4 expire 16 lines
04-18 15:53:37.259  4232  4232 I chatty  : uid=1001(radio) com.android.phone expire 195 lines
04-18 15:53:40.256  4232  4711 I chatty  : uid=1001(radio) Binder_3 expire 16 lines
04-18 15:53:46.255  4232  4271 I chatty  : uid=1001(radio) Binder_2 expire 28 lines
04-18 15:57:34.408  4232  4270 I chatty  : uid=1001(radio) Binder_1 expire 16 lines
04-18 15:57:34.409  4232  4232 I chatty  : uid=1001(radio) com.android.phone expire 195 lines
04-18 15:58:31.445  4232  4842 I chatty  : uid=1001(radio) Binder_4 expire 16 lines
04-18 15:58:37.276  4232  4711 I chatty  : uid=1001(radio) Binder_3 expire 28 lines
04-18 16:00:19.540  4232  4271 I chatty  : uid=1001(radio) Binder_2 expire 16 lines
04-18 16:00:19.546  4232  4232 I chatty  : uid=1001(radio) com.android.phone expire 195 lines
04-18 16:00:22.536  4232  4270 I chatty  : uid=1001(radio) Binder_1 expire 16 lines
04-18 16:00:37.541  4232  4842 I chatty  : uid=1001(radio) Binder_4 expire 28 lines
04-18 16:02:40.615  4232  4711 I chatty  : uid=1001(radio) Binder_3 expire 16 lines
04-18 16:02:40.617  4232  4232 I chatty  : uid=1001(radio) com.android.phone expire 195 lines
04-18 16:02:43.618  4232  4271 I chatty  : uid=1001(radio) Binder_2 expire 16 lines
04-18 16:02:46.617  4232  4270 I chatty  : uid=1001(radio) Binder_1 expire 28 lines
04-18 16:05:16.731  4232  4842 I chatty  : uid=1001(radio) Binder_4 expire 16 lines
04-18 16:05:16.737  4232  4232 I chatty  : uid=1001(radio) com.android.phone expire 195 lines
04-18 16:05:19.729  4232  4711 I chatty  : uid=1001(radio) Binder_3 expire 16 lines
04-18 16:05:40.652  4232  4271 I chatty  : uid=1001(radio) Binder_2 expire 28 lines
04-18 16:09:07.871  4232  4270 I chatty  : uid=1001(radio) Binder_1 expire 16 lines
04-18 16:09:07.877  4232  4232 I chatty  : uid=1001(radio) com.android.phone expire 195 lines
04-18 16:09:13.458  4232  4842 I chatty  : uid=1001(radio) Binder_4 expire 16 lines
04-18 16:09:19.877  4232  4711 I chatty  : uid=1001(radio) Binder_3 expire 28 lines
04-18 16:12:46.276  4232  4271 I chatty  : uid=1001(radio) Binder_2 expire 16 lines
04-18 16:12:46.278  4232  4232 I chatty  : uid=1001(radio) com.android.phone expire 195 lines
04-18 16:12:52.988  4232  4270 I chatty  : uid=1001(radio) Binder_1 expire 16 lines
04-18 16:12:59.167  4232  4842 I chatty  : uid=1001(radio) Binder_4 expire 28 lines
04-18 16:16:52.692  4232  4711 I chatty  : uid=1001(radio) Binder_3 expire 16 lines
04-18 16:16:52.696  4232  4232 I chatty  : uid=1001(radio) com.android.phone expire 195 lines
04-18 16:17:05.166  4232  4271 I chatty  : uid=1001(radio) Binder_2 expire 16 lines
04-18 16:17:08.169  4232  4270 I chatty  : uid=1001(radio) Binder_1 expire 28 lines
04-18 16:23:31.412  4232  4842 I chatty  : uid=1001(radio) Binder_4 expire 16 lines
04-18 16:23:31.418  4232  4232 I chatty  : uid=1001(radio) com.android.phone expire 195 lines
04-18 16:23:35.413  4232  4711 I chatty  : uid=1001(radio) Binder_3 expire 16 lines
04-18 16:23:49.333  4232  4271 I chatty  : uid=1001(radio) Binder_2 expire 16 lines
04-18 16:26:55.252  4232  4270 V OnStarCommands: onCellNetInfo: cellNetworkName:AT&T cellNetworkSignal:2 cellNetworkState:0 cellNetworkType: 7
04-18 16:26:55.252  4232  4270 D OnStarCommands: getSignalLevel: 2 -> 6
04-18 16:26:55.252  4232  4270 D OnStarCommands: getVoiceRegState: state = 1
04-18 16:26:55.252  4232  4270 D OnStarCommands: onCellNetInfo: No mVoiceNetworkStateRegistrants to notify
04-18 16:26:55.253  4232  4232 V OnStarServiceStateTracker: handleMessage: SIGNAL STRENGTH event = 12  current phone is not OnStar
04-18 16:26:55.253  4232  4232 V OnStarServiceStateTracker: handleMessage: EVENT_NETWORK_STATE_CHANGED: polling states...
04-18 16:26:55.253  4232  4232 V OnStarServiceStateTracker: pollState
04-18 16:26:55.253  4232  4232 D OnStarCommands: getVoiceRegState: state = 1
04-18 16:26:55.253  4232  4232 D OnStarCommands: getOperator: operatorName = AT&T
04-18 16:26:55.253  4232  4232 V OnStarServiceStateTracker: handleMessage: EVENT_POLL_STATE_REGISTRATION: processing...
04-18 16:26:55.253  4232  4232 D OnStarServiceStateTracker: handlePollStateResult: EVENT_POLL_STATE_REGISTRATION: regCode:1, serviceState:0
04-18 16:26:55.253  4232  4232 D PHONE   : [ServiceState] setVoiceRegState=0
04-18 16:26:55.253  4232  4232 V OnStarServiceStateTracker: handleMessage: EVENT_POLL_STATE_OPERATOR: processing...
04-18 16:26:55.253  4232  4232 D OnStarServiceStateTracker: handlePollStateResult: EVENT_POLL_STATE_OPERATOR: opNames[0]: 'AT&T' opNames[1]: '' opNames[2]: ''
04-18 16:26:55.254  4232  4232 D OnStarServiceStateTracker: pollStateDone: oldSS=[0 1 voice home data home AT&T   AT&T    Unknown Unknown CSS not supported -1 -1 RoamInd=-1 DefRoamInd=-1 EmergOnly=false IsDataRoamingFromRegistration=false] newSS=[0 1 voice home data home AT&T   AT&T    Unknown Unknown CSS not supported -1 -1 RoamInd=-1 DefRoamInd=-1 EmergOnly=false IsDataRoamingFromRegistration=false]
04-18 16:26:55.254  4232  4232 D PHONE   : [ServiceState] setNullState=1
04-18 16:26:55.254  4232  4232 D OnStarServiceStateTracker: pollStateDone: Current OutgoingPhone is not OnStar.
04-18 16:27:26.553  4232  4842 V OnStarCommands: onCellNetInfo: cellNetworkName:AT&T cellNetworkSignal:1 cellNetworkState:0 cellNetworkType: 7
04-18 16:27:26.553  4232  4842 D OnStarCommands: getSignalLevel: 1 -> 4
04-18 16:27:26.553  4232  4842 D OnStarCommands: getVoiceRegState: state = 1
04-18 16:27:26.553  4232  4842 D OnStarCommands: onCellNetInfo: No mVoiceNetworkStateRegistrants to notify
04-18 16:27:26.556  4232  4232 V OnStarServiceStateTracker: handleMessage: SIGNAL STRENGTH event = 12  current phone is not OnStar
04-18 16:27:26.556  4232  4232 V OnStarServiceStateTracker: handleMessage: EVENT_NETWORK_STATE_CHANGED: polling states...
04-18 16:27:26.556  4232  4232 V OnStarServiceStateTracker: pollState
04-18 16:27:26.556  4232  4232 D OnStarCommands: getVoiceRegState: state = 1
04-18 16:27:26.557  4232  4232 D OnStarCommands: getOperator: operatorName = AT&T
04-18 16:27:26.557  4232  4232 V OnStarServiceStateTracker: handleMessage: EVENT_POLL_STATE_REGISTRATION: processing...
04-18 16:27:26.557  4232  4232 D OnStarServiceStateTracker: handlePollStateResult: EVENT_POLL_STATE_REGISTRATION: regCode:1, serviceState:0
04-18 16:27:26.557  4232  4232 D PHONE   : [ServiceState] setVoiceRegState=0
04-18 16:27:26.557  4232  4232 V OnStarServiceStateTracker: handleMessage: EVENT_POLL_STATE_OPERATOR: processing...
04-18 16:27:26.557  4232  4232 D OnStarServiceStateTracker: handlePollStateResult: EVENT_POLL_STATE_OPERATOR: opNames[0]: 'AT&T' opNames[1]: '' opNames[2]: ''
04-18 16:27:26.558  4232  4232 D OnStarServiceStateTracker: pollStateDone: oldSS=[0 1 voice home data home AT&T   AT&T    Unknown Unknown CSS not supported -1 -1 RoamInd=-1 DefRoamInd=-1 EmergOnly=false IsDataRoamingFromRegistration=false] newSS=[0 1 voice home data home AT&T   AT&T    Unknown Unknown CSS not supported -1 -1 RoamInd=-1 DefRoamInd=-1 EmergOnly=false IsDataRoamingFromRegistration=false]
04-18 16:27:26.561  4232  4232 D PHONE   : [ServiceState] setNullState=1
04-18 16:27:26.565  4232  4232 D OnStarServiceStateTracker: pollStateDone: Current OutgoingPhone is not OnStar.
04-18 16:27:28.853  4232  4711 V OnStarCommands: onCellNetInfo: cellNetworkName:AT&T cellNetworkSignal:2 cellNetworkState:0 cellNetworkType: 7
04-18 16:27:28.853  4232  4711 D OnStarCommands: getSignalLevel: 2 -> 6
04-18 16:27:28.853  4232  4711 D OnStarCommands: getVoiceRegState: state = 1
04-18 16:27:28.853  4232  4711 D OnStarCommands: onCellNetInfo: No mVoiceNetworkStateRegistrants to notify
04-18 16:27:28.855  4232  4232 V OnStarServiceStateTracker: handleMessage: SIGNAL STRENGTH event = 12  current phone is not OnStar
04-18 16:27:28.855  4232  4232 V OnStarServiceStateTracker: handleMessage: EVENT_NETWORK_STATE_CHANGED: polling states...
04-18 16:27:28.855  4232  4232 V OnStarServiceStateTracker: pollState
04-18 16:27:28.855  4232  4232 D OnStarCommands: getVoiceRegState: state = 1
04-18 16:27:28.855  4232  4232 D OnStarCommands: getOperator: operatorName = AT&T
04-18 16:27:28.855  4232  4232 V OnStarServiceStateTracker: handleMessage: EVENT_POLL_STATE_REGISTRATION: processing...
04-18 16:27:28.855  4232  4232 D OnStarServiceStateTracker: handlePollStateResult: EVENT_POLL_STATE_REGISTRATION: regCode:1, serviceState:0
04-18 16:27:28.855  4232  4232 D PHONE   : [ServiceState] setVoiceRegState=0
04-18 16:27:28.855  4232  4232 V OnStarServiceStateTracker: handleMessage: EVENT_POLL_STATE_OPERATOR: processing...
04-18 16:27:28.855  4232  4232 D OnStarServiceStateTracker: handlePollStateResult: EVENT_POLL_STATE_OPERATOR: opNames[0]: 'AT&T' opNames[1]: '' opNames[2]: ''
04-18 16:27:28.856  4232  4232 D OnStarServiceStateTracker: pollStateDone: oldSS=[0 1 voice home data home AT&T   AT&T    Unknown Unknown CSS not supported -1 -1 RoamInd=-1 DefRoamInd=-1 EmergOnly=false IsDataRoamingFromRegistration=false] newSS=[0 1 voice home data home AT&T   AT&T    Unknown Unknown CSS not supported -1 -1 RoamInd=-1 DefRoamInd=-1 EmergOnly=false IsDataRoamingFromRegistration=false]
04-18 16:27:28.856  4232  4232 D PHONE   : [ServiceState] setNullState=1
04-18 16:27:28.864  4232  4232 D OnStarServiceStateTracker: pollStateDone: Current OutgoingPhone is not OnStar.
04-18 16:27:53.492  4232  4271 V OnStarCommands: onCellNetInfo: cellNetworkName:AT&T cellNetworkSignal:3 cellNetworkState:0 cellNetworkType: 7
04-18 16:27:53.492  4232  4271 D OnStarCommands: getSignalLevel: 3 -> 8
04-18 16:27:53.492  4232  4271 D OnStarCommands: getVoiceRegState: state = 1
04-18 16:27:53.492  4232  4271 D OnStarCommands: onCellNetInfo: No mVoiceNetworkStateRegistrants to notify
04-18 16:27:53.495  4232  4232 V OnStarServiceStateTracker: handleMessage: SIGNAL STRENGTH event = 12  current phone is not OnStar
04-18 16:27:53.495  4232  4232 V OnStarServiceStateTracker: handleMessage: EVENT_NETWORK_STATE_CHANGED: polling states...
04-18 16:27:53.495  4232  4232 V OnStarServiceStateTracker: pollState
04-18 16:27:53.495  4232  4232 D OnStarCommands: getVoiceRegState: state = 1
04-18 16:27:53.495  4232  4232 D OnStarCommands: getOperator: operatorName = AT&T
04-18 16:27:53.495  4232  4232 V OnStarServiceStateTracker: handleMessage: EVENT_POLL_STATE_REGISTRATION: processing...
04-18 16:27:53.495  4232  4232 D OnStarServiceStateTracker: handlePollStateResult: EVENT_POLL_STATE_REGISTRATION: regCode:1, serviceState:0
04-18 16:27:53.495  4232  4232 D PHONE   : [ServiceState] setVoiceRegState=0
04-18 16:27:53.495  4232  4232 V OnStarServiceStateTracker: handleMessage: EVENT_POLL_STATE_OPERATOR: processing...
04-18 16:27:53.495  4232  4232 D OnStarServiceStateTracker: handlePollStateResult: EVENT_POLL_STATE_OPERATOR: opNames[0]: 'AT&T' opNames[1]: '' opNames[2]: ''
04-18 16:27:53.496  4232  4232 D OnStarServiceStateTracker: pollStateDone: oldSS=[0 1 voice home data home AT&T   AT&T    Unknown Unknown CSS not supported -1 -1 RoamInd=-1 DefRoamInd=-1 EmergOnly=false IsDataRoamingFromRegistration=false] newSS=[0 1 voice home data home AT&T   AT&T    Unknown Unknown CSS not supported -1 -1 RoamInd=-1 DefRoamInd=-1 EmergOnly=false IsDataRoamingFromRegistration=false]
04-18 16:27:53.496  4232  4232 D PHONE   : [ServiceState] setNullState=1
04-18 16:27:53.497  4232  4232 D OnStarServiceStateTracker: pollStateDone: Current OutgoingPhone is not OnStar.
04-18 16:28:02.448  4232  4270 V OnStarCommands: onCellNetInfo: cellNetworkName:AT&T cellNetworkSignal:2 cellNetworkState:0 cellNetworkType: 7
04-18 16:28:02.448  4232  4270 D OnStarCommands: getSignalLevel: 2 -> 6
04-18 16:28:02.448  4232  4270 D OnStarCommands: getVoiceRegState: state = 1
04-18 16:28:02.448  4232  4270 D OnStarCommands: onCellNetInfo: No mVoiceNetworkStateRegistrants to notify
04-18 16:28:02.449  4232  4232 V OnStarServiceStateTracker: handleMessage: SIGNAL STRENGTH event = 12  current phone is not OnStar
04-18 16:28:02.449  4232  4232 V OnStarServiceStateTracker: handleMessage: EVENT_NETWORK_STATE_CHANGED: polling states...
04-18 16:28:02.449  4232  4232 V OnStarServiceStateTracker: pollState
04-18 16:28:02.449  4232  4232 D OnStarCommands: getVoiceRegState: state = 1
04-18 16:28:02.449  4232  4232 D OnStarCommands: getOperator: operatorName = AT&T
04-18 16:28:02.449  4232  4232 V OnStarServiceStateTracker: handleMessage: EVENT_POLL_STATE_REGISTRATION: processing...
04-18 16:28:02.449  4232  4232 D OnStarServiceStateTracker: handlePollStateResult: EVENT_POLL_STATE_REGISTRATION: regCode:1, serviceState:0
04-18 16:28:02.449  4232  4232 D PHONE   : [ServiceState] setVoiceRegState=0
04-18 16:28:02.449  4232  4232 V OnStarServiceStateTracker: handleMessage: EVENT_POLL_STATE_OPERATOR: processing...
04-18 16:28:02.449  4232  4232 D OnStarServiceStateTracker: handlePollStateResult: EVENT_POLL_STATE_OPERATOR: opNames[0]: 'AT&T' opNames[1]: '' opNames[2]: ''
04-18 16:28:02.451  4232  4232 D OnStarServiceStateTracker: pollStateDone: oldSS=[0 1 voice home data home AT&T   AT&T    Unknown Unknown CSS not supported -1 -1 RoamInd=-1 DefRoamInd=-1 EmergOnly=false IsDataRoamingFromRegistration=false] newSS=[0 1 voice home data home AT&T   AT&T    Unknown Unknown CSS not supported -1 -1 RoamInd=-1 DefRoamInd=-1 EmergOnly=false IsDataRoamingFromRegistration=false]
04-18 16:28:02.452  4232  4232 D PHONE   : [ServiceState] setNullState=1
04-18 16:28:02.453  4232  4232 D OnStarServiceStateTracker: pollStateDone: Current OutgoingPhone is not OnStar.
04-18 16:28:35.597  4232  4842 V OnStarCommands: onCellNetInfo: cellNetworkName:AT&T cellNetworkSignal:1 cellNetworkState:0 cellNetworkType: 7
04-18 16:28:35.597  4232  4842 D OnStarCommands: getSignalLevel: 1 -> 4
04-18 16:28:35.597  4232  4842 D OnStarCommands: getVoiceRegState: state = 1
04-18 16:28:35.597  4232  4842 D OnStarCommands: onCellNetInfo: No mVoiceNetworkStateRegistrants to notify
04-18 16:28:35.600  4232  4232 V OnStarServiceStateTracker: handleMessage: SIGNAL STRENGTH event = 12  current phone is not OnStar
04-18 16:28:35.600  4232  4232 V OnStarServiceStateTracker: handleMessage: EVENT_NETWORK_STATE_CHANGED: polling states...
04-18 16:28:35.600  4232  4232 V OnStarServiceStateTracker: pollState
04-18 16:28:35.601  4232  4232 D OnStarCommands: getVoiceRegState: state = 1
04-18 16:28:35.601  4232  4232 D OnStarCommands: getOperator: operatorName = AT&T
04-18 16:28:35.601  4232  4232 V OnStarServiceStateTracker: handleMessage: EVENT_POLL_STATE_REGISTRATION: processing...
04-18 16:28:35.601  4232  4232 D OnStarServiceStateTracker: handlePollStateResult: EVENT_POLL_STATE_REGISTRATION: regCode:1, serviceState:0
04-18 16:28:35.601  4232  4232 D PHONE   : [ServiceState] setVoiceRegState=0
04-18 16:28:35.601  4232  4232 V OnStarServiceStateTracker: handleMessage: EVENT_POLL_STATE_OPERATOR: processing...
04-18 16:28:35.601  4232  4232 D OnStarServiceStateTracker: handlePollStateResult: EVENT_POLL_STATE_OPERATOR: opNames[0]: 'AT&T' opNames[1]: '' opNames[2]: ''
04-18 16:28:35.608  4232  4232 D OnStarServiceStateTracker: pollStateDone: oldSS=[0 1 voice home data home AT&T   AT&T    Unknown Unknown CSS not supported -1 -1 RoamInd=-1 DefRoamInd=-1 EmergOnly=false IsDataRoamingFromRegistration=false] newSS=[0 1 voice home data home AT&T   AT&T    Unknown Unknown CSS not supported -1 -1 RoamInd=-1 DefRoamInd=-1 EmergOnly=false IsDataRoamingFromRegistration=false]
04-18 16:28:35.608  4232  4232 D PHONE   : [ServiceState] setNullState=1
04-18 16:28:35.608  4232  4232 D OnStarServiceStateTracker: pollStateDone: Current OutgoingPhone is not OnStar.
04-18 16:28:38.301  4232  4711 V OnStarCommands: onCellNetInfo: cellNetworkName:AT&T cellNetworkSignal:2 cellNetworkState:0 cellNetworkType: 7
04-18 16:28:38.301  4232  4711 D OnStarCommands: getSignalLevel: 2 -> 6
04-18 16:28:38.301  4232  4711 D OnStarCommands: getVoiceRegState: state = 1
04-18 16:28:38.301  4232  4711 D OnStarCommands: onCellNetInfo: No mVoiceNetworkStateRegistrants to notify
04-18 16:28:38.308  4232  4232 V OnStarServiceStateTracker: handleMessage: SIGNAL STRENGTH event = 12  current phone is not OnStar
04-18 16:28:38.308  4232  4232 V OnStarServiceStateTracker: handleMessage: EVENT_NETWORK_STATE_CHANGED: polling states...
04-18 16:28:38.308  4232  4232 V OnStarServiceStateTracker: pollState
04-18 16:28:38.308  4232  4232 D OnStarCommands: getVoiceRegState: state = 1
04-18 16:28:38.308  4232  4232 D OnStarCommands: getOperator: operatorName = AT&T
04-18 16:28:38.308  4232  4232 V OnStarServiceStateTracker: handleMessage: EVENT_POLL_STATE_REGISTRATION: processing...
04-18 16:28:38.308  4232  4232 D OnStarServiceStateTracker: handlePollStateResult: EVENT_POLL_STATE_REGISTRATION: regCode:1, serviceState:0
04-18 16:28:38.308  4232  4232 D PHONE   : [ServiceState] setVoiceRegState=0
04-18 16:28:38.308  4232  4232 V OnStarServiceStateTracker: handleMessage: EVENT_POLL_STATE_OPERATOR: processing...
04-18 16:28:38.308  4232  4232 D OnStarServiceStateTracker: handlePollStateResult: EVENT_POLL_STATE_OPERATOR: opNames[0]: 'AT&T' opNames[1]: '' opNames[2]: ''
04-18 16:28:38.310  4232  4232 D OnStarServiceStateTracker: pollStateDone: oldSS=[0 1 voice home data home AT&T   AT&T    Unknown Unknown CSS not supported -1 -1 RoamInd=-1 DefRoamInd=-1 EmergOnly=false IsDataRoamingFromRegistration=false] newSS=[0 1 voice home data home AT&T   AT&T    Unknown Unknown CSS not supported -1 -1 RoamInd=-1 DefRoamInd=-1 EmergOnly=false IsDataRoamingFromRegistration=false]
04-18 16:28:38.310  4232  4232 D PHONE   : [ServiceState] setNullState=1
04-18 16:28:38.313  4232  4232 D OnStarServiceStateTracker: pollStateDone: Current OutgoingPhone is not OnStar.
04-18 16:28:44.620  4232  4271 V OnStarCommands: onCellNetInfo: cellNetworkName:AT&T cellNetworkSignal:3 cellNetworkState:0 cellNetworkType: 7
04-18 16:28:44.620  4232  4271 D OnStarCommands: getSignalLevel: 3 -> 8
04-18 16:28:44.620  4232  4271 D OnStarCommands: getVoiceRegState: state = 1
04-18 16:28:44.620  4232  4271 D OnStarCommands: onCellNetInfo: No mVoiceNetworkStateRegistrants to notify
04-18 16:28:44.632  4232  4232 V OnStarServiceStateTracker: handleMessage: SIGNAL STRENGTH event = 12  current phone is not OnStar
04-18 16:28:44.632  4232  4232 V OnStarServiceStateTracker: handleMessage: EVENT_NETWORK_STATE_CHANGED: polling states...
04-18 16:28:44.632  4232  4232 V OnStarServiceStateTracker: pollState
04-18 16:28:44.632  4232  4232 D OnStarCommands: getVoiceRegState: state = 1
04-18 16:28:44.632  4232  4232 D OnStarCommands: getOperator: operatorName = AT&T
04-18 16:28:44.632  4232  4232 V OnStarServiceStateTracker: handleMessage: EVENT_POLL_STATE_REGISTRATION: processing...
04-18 16:28:44.632  4232  4232 D OnStarServiceStateTracker: handlePollStateResult: EVENT_POLL_STATE_REGISTRATION: regCode:1, serviceState:0
04-18 16:28:44.632  4232  4232 D PHONE   : [ServiceState] setVoiceRegState=0
04-18 16:28:44.632  4232  4232 V OnStarServiceStateTracker: handleMessage: EVENT_POLL_STATE_OPERATOR: processing...
04-18 16:28:44.632  4232  4232 D OnStarServiceStateTracker: handlePollStateResult: EVENT_POLL_STATE_OPERATOR: opNames[0]: 'AT&T' opNames[1]: '' opNames[2]: ''
04-18 16:28:44.636  4232  4232 D OnStarServiceStateTracker: pollStateDone: oldSS=[0 1 voice home data home AT&T   AT&T    Unknown Unknown CSS not supported -1 -1 RoamInd=-1 DefRoamInd=-1 EmergOnly=false IsDataRoamingFromRegistration=false] newSS=[0 1 voice home data home AT&T   AT&T    Unknown Unknown CSS not supported -1 -1 RoamInd=-1 DefRoamInd=-1 EmergOnly=false IsDataRoamingFromRegistration=false]
04-18 16:28:44.636  4232  4232 D PHONE   : [ServiceState] setNullState=1
04-18 16:28:44.636  4232  4232 D OnStarServiceStateTracker: pollStateDone: Current OutgoingPhone is not OnStar.
04-18 16:28:47.263  4232  4270 V OnStarCommands: onCellNetInfo: cellNetworkName:AT&T cellNetworkSignal:2 cellNetworkState:0 cellNetworkType: 7
04-18 16:28:47.264  4232  4270 D OnStarCommands: getSignalLevel: 2 -> 6
04-18 16:28:47.264  4232  4270 D OnStarCommands: getVoiceRegState: state = 1
04-18 16:28:47.264  4232  4270 D OnStarCommands: onCellNetInfo: No mVoiceNetworkStateRegistrants to notify
04-18 16:28:47.266  4232  4232 V OnStarServiceStateTracker: handleMessage: SIGNAL STRENGTH event = 12  current phone is not OnStar
04-18 16:28:47.267  4232  4232 V OnStarServiceStateTracker: handleMessage: EVENT_NETWORK_STATE_CHANGED: polling states...
04-18 16:28:47.267  4232  4232 V OnStarServiceStateTracker: pollState
04-18 16:28:47.267  4232  4232 D OnStarCommands: getVoiceRegState: state = 1
04-18 16:28:47.267  4232  4232 D OnStarCommands: getOperator: operatorName = AT&T
04-18 16:28:47.267  4232  4232 V OnStarServiceStateTracker: handleMessage: EVENT_POLL_STATE_REGISTRATION: processing...
04-18 16:28:47.267  4232  4232 D OnStarServiceStateTracker: handlePollStateResult: EVENT_POLL_STATE_REGISTRATION: regCode:1, serviceState:0
04-18 16:28:47.267  4232  4232 D PHONE   : [ServiceState] setVoiceRegState=0
04-18 16:28:47.267  4232  4232 V OnStarServiceStateTracker: handleMessage: EVENT_POLL_STATE_OPERATOR: processing...
04-18 16:28:47.267  4232  4232 D OnStarServiceStateTracker: handlePollStateResult: EVENT_POLL_STATE_OPERATOR: opNames[0]: 'AT&T' opNames[1]: '' opNames[2]: ''
04-18 16:28:47.268  4232  4232 D OnStarServiceStateTracker: pollStateDone: oldSS=[0 1 voice home data home AT&T   AT&T    Unknown Unknown CSS not supported -1 -1 RoamInd=-1 DefRoamInd=-1 EmergOnly=false IsDataRoamingFromRegistration=false] newSS=[0 1 voice home data home AT&T   AT&T    Unknown Unknown CSS not supported -1 -1 RoamInd=-1 DefRoamInd=-1 EmergOnly=false IsDataRoamingFromRegistration=false]
04-18 16:28:47.268  4232  4232 D PHONE   : [ServiceState] setNullState=1
04-18 16:28:47.270  4232  4232 D OnStarServiceStateTracker: pollStateDone: Current OutgoingPhone is not OnStar.
04-18 16:28:56.226  4232  4842 V OnStarCommands: onCellNetInfo: cellNetworkName:AT&T cellNetworkSignal:1 cellNetworkState:0 cellNetworkType: 7
04-18 16:28:56.226  4232  4842 D OnStarCommands: getSignalLevel: 1 -> 4
04-18 16:28:56.226  4232  4842 D OnStarCommands: getVoiceRegState: state = 1
04-18 16:28:56.226  4232  4842 D OnStarCommands: onCellNetInfo: No mVoiceNetworkStateRegistrants to notify
04-18 16:28:56.227  4232  4232 V OnStarServiceStateTracker: handleMessage: SIGNAL STRENGTH event = 12  current phone is not OnStar
04-18 16:28:56.227  4232  4232 V OnStarServiceStateTracker: handleMessage: EVENT_NETWORK_STATE_CHANGED: polling states...
04-18 16:28:56.227  4232  4232 V OnStarServiceStateTracker: pollState
04-18 16:28:56.227  4232  4232 D OnStarCommands: getVoiceRegState: state = 1
04-18 16:28:56.227  4232  4232 D OnStarCommands: getOperator: operatorName = AT&T
04-18 16:28:56.227  4232  4232 V OnStarServiceStateTracker: handleMessage: EVENT_POLL_STATE_REGISTRATION: processing...
04-18 16:28:56.228  4232  4232 D OnStarServiceStateTracker: handlePollStateResult: EVENT_POLL_STATE_REGISTRATION: regCode:1, serviceState:0
04-18 16:28:56.228  4232  4232 D PHONE   : [ServiceState] setVoiceRegState=0
04-18 16:28:56.228  4232  4232 V OnStarServiceStateTracker: handleMessage: EVENT_POLL_STATE_OPERATOR: processing...
04-18 16:28:56.228  4232  4232 D OnStarServiceStateTracker: handlePollStateResult: EVENT_POLL_STATE_OPERATOR: opNames[0]: 'AT&T' opNames[1]: '' opNames[2]: ''
04-18 16:28:56.229  4232  4232 D OnStarServiceStateTracker: pollStateDone: oldSS=[0 1 voice home data home AT&T   AT&T    Unknown Unknown CSS not supported -1 -1 RoamInd=-1 DefRoamInd=-1 EmergOnly=false IsDataRoamingFromRegistration=false] newSS=[0 1 voice home data home AT&T   AT&T    Unknown Unknown CSS not supported -1 -1 RoamInd=-1 DefRoamInd=-1 EmergOnly=false IsDataRoamingFromRegistration=false]
04-18 16:28:56.229  4232  4232 D PHONE   : [ServiceState] setNullState=1
04-18 16:28:56.229  4232  4232 D OnStarServiceStateTracker: pollStateDone: Current OutgoingPhone is not OnStar.
04-18 16:28:58.456  4232  4711 V OnStarCommands: onCellNetInfo: cellNetworkName:AT&T cellNetworkSignal:2 cellNetworkState:0 cellNetworkType: 7
04-18 16:28:58.456  4232  4711 D OnStarCommands: getSignalLevel: 2 -> 6
04-18 16:28:58.456  4232  4711 D OnStarCommands: getVoiceRegState: state = 1
04-18 16:28:58.456  4232  4711 D OnStarCommands: onCellNetInfo: No mVoiceNetworkStateRegistrants to notify
04-18 16:28:58.459  4232  4232 V OnStarServiceStateTracker: handleMessage: SIGNAL STRENGTH event = 12  current phone is not OnStar
04-18 16:28:58.459  4232  4232 V OnStarServiceStateTracker: handleMessage: EVENT_NETWORK_STATE_CHANGED: polling states...
04-18 16:28:58.459  4232  4232 V OnStarServiceStateTracker: pollState
04-18 16:28:58.459  4232  4232 D OnStarCommands: getVoiceRegState: state = 1
04-18 16:28:58.459  4232  4232 D OnStarCommands: getOperator: operatorName = AT&T
04-18 16:28:58.459  4232  4232 V OnStarServiceStateTracker: handleMessage: EVENT_POLL_STATE_REGISTRATION: processing...
04-18 16:28:58.459  4232  4232 D OnStarServiceStateTracker: handlePollStateResult: EVENT_POLL_STATE_REGISTRATION: regCode:1, serviceState:0
04-18 16:28:58.459  4232  4232 D PHONE   : [ServiceState] setVoiceRegState=0
04-18 16:28:58.459  4232  4232 V OnStarServiceStateTracker: handleMessage: EVENT_POLL_STATE_OPERATOR: processing...
04-18 16:28:58.459  4232  4232 D OnStarServiceStateTracker: handlePollStateResult: EVENT_POLL_STATE_OPERATOR: opNames[0]: 'AT&T' opNames[1]: '' opNames[2]: ''
04-18 16:28:58.460  4232  4232 D OnStarServiceStateTracker: pollStateDone: oldSS=[0 1 voice home data home AT&T   AT&T    Unknown Unknown CSS not supported -1 -1 RoamInd=-1 DefRoamInd=-1 EmergOnly=false IsDataRoamingFromRegistration=false] newSS=[0 1 voice home data home AT&T   AT&T    Unknown Unknown CSS not supported -1 -1 RoamInd=-1 DefRoamInd=-1 EmergOnly=false IsDataRoamingFromRegistration=false]
04-18 16:28:58.460  4232  4232 D PHONE   : [ServiceState] setNullState=1
04-18 16:28:58.462  4232  4232 D OnStarServiceStateTracker: pollStateDone: Current OutgoingPhone is not OnStar.
04-18 16:30:02.644  4232  4271 V OnStarCommands: onCellNetInfo: cellNetworkName:AT&T cellNetworkSignal:1 cellNetworkState:0 cellNetworkType: 7
04-18 16:30:02.644  4232  4271 D OnStarCommands: getSignalLevel: 1 -> 4
04-18 16:30:02.644  4232  4271 D OnStarCommands: getVoiceRegState: state = 1
04-18 16:30:02.644  4232  4271 D OnStarCommands: onCellNetInfo: No mVoiceNetworkStateRegistrants to notify
04-18 16:30:02.647  4232  4232 V OnStarServiceStateTracker: handleMessage: SIGNAL STRENGTH event = 12  current phone is not OnStar
04-18 16:30:02.647  4232  4232 V OnStarServiceStateTracker: handleMessage: EVENT_NETWORK_STATE_CHANGED: polling states...
04-18 16:30:02.647  4232  4232 V OnStarServiceStateTracker: pollState
04-18 16:30:02.647  4232  4232 D OnStarCommands: getVoiceRegState: state = 1
04-18 16:30:02.647  4232  4232 D OnStarCommands: getOperator: operatorName = AT&T
04-18 16:30:02.647  4232  4232 V OnStarServiceStateTracker: handleMessage: EVENT_POLL_STATE_REGISTRATION: processing...
04-18 16:30:02.647  4232  4232 D OnStarServiceStateTracker: handlePollStateResult: EVENT_POLL_STATE_REGISTRATION: regCode:1, serviceState:0
04-18 16:30:02.648  4232  4232 D PHONE   : [ServiceState] setVoiceRegState=0
04-18 16:30:02.648  4232  4232 V OnStarServiceStateTracker: handleMessage: EVENT_POLL_STATE_OPERATOR: processing...
04-18 16:30:02.648  4232  4232 D OnStarServiceStateTracker: handlePollStateResult: EVENT_POLL_STATE_OPERATOR: opNames[0]: 'AT&T' opNames[1]: '' opNames[2]: ''
04-18 16:30:02.649  4232  4232 D OnStarServiceStateTracker: pollStateDone: oldSS=[0 1 voice home data home AT&T   AT&T    Unknown Unknown CSS not supported -1 -1 RoamInd=-1 DefRoamInd=-1 EmergOnly=false IsDataRoamingFromRegistration=false] newSS=[0 1 voice home data home AT&T   AT&T    Unknown Unknown CSS not supported -1 -1 RoamInd=-1 DefRoamInd=-1 EmergOnly=false IsDataRoamingFromRegistration=false]
04-18 16:30:02.649  4232  4232 D PHONE   : [ServiceState] setNullState=1
04-18 16:30:02.656  4232  4232 D OnStarServiceStateTracker: pollStateDone: Current OutgoingPhone is not OnStar.
04-18 16:30:05.641  4232  4270 V OnStarCommands: onCellNetInfo: cellNetworkName:AT&T cellNetworkSignal:2 cellNetworkState:0 cellNetworkType: 7
04-18 16:30:05.641  4232  4270 D OnStarCommands: getSignalLevel: 2 -> 6
04-18 16:30:05.641  4232  4270 D OnStarCommands: getVoiceRegState: state = 1
04-18 16:30:05.641  4232  4270 D OnStarCommands: onCellNetInfo: No mVoiceNetworkStateRegistrants to notify
04-18 16:30:05.646  4232  4232 V OnStarServiceStateTracker: handleMessage: SIGNAL STRENGTH event = 12  current phone is not OnStar
04-18 16:30:05.646  4232  4232 V OnStarServiceStateTracker: handleMessage: EVENT_NETWORK_STATE_CHANGED: polling states...
04-18 16:30:05.646  4232  4232 V OnStarServiceStateTracker: pollState
04-18 16:30:05.646  4232  4232 D OnStarCommands: getVoiceRegState: state = 1
04-18 16:30:05.646  4232  4232 D OnStarCommands: getOperator: operatorName = AT&T
04-18 16:30:05.646  4232  4232 V OnStarServiceStateTracker: handleMessage: EVENT_POLL_STATE_REGISTRATION: processing...
04-18 16:30:05.646  4232  4232 D OnStarServiceStateTracker: handlePollStateResult: EVENT_POLL_STATE_REGISTRATION: regCode:1, serviceState:0
04-18 16:30:05.646  4232  4232 D PHONE   : [ServiceState] setVoiceRegState=0
04-18 16:30:05.646  4232  4232 V OnStarServiceStateTracker: handleMessage: EVENT_POLL_STATE_OPERATOR: processing...
04-18 16:30:05.646  4232  4232 D OnStarServiceStateTracker: handlePollStateResult: EVENT_POLL_STATE_OPERATOR: opNames[0]: 'AT&T' opNames[1]: '' opNames[2]: ''
04-18 16:30:05.649  4232  4232 D OnStarServiceStateTracker: pollStateDone: oldSS=[0 1 voice home data home AT&T   AT&T    Unknown Unknown CSS not supported -1 -1 RoamInd=-1 DefRoamInd=-1 EmergOnly=false IsDataRoamingFromRegistration=false] newSS=[0 1 voice home data home AT&T   AT&T    Unknown Unknown CSS not supported -1 -1 RoamInd=-1 DefRoamInd=-1 EmergOnly=false IsDataRoamingFromRegistration=false]
04-18 16:30:05.649  4232  4232 D PHONE   : [ServiceState] setNullState=1
04-18 16:30:05.655  4232  4232 D OnStarServiceStateTracker: pollStateDone: Current OutgoingPhone is not OnStar.
04-18 16:30:47.676  4232  4842 V OnStarCommands: onCellNetInfo: cellNetworkName:AT&T cellNetworkSignal:1 cellNetworkState:0 cellNetworkType: 7
04-18 16:30:47.676  4232  4842 D OnStarCommands: getSignalLevel: 1 -> 4
04-18 16:30:47.676  4232  4842 D OnStarCommands: getVoiceRegState: state = 1
04-18 16:30:47.676  4232  4842 D OnStarCommands: onCellNetInfo: No mVoiceNetworkStateRegistrants to notify
04-18 16:30:47.677  4232  4232 V OnStarServiceStateTracker: handleMessage: SIGNAL STRENGTH event = 12  current phone is not OnStar
04-18 16:30:47.678  4232  4232 V OnStarServiceStateTracker: handleMessage: EVENT_NETWORK_STATE_CHANGED: polling states...
04-18 16:30:47.678  4232  4232 V OnStarServiceStateTracker: pollState
04-18 16:30:47.678  4232  4232 D OnStarCommands: getVoiceRegState: state = 1
04-18 16:30:47.678  4232  4232 D OnStarCommands: getOperator: operatorName = AT&T
04-18 16:30:47.678  4232  4232 V OnStarServiceStateTracker: handleMessage: EVENT_POLL_STATE_REGISTRATION: processing...
04-18 16:30:47.678  4232  4232 D OnStarServiceStateTracker: handlePollStateResult: EVENT_POLL_STATE_REGISTRATION: regCode:1, serviceState:0
04-18 16:30:47.678  4232  4232 D PHONE   : [ServiceState] setVoiceRegState=0
04-18 16:30:47.678  4232  4232 V OnStarServiceStateTracker: handleMessage: EVENT_POLL_STATE_OPERATOR: processing...
04-18 16:30:47.678  4232  4232 D OnStarServiceStateTracker: handlePollStateResult: EVENT_POLL_STATE_OPERATOR: opNames[0]: 'AT&T' opNames[1]: '' opNames[2]: ''
04-18 16:30:47.679  4232  4232 D OnStarServiceStateTracker: pollStateDone: oldSS=[0 1 voice home data home AT&T   AT&T    Unknown Unknown CSS not supported -1 -1 RoamInd=-1 DefRoamInd=-1 EmergOnly=false IsDataRoamingFromRegistration=false] newSS=[0 1 voice home data home AT&T   AT&T    Unknown Unknown CSS not supported -1 -1 RoamInd=-1 DefRoamInd=-1 EmergOnly=false IsDataRoamingFromRegistration=false]
04-18 16:30:47.679  4232  4232 D PHONE   : [ServiceState] setNullState=1
04-18 16:30:47.679  4232  4232 D OnStarServiceStateTracker: pollStateDone: Current OutgoingPhone is not OnStar.
04-18 16:30:50.463  4232  4711 V OnStarCommands: onCellNetInfo: cellNetworkName:AT&T cellNetworkSignal:2 cellNetworkState:0 cellNetworkType: 7
04-18 16:30:50.463  4232  4711 D OnStarCommands: getSignalLevel: 2 -> 6
