04-21 12:49:19.137  2329  2329 D ethctrlmgr: 00 
04-21 12:49:19.137  2329  2329 D ethctrlmgr: 00 
04-21 12:49:19.137  2329  2329 D ethctrlmgr: data len to send over IPC is:17
04-21 12:49:19.137  2329  2329 D ethctrlmgr: executeSwitchCmd:sent cmd req 17 bytes
04-21 12:49:19.137  2329  2329 D ethctrlmgr: executeSwitchCmd() diag command waiting for response from server 
04-21 12:49:19.139  2329  2365 V ethctrlmgr: readDataFromIocIpc():data avlbl from ioc ipc
04-21 12:49:19.139  2329  2365 D ethctrlmgr: readDataFromIocIpc():read data from IOC IPC
04-21 12:49:19.139  2329  2365 D ethctrlmgr: readDataFromIocIpc spawned. Waiting to read data
04-21 12:49:19.139  2329  2329 D ethctrlmgr:  executeSwitchCmd(): pthread_cond_timedwait Ret Val = 0  
04-21 12:49:19.139  2329  2329 D ethctrlmgr: executeSwitchCmd(): response available for requested command 
04-21 12:49:19.139  2329  2329 V ethctrlmgr: executeSwitchCmd:completion time:1.790419 msec 
04-21 12:49:19.139  2329  2329 D ethctrlmgr: readBcmRaw(): SPI read command execution successful
04-21 12:49:19.139  2329  2329 D ethctrlmgr: SPI Read Bytes:
04-21 12:49:19.139  2329  2329 D ethctrlmgr: ff 
04-21 12:49:19.139  2329  2329 D ethctrlmgr: ff 
04-21 12:49:19.139  2329  2329 D ethctrlmgr: ff 
04-21 12:49:19.139  2329  2329 D ethctrlmgr: ff 
04-21 12:49:19.139  2329  2329 D ethctrlmgr: ff 
04-21 12:49:19.139  2329  2329 D ethctrlmgr: 00 
04-21 12:49:19.139  2329  2329 D ethctrlmgr: 00 
04-21 12:49:19.139  2329  2329 D ethctrlmgr: 00 
04-21 12:49:19.139  2329  2329 D ethctrlmgr: 74 
04-21 12:49:19.139  2329  2329 D ethctrlmgr: 00 
04-21 12:49:19.139  2329  2329 D ethctrlmgr: 00 
04-21 12:49:19.139  2329  2329 D ethctrlmgr: 00 
04-21 12:49:19.139  2329  2329 D ethctrlmgr: 00 
04-21 12:49:19.139  2329  2329 D ethctrlmgr: 00 
04-21 12:49:19.139  2329  2329 D ethctrlmgr: 00
04-21 12:49:19.139  2329  2329 D ethctrlmgr: SPI read cmd in hex:0x
04-21 12:49:19.139  2329  2329 D ethctrlmgr: 05 
04-21 12:49:19.139  2329  2329 D ethctrlmgr: 09 
04-21 12:49:19.139  2329  2329 D ethctrlmgr: 8f 
04-21 12:49:19.139  2329  2329 D ethctrlmgr: 25 
04-21 12:49:19.139  2329  2329 D ethctrlmgr: 4c 
04-21 12:49:19.139  2329  2329 D ethctrlmgr: 00 
04-21 12:49:19.139  2329  2329 D ethctrlmgr: 00 
04-21 12:49:19.139  2329  2329 D ethctrlmgr: 00 
04-21 12:49:19.139  2329  2329 D ethctrlmgr: 00 
04-21 12:49:19.140  2329  2329 D ethctrlmgr: data len to send over IPC is:17
04-21 12:49:19.140  2329  2329 D ethctrlmgr: executeSwitchCmd:sent cmd req 17 bytes
04-21 12:49:19.140  2329  2329 D ethctrlmgr: executeSwitchCmd() diag command waiting for response from server 
04-21 12:49:19.142  2329  2365 V ethctrlmgr: readDataFromIocIpc():data avlbl from ioc ipc
04-21 12:49:19.142  2329  2365 D ethctrlmgr: readDataFromIocIpc():read data from IOC IPC
04-21 12:49:19.142  2329  2365 D ethctrlmgr: readDataFromIocIpc spawned. Waiting to read data
04-21 12:49:19.142  2329  2329 D ethctrlmgr:  executeSwitchCmd(): pthread_cond_timedwait Ret Val = 0  
04-21 12:49:19.142  2329  2329 D ethctrlmgr: executeSwitchCmd(): response available for requested command 
04-21 12:49:19.142  2329  2329 V ethctrlmgr: executeSwitchCmd:completion time:2.678077 msec 
04-21 12:49:19.142  2329  2329 D ethctrlmgr: readBcmRaw(): SPI read command execution successful
04-21 12:49:19.142  2329  2329 D ethctrlmgr: SPI Read Bytes:
04-21 12:49:19.142  2329  2329 D ethctrlmgr: ff 
04-21 12:49:19.142  2329  2329 D ethctrlmgr: ff 
04-21 12:49:19.142  2329  2329 D ethctrlmgr: ff 
04-21 12:49:19.142  2329  2329 D ethctrlmgr: ff 
04-21 12:49:19.142  2329  2329 D ethctrlmgr: ff 
04-21 12:49:19.142  2329  2329 D ethctrlmgr: 00 
04-21 12:49:19.142  2329  2329 D ethctrlmgr: 00 
04-21 12:49:19.142  2329  2329 D ethctrlmgr: 00 
04-21 12:49:19.142  2329  2329 D ethctrlmgr: 03 
04-21 12:49:19.142  2329  2329 D ethctrlmgr: 00 
04-21 12:49:19.142  2329  2329 D ethctrlmgr: 00 
04-21 12:49:19.142  2329  2329 D ethctrlmgr: 00 
04-21 12:49:19.142  2329  2329 D ethctrlmgr: 00 
04-21 12:49:19.142  2329  2329 D ethctrlmgr: 00 
04-21 12:49:19.142  2329  2329 D ethctrlmgr: 00
04-21 12:49:19.142  2329  2329 D ethctrlmgr: port=2 expC C0=2004 C1=2222 C2=00f6 C3=0072 C4=0003 C5=0074 C6=0003
04-21 12:49:19.150  2545  2545 I VAS/HandsfreeBSDGen: IsCalUpdated() isCalUpdated 0, lastStoredCount 15, calUpdateCount 15
04-21 12:49:19.154  1974  2188 E vehicle_abstraction: CODIDynamicDataGroup::processRxGroupSignal ODI data (dataID = 52) not mapped (fucID = 7) 
04-21 12:49:19.168  2545  2545 I VAS/HandsfreeBSDGen: WriteCalUpdateCount() calupdate count from CalSvc: 15
04-21 12:49:19.168  2545  2545 I VAS/HandsfreeBSDGen: AddHandsfreeListener() BSD listener added to calibration
04-21 12:49:19.168  1983  1983 W CalSvcd_B:  ListenerManager.cpp(88): listener-id(com.gm.calibration.callback.bsdgen)  not exist!
04-21 12:49:19.168  1983  1983 I CalSvcd_B:  ListenerManager.cpp(121): added listener for com.gm.calibration.callback.bsdgen
04-21 12:49:19.170  2545  2545 I VAS/AudioDriverInterface: setVolume() sinkType 1, volDb -127.00
04-21 12:49:19.170  2545  2545 I VAS/ExternalAmpIface: update() attrName MtxSnkLvl, rawValue -127.00
04-21 12:49:19.171  2545  2545 I VAS/AudioDriverInterface: setVolume() sinkType 2, volDb -127.00
04-21 12:49:19.171  2545  2545 I VAS/ExternalAmpIface: update() attrName MxPrmtSnkLvl, rawValue -127.00
04-21 12:49:19.171  2545  2545 I VAS/AudioDriverInterface: setVolume() sinkType 3, volDb -22.00
04-21 12:49:19.171  2355  2355 I pal/stdout: ..loading channel library "libdragondrivecommonservice.so" for "DragonDriveCommonService" ...ok
04-21 12:49:19.171  2545  2545 I VAS/ExternalAmpIface: update() attrName AudFdbkSnkLvl, rawValue -22.00
04-21 12:49:19.171  2545  2545 I VAS/AudioDriverInterface: setVolume() sinkType 4, volDb -35.00
04-21 12:49:19.171  2545  2545 I VAS/ExternalAmpIface: update() attrName ChimSnkLvl, rawValue -35.00
04-21 12:49:19.171  2545  2545 E pal_vehicle: [VDATA:VEHICLE_CLIENT] setVehicleServiceData:[pal_vehicle_client.cpp:613] Error, Binder Service is not connected
04-21 12:49:19.171  2545  2545 E pal_vehicle: [VDATA:VEHICLE_COMMON] pal_vdata_set_signal_value:[pal_vehicle_data.cpp:310] Error, Set data sig=4072 AMPLIFIER_SETTINGS_TONE_CONTROL
04-21 12:49:19.172  2545  2545 E pal_vehicle: [VDATA:VEHICLE_COMMON] convert_result:[pal_vehicle_data.cpp:113] API: set_amplifier_settings_tone_control FAILED pal_vdata_convert_result() is 6
04-21 12:49:19.172  2545  2545 E pal_vehicle: [VDATA:VEHICLE_CLIENT] setVehicleServiceData:[pal_vehicle_client.cpp:613] Error, Binder Service is not connected
04-21 12:49:19.172  2545  2545 E pal_vehicle: [VDATA:VEHICLE_COMMON] pal_vdata_set_signal_value:[pal_vehicle_data.cpp:310] Error, Set data sig=4071 AMPLIFIER_SETTINGS_SINK_LEVEL_CONTROL
04-21 12:49:19.172  2545  2545 E pal_vehicle: [VDATA:VEHICLE_COMMON] convert_result:[pal_vehicle_data.cpp:113] API: set_amplifier_settings_sink_level_control FAILED pal_vdata_convert_result() is 6
04-21 12:49:19.172  2545  2545 I VAS/AudioCtrlSvcImpl: updateChimeVolume() Set Chime Volume Step: 20 from property persist.sys.chime.volume
04-21 12:49:19.172  2545  2545 I VAS/AudioCtrlSvcImpl: connectVehicleBus() entry
04-21 12:49:19.172  2545  2545 I KPI     : PAL_VEHICLE_CLIENT_INIT_START
04-21 12:49:19.173  1974  2188 E vehicle_abstraction: CODIDynamicDataGroup::processRxGroupSignal ODI data (dataID = 53) not mapped (fucID = 7) 
04-21 12:49:19.174  2545  2545 I KPI     : PAL_VEHICLE_CLIENT_INIT_READY
04-21 12:49:19.181  2545  2545 I VAS/AudioCtrlSvcImpl: connectVehicleBus() Registered speed changed callback
04-21 12:49:19.182  2545  2647 I VAS/AudioCtrlSvcImpl: vehicleSpeedChangeProc() Thread Started
04-21 12:49:19.182  2545  2545 I VAS/AudioCtrlSvcImpl: updateAudioCueVolume() entry
04-21 12:49:19.183  2545  2545 I VAS/AudioCtrlSvcImpl: updateAudioCueVolume() Set CUE_VOL 22
04-21 12:49:19.184  1985  2176 I [PLSS]PMSvc: animation already ready, so report animation ready
04-21 12:49:19.184  1985  2176 E BOOT-TIME|:  Send Anim Ready at |5690 
04-21 12:49:19.184  1985  2176 I KPI     : PAL_PM_ANIMATION_READY
04-21 12:49:19.184  2545  2545 I VAS/AudioCtrlSvcImpl: updateAudioCueVolume() ReportAudioCueReady sent to PowerManager, return 0
04-21 12:49:19.184  2545  2545 I VAS/AudioCtrlSvcImpl: updateAudioCueVolume() Setting property veh.audioservice.audiocueready
04-21 12:49:19.184  2545  2545 I VAS/AudioCtrlSvcImpl: CAudioCtrlSvcImpl() VehicleAudioService initialized at 6
04-21 12:49:19.184  2545  2545 D BOOT-TIME|:  VehicleAudioService initialized at 5691
04-21 12:49:19.184  2332  2332 D CoLibry : application TunerApp started (watchdog is enabled)
04-21 12:49:19.185  2545  2647 I VAS/AudioCtrlSvcImpl: handleVehicleSpeedChange() entry
04-21 12:49:19.187  1985  2170 I [PLSS]PMClients: [AnimClient] Show animation: 3
04-21 12:49:19.187  1985  2170 I [PLSS]PMSvc: Play Anim
04-21 12:49:19.187  1968  2301 D AnimEngine: AnimEngine - animation state change - 3 (@0x7f1ac39e9000)
04-21 12:49:19.187  1968  2301 D AnimEngine: |OnSystemStateChange| event is : 2
04-21 12:49:19.187  1968  2301 D AnimEngine: |EVENT-Q|
04-21 12:49:19.187  1985  2170 I [PLSS]PMSvc: System state change: 2
04-21 12:49:19.187  1968  2302 D AnimEngine: |EVENT-Q| Popped event : 2
04-21 12:49:19.187  1968  2302 W AnimEngine: Animation thread coming out of wait
04-21 12:49:19.187  1968  2302 W AnimEngine: Animation going to execute event: SHOW_STARTUP_ANIM at 5693
--------- beginning of kpi
04-21 12:49:19.187  1968  2302 E KPI-BOOT|: Animation going to execute event: SHOW_STARTUP_ANIM at |5693 
04-21 12:49:19.187  1968  2302 D AnimEngine: try to stop video firstly
04-21 12:49:19.187  1968  2302 I AnimEngine: Animation Type is 2
04-21 12:49:19.187  1968  2302 D AnimEngine: Image Still Animation
04-21 12:49:19.187  1968  2302 D AnimEngine: Black Animation Window
04-21 12:49:19.195  1968  2303 D AnimEngine: got VAS!
04-21 12:49:19.195  1968  2303 D AnimEngine: try to get media.player!
04-21 12:49:19.195  1968  2303 D AnimEngine: got media.player service
04-21 12:49:19.195  1968  2303 D BOOT-TIME|:  AnimEngine: media player ready at |5701 
04-21 12:49:19.196  1968  2302 D AnimEngine: Showing Animation Window
04-21 12:49:19.196  1968  2302 D AnimEngine: [AnimThread] : Anim width=1280 height=768
04-21 12:49:19.196  1968  2302 D AnimEngine: [AnimThread] : xc=0 yc=0
04-21 12:49:19.199  2332  2332 D CoLibry : starting startup sequence
04-21 12:49:19.199  2332  2332 D CoLibry : starting watchdog thread
04-21 12:49:19.199  2332  2332 D CoLibry : initializing trace environment
04-21 12:49:19.212  2332  2650 D CoLibry : Binary persistence for 'TunerApp' is empty. Expected 2795 scopes.
04-21 12:49:19.221  2196  2272 I lvds_device: setAuxBrightness MSB :0x12 LSB: 0x7c
04-21 12:49:19.223  2196  2272 I lvds_device: Msg : 0xb1 0x40 0x82 0xd7 0xff 0xff 0x12 0x7c
04-21 12:49:19.233  1974  2188 E vehicle_abstraction: CODIDynamicDataGroup::processRxGroupSignal ODI data (dataID = 54) not mapped (fucID = 7) 
04-21 12:49:19.261  1974  2188 E vehicle_abstraction: CODIDynamicDataGroup::processRxGroupSignal ODI data (dataID = 55) not mapped (fucID = 7) 
04-21 12:49:19.289  1974  2188 E vehicle_abstraction: CODIDynamicDataGroup::processRxGroupSignal ODI data (dataID = 56) not mapped (fucID = 7) 
04-21 12:49:19.313  1974  2188 E vehicle_abstraction: CODIDynamicDataGroup::processRxGroupSignal ODI data (dataID = 57) not mapped (fucID = 7) 
04-21 12:49:19.321  2196  2272 I lvds_device: setAuxBrightness MSB :0x12 LSB: 0x7c
04-21 12:49:19.323  2196  2272 I lvds_device: Msg : 0xb1 0x40 0x82 0xd7 0xff 0xff 0x12 0x7c
04-21 12:49:19.325  2332  2653 D CoLibry : new coding
04-21 12:49:19.325  2332  2664 F CoLibry : CAmFmEnvironment::setI2cDevicePath() -> Can't open device located at /dev/i2c-1/A0
04-21 12:49:19.326  2332  2664 W CoLibry : CAmFmEnvironment::setI2cDevicePath() -> No path provided for device type (2)
04-21 12:49:19.326  2332  2664 W CoLibry : CAmFmEnvironment::setI2cDevicePath() -> No path provided for device type (4)
04-21 12:49:19.326  2332  2664 W CoLibry : CAmFmEnvironment::setI2cDevicePath() -> No path provided for device type (6)
04-21 12:49:19.326  2332  2664 W CoLibry : CAmFmEnvironment::setI2cDevicePath() -> No path provided for device type (7)
04-21 12:49:19.326  2332  2664 W CoLibry : CAmFmEnvironment::setI2cDevicePath() -> No path provided for device type (8)
04-21 12:49:19.326  2332  2664 W CoLibry : CAmFmEnvironment::setI2cDevicePath() -> No path provided for device type (9)
04-21 12:49:19.326  2332  2664 W CoLibry : CAmFmEnvironment::setSpiDevicePath() -> No path provided for device type (0)
04-21 12:49:19.326  2332  2664 W CoLibry : CAmFmEnvironment::setSpiDevicePath() -> No path provided for device type (1)
04-21 12:49:19.326  2332  2664 W CoLibry : CAmFmEnvironment::setSpiDevicePath() -> No path provided for device type (2)
04-21 12:49:19.326  2332  2664 W CoLibry : CAmFmEnvironment::setSpiDevicePath() -> No path provided for device type (3)
04-21 12:49:19.326  2332  2664 W CoLibry : CAmFmEnvironment::setSpiDevicePath() -> No path provided for device type (5)
04-21 12:49:19.326  2332  2664 W CoLibry : CAmFmEnvironment::setSpiDevicePath() -> No path provided for device type (4)
04-21 12:49:19.326  2332  2664 W CoLibry : CAmFmEnvironment::setGpioDevicePath() -> No path provided for device type (1)
04-21 12:49:19.326  2332  2664 W CoLibry : CAmFmEnvironment::setGpioDevicePath() -> No path provided for device type (2)
04-21 12:49:19.326  2332  2664 W CoLibry : CAmFmEnvironment::setGpioDevicePath() -> No path provided for device type (4)
04-21 12:49:19.326  2332  2664 W CoLibry : CAmFmEnvironment::setGpioDevicePath() -> No path provided for device type (11)
04-21 12:49:19.326  2332  2664 W CoLibry : CAmFmEnvironment::setGpioDevicePath() -> No path provided for device type (13)
04-21 12:49:19.326  2332  2664 W CoLibry : CAmFmEnvironment::setGpioDevicePath() -> No path provided for device type (6)
04-21 12:49:19.326  2332  2664 W CoLibry : CAmFmEnvironment::setGpioDevicePath() -> No path provided for device type (7)
04-21 12:49:19.326  2332  2664 W CoLibry : CAmFmEnvironment::setGpioDevicePath() -> No path provided for device type (8)
04-21 12:49:19.326  2332  2664 W CoLibry : CAmFmEnvironment::setGpioDevicePath() -> No path provided for device type (9)
04-21 12:49:19.326  2332  2664 W CoLibry : CAmFmEnvironment::setGpioDevicePath() -> No path provided for device type (10)
04-21 12:49:19.326  2332  2664 W CoLibry : CAmFmEnvironment::setGpioDevicePath() -> No path provided for device type (17)
04-21 12:49:19.326  2332  2664 W CoLibry : CAmFmEnvironment::setGpioDevicePath() -> No path provided for device type (16)
04-21 12:49:19.326  2332  2664 W CoLibry : CAmFmEnvironment::setGpioDevicePath() -> No path provided for device type (15)
04-21 12:49:19.329  2332  2664 D qnxcomm : qnxcomm: created channel socket fd=53 in pid=2332
04-21 12:49:19.329  2332  2416 D qnxcomm : qnxcomm: accepted channel socket fd=58 from peer=/mp/connections/2332/57 (sequenceNr=1)
04-21 12:49:19.329  2332  2664 D qnxcomm : qnxcomm: connected socket fd=57 to pid=2332, chid=53, timeout=10 seconds
04-21 12:49:19.331  1974  2188 E vehicle_abstraction: setIPCReadGlobalAGroupSignalData Signal not found (groupSignal = 0x80F8) 
04-21 12:49:19.331  1974  2188 E vehicle_abstraction: setIPCReadGlobalAGroupSignalData Signal not found (groupSignal = 0x80F9) 
04-21 12:49:19.331  1974  2188 E vehicle_abstraction: setIPCReadGlobalAGroupSignalData Signal not found (groupSignal = 0x80FA) 
04-21 12:49:19.334  1974  2188 E vehicle_abstraction: CODIDynamicDataGroup::processRxGroupSignal ODI data (dataID = 58) not mapped (fucID = 7) 
04-21 12:49:19.335  2332  2653 D CoLibry : new persistent data 
04-21 12:49:19.335  2332  2664 D CoLibry : persistent data received
04-21 12:49:19.351  2355  2355 I pal/stdout: ..loading channel library "libdragondriveasrservice.so" for "DragonDriveAsrService" ...ok
04-21 12:49:19.355  1974  2188 E vehicle_abstraction: CODIDynamicDataGroup::processRxGroupSignal ODI data (dataID = 59) not mapped (fucID = 7) 
04-21 12:49:19.357  2332  2667 D qnxcomm : qnxcomm: created channel socket fd=60 in pid=2332
04-21 12:49:19.361  2332  2667 D qnxcomm : qnxcomm: connected socket fd=64 to pid=2332, chid=60, timeout=10 seconds
04-21 12:49:19.361  2332  2416 D qnxcomm : qnxcomm: accepted channel socket fd=65 from peer=/mp/connections/2332/64 (sequenceNr=2)
04-21 12:49:19.365  2332  2667 D qnxcomm : qnxcomm: created channel socket fd=66 in pid=2332
04-21 12:49:19.365  2332  2667 D qnxcomm : qnxcomm: connected socket fd=70 to pid=2332, chid=66, timeout=10 seconds
04-21 12:49:19.365  2332  2416 D qnxcomm : qnxcomm: accepted channel socket fd=71 from peer=/mp/connections/2332/70 (sequenceNr=3)
04-21 12:49:19.368  2544  2544 W isv-omxil: OMX IL core not found
04-21 12:49:19.374  1974  2188 E vehicle_abstraction: CODIDynamicDataGroup::processRxGroupSignal ODI data (dataID = 60) not mapped (fucID = 7) 
04-21 12:49:19.397  1974  2188 E vehicle_abstraction: CODIDynamicDataGroup::processRxGroupSignal ODI data (dataID = 61) not mapped (fucID = 7) 
04-21 12:49:19.413  1974  2188 E vehicle_abstraction: CODIDynamicDataGroupIntArrayMap::processODISignal No Mapping  (dataVal = 3)  (mAbstractionID = 433) 
04-21 12:49:19.460  1974  2188 E vehicle_abstraction: CODIDynamicDataGroup::processRxGroupSignal ODI data (dataID = 64) not mapped (fucID = 7) 
04-21 12:49:19.466  1974  2188 E vehicle_abstraction: CGlobalASignalMappings::signalInfoForAbstractionSignalID unmapped  abstractionID 4359
04-21 12:49:19.467  2355  2355 I pal/stdout: ..loading channel library "libdragondriveprompterservice.so" for "DragonDrivePrompterService" ...ok
04-21 12:49:19.489  1974  2188 E vehicle_abstraction: CODIDynamicDataGroup::processRxGroupSignal ODI data (dataID = 65) not mapped (fucID = 7) 
04-21 12:49:19.492  2546  2546 I PSSE    : Info    : TS 5998 : FileHash 0x5c652ec1 : Line    81 : Successfully created logging instance
04-21 12:49:19.492  2546  2546 I PSSE    : Always  : TS 5998 : FileHash 0x5c652ec1 : Line   415 : Configuration filename : /vendor/etc/psse.cfg
04-21 12:49:19.492  2546  2546 I PSSE    : Always  : TS 5998 : FileHash 0x5c652ec1 : Line   416 : Logging implementation : Android Logcat
04-21 12:49:19.492  2546  2546 I PSSE    : Always  : TS 5998 : FileHash 0x5c652ec1 : Line   417 : Logging level          : Error  
04-21 12:49:19.492  2546  2546 I PSSE    : Always  : TS 5999 : FileHash 0x5c652ec1 : Line   425 : Control implementation : TCP/Socket Control
04-21 12:49:19.493  2546  2546 I PSSE    : Always  : TS 5999 : FileHash 0x5c652ec1 : Line   431 : Control parameters     : tcp_port=4444
04-21 12:49:19.493  2546  2546 I PSSE    : Always  : TS 5999 : FileHash 0x5c652ec1 : Line   439 : PSSE parameters        : threadconf=AudioIn_Thread#49#fifo,threadconf=AudioOut_Thread#49#fifo,threadconf=psseProcessing_0#48#rr,threadconf=psseDiagnostic_0#46#rr,threadconf=psseSocketRx_0#39#rr,threadconf=psseSocketTx_0#39#rr
04-21 12:49:19.505  2355  2355 I pal/stdout: ..loading channel library "libnavlookupservice.so" for "NavLookupService" ...ok
04-21 12:49:19.524  2355  2355 I pal/stdout: ..loading channel library "libcontactservice.so" for "ContactService" ...ok
04-21 12:49:19.533  1974  2188 E vehicle_abstraction: CODIDynamicDataGroup::processRxGroupSignal ODI data (dataID = 67) not mapped (fucID = 7) 
04-21 12:49:19.553  1974  2188 E vehicle_abstraction: CODIDynamicDataGroup::processRxGroupSignal ODI data (dataID = 68) not mapped (fucID = 7) 
04-21 12:49:19.573  1974  2188 E vehicle_abstraction: CODIDynamicDataGroup::processRxGroupSignal ODI data (dataID = 69) not mapped (fucID = 7) 
04-21 12:49:19.577  2355  2355 I pal/stdout: ..loading channel library "libinternalservices.so" for "InternalServices" ...ok
04-21 12:49:19.577  2355  2355 I pal/stdout: --> SAM is initialized
04-21 12:49:19.578  2355  2355 I pal/stdout: ..initializing addon "SSSMonitor" ...ok
04-21 12:49:19.578  2355  2355 I pal/stdout: ..initializing channel "HostAgent" ...ok
04-21 12:49:19.579  2355  2355 I pal/stdout: ..initializing channel "GDM" ...ok
04-21 12:49:19.593  2355  2355 I pal/stdout: ..initializing channel "MonitorService" ...ok
04-21 12:49:19.604  2355  2355 I pal/stdout: ..initializing channel "FileService" ...ok
04-21 12:49:19.604  2355  2355 I pal/stdout: ..initializing channel "SASService" ...ok
04-21 12:49:19.615  1974  2188 E vehicle_abstraction: CODIDynamicDataGroup::processRxGroupSignal ODI data (dataID = 71) not mapped (fucID = 7) 
04-21 12:49:19.633  1974  2188 E vehicle_abstraction: CODIDynamicDataGroup::processRxGroupSignal ODI data (dataID = 72) not mapped (fucID = 7) 
04-21 12:49:19.643  2329  2329 D ethctrlmgr: execAcd():Fault 2 
04-21 12:49:19.643  2329  2329 D ethctrlmgr: execAcd():Length 1af4 
04-21 12:49:19.643  2329  2329 D ethctrlmgr: startCableDiagnostics():Cable OPEN at 69.00 centimeters 
04-21 12:49:19.643  2329  2329 V ethctrlmgr: iocIpcFd : 4  len : 2
04-21 12:49:19.643  2329  2329 D ethctrlmgr: SPI command len is:7
04-21 12:49:19.643  2329  2329 D ethctrlmgr: SPI write cmd in hex:0x
04-21 12:49:19.643  2329  2329 D ethctrlmgr: 21  
04-21 12:49:19.643  2329  2329 D ethctrlmgr: 09  
04-21 12:49:19.643  2329  2329 D ethctrlmgr: 8f  
04-21 12:49:19.643  2329  2329 D ethctrlmgr: ff  
04-21 12:49:19.643  2329  2329 D ethctrlmgr: c0  
04-21 12:49:19.643  2329  2329 D ethctrlmgr: 80  
04-21 12:49:19.643  2329  2329 D ethctrlmgr: 00  
04-21 12:49:19.643  2329  2329 D ethctrlmgr: data len to send IPC is 15
04-21 12:49:19.643  2329  2329 D ethctrlmgr: executeSwitchCmd:sent cmd req 15 bytes
04-21 12:49:19.643  2329  2329 D ethctrlmgr: executeSwitchCmd() diag command waiting for response from server 
04-21 12:49:19.645  2355  2355 I pal/stdout: ..initializing channel "DragonDriveCommonService" ...ok
04-21 12:49:19.645  2329  2365 V ethctrlmgr: readDataFromIocIpc():data avlbl from ioc ipc
04-21 12:49:19.645  2329  2365 D ethctrlmgr: readDataFromIocIpc():read data from IOC IPC
04-21 12:49:19.645  2329  2365 D ethctrlmgr: readDataFromIocIpc spawned. Waiting to read data
04-21 12:49:19.645  2329  2329 D ethctrlmgr:  executeSwitchCmd(): pthread_cond_timedwait Ret Val = 0  
04-21 12:49:19.645  2329  2329 D ethctrlmgr: executeSwitchCmd(): response available for requested command 
04-21 12:49:19.645  2329  2329 V ethctrlmgr: executeSwitchCmd:completion time:2.524463 msec 
04-21 12:49:19.645  2329  2329 D ethctrlmgr: SPI write command execution successful
04-21 12:49:19.645  2329  2329 D ethctrlmgr: read success data bytes:0
04-21 12:49:19.645  2329  2329 D ethctrlmgr: SPI Read Bytes in hex:
04-21 12:49:19.645  2329  2329 I ethctrlmgr: startCableDiagnostics(): Reset successful for PHYId:2
04-21 12:49:19.645  2329  2329 V ethctrlmgr: iocIpcFd : 4  len : 2
04-21 12:49:19.645  2329  2329 D ethctrlmgr: SPI command len is:7
04-21 12:49:19.645  2329  2329 D ethctrlmgr: SPI write cmd in hex:0x
04-21 12:49:19.645  2329  2329 D ethctrlmgr: 21  
04-21 12:49:19.645  2329  2329 D ethctrlmgr: 09  
04-21 12:49:19.645  2329  2329 D ethctrlmgr: 8f  
04-21 12:49:19.645  2329  2329 D ethctrlmgr: ff  
04-21 12:49:19.645  2329  2329 D ethctrlmgr: c0  
04-21 12:49:19.645  2329  2329 D ethctrlmgr: 02  
04-21 12:49:19.645  2329  2329 D ethctrlmgr: 00  
04-21 12:49:19.645  2329  2329 D ethctrlmgr: data len to send IPC is 15
04-21 12:49:19.645  2329  2329 D ethctrlmgr: executeSwitchCmd:sent cmd req 15 bytes
04-21 12:49:19.645  2329  2329 D ethctrlmgr: executeSwitchCmd() diag command waiting for response from server 
04-21 12:49:19.647  2329  2365 V ethctrlmgr: readDataFromIocIpc():data avlbl from ioc ipc
04-21 12:49:19.647  2329  2365 D ethctrlmgr: readDataFromIocIpc():read data from IOC IPC
04-21 12:49:19.647  2329  2365 D ethctrlmgr: readDataFromIocIpc spawned. Waiting to read data
04-21 12:49:19.647  2329  2329 D ethctrlmgr:  executeSwitchCmd(): pthread_cond_timedwait Ret Val = 0  
04-21 12:49:19.647  2329  2329 D ethctrlmgr: executeSwitchCmd(): response available for requested command 
04-21 12:49:19.647  2329  2329 V ethctrlmgr: executeSwitchCmd:completion time:1.452601 msec 
04-21 12:49:19.647  2329  2329 D ethctrlmgr: SPI write command execution successful
04-21 12:49:19.647  2329  2329 D ethctrlmgr: read success data bytes:0
04-21 12:49:19.647  2329  2329 D ethctrlmgr: SPI Read Bytes in hex:
04-21 12:49:19.647  2329  2329 I ethctrlmgr: startCableDiagnostics(): PHY configuration restored to:0x0002
04-21 12:49:19.647  2329  2329 D ethctrlmgr: Sent the data of:32 to client
04-21 12:49:19.647  2350  2394 I ethctrlmgr: getSetSwitchData():Time taken to complete the normal Dig Req is  1.18134 seconds
04-21 12:49:19.647  2350  2394 I GMEthMgr: getPortCableStatus:(switch: 1, port: 2) => cableState: 2
04-21 12:49:19.647  2350  2394 I GMEthMgr: BCM_PORT_CABLE_STATE_OPEN on port 2
04-21 12:49:19.647  2350  2394 I GMEthMgr: Return DtcStatus, switch: 1, port: 2, linkState: 0, dtcStatus: 2
04-21 12:49:19.647  2350  2394 I GMEthMgr: requestPortCheck created new item for port: 2 (Status: LINK_STATE_DOWN)
04-21 12:49:19.647  2350  2394 I GMEthMgr: LinkLossMonitor data_->data_->queuedMessages_.size(): 1
04-21 12:49:19.647  2350  2394 I GMEthMgr: gmLinklossCallback: adding new <Port=2, DTC-Index=2> to dtcFireFlags map
04-21 12:49:19.647  2350  2394 I GMEthMgr: HandleDtcStatus(2, 2)
04-21 12:49:19.647  2350  2394 I GMEthMgr: LinkLossDTCId code: 34, port: 2
04-21 12:49:19.647  2350  2394 I native_diagnostics: <INFO>  [DiagnosticsService.cpp:47 int32_t setDiagnosticsDtcStatus(const int32_t, const int)] NativeDiagnosticsService setDiagnosticsDtcStatus dtcId 34, testStatus 1
04-21 12:49:19.647  2350  2394 I native_diagnostics: <INFO>  [DiagnosticsService.cpp:68 int32_t setDiagnosticsDtcStatusByCode(const int32_t, const int32_t, const int32_t)] NativeDiagnosticsService setDiagnosticsDtcStatus dtcCode 0xD8B0, ftbCode 0x4, testStatus 1
04-21 12:49:19.647  2350  2394 I native_diagnostics: <INFO>  [DiagnosticsService.cpp:27 const sp<android::IDiagnosticsService> getDiagnosticsService()] NativeDiagnosticsService getting IDiagnosticsService
04-21 12:49:19.649  1977  2181 I native_diagnostics: <INFO>  [PALConverter.cpp:120 static enum_diagnostics_message_type_t gm::diag::PALConverter::convert(enum_diagnostic_service_t)] PALConverter enum_diagnostic -> enum_diagnostics, input 14, r 5
04-21 12:49:19.649  1977  2181 I native_diagnostics: <INFO>  [PALDiagnosticAdaptor.cpp:58 virtual int gm::diag::PALDiagnosticAdaptor::sendMessage(diagnostic_message_t *)] PALDiagnosticAdaptor send msg: type 0x5, size: 4
04-21 12:49:19.651  1977  2179 I native_diagnostics: <INFO>  [PALDiagnosticAdaptor.cpp:75 virtual shared_ptr<diagnostic_message_t> gm::diag::PALDiagnosticAdaptor::receiveMessage()] PALDiagnosticAdaptor received msg, type: 0x5, size: 4
04-21 12:49:19.651  1977  2179 I native_diagnostics: <INFO>  [PALConverter.cpp:90 static int gm::diag::PALConverter::convert(enum_diagnostics_message_type_t)] PALConverter enum_diagnostics -> int, input 5, r 14
04-21 12:49:19.651  1977  2179 W native_diagnostics: <WARN> [AbstractDiagnosticMonitor.cpp:217 virtual int gm::diag::AbstractDiagnosticMonitor::run()] DiagnosticPALMonitor request_response() result is null
04-21 12:49:19.651  1977  2181 I native_diagnostics: <INFO>  [DiagnosticsService.cpp:95 virtual int32_t android::DiagnosticsService::reportDtcTestStatusByCode(const int &, const int &, const int &)] ReportDtcTestStatus completed(0xD8B0, 0x4, 1) -> 1
04-21 12:49:19.653  1974  2188 E vehicle_abstraction: CODIDynamicDataGroup::processRxGroupSignal ODI data (dataID = 73) not mapped (fucID = 7) 
04-21 12:49:19.673  1974  2188 E vehicle_abstraction: CODIDynamicDataGroup::processRxGroupSignal ODI data (dataID = 74) not mapped (fucID = 7) 
04-21 12:49:19.687  2355  2355 I pal/stdout: ..initializing channel "DragonDriveAsrService" ...ok
04-21 12:49:19.712  2355  2355 I pal/stdout: ..initializing channel "DragonDrivePrompterService" ...ok
04-21 12:49:19.717  1974  2188 E vehicle_abstraction: CODIDynamicDataGroup::processRxGroupSignal ODI data (dataID = 75) not mapped (fucID = 7) 
04-21 12:49:19.723  2355  2355 I pal/stdout: ..initializing channel "NavLookupService" ...ok
04-21 12:49:19.734  2355  2355 I pal/stdout: ..initializing channel "ContactService" ...ok
04-21 12:49:19.736  1974  2188 E vehicle_abstraction: CODIDynamicDataGroup::processRxGroupSignal ODI data (dataID = 76) not mapped (fucID = 7) 
04-21 12:49:19.745  2355  2355 I pal/stdout: ..initializing channel "InternalService" ...ok
04-21 12:49:19.745  2355  2355 I pal/stdout: --> SAM is running
04-21 12:49:19.761  2304  2304 D GM_PROTO_KEY: detected security state preboot
04-21 12:49:19.762  1974  2188 E vehicle_abstraction: CODIDynamicDataGroup::processRxGroupSignal ODI data (dataID = 77) not mapped (fucID = 7) 
04-21 12:49:19.812  2544  2544 I         : OMX IL core libisv_omx_core.so: declares component OMX.Intel.hw_vd.h264
04-21 12:49:19.812  2544  2544 I         : OMX IL core libisv_omx_core.so: declares component OMX.Intel.hw_vd.h264.secure
04-21 12:49:19.812  2544  2544 I         : OMX IL core libisv_omx_core.so: declares component OMX.Intel.hw_ve.h264
04-21 12:49:19.812  2544  2544 I         : OMX IL core libisv_omx_core.so: declares component OMX.Intel.sw_vd.vp8
04-21 12:49:19.812  2544  2544 I         : OMX IL core libisv_omx_core.so: declares component OMX.Intel.hw_vd.vp8
04-21 12:49:19.812  2544  2544 I         : OMX IL core libisv_omx_core.so: declares component OMX.Intel.sw_vd.vp9
04-21 12:49:19.812  2544  2544 I         : OMX IL core libisv_omx_core.so: declares component OMX.Intel.hw_vd.vp9
04-21 12:49:19.812  2544  2544 I         : OMX IL core libisv_omx_core.so: declares component OMX.Intel.sw_vd.h265
04-21 12:49:19.812  2544  2544 I         : OMX IL core libisv_omx_core.so: declares component OMX.Intel.hw_vd.h265
04-21 12:49:19.812  2544  2544 I         : OMX IL core libisv_omx_core.so: declares component OMX.Intel.hw_vd.h265.secure
04-21 12:49:19.812  2544  2544 I         : OMX IL core libisv_omx_core.so: declares component OMX.Intel.hw_ve.vp8
04-21 12:49:19.812  2544  2544 I         : OMX IL core libisv_omx_core.so: declares component OMX.Intel.hw_ve.h265
04-21 12:49:19.812  2544  2544 I         : OMX IL core libisv_omx_core.so: contains 12 components
04-21 12:49:19.825  2544  2544 I         : OMX IL core libmdp_omx_core.so: declares component OMX.Intel.mp3.decoder
04-21 12:49:19.825  2544  2544 I         : OMX IL core libmdp_omx_core.so: declares component OMX.Intel.aac.decoder
04-21 12:49:19.825  2544  2544 I         : OMX IL core libmdp_omx_core.so: declares component OMX.Intel.aac.encoder
04-21 12:49:19.825  2544  2544 I         : OMX IL core libmdp_omx_core.so: declares component OMX.Intel.vorbis.decoder
04-21 12:49:19.825  2544  2544 I         : OMX IL core libmdp_omx_core.so: declares component OMX.Intel.amrnb.decoder
04-21 12:49:19.825  2544  2544 I         : OMX IL core libmdp_omx_core.so: declares component OMX.Intel.amrwb.decoder
04-21 12:49:19.825  2544  2544 I         : OMX IL core libmdp_omx_core.so: declares component OMX.Intel.wma.decoder
04-21 12:49:19.825  2544  2544 I         : OMX IL core libmdp_omx_core.so: declares component OMX.Intel.amrnb.encoder
04-21 12:49:19.825  2544  2544 I         : OMX IL core libmdp_omx_core.so: declares component OMX.Intel.amrwb.encoder
04-21 12:49:19.825  2544  2544 I         : OMX IL core libmdp_omx_core.so: contains 9 components
04-21 12:49:19.826  1968  2303 I OMXClient: Using client-side OMX mux.
04-21 12:49:19.826  1968  2303 D AnimEngine: audioThreadState : state: 1
04-21 12:49:19.826  1968  2303 D AnimEngine: AudioCueThread Started
04-21 12:49:19.848  2552  2552 I GMCRASHLOG: copy_log: Logs /proc/cmdline copied to : /data/data/gmlogger/gmcrashlogs/stats9_4126e8d069bb882fe1ba/cmdline
04-21 12:49:19.848  2552  2552 I GMCRASHLOG: run_command:  /system/bin/logcat -b all -v threadtime -d -f /data/data/gmlogger/gmcrashlogs/aplog_boot timeout=45
04-21 12:49:19.866  1974  2188 E vehicle_abstraction: CODIDynamicDataGroup::processRxGroupSignal ODI data (dataID = 80) not mapped (fucID = 7) 
04-21 12:49:19.874  2305  2305 D GMSecurity: waiting for preboot complete
04-21 12:49:19.881  2305  2373 D GMSecurity: waiting for boot complete
04-21 12:49:19.897  1974  2188 E vehicle_abstraction: CODIDynamicDataGroup::processRxGroupSignal ODI data (dataID = 81) not mapped (fucID = 7) 
04-21 12:49:19.913  1974  2188 E vehicle_abstraction: CODIDynamicDataGroup::processRxGroupSignal ODI data (dataID = 82) not mapped (fucID = 7) 
04-21 12:49:19.934  1974  2188 E vehicle_abstraction: CODIDynamicDataGroup::processRxGroupSignal ODI data (dataID = 83) not mapped (fucID = 7) 
04-21 12:49:19.962  1974  2188 E vehicle_abstraction: CGlobalASignalMappings::signalInfoForAbstractionSignalID unmapped  abstractionID 4359
04-21 12:49:19.976  2339  2339 I ServiceManager: Waiting for service android.hardware.intel.coreu...
04-21 12:49:19.976  1974  2188 E vehicle_abstraction: CODIDynamicDataGroup::processRxGroupSignal ODI data (dataID = 85) not mapped (fucID = 7) 
04-21 12:49:19.996  1974  2188 E vehicle_abstraction: CODIDynamicDataGroup::processRxGroupSignal ODI data (dataID = 86) not mapped (fucID = 7) 
04-21 12:49:20.021  1985  2170 I [PLSS]PMSvc: got unchanged system state: 2
04-21 12:49:20.025  1977  2179 I native_diagnostics: <INFO>  [PALDiagnosticAdaptor.cpp:75 virtual shared_ptr<diagnostic_message_t> gm::diag::PALDiagnosticAdaptor::receiveMessage()] PALDiagnosticAdaptor received msg, type: 0x6, size: 4
04-21 12:49:20.025  1977  2179 I native_diagnostics: <INFO>  [PALConverter.cpp:90 static int gm::diag::PALConverter::convert(enum_diagnostics_message_type_t)] PALConverter enum_diagnostics -> int, input 6, r 15
04-21 12:49:20.025  1977  2179 I native_diagnostics: <INFO>  [AbstractDiagnosticMonitor.cpp:219 virtual int gm::diag::AbstractDiagnosticMonitor::run()] DiagnosticPALMonitor got one NO_ACTION message: diagnostic_message=(bus: 2, src: 0xffff, dest: 0xffff, dirct: 2, 20/DIAG_NO_ACTION (N/A), 0)
04-21 12:49:20.098  1956  1956 D ICU     : No timezone override file found: /data/misc/zoneinfo/current/icu/icu_tzdata.dat
04-21 12:49:20.109  2341  2374 E vip2nav : no valid msg ID! 15
04-21 12:49:20.109  2341  2374 E vip2nav : 
04-21 12:49:20.109  2341  2374 E vip2nav :  IPC Read: msgID=15 MSG length=16 
04-21 12:49:20.109  2341  2374 E vip2nav : 0xf 0x5 0x10 0x0 0xfc 0x8 0x0 0x0
04-21 12:49:20.110  2341  2374 E vip2nav : 0x54 0x1 0x0 0x0 0x0 0x0 0x0 0x0
04-21 12:49:20.110  2341  2374 E vip2nav : 0x0 0x0 0x0 0x0 0xb6 0x1f 0x0 0x0
04-21 12:49:20.110  2341  2374 E vip2nav : 0x0 0x0 0x0 0x0 0x0 0x0 0x0 0x0
04-21 12:49:20.110  2341  2374 E vip2nav : 0x0 0x0 0x0 0x0 0x0 0x0 0x0 0x0
04-21 12:49:20.110  2341  2374 E vip2nav : 0x0 0x0 0x0 0x0 0x0 0x0 0x0 0x0
04-21 12:49:20.110  2341  2374 E vip2nav : 0x0 0x0 0x0 0x0 0x0 0x0 0x0 0x0
04-21 12:49:20.110  2341  2374 E vip2nav : 0x0 0x0 0x0 0x0 0x0 0x0 0x0 0x0
04-21 12:49:20.110  2341  2374 E vip2nav : 0x0 0x0 0x0 0x0 0x0 0x0 0x0 0x0
04-21 12:49:20.110  2341  2374 E vip2nav : 0x0 0x0 0x0 0x0 0x0 0x0 0x0 0x0
04-21 12:49:20.110  2341  2374 E vip2nav : 0x0 0x0 0x0 0x0 0x0 0x0 0x0 0x0
04-21 12:49:20.110  2341  2374 E vip2nav : 0x0 0x0 0x0 0x0 0x0 0x0 0x0 0x0
04-21 12:49:20.110  2341  2374 E vip2nav : 0x0 0x0 0x0 0x0 0x0 0x0 0x0 0x0
04-21 12:49:20.110  2341  2374 E vip2nav : 0x0 0x0 0x0 0x0 0x0 0x0 0x0 0x0
04-21 12:49:20.110  2341  2374 E vip2nav : 0x0 0x0 0x0 0x0 0x0 0x0 0x0 0x0
04-21 12:49:20.110  2341  2374 E vip2nav : 0x0 0x0 0x0 0x0 0x0 0x0 0x0 0x0
04-21 12:49:20.110  2341  2374 E vip2nav : 0x0 0x0 0x0 0x0 0x0 0x0 0x0 0x0
04-21 12:49:20.110  2341  2374 E vip2nav : 0x0 0x0 0x0 0x0 0x0 0x0 0x0 0x0
04-21 12:49:20.110  2341  2374 E vip2nav : 0x0 0x0 0x0 0x0 0x0 0x0 0x0 0x0
04-21 12:49:20.110  2341  2374 E vip2nav : 0x0 0x0 0x0 0x0 0x0 0x0 0x0 0x0
04-21 12:49:20.110  2341  2374 E vip2nav : 0x0 0x0 0x0 0x0 0x0 0x0 0x0 0x0
04-21 12:49:20.110  2341  2374 E vip2nav : 0x0 0x0 0x0 0x0 0x0 0x0 0x0 0x0
04-21 12:49:20.110  2341  2374 E vip2nav : 0x0 0x0 0x0 0x0 0x0 0x0 0x0 0x0
04-21 12:49:20.110  2341  2374 E vip2nav : 0x0 0x0 0x0 0x0 0x0 0x0 0x0 0x0
04-21 12:49:20.110  2341  2374 E vip2nav : 0x0 0x0 0x0 0x0 0x0 0x0 0x0 0x0
04-21 12:49:20.110  2341  2374 E vip2nav : 0x0 0x0 0x0 0x0 0x0 0x0 0x0 0x0
04-21 12:49:20.110  2341  2374 E vip2nav : 0x0 0x0 0x0 0x0 0x0 0x0 0x0 0x0
04-21 12:49:20.110  2341  2374 E vip2nav : 0x0 0x0 0x0 0x0 0x0 0x0 0x0 0x0
04-21 12:49:20.110  2341  2374 E vip2nav : 0x0 0x0 0x0 0x0 0x0 0x0 0x0 0x0
04-21 12:49:20.110  2341  2374 E vip2nav : 0x0 0x0 0x0 0x0 0x0 0x0 0x0 0x0
04-21 12:49:20.110  2341  2374 E vip2nav : 0x0 0x0 0x0 0x0 0x0 0x0 0x0 0x0
04-21 12:49:20.110  2341  2374 E vip2nav : 0x0 0x0 0x0 0x0 0x0 0x0 0x0 0x0
04-21 12:49:20.110  2341  2374 E vip2nav : ... skipping 4 bytes
04-21 12:49:20.131  1974  2188 E vehicle_abstraction: setIPCReadGlobalAGroupSignalData Signal not found (groupSignal = 0x80F8) 
04-21 12:49:20.131  1974  2188 E vehicle_abstraction: setIPCReadGlobalAGroupSignalData Signal not found (groupSignal = 0x80F9) 
04-21 12:49:20.131  1974  2188 E vehicle_abstraction: setIPCReadGlobalAGroupSignalData Signal not found (groupSignal = 0x80FA) 
04-21 12:49:20.152  2552  2552 W GMCRASHLOG: notify_crashreport: Crashreport notification (CRASH_NOTIFY) skipped!
04-21 12:49:20.152  2552  2552 W GMCRASHLOG: notify_crashreport: Crashreport notification (CRASH_NOTIFY) skipped!
04-21 12:49:20.152  2552  2552 E GMCRASHLOG: STATE   f7f0038855d9f3ea891b  2019-04-21/12:49:20  UNKNOWN_ENCRYPTION
04-21 12:49:20.152  2552  2552 E GMCRASHLOG: [INGR]: File '/system/etc/ingredients.conf' not found, disable 'ingredients' feature
04-21 12:49:20.152  2552  2552 D GMCRASHLOG: monitor_crashenv: execute /system/bin/gm_monitor_crashenv  
04-21 12:49:20.152  2552  2552 I GMCRASHLOG: run_command:  /system/bin/gm_monitor_crashenv  timeout=45
04-21 12:49:20.182  2332  2667 D qnxcomm : qnxcomm: created channel socket fd=75 in pid=2332
04-21 12:49:20.182  2332  2667 D qnxcomm : qnxcomm: connected socket fd=79 to pid=2332, chid=75, timeout=10 seconds
04-21 12:49:20.182  2332  2416 D qnxcomm : qnxcomm: accepted channel socket fd=80 from peer=/mp/connections/2332/79 (sequenceNr=4)
04-21 12:49:20.236  1974  2188 E vehicle_abstraction: CODIDynamicDataGroup::processRxGroupSignal ODI data (dataID = 97) not mapped (fucID = 7) 
04-21 12:49:20.331  1974  2188 E vehicle_abstraction: setIPCReadGlobalAGroupSignalData Signal not found (groupSignal = 0x80F8) 
04-21 12:49:20.331  1974  2188 E vehicle_abstraction: setIPCReadGlobalAGroupSignalData Signal not found (groupSignal = 0x80F9) 
04-21 12:49:20.331  1974  2188 E vehicle_abstraction: setIPCReadGlobalAGroupSignalData Signal not found (groupSignal = 0x80FA) 
04-21 12:49:20.337  1957  1957 D ICU     : No timezone override file found: /data/misc/zoneinfo/current/icu/icu_tzdata.dat
04-21 12:49:20.354  2552  2552 I GMCRASHLOG: ----do_monitor:
04-21 12:49:20.364  2345  2345 D Media_MMService:: MMS: Initializing MediaManagerService
04-21 12:49:20.364  2345  2345 D Media_MMService:: MMS: parsing config file
04-21 12:49:20.364  2345  2345 I Media_MMService:: The config file obtained is: /system/media/config/MediaManagerService.cfg
04-21 12:49:20.364  2345  2345 D Media_MMService:: MMS-> initializeMMS() Entry
04-21 12:49:20.364  2345  2345 D Media_MMService:: MediaManagerConfig() - Constructor Entry
04-21 12:49:20.364  2345  2345 D Media_MMService:: MMS: parseConfig() Entry..
04-21 12:49:20.371  2196  2272 I lvds_device: setAuxBrightness MSB :0x12 LSB: 0x7c
04-21 12:49:20.373  2196  2272 I lvds_device: Msg : 0xb1 0x40 0x82 0xd7 0xff 0xff 0x12 0x7c
04-21 12:49:20.377  2552  2552 I GMCRASHLOG: inotify: /data/system/dropbox, wd=1 has been snooped
04-21 12:49:20.377  2552  2552 I GMCRASHLOG: inotify: /data/tombstones, wd=2 has been snooped
04-21 12:49:20.377  2552  2552 E GMCRASHLOG: inotify: Can't add watch for /data/data/gmlogger/gmcrashlogs/stats - No such file or directory.
04-21 12:49:20.377  2552  2552 E GMCRASHLOG: inotify: Can't add watch for /data/data/gmlogger/gmcrashlogs/aplogs - No such file or directory.
04-21 12:49:20.377  2552  2552 I GMCRASHLOG: inotify: /data/data/gmlogger/gmcrashlogs/buildid.txt, wd=3 has been snooped
04-21 12:49:20.377  2552  2552 I GMCRASHLOG: inotify: /data/data/gmlogger/gmcrashlogs/uptime, wd=4 has been snooped
04-21 12:49:20.378  2552  2552 W GMCRASHLOG: notify_crashreport: Crashreport notification (CRASH_NOTIFY) skipped!
04-21 12:49:20.378  2552  2552 E GMCRASHLOG: ERROR   a07c6db398ddf0b6917d  2019-04-21/12:49:20  CRASHLOG_WATCHER
04-21 12:49:20.378  2552  2552 D GMCRASHLOG: monitor_crashenv: execute /system/bin/gm_monitor_crashenv -l /data/data/gmlogger/gmcrashlogs/  
04-21 12:49:20.378  2552  2552 I GMCRASHLOG: run_command:  /system/bin/gm_monitor_crashenv -l /data/data/gmlogger/gmcrashlogs/  timeout=45
04-21 12:49:20.398  2345  2345 I Media_MMService:: MMS: parseConfig()->Config Str: # Set Cinemo Enginge log level
04-21 12:49:20.398  2345  2345 I Media_MMService:: # Predefined log levels are:
04-21 12:49:20.398  2345  2345 I Media_MMService:: # CINEMO_LOGLEVEL_VERBOSE = -1, CINEMO_LOGLEVEL_TRACE = 0 ,CINEMO_LOGLEVEL_DEBUG = 1, CINEMO_LOGLEVEL_INFO = 2, CINEMO_LOGLEVEL_WARN = 3, CINEMO_LOGLEVEL_ERROR = 4,CINEMO_LOGLEVEL_FATAL = 5
04-21 12:49:20.398  2345  2345 I Media_MMService:: "cinemoLogLevel":"0",
04-21 12:49:20.398  2345  2345 I Media_MMService:: 
04-21 12:49:20.398  2345  2345 I Media_MMService:: # Set the server port required to set the Cinemo Engine
04-21 12:49:20.398  2345  2345 I Media_MMService:: "serverUrl":"[::1]:23232",
04-21 12:49:20.398  2345  2345 I Media_MMService:: 
04-21 12:49:20.398  2345  2345 I Media_MMService:: # Set the DDP server URL required to set the Cinemo DDP Server
04-21 12:49:20.398  2345  2345 I Media_MMService:: "cinemoDDPUrl":"ddp://[::1]:30001",
04-21 12:49:20.398  2345  2345 I Media_MMService:: 
04-21 12:49:20.398  2345  2345 I Media_MMService:: # Set the plug-in the directory path required by Cinemo Engine
04-21 12:49:20.398  2345  2345 I Media_MMService:: "pluginDirectoryPath":"/system/lib64",
04-21 12:49:20.398  2345  2345 I Media_MMService:: 
04-21 12:49:20.398  2345  2345 I Media_MMService:: # Set the defaultFoldersPath required by Cinemo Engine
04-21 12:49:20.398  2345  2345 I Media_MMService:: "defaultFoldersPath":"/data/mediaFiles/MediaManagerService",
04-21 12:49:20.398  2345  2345 I Media_MMService:: 
04-21 12:49:20.398  2345  2345 I Media_MMService:: # Set the Max DB size in MB in persistent storage
04-21 12:49:20.398  2345  2345 I Media_MMService:: "maxDBSize":"100",
04-21 12:49:20.398  2345  2345 I Media_MMService:: 
04-21 12:49:20.398  2345  2345 I Media_MMService:: # Set the CinmoMM Config File path
04-21 12:49:20.398  2345  2345 I Media_MMService:: "cinemoMMConfigXMLPath":"/system/media/config/HarmanINFO3_cinemo_mm.xml",
04-21 12:49:20.398  2345  2345 I Media_MMService:: 
04-21 12:49:20.398  2345  2345 I Media_MMService:: # Set the BTSA info.xml file path
04-21 12:49:20.398  2345  2345 I Media_MMService:: "cinemoBtsaPath":"/data/local/tmp/MediaFS/btsa",
04-21 12:49:20.398  2345  2345 I Media_MMService:: 
04-21 12:49:20.398  2345  2345 I Media_MMService:: # Set the Gracenote License File path
04-21 12:49:20.398  2345  2345 I Media_MMService:: "gracenoteLi
04-21 12:49:20.398  2345  2345 I Media_MMService:: configSize = 48
04-21 12:49:20.398  2345  2345 I Media_MMService:: MMS: Config File->cinemologlevel =0
04-21 12:49:20.398  2345  2345 I Media_MMService:: MMS: Config File->serverUrl =[::1]:23232
04-21 12:49:20.398  2345  2345 I Media_MMService:: MMS: Config File->cinemoDDPUrl =ddp://[::1]:30001
04-21 12:49:20.398  2345  2345 I Media_MMService:: MMS: Config File->pluginDirectoryPath =/system/lib64
04-21 12:49:20.398  2345  2345 I Media_MMService:: MMS: Config File->defaultFoldersPath =/data/mediaFiles/MediaManagerService
04-21 12:49:20.398  2345  2345 I Media_MMService:: MMS: Config File->maxDBSize =100
04-21 12:49:20.398  2345  2345 I Media_MMService:: MMS- Config File->cinemoMMConfigXMLPath =/system/media/config/HarmanINFO3_cinemo_mm.xml
04-21 12:49:20.398  2345  2345 I Media_MMService:: MMS- Config File->cinemoBtsaPath =/data/local/tmp/MediaFS/btsa
04-21 12:49:20.398  2345  2345 I Media_MMService:: MMS- Config File->gracenoteLicensePath =/system/media/gracenote/license/Harman_GMinfo3_GN_license.txt
04-21 12:49:20.398  2345  2345 I Media_MMService:: MMS- Config File->gracenoteDatabasePath =/system/media/gracenote/gndb/
04-21 12:49:20.398  2345  2345 I Media_MMService:: MMS- Config File->gracenoteUserdataPath =/data/mediaFiles/
04-21 12:49:20.398  2345  2345 I Media_MMService:: MMS- Config File->gracenoteClientId =603392
04-21 12:49:20.398  2345  2345 I Media_MMService:: MMS- Config File->gracenoteClientIdTag =269B31247F740C91905AF9275370FFF1
04-21 12:49:20.398  2345  2345 I Media_MMService:: MMS- Config File->m_gracenoteLogFilePath =/data/mediaFiles/gn.log
04-21 12:49:20.398  2345  2345 I Media_MMService:: MMS- Config File->m_gracenoteUserRegMode =true
04-21 12:49:20.398  2345  2345 I Media_MMService:: MMS- Config File->m_gracenoteMaxFileSize =102400
04-21 12:49:20.398  2345  2345 I Media_MMService:: MMS- Config File->m_gracenoteMaxMemorySize =20480
04-21 12:49:20.398  2345  2345 I Media_MMService:: MMS- Config File->m_accessoryName =Cadillac CUE
04-21 12:49:20.398  2345  2345 I Media_MMService:: MMS- Config File->m_accessoryManufacturer =Cadillac
04-21 12:49:20.398  2345  2345 I Media_MMService:: MMS- Config File->m_accessoryModelNumber =CUE
04-21 12:49:20.398  2345  2345 I Media_MMService:: MMS- Config File->m_accessorySerialNumber =2E6404F02D7C0121
04-21 12:49:20.398  2345  2345 I Media_MMService:: MMS- Config File->m_accessoryFirmwareVersionMajor =1
04-21 12:49:20.398  2345  2345 I Media_MMService:: MMS- Config File->m_accessoryFirmwareVersionMinor =2
04-21 12:49:20.398  2345  2345 I Media_MMService:: MMS- Config File->m_accessoryFirmwareVersionBuild =1
04-21 12:49:20.398  2345  2345 I Media_MMService:: MMS- Config File->m_accessoryHardwareVersionMajor =2
04-21 12:49:20.398  2345  2345 I Media_MMService:: MMS- Config File->m_accessoryHardwareVersion =1
04-21 12:49:20.398  2345  2345 I Media_MMService:: MMS- Config File->m_accessoryHardwareVersionBuild =2
04-21 12:49:20.399  2345  2345 I Media_MMService:: MMS- Config File->m_vehicleInfoName =Cadillac CUE
04-21 12:49:20.399  2345  2345 I Media_MMService:: MMS- Config File->m_vehicleEngineType =0
04-21 12:49:20.399  2345  2345 I Media_MMService:: MMS- Config File->m_vehicleStatusName =Cadillac CUE
04-21 12:49:20.399  2345  2345 I Media_MMService:: MMS- Config File->m_vehicleBrandName =cadillac
04-21 12:49:20.399  2345  2345 I Media_MMService:: MMS: Config File->VRIntermediateDB =/data/mediaFiles/MediaVRDB.db
04-21 12:49:20.399  2345  2345 I Media_MMService:: MMS: Config File->shadowDBSchemaFilePath =/system/media/config/shadowDBSchema.sql
04-21 12:49:20.399  2345  2345 I Media_MMService:: MMS: Config File-> appleDevicesChargingCurrent =2100
04-21 12:49:20.399  2345  2345 I Media_MMService:: MMS: Config File-> upnpPrefix =upnp://
04-21 12:49:20.399  2345  2345 I Media_MMService:: MMS: Config File-> upnpSuffix =/0/MediaServer/DeviceDesc.xml?pid=
04-21 12:49:20.399  2345  2345 I Media_MMService:: MMS: Config File-> browseDirectChildrenSuffix =&browse=BrowseDirectChildren
04-21 12:49:20.399  2345  2345 I Media_MMService:: MMS: Config File-> browseMetadataSuffix =&browse=BrowseMetadata
04-21 12:49:20.399  2345  2345 I Media_MMService:: MMS: Config File-> excludeMTPFolders =^(?i)/[^/]+.*/(Android|Alarms|Notifications|Ringtones)/
04-21 12:49:20.399  2345  2345 I Media_MMService:: MMS: Config File-> browseSortOrder =u-kr-latn-digit-symbol-currency-punct-space-Zzzz
04-21 12:49:20.399  2345  2345 I Media_MMService:: MMS: Config File-> ExternalAccessoryProtocolName1 =com.baidu.CarLifeVehicleProtocol
04-21 12:49:20.399  2345  2345 I Media_MMService:: MMS: Config File-> ExternalAccessoryProtocolName2 =com.cadillac.vip
04-21 12:49:20.399  2345  2345 I Media_MMService:: MMS: Config File-> ExternalAccessoryProtocolName3 =com.gm.vip
04-21 12:49:20.399  2345  2345 I Media_MMService:: MMS: Config File-> restoreOnExit =0
04-21 12:49:20.399  2345  2345 I Media_MMService:: MMS: Config File-> IAPTransportStr =?ffs_path = /dev/ffs&ncm_interface=1
04-21 12:49:20.399  2345  2345 I Media_MMService:: MMS: Config File->AppleAuthenticationUrl =i2c:///dev/i2c-2:16
04-21 12:49:20.399  2345  2345 I Media_MMService:: MMS: Config File-> indexTimeOut =10000
04-21 12:49:20.399  2345  2345 I Media_MMService:: MMS: Config File-> iapTBTTimeout =3000
04-21 12:49:20.399  2345  2345 I Media_MMService:: MMS: isCTSFlagSet() Entry
04-21 12:49:20.399  2345  2345 D Media_MMService:: MediaDBManager() Constructor- Entry
04-21 12:49:20.399  2345  2345 D Media_MMService:: InitializeSqlite entry 
04-21 12:49:20.399  2345  2345 D Media_MMService:: Sqlite Initialization Success 
04-21 12:49:20.399  2345  2345 D Media_MMService:: MediaJournaling() - Journaling Constructor- Entry
04-21 12:49:20.399  2345  2345 D Media_MMService:: MMS: getConfigValue() Entry
04-21 12:49:20.399  2345  2345 D Media_MMService:: MMS: getConfigValue() configname = VRIntermediateDB , configValue = /data/mediaFiles/MediaVRDB.db
04-21 12:49:20.400  1974  2188 E vehicle_abstraction: CODIDynamicDataGroup::processRxGroupSignal ODI data (dataID = 7) not mapped (fucID = 7) 
04-21 12:49:20.415  2345  2345 I Media_MMService:: Sqlite database open successful 
04-21 12:49:20.415  2345  2345 D Media_MMService:: MMS: MediaGracenote() Constructor Entry
04-21 12:49:20.415  2345  2345 D Media_MMService:: MMS: MediaGracenote - startGracenote() Entry
04-21 12:49:20.415  2345  2345 D Media_MMService:: MMS: MediaGracenote - getGracenoteProductInfo() Entry
04-21 12:49:20.426  2345  2345 I Media_MMService:: MMS: MediaGracenote - Product info : 1.6.5.5065, BuildDate : 2017-01-31 18:51-0800
