Sun Apr 21 12:49:20 AST 2019
Filesystem               Size     Used     Free   Blksize
/                        1.7G    19.9M     1.7G   4096
/dev                     1.7G    68.0K     1.7G   4096
/sys/fs/cgroup           1.7G     0.0K     1.7G   4096
/mnt                     1.7G   264.0K     1.7G   4096
/tmp                     1.7G     4.0K     1.7G   4096
/system                  3.0G     2.1G   971.3M   4096
/cache                   2.0G   695.0M     1.4G   4096
/data                    3.7G   811.1M     2.9G   4096
/calibration            11.7M   116.0K    11.6M   4096
/resource                3.8G   796.4M     3.0G   4096
/vendor                  1.4G   372.4M     1.0G   4096
/oem_config              3.9M    76.0K     3.8M   4096
/storage                 1.7G   264.0K     1.7G   4096
96	/data/data/gmlogger/gmcrashlogs/events
496	/data/data/gmlogger/gmcrashlogs/stats0_d58e310c20a4e1c35a3c
16	/data/data/gmlogger/gmcrashlogs/info
496	/data/data/gmlogger/gmcrashlogs/stats3_d15b61d43dd31ded9c81
16	/data/data/gmlogger/gmcrashlogs/stats1_20a256447a19e840486c
16	/data/data/gmlogger/gmcrashlogs/stats2_a828b7648a6cf7fa22d7
484	/data/data/gmlogger/gmcrashlogs/stats6_27c4413e4f4ed51dec13
16	/data/data/gmlogger/gmcrashlogs/stats4_78e23e5c8e47f1a0d7f8
16	/data/data/gmlogger/gmcrashlogs/stats5_c69c60322bb334c79b8d
1732	/data/data/gmlogger/gmcrashlogs/crashlog0_54bfdcdec41c712bd4f4
644	/data/data/gmlogger/gmcrashlogs/crashlog1_5a29d3d5a73a10cea9e5
492	/data/data/gmlogger/gmcrashlogs/stats9_4126e8d069bb882fe1ba
16	/data/data/gmlogger/gmcrashlogs/stats7_7c52557b07f8b55882ad
16	/data/data/gmlogger/gmcrashlogs/stats8_e34cc85fb63093f6d100
1668	/data/data/gmlogger/gmcrashlogs/crashlog2_42b78604594817738057
884	/data/data/gmlogger/gmcrashlogs/crashlog3_59922c03d90c03262fe4
1676	/data/data/gmlogger/gmcrashlogs/crashlog4_b06e08006a7046c7c499
8840	/data/data/gmlogger/gmcrashlogs
#V1.0 CURRENTUPTIME   0000:00:00              
#EVENT  ID                    DATE                 TYPE
INFO    847aa92da3684dcca1cd  2019-04-18/15:34:46  SWUPDATE        
REBOOT  8bc2d2dd7c29c6ca7142  2019-04-18/15:34:46  POWER-ON         0000:00:00
INFO    d58e310c20a4e1c35a3c  2019-04-18/15:34:46  BOOT_LOGS /data/data/gmlogger/gmcrashlogs/stats0_d58e310c20a4e1c35a3c
STATE   e112c5b7e3d85cc0fc33  2019-04-18/15:34:46  UNKNOWN_ENCRYPTION
ERROR   aec2ebbbfab2f22dbd48  2019-04-18/15:34:47  CRASHLOG_WATCHER /data/data/gmlogger/gmcrashlogs/info
INFO    20a256447a19e840486c  2019-04-18/15:34:47  CRASHLOG_WATCHER /data/data/gmlogger/gmcrashlogs/stats1_20a256447a19e840486c
INFO    a828b7648a6cf7fa22d7  2019-04-18/15:34:47  CRASHLOG_WATCHER /data/data/gmlogger/gmcrashlogs/stats2_a828b7648a6cf7fa22d7
UPTIME  00000000000000000000  2019-04-18/15:37:57  0000:00:00
REBOOT  e63bb3ea3f48bd0695dc  2019-04-18/15:37:57  POWER-ON         0000:00:00
INFO    d15b61d43dd31ded9c81  2019-04-18/15:37:58  BOOT_LOGS /data/data/gmlogger/gmcrashlogs/stats3_d15b61d43dd31ded9c81
STATE   2af2b1faf70c9e323e6b  2019-04-18/15:37:58  UNKNOWN_ENCRYPTION
ERROR   cd86d7b575a0bafb90a8  2019-04-18/15:37:58  CRASHLOG_WATCHER /data/data/gmlogger/gmcrashlogs/info
INFO    78e23e5c8e47f1a0d7f8  2019-04-18/15:37:59  CRASHLOG_WATCHER /data/data/gmlogger/gmcrashlogs/stats4_78e23e5c8e47f1a0d7f8
INFO    c69c60322bb334c79b8d  2019-04-18/15:37:59  CRASHLOG_WATCHER /data/data/gmlogger/gmcrashlogs/stats5_c69c60322bb334c79b8d
CRASH   54bfdcdec41c712bd4f4  2019-04-18/16:53:31  JAVACRASH /data/data/gmlogger/gmcrashlogs/crashlog0_54bfdcdec41c712bd4f4
CRASH   5a29d3d5a73a10cea9e5  2019-04-18/23:06:46  JAVACRASH /data/data/gmlogger/gmcrashlogs/crashlog1_5a29d3d5a73a10cea9e5
UPTIME  00000000000000000000  2019-04-20/01:36:34  0000:00:00
REBOOT  db489e4339017dd7daad  2019-04-20/01:36:34  POWER-ON         0000:00:00
INFO    27c4413e4f4ed51dec13  2019-04-20/01:36:35  BOOT_LOGS /data/data/gmlogger/gmcrashlogs/stats6_27c4413e4f4ed51dec13
STATE   15c2da87d95a98d6f7f3  2019-04-20/01:36:35  UNKNOWN_ENCRYPTION
ERROR   d816e6711439ab58a4b5  2019-04-20/01:36:35  CRASHLOG_WATCHER /data/data/gmlogger/gmcrashlogs/info
INFO    7c52557b07f8b55882ad  2019-04-20/01:36:35  CRASHLOG_WATCHER /data/data/gmlogger/gmcrashlogs/stats7_7c52557b07f8b55882ad
INFO    e34cc85fb63093f6d100  2019-04-20/01:36:35  CRASHLOG_WATCHER /data/data/gmlogger/gmcrashlogs/stats8_e34cc85fb63093f6d100
CRASH   42b78604594817738057  2019-04-20/07:43:18  JAVACRASH /data/data/gmlogger/gmcrashlogs/crashlog2_42b78604594817738057
CRASH   59922c03d90c03262fe4  2019-04-20/23:26:44  TOMBSTONE /data/data/gmlogger/gmcrashlogs/crashlog3_59922c03d90c03262fe4
CRASH   b06e08006a7046c7c499  2019-04-20/23:32:14  JAVACRASH /data/data/gmlogger/gmcrashlogs/crashlog4_b06e08006a7046c7c499
UPTIME  00000000000000000000  2019-04-21/12:49:19  0000:00:00
REBOOT  156c0cd76579e52710d3  2019-04-21/12:49:19  POWER-ON         0000:00:00
INFO    4126e8d069bb882fe1ba  2019-04-21/12:49:20  BOOT_LOGS /data/data/gmlogger/gmcrashlogs/stats9_4126e8d069bb882fe1ba
STATE   f7f0038855d9f3ea891b  2019-04-21/12:49:20  UNKNOWN_ENCRYPTION
ERROR   a07c6db398ddf0b6917d  2019-04-21/12:49:20  CRASHLOG_WATCHER /data/data/gmlogger/gmcrashlogs/info
--------- beginning of main
04-21 12:49:19.069  2395  2472 D pulseaudio: [combine] module-combine-sink.c: Sink update requested latency 12.00
04-21 12:49:19.069  2395  2541 D pulseaudio: [alsa-sink-csm_amp] sink.c: Found underrun 4608 bytes ago (2304 bytes ahead in playback buffer)
04-21 12:49:19.069  2395  2542 D pulseaudio: [alsa-sink-csm_rsi] sink.c: Found underrun 3072 bytes ago (1536 bytes ahead in playback buffer)
04-21 12:49:19.069  2395  2541 D pulseaudio: [alsa-sink-csm_amp] sink.c: Found underrun 4608 bytes ago (2304 bytes ahead in playback buffer)
04-21 12:49:19.069  2395  2460 D pulseaudio: [alsa-sink-Dirana Pb (*)] sink.c: Found underrun 5120 bytes ago (4096 bytes ahead in playback buffer)
04-21 12:49:19.069  2395  2542 D pulseaudio: [alsa-sink-csm_rsi] sink.c: Found underrun 3072 bytes ago (1536 bytes ahead in playback buffer)
04-21 12:49:19.070  2544  2544 D HarmanHal: open: snd_pcm_open --> ok. dev = 256, mPcmHandle = 0x0xf516c300
04-21 12:49:19.070  2544  2544 D HarmanHal: set: channel = 3, format = 1, rate = 48000
04-21 12:49:19.070  2544  2544 D HarmanHal: set: channel_mask = 3, format = 1, dstChannel = 2
04-21 12:49:19.070  2544  2544 I AudioFlinger: AudioStreamOut::open(), mHalFormatIsLinearPcm = 1
04-21 12:49:19.070  2544  2544 D HarmanHal: getFormat: format = 1
04-21 12:49:19.070  2544  2544 D HarmanHal: getChannels: channel mask = 3
04-21 12:49:19.070  2544  2544 D HarmanHal: getSampleRate: rate = 48000
04-21 12:49:19.070  2544  2544 D HarmanHal: getChannels: channel mask = 3
04-21 12:49:19.070  2544  2544 D HarmanHal: getFormat: format = 1
04-21 12:49:19.070  2544  2544 D HarmanHal: getFormat: format = 1
04-21 12:49:19.070  2544  2544 I AudioFlinger: HAL output buffer size 384 frames, normal sink buffer size 768 frames
04-21 12:49:19.070  2544  2544 D HarmanHal: getFormat: format = 1
04-21 12:49:19.070  2544  2544 D HarmanHal: getSampleRate: rate = 48000
04-21 12:49:19.070  2544  2544 D HarmanHal: getChannels: channel mask = 3
04-21 12:49:19.072  2544  2632 I AudioFlinger: AudioFlinger's thread 0xee680000 ready to run
04-21 12:49:19.072  2544  2632 D HarmanHal: createAudioPatch: sourcesCount=1, source type =2
04-21 12:49:19.072  2544  2632 D HarmanHal: createAudioPatch: sinksCount=1, sink type =1
04-21 12:49:19.072  2544  2632 W HarmanHal: standby: -->setStandby(true)
04-21 12:49:19.072  2544  2632 D HarmanHal: StreamOut::setStandby() isSet = 1, isActive = 1, dev = 256
04-21 12:49:19.072  2544  2632 D HarmanHal: PcmWrapper::close: device = 256
04-21 12:49:19.072  2544  2632 E ALSALIB : snd_pcm_drain() entry... draining pcm pcmMutexPrompt_p
04-21 12:49:19.073  1974  2188 E vehicle_abstraction: CODIDynamicDataGroup::processRxGroupSignal ODI data (dataID = 49) not mapped (fucID = 7) 
04-21 12:49:19.074  2395  2472 D pulseaudio: [combine] sink-input.c: Requesting rewind due to corking
04-21 12:49:19.074  2395  2395 D pulseaudio: [pulseaudio] module-suspend-on-idle.c: Sink combined becomes idle, timeout in 10 seconds.
04-21 12:49:19.075  2544  2632 E ALSALIB : snd_pcm_drain(): pcm pcmMutexPrompt_p drain done, ret=0
04-21 12:49:19.075  2544  2632 E ALSALIB : snd_pcm_close() entry... closing pcmMutexPrompt_p
04-21 12:49:19.075  2544  2632 E ALSALIB : snd_pcm_drop() entry... dropping pcm pcmMutexPrompt_p
04-21 12:49:19.077  2395  2542 D pulseaudio: [alsa-sink-csm_rsi] sink.c: Found underrun 1536 bytes ago (3072 bytes ahead in playback buffer)
04-21 12:49:19.077  2395  2541 D pulseaudio: [alsa-sink-csm_amp] sink.c: Found underrun 2304 bytes ago (4608 bytes ahead in playback buffer)
04-21 12:49:19.078  2395  2460 D pulseaudio: [alsa-sink-Dirana Pb (*)] sink.c: Found underrun 4096 bytes ago (5120 bytes ahead in playback buffer)
04-21 12:49:19.078  2544  2632 E ALSALIB : snd_pcm_drop(): pcm pcmMutexPrompt_p drop done, ret=0
04-21 12:49:19.078  2544  2632 E ALSALIB : snd_pcm_close() pcmMutexPrompt_p closed, ret=0
04-21 12:49:19.078  2395  2472 D pulseaudio: [combine] module-combine-sink.c: Sink update requested latency 12.00
04-21 12:49:19.078  2395  2542 D pulseaudio: [alsa-sink-csm_rsi] sink.c: Found underrun 1536 bytes ago (3072 bytes ahead in playback buffer)
04-21 12:49:19.078  2395  2541 D pulseaudio: [alsa-sink-csm_amp] sink.c: Found underrun 2304 bytes ago (4608 bytes ahead in playback buffer)
04-21 12:49:19.078  2395  2395 D pulseaudio: [pulseaudio] module-suspend-on-idle.c: Sink combined becomes idle, timeout in 10 seconds.
04-21 12:49:19.078  2395  2460 D pulseaudio: [alsa-sink-Dirana Pb (*)] sink.c: Found underrun 4096 bytes ago (5120 bytes ahead in playback buffer)
04-21 12:49:19.078  2395  2541 D pulseaudio: [alsa-sink-csm_amp] sink.c: Found underrun 2304 bytes ago (4608 bytes ahead in playback buffer)
04-21 12:49:19.078  2395  2542 D pulseaudio: [alsa-sink-csm_rsi] sink.c: Found underrun 1536 bytes ago (3072 bytes ahead in playback buffer)
04-21 12:49:19.078  2395  2395 I pulseaudio: [pulseaudio] sink-input.c: Freeing input 6 "ALSA Playback:pcmMutexPrompt_p"
04-21 12:49:19.078  2395  2460 D pulseaudio: [alsa-sink-Dirana Pb (*)] sink.c: Found underrun 4096 bytes ago (5120 bytes ahead in playback buffer)
04-21 12:49:19.078  2395  2395 I pulseaudio: [pulseaudio] client.c: Freed 4 "ALSA plug-in [mediaserver]"
04-21 12:49:19.079  2395  2395 I pulseaudio: [pulseaudio] protocol-native.c: Connection terminated.
04-21 12:49:19.079  2544  2544 I AudioFlinger: openOutput(), module 1 Device 8, SamplingRate 48000, Format 0x000001, Channels 3, flags 0
04-21 12:49:19.079  2544  2544 D HarmanHal: openOutputStream: handle=10, flags=0, devices: 0x8
04-21 12:49:19.079  2544  2544 E HarmanHal: openOutputStream: flags = 0x2
04-21 12:49:19.079  2544  2544 D HarmanHal: openPcmOut: new PcmWrapper, dev = 8192
04-21 12:49:19.079  2544  2544 E HarmanHal: open: flag = 2, device = 8192
04-21 12:49:19.079  2544  2544 E ALSALIB : snd_pcm_open(): opening PCM name: pcmMutexRsi1_p
04-21 12:49:19.080  2395  2395 I pulseaudio: [pulseaudio] client.c: Created 5 "Native client (UNIX socket client)"
04-21 12:49:19.081  2395  2542 D pulseaudio: [alsa-sink-csm_rsi] sink.c: Found underrun 3072 bytes ago (1536 bytes ahead in playback buffer)
04-21 12:49:19.081  2395  2541 D pulseaudio: [alsa-sink-csm_amp] sink.c: Found underrun 4608 bytes ago (2304 bytes ahead in playback buffer)
04-21 12:49:19.081  2395  2395 D pulseaudio: [pulseaudio] protocol-native.c: Protocol version: remote 30, local 30
04-21 12:49:19.081  2395  2395 I pulseaudio: [pulseaudio] protocol-native.c: Got credentials: uid=1013 gid=1005 success=1
04-21 12:49:19.081  2395  2395 D pulseaudio: [pulseaudio] protocol-native.c: SHM possible: no
04-21 12:49:19.082  2395  2395 D pulseaudio: [pulseaudio] protocol-native.c: Negotiated SHM: no
04-21 12:49:19.082  2395  2395 D pulseaudio: [pulseaudio] protocol-native.c: Disabling srbchannel, reason: Must be enabled by module parameter
04-21 12:49:19.082  2395  2460 D pulseaudio: [alsa-sink-Dirana Pb (*)] sink.c: Found underrun 7168 bytes ago (2048 bytes ahead in playback buffer)
04-21 12:49:19.082  2544  2544 E ALSALIB : snd_pcm_open() open pcmMutexRsi1_p done, ret=0
04-21 12:49:19.082  2544  2544 D HarmanHal: PcmWrapper::openPort: port = pcmMutexRsi1_p, pcmHandle = 0x0xf516c580
04-21 12:49:19.082  2395  2395 D pulseaudio: [pulseaudio] sink-input.c: Negotiated format: pcm, format.sample_format = "\"s16le\""  format.rate = "48000"  format.channels = "2"  format.channel_map = "\"aux0,aux1\""
04-21 12:49:19.082  2395  2395 I pulseaudio: [pulseaudio] sink-input.c: Trying to change sample rate
04-21 12:49:19.082  2395  2395 I pulseaudio: [pulseaudio] sink-input.c: Rate changed to 48000 Hz
04-21 12:49:19.083  2395  2395 D pulseaudio: [pulseaudio] module-suspend-on-idle.c: Sink combined becomes busy, resuming.
04-21 12:49:19.083  2395  2395 D pulseaudio: [pulseaudio] module-suspend-on-idle.c: Sink combined becomes idle, timeout in 10 seconds.
04-21 12:49:19.083  2395  2395 I pulseaudio: [pulseaudio] resampler.c: Forcing resampler 'copy', because of fixed, identical sample rates.
04-21 12:49:19.083  2395  2395 D pulseaudio: [pulseaudio] resampler.c: Resampler:
04-21 12:49:19.083  2395  2395 D pulseaudio: [pulseaudio] resampler.c:   rate 48000 -> 48000 (method copy)
04-21 12:49:19.083  2395  2395 D pulseaudio: [pulseaudio] resampler.c:   format s16le -> s16le (intermediate s16le)
04-21 12:49:19.083  2395  2395 D pulseaudio: [pulseaudio] resampler.c:   channels 2 -> 8 (resampling 2)
04-21 12:49:19.083  2395  2395 D pulseaudio: [pulseaudio] resampler.c: Channel matrix:
04-21 12:49:19.083  2395  2395 D pulseaudio: [pulseaudio] resampler.c:        I00   I01 
04-21 12:49:19.083  2395  2395 D pulseaudio: [pulseaudio] resampler.c:     +------------
04-21 12:49:19.083  2395  2395 D pulseaudio: [pulseaudio] resampler.c: O00 | 1.000 0.000
04-21 12:49:19.083  2395  2395 D pulseaudio: [pulseaudio] resampler.c: O01 | 0.000 1.000
04-21 12:49:19.083  2395  2395 D pulseaudio: [pulseaudio] resampler.c: O02 | 0.000 0.000
04-21 12:49:19.083  2395  2395 D pulseaudio: [pulseaudio] resampler.c: O03 | 0.000 0.000
04-21 12:49:19.083  2395  2395 D pulseaudio: [pulseaudio] resampler.c: O04 | 0.000 0.000
04-21 12:49:19.083  2395  2395 D pulseaudio: [pulseaudio] resampler.c: O05 | 0.000 0.000
04-21 12:49:19.083  2395  2395 D pulseaudio: [pulseaudio] resampler.c: O06 | 0.000 0.000
04-21 12:49:19.083  2395  2395 D pulseaudio: [pulseaudio] resampler.c: O07 | 0.000 0.000
04-21 12:49:19.083  2395  2395 I pulseaudio: [pulseaudio] remap.c: Using generic matrix remapping
04-21 12:49:19.083  2395  2395 D pulseaudio: [pulseaudio] memblockq.c: memblockq requested: maxlength=33554432, tlength=0, base=16, prebuf=0, minreq=1 maxrewind=0
04-21 12:49:19.083  2395  2395 D pulseaudio: [pulseaudio] memblockq.c: memblockq sanitized: maxlength=33554432, tlength=33554432, base=16, prebuf=0, minreq=16 maxrewind=0
04-21 12:49:19.083  2395  2395 I pulseaudio: [pulseaudio] sink-input.c: Created input 7 "ALSA Playback:pcmMutexRsi1_p" on combined with sample spec s16le 2ch 48000Hz and channel map aux0,aux1
04-21 12:49:19.083  2395  2395 I pulseaudio: [pulseaudio] sink-input.c:     media.name = "ALSA Playback:pcmMutexRsi1_p"
04-21 12:49:19.083  2395  2395 I pulseaudio: [pulseaudio] sink-input.c:     application.name = "ALSA plug-in [mediaserver]"
04-21 12:49:19.083  2395  2395 I pulseaudio: [pulseaudio] sink-input.c:     native-protocol.peer = "UNIX socket client"
04-21 12:49:19.083  2395  2395 I pulseaudio: [pulseaudio] sink-input.c:     native-protocol.version = "30"
04-21 12:49:19.083  2395  2395 I pulseaudio: [pulseaudio] sink-input.c:     application.process.id = "2544"
04-21 12:49:19.083  2395  2395 I pulseaudio: [pulseaudio] sink-input.c:     application.process.user = "media"
04-21 12:49:19.083  2395  2395 I pulseaudio: [pulseaudio] sink-input.c:     application.process.host = "localhost"
04-21 12:49:19.083  2395  2395 I pulseaudio: [pulseaudio] sink-input.c:     application.process.binary = "pulse-thread-ml"
04-21 12:49:19.083  2395  2395 I pulseaudio: [pulseaudio] sink-input.c:     application.language = "C.UTF-8"
04-21 12:49:19.083  2395  2395 I pulseaudio: [pulseaudio] sink-input.c:     application.process.machine_id = "localhost"
04-21 12:49:19.083  2395  2395 I pulseaudio: [pulseaudio] protocol-native.c: Requested tlength=24.00 ms, minreq=8.00 ms
04-21 12:49:19.083  2395  2395 D pulseaudio: [pulseaudio] protocol-native.c: Early requests mode enabled, configuring sink latency to minreq.
04-21 12:49:19.084  2395  2395 D pulseaudio: [pulseaudio] protocol-native.c: Could not configure a sufficiently low latency. Early requests might not be satisifed.
04-21 12:49:19.084  2395  2395 D pulseaudio: [pulseaudio] protocol-native.c: Requested latency=8.00 ms, Received latency=12.00 ms
04-21 12:49:19.084  2395  2395 D pulseaudio: [pulseaudio] memblockq.c: memblockq requested: maxlength=4194304, tlength=5376, base=4, prebuf=3072, minreq=1536 maxrewind=0
04-21 12:49:19.084  2395  2395 D pulseaudio: [pulseaudio] memblockq.c: memblockq sanitized: maxlength=4194304, tlength=5376, base=4, prebuf=3072, minreq=1536 maxrewind=0
04-21 12:49:19.084  2395  2395 I pulseaudio: [pulseaudio] protocol-native.c: Final latency 40.00 ms = 12.00 ms + 2*8.00 ms + 12.00 ms
04-21 12:49:19.084  2395  2472 D pulseaudio: [combine] module-combine-sink.c: Sink update requested latency 12.00
04-21 12:49:19.084  2395  2542 D pulseaudio: [alsa-sink-csm_rsi] sink.c: Found underrun 3072 bytes ago (1536 bytes ahead in playback buffer)
04-21 12:49:19.084  2395  2542 D pulseaudio: [alsa-sink-csm_rsi] sink.c: Found underrun 3072 bytes ago (1536 bytes ahead in playback buffer)
04-21 12:49:19.084  2395  2541 D pulseaudio: [alsa-sink-csm_amp] sink.c: Found underrun 4608 bytes ago (2304 bytes ahead in playback buffer)
04-21 12:49:19.084  2395  2541 D pulseaudio: [alsa-sink-csm_amp] sink.c: Found underrun 4608 bytes ago (2304 bytes ahead in playback buffer)
04-21 12:49:19.084  2395  2542 D pulseaudio: [alsa-sink-csm_rsi] sink.c: Found underrun 3072 bytes ago (1536 bytes ahead in playback buffer)
04-21 12:49:19.084  2395  2541 D pulseaudio: [alsa-sink-csm_amp] sink.c: Found underrun 4608 bytes ago (2304 bytes ahead in playback buffer)
04-21 12:49:19.084  2395  2542 D pulseaudio: [alsa-sink-csm_rsi] sink.c: Found underrun 3072 bytes ago (1536 bytes ahead in playback buffer)
04-21 12:49:19.084  2395  2541 D pulseaudio: [alsa-sink-csm_amp] sink.c: Found underrun 4608 bytes ago (2304 bytes ahead in playback buffer)
04-21 12:49:19.085  2544  2544 D HarmanHal: open: snd_pcm_open --> ok. dev = 8192, mPcmHandle = 0x0xf516c580
04-21 12:49:19.085  2544  2544 D HarmanHal: set: channel = 3, format = 1, rate = 48000
04-21 12:49:19.085  2544  2544 D HarmanHal: set: channel_mask = 3, format = 1, dstChannel = 2
04-21 12:49:19.085  2544  2544 I AudioFlinger: AudioStreamOut::open(), mHalFormatIsLinearPcm = 1
04-21 12:49:19.085  2544  2544 D HarmanHal: getFormat: format = 1
04-21 12:49:19.086  2544  2544 D HarmanHal: getChannels: channel mask = 3
04-21 12:49:19.086  2544  2544 D HarmanHal: getSampleRate: rate = 48000
04-21 12:49:19.086  2544  2544 D HarmanHal: getChannels: channel mask = 3
04-21 12:49:19.086  2544  2544 D HarmanHal: getFormat: format = 1
04-21 12:49:19.086  2544  2544 D HarmanHal: getFormat: format = 1
04-21 12:49:19.086  2544  2544 I AudioFlinger: HAL output buffer size 384 frames, normal sink buffer size 768 frames
04-21 12:49:19.086  2544  2544 D HarmanHal: getFormat: format = 1
04-21 12:49:19.086  2544  2544 D HarmanHal: getSampleRate: rate = 48000
04-21 12:49:19.086  2544  2544 D HarmanHal: getChannels: channel mask = 3
04-21 12:49:19.088  2544  2635 I AudioFlinger: AudioFlinger's thread 0xee340000 ready to run
04-21 12:49:19.088  2544  2635 D HarmanHal: createAudioPatch: sourcesCount=1, source type =2
04-21 12:49:19.088  2544  2635 D HarmanHal: createAudioPatch: sinksCount=1, sink type =1
04-21 12:49:19.088  2544  2635 W HarmanHal: standby: -->setStandby(true)
04-21 12:49:19.088  2544  2635 D HarmanHal: StreamOut::setStandby() isSet = 1, isActive = 1, dev = 8192
04-21 12:49:19.088  2544  2635 D HarmanHal: PcmWrapper::close: device = 8192
04-21 12:49:19.088  2544  2635 E ALSALIB : snd_pcm_drain() entry... draining pcm pcmMutexRsi1_p
04-21 12:49:19.090  2395  2472 D pulseaudio: [combine] sink-input.c: Requesting rewind due to corking
04-21 12:49:19.090  2395  2395 D pulseaudio: [pulseaudio] module-suspend-on-idle.c: Sink combined becomes idle, timeout in 10 seconds.
04-21 12:49:19.091  2544  2635 E ALSALIB : snd_pcm_drain(): pcm pcmMutexRsi1_p drain done, ret=0
04-21 12:49:19.091  2544  2635 E ALSALIB : snd_pcm_close() entry... closing pcmMutexRsi1_p
04-21 12:49:19.091  2544  2635 E ALSALIB : snd_pcm_drop() entry... dropping pcm pcmMutexRsi1_p
04-21 12:49:19.092  2544  2635 E ALSALIB : snd_pcm_drop(): pcm pcmMutexRsi1_p drop done, ret=0
04-21 12:49:19.093  2395  2542 D pulseaudio: [alsa-sink-csm_rsi] sink.c: Found underrun 1536 bytes ago (3072 bytes ahead in playback buffer)
04-21 12:49:19.093  2395  2541 D pulseaudio: [alsa-sink-csm_amp] sink.c: Found underrun 2304 bytes ago (4608 bytes ahead in playback buffer)
04-21 12:49:19.093  2395  2472 D pulseaudio: [combine] module-combine-sink.c: Sink update requested latency 12.00
04-21 12:49:19.093  2395  2541 D pulseaudio: [alsa-sink-csm_amp] sink.c: Found underrun 2304 bytes ago (4608 bytes ahead in playback buffer)
04-21 12:49:19.093  2395  2541 D pulseaudio: [alsa-sink-csm_amp] sink.c: Found underrun 2304 bytes ago (4608 bytes ahead in playback buffer)
04-21 12:49:19.093  2395  2542 D pulseaudio: [alsa-sink-csm_rsi] sink.c: Found underrun 1536 bytes ago (3072 bytes ahead in playback buffer)
04-21 12:49:19.093  2395  2395 D pulseaudio: [pulseaudio] module-suspend-on-idle.c: Sink combined becomes idle, timeout in 10 seconds.
04-21 12:49:19.093  2395  2460 D pulseaudio: [alsa-sink-Dirana Pb (*)] sink.c: Found underrun 2048 bytes ago (7168 bytes ahead in playback buffer)
04-21 12:49:19.093  2395  2542 D pulseaudio: [alsa-sink-csm_rsi] sink.c: Found underrun 1536 bytes ago (3072 bytes ahead in playback buffer)
04-21 12:49:19.093  2395  2395 I pulseaudio: [pulseaudio] sink-input.c: Freeing input 7 "ALSA Playback:pcmMutexRsi1_p"
04-21 12:49:19.093  2395  2395 I pulseaudio: [pulseaudio] client.c: Freed 5 "ALSA plug-in [mediaserver]"
04-21 12:49:19.093  2395  2395 I pulseaudio: [pulseaudio] protocol-native.c: Connection terminated.
04-21 12:49:19.093  2544  2635 E ALSALIB : snd_pcm_close() pcmMutexRsi1_p closed, ret=0
04-21 12:49:19.094  2544  2544 I AudioFlinger: openOutput(), module 1 Device 1000000, SamplingRate 48000, Format 0x000001, Channels 3, flags 0
04-21 12:49:19.094  2544  2544 D HarmanHal: openOutputStream: handle=12, flags=0, devices: 0x1000000
04-21 12:49:19.094  2544  2544 E HarmanHal: openOutputStream: flags = 0x2
04-21 12:49:19.094  2544  2544 D HarmanHal: openPcmOut: new PcmWrapper, dev = 16384
04-21 12:49:19.094  2544  2544 E HarmanHal: open: flag = 2, device = 16384
04-21 12:49:19.094  2544  2544 E ALSALIB : snd_pcm_open(): opening PCM name: pcmMutexRsi2_p
04-21 12:49:19.095  2395  2395 I pulseaudio: [pulseaudio] client.c: Created 6 "Native client (UNIX socket client)"
04-21 12:49:19.096  2395  2395 D pulseaudio: [pulseaudio] protocol-native.c: Protocol version: remote 30, local 30
04-21 12:49:19.096  2395  2395 I pulseaudio: [pulseaudio] protocol-native.c: Got credentials: uid=1013 gid=1005 success=1
04-21 12:49:19.096  2395  2395 D pulseaudio: [pulseaudio] protocol-native.c: SHM possible: no
04-21 12:49:19.096  2395  2395 D pulseaudio: [pulseaudio] protocol-native.c: Negotiated SHM: no
04-21 12:49:19.096  2395  2395 D pulseaudio: [pulseaudio] protocol-native.c: Disabling srbchannel, reason: Must be enabled by module parameter
04-21 12:49:19.097  2395  2542 D pulseaudio: [alsa-sink-csm_rsi] sink.c: Found underrun 3072 bytes ago (1536 bytes ahead in playback buffer)
04-21 12:49:19.097  2395  2541 D pulseaudio: [alsa-sink-csm_amp] sink.c: Found underrun 4608 bytes ago (2304 bytes ahead in playback buffer)
04-21 12:49:19.098  2395  2460 D pulseaudio: [alsa-sink-Dirana Pb (*)] sink.c: Found underrun 6144 bytes ago (3072 bytes ahead in playback buffer)
04-21 12:49:19.098  2544  2544 E ALSALIB : snd_pcm_open() open pcmMutexRsi2_p done, ret=0
04-21 12:49:19.098  2544  2544 D HarmanHal: PcmWrapper::openPort: port = pcmMutexRsi2_p, pcmHandle = 0x0xf516c800
04-21 12:49:19.099  2395  2395 D pulseaudio: [pulseaudio] sink-input.c: Negotiated format: pcm, format.sample_format = "\"s16le\""  format.rate = "48000"  format.channels = "2"  format.channel_map = "\"aux0,aux1\""
04-21 12:49:19.099  2395  2395 I pulseaudio: [pulseaudio] sink-input.c: Trying to change sample rate
04-21 12:49:19.099  2395  2395 I pulseaudio: [pulseaudio] sink-input.c: Rate changed to 48000 Hz
04-21 12:49:19.099  2395  2395 D pulseaudio: [pulseaudio] module-suspend-on-idle.c: Sink combined becomes busy, resuming.
04-21 12:49:19.099  2395  2395 D pulseaudio: [pulseaudio] module-suspend-on-idle.c: Sink combined becomes idle, timeout in 10 seconds.
04-21 12:49:19.099  2395  2395 I pulseaudio: [pulseaudio] resampler.c: Forcing resampler 'copy', because of fixed, identical sample rates.
04-21 12:49:19.099  2395  2395 D pulseaudio: [pulseaudio] resampler.c: Resampler:
04-21 12:49:19.099  2395  2395 D pulseaudio: [pulseaudio] resampler.c:   rate 48000 -> 48000 (method copy)
04-21 12:49:19.099  2395  2395 D pulseaudio: [pulseaudio] resampler.c:   format s16le -> s16le (intermediate s16le)
04-21 12:49:19.099  2395  2395 D pulseaudio: [pulseaudio] resampler.c:   channels 2 -> 8 (resampling 2)
04-21 12:49:19.100  2395  2395 D pulseaudio: [pulseaudio] resampler.c: Channel matrix:
04-21 12:49:19.100  2395  2395 D pulseaudio: [pulseaudio] resampler.c:        I00   I01 
04-21 12:49:19.100  2395  2395 D pulseaudio: [pulseaudio] resampler.c:     +------------
04-21 12:49:19.100  2395  2395 D pulseaudio: [pulseaudio] resampler.c: O00 | 1.000 0.000
04-21 12:49:19.100  2395  2395 D pulseaudio: [pulseaudio] resampler.c: O01 | 0.000 1.000
04-21 12:49:19.100  2395  2395 D pulseaudio: [pulseaudio] resampler.c: O02 | 0.000 0.000
04-21 12:49:19.100  2395  2395 D pulseaudio: [pulseaudio] resampler.c: O03 | 0.000 0.000
04-21 12:49:19.100  2395  2395 D pulseaudio: [pulseaudio] resampler.c: O04 | 0.000 0.000
04-21 12:49:19.100  2395  2395 D pulseaudio: [pulseaudio] resampler.c: O05 | 0.000 0.000
04-21 12:49:19.100  2395  2395 D pulseaudio: [pulseaudio] resampler.c: O06 | 0.000 0.000
04-21 12:49:19.100  2395  2395 D pulseaudio: [pulseaudio] resampler.c: O07 | 0.000 0.000
04-21 12:49:19.100  2395  2395 I pulseaudio: [pulseaudio] remap.c: Using generic matrix remapping
04-21 12:49:19.100  2395  2395 D pulseaudio: [pulseaudio] memblockq.c: memblockq requested: maxlength=33554432, tlength=0, base=16, prebuf=0, minreq=1 maxrewind=0
04-21 12:49:19.100  2395  2395 D pulseaudio: [pulseaudio] memblockq.c: memblockq sanitized: maxlength=33554432, tlength=33554432, base=16, prebuf=0, minreq=16 maxrewind=0
04-21 12:49:19.100  2395  2395 I pulseaudio: [pulseaudio] sink-input.c: Created input 8 "ALSA Playback:pcmMutexRsi2_p" on combined with sample spec s16le 2ch 48000Hz and channel map aux0,aux1
04-21 12:49:19.100  2395  2395 I pulseaudio: [pulseaudio] sink-input.c:     media.name = "ALSA Playback:pcmMutexRsi2_p"
04-21 12:49:19.100  2395  2395 I pulseaudio: [pulseaudio] sink-input.c:     application.name = "ALSA plug-in [mediaserver]"
04-21 12:49:19.100  2395  2395 I pulseaudio: [pulseaudio] sink-input.c:     native-protocol.peer = "UNIX socket client"
04-21 12:49:19.100  2395  2395 I pulseaudio: [pulseaudio] sink-input.c:     native-protocol.version = "30"
04-21 12:49:19.100  2395  2395 I pulseaudio: [pulseaudio] sink-input.c:     application.process.id = "2544"
04-21 12:49:19.100  2395  2395 I pulseaudio: [pulseaudio] sink-input.c:     application.process.user = "media"
04-21 12:49:19.100  2395  2395 I pulseaudio: [pulseaudio] sink-input.c:     application.process.host = "localhost"
04-21 12:49:19.100  2395  2395 I pulseaudio: [pulseaudio] sink-input.c:     application.process.binary = "pulse-thread-ml"
04-21 12:49:19.100  2395  2395 I pulseaudio: [pulseaudio] sink-input.c:     application.language = "C.UTF-8"
04-21 12:49:19.100  2395  2395 I pulseaudio: [pulseaudio] sink-input.c:     application.process.machine_id = "localhost"
04-21 12:49:19.100  2395  2395 I pulseaudio: [pulseaudio] protocol-native.c: Requested tlength=24.00 ms, minreq=8.00 ms
04-21 12:49:19.100  2395  2395 D pulseaudio: [pulseaudio] protocol-native.c: Early requests mode enabled, configuring sink latency to minreq.
04-21 12:49:19.100  2395  2395 D pulseaudio: [pulseaudio] protocol-native.c: Could not configure a sufficiently low latency. Early requests might not be satisifed.
04-21 12:49:19.100  2395  2395 D pulseaudio: [pulseaudio] protocol-native.c: Requested latency=8.00 ms, Received latency=12.00 ms
04-21 12:49:19.100  2395  2395 D pulseaudio: [pulseaudio] memblockq.c: memblockq requested: maxlength=4194304, tlength=5376, base=4, prebuf=3072, minreq=1536 maxrewind=0
04-21 12:49:19.100  2395  2395 D pulseaudio: [pulseaudio] memblockq.c: memblockq sanitized: maxlength=4194304, tlength=5376, base=4, prebuf=3072, minreq=1536 maxrewind=0
04-21 12:49:19.100  2395  2395 I pulseaudio: [pulseaudio] protocol-native.c: Final latency 40.00 ms = 12.00 ms + 2*8.00 ms + 12.00 ms
04-21 12:49:19.100  2395  2472 D pulseaudio: [combine] module-combine-sink.c: Sink update requested latency 12.00
04-21 12:49:19.101  2395  2541 D pulseaudio: [alsa-sink-csm_amp] sink.c: Found underrun 4608 bytes ago (2304 bytes ahead in playback buffer)
04-21 12:49:19.101  2395  2542 D pulseaudio: [alsa-sink-csm_rsi] sink.c: Found underrun 3072 bytes ago (1536 bytes ahead in playback buffer)
04-21 12:49:19.101  2395  2542 D pulseaudio: [alsa-sink-csm_rsi] sink.c: Found underrun 3072 bytes ago (1536 bytes ahead in playback buffer)
04-21 12:49:19.101  2395  2541 D pulseaudio: [alsa-sink-csm_amp] sink.c: Found underrun 4608 bytes ago (2304 bytes ahead in playback buffer)
04-21 12:49:19.101  1974  2188 E vehicle_abstraction: CODIDynamicDataGroup::processRxGroupSignal ODI data (dataID = 50) not mapped (fucID = 7) 
04-21 12:49:19.102  2544  2544 D HarmanHal: open: snd_pcm_open --> ok. dev = 16384, mPcmHandle = 0x0xf516c800
04-21 12:49:19.102  2544  2544 D HarmanHal: set: channel = 3, format = 1, rate = 48000
04-21 12:49:19.102  2544  2544 D HarmanHal: set: channel_mask = 3, format = 1, dstChannel = 2
04-21 12:49:19.102  2544  2544 I AudioFlinger: AudioStreamOut::open(), mHalFormatIsLinearPcm = 1
04-21 12:49:19.102  2544  2544 D HarmanHal: getFormat: format = 1
04-21 12:49:19.102  2544  2544 D HarmanHal: getChannels: channel mask = 3
04-21 12:49:19.103  2544  2544 D HarmanHal: getSampleRate: rate = 48000
04-21 12:49:19.103  2544  2544 D HarmanHal: getChannels: channel mask = 3
04-21 12:49:19.103  2544  2544 D HarmanHal: getFormat: format = 1
04-21 12:49:19.103  2544  2544 D HarmanHal: getFormat: format = 1
04-21 12:49:19.103  2544  2544 I AudioFlinger: HAL output buffer size 384 frames, normal sink buffer size 768 frames
04-21 12:49:19.103  2544  2544 D HarmanHal: getFormat: format = 1
04-21 12:49:19.103  2544  2544 D HarmanHal: getSampleRate: rate = 48000
04-21 12:49:19.103  2544  2544 D HarmanHal: getChannels: channel mask = 3
04-21 12:49:19.103  2544  2638 I AudioFlinger: AudioFlinger's thread 0xedfc0000 ready to run
04-21 12:49:19.104  2544  2638 D HarmanHal: createAudioPatch: sourcesCount=1, source type =2
04-21 12:49:19.104  2544  2638 D HarmanHal: createAudioPatch: sinksCount=1, sink type =1
04-21 12:49:19.104  2544  2638 W HarmanHal: standby: -->setStandby(true)
04-21 12:49:19.104  2544  2638 D HarmanHal: StreamOut::setStandby() isSet = 1, isActive = 1, dev = 16384
04-21 12:49:19.104  2544  2638 D HarmanHal: PcmWrapper::close: device = 16384
04-21 12:49:19.104  2544  2638 E ALSALIB : snd_pcm_drain() entry... draining pcm pcmMutexRsi2_p
04-21 12:49:19.106  2395  2472 D pulseaudio: [combine] sink-input.c: Requesting rewind due to corking
04-21 12:49:19.106  2395  2395 D pulseaudio: [pulseaudio] module-suspend-on-idle.c: Sink combined becomes idle, timeout in 10 seconds.
04-21 12:49:19.107  2544  2638 E ALSALIB : snd_pcm_drain(): pcm pcmMutexRsi2_p drain done, ret=0
04-21 12:49:19.107  2544  2638 E ALSALIB : snd_pcm_close() entry... closing pcmMutexRsi2_p
04-21 12:49:19.107  2544  2638 E ALSALIB : snd_pcm_drop() entry... dropping pcm pcmMutexRsi2_p
04-21 12:49:19.108  2544  2638 E ALSALIB : snd_pcm_drop(): pcm pcmMutexRsi2_p drop done, ret=0
04-21 12:49:19.108  2395  2472 D pulseaudio: [combine] module-combine-sink.c: Sink update requested latency 12.00
04-21 12:49:19.108  2544  2638 E ALSALIB : snd_pcm_close() pcmMutexRsi2_p closed, ret=0
04-21 12:49:19.108  2395  2395 D pulseaudio: [pulseaudio] module-suspend-on-idle.c: Sink combined becomes idle, timeout in 10 seconds.
04-21 12:49:19.108  2395  2395 I pulseaudio: [pulseaudio] sink-input.c: Freeing input 8 "ALSA Playback:pcmMutexRsi2_p"
04-21 12:49:19.109  2395  2460 D pulseaudio: [alsa-sink-Dirana Pb (*)] sink.c: Found underrun 1024 bytes ago (8192 bytes ahead in playback buffer)
04-21 12:49:19.109  2395  2395 I pulseaudio: [pulseaudio] client.c: Freed 6 "ALSA plug-in [mediaserver]"
04-21 12:49:19.109  2395  2395 I pulseaudio: [pulseaudio] protocol-native.c: Connection terminated.
04-21 12:49:19.109  2395  2542 D pulseaudio: [alsa-sink-csm_rsi] sink.c: Found underrun 1536 bytes ago (3072 bytes ahead in playback buffer)
04-21 12:49:19.109  2395  2541 D pulseaudio: [alsa-sink-csm_amp] sink.c: Found underrun 2304 bytes ago (4608 bytes ahead in playback buffer)
04-21 12:49:19.109  2544  2544 D HarmanHal: openInputStream: handle=14, devices: 0x80000004, input source: 0x1, input flags: 0x0
04-21 12:49:19.109  2544  2544 D HarmanHal: openInputStream: channel = 8
04-21 12:49:19.109  2544  2544 D HarmanHal: getMicStreamInInstancegetMicStreamInInstance: new MicStreamIn
04-21 12:49:19.109  2544  2544 D HarmanHal: openPcmIn: new PcmWrapper for Mic, dev = 2
04-21 12:49:19.109  2544  2544 E HarmanHal: open: flag = 1, device = 2
04-21 12:49:19.109  2544  2544 E ALSALIB : snd_pcm_open(): opening PCM name: pcmMicRefIn_VR_c
04-21 12:49:19.111  2544  2544 E ALSALIB : snd_pcm_open() open pcmMicRefIn_VR_c done, ret=0
04-21 12:49:19.111  2544  2544 D HarmanHal: PcmWrapper::openPort: port = pcmMicRefIn_VR_c, pcmHandle = 0x0xf516ca80
04-21 12:49:19.113  2544  2544 D HarmanHal: open: snd_pcm_open --> ok. dev = 2, mPcmHandle = 0x0xf516ca80
04-21 12:49:19.113  2395  2542 D pulseaudio: [alsa-sink-csm_rsi] sink.c: Found underrun 3072 bytes ago (1536 bytes ahead in playback buffer)
04-21 12:49:19.113  2395  2541 D pulseaudio: [alsa-sink-csm_amp] sink.c: Found underrun 4608 bytes ago (2304 bytes ahead in playback buffer)
04-21 12:49:19.113  2544  2544 D HarmanHal: set, Dst : channel = 8, format = 1, rate = 48000
04-21 12:49:19.113  2544  2544 D HarmanHal: set, Src: channel = 8, format = 1, rate = 48000
04-21 12:49:19.113  2544  2544 D HarmanHal: set: channel_mask = 2147483903, format = 1, dstChannel = 8
04-21 12:49:19.113  2544  2544 D HarmanHal: openInputStream: input created with status=0
04-21 12:49:19.114  2544  2544 D HarmanHal: getSampleRate: rate = 48000
04-21 12:49:19.114  2544  2544 D HarmanHal: getChannels: channel mask = 2147483903
04-21 12:49:19.114  2395  2460 D pulseaudio: [alsa-sink-Dirana Pb (*)] sink.c: Found underrun 6144 bytes ago (3072 bytes ahead in playback buffer)
04-21 12:49:19.114  2544  2544 D HarmanHal: getFormat: format = 1
04-21 12:49:19.114  2544  2544 D HarmanHal: getFormat: format = 1
04-21 12:49:19.114  2544  2544 D HarmanHal: getChannels: channel mask = 2147483903
04-21 12:49:19.114  2544  2544 D HarmanHal: getFormat: format = 1
04-21 12:49:19.114  2544  2544 D HarmanHal: getSampleRate: rate = 48000
04-21 12:49:19.114  2544  2544 D HarmanHal: getChannels: channel mask = 2147483903
04-21 12:49:19.114  2544  2639 I AudioFlinger: AudioFlinger's thread 0xf31c0000 ready to run
04-21 12:49:19.114  2544  2544 D HarmanHal: ~MicStreamIn: delete PcmWrapper for Mic
04-21 12:49:19.114  2544  2544 D HarmanHal: PcmWrapper::close: device = 2
04-21 12:49:19.114  2544  2544 E ALSALIB : snd_pcm_drain() entry... draining pcm TDM4RX_dupl_capture
04-21 12:49:19.115  2544  2544 E ALSALIB : snd_pcm_drain(): pcm TDM4RX_dupl_capture drain done, ret=0
04-21 12:49:19.115  2544  2544 E ALSALIB : snd_pcm_close() entry... closing TDM4RX_dupl_capture
04-21 12:49:19.115  2544  2544 E ALSALIB : snd_pcm_drop() entry... dropping pcm TDM4RX_dupl_capture
04-21 12:49:19.115  2544  2544 E ALSALIB : snd_pcm_drop(): pcm TDM4RX_dupl_capture drop done, ret=0
04-21 12:49:19.115  2544  2544 E ALSALIB : snd_pcm_close() entry... closing hw_TDM4RX_dupl_capture
04-21 12:49:19.116  2544  2544 E ALSALIB : snd_pcm_close() hw_TDM4RX_dupl_capture closed, ret=0
04-21 12:49:19.116  2544  2544 E ALSALIB : snd_pcm_close() TDM4RX_dupl_capture closed, ret=0
04-21 12:49:19.116  2544  2544 W APM::AudioPolicyManager: Input device 00800000 unreachable
04-21 12:49:19.117  2544  2544 E SoundTriggerHwService: couldn't load sound trigger module sound_trigger.primary (No such file or directory)
04-21 12:49:19.117  2544  2544 I RadioService: RadioService
04-21 12:49:19.117  2544  2544 I RadioService: onFirstRef
04-21 12:49:19.118  2544  2544 E RadioService: couldn't load radio module radio.primary (No such file or directory)
04-21 12:49:19.127  2329  2329 D ethctrlmgr: SPI read cmd in hex:0x
04-21 12:49:19.127  2329  2329 D ethctrlmgr: 05 
04-21 12:49:19.127  2329  2329 D ethctrlmgr: 09 
04-21 12:49:19.127  2329  2329 D ethctrlmgr: 8f 
04-21 12:49:19.127  2329  2329 D ethctrlmgr: 25 
04-21 12:49:19.127  2329  2329 D ethctrlmgr: 40 
04-21 12:49:19.127  2329  2329 D ethctrlmgr: 00 
04-21 12:49:19.127  2329  2329 D ethctrlmgr: 00 
04-21 12:49:19.127  2329  2329 D ethctrlmgr: 00 
04-21 12:49:19.127  2329  2329 D ethctrlmgr: 00 
04-21 12:49:19.127  2329  2329 D ethctrlmgr: data len to send over IPC is:17
04-21 12:49:19.127  2329  2329 D ethctrlmgr: executeSwitchCmd:sent cmd req 17 bytes
04-21 12:49:19.127  2329  2329 D ethctrlmgr: executeSwitchCmd() diag command waiting for response from server 
04-21 12:49:19.129  2329  2365 V ethctrlmgr: readDataFromIocIpc():data avlbl from ioc ipc
04-21 12:49:19.129  2329  2365 D ethctrlmgr: readDataFromIocIpc():read data from IOC IPC
04-21 12:49:19.129  2329  2365 D ethctrlmgr: readDataFromIocIpc spawned. Waiting to read data
04-21 12:49:19.129  2329  2329 D ethctrlmgr:  executeSwitchCmd(): pthread_cond_timedwait Ret Val = 0  
04-21 12:49:19.129  2329  2329 D ethctrlmgr: executeSwitchCmd(): response available for requested command 
04-21 12:49:19.129  2329  2329 V ethctrlmgr: executeSwitchCmd:completion time:2.072337 msec 
04-21 12:49:19.129  2329  2329 D ethctrlmgr: readBcmRaw(): SPI read command execution successful
04-21 12:49:19.129  2329  2329 D ethctrlmgr: SPI Read Bytes:
04-21 12:49:19.129  2329  2329 D ethctrlmgr: ff 
04-21 12:49:19.129  2329  2329 D ethctrlmgr: ff 
04-21 12:49:19.129  2329  2329 D ethctrlmgr: ff 
04-21 12:49:19.129  2329  2329 D ethctrlmgr: ff 
04-21 12:49:19.129  2329  2329 D ethctrlmgr: ff 
04-21 12:49:19.129  2329  2329 D ethctrlmgr: 00 
04-21 12:49:19.129  2329  2329 D ethctrlmgr: 00 
04-21 12:49:19.129  2329  2329 D ethctrlmgr: 20 
04-21 12:49:19.129  2329  2329 D ethctrlmgr: 04 
04-21 12:49:19.129  2329  2329 D ethctrlmgr: 00 
04-21 12:49:19.129  2329  2329 D ethctrlmgr: 00 
04-21 12:49:19.129  2329  2329 D ethctrlmgr: 00 
04-21 12:49:19.129  2329  2329 D ethctrlmgr: 00 
04-21 12:49:19.129  2329  2329 D ethctrlmgr: 00 
04-21 12:49:19.129  2329  2329 D ethctrlmgr: 00
04-21 12:49:19.129  2329  2329 D ethctrlmgr: SPI read cmd in hex:0x
04-21 12:49:19.129  2329  2329 D ethctrlmgr: 05 
04-21 12:49:19.129  2329  2329 D ethctrlmgr: 09 
04-21 12:49:19.129  2329  2329 D ethctrlmgr: 8f 
04-21 12:49:19.129  2329  2329 D ethctrlmgr: 25 
04-21 12:49:19.129  2329  2329 D ethctrlmgr: 42 
04-21 12:49:19.129  2329  2329 D ethctrlmgr: 00 
04-21 12:49:19.129  2329  2329 D ethctrlmgr: 00 
04-21 12:49:19.129  2329  2329 D ethctrlmgr: 00 
04-21 12:49:19.129  2329  2329 D ethctrlmgr: 00 
04-21 12:49:19.129  2329  2329 D ethctrlmgr: data len to send over IPC is:17
04-21 12:49:19.129  2329  2329 D ethctrlmgr: executeSwitchCmd:sent cmd req 17 bytes
04-21 12:49:19.129  2329  2329 D ethctrlmgr: executeSwitchCmd() diag command waiting for response from server 
04-21 12:49:19.129  1974  2188 E vehicle_abstraction: CODIDynamicDataGroup::processRxGroupSignal ODI data (dataID = 51) not mapped (fucID = 7) 
--------- beginning of system
04-21 12:49:19.130  2545  2545 I VAS/EQTool: addEQUpdateListener() EQUpdate listeners updated
04-21 12:49:19.130  2545  2545 I VAS/EQTool: addEQUpdateListener() EQUpdate listeners updated
04-21 12:49:19.131  1974  2188 E vehicle_abstraction: setIPCReadGlobalAGroupSignalData Signal not found (groupSignal = 0x80F8) 
04-21 12:49:19.131  1974  2188 E vehicle_abstraction: setIPCReadGlobalAGroupSignalData Signal not found (groupSignal = 0x80F9) 
04-21 12:49:19.131  1974  2188 E vehicle_abstraction: setIPCReadGlobalAGroupSignalData Signal not found (groupSignal = 0x80FA) 
04-21 12:49:19.131  2329  2365 V ethctrlmgr: readDataFromIocIpc():data avlbl from ioc ipc
04-21 12:49:19.131  2329  2365 D ethctrlmgr: readDataFromIocIpc():read data from IOC IPC
04-21 12:49:19.131  2329  2365 D ethctrlmgr: readDataFromIocIpc spawned. Waiting to read data
04-21 12:49:19.131  2329  2329 D ethctrlmgr:  executeSwitchCmd(): pthread_cond_timedwait Ret Val = 0  
04-21 12:49:19.131  2329  2329 D ethctrlmgr: executeSwitchCmd(): response available for requested command 
04-21 12:49:19.131  2329  2329 V ethctrlmgr: executeSwitchCmd:completion time:2.073552 msec 
04-21 12:49:19.131  2329  2329 D ethctrlmgr: readBcmRaw(): SPI read command execution successful
04-21 12:49:19.131  2329  2329 D ethctrlmgr: SPI Read Bytes:
04-21 12:49:19.131  2329  2329 D ethctrlmgr: ff 
04-21 12:49:19.131  2329  2329 D ethctrlmgr: ff 
04-21 12:49:19.131  2329  2329 D ethctrlmgr: ff 
04-21 12:49:19.131  2329  2329 D ethctrlmgr: ff 
04-21 12:49:19.131  2329  2329 D ethctrlmgr: ff 
04-21 12:49:19.131  2329  2329 D ethctrlmgr: 00 
04-21 12:49:19.131  2329  2329 D ethctrlmgr: 00 
04-21 12:49:19.131  2329  2329 D ethctrlmgr: 22 
04-21 12:49:19.131  2329  2329 D ethctrlmgr: 22 
04-21 12:49:19.131  2329  2329 D ethctrlmgr: 00 
04-21 12:49:19.131  2329  2329 D ethctrlmgr: 00 
04-21 12:49:19.131  2329  2329 D ethctrlmgr: 00 
04-21 12:49:19.131  2329  2329 D ethctrlmgr: 00 
04-21 12:49:19.131  2329  2329 D ethctrlmgr: 00 
04-21 12:49:19.131  2329  2329 D ethctrlmgr: 00
04-21 12:49:19.132  2329  2329 D ethctrlmgr: SPI read cmd in hex:0x
04-21 12:49:19.132  2329  2329 D ethctrlmgr: 05 
04-21 12:49:19.132  2329  2329 D ethctrlmgr: 09 
04-21 12:49:19.132  2329  2329 D ethctrlmgr: 8f 
04-21 12:49:19.132  2329  2329 D ethctrlmgr: 25 
04-21 12:49:19.132  2329  2329 D ethctrlmgr: 44 
04-21 12:49:19.132  2329  2329 D ethctrlmgr: 00 
04-21 12:49:19.132  2329  2329 D ethctrlmgr: 00 
04-21 12:49:19.132  2329  2329 D ethctrlmgr: 00 
04-21 12:49:19.132  2329  2329 D ethctrlmgr: 00 
04-21 12:49:19.132  2329  2329 D ethctrlmgr: data len to send over IPC is:17
04-21 12:49:19.132  2329  2329 D ethctrlmgr: executeSwitchCmd:sent cmd req 17 bytes
04-21 12:49:19.132  2329  2329 D ethctrlmgr: executeSwitchCmd() diag command waiting for response from server 
04-21 12:49:19.133  2329  2365 V ethctrlmgr: readDataFromIocIpc():data avlbl from ioc ipc
04-21 12:49:19.133  2329  2365 D ethctrlmgr: readDataFromIocIpc():read data from IOC IPC
04-21 12:49:19.133  2329  2365 D ethctrlmgr: readDataFromIocIpc spawned. Waiting to read data
04-21 12:49:19.133  2329  2329 D ethctrlmgr:  executeSwitchCmd(): pthread_cond_timedwait Ret Val = 0  
04-21 12:49:19.133  2329  2329 D ethctrlmgr: executeSwitchCmd(): response available for requested command 
04-21 12:49:19.133  2329  2329 V ethctrlmgr: executeSwitchCmd:completion time:1.569013 msec 
04-21 12:49:19.133  2329  2329 D ethctrlmgr: readBcmRaw(): SPI read command execution successful
04-21 12:49:19.133  2329  2329 D ethctrlmgr: SPI Read Bytes:
04-21 12:49:19.133  2329  2329 D ethctrlmgr: ff 
04-21 12:49:19.133  2329  2329 D ethctrlmgr: ff 
04-21 12:49:19.133  2329  2329 D ethctrlmgr: ff 
04-21 12:49:19.133  2329  2329 D ethctrlmgr: ff 
04-21 12:49:19.133  2329  2329 D ethctrlmgr: ff 
04-21 12:49:19.133  2329  2329 D ethctrlmgr: 00 
04-21 12:49:19.133  2329  2329 D ethctrlmgr: 00 
04-21 12:49:19.133  2329  2329 D ethctrlmgr: 00 
04-21 12:49:19.133  2329  2329 D ethctrlmgr: f6 
04-21 12:49:19.133  2329  2329 D ethctrlmgr: 00 
04-21 12:49:19.133  2329  2329 D ethctrlmgr: 00 
04-21 12:49:19.133  2329  2329 D ethctrlmgr: 00 
04-21 12:49:19.133  2329  2329 D ethctrlmgr: 00 
04-21 12:49:19.133  2329  2329 D ethctrlmgr: 00 
04-21 12:49:19.133  2329  2329 D ethctrlmgr: 00
04-21 12:49:19.133  2329  2329 D ethctrlmgr: SPI read cmd in hex:0x
04-21 12:49:19.133  2329  2329 D ethctrlmgr: 05 
04-21 12:49:19.133  2329  2329 D ethctrlmgr: 09 
04-21 12:49:19.133  2329  2329 D ethctrlmgr: 8f 
04-21 12:49:19.133  2329  2329 D ethctrlmgr: 25 
04-21 12:49:19.133  2329  2329 D ethctrlmgr: 46 
04-21 12:49:19.133  2329  2329 D ethctrlmgr: 00 
04-21 12:49:19.133  2329  2329 D ethctrlmgr: 00 
04-21 12:49:19.133  2329  2329 D ethctrlmgr: 00 
04-21 12:49:19.133  2329  2329 D ethctrlmgr: 00 
04-21 12:49:19.133  2329  2329 D ethctrlmgr: data len to send over IPC is:17
04-21 12:49:19.133  2329  2329 D ethctrlmgr: executeSwitchCmd:sent cmd req 17 bytes
04-21 12:49:19.133  2329  2329 D ethctrlmgr: executeSwitchCmd() diag command waiting for response from server 
04-21 12:49:19.135  2329  2365 V ethctrlmgr: readDataFromIocIpc():data avlbl from ioc ipc
04-21 12:49:19.135  2329  2365 D ethctrlmgr: readDataFromIocIpc():read data from IOC IPC
04-21 12:49:19.135  2329  2365 D ethctrlmgr: readDataFromIocIpc spawned. Waiting to read data
04-21 12:49:19.135  2329  2329 D ethctrlmgr:  executeSwitchCmd(): pthread_cond_timedwait Ret Val = 0  
04-21 12:49:19.135  2329  2329 D ethctrlmgr: executeSwitchCmd(): response available for requested command 
04-21 12:49:19.135  2329  2329 V ethctrlmgr: executeSwitchCmd:completion time:1.844314 msec 
04-21 12:49:19.135  2329  2329 D ethctrlmgr: readBcmRaw(): SPI read command execution successful
04-21 12:49:19.135  2329  2329 D ethctrlmgr: SPI Read Bytes:
04-21 12:49:19.135  2329  2329 D ethctrlmgr: ff 
04-21 12:49:19.135  2329  2329 D ethctrlmgr: ff 
04-21 12:49:19.135  2329  2329 D ethctrlmgr: ff 
04-21 12:49:19.135  2329  2329 D ethctrlmgr: ff 
04-21 12:49:19.135  2329  2329 D ethctrlmgr: ff 
04-21 12:49:19.135  2329  2329 D ethctrlmgr: 00 
04-21 12:49:19.135  2329  2329 D ethctrlmgr: 00 
04-21 12:49:19.135  2329  2329 D ethctrlmgr: 00 
04-21 12:49:19.135  2329  2329 D ethctrlmgr: 72 
04-21 12:49:19.135  2329  2329 D ethctrlmgr: 00 
04-21 12:49:19.135  2329  2329 D ethctrlmgr: 00 
04-21 12:49:19.135  2329  2329 D ethctrlmgr: 00 
04-21 12:49:19.135  2329  2329 D ethctrlmgr: 00 
04-21 12:49:19.135  2329  2329 D ethctrlmgr: 00 
04-21 12:49:19.135  2329  2329 D ethctrlmgr: 00
04-21 12:49:19.135  2329  2329 D ethctrlmgr: SPI read cmd in hex:0x
04-21 12:49:19.135  2329  2329 D ethctrlmgr: 05 
04-21 12:49:19.135  2329  2329 D ethctrlmgr: 09 
04-21 12:49:19.135  2329  2329 D ethctrlmgr: 8f 
04-21 12:49:19.135  2329  2329 D ethctrlmgr: 25 
04-21 12:49:19.136  2329  2329 D ethctrlmgr: 48 
04-21 12:49:19.136  2329  2329 D ethctrlmgr: 00 
04-21 12:49:19.136  2329  2329 D ethctrlmgr: 00 
04-21 12:49:19.136  2329  2329 D ethctrlmgr: 00 
04-21 12:49:19.136  2329  2329 D ethctrlmgr: 00 
04-21 12:49:19.136  2329  2329 D ethctrlmgr: data len to send over IPC is:17
04-21 12:49:19.136  2329  2329 D ethctrlmgr: executeSwitchCmd:sent cmd req 17 bytes
04-21 12:49:19.136  2329  2329 D ethctrlmgr: executeSwitchCmd() diag command waiting for response from server 
04-21 12:49:19.137  2329  2365 V ethctrlmgr: readDataFromIocIpc():data avlbl from ioc ipc
04-21 12:49:19.137  2329  2365 D ethctrlmgr: readDataFromIocIpc():read data from IOC IPC
04-21 12:49:19.137  2329  2365 D ethctrlmgr: readDataFromIocIpc spawned. Waiting to read data
04-21 12:49:19.137  2329  2329 D ethctrlmgr:  executeSwitchCmd(): pthread_cond_timedwait Ret Val = 0  
04-21 12:49:19.137  2329  2329 D ethctrlmgr: executeSwitchCmd(): response available for requested command 
04-21 12:49:19.137  2329  2329 V ethctrlmgr: executeSwitchCmd:completion time:1.665478 msec 
04-21 12:49:19.137  2329  2329 D ethctrlmgr: readBcmRaw(): SPI read command execution successful
04-21 12:49:19.137  2329  2329 D ethctrlmgr: SPI Read Bytes:
04-21 12:49:19.137  2329  2329 D ethctrlmgr: ff 
04-21 12:49:19.137  2329  2329 D ethctrlmgr: ff 
04-21 12:49:19.137  2329  2329 D ethctrlmgr: ff 
04-21 12:49:19.137  2329  2329 D ethctrlmgr: ff 
04-21 12:49:19.137  2329  2329 D ethctrlmgr: ff 
04-21 12:49:19.137  2329  2329 D ethctrlmgr: 00 
04-21 12:49:19.137  2329  2329 D ethctrlmgr: 00 
04-21 12:49:19.137  2329  2329 D ethctrlmgr: 00 
04-21 12:49:19.137  2329  2329 D ethctrlmgr: 03 
04-21 12:49:19.137  2329  2329 D ethctrlmgr: 00 
04-21 12:49:19.137  2329  2329 D ethctrlmgr: 00 
04-21 12:49:19.137  2329  2329 D ethctrlmgr: 00 
04-21 12:49:19.137  2329  2329 D ethctrlmgr: 00 
04-21 12:49:19.137  2329  2329 D ethctrlmgr: 00 
04-21 12:49:19.137  2329  2329 D ethctrlmgr: 00
04-21 12:49:19.137  2329  2329 D ethctrlmgr: SPI read cmd in hex:0x
04-21 12:49:19.137  2329  2329 D ethctrlmgr: 05 
04-21 12:49:19.137  2329  2329 D ethctrlmgr: 09 
04-21 12:49:19.137  2329  2329 D ethctrlmgr: 8f 
04-21 12:49:19.137  2329  2329 D ethctrlmgr: 25 
04-21 12:49:19.137  2329  2329 D ethctrlmgr: 4a 
04-21 12:49:19.137  2329  2329 D ethctrlmgr: 00 
04-21 12:49:19.137  2329  2329 D ethctrlmgr: 00 
