04-18 23:03:40.016  3085  1297 I chatty  : uid=1000(system) com.gm.android.gmauthmanagerservice expire 10 lines
04-18 23:03:40.031  3085  1298 I chatty  : uid=1000(system) com.gm.android.gmauthmanagerservice expire 9 lines
04-18 23:03:40.039  3085  1299 I chatty  : uid=1000(system) com.gm.android.gmauthmanagerservice expire 10 lines
04-18 23:03:40.048  3085  1300 I chatty  : uid=1000(system) com.gm.android.gmauthmanagerservice expire 10 lines
04-18 23:03:40.107  2655  2760 I chatty  : uid=1000(system) android.display expire 8 lines
04-18 23:03:40.215  2655  2725 I chatty  : uid=1000(system) ActivityManager expire 1 line
04-18 23:03:40.269  3311  3311 I chatty  : uid=1000(system) com.gm.gmhomescreen expire 3 lines
04-18 23:03:40.407  2655  2942 I chatty  : uid=1000(system) Binder_4 expire 3 lines
04-18 23:03:40.759  3085  1335 I chatty  : uid=1000(system) com.gm.android.gmauthmanagerservice expire 9 lines
04-18 23:03:40.772  3085  1336 I chatty  : uid=1000(system) com.gm.android.gmauthmanagerservice expire 10 lines
04-18 23:03:40.785  3085  1337 I chatty  : uid=1000(system) com.gm.android.gmauthmanagerservice expire 10 lines
04-18 23:03:40.794  3085  3149 I chatty  : uid=1000(system) Thread-55 expire 36 lines
04-18 23:03:40.798  3085  1338 I chatty  : uid=1000(system) com.gm.android.gmauthmanagerservice expire 9 lines
04-18 23:03:40.807  3085  1339 I chatty  : uid=1000(system) com.gm.android.gmauthmanagerservice expire 10 lines
04-18 23:03:40.808  3085  1340 I chatty  : uid=1000(system) com.gm.android.gmauthmanagerservice expire 10 lines
04-18 23:03:40.843  2655  3802 I chatty  : uid=1000(system) Binder_C expire 6 lines
04-18 23:03:40.843  2655  4150 I chatty  : uid=1000(system) Binder_E expire 3 lines
04-18 23:03:40.858  2655  2690 I chatty  : uid=1000(system) Binder_3 expire 4 lines
04-18 23:03:40.874  2655  4097 I chatty  : uid=1000(system) Binder_D expire 1 line
04-18 23:03:40.962  2655  3770 I chatty  : uid=1000(system) Binder_B expire 7 lines
04-18 23:03:40.963  2655  3051 I chatty  : uid=1000(system) Binder_5 expire 16 lines
04-18 23:03:41.069  2655  3304 I chatty  : uid=1000(system) Binder_6 expire 4 lines
04-18 23:03:41.087  2655  3321 I chatty  : uid=1000(system) Binder_7 expire 6 lines
04-18 23:03:41.188  2655  2760 I chatty  : uid=1000(system) android.display expire 15 lines
04-18 23:03:41.189  2655  4171 I chatty  : uid=1000(system) Binder_10 expire 4 lines
04-18 23:03:41.285  2655  3327 I chatty  : uid=1000(system) Binder_8 expire 7 lines
04-18 23:03:41.288  2655  2667 I chatty  : uid=1000(system) Binder_2 expire 5 lines
04-18 23:03:41.405  2655  2666 I chatty  : uid=1000(system) Binder_1 expire 4 lines
04-18 23:03:41.623  2655  3349 I chatty  : uid=1000(system) Binder_9 expire 4 lines
04-18 23:03:41.633  2655  3694 I chatty  : uid=1000(system) Binder_A expire 7 lines
04-18 23:03:41.647  2655  2725 I chatty  : uid=1000(system) ActivityManager expire 2 lines
04-18 23:03:41.745  2655  2942 I chatty  : uid=1000(system) Binder_4 expire 7 lines
04-18 23:03:41.851  2655  4156 I chatty  : uid=1000(system) Binder_F expire 5 lines
04-18 23:03:42.858  4098  4098 W StatusBarManager: enter dropFocus in StatusBarManager
04-18 23:03:42.873  3085  1372 I chatty  : uid=1000(system) com.gm.android.gmauthmanagerservice expire 9 lines
04-18 23:03:42.885  3085  1374 I chatty  : uid=1000(system) com.gm.android.gmauthmanagerservice expire 10 lines
04-18 23:03:42.892  3085  1375 I chatty  : uid=1000(system) com.gm.android.gmauthmanagerservice expire 10 lines
04-18 23:03:42.917  3085  1377 I chatty  : uid=1000(system) com.gm.android.gmauthmanagerservice expire 9 lines
04-18 23:03:42.946  3085  1384 I chatty  : uid=1000(system) com.gm.android.gmauthmanagerservice expire 10 lines
04-18 23:03:42.953  3085  1385 I chatty  : uid=1000(system) com.gm.android.gmauthmanagerservice expire 10 lines
04-18 23:03:43.652  3085  1411 I chatty  : uid=1000(system) com.gm.android.gmauthmanagerservice expire 9 lines
04-18 23:03:43.672  3085  1412 I chatty  : uid=1000(system) com.gm.android.gmauthmanagerservice expire 10 lines
04-18 23:03:43.695  3085  1413 I chatty  : uid=1000(system) com.gm.android.gmauthmanagerservice expire 10 lines
04-18 23:03:43.708  3085  3149 I chatty  : uid=1000(system) Thread-55 expire 39 lines
04-18 23:03:43.709  3085  1414 I chatty  : uid=1000(system) com.gm.android.gmauthmanagerservice expire 9 lines
04-18 23:03:43.713  3085  1415 I chatty  : uid=1000(system) com.gm.android.gmauthmanagerservice expire 10 lines
04-18 23:03:43.715  3085  1416 I chatty  : uid=1000(system) com.gm.android.gmauthmanagerservice expire 10 lines
04-18 23:03:43.795  2655  2760 I chatty  : uid=1000(system) android.display expire 13 lines
04-18 23:03:43.817  2655  3802 I chatty  : uid=1000(system) Binder_C expire 5 lines
04-18 23:03:43.817  2655  3051 I chatty  : uid=1000(system) Binder_5 expire 7 lines
04-18 23:03:43.868  2655  2667 I chatty  : uid=1000(system) Binder_2 expire 6 lines
04-18 23:03:43.986  4098  4098 W StatusBarManager: enter dropFocus in StatusBarManager
04-18 23:03:43.987  2655  3327 I chatty  : uid=1000(system) Binder_8 expire 3 lines
04-18 23:03:44.056  2655  4097 I chatty  : uid=1000(system) Binder_D expire 5 lines
04-18 23:03:44.311  2655  4156 I chatty  : uid=1000(system) Binder_F expire 8 lines
04-18 23:03:44.311  2655  3321 I chatty  : uid=1000(system) Binder_7 expire 10 lines
04-18 23:03:44.417  2655  2690 I chatty  : uid=1000(system) Binder_3 expire 3 lines
04-18 23:03:44.454  3085  1433 I chatty  : uid=1000(system) com.gm.android.gmauthmanagerservice expire 9 lines
04-18 23:03:44.463  3085  1434 I chatty  : uid=1000(system) com.gm.android.gmauthmanagerservice expire 10 lines
04-18 23:03:44.475  2655  2725 I chatty  : uid=1000(system) ActivityManager expire 2 lines
04-18 23:03:44.477  3085  1435 I chatty  : uid=1000(system) com.gm.android.gmauthmanagerservice expire 10 lines
04-18 23:03:44.497  3085  1442 I chatty  : uid=1000(system) com.gm.android.gmauthmanagerservice expire 9 lines
04-18 23:03:44.509  3085  1444 I chatty  : uid=1000(system) com.gm.android.gmauthmanagerservice expire 10 lines
04-18 23:03:44.522  3085  1446 I chatty  : uid=1000(system) com.gm.android.gmauthmanagerservice expire 10 lines
04-18 23:03:44.525  2655  3694 I chatty  : uid=1000(system) Binder_A expire 4 lines
04-18 23:03:44.743  2655  3304 I chatty  : uid=1000(system) Binder_6 expire 3 lines
04-18 23:03:44.854  2655  3349 I chatty  : uid=1000(system) Binder_9 expire 5 lines
04-18 23:03:44.855  2655  4171 I chatty  : uid=1000(system) Binder_10 expire 3 lines
04-18 23:03:44.959  2655  2666 I chatty  : uid=1000(system) Binder_1 expire 3 lines
04-18 23:03:45.380  2655  4150 I chatty  : uid=1000(system) Binder_E expire 3 lines
04-18 23:03:45.549  2915  4509 I chatty  : uid=1000(system) Binder_4 expire 1 line
04-18 23:03:45.891  4098  4098 W StatusBarManager: enter dropFocus in StatusBarManager
04-18 23:03:46.039  2655  3770 I chatty  : uid=1000(system) Binder_B expire 3 lines
04-18 23:03:46.223  3085  1504 I chatty  : uid=1000(system) com.gm.android.gmauthmanagerservice expire 9 lines
04-18 23:03:46.231  3085  1506 I chatty  : uid=1000(system) com.gm.android.gmauthmanagerservice expire 10 lines
04-18 23:03:46.237  3085  1507 I chatty  : uid=1000(system) com.gm.android.gmauthmanagerservice expire 10 lines
04-18 23:03:46.247  3085  1508 I chatty  : uid=1000(system) com.gm.android.gmauthmanagerservice expire 8 lines
04-18 23:03:46.248  2655  2942 I chatty  : uid=1000(system) Binder_4 expire 5 lines
04-18 23:03:46.257  3085  1508 I chatty  : uid=1000(system) com.gm.android.gmauthmanagerservice expire 1 line
04-18 23:03:46.262  3085  3149 I chatty  : uid=1000(system) Thread-55 expire 42 lines
04-18 23:03:46.264  3085  1509 I chatty  : uid=1000(system) com.gm.android.gmauthmanagerservice expire 10 lines
04-18 23:03:46.269  3085  1510 I chatty  : uid=1000(system) com.gm.android.gmauthmanagerservice expire 10 lines
04-18 23:03:46.299  2655  2966 I chatty  : uid=1000(system) WifiStateMachin expire 1 line
04-18 23:03:46.353  2655  2667 I chatty  : uid=1000(system) Binder_2 expire 2 lines
04-18 23:03:46.353  2655  3051 I chatty  : uid=1000(system) Binder_5 expire 6 lines
04-18 23:03:46.354  2655  3327 I chatty  : uid=1000(system) Binder_8 expire 8 lines
04-18 23:03:46.407  2655  2760 I chatty  : uid=1000(system) android.display expire 3 lines
04-18 23:03:46.423  2655  3770 I chatty  : uid=1000(system) Binder_B expire 4 lines
04-18 23:03:46.472  2655  3349 I chatty  : uid=1000(system) Binder_9 expire 5 lines
04-18 23:03:46.531  2655  4150 I chatty  : uid=1000(system) Binder_E expire 3 lines
04-18 23:03:46.593  2655  3321 I chatty  : uid=1000(system) Binder_7 expire 4 lines
04-18 23:03:46.594  2655  4171 I chatty  : uid=1000(system) Binder_10 expire 6 lines
04-18 23:03:46.594  2655  4156 I chatty  : uid=1000(system) Binder_F expire 3 lines
04-18 23:03:46.595  2655  4097 I chatty  : uid=1000(system) Binder_D expire 3 lines
04-18 23:03:46.598  2655  3694 I chatty  : uid=1000(system) Binder_A expire 8 lines
04-18 23:03:46.599  2655  3304 I chatty  : uid=1000(system) Binder_6 expire 3 lines
04-18 23:03:46.602  2655  3802 I chatty  : uid=1000(system) Binder_C expire 2 lines
04-18 23:03:47.007  3085  1520 I chatty  : uid=1000(system) com.gm.android.gmauthmanagerservice expire 9 lines
04-18 23:03:47.025  3085  1521 I chatty  : uid=1000(system) com.gm.android.gmauthmanagerservice expire 10 lines
04-18 23:03:47.031  2655  2690 I chatty  : uid=1000(system) Binder_3 expire 2 lines
04-18 23:03:47.045  2655  2666 I chatty  : uid=1000(system) Binder_1 expire 5 lines
04-18 23:03:47.103  2886  4775 I chatty  : uid=1000(system) Binder_8 expire 1 line
04-18 23:03:47.119  3085  1525 I chatty  : uid=1000(system) com.gm.android.gmauthmanagerservice expire 10 lines
04-18 23:03:47.133  3085  1527 I chatty  : uid=1000(system) com.gm.android.gmauthmanagerservice expire 9 lines
04-18 23:03:47.144  3085  1530 I chatty  : uid=1000(system) com.gm.android.gmauthmanagerservice expire 10 lines
04-18 23:03:47.149  3085  1531 I chatty  : uid=1000(system) com.gm.android.gmauthmanagerservice expire 10 lines
04-18 23:03:47.367  2655  2725 I chatty  : uid=1000(system) ActivityManager expire 1 line
04-18 23:03:47.409  2886  2937 I chatty  : uid=1000(system) Binder_2 expire 1 line
04-18 23:03:47.860  2886  2929 I chatty  : uid=1000(system) Binder_1 expire 1 line
04-18 23:03:47.875  3085  1568 I chatty  : uid=1000(system) com.gm.android.gmauthmanagerservice expire 9 lines
04-18 23:03:47.883  3085  1569 I chatty  : uid=1000(system) com.gm.android.gmauthmanagerservice expire 10 lines
04-18 23:03:47.910  3085  1570 I chatty  : uid=1000(system) com.gm.android.gmauthmanagerservice expire 10 lines
04-18 23:03:47.931  3085  1571 I chatty  : uid=1000(system) com.gm.android.gmauthmanagerservice expire 9 lines
04-18 23:03:47.938  3085  1572 I chatty  : uid=1000(system) com.gm.android.gmauthmanagerservice expire 10 lines
04-18 23:03:47.940  3085  1573 I chatty  : uid=1000(system) com.gm.android.gmauthmanagerservice expire 10 lines
04-18 23:03:48.002  2655  4171 I chatty  : uid=1000(system) Binder_10 expire 9 lines
04-18 23:03:48.108  2655  4097 I chatty  : uid=1000(system) Binder_D expire 8 lines
04-18 23:03:48.109  2655  3802 I chatty  : uid=1000(system) Binder_C expire 14 lines
04-18 23:03:48.127  2886  2937 I chatty  : uid=1000(system) Binder_2 expire 1 line
04-18 23:03:48.165  2655  2942 I chatty  : uid=1000(system) Binder_4 expire 8 lines
04-18 23:03:48.227  2655  2666 I chatty  : uid=1000(system) Binder_1 expire 8 lines
04-18 23:03:48.241  2655  3694 I chatty  : uid=1000(system) Binder_A expire 8 lines
04-18 23:03:48.243  2886  3073 I chatty  : uid=1000(system) Binder_3 expire 1 line
04-18 23:03:48.244  2655  3051 I chatty  : uid=1000(system) Binder_5 expire 8 lines
04-18 23:03:48.345  2655  4156 I chatty  : uid=1000(system) Binder_F expire 8 lines
04-18 23:03:48.401  2655  3327 I chatty  : uid=1000(system) Binder_8 expire 6 lines
04-18 23:03:48.404  2655  4150 I chatty  : uid=1000(system) Binder_E expire 7 lines
04-18 23:03:48.471  2886  2929 I chatty  : uid=1000(system) Binder_1 expire 1 line
04-18 23:03:48.505  2655  3770 I chatty  : uid=1000(system) Binder_B expire 14 lines
04-18 23:03:48.580  2655  2760 I chatty  : uid=1000(system) android.display expire 9 lines
04-18 23:03:48.586  2655  2690 I chatty  : uid=1000(system) Binder_3 expire 11 lines
04-18 23:03:48.759  2655  3304 I chatty  : uid=1000(system) Binder_6 expire 11 lines
04-18 23:03:48.760  2655  3321 I chatty  : uid=1000(system) Binder_7 expire 14 lines
04-18 23:03:48.776  2655  2725 I chatty  : uid=1000(system) ActivityManager expire 2 lines
04-18 23:03:48.979  2655  3349 I chatty  : uid=1000(system) Binder_9 expire 9 lines
04-18 23:03:49.402  2655  2722 I chatty  : uid=1000(system) android.bg expire 1 line
04-18 23:03:49.501 24243 24243 I chatty  : uid=1000(system) ps expire 1 line
04-18 23:03:49.527  2655  2667 I chatty  : uid=1000(system) Binder_2 expire 8 lines
04-18 23:03:49.567  3311  3311 I chatty  : uid=1000(system) com.gm.gmhomescreen expire 1 line
04-18 23:03:49.619 15793 15793 E ActivityThread: Failed to find provider info for com.onstar.gtbt.settings.provider
04-18 23:03:50.231  3085  3149 I chatty  : uid=1000(system) Thread-55 expire 21 lines
04-18 23:03:50.232  3085  1713 I chatty  : uid=1000(system) com.gm.android.gmauthmanagerservice expire 9 lines
04-18 23:03:50.239  2886  3103 I chatty  : uid=1000(system) TcpInternetMana expire 3 lines
04-18 23:03:50.291  3085  1716 I chatty  : uid=1000(system) com.gm.android.gmauthmanagerservice expire 10 lines
04-18 23:03:50.297  4232  4270 D SubscriptionController: [getPhoneId] asked for default subId=1
04-18 23:03:50.311  3085  1717 I chatty  : uid=1000(system) com.gm.android.gmauthmanagerservice expire 10 lines
04-18 23:03:50.318  3085  1718 I chatty  : uid=1000(system) com.gm.android.gmauthmanagerservice expire 9 lines
04-18 23:03:50.327  3085  1719 I chatty  : uid=1000(system) com.gm.android.gmauthmanagerservice expire 10 lines
04-18 23:03:50.331  3085  1720 I chatty  : uid=1000(system) com.gm.android.gmauthmanagerservice expire 10 lines
04-18 23:03:51.169  1619  1619 W StatusBarManager: enter dropFocus in StatusBarManager
04-18 23:03:51.308  3085  1757 I chatty  : uid=1000(system) com.gm.android.gmauthmanagerservice expire 9 lines
04-18 23:03:51.323  3085  3149 I chatty  : uid=1000(system) Thread-55 expire 33 lines
04-18 23:03:51.327  3085  1758 I chatty  : uid=1000(system) com.gm.android.gmauthmanagerservice expire 10 lines
04-18 23:03:51.332  3085  1759 I chatty  : uid=1000(system) com.gm.android.gmauthmanagerservice expire 10 lines
04-18 23:03:51.339  3085  1764 I chatty  : uid=1000(system) com.gm.android.gmauthmanagerservice expire 9 lines
04-18 23:03:51.344  3085  1765 I chatty  : uid=1000(system) com.gm.android.gmauthmanagerservice expire 10 lines
04-18 23:03:51.347  3085  1766 I chatty  : uid=1000(system) com.gm.android.gmauthmanagerservice expire 10 lines
04-18 23:03:51.383  2655  2667 I chatty  : uid=1000(system) Binder_2 expire 7 lines
04-18 23:03:51.383  2655  3694 I chatty  : uid=1000(system) Binder_A expire 5 lines
04-18 23:03:51.437  2655  2666 I chatty  : uid=1000(system) Binder_1 expire 5 lines
04-18 23:03:51.438  2655  4156 I chatty  : uid=1000(system) Binder_F expire 4 lines
04-18 23:03:51.451  2655  4097 I chatty  : uid=1000(system) Binder_D expire 8 lines
04-18 23:03:51.541  2655  3051 I chatty  : uid=1000(system) Binder_5 expire 10 lines
04-18 23:03:51.544  2655  3327 I chatty  : uid=1000(system) Binder_8 expire 10 lines
04-18 23:03:51.562  2886  3793 I chatty  : uid=1000(system) SynthThread expire 1 line
04-18 23:03:51.617  2655  2725 I chatty  : uid=1000(system) ActivityManager expire 2 lines
04-18 23:03:51.660  2655  3770 I chatty  : uid=1000(system) Binder_B expire 7 lines
04-18 23:03:51.669  2655  2690 I chatty  : uid=1000(system) Binder_3 expire 4 lines
04-18 23:03:51.771  2655  2942 I chatty  : uid=1000(system) Binder_4 expire 5 lines
04-18 23:03:51.771  2655  4150 I chatty  : uid=1000(system) Binder_E expire 8 lines
04-18 23:03:51.883  2655  3802 I chatty  : uid=1000(system) Binder_C expire 10 lines
04-18 23:03:51.989  2655  3349 I chatty  : uid=1000(system) Binder_9 expire 6 lines
04-18 23:03:52.178  2655  2760 I chatty  : uid=1000(system) android.display expire 8 lines
04-18 23:03:52.263  3085  1796 I chatty  : uid=1000(system) com.gm.android.gmauthmanagerservice expire 9 lines
04-18 23:03:52.323  3085  1798 I chatty  : uid=1000(system) com.gm.android.gmauthmanagerservice expire 10 lines
04-18 23:03:52.331  3085  1799 I chatty  : uid=1000(system) com.gm.android.gmauthmanagerservice expire 10 lines
04-18 23:03:52.336  3085  1800 I chatty  : uid=1000(system) com.gm.android.gmauthmanagerservice expire 9 lines
04-18 23:03:52.345  3085  1801 I chatty  : uid=1000(system) com.gm.android.gmauthmanagerservice expire 10 lines
04-18 23:03:52.351  3085  1802 I chatty  : uid=1000(system) com.gm.android.gmauthmanagerservice expire 10 lines
04-18 23:03:52.452  2655  3304 I chatty  : uid=1000(system) Binder_6 expire 5 lines
04-18 23:03:52.703  3277  3628 I chatty  : uid=1000(system) DefaultSourceMa expire 1 line
04-18 23:03:52.946  2655  4171 I chatty  : uid=1000(system) Binder_10 expire 3 lines
04-18 23:03:53.032  2569  2624 I VAS/VehicleAudioService: setSourceMute() streamType 4101, mute 0
04-18 23:03:53.032  2569  2624 W VAS/VehicleAudioService: setSourceMute() setSourceMute: ignored due to not-active stream type 15
04-18 23:03:53.519  2886  2886 I chatty  : uid=1000(system) com.gm.domain.server.primary expire 1 line
04-18 23:03:53.645  4298  4298 W StatusBarManager: enter dropFocus in StatusBarManager
04-18 23:03:54.231  2655  3321 I chatty  : uid=1000(system) Binder_7 expire 4 lines
04-18 23:03:54.304  2655  2942 I chatty  : uid=1000(system) Binder_4 expire 11 lines
04-18 23:03:54.320  2655  3051 I chatty  : uid=1000(system) Binder_5 expire 4 lines
04-18 23:03:54.380  4298  4298 W StatusBarManager: enter dropFocus in StatusBarManager
04-18 23:03:54.395  2655  2760 I chatty  : uid=1000(system) android.display expire 11 lines
04-18 23:03:54.445  2655  2667 I chatty  : uid=1000(system) Binder_2 expire 7 lines
04-18 23:03:54.466  2655  2690 I chatty  : uid=1000(system) Binder_3 expire 5 lines
04-18 23:03:54.467  2655  4171 I chatty  : uid=1000(system) Binder_10 expire 7 lines
04-18 23:03:54.487  2655  4097 I chatty  : uid=1000(system) Binder_D expire 7 lines
04-18 23:03:54.688  2655  2666 I chatty  : uid=1000(system) Binder_1 expire 3 lines
04-18 23:03:54.689  2655  3304 I chatty  : uid=1000(system) Binder_6 expire 7 lines
04-18 23:03:54.816  2655  3770 I chatty  : uid=1000(system) Binder_B expire 3 lines
04-18 23:03:54.910  2655  2725 I chatty  : uid=1000(system) ActivityManager expire 2 lines
04-18 23:03:55.019  2655  3349 I chatty  : uid=1000(system) Binder_9 expire 3 lines
04-18 23:03:55.157  2655  3802 I chatty  : uid=1000(system) Binder_C expire 5 lines
04-18 23:03:55.175  3085  3149 I chatty  : uid=1000(system) Thread-55 expire 42 lines
04-18 23:03:55.179  3085  1884 I chatty  : uid=1000(system) com.gm.android.gmauthmanagerservice expire 9 lines
04-18 23:03:55.195  3085  1885 I chatty  : uid=1000(system) com.gm.android.gmauthmanagerservice expire 10 lines
04-18 23:03:55.291  3085  1891 I chatty  : uid=1000(system) com.gm.android.gmauthmanagerservice expire 10 lines
04-18 23:03:55.306  3085  1892 I chatty  : uid=1000(system) com.gm.android.gmauthmanagerservice expire 9 lines
04-18 23:03:55.313  3085  1893 I chatty  : uid=1000(system) com.gm.android.gmauthmanagerservice expire 10 lines
04-18 23:03:55.315  3085  1894 I chatty  : uid=1000(system) com.gm.android.gmauthmanagerservice expire 10 lines
04-18 23:03:55.386  2655  4156 I chatty  : uid=1000(system) Binder_F expire 3 lines
04-18 23:03:55.597  2655  3694 I chatty  : uid=1000(system) Binder_A expire 1 line
04-18 23:03:55.706  2655  4150 I chatty  : uid=1000(system) Binder_E expire 4 lines
04-18 23:03:55.968  3085  1925 I chatty  : uid=1000(system) com.gm.android.gmauthmanagerservice expire 9 lines
04-18 23:03:56.015  3085  1926 I chatty  : uid=1000(system) com.gm.android.gmauthmanagerservice expire 10 lines
04-18 23:03:56.050  3085  1927 I chatty  : uid=1000(system) com.gm.android.gmauthmanagerservice expire 10 lines
04-18 23:03:56.378  3085  1949 I chatty  : uid=1000(system) com.gm.android.gmauthmanagerservice expire 9 lines
04-18 23:03:56.392  3085  1951 I chatty  : uid=1000(system) com.gm.android.gmauthmanagerservice expire 10 lines
04-18 23:03:56.431  3085  1952 I chatty  : uid=1000(system) com.gm.android.gmauthmanagerservice expire 10 lines
04-18 23:03:56.448  3085  1954 I chatty  : uid=1000(system) com.gm.android.gmauthmanagerservice expire 9 lines
04-18 23:03:56.454  3085  1955 I chatty  : uid=1000(system) com.gm.android.gmauthmanagerservice expire 10 lines
04-18 23:03:56.458  3085  3149 I chatty  : uid=1000(system) Thread-55 expire 21 lines
04-18 23:03:56.463  3085  1956 I chatty  : uid=1000(system) com.gm.android.gmauthmanagerservice expire 10 lines
04-18 23:03:56.528  2655  3304 I chatty  : uid=1000(system) Binder_6 expire 5 lines
04-18 23:03:56.529  2655  2667 I chatty  : uid=1000(system) Binder_2 expire 12 lines
04-18 23:03:56.634  2655  4156 I chatty  : uid=1000(system) Binder_F expire 11 lines
04-18 23:03:56.635  2655  4150 I chatty  : uid=1000(system) Binder_E expire 17 lines
04-18 23:03:56.689  2655  2666 I chatty  : uid=1000(system) Binder_1 expire 11 lines
04-18 23:03:56.743  2655  3770 I chatty  : uid=1000(system) Binder_B expire 6 lines
04-18 23:03:56.848  2655  3321 I chatty  : uid=1000(system) Binder_7 expire 11 lines
04-18 23:03:56.955  2655  3694 I chatty  : uid=1000(system) Binder_A expire 8 lines
04-18 23:03:57.059  2655  2942 I chatty  : uid=1000(system) Binder_4 expire 6 lines
04-18 23:03:57.059  2655  2690 I chatty  : uid=1000(system) Binder_3 expire 13 lines
04-18 23:03:57.071  2655  4171 I chatty  : uid=1000(system) Binder_10 expire 10 lines
04-18 23:03:57.291  2655  3349 I chatty  : uid=1000(system) Binder_9 expire 3 lines
04-18 23:03:57.300  3085  1979 I chatty  : uid=1000(system) com.gm.android.gmauthmanagerservice expire 9 lines
04-18 23:03:57.311  3085  1980 I chatty  : uid=1000(system) com.gm.android.gmauthmanagerservice expire 10 lines
04-18 23:03:57.322  3085  1983 I chatty  : uid=1000(system) com.gm.android.gmauthmanagerservice expire 10 lines
04-18 23:03:57.339  3085  1985 I chatty  : uid=1000(system) com.gm.android.gmauthmanagerservice expire 9 lines
04-18 23:03:57.346  3085  1986 I chatty  : uid=1000(system) com.gm.android.gmauthmanagerservice expire 10 lines
04-18 23:03:57.351  3085  2026 I chatty  : uid=1000(system) com.gm.android.gmauthmanagerservice expire 10 lines
04-18 23:03:57.399  2655  3802 I chatty  : uid=1000(system) Binder_C expire 11 lines
04-18 23:03:57.527  2655  3327 I chatty  : uid=1000(system) Binder_8 expire 5 lines
04-18 23:03:57.527  2655  3051 I chatty  : uid=1000(system) Binder_5 expire 6 lines
04-18 23:03:57.701  2655  2725 I chatty  : uid=1000(system) ActivityManager expire 4 lines
04-18 23:03:58.640  2655  4097 I chatty  : uid=1000(system) Binder_D expire 2 lines
04-18 23:03:58.867  2655  2760 I chatty  : uid=1000(system) android.display expire 15 lines
04-18 23:03:59.191 29089 29089 I chatty  : uid=1000(system) com.android.contacts expire 1 line
04-18 23:04:00.010  2655  2655 I chatty  : uid=1000 system_server expire 1 line
04-18 23:04:01.240  2655  2666 I chatty  : uid=1000(system) Binder_1 expire 9 lines
04-18 23:04:01.260  2655  3770 I chatty  : uid=1000(system) Binder_B expire 14 lines
04-18 23:04:01.281  2655  4171 I chatty  : uid=1000(system) Binder_10 expire 6 lines
04-18 23:04:01.320  2655  2966 I chatty  : uid=1000(system) WifiStateMachin expire 1 line
04-18 23:04:01.433  2655  3349 I chatty  : uid=1000(system) Binder_9 expire 1 line
04-18 23:04:01.466  2655  2760 I chatty  : uid=1000(system) android.display expire 15 lines
04-18 23:04:01.653 23009 23009 W StatusBarManager: enter dropFocus in StatusBarManager
04-18 23:04:01.666  2655  2690 I chatty  : uid=1000(system) Binder_3 expire 5 lines
04-18 23:04:02.348  2655  3304 I chatty  : uid=1000(system) Binder_6 expire 11 lines
04-18 23:04:02.427  2655  3694 I chatty  : uid=1000(system) Binder_A expire 6 lines
04-18 23:04:02.570  2655  2725 I chatty  : uid=1000(system) ActivityManager expire 3 lines
04-18 23:04:02.608  2655  4097 I chatty  : uid=1000(system) Binder_D expire 9 lines
04-18 23:04:02.624  2655  3321 I chatty  : uid=1000(system) Binder_7 expire 9 lines
04-18 23:04:02.863  2655  2942 I chatty  : uid=1000(system) Binder_4 expire 9 lines
04-18 23:04:02.887  2655  2667 I chatty  : uid=1000(system) Binder_2 expire 4 lines
04-18 23:04:02.892  2655  3802 I chatty  : uid=1000(system) Binder_C expire 14 lines
04-18 23:04:03.007  2655  4156 I chatty  : uid=1000(system) Binder_F expire 11 lines
04-18 23:04:04.056  2655  4150 I chatty  : uid=1000(system) Binder_E expire 3 lines
04-18 23:04:04.131  3085  3149 I chatty  : uid=1000(system) Thread-55 expire 30 lines
04-18 23:04:04.132  3085  2197 I chatty  : uid=1000(system) com.gm.android.gmauthmanagerservice expire 9 lines
04-18 23:04:04.141  3085  2198 I chatty  : uid=1000(system) com.gm.android.gmauthmanagerservice expire 10 lines
04-18 23:04:04.273  3085  2203 I chatty  : uid=1000(system) com.gm.android.gmauthmanagerservice expire 10 lines
04-18 23:04:04.379  3085  2219 I chatty  : uid=1000(system) com.gm.android.gmauthmanagerservice expire 9 lines
04-18 23:04:04.397  2655  3051 I chatty  : uid=1000(system) Binder_5 expire 2 lines
04-18 23:04:04.401  3085  2221 I chatty  : uid=1000(system) com.gm.android.gmauthmanagerservice expire 10 lines
04-18 23:04:04.487  3085  2254 I chatty  : uid=1000(system) com.gm.android.gmauthmanagerservice expire 10 lines
04-18 23:04:05.407  2655  3327 I chatty  : uid=1000(system) Binder_8 expire 3 lines
04-18 23:04:05.614  2915  4340 I chatty  : uid=1000(system) Binder_3 expire 1 line
04-18 23:04:05.770  3085  2322 I chatty  : uid=1000(system) com.gm.android.gmauthmanagerservice expire 9 lines
04-18 23:04:05.783  2655  2722 I chatty  : uid=1000(system) android.bg expire 1 line
04-18 23:04:05.786  3085  2327 I chatty  : uid=1000(system) com.gm.android.gmauthmanagerservice expire 10 lines
04-18 23:04:05.813  3085  2329 I chatty  : uid=1000(system) com.gm.android.gmauthmanagerservice expire 10 lines
04-18 23:04:05.818  3085  2330 I chatty  : uid=1000(system) com.gm.android.gmauthmanagerservice expire 9 lines
04-18 23:04:05.823  3085  3149 I chatty  : uid=1000(system) Thread-55 expire 24 lines
04-18 23:04:05.823  3085  2331 I chatty  : uid=1000(system) com.gm.android.gmauthmanagerservice expire 10 lines
04-18 23:04:05.827  3085  2333 I chatty  : uid=1000(system) com.gm.android.gmauthmanagerservice expire 10 lines
04-18 23:04:05.867  2655  2760 I chatty  : uid=1000(system) android.display expire 11 lines
04-18 23:04:05.888  2655  3327 I chatty  : uid=1000(system) Binder_8 expire 6 lines
04-18 23:04:05.889  2655  2667 I chatty  : uid=1000(system) Binder_2 expire 15 lines
04-18 23:04:05.933  2655  3051 I chatty  : uid=1000(system) Binder_5 expire 7 lines
04-18 23:04:05.936 24243 24243 I chatty  : uid=1000(system) ps expire 1 line
04-18 23:04:05.952  3311  3311 I chatty  : uid=1000(system) com.gm.gmhomescreen expire 1 line
04-18 23:04:05.987  2655  4097 I chatty  : uid=1000(system) Binder_D expire 10 lines
04-18 23:04:05.988  2655  4171 I chatty  : uid=1000(system) Binder_10 expire 12 lines
04-18 23:04:06.093  2655  4150 I chatty  : uid=1000(system) Binder_E expire 9 lines
04-18 23:04:06.200  2655  3694 I chatty  : uid=1000(system) Binder_A expire 5 lines
04-18 23:04:06.276  2655  2725 I chatty  : uid=1000(system) ActivityManager expire 2 lines
04-18 23:04:06.308  2655  3770 I chatty  : uid=1000(system) Binder_B expire 10 lines
04-18 23:04:06.431  2655  3349 I chatty  : uid=1000(system) Binder_9 expire 7 lines
04-18 23:04:06.489  2655  3321 I chatty  : uid=1000(system) Binder_7 expire 10 lines
04-18 23:04:06.549  4232  4271 D SubscriptionController: [getPhoneId] asked for default subId=1
04-18 23:04:06.623  3085  2433 I chatty  : uid=1000(system) com.gm.android.gmauthmanagerservice expire 9 lines
04-18 23:04:06.683  3085  2446 I chatty  : uid=1000(system) com.gm.android.gmauthmanagerservice expire 10 lines
04-18 23:04:06.691  3085  2447 I chatty  : uid=1000(system) com.gm.android.gmauthmanagerservice expire 10 lines
04-18 23:04:06.764  3085  2458 I chatty  : uid=1000(system) com.gm.android.gmauthmanagerservice expire 9 lines
04-18 23:04:06.777  2655  3304 I chatty  : uid=1000(system) Binder_6 expire 4 lines
04-18 23:04:06.786  3085  2462 I chatty  : uid=1000(system) com.gm.android.gmauthmanagerservice expire 10 lines
04-18 23:04:06.795  3085  2463 I chatty  : uid=1000(system) com.gm.android.gmauthmanagerservice expire 10 lines
04-18 23:04:06.814  2655  2666 I chatty  : uid=1000(system) Binder_1 expire 6 lines
04-18 23:04:06.881  2655  4156 I chatty  : uid=1000(system) Binder_F expire 8 lines
04-18 23:04:06.899  2655  2690 I chatty  : uid=1000(system) Binder_3 expire 6 lines
04-18 23:04:06.954  2886  3793 I chatty  : uid=1000(system) SynthThread expire 1 line
04-18 23:04:07.157  2569  2569 I VAS/VehicleAudioService: setSourceMute() streamType 4101, mute 0
04-18 23:04:07.157  2569  2569 W VAS/VehicleAudioService: setSourceMute() setSourceMute: ignored due to not-active stream type 15
04-18 23:04:07.235  2655  3802 I chatty  : uid=1000(system) Binder_C expire 5 lines
04-18 23:04:07.453  2655  2942 I chatty  : uid=1000(system) Binder_4 expire 5 lines
04-18 23:04:07.634  3277  3628 I chatty  : uid=1000(system) DefaultSourceMa expire 1 line
04-18 23:04:08.193 15518 15518 I chatty  : uid=1000(system) com.android.dialer expire 1 line
04-18 23:04:08.471  3277  3277 I chatty  : uid=1000(system) com.gm.gmaudio expire 1 line
04-18 23:04:08.723  2655  2655 I chatty  : uid=1000 system_server expire 5 lines
04-18 23:04:08.831  2655  3304 I chatty  : uid=1000(system) Binder_6 expire 13 lines
04-18 23:04:08.879  2655  2760 I chatty  : uid=1000(system) android.display expire 17 lines
04-18 23:04:08.891 15518 15518 I chatty  : uid=1000(system) com.android.dialer expire 1 line
04-18 23:04:08.892  2655  2667 I chatty  : uid=1000(system) Binder_2 expire 11 lines
04-18 23:04:08.909  2655  3349 I chatty  : uid=1000(system) Binder_9 expire 9 lines
04-18 23:04:08.940  2655  4097 I chatty  : uid=1000(system) Binder_D expire 8 lines
04-18 23:04:08.944  2655  4171 I chatty  : uid=1000(system) Binder_10 expire 7 lines
04-18 23:04:09.002  2655  4150 I chatty  : uid=1000(system) Binder_E expire 8 lines
04-18 23:04:09.003  2655  3327 I chatty  : uid=1000(system) Binder_8 expire 13 lines
04-18 23:04:09.100  2655  4156 I chatty  : uid=1000(system) Binder_F expire 7 lines
04-18 23:04:09.211  2655  3051 I chatty  : uid=1000(system) Binder_5 expire 10 lines
04-18 23:04:09.329  2655  2942 I chatty  : uid=1000(system) Binder_4 expire 6 lines
04-18 23:04:09.330  2655  2690 I chatty  : uid=1000(system) Binder_3 expire 14 lines
04-18 23:04:09.357  2655  2725 I chatty  : uid=1000(system) ActivityManager expire 2 lines
04-18 23:04:09.410  2655  3694 I chatty  : uid=1000(system) Binder_A expire 15 lines
04-18 23:04:09.411  2655  3802 I chatty  : uid=1000(system) Binder_C expire 6 lines
04-18 23:04:09.453  2655  2666 I chatty  : uid=1000(system) Binder_1 expire 8 lines
04-18 23:04:09.732  2655  3770 I chatty  : uid=1000(system) Binder_B expire 3 lines
04-18 23:04:10.016  2655  3321 I chatty  : uid=1000(system) Binder_7 expire 2 lines
04-18 23:04:10.262  2886  3103 I chatty  : uid=1000(system) TcpInternetMana expire 3 lines
04-18 23:04:10.556  3277  3277 I chatty  : uid=1000(system) com.gm.gmaudio expire 1 line
04-18 23:04:11.251  3277  3628 I chatty  : uid=1000(system) DefaultSourceMa expire 1 line
04-18 23:04:11.885  3085  3149 I chatty  : uid=1000(system) Thread-55 expire 21 lines
04-18 23:04:11.888  3085  2746 I chatty  : uid=1000(system) com.gm.android.gmauthmanagerservice expire 9 lines
04-18 23:04:11.919  3085  2749 I chatty  : uid=1000(system) com.gm.android.gmauthmanagerservice expire 10 lines
04-18 23:04:11.968  3085  2750 I chatty  : uid=1000(system) com.gm.android.gmauthmanagerservice expire 10 lines
04-18 23:04:11.986  3085  2751 I chatty  : uid=1000(system) com.gm.android.gmauthmanagerservice expire 9 lines
04-18 23:04:12.034  3085  2753 I chatty  : uid=1000(system) com.gm.android.gmauthmanagerservice expire 10 lines
04-18 23:04:12.040  3085  2754 I chatty  : uid=1000(system) com.gm.android.gmauthmanagerservice expire 10 lines
04-18 23:04:12.202  3085  2763 I chatty  : uid=1000(system) com.gm.android.gmauthmanagerservice expire 9 lines
04-18 23:04:12.210  3085  3149 I chatty  : uid=1000(system) Thread-55 expire 36 lines
04-18 23:04:12.211  3085  2765 I chatty  : uid=1000(system) com.gm.android.gmauthmanagerservice expire 10 lines
04-18 23:04:12.223  3085  2766 I chatty  : uid=1000(system) com.gm.android.gmauthmanagerservice expire 10 lines
04-18 23:04:12.290  2655  4171 I chatty  : uid=1000(system) Binder_10 expire 8 lines
04-18 23:04:12.294  2655  2760 I chatty  : uid=1000(system) android.display expire 23 lines
04-18 23:04:12.311  2655  4097 I chatty  : uid=1000(system) Binder_D expire 5 lines
04-18 23:04:12.419  2655  3327 I chatty  : uid=1000(system) Binder_8 expire 4 lines
04-18 23:04:12.466  3311  3311 I chatty  : uid=1000(system) com.gm.gmhomescreen expire 1 line
04-18 23:04:12.507  2655  3051 I chatty  : uid=1000(system) Binder_5 expire 9 lines
04-18 23:04:12.507  2655  3770 I chatty  : uid=1000(system) Binder_B expire 3 lines
04-18 23:04:12.525  2655  2667 I chatty  : uid=1000(system) Binder_2 expire 8 lines
04-18 23:04:12.557  2655  3802 I chatty  : uid=1000(system) Binder_C expire 3 lines
04-18 23:04:12.600  2655  4156 I chatty  : uid=1000(system) Binder_F expire 2 lines
04-18 23:04:13.585  2655  3349 I chatty  : uid=1000(system) Binder_9 expire 5 lines
04-18 23:04:13.690  2655  4150 I chatty  : uid=1000(system) Binder_E expire 1 line
04-18 23:04:13.690  2655  2666 I chatty  : uid=1000(system) Binder_1 expire 10 lines
04-18 23:04:13.796  2655  3694 I chatty  : uid=1000(system) Binder_A expire 4 lines
04-18 23:04:13.797  2655  2942 I chatty  : uid=1000(system) Binder_4 expire 4 lines
04-18 23:04:13.900  3085  2855 I chatty  : uid=1000(system) com.gm.android.gmauthmanagerservice expire 9 lines
04-18 23:04:13.903  2655  3321 I chatty  : uid=1000(system) Binder_7 expire 3 lines
04-18 23:04:13.915  3085  2856 I chatty  : uid=1000(system) com.gm.android.gmauthmanagerservice expire 10 lines
04-18 23:04:13.929  3085  2865 I chatty  : uid=1000(system) com.gm.android.gmauthmanagerservice expire 10 lines
04-18 23:04:13.978  3085  2867 I chatty  : uid=1000(system) com.gm.android.gmauthmanagerservice expire 9 lines
04-18 23:04:13.991  3085  2881 I chatty  : uid=1000(system) com.gm.android.gmauthmanagerservice expire 10 lines
04-18 23:04:13.999  3085  2882 I chatty  : uid=1000(system) com.gm.android.gmauthmanagerservice expire 10 lines
04-18 23:04:14.019  2655  2690 I chatty  : uid=1000(system) Binder_3 expire 3 lines
04-18 23:04:14.491  2655  2725 I chatty  : uid=1000(system) ActivityManager expire 1 line
04-18 23:04:16.192  2655  3304 I chatty  : uid=1000(system) Binder_6 expire 1 line
04-18 23:04:16.631  4098  4098 W StatusBarManager: enter dropFocus in StatusBarManager
04-18 23:04:17.973  4098  4098 W StatusBarManager: enter dropFocus in StatusBarManager
04-18 23:04:18.121  1976  2163 I chatty  : uid=1000(system) Binder_1 expire 2 lines
04-18 23:04:18.389  2886  2937 I chatty  : uid=1000(system) Binder_2 expire 1 line
04-18 23:04:18.390  2886 19126 I chatty  : uid=1000(system) Binder_11 expire 1 line
04-18 23:04:18.460  3085  3044 I chatty  : uid=1000(system) com.gm.android.gmauthmanagerservice expire 9 lines
04-18 23:04:18.470  3085  3046 I chatty  : uid=1000(system) com.gm.android.gmauthmanagerservice expire 10 lines
04-18 23:04:18.479  3085  3047 I chatty  : uid=1000(system) com.gm.android.gmauthmanagerservice expire 10 lines
04-18 23:04:18.499  3085  3048 I chatty  : uid=1000(system) com.gm.android.gmauthmanagerservice expire 9 lines
04-18 23:04:18.515  2655  4097 I chatty  : uid=1000(system) Binder_D expire 6 lines
04-18 23:04:18.515  2655  2690 I chatty  : uid=1000(system) Binder_3 expire 8 lines
04-18 23:04:18.516  3085  3149 I chatty  : uid=1000(system) Thread-55 expire 39 lines
04-18 23:04:18.517  3085  3050 I chatty  : uid=1000(system) com.gm.android.gmauthmanagerservice expire 10 lines
04-18 23:04:18.529  3085  3052 I chatty  : uid=1000(system) com.gm.android.gmauthmanagerservice expire 10 lines
04-18 23:04:18.616  2655  3051 I chatty  : uid=1000(system) Binder_5 expire 8 lines
04-18 23:04:18.733  2655  3321 I chatty  : uid=1000(system) Binder_7 expire 6 lines
04-18 23:04:18.853  2655  3802 I chatty  : uid=1000(system) Binder_C expire 2 lines
04-18 23:04:18.854  2655  4156 I chatty  : uid=1000(system) Binder_F expire 6 lines
04-18 23:04:18.971  2655  3694 I chatty  : uid=1000(system) Binder_A expire 2 lines
04-18 23:04:19.091  2655  4150 I chatty  : uid=1000(system) Binder_E expire 6 lines
04-18 23:04:19.200  2655  3327 I chatty  : uid=1000(system) Binder_8 expire 3 lines
04-18 23:04:19.350  2655  2760 I chatty  : uid=1000(system) android.display expire 7 lines
04-18 23:04:19.404  3903  3903 I chatty  : uid=1000(system) com.gm.camera expire 4 lines
04-18 23:04:19.420  2655  2942 I chatty  : uid=1000(system) Binder_4 expire 5 lines
04-18 23:04:19.521  2655  2725 I chatty  : uid=1000(system) ActivityManager expire 2 lines
04-18 23:04:19.526  2655  2726 I chatty  : uid=1000(system) android.ui expire 1 line
04-18 23:04:19.558  1619  1619 W StatusBarManager: enter dropFocus in StatusBarManager
04-18 23:04:19.558  2655  3349 I chatty  : uid=1000(system) Binder_9 expire 7 lines
04-18 23:04:19.569  2655  3304 I chatty  : uid=1000(system) Binder_6 expire 4 lines
04-18 23:04:19.811  2655  4171 I chatty  : uid=1000(system) Binder_10 expire 4 lines
04-18 23:04:19.967  3085  3140 I chatty  : uid=1000(system) com.gm.android.gmauthmanagerservice expire 9 lines
04-18 23:04:19.972  3085  3145 I chatty  : uid=1000(system) com.gm.android.gmauthmanagerservice expire 10 lines
04-18 23:04:19.981  3085  3146 I chatty  : uid=1000(system) com.gm.android.gmauthmanagerservice expire 10 lines
04-18 23:04:19.985  3085  3150 I chatty  : uid=1000(system) com.gm.android.gmauthmanagerservice expire 9 lines
04-18 23:04:19.990  3085  3151 I chatty  : uid=1000(system) com.gm.android.gmauthmanagerservice expire 10 lines
04-18 23:04:19.996  3085  3154 I chatty  : uid=1000(system) com.gm.android.gmauthmanagerservice expire 10 lines
04-18 23:04:20.181  2655  3770 I chatty  : uid=1000(system) Binder_B expire 3 lines
04-18 23:04:20.192  2655  2667 I chatty  : uid=1000(system) Binder_2 expire 2 lines
04-18 23:04:20.295  2655  2666 I chatty  : uid=1000(system) Binder_1 expire 3 lines
04-18 23:04:20.895  3085  3174 I chatty  : uid=1000(system) com.gm.android.gmauthmanagerservice expire 9 lines
04-18 23:04:20.902  3085  3175 I chatty  : uid=1000(system) com.gm.android.gmauthmanagerservice expire 10 lines
04-18 23:04:20.915  3085  3176 I chatty  : uid=1000(system) com.gm.android.gmauthmanagerservice expire 10 lines
04-18 23:04:20.920  3085  3177 I chatty  : uid=1000(system) com.gm.android.gmauthmanagerservice expire 9 lines
04-18 23:04:20.936  3085  3205 I chatty  : uid=1000(system) com.gm.android.gmauthmanagerservice expire 10 lines
04-18 23:04:20.943  3085  3149 I chatty  : uid=1000(system) Thread-55 expire 39 lines
04-18 23:04:20.943  3085  3207 I chatty  : uid=1000(system) com.gm.android.gmauthmanagerservice expire 10 lines
04-18 23:04:20.948  2655  3327 I chatty  : uid=1000(system) Binder_8 expire 5 lines
04-18 23:04:20.949  2655  3304 I chatty  : uid=1000(system) Binder_6 expire 8 lines
04-18 23:04:21.053  2655  4156 I chatty  : uid=1000(system) Binder_F expire 5 lines
04-18 23:04:21.155  2655  3770 I chatty  : uid=1000(system) Binder_B expire 8 lines
04-18 23:04:21.168  2655  2760 I chatty  : uid=1000(system) android.display expire 15 lines
04-18 23:04:21.245  1976 27773 I chatty  : uid=1000(system) Binder_3 expire 2 lines
04-18 23:04:21.296  2655  2666 I chatty  : uid=1000(system) Binder_1 expire 5 lines
04-18 23:04:21.333  2655  3051 I chatty  : uid=1000(system) Binder_5 expire 6 lines
04-18 23:04:21.448  2886 10355 I chatty  : uid=1000(system) Binder_D expire 1 line
04-18 23:04:21.451  2655  3349 I chatty  : uid=1000(system) Binder_9 expire 5 lines
04-18 23:04:21.452  2655  2942 I chatty  : uid=1000(system) Binder_4 expire 7 lines
04-18 23:04:21.559  2655  4171 I chatty  : uid=1000(system) Binder_10 expire 4 lines
04-18 23:04:21.678  2655  3694 I chatty  : uid=1000(system) Binder_A expire 2 lines
04-18 23:04:21.765  3085  3255 I chatty  : uid=1000(system) com.gm.android.gmauthmanagerservice expire 9 lines
04-18 23:04:21.774  3085  3256 I chatty  : uid=1000(system) com.gm.android.gmauthmanagerservice expire 10 lines
04-18 23:04:21.791  3085  3257 I chatty  : uid=1000(system) com.gm.android.gmauthmanagerservice expire 10 lines
04-18 23:04:21.798  3085  3258 I chatty  : uid=1000(system) com.gm.android.gmauthmanagerservice expire 9 lines
04-18 23:04:21.807  3085  3259 I chatty  : uid=1000(system) com.gm.android.gmauthmanagerservice expire 10 lines
04-18 23:04:21.812  3085  3260 I chatty  : uid=1000(system) com.gm.android.gmauthmanagerservice expire 10 lines
04-18 23:04:21.889  2655  4150 I chatty  : uid=1000(system) Binder_E expire 1 line
04-18 23:04:21.889  2655  2667 I chatty  : uid=1000(system) Binder_2 expire 5 lines
04-18 23:04:21.994  2655  4097 I chatty  : uid=1000(system) Binder_D expire 1 line
04-18 23:04:22.308  2655  2725 I chatty  : uid=1000(system) ActivityManager expire 1 line
04-18 23:04:22.440  2655  3321 I chatty  : uid=1000(system) Binder_7 expire 2 lines
04-18 23:04:22.804  3311  3311 I chatty  : uid=1000(system) com.gm.gmhomescreen expire 2 lines
04-18 23:04:22.980  2655  3802 I chatty  : uid=1000(system) Binder_C expire 4 lines
04-18 23:04:23.032  3085  3290 I chatty  : uid=1000(system) com.gm.android.gmauthmanagerservice expire 9 lines
04-18 23:04:23.037  3085  3291 I chatty  : uid=1000(system) com.gm.android.gmauthmanagerservice expire 10 lines
04-18 23:04:23.053  3085  3292 I chatty  : uid=1000(system) com.gm.android.gmauthmanagerservice expire 10 lines
04-18 23:04:23.061  3085  3293 I chatty  : uid=1000(system) com.gm.android.gmauthmanagerservice expire 9 lines
04-18 23:04:23.072  3085  3298 I chatty  : uid=1000(system) com.gm.android.gmauthmanagerservice expire 10 lines
04-18 23:04:23.085  3085  3302 I chatty  : uid=1000(system) com.gm.android.gmauthmanagerservice expire 10 lines
04-18 23:04:23.427  2655  2690 I chatty  : uid=1000(system) Binder_3 expire 9 lines
04-18 23:04:23.432  2655  3051 I chatty  : uid=1000(system) Binder_5 expire 10 lines
04-18 23:04:23.457  2655  3694 I chatty  : uid=1000(system) Binder_A expire 7 lines
04-18 23:04:23.461  2655  2667 I chatty  : uid=1000(system) Binder_2 expire 17 lines
04-18 23:04:23.570  2655  3304 I chatty  : uid=1000(system) Binder_6 expire 4 lines
04-18 23:04:23.572  2655  4171 I chatty  : uid=1000(system) Binder_10 expire 4 lines
04-18 23:04:23.603  2655  2725 I chatty  : uid=1000(system) ActivityManager expire 2 lines
04-18 23:04:23.680  2655  4097 I chatty  : uid=1000(system) Binder_D expire 5 lines
04-18 23:04:23.785  2655  3802 I chatty  : uid=1000(system) Binder_C expire 2 lines
04-18 23:04:23.913  2655  3321 I chatty  : uid=1000(system) Binder_7 expire 9 lines
04-18 23:04:23.935  3085  3149 I chatty  : uid=1000(system) Thread-55 expire 36 lines
04-18 23:04:23.936  3085  3353 I chatty  : uid=1000(system) com.gm.android.gmauthmanagerservice expire 9 lines
04-18 23:04:23.941  3085  3354 I chatty  : uid=1000(system) com.gm.android.gmauthmanagerservice expire 10 lines
04-18 23:04:23.948  3085  3356 I chatty  : uid=1000(system) com.gm.android.gmauthmanagerservice expire 10 lines
04-18 23:04:23.960  3085  3358 I chatty  : uid=1000(system) com.gm.android.gmauthmanagerservice expire 9 lines
04-18 23:04:23.969  3085  3359 I chatty  : uid=1000(system) com.gm.android.gmauthmanagerservice expire 10 lines
04-18 23:04:23.972  3085  3360 I chatty  : uid=1000(system) com.gm.android.gmauthmanagerservice expire 10 lines
04-18 23:04:24.004  2655  3349 I chatty  : uid=1000(system) Binder_9 expire 5 lines
04-18 23:04:24.014  2655  2666 I chatty  : uid=1000(system) Binder_1 expire 4 lines
04-18 23:04:24.372  2655  3327 I chatty  : uid=1000(system) Binder_8 expire 4 lines
04-18 23:04:24.373  2655  3770 I chatty  : uid=1000(system) Binder_B expire 7 lines
04-18 23:04:24.482  2655  2760 I chatty  : uid=1000(system) android.display expire 8 lines
04-18 23:04:24.728  3085  3372 I chatty  : uid=1000(system) com.gm.android.gmauthmanagerservice expire 9 lines
04-18 23:04:24.737  3085  3373 I chatty  : uid=1000(system) com.gm.android.gmauthmanagerservice expire 10 lines
04-18 23:04:24.776  3085  3374 I chatty  : uid=1000(system) com.gm.android.gmauthmanagerservice expire 10 lines
04-18 23:04:24.786  3085  3375 I chatty  : uid=1000(system) com.gm.android.gmauthmanagerservice expire 9 lines
04-18 23:04:24.812  3085  3376 I chatty  : uid=1000(system) com.gm.android.gmauthmanagerservice expire 10 lines
04-18 23:04:24.819  3085  3377 I chatty  : uid=1000(system) com.gm.android.gmauthmanagerservice expire 10 lines
04-18 23:04:25.128  4232 22319 V OnStarCommands: onTTYModeStatus
04-18 23:04:25.316  2655  2942 I chatty  : uid=1000(system) Binder_4 expire 6 lines
04-18 23:04:26.066  2655  4156 I chatty  : uid=1000(system) Binder_F expire 16 lines
04-18 23:04:26.087  2655  3770 I chatty  : uid=1000(system) Binder_B expire 8 lines
04-18 23:04:26.108  2655  3802 I chatty  : uid=1000(system) Binder_C expire 13 lines
04-18 23:04:26.126  4232  4271 V OnStarCommands: onCallState: callState:CALL_STATE_IDLE, hasCallState:true
04-18 23:04:26.127  4232  4271 I OnStarCommands: onCallState: No active personal call session, ignoring state event...
04-18 23:04:26.127  2655  4150 I chatty  : uid=1000(system) Binder_E expire 11 lines
04-18 23:04:26.135  2569 27569 I VAS/VehicleAudioService: setMode() mode 0
04-18 23:04:26.152  2569 27569 I VAS/VehicleAudioService: Mode_Normal() entry
04-18 23:04:26.161  2886  4766 I chatty  : uid=1000(system) Binder_7 expire 2 lines
04-18 23:04:26.167  2655  3694 I chatty  : uid=1000(system) Binder_A expire 7 lines
04-18 23:04:26.172  2569 29108 I VAS/VehicleAudioService: abandonAudioFocus() streamType 4115, extraInfo 0, zone 1
04-18 23:04:26.176  2569 29108 I VAS/VehicleAudioService: setMux() name primary_mux, input 4115, gain -100, extraInfo 0, zone 1
04-18 23:04:26.183  2569 29108 I VAS/AudioDriverInterface: setMuteRamp() sinkType 1, mute 1, time 0.01 sec
04-18 23:04:26.185  4232 22319 V OnStarCommands: onCallSessionEnded: callSession:1, reason:1
04-18 23:04:26.185  4232 22319 I OnStarCommands: onCallSessionEnded: Ignoring non-personal call: callsession:1
04-18 23:04:26.189  2569 29108 I VAS/ExternalAmpIface: update() attrName MtxSnkMutRmpTm, rawValue 10.00
04-18 23:04:26.189  2569 29108 I VAS/ExternalAmpIface: update() attrName MtxSnkMut, rawValue 1.00
04-18 23:04:26.190  4232 22319 D OnStarCommands: onCallSessionStatus:  callSession:0,  hasCallSession:true
04-18 23:04:26.196  2655  2942 I chatty  : uid=1000(system) Binder_4 expire 6 lines
04-18 23:04:26.197  2655  3327 I chatty  : uid=1000(system) Binder_8 expire 15 lines
04-18 23:04:26.209  2655  3349 I chatty  : uid=1000(system) Binder_9 expire 10 lines
04-18 23:04:26.314  2655  2690 I chatty  : uid=1000(system) Binder_3 expire 7 lines
04-18 23:04:26.315  2655  2667 I chatty  : uid=1000(system) Binder_2 expire 6 lines
04-18 23:04:26.359  2569  2627 I VAS/ExternalAmpIface: mutex_sink_mute_state_callback() entry
04-18 23:04:26.360  2569  2627 I VAS/ExternalAmpIface: mutex_sink_mute_state_callback() Mute status 1
04-18 23:04:26.360  2569  2627 I VAS/AudioCtrlSvcImpl: setMuteRampFinish() entry
04-18 23:04:26.360  2569 29108 I VAS/AudioCtrlSvcImpl: processMuteUnmuteRamps() Received Mute response from amplifier
04-18 23:04:26.360  2569 29108 I VAS/AudioDriverInterface: setSrc() sinkType 1, streamType 4115, activationStatus 0, extraInfo 0
04-18 23:04:26.372  2655  2725 I chatty  : uid=1000(system) ActivityManager expire 3 lines
04-18 23:04:26.424  2655  3051 I chatty  : uid=1000(system) Binder_5 expire 18 lines
04-18 23:04:26.427  2655  2666 I chatty  : uid=1000(system) Binder_1 expire 10 lines
04-18 23:04:26.429  2655  3321 I chatty  : uid=1000(system) Binder_7 expire 11 lines
04-18 23:04:26.585  2569  2625 I VAS/VehicleAudioService: requestAudioFocus() streamType 4119, extraInfo 0, zone 1, clientId gm.media.audio.VehicleAudioManager@ffa6ba2com.gm.onstar.service.d@bb760331
04-18 23:04:26.585  2569  2625 I VAS/VehicleAudioService: setMux() name primary_mux, input 4119, gain 0, extraInfo 0, zone 1
04-18 23:04:26.585  2569  2625 I VAS/AudioDriverInterface: setSrc() sinkType 1, streamType 4119, activationStatus 1, extraInfo 0
04-18 23:04:26.585  2569  2625 I VAS/AudioDriverInterface: setSourceScale() sinkType 1, scale value -2.34 : gain value 0.00
04-18 23:04:26.586  2569  2625 E VAS/AudioDriverInterface: setSourceScale() audio_set_dirana_source_gain() failed, ERROR -1
04-18 23:04:26.586  2569  2625 I VAS/ExternalAmpIface: update() attrName MtxSnkBal, rawValue 0.00
04-18 23:04:26.586  2569  2625 I VAS/AudioDriverInterface: setBalance() balance 0
04-18 23:04:26.587  2569  2625 I VAS/ExternalAmpIface: update() attrName MtxSnkFd, rawValue 12.00
04-18 23:04:26.587  2569  2625 I VAS/AudioDriverInterface: setFade() fade 12
04-18 23:04:26.588  2569  2625 I VAS/ExternalAmpIface: update() attrName MtxSnkBass, rawValue 0.00
04-18 23:04:26.588  2569  2625 I VAS/AudioDriverInterface: setBass() bass 0.00
