04-18 19:33:11.792 24965 24965 D PhoneNumberUtils: subId:1, defaultCountryIso:NULL
04-18 19:33:11.793 24965 24965 D PhoneNumberUtils: slotId:0, emergencyNumbers: 
04-18 19:33:11.793 24965 24965 D PhoneNumberUtils: System property doesn't provide any emergency numbers. Use embedded logic for determining ones.
04-18 19:33:11.793 24965 24965 D PhoneNumberUtils: Active phone base from System table: 7
04-18 19:33:11.793 24965 24965 D PhoneNumberUtils: emergencyNumbers: 112,911,000,08,110,118,119,999,120,997,998,060,061,062,063,064,065,066,067,068,069,080,081,082,083,084,085,086,087,088,089
04-18 19:33:11.809 24965 24965 D PhoneNumberUtils: subId:1, defaultCountryIso:NULL
04-18 19:33:11.810 24965 24965 D PhoneNumberUtils: slotId:0, emergencyNumbers: 
04-18 19:33:11.811 24965 24965 D PhoneNumberUtils: System property doesn't provide any emergency numbers. Use embedded logic for determining ones.
04-18 19:33:11.811 24965 24965 D PhoneNumberUtils: Active phone base from System table: 7
04-18 19:33:11.811 24965 24965 D PhoneNumberUtils: emergencyNumbers: 112,911,000,08,110,118,119,999,120,997,998,060,061,062,063,064,065,066,067,068,069,080,081,082,083,084,085,086,087,088,089
04-18 19:33:35.671  2655  2655 D PhoneNumberUtils: subId:1, defaultCountryIso:US
04-18 19:33:35.672  2655  2655 D PhoneNumberUtils: slotId:0, emergencyNumbers: 
04-18 19:33:35.672  2655  2655 D PhoneNumberUtils: System property doesn't provide any emergency numbers. Use embedded logic for determining ones.
04-18 19:33:35.672  2655  2655 D PhoneNumberUtils: Active phone base from System table: 7
04-18 19:33:35.672  2655  2655 D PhoneNumberUtils: emergencyNumbers: 112,911,000,08,110,118,119,999,120,997,998,060,061,062,063,064,065,066,067,068,069,080,081,082,083,084,085,086,087,088,089
04-18 19:33:35.732  2655  2655 D PhoneNumberUtils: subId:1, defaultCountryIso:US
04-18 19:33:35.733  2655  2655 D PhoneNumberUtils: slotId:0, emergencyNumbers: 
04-18 19:33:35.733  2655  2655 D PhoneNumberUtils: System property doesn't provide any emergency numbers. Use embedded logic for determining ones.
04-18 19:33:35.733  2655  2655 D PhoneNumberUtils: Active phone base from System table: 7
04-18 19:33:35.733  2655  2655 D PhoneNumberUtils: emergencyNumbers: 112,911,000,08,110,118,119,999,120,997,998,060,061,062,063,064,065,066,067,068,069,080,081,082,083,084,085,086,087,088,089
04-18 19:33:35.740  2655  2655 D PhoneNumberUtils: subId:1, defaultCountryIso:US
04-18 19:33:35.741  2655  2655 D PhoneNumberUtils: slotId:0, emergencyNumbers: 
04-18 19:33:35.741  2655  2655 D PhoneNumberUtils: System property doesn't provide any emergency numbers. Use embedded logic for determining ones.
04-18 19:33:35.741  2655  2655 D PhoneNumberUtils: Active phone base from System table: 7
04-18 19:33:35.741  2655  2655 D PhoneNumberUtils: emergencyNumbers: 112,911,000,08,110,118,119,999,120,997,998,060,061,062,063,064,065,066,067,068,069,080,081,082,083,084,085,086,087,088,089
04-18 19:33:35.759  2655  2655 D PhoneNumberUtils: subId:1, defaultCountryIso:US
04-18 19:33:35.760  2655  2655 D PhoneNumberUtils: slotId:0, emergencyNumbers: 
04-18 19:33:35.760  2655  2655 D PhoneNumberUtils: System property doesn't provide any emergency numbers. Use embedded logic for determining ones.
04-18 19:33:35.760  2655  2655 D PhoneNumberUtils: Active phone base from System table: 7
04-18 19:33:35.760  2655  2655 D PhoneNumberUtils: emergencyNumbers: 112,911,000,08,110,118,119,999,120,997,998,060,061,062,063,064,065,066,067,068,069,080,081,082,083,084,085,086,087,088,089
04-18 19:33:35.942  4232  4232 I chatty  : uid=1001(radio) com.android.phone expire 292 lines
04-18 19:33:35.952 24965 24965 D PhoneNumberUtils: subId:1, defaultCountryIso:NULL
04-18 19:33:35.964 24965 24965 D PhoneNumberUtils: slotId:0, emergencyNumbers: 
04-18 19:33:35.964 24965 24965 D PhoneNumberUtils: System property doesn't provide any emergency numbers. Use embedded logic for determining ones.
04-18 19:33:35.964 24965 24965 D PhoneNumberUtils: Active phone base from System table: 7
04-18 19:33:35.964 24965 24965 D PhoneNumberUtils: emergencyNumbers: 112,911,000,08,110,118,119,999,120,997,998,060,061,062,063,064,065,066,067,068,069,080,081,082,083,084,085,086,087,088,089
04-18 19:33:35.988  2655  2655 D PhoneNumberUtils: subId:1, defaultCountryIso:US
04-18 19:33:35.988  2655  2655 D PhoneNumberUtils: slotId:0, emergencyNumbers: 
04-18 19:33:35.988  2655  2655 D PhoneNumberUtils: System property doesn't provide any emergency numbers. Use embedded logic for determining ones.
04-18 19:33:35.988  2655  2655 D PhoneNumberUtils: Active phone base from System table: 7
04-18 19:33:35.988  2655  2655 D PhoneNumberUtils: emergencyNumbers: 112,911,000,08,110,118,119,999,120,997,998,060,061,062,063,064,065,066,067,068,069,080,081,082,083,084,085,086,087,088,089
04-18 19:33:36.632 24965 24965 D PhoneNumberUtils: subId:1, defaultCountryIso:NULL
04-18 19:33:36.633 24965 24965 D PhoneNumberUtils: slotId:0, emergencyNumbers: 
04-18 19:33:36.633 24965 24965 D PhoneNumberUtils: System property doesn't provide any emergency numbers. Use embedded logic for determining ones.
04-18 19:33:36.633 24965 24965 D PhoneNumberUtils: Active phone base from System table: 7
04-18 19:33:36.633 24965 24965 D PhoneNumberUtils: emergencyNumbers: 112,911,000,08,110,118,119,999,120,997,998,060,061,062,063,064,065,066,067,068,069,080,081,082,083,084,085,086,087,088,089
04-18 19:33:36.671  2655  3327 D SubscriptionManager: getSimStateForSubscriber: simState=5 slotIdx=0
04-18 19:33:36.737  2655  3051 D SubscriptionManager: getSimStateForSubscriber: simState=5 slotIdx=0
04-18 19:33:38.499 24965 24965 D PhoneNumberUtils: subId:1, defaultCountryIso:NULL
04-18 19:33:38.499 24965 24965 D PhoneNumberUtils: slotId:0, emergencyNumbers: 
04-18 19:33:38.499 24965 24965 D PhoneNumberUtils: System property doesn't provide any emergency numbers. Use embedded logic for determining ones.
04-18 19:33:38.499 24965 24965 D PhoneNumberUtils: Active phone base from System table: 7
04-18 19:33:38.499 24965 24965 D PhoneNumberUtils: emergencyNumbers: 112,911,000,08,110,118,119,999,120,997,998,060,061,062,063,064,065,066,067,068,069,080,081,082,083,084,085,086,087,088,089
04-18 19:33:38.701  4232  4842 I chatty  : uid=1001(radio) Binder_4 expire 5 lines
04-18 19:33:38.790  4232  4270 I chatty  : uid=1001(radio) Binder_1 expire 10 lines
04-18 19:33:38.901 24965 24965 D PhoneNumberUtils: subId:1, defaultCountryIso:NULL
04-18 19:33:38.902 24965 24965 D PhoneNumberUtils: slotId:0, emergencyNumbers: 
04-18 19:33:38.902 24965 24965 D PhoneNumberUtils: System property doesn't provide any emergency numbers. Use embedded logic for determining ones.
04-18 19:33:38.902 24965 24965 D PhoneNumberUtils: Active phone base from System table: 7
04-18 19:33:38.902 24965 24965 D PhoneNumberUtils: emergencyNumbers: 112,911,000,08,110,118,119,999,120,997,998,060,061,062,063,064,065,066,067,068,069,080,081,082,083,084,085,086,087,088,089
04-18 19:33:38.940 24965 24965 D PhoneNumberUtils: subId:1, defaultCountryIso:NULL
04-18 19:33:38.941 24965 24965 D PhoneNumberUtils: slotId:0, emergencyNumbers: 
04-18 19:33:38.941 24965 24965 D PhoneNumberUtils: System property doesn't provide any emergency numbers. Use embedded logic for determining ones.
04-18 19:33:38.941 24965 24965 D PhoneNumberUtils: Active phone base from System table: 7
04-18 19:33:38.941 24965 24965 D PhoneNumberUtils: emergencyNumbers: 112,911,000,08,110,118,119,999,120,997,998,060,061,062,063,064,065,066,067,068,069,080,081,082,083,084,085,086,087,088,089
04-18 19:33:38.962 24965 24965 D PhoneNumberUtils: subId:1, defaultCountryIso:NULL
04-18 19:33:38.964 24965 24965 D PhoneNumberUtils: slotId:0, emergencyNumbers: 
04-18 19:33:38.964 24965 24965 D PhoneNumberUtils: System property doesn't provide any emergency numbers. Use embedded logic for determining ones.
04-18 19:33:38.964 24965 24965 D PhoneNumberUtils: Active phone base from System table: 7
04-18 19:33:38.964 24965 24965 D PhoneNumberUtils: emergencyNumbers: 112,911,000,08,110,118,119,999,120,997,998,060,061,062,063,064,065,066,067,068,069,080,081,082,083,084,085,086,087,088,089
04-18 19:33:38.981 24965 24965 D PhoneNumberUtils: subId:1, defaultCountryIso:NULL
04-18 19:33:38.981 24965 24965 D PhoneNumberUtils: slotId:0, emergencyNumbers: 
04-18 19:33:38.981 24965 24965 D PhoneNumberUtils: System property doesn't provide any emergency numbers. Use embedded logic for determining ones.
04-18 19:33:38.982 24965 24965 D PhoneNumberUtils: Active phone base from System table: 7
04-18 19:33:38.982 24965 24965 D PhoneNumberUtils: emergencyNumbers: 112,911,000,08,110,118,119,999,120,997,998,060,061,062,063,064,065,066,067,068,069,080,081,082,083,084,085,086,087,088,089
04-18 19:33:42.053  4232  4271 I chatty  : uid=1001(radio) Binder_2 expire 9 lines
04-18 19:33:49.149  4232  4711 I chatty  : uid=1001(radio) Binder_3 expire 5 lines
04-18 19:35:22.395  2655  2655 D PhoneNumberUtils: subId:1, defaultCountryIso:US
04-18 19:35:22.396  2655  2655 D PhoneNumberUtils: slotId:0, emergencyNumbers: 
04-18 19:35:22.396  2655  2655 D PhoneNumberUtils: System property doesn't provide any emergency numbers. Use embedded logic for determining ones.
04-18 19:35:22.396  2655  2655 D PhoneNumberUtils: Active phone base from System table: 7
04-18 19:35:22.396  2655  2655 D PhoneNumberUtils: emergencyNumbers: 112,911,000,08,110,118,119,999,120,997,998,060,061,062,063,064,065,066,067,068,069,080,081,082,083,084,085,086,087,088,089
04-18 19:35:22.451  2655  2655 D PhoneNumberUtils: subId:1, defaultCountryIso:US
04-18 19:35:22.454  2655  2655 D PhoneNumberUtils: slotId:0, emergencyNumbers: 
04-18 19:35:22.454  2655  2655 D PhoneNumberUtils: System property doesn't provide any emergency numbers. Use embedded logic for determining ones.
04-18 19:35:22.454  2655  2655 D PhoneNumberUtils: Active phone base from System table: 7
04-18 19:35:22.454  2655  2655 D PhoneNumberUtils: emergencyNumbers: 112,911,000,08,110,118,119,999,120,997,998,060,061,062,063,064,065,066,067,068,069,080,081,082,083,084,085,086,087,088,089
04-18 19:35:22.484  2655  2655 D PhoneNumberUtils: subId:1, defaultCountryIso:US
04-18 19:35:22.485  2655  2655 D PhoneNumberUtils: slotId:0, emergencyNumbers: 
04-18 19:35:22.485  2655  2655 D PhoneNumberUtils: System property doesn't provide any emergency numbers. Use embedded logic for determining ones.
04-18 19:35:22.485  2655  2655 D PhoneNumberUtils: Active phone base from System table: 7
04-18 19:35:22.486  2655  2655 D PhoneNumberUtils: emergencyNumbers: 112,911,000,08,110,118,119,999,120,997,998,060,061,062,063,064,065,066,067,068,069,080,081,082,083,084,085,086,087,088,089
04-18 19:35:22.496  2655  2655 D PhoneNumberUtils: subId:1, defaultCountryIso:US
04-18 19:35:22.500  2655  2655 D PhoneNumberUtils: slotId:0, emergencyNumbers: 
04-18 19:35:22.500  2655  2655 D PhoneNumberUtils: System property doesn't provide any emergency numbers. Use embedded logic for determining ones.
04-18 19:35:22.500  2655  2655 D PhoneNumberUtils: Active phone base from System table: 7
04-18 19:35:22.500  2655  2655 D PhoneNumberUtils: emergencyNumbers: 112,911,000,08,110,118,119,999,120,997,998,060,061,062,063,064,065,066,067,068,069,080,081,082,083,084,085,086,087,088,089
04-18 19:35:22.584  4232  4232 I chatty  : uid=1001(radio) com.android.phone expire 33 lines
04-18 19:35:22.744  4232  4711 I chatty  : uid=1001(radio) Binder_3 expire 3 lines
04-18 19:35:22.752 24965 24965 D PhoneNumberUtils: subId:1, defaultCountryIso:NULL
04-18 19:35:22.756  2655  2655 D PhoneNumberUtils: subId:1, defaultCountryIso:US
04-18 19:35:22.756 24965 24965 D PhoneNumberUtils: slotId:0, emergencyNumbers: 
04-18 19:35:22.756 24965 24965 D PhoneNumberUtils: System property doesn't provide any emergency numbers. Use embedded logic for determining ones.
04-18 19:35:22.756 24965 24965 D PhoneNumberUtils: Active phone base from System table: 7
04-18 19:35:22.756 24965 24965 D PhoneNumberUtils: emergencyNumbers: 112,911,000,08,110,118,119,999,120,997,998,060,061,062,063,064,065,066,067,068,069,080,081,082,083,084,085,086,087,088,089
04-18 19:35:22.759  2655  2655 D PhoneNumberUtils: slotId:0, emergencyNumbers: 
04-18 19:35:22.759  2655  2655 D PhoneNumberUtils: System property doesn't provide any emergency numbers. Use embedded logic for determining ones.
04-18 19:35:22.759  2655  2655 D PhoneNumberUtils: Active phone base from System table: 7
04-18 19:35:22.759  2655  2655 D PhoneNumberUtils: emergencyNumbers: 112,911,000,08,110,118,119,999,120,997,998,060,061,062,063,064,065,066,067,068,069,080,081,082,083,084,085,086,087,088,089
04-18 19:35:22.768  4232  4271 I chatty  : uid=1001(radio) Binder_2 expire 1 line
04-18 19:35:22.832  4232  4232 I chatty  : uid=1001(radio) com.android.phone expire 193 lines
04-18 19:35:22.886  4232  4271 I chatty  : uid=1001(radio) Binder_2 expire 10 lines
04-18 19:35:23.203  4232 22319 I chatty  : uid=1001(radio) Binder_5 expire 6 lines
04-18 19:35:23.358  4232  4842 I chatty  : uid=1001(radio) Binder_4 expire 4 lines
04-18 19:35:23.368  2655  4171 D SubscriptionManager: getSimStateForSubscriber: simState=5 slotIdx=0
04-18 19:35:23.428 24965 24965 D PhoneNumberUtils: subId:1, defaultCountryIso:NULL
04-18 19:35:23.428 24965 24965 D PhoneNumberUtils: slotId:0, emergencyNumbers: 
04-18 19:35:23.428 24965 24965 D PhoneNumberUtils: System property doesn't provide any emergency numbers. Use embedded logic for determining ones.
04-18 19:35:23.428 24965 24965 D PhoneNumberUtils: Active phone base from System table: 7
04-18 19:35:23.428 24965 24965 D PhoneNumberUtils: emergencyNumbers: 112,911,000,08,110,118,119,999,120,997,998,060,061,062,063,064,065,066,067,068,069,080,081,082,083,084,085,086,087,088,089
04-18 19:35:24.301 24965 24965 D PhoneNumberUtils: subId:1, defaultCountryIso:NULL
04-18 19:35:24.301 24965 24965 D PhoneNumberUtils: slotId:0, emergencyNumbers: 
04-18 19:35:24.301 24965 24965 D PhoneNumberUtils: System property doesn't provide any emergency numbers. Use embedded logic for determining ones.
04-18 19:35:24.301 24965 24965 D PhoneNumberUtils: Active phone base from System table: 7
04-18 19:35:24.301 24965 24965 D PhoneNumberUtils: emergencyNumbers: 112,911,000,08,110,118,119,999,120,997,998,060,061,062,063,064,065,066,067,068,069,080,081,082,083,084,085,086,087,088,089
04-18 19:35:24.622  4232  4711 I chatty  : uid=1001(radio) Binder_3 expire 4 lines
04-18 19:35:24.629  4232  4270 I chatty  : uid=1001(radio) Binder_1 expire 4 lines
04-18 19:35:24.696 24965 24965 D PhoneNumberUtils: subId:1, defaultCountryIso:NULL
04-18 19:35:24.696 24965 24965 D PhoneNumberUtils: slotId:0, emergencyNumbers: 
04-18 19:35:24.696 24965 24965 D PhoneNumberUtils: System property doesn't provide any emergency numbers. Use embedded logic for determining ones.
04-18 19:35:24.696 24965 24965 D PhoneNumberUtils: Active phone base from System table: 7
04-18 19:35:24.696 24965 24965 D PhoneNumberUtils: emergencyNumbers: 112,911,000,08,110,118,119,999,120,997,998,060,061,062,063,064,065,066,067,068,069,080,081,082,083,084,085,086,087,088,089
04-18 19:35:24.760 24965 24965 D PhoneNumberUtils: subId:1, defaultCountryIso:NULL
04-18 19:35:24.761 24965 24965 D PhoneNumberUtils: slotId:0, emergencyNumbers: 
04-18 19:35:24.761 24965 24965 D PhoneNumberUtils: System property doesn't provide any emergency numbers. Use embedded logic for determining ones.
04-18 19:35:24.761 24965 24965 D PhoneNumberUtils: Active phone base from System table: 7
04-18 19:35:24.761 24965 24965 D PhoneNumberUtils: emergencyNumbers: 112,911,000,08,110,118,119,999,120,997,998,060,061,062,063,064,065,066,067,068,069,080,081,082,083,084,085,086,087,088,089
04-18 19:35:24.787 24965 24965 D PhoneNumberUtils: subId:1, defaultCountryIso:NULL
04-18 19:35:24.787 24965 24965 D PhoneNumberUtils: slotId:0, emergencyNumbers: 
04-18 19:35:24.787 24965 24965 D PhoneNumberUtils: System property doesn't provide any emergency numbers. Use embedded logic for determining ones.
04-18 19:35:24.787 24965 24965 D PhoneNumberUtils: Active phone base from System table: 7
04-18 19:35:24.787 24965 24965 D PhoneNumberUtils: emergencyNumbers: 112,911,000,08,110,118,119,999,120,997,998,060,061,062,063,064,065,066,067,068,069,080,081,082,083,084,085,086,087,088,089
04-18 19:35:24.808 24965 24965 D PhoneNumberUtils: subId:1, defaultCountryIso:NULL
04-18 19:35:24.809 24965 24965 D PhoneNumberUtils: slotId:0, emergencyNumbers: 
04-18 19:35:24.809 24965 24965 D PhoneNumberUtils: System property doesn't provide any emergency numbers. Use embedded logic for determining ones.
04-18 19:35:24.809 24965 24965 D PhoneNumberUtils: Active phone base from System table: 7
04-18 19:35:24.809 24965 24965 D PhoneNumberUtils: emergencyNumbers: 112,911,000,08,110,118,119,999,120,997,998,060,061,062,063,064,065,066,067,068,069,080,081,082,083,084,085,086,087,088,089
04-18 19:36:05.191  2655  2655 D PhoneNumberUtils: subId:1, defaultCountryIso:US
04-18 19:36:05.192  2655  2655 D PhoneNumberUtils: slotId:0, emergencyNumbers: 
04-18 19:36:05.192  2655  2655 D PhoneNumberUtils: System property doesn't provide any emergency numbers. Use embedded logic for determining ones.
04-18 19:36:05.192  2655  2655 D PhoneNumberUtils: Active phone base from System table: 7
04-18 19:36:05.192  2655  2655 D PhoneNumberUtils: emergencyNumbers: 112,911,000,08,110,118,119,999,120,997,998,060,061,062,063,064,065,066,067,068,069,080,081,082,083,084,085,086,087,088,089
04-18 19:36:05.269  2655  2655 D PhoneNumberUtils: subId:1, defaultCountryIso:US
04-18 19:36:05.273  2655  2655 D PhoneNumberUtils: slotId:0, emergencyNumbers: 
04-18 19:36:05.273  2655  2655 D PhoneNumberUtils: System property doesn't provide any emergency numbers. Use embedded logic for determining ones.
04-18 19:36:05.273  2655  2655 D PhoneNumberUtils: Active phone base from System table: 7
04-18 19:36:05.273  2655  2655 D PhoneNumberUtils: emergencyNumbers: 112,911,000,08,110,118,119,999,120,997,998,060,061,062,063,064,065,066,067,068,069,080,081,082,083,084,085,086,087,088,089
04-18 19:36:05.295  2655  2655 D PhoneNumberUtils: subId:1, defaultCountryIso:US
04-18 19:36:05.296  2655  2655 D PhoneNumberUtils: slotId:0, emergencyNumbers: 
04-18 19:36:05.296  2655  2655 D PhoneNumberUtils: System property doesn't provide any emergency numbers. Use embedded logic for determining ones.
04-18 19:36:05.296  2655  2655 D PhoneNumberUtils: Active phone base from System table: 7
04-18 19:36:05.296  2655  2655 D PhoneNumberUtils: emergencyNumbers: 112,911,000,08,110,118,119,999,120,997,998,060,061,062,063,064,065,066,067,068,069,080,081,082,083,084,085,086,087,088,089
04-18 19:36:05.302  2655  2655 D PhoneNumberUtils: subId:1, defaultCountryIso:US
04-18 19:36:05.304  2655  2655 D PhoneNumberUtils: slotId:0, emergencyNumbers: 
04-18 19:36:05.304  2655  2655 D PhoneNumberUtils: System property doesn't provide any emergency numbers. Use embedded logic for determining ones.
04-18 19:36:05.304  2655  2655 D PhoneNumberUtils: Active phone base from System table: 7
04-18 19:36:05.304  2655  2655 D PhoneNumberUtils: emergencyNumbers: 112,911,000,08,110,118,119,999,120,997,998,060,061,062,063,064,065,066,067,068,069,080,081,082,083,084,085,086,087,088,089
04-18 19:36:05.364 24965 24965 D PhoneNumberUtils: subId:1, defaultCountryIso:NULL
04-18 19:36:05.365 24965 24965 D PhoneNumberUtils: slotId:0, emergencyNumbers: 
04-18 19:36:05.365 24965 24965 D PhoneNumberUtils: System property doesn't provide any emergency numbers. Use embedded logic for determining ones.
04-18 19:36:05.365 24965 24965 D PhoneNumberUtils: Active phone base from System table: 7
04-18 19:36:05.365 24965 24965 D PhoneNumberUtils: emergencyNumbers: 112,911,000,08,110,118,119,999,120,997,998,060,061,062,063,064,065,066,067,068,069,080,081,082,083,084,085,086,087,088,089
04-18 19:36:05.380  4232  4232 I chatty  : uid=1001(radio) com.android.phone expire 202 lines
04-18 19:36:05.408  2655  2655 D PhoneNumberUtils: subId:1, defaultCountryIso:US
04-18 19:36:05.408  2655  2655 D PhoneNumberUtils: slotId:0, emergencyNumbers: 
04-18 19:36:05.408  2655  2655 D PhoneNumberUtils: System property doesn't provide any emergency numbers. Use embedded logic for determining ones.
04-18 19:36:05.408  2655  2655 D PhoneNumberUtils: Active phone base from System table: 7
04-18 19:36:05.408  2655  2655 D PhoneNumberUtils: emergencyNumbers: 112,911,000,08,110,118,119,999,120,997,998,060,061,062,063,064,065,066,067,068,069,080,081,082,083,084,085,086,087,088,089
04-18 19:36:06.362  4232  4271 I chatty  : uid=1001(radio) Binder_2 expire 7 lines
04-18 19:36:06.365  4232  4711 I chatty  : uid=1001(radio) Binder_3 expire 4 lines
04-18 19:36:06.397 24965 24965 D PhoneNumberUtils: subId:1, defaultCountryIso:NULL
04-18 19:36:06.398 24965 24965 D PhoneNumberUtils: slotId:0, emergencyNumbers: 
04-18 19:36:06.398 24965 24965 D PhoneNumberUtils: System property doesn't provide any emergency numbers. Use embedded logic for determining ones.
04-18 19:36:06.398 24965 24965 D PhoneNumberUtils: Active phone base from System table: 7
04-18 19:36:06.398 24965 24965 D PhoneNumberUtils: emergencyNumbers: 112,911,000,08,110,118,119,999,120,997,998,060,061,062,063,064,065,066,067,068,069,080,081,082,083,084,085,086,087,088,089
04-18 19:36:07.001 24965 24965 D PhoneNumberUtils: subId:1, defaultCountryIso:NULL
04-18 19:36:07.001 24965 24965 D PhoneNumberUtils: slotId:0, emergencyNumbers: 
04-18 19:36:07.001 24965 24965 D PhoneNumberUtils: System property doesn't provide any emergency numbers. Use embedded logic for determining ones.
04-18 19:36:07.001 24965 24965 D PhoneNumberUtils: Active phone base from System table: 7
04-18 19:36:07.001 24965 24965 D PhoneNumberUtils: emergencyNumbers: 112,911,000,08,110,118,119,999,120,997,998,060,061,062,063,064,065,066,067,068,069,080,081,082,083,084,085,086,087,088,089
04-18 19:36:07.405  4232 22319 I chatty  : uid=1001(radio) Binder_5 expire 8 lines
04-18 19:36:07.518 24965 24965 D PhoneNumberUtils: subId:1, defaultCountryIso:NULL
04-18 19:36:07.520 24965 24965 D PhoneNumberUtils: slotId:0, emergencyNumbers: 
04-18 19:36:07.520 24965 24965 D PhoneNumberUtils: System property doesn't provide any emergency numbers. Use embedded logic for determining ones.
04-18 19:36:07.520 24965 24965 D PhoneNumberUtils: Active phone base from System table: 7
04-18 19:36:07.520 24965 24965 D PhoneNumberUtils: emergencyNumbers: 112,911,000,08,110,118,119,999,120,997,998,060,061,062,063,064,065,066,067,068,069,080,081,082,083,084,085,086,087,088,089
04-18 19:36:07.555 24965 24965 D PhoneNumberUtils: subId:1, defaultCountryIso:NULL
04-18 19:36:07.555 24965 24965 D PhoneNumberUtils: slotId:0, emergencyNumbers: 
04-18 19:36:07.556 24965 24965 D PhoneNumberUtils: System property doesn't provide any emergency numbers. Use embedded logic for determining ones.
04-18 19:36:07.556 24965 24965 D PhoneNumberUtils: Active phone base from System table: 7
04-18 19:36:07.556 24965 24965 D PhoneNumberUtils: emergencyNumbers: 112,911,000,08,110,118,119,999,120,997,998,060,061,062,063,064,065,066,067,068,069,080,081,082,083,084,085,086,087,088,089
04-18 19:36:07.590 24965 24965 D PhoneNumberUtils: subId:1, defaultCountryIso:NULL
04-18 19:36:07.592 24965 24965 D PhoneNumberUtils: slotId:0, emergencyNumbers: 
04-18 19:36:07.592 24965 24965 D PhoneNumberUtils: System property doesn't provide any emergency numbers. Use embedded logic for determining ones.
04-18 19:36:07.592 24965 24965 D PhoneNumberUtils: Active phone base from System table: 7
04-18 19:36:07.592 24965 24965 D PhoneNumberUtils: emergencyNumbers: 112,911,000,08,110,118,119,999,120,997,998,060,061,062,063,064,065,066,067,068,069,080,081,082,083,084,085,086,087,088,089
04-18 19:36:07.613 24965 24965 D PhoneNumberUtils: subId:1, defaultCountryIso:NULL
04-18 19:36:07.613 24965 24965 D PhoneNumberUtils: slotId:0, emergencyNumbers: 
04-18 19:36:07.613 24965 24965 D PhoneNumberUtils: System property doesn't provide any emergency numbers. Use embedded logic for determining ones.
04-18 19:36:07.613 24965 24965 D PhoneNumberUtils: Active phone base from System table: 7
04-18 19:36:07.613 24965 24965 D PhoneNumberUtils: emergencyNumbers: 112,911,000,08,110,118,119,999,120,997,998,060,061,062,063,064,065,066,067,068,069,080,081,082,083,084,085,086,087,088,089
04-18 19:36:42.981  2655  2655 D PhoneNumberUtils: subId:1, defaultCountryIso:US
04-18 19:36:42.982  2655  2655 D PhoneNumberUtils: slotId:0, emergencyNumbers: 
04-18 19:36:42.982  2655  2655 D PhoneNumberUtils: System property doesn't provide any emergency numbers. Use embedded logic for determining ones.
04-18 19:36:42.982  2655  2655 D PhoneNumberUtils: Active phone base from System table: 7
04-18 19:36:42.982  2655  2655 D PhoneNumberUtils: emergencyNumbers: 112,911,000,08,110,118,119,999,120,997,998,060,061,062,063,064,065,066,067,068,069,080,081,082,083,084,085,086,087,088,089
04-18 19:36:43.005  2655  2655 D PhoneNumberUtils: subId:1, defaultCountryIso:US
04-18 19:36:43.007  2655  2655 D PhoneNumberUtils: slotId:0, emergencyNumbers: 
04-18 19:36:43.007  2655  2655 D PhoneNumberUtils: System property doesn't provide any emergency numbers. Use embedded logic for determining ones.
04-18 19:36:43.007  2655  2655 D PhoneNumberUtils: Active phone base from System table: 7
04-18 19:36:43.007  2655  2655 D PhoneNumberUtils: emergencyNumbers: 112,911,000,08,110,118,119,999,120,997,998,060,061,062,063,064,065,066,067,068,069,080,081,082,083,084,085,086,087,088,089
04-18 19:36:43.048  2655  2655 D PhoneNumberUtils: subId:1, defaultCountryIso:US
04-18 19:36:43.048  2655  2655 D PhoneNumberUtils: slotId:0, emergencyNumbers: 
04-18 19:36:43.048  2655  2655 D PhoneNumberUtils: System property doesn't provide any emergency numbers. Use embedded logic for determining ones.
04-18 19:36:43.048  2655  2655 D PhoneNumberUtils: Active phone base from System table: 7
04-18 19:36:43.048  2655  2655 D PhoneNumberUtils: emergencyNumbers: 112,911,000,08,110,118,119,999,120,997,998,060,061,062,063,064,065,066,067,068,069,080,081,082,083,084,085,086,087,088,089
04-18 19:36:43.073  2655  2655 D PhoneNumberUtils: subId:1, defaultCountryIso:US
04-18 19:36:43.076  2655  2655 D PhoneNumberUtils: slotId:0, emergencyNumbers: 
04-18 19:36:43.076  2655  2655 D PhoneNumberUtils: System property doesn't provide any emergency numbers. Use embedded logic for determining ones.
04-18 19:36:43.076  2655  2655 D PhoneNumberUtils: Active phone base from System table: 7
04-18 19:36:43.076  2655  2655 D PhoneNumberUtils: emergencyNumbers: 112,911,000,08,110,118,119,999,120,997,998,060,061,062,063,064,065,066,067,068,069,080,081,082,083,084,085,086,087,088,089
04-18 19:36:43.078  4232  4270 I chatty  : uid=1001(radio) Binder_1 expire 3 lines
04-18 19:36:43.154 24965 24965 D PhoneNumberUtils: subId:1, defaultCountryIso:NULL
04-18 19:36:43.161 24965 24965 D PhoneNumberUtils: slotId:0, emergencyNumbers: 
04-18 19:36:43.161 24965 24965 D PhoneNumberUtils: System property doesn't provide any emergency numbers. Use embedded logic for determining ones.
04-18 19:36:43.161 24965 24965 D PhoneNumberUtils: Active phone base from System table: 7
04-18 19:36:43.161 24965 24965 D PhoneNumberUtils: emergencyNumbers: 112,911,000,08,110,118,119,999,120,997,998,060,061,062,063,064,065,066,067,068,069,080,081,082,083,084,085,086,087,088,089
04-18 19:36:43.164  4232  4232 I chatty  : uid=1001(radio) com.android.phone expire 70 lines
04-18 19:36:43.285  2655  2655 D PhoneNumberUtils: subId:1, defaultCountryIso:US
04-18 19:36:43.287  2655  2655 D PhoneNumberUtils: slotId:0, emergencyNumbers: 
04-18 19:36:43.287  2655  2655 D PhoneNumberUtils: System property doesn't provide any emergency numbers. Use embedded logic for determining ones.
04-18 19:36:43.287  2655  2655 D PhoneNumberUtils: Active phone base from System table: 7
04-18 19:36:43.287  2655  2655 D PhoneNumberUtils: emergencyNumbers: 112,911,000,08,110,118,119,999,120,997,998,060,061,062,063,064,065,066,067,068,069,080,081,082,083,084,085,086,087,088,089
04-18 19:36:43.312  4232  4842 I chatty  : uid=1001(radio) Binder_4 expire 12 lines
04-18 19:36:43.739  4232  4232 I chatty  : uid=1001(radio) com.android.phone expire 163 lines
04-18 19:36:43.844  2655  3349 D SubscriptionManager: getSimStateForSubscriber: simState=5 slotIdx=0
04-18 19:36:43.872  4232  4711 I chatty  : uid=1001(radio) Binder_3 expire 2 lines
04-18 19:36:43.876  4232  4271 I chatty  : uid=1001(radio) Binder_2 expire 6 lines
04-18 19:36:43.911  2655  3051 D SubscriptionManager: getSimStateForSubscriber: simState=5 slotIdx=0
04-18 19:36:43.913 24965 24965 D PhoneNumberUtils: subId:1, defaultCountryIso:NULL
04-18 19:36:43.920 24965 24965 D PhoneNumberUtils: slotId:0, emergencyNumbers: 
04-18 19:36:43.920 24965 24965 D PhoneNumberUtils: System property doesn't provide any emergency numbers. Use embedded logic for determining ones.
04-18 19:36:43.920 24965 24965 D PhoneNumberUtils: Active phone base from System table: 7
04-18 19:36:43.920 24965 24965 D PhoneNumberUtils: emergencyNumbers: 112,911,000,08,110,118,119,999,120,997,998,060,061,062,063,064,065,066,067,068,069,080,081,082,083,084,085,086,087,088,089
04-18 19:36:44.291 24965 24965 D PhoneNumberUtils: subId:1, defaultCountryIso:NULL
04-18 19:36:44.292 24965 24965 D PhoneNumberUtils: slotId:0, emergencyNumbers: 
04-18 19:36:44.292 24965 24965 D PhoneNumberUtils: System property doesn't provide any emergency numbers. Use embedded logic for determining ones.
04-18 19:36:44.292 24965 24965 D PhoneNumberUtils: Active phone base from System table: 7
04-18 19:36:44.292 24965 24965 D PhoneNumberUtils: emergencyNumbers: 112,911,000,08,110,118,119,999,120,997,998,060,061,062,063,064,065,066,067,068,069,080,081,082,083,084,085,086,087,088,089
04-18 19:36:44.484 24965 24965 D PhoneNumberUtils: subId:1, defaultCountryIso:NULL
04-18 19:36:44.487 24965 24965 D PhoneNumberUtils: slotId:0, emergencyNumbers: 
04-18 19:36:44.487 24965 24965 D PhoneNumberUtils: System property doesn't provide any emergency numbers. Use embedded logic for determining ones.
04-18 19:36:44.487 24965 24965 D PhoneNumberUtils: Active phone base from System table: 7
04-18 19:36:44.487 24965 24965 D PhoneNumberUtils: emergencyNumbers: 112,911,000,08,110,118,119,999,120,997,998,060,061,062,063,064,065,066,067,068,069,080,081,082,083,084,085,086,087,088,089
04-18 19:36:44.541 24965 24965 D PhoneNumberUtils: subId:1, defaultCountryIso:NULL
04-18 19:36:44.543 24965 24965 D PhoneNumberUtils: slotId:0, emergencyNumbers: 
04-18 19:36:44.543 24965 24965 D PhoneNumberUtils: System property doesn't provide any emergency numbers. Use embedded logic for determining ones.
04-18 19:36:44.543 24965 24965 D PhoneNumberUtils: Active phone base from System table: 7
04-18 19:36:44.543 24965 24965 D PhoneNumberUtils: emergencyNumbers: 112,911,000,08,110,118,119,999,120,997,998,060,061,062,063,064,065,066,067,068,069,080,081,082,083,084,085,086,087,088,089
04-18 19:36:44.577 24965 24965 D PhoneNumberUtils: subId:1, defaultCountryIso:NULL
04-18 19:36:44.579 24965 24965 D PhoneNumberUtils: slotId:0, emergencyNumbers: 
04-18 19:36:44.579 24965 24965 D PhoneNumberUtils: System property doesn't provide any emergency numbers. Use embedded logic for determining ones.
04-18 19:36:44.579 24965 24965 D PhoneNumberUtils: Active phone base from System table: 7
04-18 19:36:44.579 24965 24965 D PhoneNumberUtils: emergencyNumbers: 112,911,000,08,110,118,119,999,120,997,998,060,061,062,063,064,065,066,067,068,069,080,081,082,083,084,085,086,087,088,089
04-18 19:36:44.621 24965 24965 D PhoneNumberUtils: subId:1, defaultCountryIso:NULL
04-18 19:36:44.622 24965 24965 D PhoneNumberUtils: slotId:0, emergencyNumbers: 
04-18 19:36:44.622 24965 24965 D PhoneNumberUtils: System property doesn't provide any emergency numbers. Use embedded logic for determining ones.
04-18 19:36:44.622 24965 24965 D PhoneNumberUtils: Active phone base from System table: 7
04-18 19:36:44.622 24965 24965 D PhoneNumberUtils: emergencyNumbers: 112,911,000,08,110,118,119,999,120,997,998,060,061,062,063,064,065,066,067,068,069,080,081,082,083,084,085,086,087,088,089
04-18 19:36:47.624  4232 22319 I chatty  : uid=1001(radio) Binder_5 expire 5 lines
04-18 19:37:56.279  2655  2655 D PhoneNumberUtils: subId:1, defaultCountryIso:US
04-18 19:37:56.279  2655  2655 D PhoneNumberUtils: slotId:0, emergencyNumbers: 
04-18 19:37:56.280  2655  2655 D PhoneNumberUtils: System property doesn't provide any emergency numbers. Use embedded logic for determining ones.
04-18 19:37:56.280  2655  2655 D PhoneNumberUtils: Active phone base from System table: 7
04-18 19:37:56.280  2655  2655 D PhoneNumberUtils: emergencyNumbers: 112,911,000,08,110,118,119,999,120,997,998,060,061,062,063,064,065,066,067,068,069,080,081,082,083,084,085,086,087,088,089
04-18 19:37:56.354  2655  2655 D PhoneNumberUtils: subId:1, defaultCountryIso:US
04-18 19:37:56.356  2655  2655 D PhoneNumberUtils: slotId:0, emergencyNumbers: 
04-18 19:37:56.356  2655  2655 D PhoneNumberUtils: System property doesn't provide any emergency numbers. Use embedded logic for determining ones.
04-18 19:37:56.356  2655  2655 D PhoneNumberUtils: Active phone base from System table: 7
04-18 19:37:56.356  2655  2655 D PhoneNumberUtils: emergencyNumbers: 112,911,000,08,110,118,119,999,120,997,998,060,061,062,063,064,065,066,067,068,069,080,081,082,083,084,085,086,087,088,089
04-18 19:37:56.448  2655  2655 D PhoneNumberUtils: subId:1, defaultCountryIso:US
04-18 19:37:56.456  2655  2655 D PhoneNumberUtils: slotId:0, emergencyNumbers: 
04-18 19:37:56.456  2655  2655 D PhoneNumberUtils: System property doesn't provide any emergency numbers. Use embedded logic for determining ones.
04-18 19:37:56.456  2655  2655 D PhoneNumberUtils: Active phone base from System table: 7
04-18 19:37:56.456  2655  2655 D PhoneNumberUtils: emergencyNumbers: 112,911,000,08,110,118,119,999,120,997,998,060,061,062,063,064,065,066,067,068,069,080,081,082,083,084,085,086,087,088,089
04-18 19:37:56.475  2655  2655 D PhoneNumberUtils: subId:1, defaultCountryIso:US
04-18 19:37:56.476  2655  2655 D PhoneNumberUtils: slotId:0, emergencyNumbers: 
04-18 19:37:56.476  2655  2655 D PhoneNumberUtils: System property doesn't provide any emergency numbers. Use embedded logic for determining ones.
04-18 19:37:56.476  2655  2655 D PhoneNumberUtils: Active phone base from System table: 7
04-18 19:37:56.476  2655  2655 D PhoneNumberUtils: emergencyNumbers: 112,911,000,08,110,118,119,999,120,997,998,060,061,062,063,064,065,066,067,068,069,080,081,082,083,084,085,086,087,088,089
04-18 19:37:56.562 24965 24965 D PhoneNumberUtils: subId:1, defaultCountryIso:NULL
04-18 19:37:56.567  4232  4232 I chatty  : uid=1001(radio) com.android.phone expire 65 lines
04-18 19:37:56.567 24965 24965 D PhoneNumberUtils: slotId:0, emergencyNumbers: 
04-18 19:37:56.567 24965 24965 D PhoneNumberUtils: System property doesn't provide any emergency numbers. Use embedded logic for determining ones.
04-18 19:37:56.567 24965 24965 D PhoneNumberUtils: Active phone base from System table: 7
04-18 19:37:56.567 24965 24965 D PhoneNumberUtils: emergencyNumbers: 112,911,000,08,110,118,119,999,120,997,998,060,061,062,063,064,065,066,067,068,069,080,081,082,083,084,085,086,087,088,089
04-18 19:37:56.641  4232  4270 I chatty  : uid=1001(radio) Binder_1 expire 1 line
04-18 19:37:56.669  2655  2655 D PhoneNumberUtils: subId:1, defaultCountryIso:US
04-18 19:37:56.676  2655  2655 D PhoneNumberUtils: slotId:0, emergencyNumbers: 
04-18 19:37:56.676  2655  2655 D PhoneNumberUtils: System property doesn't provide any emergency numbers. Use embedded logic for determining ones.
04-18 19:37:56.676  2655  2655 D PhoneNumberUtils: Active phone base from System table: 7
04-18 19:37:56.676  2655  2655 D PhoneNumberUtils: emergencyNumbers: 112,911,000,08,110,118,119,999,120,997,998,060,061,062,063,064,065,066,067,068,069,080,081,082,083,084,085,086,087,088,089
04-18 19:37:56.688  4232  4842 I chatty  : uid=1001(radio) Binder_4 expire 10 lines
04-18 19:37:57.064  4232  4232 I chatty  : uid=1001(radio) com.android.phone expire 226 lines
04-18 19:37:57.320  4232  4270 I chatty  : uid=1001(radio) Binder_1 expire 6 lines
04-18 19:37:57.332  4232  4271 I chatty  : uid=1001(radio) Binder_2 expire 3 lines
04-18 19:37:57.531 24965 24965 D PhoneNumberUtils: subId:1, defaultCountryIso:NULL
04-18 19:37:57.536 24965 24965 D PhoneNumberUtils: slotId:0, emergencyNumbers: 
04-18 19:37:57.536 24965 24965 D PhoneNumberUtils: System property doesn't provide any emergency numbers. Use embedded logic for determining ones.
04-18 19:37:57.536 24965 24965 D PhoneNumberUtils: Active phone base from System table: 7
04-18 19:37:57.536 24965 24965 D PhoneNumberUtils: emergencyNumbers: 112,911,000,08,110,118,119,999,120,997,998,060,061,062,063,064,065,066,067,068,069,080,081,082,083,084,085,086,087,088,089
04-18 19:38:00.428 24965 24965 D PhoneNumberUtils: subId:1, defaultCountryIso:NULL
04-18 19:38:00.429 24965 24965 D PhoneNumberUtils: slotId:0, emergencyNumbers: 
04-18 19:38:00.429 24965 24965 D PhoneNumberUtils: System property doesn't provide any emergency numbers. Use embedded logic for determining ones.
04-18 19:38:00.429 24965 24965 D PhoneNumberUtils: Active phone base from System table: 7
04-18 19:38:00.429 24965 24965 D PhoneNumberUtils: emergencyNumbers: 112,911,000,08,110,118,119,999,120,997,998,060,061,062,063,064,065,066,067,068,069,080,081,082,083,084,085,086,087,088,089
04-18 19:38:00.532 24965 24965 D PhoneNumberUtils: subId:1, defaultCountryIso:NULL
04-18 19:38:00.533 24965 24965 D PhoneNumberUtils: slotId:0, emergencyNumbers: 
04-18 19:38:00.533 24965 24965 D PhoneNumberUtils: System property doesn't provide any emergency numbers. Use embedded logic for determining ones.
04-18 19:38:00.533 24965 24965 D PhoneNumberUtils: Active phone base from System table: 7
04-18 19:38:00.533 24965 24965 D PhoneNumberUtils: emergencyNumbers: 112,911,000,08,110,118,119,999,120,997,998,060,061,062,063,064,065,066,067,068,069,080,081,082,083,084,085,086,087,088,089
04-18 19:38:00.854  4232  4711 I chatty  : uid=1001(radio) Binder_3 expire 7 lines
04-18 19:38:00.952 24965 24965 D PhoneNumberUtils: subId:1, defaultCountryIso:NULL
04-18 19:38:00.952 24965 24965 D PhoneNumberUtils: slotId:0, emergencyNumbers: 
04-18 19:38:00.952 24965 24965 D PhoneNumberUtils: System property doesn't provide any emergency numbers. Use embedded logic for determining ones.
04-18 19:38:00.952 24965 24965 D PhoneNumberUtils: Active phone base from System table: 7
04-18 19:38:00.952 24965 24965 D PhoneNumberUtils: emergencyNumbers: 112,911,000,08,110,118,119,999,120,997,998,060,061,062,063,064,065,066,067,068,069,080,081,082,083,084,085,086,087,088,089
04-18 19:38:00.992 24965 24965 D PhoneNumberUtils: subId:1, defaultCountryIso:NULL
04-18 19:38:00.993 24965 24965 D PhoneNumberUtils: slotId:0, emergencyNumbers: 
04-18 19:38:00.993 24965 24965 D PhoneNumberUtils: System property doesn't provide any emergency numbers. Use embedded logic for determining ones.
04-18 19:38:00.993 24965 24965 D PhoneNumberUtils: Active phone base from System table: 7
04-18 19:38:00.993 24965 24965 D PhoneNumberUtils: emergencyNumbers: 112,911,000,08,110,118,119,999,120,997,998,060,061,062,063,064,065,066,067,068,069,080,081,082,083,084,085,086,087,088,089
04-18 19:38:01.015 24965 24965 D PhoneNumberUtils: subId:1, defaultCountryIso:NULL
04-18 19:38:01.015 24965 24965 D PhoneNumberUtils: slotId:0, emergencyNumbers: 
04-18 19:38:01.015 24965 24965 D PhoneNumberUtils: System property doesn't provide any emergency numbers. Use embedded logic for determining ones.
04-18 19:38:01.016 24965 24965 D PhoneNumberUtils: Active phone base from System table: 7
04-18 19:38:01.016 24965 24965 D PhoneNumberUtils: emergencyNumbers: 112,911,000,08,110,118,119,999,120,997,998,060,061,062,063,064,065,066,067,068,069,080,081,082,083,084,085,086,087,088,089
04-18 19:38:01.055 24965 24965 D PhoneNumberUtils: subId:1, defaultCountryIso:NULL
04-18 19:38:01.059 24965 24965 D PhoneNumberUtils: slotId:0, emergencyNumbers: 
04-18 19:38:01.059 24965 24965 D PhoneNumberUtils: System property doesn't provide any emergency numbers. Use embedded logic for determining ones.
04-18 19:38:01.059 24965 24965 D PhoneNumberUtils: Active phone base from System table: 7
04-18 19:38:01.059 24965 24965 D PhoneNumberUtils: emergencyNumbers: 112,911,000,08,110,118,119,999,120,997,998,060,061,062,063,064,065,066,067,068,069,080,081,082,083,084,085,086,087,088,089
04-18 19:38:25.558  4232 22319 I chatty  : uid=1001(radio) Binder_5 expire 9 lines
04-18 19:39:31.808  4232  4232 I chatty  : uid=1001(radio) com.android.phone expire 175 lines
04-18 19:39:43.802  4232  4271 I chatty  : uid=1001(radio) Binder_2 expire 12 lines
04-18 19:39:46.796  4232  4270 I chatty  : uid=1001(radio) Binder_1 expire 16 lines
04-18 19:41:37.412  4232  4842 I chatty  : uid=1001(radio) Binder_4 expire 12 lines
04-18 19:41:46.882  4232  4711 I chatty  : uid=1001(radio) Binder_3 expire 24 lines
04-18 19:44:37.993  4232  4232 I chatty  : uid=1001(radio) com.android.phone expire 195 lines
04-18 19:44:43.989  4232 22319 I chatty  : uid=1001(radio) Binder_5 expire 12 lines
04-18 19:44:49.968  4232  4271 I chatty  : uid=1001(radio) Binder_2 expire 12 lines
04-18 19:44:53.000  4232  4270 I chatty  : uid=1001(radio) Binder_1 expire 12 lines
04-18 19:45:14.020  4232  4842 I chatty  : uid=1001(radio) Binder_4 expire 24 lines
04-18 19:49:07.587  4232  4232 I chatty  : uid=1001(radio) com.android.phone expire 195 lines
04-18 19:49:56.202  4232 22319 I chatty  : uid=1001(radio) Binder_5 expire 12 lines
04-18 19:49:59.109  4232  4271 I chatty  : uid=1001(radio) Binder_2 expire 12 lines
04-18 19:50:06.730  4232  4270 I chatty  : uid=1001(radio) Binder_1 expire 12 lines
04-18 19:50:23.236  4232  4711 I chatty  : uid=1001(radio) Binder_3 expire 24 lines
04-18 19:57:35.487  4232  4232 I chatty  : uid=1001(radio) com.android.phone expire 195 lines
04-18 19:57:38.318  4232 22319 I chatty  : uid=1001(radio) Binder_5 expire 12 lines
04-18 19:58:23.136  4232  4271 I chatty  : uid=1001(radio) Binder_2 expire 12 lines
04-18 19:58:26.520  4232  4270 I chatty  : uid=1001(radio) Binder_1 expire 12 lines
04-18 20:01:35.639  4232  4842 I chatty  : uid=1001(radio) Binder_4 expire 24 lines
04-18 20:07:56.600  4232  4232 I chatty  : uid=1001(radio) com.android.phone expire 195 lines
04-18 20:07:58.825  4232 22319 I chatty  : uid=1001(radio) Binder_5 expire 12 lines
04-18 20:08:02.893  4232  4271 I chatty  : uid=1001(radio) Binder_2 expire 12 lines
04-18 20:08:05.544  4232  4270 I chatty  : uid=1001(radio) Binder_1 expire 12 lines
04-18 20:08:14.507  4232  4711 I chatty  : uid=1001(radio) Binder_3 expire 24 lines
04-18 20:16:40.774  4232  4232 I chatty  : uid=1001(radio) com.android.phone expire 195 lines
04-18 20:16:45.227  4232 22319 I chatty  : uid=1001(radio) Binder_5 expire 12 lines
04-18 20:16:49.580  4232  4271 I chatty  : uid=1001(radio) Binder_2 expire 12 lines
04-18 20:17:59.170  4232  4270 I chatty  : uid=1001(radio) Binder_1 expire 12 lines
04-18 20:19:24.283  4232  4842 I chatty  : uid=1001(radio) Binder_4 expire 24 lines
04-18 20:27:03.509  4232  4232 I chatty  : uid=1001(radio) com.android.phone expire 195 lines
04-18 20:27:05.757  4232 22319 I chatty  : uid=1001(radio) Binder_5 expire 12 lines
04-18 20:27:39.350  4232  4271 I chatty  : uid=1001(radio) Binder_2 expire 12 lines
04-18 20:27:41.585  4232  4270 I chatty  : uid=1001(radio) Binder_1 expire 12 lines
04-18 20:27:59.512  4232  4711 I chatty  : uid=1001(radio) Binder_3 expire 24 lines
04-18 20:31:50.235  4232  4232 I chatty  : uid=1001(radio) com.android.phone expire 195 lines
04-18 20:31:54.711  4232 22319 I chatty  : uid=1001(radio) Binder_5 expire 12 lines
04-18 20:32:57.440  4232  4271 I chatty  : uid=1001(radio) Binder_2 expire 12 lines
04-18 20:32:59.673  4232  4270 I chatty  : uid=1001(radio) Binder_1 expire 12 lines
04-18 20:34:27.044  4232  4842 I chatty  : uid=1001(radio) Binder_4 expire 24 lines
04-18 20:39:20.492  4232  4232 I chatty  : uid=1001(radio) com.android.phone expire 195 lines
04-18 20:39:22.727  4232 22319 I chatty  : uid=1001(radio) Binder_5 expire 12 lines
04-18 20:39:58.585  4232  4271 I chatty  : uid=1001(radio) Binder_2 expire 12 lines
04-18 20:40:03.052  4232  4270 I chatty  : uid=1001(radio) Binder_1 expire 12 lines
04-18 20:40:31.996  4232  4711 I chatty  : uid=1001(radio) Binder_3 expire 24 lines
04-18 20:42:17.453  4232  4232 I chatty  : uid=1001(radio) com.android.phone expire 195 lines
04-18 20:42:24.187  4232 22319 I chatty  : uid=1001(radio) Binder_5 expire 12 lines
04-18 20:42:28.656  4232  4271 I chatty  : uid=1001(radio) Binder_2 expire 12 lines
04-18 20:45:07.706  4232  4270 I chatty  : uid=1001(radio) Binder_1 expire 12 lines
04-18 20:46:08.183  4232  4842 I chatty  : uid=1001(radio) Binder_4 expire 20 lines
04-18 20:50:14.589  4232  4232 I chatty  : uid=1001(radio) com.android.phone expire 195 lines
04-18 20:50:16.832  4232 22319 I chatty  : uid=1001(radio) Binder_5 expire 16 lines
04-18 20:52:33.487  4232  4271 I chatty  : uid=1001(radio) Binder_2 expire 16 lines
04-18 20:52:35.734  4232  4270 I chatty  : uid=1001(radio) Binder_1 expire 12 lines
04-18 20:53:11.560  4232  4711 I chatty  : uid=1001(radio) Binder_3 expire 20 lines
04-18 20:58:13.792  4232  4232 I chatty  : uid=1001(radio) com.android.phone expire 195 lines
04-18 20:59:16.688  4232  4842 I chatty  : uid=1001(radio) Binder_4 expire 12 lines
04-18 20:59:19.841  4232 22319 I chatty  : uid=1001(radio) Binder_5 expire 12 lines
04-18 20:59:37.852  4232  4271 I chatty  : uid=1001(radio) Binder_2 expire 12 lines
04-18 20:59:40.853  4232  4270 I chatty  : uid=1001(radio) Binder_1 expire 24 lines
04-18 21:01:10.928  4232  4232 I chatty  : uid=1001(radio) com.android.phone expire 195 lines
04-18 21:01:22.921  4232  4711 I chatty  : uid=1001(radio) Binder_3 expire 12 lines
04-18 21:01:25.929  4232  4842 I chatty  : uid=1001(radio) Binder_4 expire 12 lines
04-18 21:01:28.860  4232 22319 I chatty  : uid=1001(radio) Binder_5 expire 12 lines
04-18 21:01:31.937  4232  4271 I chatty  : uid=1001(radio) Binder_2 expire 24 lines
04-18 21:06:32.132  4232  4232 I chatty  : uid=1001(radio) com.android.phone expire 195 lines
04-18 21:06:35.128  4232  4711 I chatty  : uid=1001(radio) Binder_3 expire 12 lines
04-18 21:07:06.864  4232  4842 I chatty  : uid=1001(radio) Binder_4 expire 12 lines
04-18 21:07:29.177  4232 22319 I chatty  : uid=1001(radio) Binder_5 expire 12 lines
04-18 21:08:05.168  4232  4270 I chatty  : uid=1001(radio) Binder_1 expire 24 lines
04-18 21:11:26.310  4232  4232 I chatty  : uid=1001(radio) com.android.phone expire 195 lines
04-18 21:11:38.140  4232  4711 I chatty  : uid=1001(radio) Binder_3 expire 12 lines
04-18 21:11:41.314  4232  4842 I chatty  : uid=1001(radio) Binder_4 expire 12 lines
04-18 21:12:02.330  4232 22319 I chatty  : uid=1001(radio) Binder_5 expire 12 lines
04-18 21:12:05.012  4232  4271 I chatty  : uid=1001(radio) Binder_2 expire 24 lines
04-18 21:17:35.552  4232  4232 I chatty  : uid=1001(radio) com.android.phone expire 195 lines
04-18 21:17:38.543  4232  4711 I chatty  : uid=1001(radio) Binder_3 expire 12 lines
04-18 21:19:44.232  4232  4842 I chatty  : uid=1001(radio) Binder_4 expire 12 lines
04-18 21:19:47.632  4232 22319 I chatty  : uid=1001(radio) Binder_5 expire 12 lines
04-18 21:20:05.642  4232  4270 I chatty  : uid=1001(radio) Binder_1 expire 24 lines
04-18 21:22:02.724  4232  4232 I chatty  : uid=1001(radio) com.android.phone expire 195 lines
04-18 21:22:05.358  4232  4711 I chatty  : uid=1001(radio) Binder_3 expire 12 lines
04-18 21:22:28.434  4232  4842 I chatty  : uid=1001(radio) Binder_4 expire 12 lines
04-18 21:23:05.754  4232 22319 I chatty  : uid=1001(radio) Binder_5 expire 12 lines
04-18 21:23:08.074  4232  4271 I chatty  : uid=1001(radio) Binder_2 expire 24 lines
04-18 21:27:07.772  4232  4232 I chatty  : uid=1001(radio) com.android.phone expire 195 lines
04-18 21:27:11.911  4232  4711 I chatty  : uid=1001(radio) Binder_3 expire 12 lines
04-18 21:27:14.486  4232  4842 I chatty  : uid=1001(radio) Binder_4 expire 12 lines
04-18 21:27:50.335  4232 22319 I chatty  : uid=1001(radio) Binder_5 expire 12 lines
04-18 21:28:23.927  4232  4270 I chatty  : uid=1001(radio) Binder_1 expire 24 lines
04-18 21:29:51.018  4232  4232 I chatty  : uid=1001(radio) com.android.phone expire 195 lines
04-18 21:29:53.535  4232  4711 I chatty  : uid=1001(radio) Binder_3 expire 12 lines
04-18 21:30:13.699  4232  4842 I chatty  : uid=1001(radio) Binder_4 expire 12 lines
04-18 21:30:18.015  4232 22319 I chatty  : uid=1001(radio) Binder_5 expire 12 lines
04-18 21:31:00.046  4232  4271 I chatty  : uid=1001(radio) Binder_2 expire 24 lines
04-18 21:33:21.147  4232  4232 I chatty  : uid=1001(radio) com.android.phone expire 195 lines
04-18 21:33:33.058  4232  4711 I chatty  : uid=1001(radio) Binder_3 expire 12 lines
04-18 21:33:42.036  4232  4842 I chatty  : uid=1001(radio) Binder_4 expire 12 lines
04-18 21:33:44.266  4232 22319 I chatty  : uid=1001(radio) Binder_5 expire 12 lines
04-18 21:33:53.240  4232  4270 I chatty  : uid=1001(radio) Binder_1 expire 24 lines
04-18 21:34:55.939  4232  4232 I chatty  : uid=1001(radio) com.android.phone expire 195 lines
04-18 21:35:00.198  4232  4711 I chatty  : uid=1001(radio) Binder_3 expire 12 lines
04-18 21:35:45.243  4232  4842 I chatty  : uid=1001(radio) Binder_4 expire 12 lines
04-18 21:35:47.464  4232 22319 I chatty  : uid=1001(radio) Binder_5 expire 12 lines
04-18 21:35:58.673  4232  4271 I chatty  : uid=1001(radio) Binder_2 expire 24 lines
04-18 21:39:37.460  4232  4232 I chatty  : uid=1001(radio) com.android.phone expire 195 lines
04-18 21:39:41.383  4232  4711 I chatty  : uid=1001(radio) Binder_3 expire 12 lines
04-18 21:39:56.119  4232  4842 I chatty  : uid=1001(radio) Binder_4 expire 12 lines
04-18 21:40:00.399  4232 22319 I chatty  : uid=1001(radio) Binder_5 expire 12 lines
