04-18 21:40:31.955  4232  4270 I chatty  : uid=1001(radio) Binder_1 expire 24 lines
04-18 21:46:07.979  4232  4232 I chatty  : uid=1001(radio) com.android.phone expire 195 lines
04-18 21:46:12.470  4232  4711 I chatty  : uid=1001(radio) Binder_3 expire 12 lines
04-18 21:46:41.576  4232  4842 I chatty  : uid=1001(radio) Binder_4 expire 12 lines
04-18 21:46:43.810  4232 22319 I chatty  : uid=1001(radio) Binder_5 expire 12 lines
04-18 21:48:51.496  4232  4271 I chatty  : uid=1001(radio) Binder_2 expire 24 lines
04-18 21:54:29.752  4232  4232 I chatty  : uid=1001(radio) com.android.phone expire 195 lines
04-18 21:55:07.833  4232  4711 I chatty  : uid=1001(radio) Binder_3 expire 12 lines
04-18 21:55:12.313  4232  4842 I chatty  : uid=1001(radio) Binder_4 expire 12 lines
04-18 21:55:14.549  4232 22319 I chatty  : uid=1001(radio) Binder_5 expire 12 lines
04-18 21:55:54.876  4232  4270 I chatty  : uid=1001(radio) Binder_1 expire 24 lines
04-18 21:58:45.126  4232  4232 I chatty  : uid=1001(radio) com.android.phone expire 195 lines
04-18 21:58:51.840  4232  4711 I chatty  : uid=1001(radio) Binder_3 expire 12 lines
04-18 21:58:54.080  4232  4842 I chatty  : uid=1001(radio) Binder_4 expire 12 lines
04-18 22:00:25.916  4232 22319 I chatty  : uid=1001(radio) Binder_5 expire 12 lines
04-18 22:00:30.414  4232  4271 I chatty  : uid=1001(radio) Binder_2 expire 24 lines
04-18 22:02:51.531  4232  4232 I chatty  : uid=1001(radio) com.android.phone expire 195 lines
04-18 22:02:53.766  4232  4711 I chatty  : uid=1001(radio) Binder_3 expire 12 lines
04-18 22:03:18.408  4232  4842 I chatty  : uid=1001(radio) Binder_4 expire 12 lines
04-18 22:03:20.646  4232 22319 I chatty  : uid=1001(radio) Binder_5 expire 12 lines
04-18 22:03:58.732  4232  4270 I chatty  : uid=1001(radio) Binder_1 expire 24 lines
04-18 22:07:53.944  4232  4232 I chatty  : uid=1001(radio) com.android.phone expire 195 lines
04-18 22:08:18.580  4232  4711 I chatty  : uid=1001(radio) Binder_3 expire 12 lines
04-18 22:08:20.811  4232  4842 I chatty  : uid=1001(radio) Binder_4 expire 12 lines
04-18 22:09:21.298  4232 22319 I chatty  : uid=1001(radio) Binder_5 expire 12 lines
04-18 22:09:23.542  4232  4271 I chatty  : uid=1001(radio) Binder_2 expire 24 lines
04-18 22:11:17.778  4232  4232 I chatty  : uid=1001(radio) com.android.phone expire 195 lines
04-18 22:11:20.024  4232  4711 I chatty  : uid=1001(radio) Binder_3 expire 12 lines
04-18 22:11:42.425  4232  4842 I chatty  : uid=1001(radio) Binder_4 expire 12 lines
04-18 22:11:44.664  4232 22319 I chatty  : uid=1001(radio) Binder_5 expire 12 lines
04-18 22:12:36.183  4232  4270 I chatty  : uid=1001(radio) Binder_1 expire 24 lines
04-18 22:16:31.772  4232  4232 I chatty  : uid=1001(radio) com.android.phone expire 195 lines
04-18 22:17:13.782  4232  4711 I chatty  : uid=1001(radio) Binder_3 expire 12 lines
04-18 22:17:16.779  4232  4842 I chatty  : uid=1001(radio) Binder_4 expire 12 lines
04-18 22:17:19.788  4232 22319 I chatty  : uid=1001(radio) Binder_5 expire 12 lines
04-18 22:17:22.794  4232  4271 I chatty  : uid=1001(radio) Binder_2 expire 24 lines
04-18 22:19:28.885  4232  4232 I chatty  : uid=1001(radio) com.android.phone expire 195 lines
04-18 22:19:31.874  4232  4711 I chatty  : uid=1001(radio) Binder_3 expire 12 lines
04-18 22:19:55.882  4232  4842 I chatty  : uid=1001(radio) Binder_4 expire 12 lines
04-18 22:19:58.891  4232 22319 I chatty  : uid=1001(radio) Binder_5 expire 12 lines
04-18 22:20:07.890  4232  4270 I chatty  : uid=1001(radio) Binder_1 expire 24 lines
04-18 22:21:43.959  4232  4232 I chatty  : uid=1001(radio) com.android.phone expire 195 lines
04-18 22:22:01.960  4232  4711 I chatty  : uid=1001(radio) Binder_3 expire 12 lines
04-18 22:22:04.981  4232  4842 I chatty  : uid=1001(radio) Binder_4 expire 12 lines
04-18 22:22:10.994  4232 22319 I chatty  : uid=1001(radio) Binder_5 expire 12 lines
04-18 22:22:13.990  4232  4271 I chatty  : uid=1001(radio) Binder_2 expire 24 lines
04-18 22:26:29.127  4232  4232 I chatty  : uid=1001(radio) com.android.phone expire 195 lines
04-18 22:26:53.134  4232  4711 I chatty  : uid=1001(radio) Binder_3 expire 12 lines
04-18 22:26:53.551  4232  4842 I chatty  : uid=1001(radio) Binder_4 expire 12 lines
04-18 22:26:56.139  4232 22319 I chatty  : uid=1001(radio) Binder_5 expire 12 lines
04-18 22:27:59.096  4232  4270 I chatty  : uid=1001(radio) Binder_1 expire 24 lines
04-18 22:30:26.286  4232  4232 I chatty  : uid=1001(radio) com.android.phone expire 195 lines
04-18 22:30:32.284  4232  4711 I chatty  : uid=1001(radio) Binder_3 expire 12 lines
04-18 22:30:35.302  4232  4842 I chatty  : uid=1001(radio) Binder_4 expire 12 lines
04-18 22:31:35.315  4232 22319 I chatty  : uid=1001(radio) Binder_5 expire 12 lines
04-18 22:31:38.326  4232  4271 I chatty  : uid=1001(radio) Binder_2 expire 24 lines
04-18 22:34:05.424  4232  4232 I chatty  : uid=1001(radio) com.android.phone expire 195 lines
04-18 22:34:08.413  4232  4711 I chatty  : uid=1001(radio) Binder_3 expire 12 lines
04-18 22:35:02.444  4232  4842 I chatty  : uid=1001(radio) Binder_4 expire 12 lines
04-18 22:35:05.451  4232 22319 I chatty  : uid=1001(radio) Binder_5 expire 12 lines
04-18 22:35:32.464  4232  4270 I chatty  : uid=1001(radio) Binder_1 expire 24 lines
04-18 22:39:14.596  4232  4232 I chatty  : uid=1001(radio) com.android.phone expire 195 lines
04-18 22:39:50.613  4232  4711 I chatty  : uid=1001(radio) Binder_3 expire 12 lines
04-18 22:39:55.939  4232  4842 I chatty  : uid=1001(radio) Binder_4 expire 12 lines
04-18 22:40:22.802  4232 22319 I chatty  : uid=1001(radio) Binder_5 expire 12 lines
04-18 22:40:26.639  4232  4271 I chatty  : uid=1001(radio) Binder_2 expire 12 lines
04-18 22:43:29.753  4232  4232 V OnStarServiceStateTracker: pollState
04-18 22:43:29.753  4232  4232 D OnStarCommands: getVoiceRegState: state = 1
04-18 22:43:29.753  4232  4232 D OnStarCommands: getOperator: operatorName = AT&T
04-18 22:43:29.753  4232  4232 V OnStarServiceStateTracker: handleMessage: EVENT_POLL_STATE_REGISTRATION: processing...
04-18 22:43:29.753  4232  4232 D OnStarServiceStateTracker: handlePollStateResult: EVENT_POLL_STATE_REGISTRATION: regCode:1, serviceState:0
04-18 22:43:29.753  4232  4232 D PHONE   : [ServiceState] setVoiceRegState=0
04-18 22:43:29.753  4232  4232 V OnStarServiceStateTracker: handleMessage: EVENT_POLL_STATE_OPERATOR: processing...
04-18 22:43:29.753  4232  4232 D OnStarServiceStateTracker: handlePollStateResult: EVENT_POLL_STATE_OPERATOR: opNames[0]: 'AT&T' opNames[1]: '' opNames[2]: ''
04-18 22:43:29.754  4232  4232 D OnStarServiceStateTracker: pollStateDone: oldSS=[0 1 voice home data home AT&T   AT&T    Unknown Unknown CSS not supported -1 -1 RoamInd=-1 DefRoamInd=-1 EmergOnly=false IsDataRoamingFromRegistration=false] newSS=[0 1 voice home data home AT&T   AT&T    Unknown Unknown CSS not supported -1 -1 RoamInd=-1 DefRoamInd=-1 EmergOnly=false IsDataRoamingFromRegistration=false]
04-18 22:43:29.754  4232  4232 D PHONE   : [ServiceState] setNullState=1
04-18 22:43:29.755  4232  4232 D OnStarServiceStateTracker: pollStateDone: Current OutgoingPhone is not OnStar.
04-18 22:43:32.756  4232  4711 V OnStarCommands: onCellNetInfo: cellNetworkName:AT&T cellNetworkSignal:2 cellNetworkState:0 cellNetworkType: 7
04-18 22:43:32.756  4232  4711 D OnStarCommands: getSignalLevel: 2 -> 6
04-18 22:43:32.756  4232  4711 D OnStarCommands: getVoiceRegState: state = 1
04-18 22:43:32.756  4232  4711 D OnStarCommands: onCellNetInfo: No mVoiceNetworkStateRegistrants to notify
04-18 22:43:32.761  4232  4232 V OnStarServiceStateTracker: handleMessage: SIGNAL STRENGTH event = 12  current phone is not OnStar
04-18 22:43:32.762  4232  4232 V OnStarServiceStateTracker: handleMessage: EVENT_NETWORK_STATE_CHANGED: polling states...
04-18 22:43:32.762  4232  4232 V OnStarServiceStateTracker: pollState
04-18 22:43:32.762  4232  4232 D OnStarCommands: getVoiceRegState: state = 1
04-18 22:43:32.762  4232  4232 D OnStarCommands: getOperator: operatorName = AT&T
04-18 22:43:32.762  4232  4232 V OnStarServiceStateTracker: handleMessage: EVENT_POLL_STATE_REGISTRATION: processing...
04-18 22:43:32.762  4232  4232 D OnStarServiceStateTracker: handlePollStateResult: EVENT_POLL_STATE_REGISTRATION: regCode:1, serviceState:0
04-18 22:43:32.762  4232  4232 D PHONE   : [ServiceState] setVoiceRegState=0
04-18 22:43:32.762  4232  4232 V OnStarServiceStateTracker: handleMessage: EVENT_POLL_STATE_OPERATOR: processing...
04-18 22:43:32.762  4232  4232 D OnStarServiceStateTracker: handlePollStateResult: EVENT_POLL_STATE_OPERATOR: opNames[0]: 'AT&T' opNames[1]: '' opNames[2]: ''
04-18 22:43:32.764  4232  4232 D OnStarServiceStateTracker: pollStateDone: oldSS=[0 1 voice home data home AT&T   AT&T    Unknown Unknown CSS not supported -1 -1 RoamInd=-1 DefRoamInd=-1 EmergOnly=false IsDataRoamingFromRegistration=false] newSS=[0 1 voice home data home AT&T   AT&T    Unknown Unknown CSS not supported -1 -1 RoamInd=-1 DefRoamInd=-1 EmergOnly=false IsDataRoamingFromRegistration=false]
04-18 22:43:32.764  4232  4232 D PHONE   : [ServiceState] setNullState=1
04-18 22:43:32.773  4232  4232 D OnStarServiceStateTracker: pollStateDone: Current OutgoingPhone is not OnStar.
04-18 22:43:53.376  4232  4842 V OnStarCommands: onCellNetInfo: cellNetworkName:AT&T cellNetworkSignal:1 cellNetworkState:0 cellNetworkType: 7
04-18 22:43:53.376  4232  4842 D OnStarCommands: getSignalLevel: 1 -> 4
04-18 22:43:53.376  4232  4842 D OnStarCommands: getVoiceRegState: state = 1
04-18 22:43:53.376  4232  4842 D OnStarCommands: onCellNetInfo: No mVoiceNetworkStateRegistrants to notify
04-18 22:43:53.382  4232  4232 V OnStarServiceStateTracker: handleMessage: SIGNAL STRENGTH event = 12  current phone is not OnStar
04-18 22:43:53.382  4232  4232 V OnStarServiceStateTracker: handleMessage: EVENT_NETWORK_STATE_CHANGED: polling states...
04-18 22:43:53.382  4232  4232 V OnStarServiceStateTracker: pollState
04-18 22:43:53.382  4232  4232 D OnStarCommands: getVoiceRegState: state = 1
04-18 22:43:53.382  4232  4232 D OnStarCommands: getOperator: operatorName = AT&T
04-18 22:43:53.382  4232  4232 V OnStarServiceStateTracker: handleMessage: EVENT_POLL_STATE_REGISTRATION: processing...
04-18 22:43:53.382  4232  4232 D OnStarServiceStateTracker: handlePollStateResult: EVENT_POLL_STATE_REGISTRATION: regCode:1, serviceState:0
04-18 22:43:53.382  4232  4232 D PHONE   : [ServiceState] setVoiceRegState=0
04-18 22:43:53.382  4232  4232 V OnStarServiceStateTracker: handleMessage: EVENT_POLL_STATE_OPERATOR: processing...
04-18 22:43:53.382  4232  4232 D OnStarServiceStateTracker: handlePollStateResult: EVENT_POLL_STATE_OPERATOR: opNames[0]: 'AT&T' opNames[1]: '' opNames[2]: ''
04-18 22:43:53.384  4232  4232 D OnStarServiceStateTracker: pollStateDone: oldSS=[0 1 voice home data home AT&T   AT&T    Unknown Unknown CSS not supported -1 -1 RoamInd=-1 DefRoamInd=-1 EmergOnly=false IsDataRoamingFromRegistration=false] newSS=[0 1 voice home data home AT&T   AT&T    Unknown Unknown CSS not supported -1 -1 RoamInd=-1 DefRoamInd=-1 EmergOnly=false IsDataRoamingFromRegistration=false]
04-18 22:43:53.384  4232  4232 D PHONE   : [ServiceState] setNullState=1
04-18 22:43:53.389  4232  4232 D OnStarServiceStateTracker: pollStateDone: Current OutgoingPhone is not OnStar.
04-18 22:43:56.758  4232 22319 V OnStarCommands: onCellNetInfo: cellNetworkName:AT&T cellNetworkSignal:2 cellNetworkState:0 cellNetworkType: 7
04-18 22:43:56.758  4232 22319 D OnStarCommands: getSignalLevel: 2 -> 6
04-18 22:43:56.758  4232 22319 D OnStarCommands: getVoiceRegState: state = 1
04-18 22:43:56.758  4232 22319 D OnStarCommands: onCellNetInfo: No mVoiceNetworkStateRegistrants to notify
04-18 22:43:56.764  4232  4232 V OnStarServiceStateTracker: handleMessage: SIGNAL STRENGTH event = 12  current phone is not OnStar
04-18 22:43:56.764  4232  4232 V OnStarServiceStateTracker: handleMessage: EVENT_NETWORK_STATE_CHANGED: polling states...
04-18 22:43:56.764  4232  4232 V OnStarServiceStateTracker: pollState
04-18 22:43:56.764  4232  4232 D OnStarCommands: getVoiceRegState: state = 1
04-18 22:43:56.764  4232  4232 D OnStarCommands: getOperator: operatorName = AT&T
04-18 22:43:56.764  4232  4232 V OnStarServiceStateTracker: handleMessage: EVENT_POLL_STATE_REGISTRATION: processing...
04-18 22:43:56.765  4232  4232 D OnStarServiceStateTracker: handlePollStateResult: EVENT_POLL_STATE_REGISTRATION: regCode:1, serviceState:0
04-18 22:43:56.765  4232  4232 D PHONE   : [ServiceState] setVoiceRegState=0
04-18 22:43:56.765  4232  4232 V OnStarServiceStateTracker: handleMessage: EVENT_POLL_STATE_OPERATOR: processing...
04-18 22:43:56.765  4232  4232 D OnStarServiceStateTracker: handlePollStateResult: EVENT_POLL_STATE_OPERATOR: opNames[0]: 'AT&T' opNames[1]: '' opNames[2]: ''
04-18 22:43:56.766  4232  4232 D OnStarServiceStateTracker: pollStateDone: oldSS=[0 1 voice home data home AT&T   AT&T    Unknown Unknown CSS not supported -1 -1 RoamInd=-1 DefRoamInd=-1 EmergOnly=false IsDataRoamingFromRegistration=false] newSS=[0 1 voice home data home AT&T   AT&T    Unknown Unknown CSS not supported -1 -1 RoamInd=-1 DefRoamInd=-1 EmergOnly=false IsDataRoamingFromRegistration=false]
04-18 22:43:56.767  4232  4232 D PHONE   : [ServiceState] setNullState=1
04-18 22:43:56.768  4232  4232 D OnStarServiceStateTracker: pollStateDone: Current OutgoingPhone is not OnStar.
04-18 22:44:02.347  4232  4271 V OnStarCommands: onCellNetInfo: cellNetworkName:AT&T cellNetworkSignal:1 cellNetworkState:0 cellNetworkType: 7
04-18 22:44:02.347  4232  4271 D OnStarCommands: getSignalLevel: 1 -> 4
04-18 22:44:02.347  4232  4271 D OnStarCommands: getVoiceRegState: state = 1
04-18 22:44:02.347  4232  4271 D OnStarCommands: onCellNetInfo: No mVoiceNetworkStateRegistrants to notify
04-18 22:44:02.353  4232  4232 V OnStarServiceStateTracker: handleMessage: SIGNAL STRENGTH event = 12  current phone is not OnStar
04-18 22:44:02.353  4232  4232 V OnStarServiceStateTracker: handleMessage: EVENT_NETWORK_STATE_CHANGED: polling states...
04-18 22:44:02.353  4232  4232 V OnStarServiceStateTracker: pollState
04-18 22:44:02.353  4232  4232 D OnStarCommands: getVoiceRegState: state = 1
04-18 22:44:02.353  4232  4232 D OnStarCommands: getOperator: operatorName = AT&T
04-18 22:44:02.353  4232  4232 V OnStarServiceStateTracker: handleMessage: EVENT_POLL_STATE_REGISTRATION: processing...
04-18 22:44:02.353  4232  4232 D OnStarServiceStateTracker: handlePollStateResult: EVENT_POLL_STATE_REGISTRATION: regCode:1, serviceState:0
04-18 22:44:02.353  4232  4232 D PHONE   : [ServiceState] setVoiceRegState=0
04-18 22:44:02.353  4232  4232 V OnStarServiceStateTracker: handleMessage: EVENT_POLL_STATE_OPERATOR: processing...
04-18 22:44:02.353  4232  4232 D OnStarServiceStateTracker: handlePollStateResult: EVENT_POLL_STATE_OPERATOR: opNames[0]: 'AT&T' opNames[1]: '' opNames[2]: ''
04-18 22:44:02.355  4232  4232 D OnStarServiceStateTracker: pollStateDone: oldSS=[0 1 voice home data home AT&T   AT&T    Unknown Unknown CSS not supported -1 -1 RoamInd=-1 DefRoamInd=-1 EmergOnly=false IsDataRoamingFromRegistration=false] newSS=[0 1 voice home data home AT&T   AT&T    Unknown Unknown CSS not supported -1 -1 RoamInd=-1 DefRoamInd=-1 EmergOnly=false IsDataRoamingFromRegistration=false]
04-18 22:44:02.355  4232  4232 D PHONE   : [ServiceState] setNullState=1
04-18 22:44:02.358  4232  4232 D OnStarServiceStateTracker: pollStateDone: Current OutgoingPhone is not OnStar.
04-18 22:44:05.765  4232  4270 V OnStarCommands: onCellNetInfo: cellNetworkName:AT&T cellNetworkSignal:2 cellNetworkState:0 cellNetworkType: 7
04-18 22:44:05.765  4232  4270 D OnStarCommands: getSignalLevel: 2 -> 6
04-18 22:44:05.765  4232  4270 D OnStarCommands: getVoiceRegState: state = 1
04-18 22:44:05.765  4232  4270 D OnStarCommands: onCellNetInfo: No mVoiceNetworkStateRegistrants to notify
04-18 22:44:05.769  4232  4232 V OnStarServiceStateTracker: handleMessage: SIGNAL STRENGTH event = 12  current phone is not OnStar
04-18 22:44:05.769  4232  4232 V OnStarServiceStateTracker: handleMessage: EVENT_NETWORK_STATE_CHANGED: polling states...
04-18 22:44:05.769  4232  4232 V OnStarServiceStateTracker: pollState
04-18 22:44:05.769  4232  4232 D OnStarCommands: getVoiceRegState: state = 1
04-18 22:44:05.769  4232  4232 D OnStarCommands: getOperator: operatorName = AT&T
04-18 22:44:05.769  4232  4232 V OnStarServiceStateTracker: handleMessage: EVENT_POLL_STATE_REGISTRATION: processing...
04-18 22:44:05.769  4232  4232 D OnStarServiceStateTracker: handlePollStateResult: EVENT_POLL_STATE_REGISTRATION: regCode:1, serviceState:0
04-18 22:44:05.769  4232  4232 D PHONE   : [ServiceState] setVoiceRegState=0
04-18 22:44:05.769  4232  4232 V OnStarServiceStateTracker: handleMessage: EVENT_POLL_STATE_OPERATOR: processing...
04-18 22:44:05.769  4232  4232 D OnStarServiceStateTracker: handlePollStateResult: EVENT_POLL_STATE_OPERATOR: opNames[0]: 'AT&T' opNames[1]: '' opNames[2]: ''
04-18 22:44:05.771  4232  4232 D OnStarServiceStateTracker: pollStateDone: oldSS=[0 1 voice home data home AT&T   AT&T    Unknown Unknown CSS not supported -1 -1 RoamInd=-1 DefRoamInd=-1 EmergOnly=false IsDataRoamingFromRegistration=false] newSS=[0 1 voice home data home AT&T   AT&T    Unknown Unknown CSS not supported -1 -1 RoamInd=-1 DefRoamInd=-1 EmergOnly=false IsDataRoamingFromRegistration=false]
04-18 22:44:05.771  4232  4232 D PHONE   : [ServiceState] setNullState=1
04-18 22:44:05.774  4232  4232 D OnStarServiceStateTracker: pollStateDone: Current OutgoingPhone is not OnStar.
04-18 22:44:29.215  4232  4711 V OnStarCommands: onCellNetInfo: cellNetworkName:AT&T cellNetworkSignal:3 cellNetworkState:0 cellNetworkType: 7
04-18 22:44:29.215  4232  4711 D OnStarCommands: getSignalLevel: 3 -> 8
04-18 22:44:29.215  4232  4711 D OnStarCommands: getVoiceRegState: state = 1
04-18 22:44:29.215  4232  4711 D OnStarCommands: onCellNetInfo: No mVoiceNetworkStateRegistrants to notify
04-18 22:44:29.222  4232  4232 V OnStarServiceStateTracker: handleMessage: SIGNAL STRENGTH event = 12  current phone is not OnStar
04-18 22:44:29.222  4232  4232 V OnStarServiceStateTracker: handleMessage: EVENT_NETWORK_STATE_CHANGED: polling states...
04-18 22:44:29.222  4232  4232 V OnStarServiceStateTracker: pollState
04-18 22:44:29.222  4232  4232 D OnStarCommands: getVoiceRegState: state = 1
04-18 22:44:29.222  4232  4232 D OnStarCommands: getOperator: operatorName = AT&T
04-18 22:44:29.222  4232  4232 V OnStarServiceStateTracker: handleMessage: EVENT_POLL_STATE_REGISTRATION: processing...
04-18 22:44:29.222  4232  4232 D OnStarServiceStateTracker: handlePollStateResult: EVENT_POLL_STATE_REGISTRATION: regCode:1, serviceState:0
04-18 22:44:29.222  4232  4232 D PHONE   : [ServiceState] setVoiceRegState=0
04-18 22:44:29.222  4232  4232 V OnStarServiceStateTracker: handleMessage: EVENT_POLL_STATE_OPERATOR: processing...
04-18 22:44:29.222  4232  4232 D OnStarServiceStateTracker: handlePollStateResult: EVENT_POLL_STATE_OPERATOR: opNames[0]: 'AT&T' opNames[1]: '' opNames[2]: ''
04-18 22:44:29.223  4232  4232 D OnStarServiceStateTracker: pollStateDone: oldSS=[0 1 voice home data home AT&T   AT&T    Unknown Unknown CSS not supported -1 -1 RoamInd=-1 DefRoamInd=-1 EmergOnly=false IsDataRoamingFromRegistration=false] newSS=[0 1 voice home data home AT&T   AT&T    Unknown Unknown CSS not supported -1 -1 RoamInd=-1 DefRoamInd=-1 EmergOnly=false IsDataRoamingFromRegistration=false]
04-18 22:44:29.223  4232  4232 D PHONE   : [ServiceState] setNullState=1
04-18 22:44:29.224  4232  4232 D OnStarServiceStateTracker: pollStateDone: Current OutgoingPhone is not OnStar.
04-18 22:44:32.785  4232  4842 V OnStarCommands: onCellNetInfo: cellNetworkName:AT&T cellNetworkSignal:2 cellNetworkState:0 cellNetworkType: 7
04-18 22:44:32.785  4232  4842 D OnStarCommands: getSignalLevel: 2 -> 6
04-18 22:44:32.785  4232  4842 D OnStarCommands: getVoiceRegState: state = 1
04-18 22:44:32.785  4232  4842 D OnStarCommands: onCellNetInfo: No mVoiceNetworkStateRegistrants to notify
04-18 22:44:32.786  4232  4232 V OnStarServiceStateTracker: handleMessage: SIGNAL STRENGTH event = 12  current phone is not OnStar
04-18 22:44:32.786  4232  4232 V OnStarServiceStateTracker: handleMessage: EVENT_NETWORK_STATE_CHANGED: polling states...
04-18 22:44:32.786  4232  4232 V OnStarServiceStateTracker: pollState
04-18 22:44:32.786  4232  4232 D OnStarCommands: getVoiceRegState: state = 1
04-18 22:44:32.786  4232  4232 D OnStarCommands: getOperator: operatorName = AT&T
04-18 22:44:32.786  4232  4232 V OnStarServiceStateTracker: handleMessage: EVENT_POLL_STATE_REGISTRATION: processing...
04-18 22:44:32.786  4232  4232 D OnStarServiceStateTracker: handlePollStateResult: EVENT_POLL_STATE_REGISTRATION: regCode:1, serviceState:0
04-18 22:44:32.786  4232  4232 D PHONE   : [ServiceState] setVoiceRegState=0
04-18 22:44:32.786  4232  4232 V OnStarServiceStateTracker: handleMessage: EVENT_POLL_STATE_OPERATOR: processing...
04-18 22:44:32.786  4232  4232 D OnStarServiceStateTracker: handlePollStateResult: EVENT_POLL_STATE_OPERATOR: opNames[0]: 'AT&T' opNames[1]: '' opNames[2]: ''
04-18 22:44:32.787  4232  4232 D OnStarServiceStateTracker: pollStateDone: oldSS=[0 1 voice home data home AT&T   AT&T    Unknown Unknown CSS not supported -1 -1 RoamInd=-1 DefRoamInd=-1 EmergOnly=false IsDataRoamingFromRegistration=false] newSS=[0 1 voice home data home AT&T   AT&T    Unknown Unknown CSS not supported -1 -1 RoamInd=-1 DefRoamInd=-1 EmergOnly=false IsDataRoamingFromRegistration=false]
04-18 22:44:32.787  4232  4232 D PHONE   : [ServiceState] setNullState=1
04-18 22:44:32.788  4232  4232 D OnStarServiceStateTracker: pollStateDone: Current OutgoingPhone is not OnStar.
04-18 22:44:50.798  4232 22319 V OnStarCommands: onCellNetInfo: cellNetworkName:AT&T cellNetworkSignal:3 cellNetworkState:0 cellNetworkType: 7
04-18 22:44:50.798  4232 22319 D OnStarCommands: getSignalLevel: 3 -> 8
04-18 22:44:50.798  4232 22319 D OnStarCommands: getVoiceRegState: state = 1
04-18 22:44:50.798  4232 22319 D OnStarCommands: onCellNetInfo: No mVoiceNetworkStateRegistrants to notify
04-18 22:44:50.799  4232  4232 V OnStarServiceStateTracker: handleMessage: SIGNAL STRENGTH event = 12  current phone is not OnStar
04-18 22:44:50.799  4232  4232 V OnStarServiceStateTracker: handleMessage: EVENT_NETWORK_STATE_CHANGED: polling states...
04-18 22:44:50.799  4232  4232 V OnStarServiceStateTracker: pollState
04-18 22:44:50.799  4232  4232 D OnStarCommands: getVoiceRegState: state = 1
04-18 22:44:50.799  4232  4232 D OnStarCommands: getOperator: operatorName = AT&T
04-18 22:44:50.799  4232  4232 V OnStarServiceStateTracker: handleMessage: EVENT_POLL_STATE_REGISTRATION: processing...
04-18 22:44:50.799  4232  4232 D OnStarServiceStateTracker: handlePollStateResult: EVENT_POLL_STATE_REGISTRATION: regCode:1, serviceState:0
04-18 22:44:50.799  4232  4232 D PHONE   : [ServiceState] setVoiceRegState=0
04-18 22:44:50.799  4232  4232 V OnStarServiceStateTracker: handleMessage: EVENT_POLL_STATE_OPERATOR: processing...
04-18 22:44:50.799  4232  4232 D OnStarServiceStateTracker: handlePollStateResult: EVENT_POLL_STATE_OPERATOR: opNames[0]: 'AT&T' opNames[1]: '' opNames[2]: ''
04-18 22:44:50.801  4232  4232 D OnStarServiceStateTracker: pollStateDone: oldSS=[0 1 voice home data home AT&T   AT&T    Unknown Unknown CSS not supported -1 -1 RoamInd=-1 DefRoamInd=-1 EmergOnly=false IsDataRoamingFromRegistration=false] newSS=[0 1 voice home data home AT&T   AT&T    Unknown Unknown CSS not supported -1 -1 RoamInd=-1 DefRoamInd=-1 EmergOnly=false IsDataRoamingFromRegistration=false]
04-18 22:44:50.801  4232  4232 D PHONE   : [ServiceState] setNullState=1
04-18 22:44:50.802  4232  4232 D OnStarServiceStateTracker: pollStateDone: Current OutgoingPhone is not OnStar.
04-18 22:44:56.089  4232  4271 V OnStarCommands: onCellNetInfo: cellNetworkName:AT&T cellNetworkSignal:2 cellNetworkState:0 cellNetworkType: 7
04-18 22:44:56.089  4232  4271 D OnStarCommands: getSignalLevel: 2 -> 6
04-18 22:44:56.089  4232  4271 D OnStarCommands: getVoiceRegState: state = 1
04-18 22:44:56.089  4232  4271 D OnStarCommands: onCellNetInfo: No mVoiceNetworkStateRegistrants to notify
04-18 22:44:56.096  4232  4232 V OnStarServiceStateTracker: handleMessage: SIGNAL STRENGTH event = 12  current phone is not OnStar
04-18 22:44:56.097  4232  4232 V OnStarServiceStateTracker: handleMessage: EVENT_NETWORK_STATE_CHANGED: polling states...
04-18 22:44:56.097  4232  4232 V OnStarServiceStateTracker: pollState
04-18 22:44:56.097  4232  4232 D OnStarCommands: getVoiceRegState: state = 1
04-18 22:44:56.097  4232  4232 D OnStarCommands: getOperator: operatorName = AT&T
04-18 22:44:56.097  4232  4232 V OnStarServiceStateTracker: handleMessage: EVENT_POLL_STATE_REGISTRATION: processing...
04-18 22:44:56.097  4232  4232 D OnStarServiceStateTracker: handlePollStateResult: EVENT_POLL_STATE_REGISTRATION: regCode:1, serviceState:0
04-18 22:44:56.097  4232  4232 D PHONE   : [ServiceState] setVoiceRegState=0
04-18 22:44:56.097  4232  4232 V OnStarServiceStateTracker: handleMessage: EVENT_POLL_STATE_OPERATOR: processing...
04-18 22:44:56.097  4232  4232 D OnStarServiceStateTracker: handlePollStateResult: EVENT_POLL_STATE_OPERATOR: opNames[0]: 'AT&T' opNames[1]: '' opNames[2]: ''
04-18 22:44:56.104  4232  4232 D OnStarServiceStateTracker: pollStateDone: oldSS=[0 1 voice home data home AT&T   AT&T    Unknown Unknown CSS not supported -1 -1 RoamInd=-1 DefRoamInd=-1 EmergOnly=false IsDataRoamingFromRegistration=false] newSS=[0 1 voice home data home AT&T   AT&T    Unknown Unknown CSS not supported -1 -1 RoamInd=-1 DefRoamInd=-1 EmergOnly=false IsDataRoamingFromRegistration=false]
04-18 22:44:56.104  4232  4232 D PHONE   : [ServiceState] setNullState=1
04-18 22:44:56.106  4232  4232 D OnStarServiceStateTracker: pollStateDone: Current OutgoingPhone is not OnStar.
04-18 22:45:22.983  4232  4270 V OnStarCommands: onCellNetInfo: cellNetworkName:AT&T cellNetworkSignal:3 cellNetworkState:0 cellNetworkType: 7
04-18 22:45:22.983  4232  4270 D OnStarCommands: getSignalLevel: 3 -> 8
04-18 22:45:22.983  4232  4270 D OnStarCommands: getVoiceRegState: state = 1
04-18 22:45:22.983  4232  4270 D OnStarCommands: onCellNetInfo: No mVoiceNetworkStateRegistrants to notify
04-18 22:45:22.983  4232  4232 V OnStarServiceStateTracker: handleMessage: SIGNAL STRENGTH event = 12  current phone is not OnStar
04-18 22:45:22.983  4232  4232 V OnStarServiceStateTracker: handleMessage: EVENT_NETWORK_STATE_CHANGED: polling states...
04-18 22:45:22.983  4232  4232 V OnStarServiceStateTracker: pollState
04-18 22:45:22.983  4232  4232 D OnStarCommands: getVoiceRegState: state = 1
04-18 22:45:22.983  4232  4232 D OnStarCommands: getOperator: operatorName = AT&T
04-18 22:45:22.984  4232  4232 V OnStarServiceStateTracker: handleMessage: EVENT_POLL_STATE_REGISTRATION: processing...
04-18 22:45:22.984  4232  4232 D OnStarServiceStateTracker: handlePollStateResult: EVENT_POLL_STATE_REGISTRATION: regCode:1, serviceState:0
04-18 22:45:22.984  4232  4232 D PHONE   : [ServiceState] setVoiceRegState=0
04-18 22:45:22.984  4232  4232 V OnStarServiceStateTracker: handleMessage: EVENT_POLL_STATE_OPERATOR: processing...
04-18 22:45:22.984  4232  4232 D OnStarServiceStateTracker: handlePollStateResult: EVENT_POLL_STATE_OPERATOR: opNames[0]: 'AT&T' opNames[1]: '' opNames[2]: ''
04-18 22:45:22.987  4232  4232 D OnStarServiceStateTracker: pollStateDone: oldSS=[0 1 voice home data home AT&T   AT&T    Unknown Unknown CSS not supported -1 -1 RoamInd=-1 DefRoamInd=-1 EmergOnly=false IsDataRoamingFromRegistration=false] newSS=[0 1 voice home data home AT&T   AT&T    Unknown Unknown CSS not supported -1 -1 RoamInd=-1 DefRoamInd=-1 EmergOnly=false IsDataRoamingFromRegistration=false]
04-18 22:45:22.987  4232  4232 D PHONE   : [ServiceState] setNullState=1
04-18 22:45:22.994  4232  4232 D OnStarServiceStateTracker: pollStateDone: Current OutgoingPhone is not OnStar.
04-18 22:45:26.821  4232  4711 V OnStarCommands: onCellNetInfo: cellNetworkName:AT&T cellNetworkSignal:2 cellNetworkState:0 cellNetworkType: 7
04-18 22:45:26.821  4232  4711 D OnStarCommands: getSignalLevel: 2 -> 6
04-18 22:45:26.821  4232  4711 D OnStarCommands: getVoiceRegState: state = 1
04-18 22:45:26.821  4232  4711 D OnStarCommands: onCellNetInfo: No mVoiceNetworkStateRegistrants to notify
04-18 22:45:26.825  4232  4232 V OnStarServiceStateTracker: handleMessage: SIGNAL STRENGTH event = 12  current phone is not OnStar
04-18 22:45:26.826  4232  4232 V OnStarServiceStateTracker: handleMessage: EVENT_NETWORK_STATE_CHANGED: polling states...
04-18 22:45:26.826  4232  4232 V OnStarServiceStateTracker: pollState
04-18 22:45:26.826  4232  4232 D OnStarCommands: getVoiceRegState: state = 1
04-18 22:45:26.826  4232  4232 D OnStarCommands: getOperator: operatorName = AT&T
04-18 22:45:26.826  4232  4232 V OnStarServiceStateTracker: handleMessage: EVENT_POLL_STATE_REGISTRATION: processing...
04-18 22:45:26.826  4232  4232 D OnStarServiceStateTracker: handlePollStateResult: EVENT_POLL_STATE_REGISTRATION: regCode:1, serviceState:0
04-18 22:45:26.826  4232  4232 D PHONE   : [ServiceState] setVoiceRegState=0
04-18 22:45:26.826  4232  4232 V OnStarServiceStateTracker: handleMessage: EVENT_POLL_STATE_OPERATOR: processing...
04-18 22:45:26.826  4232  4232 D OnStarServiceStateTracker: handlePollStateResult: EVENT_POLL_STATE_OPERATOR: opNames[0]: 'AT&T' opNames[1]: '' opNames[2]: ''
04-18 22:45:26.826  4232  4232 D OnStarServiceStateTracker: pollStateDone: oldSS=[0 1 voice home data home AT&T   AT&T    Unknown Unknown CSS not supported -1 -1 RoamInd=-1 DefRoamInd=-1 EmergOnly=false IsDataRoamingFromRegistration=false] newSS=[0 1 voice home data home AT&T   AT&T    Unknown Unknown CSS not supported -1 -1 RoamInd=-1 DefRoamInd=-1 EmergOnly=false IsDataRoamingFromRegistration=false]
04-18 22:45:26.826  4232  4232 D PHONE   : [ServiceState] setNullState=1
04-18 22:45:26.827  4232  4232 D OnStarServiceStateTracker: pollStateDone: Current OutgoingPhone is not OnStar.
04-18 22:45:47.622  4232  4842 V OnStarCommands: onCellNetInfo: cellNetworkName:AT&T cellNetworkSignal:3 cellNetworkState:0 cellNetworkType: 7
04-18 22:45:47.622  4232  4842 D OnStarCommands: getSignalLevel: 3 -> 8
04-18 22:45:47.622  4232  4842 D OnStarCommands: getVoiceRegState: state = 1
04-18 22:45:47.622  4232  4842 D OnStarCommands: onCellNetInfo: No mVoiceNetworkStateRegistrants to notify
04-18 22:45:47.624  4232  4232 V OnStarServiceStateTracker: handleMessage: SIGNAL STRENGTH event = 12  current phone is not OnStar
04-18 22:45:47.624  4232  4232 V OnStarServiceStateTracker: handleMessage: EVENT_NETWORK_STATE_CHANGED: polling states...
04-18 22:45:47.624  4232  4232 V OnStarServiceStateTracker: pollState
04-18 22:45:47.624  4232  4232 D OnStarCommands: getVoiceRegState: state = 1
04-18 22:45:47.624  4232  4232 D OnStarCommands: getOperator: operatorName = AT&T
04-18 22:45:47.629  4232  4232 V OnStarServiceStateTracker: handleMessage: EVENT_POLL_STATE_REGISTRATION: processing...
04-18 22:45:47.630  4232  4232 D OnStarServiceStateTracker: handlePollStateResult: EVENT_POLL_STATE_REGISTRATION: regCode:1, serviceState:0
04-18 22:45:47.630  4232  4232 D PHONE   : [ServiceState] setVoiceRegState=0
04-18 22:45:47.630  4232  4232 V OnStarServiceStateTracker: handleMessage: EVENT_POLL_STATE_OPERATOR: processing...
04-18 22:45:47.630  4232  4232 D OnStarServiceStateTracker: handlePollStateResult: EVENT_POLL_STATE_OPERATOR: opNames[0]: 'AT&T' opNames[1]: '' opNames[2]: ''
04-18 22:45:47.634  4232  4232 D OnStarServiceStateTracker: pollStateDone: oldSS=[0 1 voice home data home AT&T   AT&T    Unknown Unknown CSS not supported -1 -1 RoamInd=-1 DefRoamInd=-1 EmergOnly=false IsDataRoamingFromRegistration=false] newSS=[0 1 voice home data home AT&T   AT&T    Unknown Unknown CSS not supported -1 -1 RoamInd=-1 DefRoamInd=-1 EmergOnly=false IsDataRoamingFromRegistration=false]
04-18 22:45:47.634  4232  4232 D PHONE   : [ServiceState] setNullState=1
04-18 22:45:47.635  4232  4232 D OnStarServiceStateTracker: pollStateDone: Current OutgoingPhone is not OnStar.
04-18 22:45:49.858  4232 22319 V OnStarCommands: onCellNetInfo: cellNetworkName:AT&T cellNetworkSignal:2 cellNetworkState:0 cellNetworkType: 7
04-18 22:45:49.858  4232 22319 D OnStarCommands: getSignalLevel: 2 -> 6
04-18 22:45:49.858  4232 22319 D OnStarCommands: getVoiceRegState: state = 1
04-18 22:45:49.858  4232 22319 D OnStarCommands: onCellNetInfo: No mVoiceNetworkStateRegistrants to notify
04-18 22:45:49.861  4232  4232 V OnStarServiceStateTracker: handleMessage: SIGNAL STRENGTH event = 12  current phone is not OnStar
04-18 22:45:49.861  4232  4232 V OnStarServiceStateTracker: handleMessage: EVENT_NETWORK_STATE_CHANGED: polling states...
04-18 22:45:49.861  4232  4232 V OnStarServiceStateTracker: pollState
04-18 22:45:49.861  4232  4232 D OnStarCommands: getVoiceRegState: state = 1
04-18 22:45:49.861  4232  4232 D OnStarCommands: getOperator: operatorName = AT&T
04-18 22:45:49.861  4232  4232 V OnStarServiceStateTracker: handleMessage: EVENT_POLL_STATE_REGISTRATION: processing...
04-18 22:45:49.861  4232  4232 D OnStarServiceStateTracker: handlePollStateResult: EVENT_POLL_STATE_REGISTRATION: regCode:1, serviceState:0
04-18 22:45:49.861  4232  4232 D PHONE   : [ServiceState] setVoiceRegState=0
04-18 22:45:49.861  4232  4232 V OnStarServiceStateTracker: handleMessage: EVENT_POLL_STATE_OPERATOR: processing...
04-18 22:45:49.861  4232  4232 D OnStarServiceStateTracker: handlePollStateResult: EVENT_POLL_STATE_OPERATOR: opNames[0]: 'AT&T' opNames[1]: '' opNames[2]: ''
04-18 22:45:49.866  4232  4232 D OnStarServiceStateTracker: pollStateDone: oldSS=[0 1 voice home data home AT&T   AT&T    Unknown Unknown CSS not supported -1 -1 RoamInd=-1 DefRoamInd=-1 EmergOnly=false IsDataRoamingFromRegistration=false] newSS=[0 1 voice home data home AT&T   AT&T    Unknown Unknown CSS not supported -1 -1 RoamInd=-1 DefRoamInd=-1 EmergOnly=false IsDataRoamingFromRegistration=false]
04-18 22:45:49.866  4232  4232 D PHONE   : [ServiceState] setNullState=1
04-18 22:45:49.868  4232  4232 D OnStarServiceStateTracker: pollStateDone: Current OutgoingPhone is not OnStar.
04-18 22:45:53.850  4232  4271 V OnStarCommands: onCellNetInfo: cellNetworkName:AT&T cellNetworkSignal:3 cellNetworkState:0 cellNetworkType: 7
04-18 22:45:53.851  4232  4271 D OnStarCommands: getSignalLevel: 3 -> 8
04-18 22:45:53.851  4232  4271 D OnStarCommands: getVoiceRegState: state = 1
04-18 22:45:53.851  4232  4271 D OnStarCommands: onCellNetInfo: No mVoiceNetworkStateRegistrants to notify
04-18 22:45:53.858  4232  4232 V OnStarServiceStateTracker: handleMessage: SIGNAL STRENGTH event = 12  current phone is not OnStar
04-18 22:45:53.858  4232  4232 V OnStarServiceStateTracker: handleMessage: EVENT_NETWORK_STATE_CHANGED: polling states...
04-18 22:45:53.858  4232  4232 V OnStarServiceStateTracker: pollState
04-18 22:45:53.858  4232  4232 D OnStarCommands: getVoiceRegState: state = 1
04-18 22:45:53.859  4232  4232 D OnStarCommands: getOperator: operatorName = AT&T
04-18 22:45:53.859  4232  4232 V OnStarServiceStateTracker: handleMessage: EVENT_POLL_STATE_REGISTRATION: processing...
04-18 22:45:53.859  4232  4232 D OnStarServiceStateTracker: handlePollStateResult: EVENT_POLL_STATE_REGISTRATION: regCode:1, serviceState:0
04-18 22:45:53.859  4232  4232 D PHONE   : [ServiceState] setVoiceRegState=0
04-18 22:45:53.859  4232  4232 V OnStarServiceStateTracker: handleMessage: EVENT_POLL_STATE_OPERATOR: processing...
04-18 22:45:53.859  4232  4232 D OnStarServiceStateTracker: handlePollStateResult: EVENT_POLL_STATE_OPERATOR: opNames[0]: 'AT&T' opNames[1]: '' opNames[2]: ''
04-18 22:45:53.860  4232  4232 D OnStarServiceStateTracker: pollStateDone: oldSS=[0 1 voice home data home AT&T   AT&T    Unknown Unknown CSS not supported -1 -1 RoamInd=-1 DefRoamInd=-1 EmergOnly=false IsDataRoamingFromRegistration=false] newSS=[0 1 voice home data home AT&T   AT&T    Unknown Unknown CSS not supported -1 -1 RoamInd=-1 DefRoamInd=-1 EmergOnly=false IsDataRoamingFromRegistration=false]
04-18 22:45:53.861  4232  4232 D PHONE   : [ServiceState] setNullState=1
04-18 22:45:53.865  4232  4232 D OnStarServiceStateTracker: pollStateDone: Current OutgoingPhone is not OnStar.
04-18 22:45:56.583  4232  4270 V OnStarCommands: onCellNetInfo: cellNetworkName:AT&T cellNetworkSignal:2 cellNetworkState:0 cellNetworkType: 7
04-18 22:45:56.583  4232  4270 D OnStarCommands: getSignalLevel: 2 -> 6
04-18 22:45:56.583  4232  4270 D OnStarCommands: getVoiceRegState: state = 1
04-18 22:45:56.584  4232  4270 D OnStarCommands: onCellNetInfo: No mVoiceNetworkStateRegistrants to notify
04-18 22:45:56.584  4232  4232 V OnStarServiceStateTracker: handleMessage: SIGNAL STRENGTH event = 12  current phone is not OnStar
04-18 22:45:56.584  4232  4232 V OnStarServiceStateTracker: handleMessage: EVENT_NETWORK_STATE_CHANGED: polling states...
04-18 22:45:56.584  4232  4232 V OnStarServiceStateTracker: pollState
04-18 22:45:56.584  4232  4232 D OnStarCommands: getVoiceRegState: state = 1
04-18 22:45:56.584  4232  4232 D OnStarCommands: getOperator: operatorName = AT&T
04-18 22:45:56.584  4232  4232 V OnStarServiceStateTracker: handleMessage: EVENT_POLL_STATE_REGISTRATION: processing...
04-18 22:45:56.585  4232  4232 D OnStarServiceStateTracker: handlePollStateResult: EVENT_POLL_STATE_REGISTRATION: regCode:1, serviceState:0
04-18 22:45:56.585  4232  4232 D PHONE   : [ServiceState] setVoiceRegState=0
04-18 22:45:56.585  4232  4232 V OnStarServiceStateTracker: handleMessage: EVENT_POLL_STATE_OPERATOR: processing...
04-18 22:45:56.585  4232  4232 D OnStarServiceStateTracker: handlePollStateResult: EVENT_POLL_STATE_OPERATOR: opNames[0]: 'AT&T' opNames[1]: '' opNames[2]: ''
04-18 22:45:56.586  4232  4232 D OnStarServiceStateTracker: pollStateDone: oldSS=[0 1 voice home data home AT&T   AT&T    Unknown Unknown CSS not supported -1 -1 RoamInd=-1 DefRoamInd=-1 EmergOnly=false IsDataRoamingFromRegistration=false] newSS=[0 1 voice home data home AT&T   AT&T    Unknown Unknown CSS not supported -1 -1 RoamInd=-1 DefRoamInd=-1 EmergOnly=false IsDataRoamingFromRegistration=false]
04-18 22:45:56.586  4232  4232 D PHONE   : [ServiceState] setNullState=1
04-18 22:45:56.592  4232  4232 D OnStarServiceStateTracker: pollStateDone: Current OutgoingPhone is not OnStar.
04-18 22:47:11.875  4232  4711 V OnStarCommands: onCellNetInfo: cellNetworkName:AT&T cellNetworkSignal:3 cellNetworkState:0 cellNetworkType: 7
04-18 22:47:11.875  4232  4711 D OnStarCommands: getSignalLevel: 3 -> 8
04-18 22:47:11.875  4232  4711 D OnStarCommands: getVoiceRegState: state = 1
04-18 22:47:11.875  4232  4711 D OnStarCommands: onCellNetInfo: No mVoiceNetworkStateRegistrants to notify
04-18 22:47:11.878  4232  4232 V OnStarServiceStateTracker: handleMessage: SIGNAL STRENGTH event = 12  current phone is not OnStar
04-18 22:47:11.878  4232  4232 V OnStarServiceStateTracker: handleMessage: EVENT_NETWORK_STATE_CHANGED: polling states...
04-18 22:47:11.878  4232  4232 V OnStarServiceStateTracker: pollState
04-18 22:47:11.878  4232  4232 D OnStarCommands: getVoiceRegState: state = 1
04-18 22:47:11.878  4232  4232 D OnStarCommands: getOperator: operatorName = AT&T
04-18 22:47:11.878  4232  4232 V OnStarServiceStateTracker: handleMessage: EVENT_POLL_STATE_REGISTRATION: processing...
04-18 22:47:11.878  4232  4232 D OnStarServiceStateTracker: handlePollStateResult: EVENT_POLL_STATE_REGISTRATION: regCode:1, serviceState:0
04-18 22:47:11.878  4232  4232 D PHONE   : [ServiceState] setVoiceRegState=0
04-18 22:47:11.878  4232  4232 V OnStarServiceStateTracker: handleMessage: EVENT_POLL_STATE_OPERATOR: processing...
04-18 22:47:11.878  4232  4232 D OnStarServiceStateTracker: handlePollStateResult: EVENT_POLL_STATE_OPERATOR: opNames[0]: 'AT&T' opNames[1]: '' opNames[2]: ''
04-18 22:47:11.879  4232  4232 D OnStarServiceStateTracker: pollStateDone: oldSS=[0 1 voice home data home AT&T   AT&T    Unknown Unknown CSS not supported -1 -1 RoamInd=-1 DefRoamInd=-1 EmergOnly=false IsDataRoamingFromRegistration=false] newSS=[0 1 voice home data home AT&T   AT&T    Unknown Unknown CSS not supported -1 -1 RoamInd=-1 DefRoamInd=-1 EmergOnly=false IsDataRoamingFromRegistration=false]
04-18 22:47:11.879  4232  4232 D PHONE   : [ServiceState] setNullState=1
04-18 22:47:11.883  4232  4232 D OnStarServiceStateTracker: pollStateDone: Current OutgoingPhone is not OnStar.
04-18 22:47:14.882  4232  4842 V OnStarCommands: onCellNetInfo: cellNetworkName:AT&T cellNetworkSignal:2 cellNetworkState:0 cellNetworkType: 7
04-18 22:47:14.882  4232  4842 D OnStarCommands: getSignalLevel: 2 -> 6
04-18 22:47:14.882  4232  4842 D OnStarCommands: getVoiceRegState: state = 1
04-18 22:47:14.882  4232  4842 D OnStarCommands: onCellNetInfo: No mVoiceNetworkStateRegistrants to notify
04-18 22:47:14.886  4232  4232 V OnStarServiceStateTracker: handleMessage: SIGNAL STRENGTH event = 12  current phone is not OnStar
04-18 22:47:14.886  4232  4232 V OnStarServiceStateTracker: handleMessage: EVENT_NETWORK_STATE_CHANGED: polling states...
04-18 22:47:14.886  4232  4232 V OnStarServiceStateTracker: pollState
04-18 22:47:14.886  4232  4232 D OnStarCommands: getVoiceRegState: state = 1
04-18 22:47:14.887  4232  4232 D OnStarCommands: getOperator: operatorName = AT&T
04-18 22:47:14.887  4232  4232 V OnStarServiceStateTracker: handleMessage: EVENT_POLL_STATE_REGISTRATION: processing...
04-18 22:47:14.887  4232  4232 D OnStarServiceStateTracker: handlePollStateResult: EVENT_POLL_STATE_REGISTRATION: regCode:1, serviceState:0
04-18 22:47:14.887  4232  4232 D PHONE   : [ServiceState] setVoiceRegState=0
04-18 22:47:14.887  4232  4232 V OnStarServiceStateTracker: handleMessage: EVENT_POLL_STATE_OPERATOR: processing...
04-18 22:47:14.887  4232  4232 D OnStarServiceStateTracker: handlePollStateResult: EVENT_POLL_STATE_OPERATOR: opNames[0]: 'AT&T' opNames[1]: '' opNames[2]: ''
04-18 22:47:14.889  4232  4232 D OnStarServiceStateTracker: pollStateDone: oldSS=[0 1 voice home data home AT&T   AT&T    Unknown Unknown CSS not supported -1 -1 RoamInd=-1 DefRoamInd=-1 EmergOnly=false IsDataRoamingFromRegistration=false] newSS=[0 1 voice home data home AT&T   AT&T    Unknown Unknown CSS not supported -1 -1 RoamInd=-1 DefRoamInd=-1 EmergOnly=false IsDataRoamingFromRegistration=false]
04-18 22:47:14.889  4232  4232 D PHONE   : [ServiceState] setNullState=1
04-18 22:47:14.895  4232  4232 D OnStarServiceStateTracker: pollStateDone: Current OutgoingPhone is not OnStar.
04-18 22:47:23.878  4232 22319 V OnStarCommands: onCellNetInfo: cellNetworkName:AT&T cellNetworkSignal:3 cellNetworkState:0 cellNetworkType: 7
04-18 22:47:23.878  4232 22319 D OnStarCommands: getSignalLevel: 3 -> 8
04-18 22:47:23.878  4232 22319 D OnStarCommands: getVoiceRegState: state = 1
04-18 22:47:23.878  4232 22319 D OnStarCommands: onCellNetInfo: No mVoiceNetworkStateRegistrants to notify
04-18 22:47:23.880  4232  4232 V OnStarServiceStateTracker: handleMessage: SIGNAL STRENGTH event = 12  current phone is not OnStar
04-18 22:47:23.880  4232  4232 V OnStarServiceStateTracker: handleMessage: EVENT_NETWORK_STATE_CHANGED: polling states...
04-18 22:47:23.880  4232  4232 V OnStarServiceStateTracker: pollState
04-18 22:47:23.880  4232  4232 D OnStarCommands: getVoiceRegState: state = 1
04-18 22:47:23.880  4232  4232 D OnStarCommands: getOperator: operatorName = AT&T
04-18 22:47:23.880  4232  4232 V OnStarServiceStateTracker: handleMessage: EVENT_POLL_STATE_REGISTRATION: processing...
04-18 22:47:23.880  4232  4232 D OnStarServiceStateTracker: handlePollStateResult: EVENT_POLL_STATE_REGISTRATION: regCode:1, serviceState:0
04-18 22:47:23.880  4232  4232 D PHONE   : [ServiceState] setVoiceRegState=0
04-18 22:47:23.882  4232  4232 V OnStarServiceStateTracker: handleMessage: EVENT_POLL_STATE_OPERATOR: processing...
04-18 22:47:23.882  4232  4232 D OnStarServiceStateTracker: handlePollStateResult: EVENT_POLL_STATE_OPERATOR: opNames[0]: 'AT&T' opNames[1]: '' opNames[2]: ''
04-18 22:47:23.883  4232  4232 D OnStarServiceStateTracker: pollStateDone: oldSS=[0 1 voice home data home AT&T   AT&T    Unknown Unknown CSS not supported -1 -1 RoamInd=-1 DefRoamInd=-1 EmergOnly=false IsDataRoamingFromRegistration=false] newSS=[0 1 voice home data home AT&T   AT&T    Unknown Unknown CSS not supported -1 -1 RoamInd=-1 DefRoamInd=-1 EmergOnly=false IsDataRoamingFromRegistration=false]
04-18 22:47:23.883  4232  4232 D PHONE   : [ServiceState] setNullState=1
04-18 22:47:23.887  4232  4232 D OnStarServiceStateTracker: pollStateDone: Current OutgoingPhone is not OnStar.
04-18 22:47:26.183  4232  4271 V OnStarCommands: onCellNetInfo: cellNetworkName:AT&T cellNetworkSignal:2 cellNetworkState:0 cellNetworkType: 7
04-18 22:47:26.183  4232  4271 D OnStarCommands: getSignalLevel: 2 -> 6
04-18 22:47:26.183  4232  4271 D OnStarCommands: getVoiceRegState: state = 1
04-18 22:47:26.183  4232  4271 D OnStarCommands: onCellNetInfo: No mVoiceNetworkStateRegistrants to notify
04-18 22:47:26.184  4232  4232 V OnStarServiceStateTracker: handleMessage: SIGNAL STRENGTH event = 12  current phone is not OnStar
04-18 22:47:26.184  4232  4232 V OnStarServiceStateTracker: handleMessage: EVENT_NETWORK_STATE_CHANGED: polling states...
04-18 22:47:26.184  4232  4232 V OnStarServiceStateTracker: pollState
04-18 22:47:26.184  4232  4232 D OnStarCommands: getVoiceRegState: state = 1
04-18 22:47:26.184  4232  4232 D OnStarCommands: getOperator: operatorName = AT&T
04-18 22:47:26.184  4232  4232 V OnStarServiceStateTracker: handleMessage: EVENT_POLL_STATE_REGISTRATION: processing...
04-18 22:47:26.184  4232  4232 D OnStarServiceStateTracker: handlePollStateResult: EVENT_POLL_STATE_REGISTRATION: regCode:1, serviceState:0
04-18 22:47:26.184  4232  4232 D PHONE   : [ServiceState] setVoiceRegState=0
04-18 22:47:26.184  4232  4232 V OnStarServiceStateTracker: handleMessage: EVENT_POLL_STATE_OPERATOR: processing...
04-18 22:47:26.184  4232  4232 D OnStarServiceStateTracker: handlePollStateResult: EVENT_POLL_STATE_OPERATOR: opNames[0]: 'AT&T' opNames[1]: '' opNames[2]: ''
04-18 22:47:26.185  4232  4232 D OnStarServiceStateTracker: pollStateDone: oldSS=[0 1 voice home data home AT&T   AT&T    Unknown Unknown CSS not supported -1 -1 RoamInd=-1 DefRoamInd=-1 EmergOnly=false IsDataRoamingFromRegistration=false] newSS=[0 1 voice home data home AT&T   AT&T    Unknown Unknown CSS not supported -1 -1 RoamInd=-1 DefRoamInd=-1 EmergOnly=false IsDataRoamingFromRegistration=false]
04-18 22:47:26.185  4232  4232 D PHONE   : [ServiceState] setNullState=1
04-18 22:47:26.187  4232  4232 D OnStarServiceStateTracker: pollStateDone: Current OutgoingPhone is not OnStar.
04-18 22:48:19.955  4232  4270 V OnStarCommands: onCellNetInfo: cellNetworkName:AT&T cellNetworkSignal:3 cellNetworkState:0 cellNetworkType: 7
04-18 22:48:19.955  4232  4270 D OnStarCommands: getSignalLevel: 3 -> 8
04-18 22:48:19.955  4232  4270 D OnStarCommands: getVoiceRegState: state = 1
04-18 22:48:19.955  4232  4270 D OnStarCommands: onCellNetInfo: No mVoiceNetworkStateRegistrants to notify
04-18 22:48:19.959  4232  4232 V OnStarServiceStateTracker: handleMessage: SIGNAL STRENGTH event = 12  current phone is not OnStar
04-18 22:48:19.959  4232  4232 V OnStarServiceStateTracker: handleMessage: EVENT_NETWORK_STATE_CHANGED: polling states...
04-18 22:48:19.959  4232  4232 V OnStarServiceStateTracker: pollState
04-18 22:48:19.959  4232  4232 D OnStarCommands: getVoiceRegState: state = 1
04-18 22:48:19.959  4232  4232 D OnStarCommands: getOperator: operatorName = AT&T
04-18 22:48:19.959  4232  4232 V OnStarServiceStateTracker: handleMessage: EVENT_POLL_STATE_REGISTRATION: processing...
04-18 22:48:19.959  4232  4232 D OnStarServiceStateTracker: handlePollStateResult: EVENT_POLL_STATE_REGISTRATION: regCode:1, serviceState:0
04-18 22:48:19.959  4232  4232 D PHONE   : [ServiceState] setVoiceRegState=0
04-18 22:48:19.959  4232  4232 V OnStarServiceStateTracker: handleMessage: EVENT_POLL_STATE_OPERATOR: processing...
04-18 22:48:19.959  4232  4232 D OnStarServiceStateTracker: handlePollStateResult: EVENT_POLL_STATE_OPERATOR: opNames[0]: 'AT&T' opNames[1]: '' opNames[2]: ''
04-18 22:48:19.960  4232  4232 D OnStarServiceStateTracker: pollStateDone: oldSS=[0 1 voice home data home AT&T   AT&T    Unknown Unknown CSS not supported -1 -1 RoamInd=-1 DefRoamInd=-1 EmergOnly=false IsDataRoamingFromRegistration=false] newSS=[0 1 voice home data home AT&T   AT&T    Unknown Unknown CSS not supported -1 -1 RoamInd=-1 DefRoamInd=-1 EmergOnly=false IsDataRoamingFromRegistration=false]
04-18 22:48:19.960  4232  4232 D PHONE   : [ServiceState] setNullState=1
04-18 22:48:19.962  4232  4232 D OnStarServiceStateTracker: pollStateDone: Current OutgoingPhone is not OnStar.
04-18 22:48:23.931  4232  4711 V OnStarCommands: onCellNetInfo: cellNetworkName:AT&T cellNetworkSignal:2 cellNetworkState:0 cellNetworkType: 7
04-18 22:48:23.931  4232  4711 D OnStarCommands: getSignalLevel: 2 -> 6
04-18 22:48:23.931  4232  4711 D OnStarCommands: getVoiceRegState: state = 1
04-18 22:48:23.931  4232  4711 D OnStarCommands: onCellNetInfo: No mVoiceNetworkStateRegistrants to notify
04-18 22:48:23.935  4232  4232 V OnStarServiceStateTracker: handleMessage: SIGNAL STRENGTH event = 12  current phone is not OnStar
04-18 22:48:23.936  4232  4232 V OnStarServiceStateTracker: handleMessage: EVENT_NETWORK_STATE_CHANGED: polling states...
04-18 22:48:23.936  4232  4232 V OnStarServiceStateTracker: pollState
04-18 22:48:23.936  4232  4232 D OnStarCommands: getVoiceRegState: state = 1
04-18 22:48:23.936  4232  4232 D OnStarCommands: getOperator: operatorName = AT&T
04-18 22:48:23.936  4232  4232 V OnStarServiceStateTracker: handleMessage: EVENT_POLL_STATE_REGISTRATION: processing...
04-18 22:48:23.936  4232  4232 D OnStarServiceStateTracker: handlePollStateResult: EVENT_POLL_STATE_REGISTRATION: regCode:1, serviceState:0
04-18 22:48:23.936  4232  4232 D PHONE   : [ServiceState] setVoiceRegState=0
