04-18 23:03:03.367  3085 32668 I chatty  : uid=1000(system) com.gm.android.gmauthmanagerservice expire 10 lines
04-18 23:03:03.454  2655  3802 I chatty  : uid=1000(system) Binder_C expire 2 lines
04-18 23:03:03.454  2655  2942 I chatty  : uid=1000(system) Binder_4 expire 2 lines
04-18 23:03:03.534  2655  4097 I chatty  : uid=1000(system) Binder_D expire 7 lines
04-18 23:03:03.551  2655  4171 I chatty  : uid=1000(system) Binder_10 expire 3 lines
04-18 23:03:04.066  3085 32680 I chatty  : uid=1000(system) com.gm.android.gmauthmanagerservice expire 9 lines
04-18 23:03:04.071  3085 32681 I chatty  : uid=1000(system) com.gm.android.gmauthmanagerservice expire 10 lines
04-18 23:03:04.080  3085 32682 I chatty  : uid=1000(system) com.gm.android.gmauthmanagerservice expire 10 lines
04-18 23:03:04.085  3085 32683 I chatty  : uid=1000(system) com.gm.android.gmauthmanagerservice expire 9 lines
04-18 23:03:04.101  3085 32684 I chatty  : uid=1000(system) com.gm.android.gmauthmanagerservice expire 10 lines
04-18 23:03:04.103  3085 32685 I chatty  : uid=1000(system) com.gm.android.gmauthmanagerservice expire 10 lines
04-18 23:03:04.240  2655  3321 I chatty  : uid=1000(system) Binder_7 expire 3 lines
04-18 23:03:04.853  3085 32710 I chatty  : uid=1000(system) com.gm.android.gmauthmanagerservice expire 9 lines
04-18 23:03:04.858  3085  3149 I chatty  : uid=1000(system) Thread-55 expire 36 lines
04-18 23:03:04.858  3085 32711 I chatty  : uid=1000(system) com.gm.android.gmauthmanagerservice expire 10 lines
04-18 23:03:04.864  3085 32712 I chatty  : uid=1000(system) com.gm.android.gmauthmanagerservice expire 10 lines
04-18 23:03:04.870  3085 32713 I chatty  : uid=1000(system) com.gm.android.gmauthmanagerservice expire 9 lines
04-18 23:03:04.875  3085 32714 I chatty  : uid=1000(system) com.gm.android.gmauthmanagerservice expire 10 lines
04-18 23:03:04.879  3085 32715 I chatty  : uid=1000(system) com.gm.android.gmauthmanagerservice expire 10 lines
04-18 23:03:04.911  2655  2666 I chatty  : uid=1000(system) Binder_1 expire 4 lines
04-18 23:03:04.911  2655  3349 I chatty  : uid=1000(system) Binder_9 expire 5 lines
04-18 23:03:04.984  2655  3321 I chatty  : uid=1000(system) Binder_7 expire 11 lines
04-18 23:03:04.986  2655  3694 I chatty  : uid=1000(system) Binder_A expire 8 lines
04-18 23:03:04.986  2655  3327 I chatty  : uid=1000(system) Binder_8 expire 7 lines
04-18 23:03:05.019  2655  3051 I chatty  : uid=1000(system) Binder_5 expire 6 lines
04-18 23:03:05.020  2655  4156 I chatty  : uid=1000(system) Binder_F expire 9 lines
04-18 23:03:05.094  2655  2655 I chatty  : uid=1000 system_server expire 2 lines
04-18 23:03:05.095  2655  2690 I chatty  : uid=1000(system) Binder_3 expire 12 lines
04-18 23:03:05.114  2655  2667 I chatty  : uid=1000(system) Binder_2 expire 1 line
04-18 23:03:05.118  2655  2942 I chatty  : uid=1000(system) Binder_4 expire 3 lines
04-18 23:03:05.230  2655  4097 I chatty  : uid=1000(system) Binder_D expire 9 lines
04-18 23:03:05.240  2655  3304 I chatty  : uid=1000(system) Binder_6 expire 4 lines
04-18 23:03:05.451  2655  3802 I chatty  : uid=1000(system) Binder_C expire 3 lines
04-18 23:03:05.566  2655  2725 I chatty  : uid=1000(system) ActivityManager expire 2 lines
04-18 23:03:05.575  2655  2760 I chatty  : uid=1000(system) android.display expire 7 lines
04-18 23:03:05.723  2655  4171 I chatty  : uid=1000(system) Binder_10 expire 5 lines
04-18 23:03:06.392  2655  3770 I chatty  : uid=1000(system) Binder_B expire 3 lines
04-18 23:03:06.517  3085   302 I chatty  : uid=1000(system) com.gm.android.gmauthmanagerservice expire 9 lines
04-18 23:03:06.524  3085   303 I chatty  : uid=1000(system) com.gm.android.gmauthmanagerservice expire 10 lines
04-18 23:03:06.535  3085   304 I chatty  : uid=1000(system) com.gm.android.gmauthmanagerservice expire 10 lines
04-18 23:03:06.541  3085   305 I chatty  : uid=1000(system) com.gm.android.gmauthmanagerservice expire 9 lines
04-18 23:03:06.549  3085   306 I chatty  : uid=1000(system) com.gm.android.gmauthmanagerservice expire 10 lines
04-18 23:03:06.569  3085   307 I chatty  : uid=1000(system) com.gm.android.gmauthmanagerservice expire 10 lines
04-18 23:03:06.747  2655  4150 I chatty  : uid=1000(system) Binder_E expire 4 lines
04-18 23:03:06.823 29089 29089 I chatty  : uid=1000(system) com.android.contacts expire 1 line
04-18 23:03:07.239  3085   328 I chatty  : uid=1000(system) com.gm.android.gmauthmanagerservice expire 9 lines
04-18 23:03:07.252  3085  3149 I chatty  : uid=1000(system) Thread-55 expire 42 lines
04-18 23:03:07.253  3085   329 I chatty  : uid=1000(system) com.gm.android.gmauthmanagerservice expire 10 lines
04-18 23:03:07.263  3085   330 I chatty  : uid=1000(system) com.gm.android.gmauthmanagerservice expire 10 lines
04-18 23:03:07.316  3085   331 I chatty  : uid=1000(system) com.gm.android.gmauthmanagerservice expire 9 lines
04-18 23:03:07.323  2655  3694 I chatty  : uid=1000(system) Binder_A expire 4 lines
04-18 23:03:07.324  2655  2666 I chatty  : uid=1000(system) Binder_1 expire 6 lines
04-18 23:03:07.394  3085   332 I chatty  : uid=1000(system) com.gm.android.gmauthmanagerservice expire 10 lines
04-18 23:03:07.407  3085   333 I chatty  : uid=1000(system) com.gm.android.gmauthmanagerservice expire 10 lines
04-18 23:03:07.432  2655  2667 I chatty  : uid=1000(system) Binder_2 expire 5 lines
04-18 23:03:07.538  2655  4150 I chatty  : uid=1000(system) Binder_E expire 6 lines
04-18 23:03:07.539  2655  2690 I chatty  : uid=1000(system) Binder_3 expire 5 lines
04-18 23:03:07.556  2655  3770 I chatty  : uid=1000(system) Binder_B expire 5 lines
04-18 23:03:07.558  2655  4171 I chatty  : uid=1000(system) Binder_10 expire 7 lines
04-18 23:03:07.558  2655  3349 I chatty  : uid=1000(system) Binder_9 expire 5 lines
04-18 23:03:07.661  2655  3304 I chatty  : uid=1000(system) Binder_6 expire 3 lines
04-18 23:03:07.876  2655  3321 I chatty  : uid=1000(system) Binder_7 expire 6 lines
04-18 23:03:08.091  2655  3802 I chatty  : uid=1000(system) Binder_C expire 4 lines
04-18 23:03:08.129  3085   348 I chatty  : uid=1000(system) com.gm.android.gmauthmanagerservice expire 9 lines
04-18 23:03:08.146  3085   349 I chatty  : uid=1000(system) com.gm.android.gmauthmanagerservice expire 10 lines
04-18 23:03:08.197  2655  4156 I chatty  : uid=1000(system) Binder_F expire 2 lines
04-18 23:03:08.221  3085   350 I chatty  : uid=1000(system) com.gm.android.gmauthmanagerservice expire 10 lines
04-18 23:03:08.229  3085   351 I chatty  : uid=1000(system) com.gm.android.gmauthmanagerservice expire 9 lines
04-18 23:03:08.235  3085   352 I chatty  : uid=1000(system) com.gm.android.gmauthmanagerservice expire 10 lines
04-18 23:03:08.242  3085   353 I chatty  : uid=1000(system) com.gm.android.gmauthmanagerservice expire 10 lines
04-18 23:03:08.304  2655  3327 I chatty  : uid=1000(system) Binder_8 expire 5 lines
04-18 23:03:08.410  2655  4097 I chatty  : uid=1000(system) Binder_D expire 3 lines
04-18 23:03:08.519  2655  2760 I chatty  : uid=1000(system) android.display expire 4 lines
04-18 23:03:08.581  2655  2725 I chatty  : uid=1000(system) ActivityManager expire 1 line
04-18 23:03:08.896  2655  2942 I chatty  : uid=1000(system) Binder_4 expire 5 lines
04-18 23:03:09.343  2655  3051 I chatty  : uid=1000(system) Binder_5 expire 2 lines
04-18 23:03:09.474  3085   385 I chatty  : uid=1000(system) com.gm.android.gmauthmanagerservice expire 9 lines
04-18 23:03:09.479  3085   386 I chatty  : uid=1000(system) com.gm.android.gmauthmanagerservice expire 10 lines
04-18 23:03:09.487  3085   387 I chatty  : uid=1000(system) com.gm.android.gmauthmanagerservice expire 10 lines
04-18 23:03:09.508  3085  3149 I chatty  : uid=1000(system) Thread-55 expire 39 lines
04-18 23:03:09.509  3085   388 I chatty  : uid=1000(system) com.gm.android.gmauthmanagerservice expire 9 lines
04-18 23:03:09.519  3085   389 I chatty  : uid=1000(system) com.gm.android.gmauthmanagerservice expire 10 lines
04-18 23:03:09.522  3085   390 I chatty  : uid=1000(system) com.gm.android.gmauthmanagerservice expire 10 lines
04-18 23:03:09.546  2655  4156 I chatty  : uid=1000(system) Binder_F expire 3 lines
04-18 23:03:09.547  2655  3304 I chatty  : uid=1000(system) Binder_6 expire 7 lines
04-18 23:03:09.550  2655  2655 I chatty  : uid=1000 system_server expire 2 lines
04-18 23:03:09.550  2655  2667 I chatty  : uid=1000(system) Binder_2 expire 4 lines
04-18 23:03:09.550  2655  2942 I chatty  : uid=1000(system) Binder_4 expire 6 lines
04-18 23:03:09.551  2655  3770 I chatty  : uid=1000(system) Binder_B expire 3 lines
04-18 23:03:09.552  2655  3051 I chatty  : uid=1000(system) Binder_5 expire 8 lines
04-18 23:03:09.562  2655  3694 I chatty  : uid=1000(system) Binder_A expire 10 lines
04-18 23:03:09.562  2655  3321 I chatty  : uid=1000(system) Binder_7 expire 2 lines
04-18 23:03:09.571  2655  4097 I chatty  : uid=1000(system) Binder_D expire 6 lines
04-18 23:03:09.584  2655  3802 I chatty  : uid=1000(system) Binder_C expire 10 lines
04-18 23:03:09.586  2655  2666 I chatty  : uid=1000(system) Binder_1 expire 5 lines
04-18 23:03:09.686  2655  3349 I chatty  : uid=1000(system) Binder_9 expire 5 lines
04-18 23:03:09.762  2655  4171 I chatty  : uid=1000(system) Binder_10 expire 3 lines
04-18 23:03:09.792  2655  2690 I chatty  : uid=1000(system) Binder_3 expire 2 lines
04-18 23:03:09.884  2655  2725 I chatty  : uid=1000(system) ActivityManager expire 1 line
04-18 23:03:10.018  2655  3327 I chatty  : uid=1000(system) Binder_8 expire 3 lines
04-18 23:03:10.198  2886  3103 I chatty  : uid=1000(system) TcpInternetMana expire 3 lines
04-18 23:03:10.203  3085   423 I chatty  : uid=1000(system) com.gm.android.gmauthmanagerservice expire 9 lines
04-18 23:03:10.207  3085   424 I chatty  : uid=1000(system) com.gm.android.gmauthmanagerservice expire 10 lines
04-18 23:03:10.219  3085   425 I chatty  : uid=1000(system) com.gm.android.gmauthmanagerservice expire 10 lines
04-18 23:03:10.223  3085   426 I chatty  : uid=1000(system) com.gm.android.gmauthmanagerservice expire 9 lines
04-18 23:03:10.231  3085   427 I chatty  : uid=1000(system) com.gm.android.gmauthmanagerservice expire 10 lines
04-18 23:03:10.236  3085   428 I chatty  : uid=1000(system) com.gm.android.gmauthmanagerservice expire 10 lines
04-18 23:03:10.413  2655  2760 I chatty  : uid=1000(system) android.display expire 3 lines
04-18 23:03:10.643  2655  4150 I chatty  : uid=1000(system) Binder_E expire 1 line
04-18 23:03:10.800  2655  2726 I chatty  : uid=1000(system) android.ui expire 1 line
04-18 23:03:10.890  3085   440 I chatty  : uid=1000(system) com.gm.android.gmauthmanagerservice expire 9 lines
04-18 23:03:10.911  3085   441 I chatty  : uid=1000(system) com.gm.android.gmauthmanagerservice expire 10 lines
04-18 23:03:10.933  3085   442 I chatty  : uid=1000(system) com.gm.android.gmauthmanagerservice expire 10 lines
04-18 23:03:10.940  3085   443 I chatty  : uid=1000(system) com.gm.android.gmauthmanagerservice expire 9 lines
04-18 23:03:10.945  3085  3149 I chatty  : uid=1000(system) Thread-55 expire 33 lines
04-18 23:03:10.946  3085   444 I chatty  : uid=1000(system) com.gm.android.gmauthmanagerservice expire 10 lines
04-18 23:03:10.948  3085   445 I chatty  : uid=1000(system) com.gm.android.gmauthmanagerservice expire 10 lines
04-18 23:03:10.952  2655  4097 I chatty  : uid=1000(system) Binder_D expire 7 lines
04-18 23:03:10.954  2655  2690 I chatty  : uid=1000(system) Binder_3 expire 7 lines
04-18 23:03:11.102  2655  2760 I chatty  : uid=1000(system) android.display expire 8 lines
04-18 23:03:11.104  2655  4156 I chatty  : uid=1000(system) Binder_F expire 12 lines
04-18 23:03:11.134  2655  2725 I chatty  : uid=1000(system) ActivityManager expire 2 lines
04-18 23:03:11.283  2655  3304 I chatty  : uid=1000(system) Binder_6 expire 6 lines
04-18 23:03:11.284  2655  3770 I chatty  : uid=1000(system) Binder_B expire 9 lines
04-18 23:03:11.471  2655  3802 I chatty  : uid=1000(system) Binder_C expire 6 lines
04-18 23:03:11.474  2655  2655 I chatty  : uid=1000 system_server expire 2 lines
04-18 23:03:11.474  2655  2666 I chatty  : uid=1000(system) Binder_1 expire 4 lines
04-18 23:03:11.475  2655  4150 I chatty  : uid=1000(system) Binder_E expire 4 lines
04-18 23:03:11.475  2655  2942 I chatty  : uid=1000(system) Binder_4 expire 6 lines
04-18 23:03:11.477  2655  3349 I chatty  : uid=1000(system) Binder_9 expire 6 lines
04-18 23:03:11.478  2655  4171 I chatty  : uid=1000(system) Binder_10 expire 7 lines
04-18 23:03:11.483  2655  3051 I chatty  : uid=1000(system) Binder_5 expire 4 lines
04-18 23:03:11.484  2655  2667 I chatty  : uid=1000(system) Binder_2 expire 5 lines
04-18 23:03:11.602  2655  3321 I chatty  : uid=1000(system) Binder_7 expire 5 lines
04-18 23:03:11.924  2655  3327 I chatty  : uid=1000(system) Binder_8 expire 7 lines
04-18 23:03:12.070  3085   476 I chatty  : uid=1000(system) com.gm.android.gmauthmanagerservice expire 9 lines
04-18 23:03:12.077  3085   477 I chatty  : uid=1000(system) com.gm.android.gmauthmanagerservice expire 10 lines
04-18 23:03:12.084  3085   478 I chatty  : uid=1000(system) com.gm.android.gmauthmanagerservice expire 10 lines
04-18 23:03:12.301  3085   482 I chatty  : uid=1000(system) com.gm.android.gmauthmanagerservice expire 9 lines
04-18 23:03:12.321  3085   483 I chatty  : uid=1000(system) com.gm.android.gmauthmanagerservice expire 10 lines
04-18 23:03:12.330  3085   484 I chatty  : uid=1000(system) com.gm.android.gmauthmanagerservice expire 10 lines
04-18 23:03:12.334  3085   485 I chatty  : uid=1000(system) com.gm.android.gmauthmanagerservice expire 9 lines
04-18 23:03:12.343  3085   486 I chatty  : uid=1000(system) com.gm.android.gmauthmanagerservice expire 10 lines
04-18 23:03:12.350  3085   487 I chatty  : uid=1000(system) com.gm.android.gmauthmanagerservice expire 10 lines
04-18 23:03:12.603 29089 29089 I chatty  : uid=1000(system) com.android.contacts expire 1 line
04-18 23:03:13.113  3085  3149 I chatty  : uid=1000(system) Thread-55 expire 45 lines
04-18 23:03:13.114  3085   514 I chatty  : uid=1000(system) com.gm.android.gmauthmanagerservice expire 9 lines
04-18 23:03:13.119  3085   516 I chatty  : uid=1000(system) com.gm.android.gmauthmanagerservice expire 10 lines
04-18 23:03:13.125  3085   517 I chatty  : uid=1000(system) com.gm.android.gmauthmanagerservice expire 10 lines
04-18 23:03:13.132  3085   518 I chatty  : uid=1000(system) com.gm.android.gmauthmanagerservice expire 9 lines
04-18 23:03:13.137  3085   520 I chatty  : uid=1000(system) com.gm.android.gmauthmanagerservice expire 10 lines
04-18 23:03:13.140  3085   521 I chatty  : uid=1000(system) com.gm.android.gmauthmanagerservice expire 10 lines
04-18 23:03:13.185  2655  2667 I chatty  : uid=1000(system) Binder_2 expire 2 lines
04-18 23:03:13.185  2655  4150 I chatty  : uid=1000(system) Binder_E expire 4 lines
04-18 23:03:13.290  2655  3304 I chatty  : uid=1000(system) Binder_6 expire 5 lines
04-18 23:03:13.291  2655  3321 I chatty  : uid=1000(system) Binder_7 expire 7 lines
04-18 23:03:13.403  2655  3770 I chatty  : uid=1000(system) Binder_B expire 3 lines
04-18 23:03:13.406  2655  4171 I chatty  : uid=1000(system) Binder_10 expire 5 lines
04-18 23:03:13.510  2655  2942 I chatty  : uid=1000(system) Binder_4 expire 6 lines
04-18 23:03:13.547  2655  2725 I chatty  : uid=1000(system) ActivityManager expire 1 line
04-18 23:03:13.631  2655  3802 I chatty  : uid=1000(system) Binder_C expire 1 line
04-18 23:03:13.633  2655  3694 I chatty  : uid=1000(system) Binder_A expire 8 lines
04-18 23:03:13.826  2655  2760 I chatty  : uid=1000(system) android.display expire 6 lines
04-18 23:03:13.831  3085   541 I chatty  : uid=1000(system) com.gm.android.gmauthmanagerservice expire 9 lines
04-18 23:03:13.843  2655  3349 I chatty  : uid=1000(system) Binder_9 expire 3 lines
04-18 23:03:13.846  3085   545 I chatty  : uid=1000(system) com.gm.android.gmauthmanagerservice expire 10 lines
04-18 23:03:13.858  2886  3793 I chatty  : uid=1000(system) SynthThread expire 1 line
04-18 23:03:13.859  3085   547 I chatty  : uid=1000(system) com.gm.android.gmauthmanagerservice expire 10 lines
04-18 23:03:13.886  3085   551 I chatty  : uid=1000(system) com.gm.android.gmauthmanagerservice expire 9 lines
04-18 23:03:13.891  3085   552 I chatty  : uid=1000(system) com.gm.android.gmauthmanagerservice expire 10 lines
04-18 23:03:13.894  3085   553 I chatty  : uid=1000(system) com.gm.android.gmauthmanagerservice expire 10 lines
04-18 23:03:13.952  2655  3327 I chatty  : uid=1000(system) Binder_8 expire 2 lines
04-18 23:03:14.055  2655  2666 I chatty  : uid=1000(system) Binder_1 expire 4 lines
04-18 23:03:14.161  2655  3051 I chatty  : uid=1000(system) Binder_5 expire 3 lines
04-18 23:03:14.289  2655  4156 I chatty  : uid=1000(system) Binder_F expire 2 lines
04-18 23:03:14.518  2655  2690 I chatty  : uid=1000(system) Binder_3 expire 2 lines
04-18 23:03:14.897  3085   565 I chatty  : uid=1000(system) com.gm.android.gmauthmanagerservice expire 9 lines
04-18 23:03:14.910  3085   566 I chatty  : uid=1000(system) com.gm.android.gmauthmanagerservice expire 10 lines
04-18 23:03:14.923  3085   567 I chatty  : uid=1000(system) com.gm.android.gmauthmanagerservice expire 10 lines
04-18 23:03:14.931  2655  3051 I chatty  : uid=1000(system) Binder_5 expire 2 lines
04-18 23:03:14.935  3085  3149 I chatty  : uid=1000(system) Thread-55 expire 51 lines
04-18 23:03:14.935  3085   569 I chatty  : uid=1000(system) com.gm.android.gmauthmanagerservice expire 9 lines
04-18 23:03:14.940  3085   570 I chatty  : uid=1000(system) com.gm.android.gmauthmanagerservice expire 10 lines
04-18 23:03:14.945  3085   571 I chatty  : uid=1000(system) com.gm.android.gmauthmanagerservice expire 10 lines
04-18 23:03:15.034  2655  2942 I chatty  : uid=1000(system) Binder_4 expire 3 lines
04-18 23:03:15.034  2655  4097 I chatty  : uid=1000(system) Binder_D expire 9 lines
04-18 23:03:15.042  2655  3304 I chatty  : uid=1000(system) Binder_6 expire 4 lines
04-18 23:03:15.043  2655  4150 I chatty  : uid=1000(system) Binder_E expire 2 lines
04-18 23:03:15.144  2655  3770 I chatty  : uid=1000(system) Binder_B expire 3 lines
04-18 23:03:15.151  2655  2760 I chatty  : uid=1000(system) android.display expire 4 lines
04-18 23:03:15.343  2655  2690 I chatty  : uid=1000(system) Binder_3 expire 3 lines
04-18 23:03:15.345  2655  2666 I chatty  : uid=1000(system) Binder_1 expire 5 lines
04-18 23:03:15.450  2655  3349 I chatty  : uid=1000(system) Binder_9 expire 3 lines
04-18 23:03:15.451  2655  3694 I chatty  : uid=1000(system) Binder_A expire 4 lines
04-18 23:03:15.566  2655  3327 I chatty  : uid=1000(system) Binder_8 expire 4 lines
04-18 23:03:15.631  3085   591 I chatty  : uid=1000(system) com.gm.android.gmauthmanagerservice expire 9 lines
04-18 23:03:15.648  3085   592 I chatty  : uid=1000(system) com.gm.android.gmauthmanagerservice expire 10 lines
04-18 23:03:15.658  3085   593 I chatty  : uid=1000(system) com.gm.android.gmauthmanagerservice expire 10 lines
04-18 23:03:15.679  3085   594 I chatty  : uid=1000(system) com.gm.android.gmauthmanagerservice expire 9 lines
04-18 23:03:15.687  3085   595 I chatty  : uid=1000(system) com.gm.android.gmauthmanagerservice expire 10 lines
04-18 23:03:15.694  3085   596 I chatty  : uid=1000(system) com.gm.android.gmauthmanagerservice expire 10 lines
04-18 23:03:15.696  2655  2667 I chatty  : uid=1000(system) Binder_2 expire 3 lines
04-18 23:03:15.714  3085   597 I chatty  : uid=1000(system) com.gm.android.gmauthmanagerservice expire 9 lines
04-18 23:03:15.722  3085   598 I chatty  : uid=1000(system) com.gm.android.gmauthmanagerservice expire 10 lines
04-18 23:03:15.733  3085   599 I chatty  : uid=1000(system) com.gm.android.gmauthmanagerservice expire 10 lines
04-18 23:03:15.738  3085   600 I chatty  : uid=1000(system) com.gm.android.gmauthmanagerservice expire 9 lines
04-18 23:03:15.744  3085   601 I chatty  : uid=1000(system) com.gm.android.gmauthmanagerservice expire 10 lines
04-18 23:03:15.748  3085   602 I chatty  : uid=1000(system) com.gm.android.gmauthmanagerservice expire 10 lines
04-18 23:03:16.283  2655  2966 I chatty  : uid=1000(system) WifiStateMachin expire 1 line
04-18 23:03:16.420  3085   614 I chatty  : uid=1000(system) com.gm.android.gmauthmanagerservice expire 9 lines
04-18 23:03:16.436  3085   615 I chatty  : uid=1000(system) com.gm.android.gmauthmanagerservice expire 10 lines
04-18 23:03:16.447  3085  3149 I chatty  : uid=1000(system) Thread-55 expire 36 lines
04-18 23:03:16.448  3085   616 I chatty  : uid=1000(system) com.gm.android.gmauthmanagerservice expire 10 lines
04-18 23:03:16.457  3085   617 I chatty  : uid=1000(system) com.gm.android.gmauthmanagerservice expire 9 lines
04-18 23:03:16.463  3085   619 I chatty  : uid=1000(system) com.gm.android.gmauthmanagerservice expire 10 lines
04-18 23:03:16.467  3085   620 I chatty  : uid=1000(system) com.gm.android.gmauthmanagerservice expire 10 lines
04-18 23:03:16.488  2655  3349 I chatty  : uid=1000(system) Binder_9 expire 10 lines
04-18 23:03:16.489  2655  2690 I chatty  : uid=1000(system) Binder_3 expire 11 lines
04-18 23:03:16.507  2655  4097 I chatty  : uid=1000(system) Binder_D expire 9 lines
04-18 23:03:16.718  2655  3051 I chatty  : uid=1000(system) Binder_5 expire 7 lines
04-18 23:03:16.725  2655  2942 I chatty  : uid=1000(system) Binder_4 expire 3 lines
04-18 23:03:16.726  2655  4150 I chatty  : uid=1000(system) Binder_E expire 6 lines
04-18 23:03:16.828  2655  3802 I chatty  : uid=1000(system) Binder_C expire 5 lines
04-18 23:03:16.842  2655  4171 I chatty  : uid=1000(system) Binder_10 expire 3 lines
04-18 23:03:16.858  2655  3304 I chatty  : uid=1000(system) Binder_6 expire 6 lines
04-18 23:03:17.184  2655  2667 I chatty  : uid=1000(system) Binder_2 expire 9 lines
04-18 23:03:17.397  2655  2666 I chatty  : uid=1000(system) Binder_1 expire 4 lines
04-18 23:03:17.514  2655  4156 I chatty  : uid=1000(system) Binder_F expire 6 lines
04-18 23:03:17.645  2655  3321 I chatty  : uid=1000(system) Binder_7 expire 2 lines
04-18 23:03:18.243  2655  3694 I chatty  : uid=1000(system) Binder_A expire 1 line
04-18 23:03:18.250  2655  2760 I chatty  : uid=1000(system) android.display expire 4 lines
04-18 23:03:18.251  2655  3327 I chatty  : uid=1000(system) Binder_8 expire 6 lines
04-18 23:03:18.363  3085   643 I chatty  : uid=1000(system) com.gm.android.gmauthmanagerservice expire 9 lines
04-18 23:03:18.373  3085   644 I chatty  : uid=1000(system) com.gm.android.gmauthmanagerservice expire 10 lines
04-18 23:03:18.381  3085   645 I chatty  : uid=1000(system) com.gm.android.gmauthmanagerservice expire 10 lines
04-18 23:03:18.387  3085   646 I chatty  : uid=1000(system) com.gm.android.gmauthmanagerservice expire 9 lines
04-18 23:03:18.394  3085   647 I chatty  : uid=1000(system) com.gm.android.gmauthmanagerservice expire 10 lines
04-18 23:03:18.397  3085   648 I chatty  : uid=1000(system) com.gm.android.gmauthmanagerservice expire 10 lines
04-18 23:03:18.700  2655  3770 I chatty  : uid=1000(system) Binder_B expire 2 lines
04-18 23:03:19.089  3085   670 I chatty  : uid=1000(system) com.gm.android.gmauthmanagerservice expire 9 lines
04-18 23:03:19.102  3085   671 I chatty  : uid=1000(system) com.gm.android.gmauthmanagerservice expire 10 lines
04-18 23:03:19.139  3085  3149 I chatty  : uid=1000(system) Thread-55 expire 42 lines
04-18 23:03:19.147  2655  3051 I chatty  : uid=1000(system) Binder_5 expire 6 lines
04-18 23:03:19.148  3085   672 I chatty  : uid=1000(system) com.gm.android.gmauthmanagerservice expire 10 lines
04-18 23:03:19.162  2915  4509 I chatty  : uid=1000(system) Binder_4 expire 1 line
04-18 23:03:19.167  2655  3802 I chatty  : uid=1000(system) Binder_C expire 7 lines
04-18 23:03:19.168  2655  3327 I chatty  : uid=1000(system) Binder_8 expire 3 lines
04-18 23:03:19.174  2655  4171 I chatty  : uid=1000(system) Binder_10 expire 4 lines
04-18 23:03:19.179  2915  2940 I chatty  : uid=1000(system) Binder_2 expire 1 line
04-18 23:03:19.181  3085   673 I chatty  : uid=1000(system) com.gm.android.gmauthmanagerservice expire 9 lines
04-18 23:03:19.193  3085   674 I chatty  : uid=1000(system) com.gm.android.gmauthmanagerservice expire 10 lines
04-18 23:03:19.202  2655  2760 I chatty  : uid=1000(system) android.display expire 7 lines
04-18 23:03:19.203  3085   675 I chatty  : uid=1000(system) com.gm.android.gmauthmanagerservice expire 10 lines
04-18 23:03:19.206  2655  3349 I chatty  : uid=1000(system) Binder_9 expire 7 lines
04-18 23:03:19.321  2655  2667 I chatty  : uid=1000(system) Binder_2 expire 1 line
04-18 23:03:19.323  2655  2666 I chatty  : uid=1000(system) Binder_1 expire 3 lines
04-18 23:03:19.342  2655  3321 I chatty  : uid=1000(system) Binder_7 expire 7 lines
04-18 23:03:19.355  2655  2690 I chatty  : uid=1000(system) Binder_3 expire 4 lines
04-18 23:03:19.459  2655  3694 I chatty  : uid=1000(system) Binder_A expire 5 lines
04-18 23:03:19.568  2655  4150 I chatty  : uid=1000(system) Binder_E expire 5 lines
04-18 23:03:19.687  2655  3770 I chatty  : uid=1000(system) Binder_B expire 6 lines
04-18 23:03:19.791  2655  4156 I chatty  : uid=1000(system) Binder_F expire 7 lines
04-18 23:03:19.856  3085   684 I chatty  : uid=1000(system) com.gm.android.gmauthmanagerservice expire 9 lines
04-18 23:03:19.864  3085   685 I chatty  : uid=1000(system) com.gm.android.gmauthmanagerservice expire 10 lines
04-18 23:03:19.873  3085   686 I chatty  : uid=1000(system) com.gm.android.gmauthmanagerservice expire 10 lines
04-18 23:03:19.881  3085   687 I chatty  : uid=1000(system) com.gm.android.gmauthmanagerservice expire 9 lines
04-18 23:03:19.887  3085   688 I chatty  : uid=1000(system) com.gm.android.gmauthmanagerservice expire 10 lines
04-18 23:03:19.895  3085   689 I chatty  : uid=1000(system) com.gm.android.gmauthmanagerservice expire 10 lines
04-18 23:03:19.911  2655  2942 I chatty  : uid=1000(system) Binder_4 expire 3 lines
04-18 23:03:20.007  2655  3304 I chatty  : uid=1000(system) Binder_6 expire 3 lines
04-18 23:03:20.125  2915  2938 I chatty  : uid=1000(system) Binder_1 expire 1 line
04-18 23:03:20.166  1976 11931 I chatty  : uid=1000(system) Binder_2 expire 2 lines
04-18 23:03:20.306  2886  2929 I chatty  : uid=1000(system) Binder_1 expire 1 line
04-18 23:03:20.707  2655  4097 I chatty  : uid=1000(system) Binder_D expire 2 lines
04-18 23:03:21.620  3085   725 I chatty  : uid=1000(system) com.gm.android.gmauthmanagerservice expire 9 lines
04-18 23:03:21.632  3085   726 I chatty  : uid=1000(system) com.gm.android.gmauthmanagerservice expire 10 lines
04-18 23:03:21.650  3085   727 I chatty  : uid=1000(system) com.gm.android.gmauthmanagerservice expire 10 lines
04-18 23:03:21.660  3085   728 I chatty  : uid=1000(system) com.gm.android.gmauthmanagerservice expire 9 lines
04-18 23:03:21.687  3085  3149 I chatty  : uid=1000(system) Thread-55 expire 42 lines
04-18 23:03:21.687  3085   729 I chatty  : uid=1000(system) com.gm.android.gmauthmanagerservice expire 10 lines
04-18 23:03:21.695  3085   746 I chatty  : uid=1000(system) com.gm.android.gmauthmanagerservice expire 10 lines
04-18 23:03:21.707  2655  3051 I chatty  : uid=1000(system) Binder_5 expire 7 lines
04-18 23:03:21.708  2655  3321 I chatty  : uid=1000(system) Binder_7 expire 5 lines
04-18 23:03:21.826  2655  2942 I chatty  : uid=1000(system) Binder_4 expire 3 lines
04-18 23:03:21.826  2655  4150 I chatty  : uid=1000(system) Binder_E expire 4 lines
04-18 23:03:21.941  2655  3770 I chatty  : uid=1000(system) Binder_B expire 2 lines
04-18 23:03:21.942  2655  2690 I chatty  : uid=1000(system) Binder_3 expire 6 lines
04-18 23:03:22.043  2655  3349 I chatty  : uid=1000(system) Binder_9 expire 4 lines
04-18 23:03:22.049  2655  2760 I chatty  : uid=1000(system) android.display expire 10 lines
04-18 23:03:22.239  2655  4171 I chatty  : uid=1000(system) Binder_10 expire 4 lines
04-18 23:03:22.263  2655  2666 I chatty  : uid=1000(system) Binder_1 expire 3 lines
04-18 23:03:22.271  2655  3327 I chatty  : uid=1000(system) Binder_8 expire 4 lines
04-18 23:03:22.272  2655  4156 I chatty  : uid=1000(system) Binder_F expire 4 lines
04-18 23:03:22.311  2655  3694 I chatty  : uid=1000(system) Binder_A expire 2 lines
04-18 23:03:22.378  2655  3802 I chatty  : uid=1000(system) Binder_C expire 2 lines
04-18 23:03:22.431  3085   755 I chatty  : uid=1000(system) com.gm.android.gmauthmanagerservice expire 9 lines
04-18 23:03:22.462  3085   757 I chatty  : uid=1000(system) com.gm.android.gmauthmanagerservice expire 10 lines
04-18 23:03:22.479  3085   764 I chatty  : uid=1000(system) com.gm.android.gmauthmanagerservice expire 10 lines
04-18 23:03:22.502  2655  2667 I chatty  : uid=1000(system) Binder_2 expire 2 lines
04-18 23:03:22.539  3085   771 I chatty  : uid=1000(system) com.gm.android.gmauthmanagerservice expire 9 lines
04-18 23:03:22.546  3085   772 I chatty  : uid=1000(system) com.gm.android.gmauthmanagerservice expire 10 lines
04-18 23:03:22.565  3085   773 I chatty  : uid=1000(system) com.gm.android.gmauthmanagerservice expire 10 lines
04-18 23:03:22.629  2915  4340 I chatty  : uid=1000(system) Binder_3 expire 1 line
04-18 23:03:22.635  2915 14961 I chatty  : uid=1000(system) Binder_5 expire 1 line
04-18 23:03:22.819  2655  3304 I chatty  : uid=1000(system) Binder_6 expire 2 lines
04-18 23:03:23.130  2915  4509 I chatty  : uid=1000(system) Binder_4 expire 1 line
04-18 23:03:23.404  3085   789 I chatty  : uid=1000(system) com.gm.android.gmauthmanagerservice expire 9 lines
04-18 23:03:23.410  3085   790 I chatty  : uid=1000(system) com.gm.android.gmauthmanagerservice expire 10 lines
04-18 23:03:23.419  3085   792 I chatty  : uid=1000(system) com.gm.android.gmauthmanagerservice expire 10 lines
04-18 23:03:23.423  3085   793 I chatty  : uid=1000(system) com.gm.android.gmauthmanagerservice expire 9 lines
04-18 23:03:23.455  3085   795 I chatty  : uid=1000(system) com.gm.android.gmauthmanagerservice expire 10 lines
04-18 23:03:23.466  3085   796 I chatty  : uid=1000(system) com.gm.android.gmauthmanagerservice expire 10 lines
04-18 23:03:23.584  2655  2725 I chatty  : uid=1000(system) ActivityManager expire 3 lines
04-18 23:03:23.726  2655  2760 I chatty  : uid=1000(system) android.display expire 8 lines
04-18 23:03:23.750  2655  4097 I chatty  : uid=1000(system) Binder_D expire 6 lines
04-18 23:03:23.752  2655  2690 I chatty  : uid=1000(system) Binder_3 expire 14 lines
04-18 23:03:23.755  2655  3051 I chatty  : uid=1000(system) Binder_5 expire 8 lines
04-18 23:03:23.756  2655  3770 I chatty  : uid=1000(system) Binder_B expire 13 lines
04-18 23:03:23.874  2655  3802 I chatty  : uid=1000(system) Binder_C expire 8 lines
04-18 23:03:23.991  2655  2666 I chatty  : uid=1000(system) Binder_1 expire 8 lines
04-18 23:03:23.991  2655  2667 I chatty  : uid=1000(system) Binder_2 expire 4 lines
04-18 23:03:24.031  2655  2942 I chatty  : uid=1000(system) Binder_4 expire 8 lines
04-18 23:03:24.212  2655  4156 I chatty  : uid=1000(system) Binder_F expire 14 lines
04-18 23:03:24.340  2655  3327 I chatty  : uid=1000(system) Binder_8 expire 8 lines
04-18 23:03:24.443  2655  3694 I chatty  : uid=1000(system) Binder_A expire 3 lines
04-18 23:03:24.443  2655  3349 I chatty  : uid=1000(system) Binder_9 expire 8 lines
04-18 23:03:24.455  2655  4171 I chatty  : uid=1000(system) Binder_10 expire 4 lines
04-18 23:03:24.579  2655  3304 I chatty  : uid=1000(system) Binder_6 expire 3 lines
04-18 23:03:24.686  2655  3321 I chatty  : uid=1000(system) Binder_7 expire 2 lines
04-18 23:03:26.008 15518 15518 I chatty  : uid=1000(system) com.android.dialer expire 1 line
04-18 23:03:26.038  2655  4150 I chatty  : uid=1000(system) Binder_E expire 2 lines
04-18 23:03:26.048  3085  3149 I chatty  : uid=1000(system) Thread-55 expire 33 lines
04-18 23:03:26.050  3085   879 I chatty  : uid=1000(system) com.gm.android.gmauthmanagerservice expire 9 lines
04-18 23:03:26.056  3085   880 I chatty  : uid=1000(system) com.gm.android.gmauthmanagerservice expire 10 lines
04-18 23:03:26.066  3085   881 I chatty  : uid=1000(system) com.gm.android.gmauthmanagerservice expire 10 lines
04-18 23:03:26.071  3085   882 I chatty  : uid=1000(system) com.gm.android.gmauthmanagerservice expire 9 lines
04-18 23:03:26.082  3085   883 I chatty  : uid=1000(system) com.gm.android.gmauthmanagerservice expire 10 lines
04-18 23:03:26.087  3085   884 I chatty  : uid=1000(system) com.gm.android.gmauthmanagerservice expire 10 lines
04-18 23:03:26.376  4232  4271 V OnStarCommands: onTTYStateStatus
04-18 23:03:26.615  4232 22319 V OnStarCommands: onCellNetStatus: OnStarCellNetStatus [myNumber=16195818012, minutesRemaining=0, minutesUsed=0, minutesExpiration=01/01/1980, dataRemaining=0, dataUsed=0, dataExpiration=0, hasMyNumber=true, hasOnStarMinutesUsed=true, hasOnStarMinutesRemaining=true, hasOnStarMinutesExpiration=true, hasOnStarDataUsed=true, hasOnStarDataRemaining=true, hasOnStarDataExpiration=true]
04-18 23:03:26.615  4232  4232 D OnStarPhone: subscriberNumber is 16195818012
04-18 23:03:26.622  2915  2938 I chatty  : uid=1000(system) Binder_1 expire 2 lines
04-18 23:03:26.635  4232  4842 V OnStarCommands: onTTYModeStatus
04-18 23:03:26.660  4232  4711 V OnStarCommands: onTTYModeStatus
04-18 23:03:26.770  3085   909 I chatty  : uid=1000(system) com.gm.android.gmauthmanagerservice expire 9 lines
04-18 23:03:26.779  3085   910 I chatty  : uid=1000(system) com.gm.android.gmauthmanagerservice expire 10 lines
04-18 23:03:26.793  3085   911 I chatty  : uid=1000(system) com.gm.android.gmauthmanagerservice expire 10 lines
04-18 23:03:26.799  3085   912 I chatty  : uid=1000(system) com.gm.android.gmauthmanagerservice expire 9 lines
04-18 23:03:26.806  3085   913 I chatty  : uid=1000(system) com.gm.android.gmauthmanagerservice expire 10 lines
04-18 23:03:26.807  3085  3149 I chatty  : uid=1000(system) Thread-55 expire 39 lines
04-18 23:03:26.809  3085   914 I chatty  : uid=1000(system) com.gm.android.gmauthmanagerservice expire 10 lines
04-18 23:03:26.821  2655  3770 I chatty  : uid=1000(system) Binder_B expire 5 lines
04-18 23:03:26.822  2655  3694 I chatty  : uid=1000(system) Binder_A expire 5 lines
04-18 23:03:26.928  2655  3349 I chatty  : uid=1000(system) Binder_9 expire 11 lines
04-18 23:03:26.928  2655  4156 I chatty  : uid=1000(system) Binder_F expire 7 lines
04-18 23:03:26.991  2655  2760 I chatty  : uid=1000(system) android.display expire 4 lines
04-18 23:03:27.019  2655  3304 I chatty  : uid=1000(system) Binder_6 expire 7 lines
04-18 23:03:27.124  2655  3802 I chatty  : uid=1000(system) Binder_C expire 1 line
04-18 23:03:27.125  2655  2666 I chatty  : uid=1000(system) Binder_1 expire 10 lines
04-18 23:03:27.260  2655  4171 I chatty  : uid=1000(system) Binder_10 expire 8 lines
04-18 23:03:27.363  2655  2690 I chatty  : uid=1000(system) Binder_3 expire 2 lines
04-18 23:03:27.375  2655  3321 I chatty  : uid=1000(system) Binder_7 expire 4 lines
04-18 23:03:27.376  2655  4097 I chatty  : uid=1000(system) Binder_D expire 7 lines
04-18 23:03:27.488  3085   920 I chatty  : uid=1000(system) com.gm.android.gmauthmanagerservice expire 9 lines
04-18 23:03:27.498  3085   921 I chatty  : uid=1000(system) com.gm.android.gmauthmanagerservice expire 10 lines
04-18 23:03:27.509  3085   922 I chatty  : uid=1000(system) com.gm.android.gmauthmanagerservice expire 10 lines
04-18 23:03:27.516  3085   923 I chatty  : uid=1000(system) com.gm.android.gmauthmanagerservice expire 9 lines
04-18 23:03:27.524  3085   924 I chatty  : uid=1000(system) com.gm.android.gmauthmanagerservice expire 10 lines
04-18 23:03:27.534  3085   925 I chatty  : uid=1000(system) com.gm.android.gmauthmanagerservice expire 10 lines
04-18 23:03:27.588  2655  2725 I chatty  : uid=1000(system) ActivityManager expire 2 lines
04-18 23:03:27.719  2655  3327 I chatty  : uid=1000(system) Binder_8 expire 5 lines
04-18 23:03:28.062  2655  4150 I chatty  : uid=1000(system) Binder_E expire 5 lines
04-18 23:03:28.170  2655  3051 I chatty  : uid=1000(system) Binder_5 expire 4 lines
04-18 23:03:28.349  2569  2626 I VAS/ExternalAmpIface: mutex_sink_mute_state_callback() entry
04-18 23:03:28.355  2569  2626 I VAS/ExternalAmpIface: mutex_sink_mute_state_callback() Mute status 1
04-18 23:03:28.355  2569  2626 I VAS/AudioCtrlSvcImpl: setMuteRampFinish() entry
04-18 23:03:28.394  2655  2667 I chatty  : uid=1000(system) Binder_2 expire 3 lines
04-18 23:03:28.744  2655  2942 I chatty  : uid=1000(system) Binder_4 expire 2 lines
04-18 23:03:28.942  2569  2626 I VAS/ExternalAmpIface: phase_locked_loop_state_callback() PLL status: 0
04-18 23:03:29.143  2569  2626 I VAS/ExternalAmpIface: phase_locked_loop_state_callback() PLL status: 1
04-18 23:03:29.143  2569  2626 I VAS/ExternalAmpIface: update() attrName MtxSnkMut, rawValue 1.00
04-18 23:03:29.145  2569  2626 I VAS/ExternalAmpIface: update() attrName MtxSnkLvl, rawValue -23.00
04-18 23:03:29.145  2569  2626 I VAS/ExternalAmpIface: update() attrName MtxSnkBal, rawValue 0.00
04-18 23:03:29.145  2569  2626 I VAS/ExternalAmpIface: update() attrName MtxSnkFd, rawValue 12.00
04-18 23:03:29.145  2569  2626 I VAS/ExternalAmpIface: update() attrName MtxSnkBass, rawValue 0.00
04-18 23:03:29.145  2569  2626 I VAS/ExternalAmpIface: update() attrName MtxSnkTrbl, rawValue 0.00
04-18 23:03:29.145  2569  2626 I VAS/ExternalAmpIface: update() attrName MtxSnkMdrng, rawValue 0.00
04-18 23:03:29.145  2569  2626 I VAS/ExternalAmpIface: update() attrName MxPrmtSnkLvl, rawValue -40.50
04-18 23:03:29.145  2569  2626 I VAS/ExternalAmpIface: update() attrName AudFdbkSnkLvl, rawValue -6.00
04-18 23:03:29.145  2569  2626 I VAS/ExternalAmpIface: update() attrName ChimSnkLvl, rawValue -35.00
04-18 23:03:29.145  2569  2626 I VAS/ExternalAmpIface: update() attrName VcSrcActOnMtx, rawValue 1.00
04-18 23:03:29.145  2569  2626 I VAS/ExternalAmpIface: update() attrName AutoLdnsCmpnAct, rawValue 1.00
04-18 23:03:29.145  2569  2626 I VAS/ExternalAmpIface: update() attrName MtxSnkMutRmpTm, rawValue 10.00
04-18 23:03:29.145  2569  2626 I VAS/ExternalAmpIface: update() attrName MtxSnkMut, rawValue 0.00
04-18 23:03:29.150  3085   997 I chatty  : uid=1000(system) com.gm.android.gmauthmanagerservice expire 9 lines
04-18 23:03:29.154  3085   998 I chatty  : uid=1000(system) com.gm.android.gmauthmanagerservice expire 10 lines
04-18 23:03:29.164  3085   999 I chatty  : uid=1000(system) com.gm.android.gmauthmanagerservice expire 10 lines
04-18 23:03:29.177  3085  1000 I chatty  : uid=1000(system) com.gm.android.gmauthmanagerservice expire 9 lines
04-18 23:03:29.183  3085  1001 I chatty  : uid=1000(system) com.gm.android.gmauthmanagerservice expire 10 lines
04-18 23:03:29.186  3085  1002 I chatty  : uid=1000(system) com.gm.android.gmauthmanagerservice expire 10 lines
04-18 23:03:29.230  2569  2627 I VAS/ExternalAmpIface: mutex_sink_mute_state_callback() entry
04-18 23:03:29.230  2569  2627 I VAS/ExternalAmpIface: mutex_sink_mute_state_callback() Mute status 0
04-18 23:03:29.230  2569  2627 I VAS/AudioCtrlSvcImpl: setMuteRampFinish() entry
04-18 23:03:29.237  2655  4097 I chatty  : uid=1000(system) Binder_D expire 12 lines
04-18 23:03:29.292  2655  3321 I chatty  : uid=1000(system) Binder_7 expire 7 lines
04-18 23:03:29.294  2655  3770 I chatty  : uid=1000(system) Binder_B expire 10 lines
04-18 23:03:29.398  2655  2690 I chatty  : uid=1000(system) Binder_3 expire 8 lines
04-18 23:03:29.398  2655  2667 I chatty  : uid=1000(system) Binder_2 expire 11 lines
04-18 23:03:29.506  2655  2666 I chatty  : uid=1000(system) Binder_1 expire 7 lines
04-18 23:03:29.507  2655  3327 I chatty  : uid=1000(system) Binder_8 expire 12 lines
04-18 23:03:29.612  2655  2942 I chatty  : uid=1000(system) Binder_4 expire 10 lines
04-18 23:03:29.612  2655  3051 I chatty  : uid=1000(system) Binder_5 expire 6 lines
04-18 23:03:29.730  2655  3694 I chatty  : uid=1000(system) Binder_A expire 13 lines
04-18 23:03:29.831  2655  4171 I chatty  : uid=1000(system) Binder_10 expire 4 lines
04-18 23:03:29.839  2655  2760 I chatty  : uid=1000(system) android.display expire 10 lines
04-18 23:03:29.840  2655  3304 I chatty  : uid=1000(system) Binder_6 expire 3 lines
04-18 23:03:29.859  3085  3149 I chatty  : uid=1000(system) Thread-55 expire 24 lines
04-18 23:03:29.860  3085  1010 I chatty  : uid=1000(system) com.gm.android.gmauthmanagerservice expire 9 lines
04-18 23:03:29.874  3085  1011 I chatty  : uid=1000(system) com.gm.android.gmauthmanagerservice expire 10 lines
04-18 23:03:29.887  3085  1012 I chatty  : uid=1000(system) com.gm.android.gmauthmanagerservice expire 10 lines
04-18 23:03:29.928  3085  1013 I chatty  : uid=1000(system) com.gm.android.gmauthmanagerservice expire 9 lines
04-18 23:03:29.962  3085  1014 I chatty  : uid=1000(system) com.gm.android.gmauthmanagerservice expire 10 lines
04-18 23:03:29.967  3085  1015 I chatty  : uid=1000(system) com.gm.android.gmauthmanagerservice expire 10 lines
04-18 23:03:30.103  2655  4150 I chatty  : uid=1000(system) Binder_E expire 6 lines
04-18 23:03:30.218  2886  3103 I chatty  : uid=1000(system) TcpInternetMana expire 3 lines
04-18 23:03:30.251  2655  2725 I chatty  : uid=1000(system) ActivityManager expire 2 lines
04-18 23:03:30.443  2655  3349 I chatty  : uid=1000(system) Binder_9 expire 8 lines
04-18 23:03:31.228 29187 29187 W StatusBarManager: enter dropFocus in StatusBarManager
04-18 23:03:31.312  2655  2966 I chatty  : uid=1000(system) WifiStateMachin expire 1 line
04-18 23:03:31.519  2655  3802 I chatty  : uid=1000(system) Binder_C expire 8 lines
04-18 23:03:32.120  2655  4156 I chatty  : uid=1000(system) Binder_F expire 2 lines
04-18 23:03:32.694 29187 29187 W StatusBarManager: enter dropFocus in StatusBarManager
04-18 23:03:33.076  3085  1095 I chatty  : uid=1000(system) com.gm.android.gmauthmanagerservice expire 9 lines
04-18 23:03:33.232  3085  1099 I chatty  : uid=1000(system) com.gm.android.gmauthmanagerservice expire 10 lines
04-18 23:03:33.354  3085  3149 I chatty  : uid=1000(system) Thread-55 expire 30 lines
04-18 23:03:33.356  3085  1102 I chatty  : uid=1000(system) com.gm.android.gmauthmanagerservice expire 10 lines
04-18 23:03:33.407  2655  2667 I chatty  : uid=1000(system) Binder_2 expire 6 lines
04-18 23:03:33.412  3085  1103 I chatty  : uid=1000(system) com.gm.android.gmauthmanagerservice expire 9 lines
04-18 23:03:33.476  2655  3304 I chatty  : uid=1000(system) Binder_6 expire 8 lines
04-18 23:03:33.523  2655  4156 I chatty  : uid=1000(system) Binder_F expire 9 lines
04-18 23:03:33.526  2655  2760 I chatty  : uid=1000(system) android.display expire 10 lines
04-18 23:03:33.547  3085  1106 I chatty  : uid=1000(system) com.gm.android.gmauthmanagerservice expire 10 lines
04-18 23:03:33.586  3085  1108 I chatty  : uid=1000(system) com.gm.android.gmauthmanagerservice expire 10 lines
04-18 23:03:33.719  2655  4171 I chatty  : uid=1000(system) Binder_10 expire 6 lines
04-18 23:03:33.719  2655  4150 I chatty  : uid=1000(system) Binder_E expire 13 lines
04-18 23:03:33.864  2655  3694 I chatty  : uid=1000(system) Binder_A expire 9 lines
04-18 23:03:34.019  2655  2725 I chatty  : uid=1000(system) ActivityManager expire 3 lines
04-18 23:03:34.135  2655  3051 I chatty  : uid=1000(system) Binder_5 expire 5 lines
04-18 23:03:34.281  2655  2942 I chatty  : uid=1000(system) Binder_4 expire 9 lines
04-18 23:03:34.319  2655  2690 I chatty  : uid=1000(system) Binder_3 expire 5 lines
04-18 23:03:34.323  2655  2666 I chatty  : uid=1000(system) Binder_1 expire 5 lines
04-18 23:03:34.642  2655  3349 I chatty  : uid=1000(system) Binder_9 expire 7 lines
04-18 23:03:34.696  2655  3327 I chatty  : uid=1000(system) Binder_8 expire 3 lines
04-18 23:03:34.733  2655  3321 I chatty  : uid=1000(system) Binder_7 expire 7 lines
04-18 23:03:34.765  3903  3903 I chatty  : uid=1000(system) com.gm.camera expire 4 lines
04-18 23:03:34.766  2655  3802 I chatty  : uid=1000(system) Binder_C expire 8 lines
04-18 23:03:34.776  2655  3770 I chatty  : uid=1000(system) Binder_B expire 6 lines
04-18 23:03:34.793 29187 29187 W StatusBarManager: enter dropFocus in StatusBarManager
04-18 23:03:34.982  2655  2726 I chatty  : uid=1000(system) android.ui expire 1 line
04-18 23:03:35.066  2655  4097 I chatty  : uid=1000(system) Binder_D expire 3 lines
04-18 23:03:36.299  3085  1192 I chatty  : uid=1000(system) com.gm.android.gmauthmanagerservice expire 9 lines
04-18 23:03:36.342  3085  1193 I chatty  : uid=1000(system) com.gm.android.gmauthmanagerservice expire 10 lines
04-18 23:03:36.370  3085  1202 I chatty  : uid=1000(system) com.gm.android.gmauthmanagerservice expire 10 lines
04-18 23:03:36.383  3085  1203 I chatty  : uid=1000(system) com.gm.android.gmauthmanagerservice expire 9 lines
04-18 23:03:36.402  3085  1204 I chatty  : uid=1000(system) com.gm.android.gmauthmanagerservice expire 10 lines
04-18 23:03:36.411  3085  1205 I chatty  : uid=1000(system) com.gm.android.gmauthmanagerservice expire 10 lines
04-18 23:03:36.792  2655  4097 I chatty  : uid=1000(system) Binder_D expire 6 lines
04-18 23:03:36.810  2655  2666 I chatty  : uid=1000(system) Binder_1 expire 2 lines
04-18 23:03:36.818  2655  3802 I chatty  : uid=1000(system) Binder_C expire 8 lines
04-18 23:03:36.922  2655  3321 I chatty  : uid=1000(system) Binder_7 expire 6 lines
04-18 23:03:37.036  2655  2667 I chatty  : uid=1000(system) Binder_2 expire 7 lines
04-18 23:03:37.037  2655  4150 I chatty  : uid=1000(system) Binder_E expire 6 lines
04-18 23:03:37.140  2655  4156 I chatty  : uid=1000(system) Binder_F expire 3 lines
04-18 23:03:37.173  3085  3149 I chatty  : uid=1000(system) Thread-55 expire 36 lines
04-18 23:03:37.175  3085  1213 I chatty  : uid=1000(system) com.gm.android.gmauthmanagerservice expire 9 lines
04-18 23:03:37.192  3085  1214 I chatty  : uid=1000(system) com.gm.android.gmauthmanagerservice expire 10 lines
04-18 23:03:37.203  3085  1215 I chatty  : uid=1000(system) com.gm.android.gmauthmanagerservice expire 10 lines
04-18 23:03:37.211  3085  1216 I chatty  : uid=1000(system) com.gm.android.gmauthmanagerservice expire 9 lines
04-18 23:03:37.219  3085  1217 I chatty  : uid=1000(system) com.gm.android.gmauthmanagerservice expire 10 lines
04-18 23:03:37.223  3085  1218 I chatty  : uid=1000(system) com.gm.android.gmauthmanagerservice expire 10 lines
04-18 23:03:37.260  2655  2760 I chatty  : uid=1000(system) android.display expire 15 lines
04-18 23:03:37.261  2655  3051 I chatty  : uid=1000(system) Binder_5 expire 6 lines
04-18 23:03:37.508  2655  3694 I chatty  : uid=1000(system) Binder_A expire 3 lines
04-18 23:03:37.522  2655  2690 I chatty  : uid=1000(system) Binder_3 expire 3 lines
04-18 23:03:37.528  2655  2942 I chatty  : uid=1000(system) Binder_4 expire 8 lines
04-18 23:03:37.636  2655  3349 I chatty  : uid=1000(system) Binder_9 expire 7 lines
04-18 23:03:37.689  2655  2725 I chatty  : uid=1000(system) ActivityManager expire 2 lines
04-18 23:03:37.849  2655  4171 I chatty  : uid=1000(system) Binder_10 expire 9 lines
04-18 23:03:37.860  2655  3327 I chatty  : uid=1000(system) Binder_8 expire 4 lines
04-18 23:03:37.981  2655  3304 I chatty  : uid=1000(system) Binder_6 expire 5 lines
04-18 23:03:37.995  3085  1246 I chatty  : uid=1000(system) com.gm.android.gmauthmanagerservice expire 9 lines
04-18 23:03:38.067  3085  1251 I chatty  : uid=1000(system) com.gm.android.gmauthmanagerservice expire 10 lines
04-18 23:03:38.095  3085  1252 I chatty  : uid=1000(system) com.gm.android.gmauthmanagerservice expire 10 lines
04-18 23:03:38.115  3085  1253 I chatty  : uid=1000(system) com.gm.android.gmauthmanagerservice expire 9 lines
04-18 23:03:38.128  3085  1254 I chatty  : uid=1000(system) com.gm.android.gmauthmanagerservice expire 10 lines
04-18 23:03:38.134  3085  1255 I chatty  : uid=1000(system) com.gm.android.gmauthmanagerservice expire 10 lines
04-18 23:03:38.259 21885 21885 I chatty  : uid=1000(system) com.android.server.telecom:ui expire 1 line
04-18 23:03:39.083  2655  3770 I chatty  : uid=1000(system) Binder_B expire 6 lines
04-18 23:03:39.198  2655  4156 I chatty  : uid=1000(system) Binder_F expire 2 lines
04-18 23:03:39.201  2655  3304 I chatty  : uid=1000(system) Binder_6 expire 5 lines
04-18 23:03:39.301  2655  4150 I chatty  : uid=1000(system) Binder_E expire 4 lines
04-18 23:03:39.303  2655  3051 I chatty  : uid=1000(system) Binder_5 expire 4 lines
04-18 23:03:39.322  3085  3149 I chatty  : uid=1000(system) Thread-55 expire 45 lines
04-18 23:03:39.323  3085  1284 I chatty  : uid=1000(system) com.gm.android.gmauthmanagerservice expire 9 lines
04-18 23:03:39.330  3085  1285 I chatty  : uid=1000(system) com.gm.android.gmauthmanagerservice expire 10 lines
04-18 23:03:39.338  3085  1286 I chatty  : uid=1000(system) com.gm.android.gmauthmanagerservice expire 10 lines
04-18 23:03:39.347  3085  1287 I chatty  : uid=1000(system) com.gm.android.gmauthmanagerservice expire 9 lines
04-18 23:03:39.359  3085  1288 I chatty  : uid=1000(system) com.gm.android.gmauthmanagerservice expire 10 lines
04-18 23:03:39.363  3085  1289 I chatty  : uid=1000(system) com.gm.android.gmauthmanagerservice expire 10 lines
04-18 23:03:39.407  2655  3349 I chatty  : uid=1000(system) Binder_9 expire 8 lines
04-18 23:03:39.408  2655  4171 I chatty  : uid=1000(system) Binder_10 expire 2 lines
04-18 23:03:39.512  2655  3802 I chatty  : uid=1000(system) Binder_C expire 3 lines
04-18 23:03:39.530  2655  3321 I chatty  : uid=1000(system) Binder_7 expire 1 line
04-18 23:03:39.633  2655  4097 I chatty  : uid=1000(system) Binder_D expire 4 lines
04-18 23:03:39.739  2655  3327 I chatty  : uid=1000(system) Binder_8 expire 2 lines
04-18 23:03:39.741  2655  2667 I chatty  : uid=1000(system) Binder_2 expire 2 lines
04-18 23:03:39.857  2655  3694 I chatty  : uid=1000(system) Binder_A expire 1 line
04-18 23:03:39.859  2655  2690 I chatty  : uid=1000(system) Binder_3 expire 2 lines
04-18 23:03:39.964  2655  2666 I chatty  : uid=1000(system) Binder_1 expire 6 lines
04-18 23:03:40.003  3085  1295 I chatty  : uid=1000(system) com.gm.android.gmauthmanagerservice expire 9 lines
04-18 23:03:40.010  3085  1296 I chatty  : uid=1000(system) com.gm.android.gmauthmanagerservice expire 10 lines
