04-21 12:49:19.084  2395  2542 D pulseaudio: [alsa-sink-csm_rsi] sink.c: Found underrun 3072 bytes ago (1536 bytes ahead in playback buffer)
04-21 12:49:19.084  2395  2541 D pulseaudio: [alsa-sink-csm_amp] sink.c: Found underrun 4608 bytes ago (2304 bytes ahead in playback buffer)
04-21 12:49:19.084  2395  2541 D pulseaudio: [alsa-sink-csm_amp] sink.c: Found underrun 4608 bytes ago (2304 bytes ahead in playback buffer)
04-21 12:49:19.084  2395  2542 D pulseaudio: [alsa-sink-csm_rsi] sink.c: Found underrun 3072 bytes ago (1536 bytes ahead in playback buffer)
04-21 12:49:19.084  2395  2541 D pulseaudio: [alsa-sink-csm_amp] sink.c: Found underrun 4608 bytes ago (2304 bytes ahead in playback buffer)
04-21 12:49:19.084  2395  2542 D pulseaudio: [alsa-sink-csm_rsi] sink.c: Found underrun 3072 bytes ago (1536 bytes ahead in playback buffer)
04-21 12:49:19.084  2395  2541 D pulseaudio: [alsa-sink-csm_amp] sink.c: Found underrun 4608 bytes ago (2304 bytes ahead in playback buffer)
04-21 12:49:19.085  2544  2544 D HarmanHal: open: snd_pcm_open --> ok. dev = 8192, mPcmHandle = 0x0xf516c580
04-21 12:49:19.085  2544  2544 D HarmanHal: set: channel = 3, format = 1, rate = 48000
04-21 12:49:19.085  2544  2544 D HarmanHal: set: channel_mask = 3, format = 1, dstChannel = 2
04-21 12:49:19.085  2544  2544 I AudioFlinger: AudioStreamOut::open(), mHalFormatIsLinearPcm = 1
04-21 12:49:19.085  2544  2544 D HarmanHal: getFormat: format = 1
04-21 12:49:19.086  2544  2544 D HarmanHal: getChannels: channel mask = 3
04-21 12:49:19.086  2544  2544 D HarmanHal: getSampleRate: rate = 48000
04-21 12:49:19.086  2544  2544 D HarmanHal: getChannels: channel mask = 3
04-21 12:49:19.086  2544  2544 D HarmanHal: getFormat: format = 1
04-21 12:49:19.086  2544  2544 D HarmanHal: getFormat: format = 1
04-21 12:49:19.086  2544  2544 I AudioFlinger: HAL output buffer size 384 frames, normal sink buffer size 768 frames
04-21 12:49:19.086  2544  2544 D HarmanHal: getFormat: format = 1
04-21 12:49:19.086  2544  2544 D HarmanHal: getSampleRate: rate = 48000
04-21 12:49:19.086  2544  2544 D HarmanHal: getChannels: channel mask = 3
04-21 12:49:19.088  2544  2635 I AudioFlinger: AudioFlinger's thread 0xee340000 ready to run
04-21 12:49:19.088  2544  2635 D HarmanHal: createAudioPatch: sourcesCount=1, source type =2
04-21 12:49:19.088  2544  2635 D HarmanHal: createAudioPatch: sinksCount=1, sink type =1
04-21 12:49:19.088  2544  2635 W HarmanHal: standby: -->setStandby(true)
04-21 12:49:19.088  2544  2635 D HarmanHal: StreamOut::setStandby() isSet = 1, isActive = 1, dev = 8192
04-21 12:49:19.088  2544  2635 D HarmanHal: PcmWrapper::close: device = 8192
04-21 12:49:19.088  2544  2635 E ALSALIB : snd_pcm_drain() entry... draining pcm pcmMutexRsi1_p
04-21 12:49:19.090  2395  2472 D pulseaudio: [combine] sink-input.c: Requesting rewind due to corking
04-21 12:49:19.090  2395  2395 D pulseaudio: [pulseaudio] module-suspend-on-idle.c: Sink combined becomes idle, timeout in 10 seconds.
04-21 12:49:19.091  2544  2635 E ALSALIB : snd_pcm_drain(): pcm pcmMutexRsi1_p drain done, ret=0
04-21 12:49:19.091  2544  2635 E ALSALIB : snd_pcm_close() entry... closing pcmMutexRsi1_p
04-21 12:49:19.091  2544  2635 E ALSALIB : snd_pcm_drop() entry... dropping pcm pcmMutexRsi1_p
04-21 12:49:19.092  2544  2635 E ALSALIB : snd_pcm_drop(): pcm pcmMutexRsi1_p drop done, ret=0
04-21 12:49:19.093  2395  2542 D pulseaudio: [alsa-sink-csm_rsi] sink.c: Found underrun 1536 bytes ago (3072 bytes ahead in playback buffer)
04-21 12:49:19.093  2395  2541 D pulseaudio: [alsa-sink-csm_amp] sink.c: Found underrun 2304 bytes ago (4608 bytes ahead in playback buffer)
04-21 12:49:19.093  2395  2472 D pulseaudio: [combine] module-combine-sink.c: Sink update requested latency 12.00
04-21 12:49:19.093  2395  2541 D pulseaudio: [alsa-sink-csm_amp] sink.c: Found underrun 2304 bytes ago (4608 bytes ahead in playback buffer)
04-21 12:49:19.093  2395  2541 D pulseaudio: [alsa-sink-csm_amp] sink.c: Found underrun 2304 bytes ago (4608 bytes ahead in playback buffer)
04-21 12:49:19.093  2395  2542 D pulseaudio: [alsa-sink-csm_rsi] sink.c: Found underrun 1536 bytes ago (3072 bytes ahead in playback buffer)
04-21 12:49:19.093  2395  2395 D pulseaudio: [pulseaudio] module-suspend-on-idle.c: Sink combined becomes idle, timeout in 10 seconds.
04-21 12:49:19.093  2395  2460 D pulseaudio: [alsa-sink-Dirana Pb (*)] sink.c: Found underrun 2048 bytes ago (7168 bytes ahead in playback buffer)
04-21 12:49:19.093  2395  2542 D pulseaudio: [alsa-sink-csm_rsi] sink.c: Found underrun 1536 bytes ago (3072 bytes ahead in playback buffer)
04-21 12:49:19.093  2395  2395 I pulseaudio: [pulseaudio] sink-input.c: Freeing input 7 "ALSA Playback:pcmMutexRsi1_p"
04-21 12:49:19.093  2395  2395 I pulseaudio: [pulseaudio] client.c: Freed 5 "ALSA plug-in [mediaserver]"
04-21 12:49:19.093  2395  2395 I pulseaudio: [pulseaudio] protocol-native.c: Connection terminated.
04-21 12:49:19.093  2544  2635 E ALSALIB : snd_pcm_close() pcmMutexRsi1_p closed, ret=0
04-21 12:49:19.094  2544  2544 I AudioFlinger: openOutput(), module 1 Device 1000000, SamplingRate 48000, Format 0x000001, Channels 3, flags 0
04-21 12:49:19.094  2544  2544 D HarmanHal: openOutputStream: handle=12, flags=0, devices: 0x1000000
04-21 12:49:19.094  2544  2544 E HarmanHal: openOutputStream: flags = 0x2
04-21 12:49:19.094  2544  2544 D HarmanHal: openPcmOut: new PcmWrapper, dev = 16384
04-21 12:49:19.094  2544  2544 E HarmanHal: open: flag = 2, device = 16384
04-21 12:49:19.094  2544  2544 E ALSALIB : snd_pcm_open(): opening PCM name: pcmMutexRsi2_p
04-21 12:49:19.095  2395  2395 I pulseaudio: [pulseaudio] client.c: Created 6 "Native client (UNIX socket client)"
04-21 12:49:19.096  2395  2395 D pulseaudio: [pulseaudio] protocol-native.c: Protocol version: remote 30, local 30
04-21 12:49:19.096  2395  2395 I pulseaudio: [pulseaudio] protocol-native.c: Got credentials: uid=1013 gid=1005 success=1
04-21 12:49:19.096  2395  2395 D pulseaudio: [pulseaudio] protocol-native.c: SHM possible: no
04-21 12:49:19.096  2395  2395 D pulseaudio: [pulseaudio] protocol-native.c: Negotiated SHM: no
04-21 12:49:19.096  2395  2395 D pulseaudio: [pulseaudio] protocol-native.c: Disabling srbchannel, reason: Must be enabled by module parameter
04-21 12:49:19.097  2395  2542 D pulseaudio: [alsa-sink-csm_rsi] sink.c: Found underrun 3072 bytes ago (1536 bytes ahead in playback buffer)
04-21 12:49:19.097  2395  2541 D pulseaudio: [alsa-sink-csm_amp] sink.c: Found underrun 4608 bytes ago (2304 bytes ahead in playback buffer)
04-21 12:49:19.098  2395  2460 D pulseaudio: [alsa-sink-Dirana Pb (*)] sink.c: Found underrun 6144 bytes ago (3072 bytes ahead in playback buffer)
04-21 12:49:19.098  2544  2544 E ALSALIB : snd_pcm_open() open pcmMutexRsi2_p done, ret=0
04-21 12:49:19.098  2544  2544 D HarmanHal: PcmWrapper::openPort: port = pcmMutexRsi2_p, pcmHandle = 0x0xf516c800
04-21 12:49:19.099  2395  2395 D pulseaudio: [pulseaudio] sink-input.c: Negotiated format: pcm, format.sample_format = "\"s16le\""  format.rate = "48000"  format.channels = "2"  format.channel_map = "\"aux0,aux1\""
04-21 12:49:19.099  2395  2395 I pulseaudio: [pulseaudio] sink-input.c: Trying to change sample rate
04-21 12:49:19.099  2395  2395 I pulseaudio: [pulseaudio] sink-input.c: Rate changed to 48000 Hz
04-21 12:49:19.099  2395  2395 D pulseaudio: [pulseaudio] module-suspend-on-idle.c: Sink combined becomes busy, resuming.
04-21 12:49:19.099  2395  2395 D pulseaudio: [pulseaudio] module-suspend-on-idle.c: Sink combined becomes idle, timeout in 10 seconds.
04-21 12:49:19.099  2395  2395 I pulseaudio: [pulseaudio] resampler.c: Forcing resampler 'copy', because of fixed, identical sample rates.
04-21 12:49:19.099  2395  2395 D pulseaudio: [pulseaudio] resampler.c: Resampler:
04-21 12:49:19.099  2395  2395 D pulseaudio: [pulseaudio] resampler.c:   rate 48000 -> 48000 (method copy)
04-21 12:49:19.099  2395  2395 D pulseaudio: [pulseaudio] resampler.c:   format s16le -> s16le (intermediate s16le)
04-21 12:49:19.099  2395  2395 D pulseaudio: [pulseaudio] resampler.c:   channels 2 -> 8 (resampling 2)
04-21 12:49:19.100  2395  2395 D pulseaudio: [pulseaudio] resampler.c: Channel matrix:
04-21 12:49:19.100  2395  2395 D pulseaudio: [pulseaudio] resampler.c:        I00   I01 
04-21 12:49:19.100  2395  2395 D pulseaudio: [pulseaudio] resampler.c:     +------------
04-21 12:49:19.100  2395  2395 D pulseaudio: [pulseaudio] resampler.c: O00 | 1.000 0.000
04-21 12:49:19.100  2395  2395 D pulseaudio: [pulseaudio] resampler.c: O01 | 0.000 1.000
04-21 12:49:19.100  2395  2395 D pulseaudio: [pulseaudio] resampler.c: O02 | 0.000 0.000
04-21 12:49:19.100  2395  2395 D pulseaudio: [pulseaudio] resampler.c: O03 | 0.000 0.000
04-21 12:49:19.100  2395  2395 D pulseaudio: [pulseaudio] resampler.c: O04 | 0.000 0.000
04-21 12:49:19.100  2395  2395 D pulseaudio: [pulseaudio] resampler.c: O05 | 0.000 0.000
04-21 12:49:19.100  2395  2395 D pulseaudio: [pulseaudio] resampler.c: O06 | 0.000 0.000
04-21 12:49:19.100  2395  2395 D pulseaudio: [pulseaudio] resampler.c: O07 | 0.000 0.000
04-21 12:49:19.100  2395  2395 I pulseaudio: [pulseaudio] remap.c: Using generic matrix remapping
04-21 12:49:19.100  2395  2395 D pulseaudio: [pulseaudio] memblockq.c: memblockq requested: maxlength=33554432, tlength=0, base=16, prebuf=0, minreq=1 maxrewind=0
04-21 12:49:19.100  2395  2395 D pulseaudio: [pulseaudio] memblockq.c: memblockq sanitized: maxlength=33554432, tlength=33554432, base=16, prebuf=0, minreq=16 maxrewind=0
04-21 12:49:19.100  2395  2395 I pulseaudio: [pulseaudio] sink-input.c: Created input 8 "ALSA Playback:pcmMutexRsi2_p" on combined with sample spec s16le 2ch 48000Hz and channel map aux0,aux1
04-21 12:49:19.100  2395  2395 I pulseaudio: [pulseaudio] sink-input.c:     media.name = "ALSA Playback:pcmMutexRsi2_p"
04-21 12:49:19.100  2395  2395 I pulseaudio: [pulseaudio] sink-input.c:     application.name = "ALSA plug-in [mediaserver]"
04-21 12:49:19.100  2395  2395 I pulseaudio: [pulseaudio] sink-input.c:     native-protocol.peer = "UNIX socket client"
04-21 12:49:19.100  2395  2395 I pulseaudio: [pulseaudio] sink-input.c:     native-protocol.version = "30"
04-21 12:49:19.100  2395  2395 I pulseaudio: [pulseaudio] sink-input.c:     application.process.id = "2544"
04-21 12:49:19.100  2395  2395 I pulseaudio: [pulseaudio] sink-input.c:     application.process.user = "media"
04-21 12:49:19.100  2395  2395 I pulseaudio: [pulseaudio] sink-input.c:     application.process.host = "localhost"
04-21 12:49:19.100  2395  2395 I pulseaudio: [pulseaudio] sink-input.c:     application.process.binary = "pulse-thread-ml"
04-21 12:49:19.100  2395  2395 I pulseaudio: [pulseaudio] sink-input.c:     application.language = "C.UTF-8"
04-21 12:49:19.100  2395  2395 I pulseaudio: [pulseaudio] sink-input.c:     application.process.machine_id = "localhost"
04-21 12:49:19.100  2395  2395 I pulseaudio: [pulseaudio] protocol-native.c: Requested tlength=24.00 ms, minreq=8.00 ms
04-21 12:49:19.100  2395  2395 D pulseaudio: [pulseaudio] protocol-native.c: Early requests mode enabled, configuring sink latency to minreq.
04-21 12:49:19.100  2395  2395 D pulseaudio: [pulseaudio] protocol-native.c: Could not configure a sufficiently low latency. Early requests might not be satisifed.
04-21 12:49:19.100  2395  2395 D pulseaudio: [pulseaudio] protocol-native.c: Requested latency=8.00 ms, Received latency=12.00 ms
04-21 12:49:19.100  2395  2395 D pulseaudio: [pulseaudio] memblockq.c: memblockq requested: maxlength=4194304, tlength=5376, base=4, prebuf=3072, minreq=1536 maxrewind=0
04-21 12:49:19.100  2395  2395 D pulseaudio: [pulseaudio] memblockq.c: memblockq sanitized: maxlength=4194304, tlength=5376, base=4, prebuf=3072, minreq=1536 maxrewind=0
04-21 12:49:19.100  2395  2395 I pulseaudio: [pulseaudio] protocol-native.c: Final latency 40.00 ms = 12.00 ms + 2*8.00 ms + 12.00 ms
04-21 12:49:19.100  2395  2472 D pulseaudio: [combine] module-combine-sink.c: Sink update requested latency 12.00
04-21 12:49:19.101  2395  2541 D pulseaudio: [alsa-sink-csm_amp] sink.c: Found underrun 4608 bytes ago (2304 bytes ahead in playback buffer)
04-21 12:49:19.101  2395  2542 D pulseaudio: [alsa-sink-csm_rsi] sink.c: Found underrun 3072 bytes ago (1536 bytes ahead in playback buffer)
04-21 12:49:19.101  2395  2542 D pulseaudio: [alsa-sink-csm_rsi] sink.c: Found underrun 3072 bytes ago (1536 bytes ahead in playback buffer)
04-21 12:49:19.101  2395  2541 D pulseaudio: [alsa-sink-csm_amp] sink.c: Found underrun 4608 bytes ago (2304 bytes ahead in playback buffer)
04-21 12:49:19.101  1974  2188 E vehicle_abstraction: CODIDynamicDataGroup::processRxGroupSignal ODI data (dataID = 50) not mapped (fucID = 7) 
04-21 12:49:19.102  2544  2544 D HarmanHal: open: snd_pcm_open --> ok. dev = 16384, mPcmHandle = 0x0xf516c800
04-21 12:49:19.102  2544  2544 D HarmanHal: set: channel = 3, format = 1, rate = 48000
04-21 12:49:19.102  2544  2544 D HarmanHal: set: channel_mask = 3, format = 1, dstChannel = 2
04-21 12:49:19.102  2544  2544 I AudioFlinger: AudioStreamOut::open(), mHalFormatIsLinearPcm = 1
04-21 12:49:19.102  2544  2544 D HarmanHal: getFormat: format = 1
04-21 12:49:19.102  2544  2544 D HarmanHal: getChannels: channel mask = 3
04-21 12:49:19.103  2544  2544 D HarmanHal: getSampleRate: rate = 48000
04-21 12:49:19.103  2544  2544 D HarmanHal: getChannels: channel mask = 3
04-21 12:49:19.103  2544  2544 D HarmanHal: getFormat: format = 1
04-21 12:49:19.103  2544  2544 D HarmanHal: getFormat: format = 1
04-21 12:49:19.103  2544  2544 I AudioFlinger: HAL output buffer size 384 frames, normal sink buffer size 768 frames
04-21 12:49:19.103  2544  2544 D HarmanHal: getFormat: format = 1
04-21 12:49:19.103  2544  2544 D HarmanHal: getSampleRate: rate = 48000
04-21 12:49:19.103  2544  2544 D HarmanHal: getChannels: channel mask = 3
04-21 12:49:19.103  2544  2638 I AudioFlinger: AudioFlinger's thread 0xedfc0000 ready to run
04-21 12:49:19.104  2544  2638 D HarmanHal: createAudioPatch: sourcesCount=1, source type =2
04-21 12:49:19.104  2544  2638 D HarmanHal: createAudioPatch: sinksCount=1, sink type =1
04-21 12:49:19.104  2544  2638 W HarmanHal: standby: -->setStandby(true)
04-21 12:49:19.104  2544  2638 D HarmanHal: StreamOut::setStandby() isSet = 1, isActive = 1, dev = 16384
04-21 12:49:19.104  2544  2638 D HarmanHal: PcmWrapper::close: device = 16384
04-21 12:49:19.104  2544  2638 E ALSALIB : snd_pcm_drain() entry... draining pcm pcmMutexRsi2_p
04-21 12:49:19.106  2395  2472 D pulseaudio: [combine] sink-input.c: Requesting rewind due to corking
04-21 12:49:19.106  2395  2395 D pulseaudio: [pulseaudio] module-suspend-on-idle.c: Sink combined becomes idle, timeout in 10 seconds.
04-21 12:49:19.107  2544  2638 E ALSALIB : snd_pcm_drain(): pcm pcmMutexRsi2_p drain done, ret=0
04-21 12:49:19.107  2544  2638 E ALSALIB : snd_pcm_close() entry... closing pcmMutexRsi2_p
04-21 12:49:19.107  2544  2638 E ALSALIB : snd_pcm_drop() entry... dropping pcm pcmMutexRsi2_p
04-21 12:49:19.108  2544  2638 E ALSALIB : snd_pcm_drop(): pcm pcmMutexRsi2_p drop done, ret=0
04-21 12:49:19.108  2395  2472 D pulseaudio: [combine] module-combine-sink.c: Sink update requested latency 12.00
04-21 12:49:19.108  2544  2638 E ALSALIB : snd_pcm_close() pcmMutexRsi2_p closed, ret=0
04-21 12:49:19.108  2395  2395 D pulseaudio: [pulseaudio] module-suspend-on-idle.c: Sink combined becomes idle, timeout in 10 seconds.
04-21 12:49:19.108  2395  2395 I pulseaudio: [pulseaudio] sink-input.c: Freeing input 8 "ALSA Playback:pcmMutexRsi2_p"
04-21 12:49:19.109  2395  2460 D pulseaudio: [alsa-sink-Dirana Pb (*)] sink.c: Found underrun 1024 bytes ago (8192 bytes ahead in playback buffer)
04-21 12:49:19.109  2395  2395 I pulseaudio: [pulseaudio] client.c: Freed 6 "ALSA plug-in [mediaserver]"
04-21 12:49:19.109  2395  2395 I pulseaudio: [pulseaudio] protocol-native.c: Connection terminated.
04-21 12:49:19.109  2395  2542 D pulseaudio: [alsa-sink-csm_rsi] sink.c: Found underrun 1536 bytes ago (3072 bytes ahead in playback buffer)
04-21 12:49:19.109  2395  2541 D pulseaudio: [alsa-sink-csm_amp] sink.c: Found underrun 2304 bytes ago (4608 bytes ahead in playback buffer)
04-21 12:49:19.109  2544  2544 D HarmanHal: openInputStream: handle=14, devices: 0x80000004, input source: 0x1, input flags: 0x0
04-21 12:49:19.109  2544  2544 D HarmanHal: openInputStream: channel = 8
04-21 12:49:19.109  2544  2544 D HarmanHal: getMicStreamInInstancegetMicStreamInInstance: new MicStreamIn
04-21 12:49:19.109  2544  2544 D HarmanHal: openPcmIn: new PcmWrapper for Mic, dev = 2
04-21 12:49:19.109  2544  2544 E HarmanHal: open: flag = 1, device = 2
04-21 12:49:19.109  2544  2544 E ALSALIB : snd_pcm_open(): opening PCM name: pcmMicRefIn_VR_c
04-21 12:49:19.111  2544  2544 E ALSALIB : snd_pcm_open() open pcmMicRefIn_VR_c done, ret=0
04-21 12:49:19.111  2544  2544 D HarmanHal: PcmWrapper::openPort: port = pcmMicRefIn_VR_c, pcmHandle = 0x0xf516ca80
04-21 12:49:19.113  2544  2544 D HarmanHal: open: snd_pcm_open --> ok. dev = 2, mPcmHandle = 0x0xf516ca80
04-21 12:49:19.113  2395  2542 D pulseaudio: [alsa-sink-csm_rsi] sink.c: Found underrun 3072 bytes ago (1536 bytes ahead in playback buffer)
04-21 12:49:19.113  2395  2541 D pulseaudio: [alsa-sink-csm_amp] sink.c: Found underrun 4608 bytes ago (2304 bytes ahead in playback buffer)
04-21 12:49:19.113  2544  2544 D HarmanHal: set, Dst : channel = 8, format = 1, rate = 48000
04-21 12:49:19.113  2544  2544 D HarmanHal: set, Src: channel = 8, format = 1, rate = 48000
04-21 12:49:19.113  2544  2544 D HarmanHal: set: channel_mask = 2147483903, format = 1, dstChannel = 8
04-21 12:49:19.113  2544  2544 D HarmanHal: openInputStream: input created with status=0
04-21 12:49:19.114  2544  2544 D HarmanHal: getSampleRate: rate = 48000
04-21 12:49:19.114  2544  2544 D HarmanHal: getChannels: channel mask = 2147483903
04-21 12:49:19.114  2395  2460 D pulseaudio: [alsa-sink-Dirana Pb (*)] sink.c: Found underrun 6144 bytes ago (3072 bytes ahead in playback buffer)
04-21 12:49:19.114  2544  2544 D HarmanHal: getFormat: format = 1
04-21 12:49:19.114  2544  2544 D HarmanHal: getFormat: format = 1
04-21 12:49:19.114  2544  2544 D HarmanHal: getChannels: channel mask = 2147483903
04-21 12:49:19.114  2544  2544 D HarmanHal: getFormat: format = 1
04-21 12:49:19.114  2544  2544 D HarmanHal: getSampleRate: rate = 48000
04-21 12:49:19.114  2544  2544 D HarmanHal: getChannels: channel mask = 2147483903
04-21 12:49:19.114  2544  2639 I AudioFlinger: AudioFlinger's thread 0xf31c0000 ready to run
04-21 12:49:19.114  2544  2544 D HarmanHal: ~MicStreamIn: delete PcmWrapper for Mic
04-21 12:49:19.114  2544  2544 D HarmanHal: PcmWrapper::close: device = 2
04-21 12:49:19.114  2544  2544 E ALSALIB : snd_pcm_drain() entry... draining pcm TDM4RX_dupl_capture
04-21 12:49:19.115  2544  2544 E ALSALIB : snd_pcm_drain(): pcm TDM4RX_dupl_capture drain done, ret=0
04-21 12:49:19.115  2544  2544 E ALSALIB : snd_pcm_close() entry... closing TDM4RX_dupl_capture
04-21 12:49:19.115  2544  2544 E ALSALIB : snd_pcm_drop() entry... dropping pcm TDM4RX_dupl_capture
04-21 12:49:19.115  2544  2544 E ALSALIB : snd_pcm_drop(): pcm TDM4RX_dupl_capture drop done, ret=0
04-21 12:49:19.115  2544  2544 E ALSALIB : snd_pcm_close() entry... closing hw_TDM4RX_dupl_capture
04-21 12:49:19.116  2544  2544 E ALSALIB : snd_pcm_close() hw_TDM4RX_dupl_capture closed, ret=0
04-21 12:49:19.116  2544  2544 E ALSALIB : snd_pcm_close() TDM4RX_dupl_capture closed, ret=0
04-21 12:49:19.116  2544  2544 W APM::AudioPolicyManager: Input device 00800000 unreachable
04-21 12:49:19.117  2544  2544 E SoundTriggerHwService: couldn't load sound trigger module sound_trigger.primary (No such file or directory)
04-21 12:49:19.117  2544  2544 I RadioService: RadioService
04-21 12:49:19.117  2544  2544 I RadioService: onFirstRef
04-21 12:49:19.118  2544  2544 E RadioService: couldn't load radio module radio.primary (No such file or directory)
04-21 12:49:19.127  2329  2329 D ethctrlmgr: SPI read cmd in hex:0x
04-21 12:49:19.127  2329  2329 D ethctrlmgr: 05 
04-21 12:49:19.127  2329  2329 D ethctrlmgr: 09 
04-21 12:49:19.127  2329  2329 D ethctrlmgr: 8f 
04-21 12:49:19.127  2329  2329 D ethctrlmgr: 25 
04-21 12:49:19.127  2329  2329 D ethctrlmgr: 40 
04-21 12:49:19.127  2329  2329 D ethctrlmgr: 00 
04-21 12:49:19.127  2329  2329 D ethctrlmgr: 00 
04-21 12:49:19.127  2329  2329 D ethctrlmgr: 00 
04-21 12:49:19.127  2329  2329 D ethctrlmgr: 00 
04-21 12:49:19.127  2329  2329 D ethctrlmgr: data len to send over IPC is:17
04-21 12:49:19.127  2329  2329 D ethctrlmgr: executeSwitchCmd:sent cmd req 17 bytes
04-21 12:49:19.127  2329  2329 D ethctrlmgr: executeSwitchCmd() diag command waiting for response from server 
04-21 12:49:19.129  2329  2365 V ethctrlmgr: readDataFromIocIpc():data avlbl from ioc ipc
04-21 12:49:19.129  2329  2365 D ethctrlmgr: readDataFromIocIpc():read data from IOC IPC
04-21 12:49:19.129  2329  2365 D ethctrlmgr: readDataFromIocIpc spawned. Waiting to read data
04-21 12:49:19.129  2329  2329 D ethctrlmgr:  executeSwitchCmd(): pthread_cond_timedwait Ret Val = 0  
04-21 12:49:19.129  2329  2329 D ethctrlmgr: executeSwitchCmd(): response available for requested command 
04-21 12:49:19.129  2329  2329 V ethctrlmgr: executeSwitchCmd:completion time:2.072337 msec 
04-21 12:49:19.129  2329  2329 D ethctrlmgr: readBcmRaw(): SPI read command execution successful
04-21 12:49:19.129  2329  2329 D ethctrlmgr: SPI Read Bytes:
04-21 12:49:19.129  2329  2329 D ethctrlmgr: ff 
04-21 12:49:19.129  2329  2329 D ethctrlmgr: ff 
04-21 12:49:19.129  2329  2329 D ethctrlmgr: ff 
04-21 12:49:19.129  2329  2329 D ethctrlmgr: ff 
04-21 12:49:19.129  2329  2329 D ethctrlmgr: ff 
04-21 12:49:19.129  2329  2329 D ethctrlmgr: 00 
04-21 12:49:19.129  2329  2329 D ethctrlmgr: 00 
04-21 12:49:19.129  2329  2329 D ethctrlmgr: 20 
04-21 12:49:19.129  2329  2329 D ethctrlmgr: 04 
04-21 12:49:19.129  2329  2329 D ethctrlmgr: 00 
04-21 12:49:19.129  2329  2329 D ethctrlmgr: 00 
04-21 12:49:19.129  2329  2329 D ethctrlmgr: 00 
04-21 12:49:19.129  2329  2329 D ethctrlmgr: 00 
04-21 12:49:19.129  2329  2329 D ethctrlmgr: 00 
04-21 12:49:19.129  2329  2329 D ethctrlmgr: 00
04-21 12:49:19.129  2329  2329 D ethctrlmgr: SPI read cmd in hex:0x
04-21 12:49:19.129  2329  2329 D ethctrlmgr: 05 
04-21 12:49:19.129  2329  2329 D ethctrlmgr: 09 
04-21 12:49:19.129  2329  2329 D ethctrlmgr: 8f 
04-21 12:49:19.129  2329  2329 D ethctrlmgr: 25 
04-21 12:49:19.129  2329  2329 D ethctrlmgr: 42 
04-21 12:49:19.129  2329  2329 D ethctrlmgr: 00 
04-21 12:49:19.129  2329  2329 D ethctrlmgr: 00 
04-21 12:49:19.129  2329  2329 D ethctrlmgr: 00 
04-21 12:49:19.129  2329  2329 D ethctrlmgr: 00 
04-21 12:49:19.129  2329  2329 D ethctrlmgr: data len to send over IPC is:17
04-21 12:49:19.129  2329  2329 D ethctrlmgr: executeSwitchCmd:sent cmd req 17 bytes
04-21 12:49:19.129  2329  2329 D ethctrlmgr: executeSwitchCmd() diag command waiting for response from server 
04-21 12:49:19.129  1974  2188 E vehicle_abstraction: CODIDynamicDataGroup::processRxGroupSignal ODI data (dataID = 51) not mapped (fucID = 7) 
04-21 12:49:19.130  2545  2545 I VAS/EQTool: addEQUpdateListener() EQUpdate listeners updated
04-21 12:49:19.130  2545  2545 I VAS/EQTool: addEQUpdateListener() EQUpdate listeners updated
04-21 12:49:19.131  1974  2188 E vehicle_abstraction: setIPCReadGlobalAGroupSignalData Signal not found (groupSignal = 0x80F8) 
04-21 12:49:19.131  1974  2188 E vehicle_abstraction: setIPCReadGlobalAGroupSignalData Signal not found (groupSignal = 0x80F9) 
04-21 12:49:19.131  1974  2188 E vehicle_abstraction: setIPCReadGlobalAGroupSignalData Signal not found (groupSignal = 0x80FA) 
04-21 12:49:19.131  2329  2365 V ethctrlmgr: readDataFromIocIpc():data avlbl from ioc ipc
04-21 12:49:19.131  2329  2365 D ethctrlmgr: readDataFromIocIpc():read data from IOC IPC
04-21 12:49:19.131  2329  2365 D ethctrlmgr: readDataFromIocIpc spawned. Waiting to read data
04-21 12:49:19.131  2329  2329 D ethctrlmgr:  executeSwitchCmd(): pthread_cond_timedwait Ret Val = 0  
04-21 12:49:19.131  2329  2329 D ethctrlmgr: executeSwitchCmd(): response available for requested command 
04-21 12:49:19.131  2329  2329 V ethctrlmgr: executeSwitchCmd:completion time:2.073552 msec 
04-21 12:49:19.131  2329  2329 D ethctrlmgr: readBcmRaw(): SPI read command execution successful
04-21 12:49:19.131  2329  2329 D ethctrlmgr: SPI Read Bytes:
04-21 12:49:19.131  2329  2329 D ethctrlmgr: ff 
04-21 12:49:19.131  2329  2329 D ethctrlmgr: ff 
04-21 12:49:19.131  2329  2329 D ethctrlmgr: ff 
04-21 12:49:19.131  2329  2329 D ethctrlmgr: ff 
04-21 12:49:19.131  2329  2329 D ethctrlmgr: ff 
04-21 12:49:19.131  2329  2329 D ethctrlmgr: 00 
04-21 12:49:19.131  2329  2329 D ethctrlmgr: 00 
04-21 12:49:19.131  2329  2329 D ethctrlmgr: 22 
04-21 12:49:19.131  2329  2329 D ethctrlmgr: 22 
04-21 12:49:19.131  2329  2329 D ethctrlmgr: 00 
04-21 12:49:19.131  2329  2329 D ethctrlmgr: 00 
04-21 12:49:19.131  2329  2329 D ethctrlmgr: 00 
04-21 12:49:19.131  2329  2329 D ethctrlmgr: 00 
04-21 12:49:19.131  2329  2329 D ethctrlmgr: 00 
04-21 12:49:19.131  2329  2329 D ethctrlmgr: 00
04-21 12:49:19.132  2329  2329 D ethctrlmgr: SPI read cmd in hex:0x
04-21 12:49:19.132  2329  2329 D ethctrlmgr: 05 
04-21 12:49:19.132  2329  2329 D ethctrlmgr: 09 
04-21 12:49:19.132  2329  2329 D ethctrlmgr: 8f 
04-21 12:49:19.132  2329  2329 D ethctrlmgr: 25 
04-21 12:49:19.132  2329  2329 D ethctrlmgr: 44 
04-21 12:49:19.132  2329  2329 D ethctrlmgr: 00 
04-21 12:49:19.132  2329  2329 D ethctrlmgr: 00 
04-21 12:49:19.132  2329  2329 D ethctrlmgr: 00 
04-21 12:49:19.132  2329  2329 D ethctrlmgr: 00 
04-21 12:49:19.132  2329  2329 D ethctrlmgr: data len to send over IPC is:17
04-21 12:49:19.132  2329  2329 D ethctrlmgr: executeSwitchCmd:sent cmd req 17 bytes
04-21 12:49:19.132  2329  2329 D ethctrlmgr: executeSwitchCmd() diag command waiting for response from server 
04-21 12:49:19.133  2329  2365 V ethctrlmgr: readDataFromIocIpc():data avlbl from ioc ipc
04-21 12:49:19.133  2329  2365 D ethctrlmgr: readDataFromIocIpc():read data from IOC IPC
04-21 12:49:19.133  2329  2365 D ethctrlmgr: readDataFromIocIpc spawned. Waiting to read data
04-21 12:49:19.133  2329  2329 D ethctrlmgr:  executeSwitchCmd(): pthread_cond_timedwait Ret Val = 0  
04-21 12:49:19.133  2329  2329 D ethctrlmgr: executeSwitchCmd(): response available for requested command 
04-21 12:49:19.133  2329  2329 V ethctrlmgr: executeSwitchCmd:completion time:1.569013 msec 
04-21 12:49:19.133  2329  2329 D ethctrlmgr: readBcmRaw(): SPI read command execution successful
04-21 12:49:19.133  2329  2329 D ethctrlmgr: SPI Read Bytes:
04-21 12:49:19.133  2329  2329 D ethctrlmgr: ff 
04-21 12:49:19.133  2329  2329 D ethctrlmgr: ff 
04-21 12:49:19.133  2329  2329 D ethctrlmgr: ff 
04-21 12:49:19.133  2329  2329 D ethctrlmgr: ff 
04-21 12:49:19.133  2329  2329 D ethctrlmgr: ff 
04-21 12:49:19.133  2329  2329 D ethctrlmgr: 00 
04-21 12:49:19.133  2329  2329 D ethctrlmgr: 00 
04-21 12:49:19.133  2329  2329 D ethctrlmgr: 00 
04-21 12:49:19.133  2329  2329 D ethctrlmgr: f6 
04-21 12:49:19.133  2329  2329 D ethctrlmgr: 00 
04-21 12:49:19.133  2329  2329 D ethctrlmgr: 00 
04-21 12:49:19.133  2329  2329 D ethctrlmgr: 00 
04-21 12:49:19.133  2329  2329 D ethctrlmgr: 00 
04-21 12:49:19.133  2329  2329 D ethctrlmgr: 00 
04-21 12:49:19.133  2329  2329 D ethctrlmgr: 00
04-21 12:49:19.133  2329  2329 D ethctrlmgr: SPI read cmd in hex:0x
04-21 12:49:19.133  2329  2329 D ethctrlmgr: 05 
04-21 12:49:19.133  2329  2329 D ethctrlmgr: 09 
04-21 12:49:19.133  2329  2329 D ethctrlmgr: 8f 
04-21 12:49:19.133  2329  2329 D ethctrlmgr: 25 
04-21 12:49:19.133  2329  2329 D ethctrlmgr: 46 
04-21 12:49:19.133  2329  2329 D ethctrlmgr: 00 
04-21 12:49:19.133  2329  2329 D ethctrlmgr: 00 
04-21 12:49:19.133  2329  2329 D ethctrlmgr: 00 
04-21 12:49:19.133  2329  2329 D ethctrlmgr: 00 
04-21 12:49:19.133  2329  2329 D ethctrlmgr: data len to send over IPC is:17
04-21 12:49:19.133  2329  2329 D ethctrlmgr: executeSwitchCmd:sent cmd req 17 bytes
04-21 12:49:19.133  2329  2329 D ethctrlmgr: executeSwitchCmd() diag command waiting for response from server 
04-21 12:49:19.135  2329  2365 V ethctrlmgr: readDataFromIocIpc():data avlbl from ioc ipc
04-21 12:49:19.135  2329  2365 D ethctrlmgr: readDataFromIocIpc():read data from IOC IPC
04-21 12:49:19.135  2329  2365 D ethctrlmgr: readDataFromIocIpc spawned. Waiting to read data
04-21 12:49:19.135  2329  2329 D ethctrlmgr:  executeSwitchCmd(): pthread_cond_timedwait Ret Val = 0  
04-21 12:49:19.135  2329  2329 D ethctrlmgr: executeSwitchCmd(): response available for requested command 
04-21 12:49:19.135  2329  2329 V ethctrlmgr: executeSwitchCmd:completion time:1.844314 msec 
04-21 12:49:19.135  2329  2329 D ethctrlmgr: readBcmRaw(): SPI read command execution successful
04-21 12:49:19.135  2329  2329 D ethctrlmgr: SPI Read Bytes:
04-21 12:49:19.135  2329  2329 D ethctrlmgr: ff 
04-21 12:49:19.135  2329  2329 D ethctrlmgr: ff 
04-21 12:49:19.135  2329  2329 D ethctrlmgr: ff 
04-21 12:49:19.135  2329  2329 D ethctrlmgr: ff 
04-21 12:49:19.135  2329  2329 D ethctrlmgr: ff 
04-21 12:49:19.135  2329  2329 D ethctrlmgr: 00 
04-21 12:49:19.135  2329  2329 D ethctrlmgr: 00 
04-21 12:49:19.135  2329  2329 D ethctrlmgr: 00 
04-21 12:49:19.135  2329  2329 D ethctrlmgr: 72 
04-21 12:49:19.135  2329  2329 D ethctrlmgr: 00 
04-21 12:49:19.135  2329  2329 D ethctrlmgr: 00 
04-21 12:49:19.135  2329  2329 D ethctrlmgr: 00 
04-21 12:49:19.135  2329  2329 D ethctrlmgr: 00 
04-21 12:49:19.135  2329  2329 D ethctrlmgr: 00 
04-21 12:49:19.135  2329  2329 D ethctrlmgr: 00
04-21 12:49:19.135  2329  2329 D ethctrlmgr: SPI read cmd in hex:0x
04-21 12:49:19.135  2329  2329 D ethctrlmgr: 05 
04-21 12:49:19.135  2329  2329 D ethctrlmgr: 09 
04-21 12:49:19.135  2329  2329 D ethctrlmgr: 8f 
04-21 12:49:19.135  2329  2329 D ethctrlmgr: 25 
04-21 12:49:19.136  2329  2329 D ethctrlmgr: 48 
04-21 12:49:19.136  2329  2329 D ethctrlmgr: 00 
04-21 12:49:19.136  2329  2329 D ethctrlmgr: 00 
04-21 12:49:19.136  2329  2329 D ethctrlmgr: 00 
04-21 12:49:19.136  2329  2329 D ethctrlmgr: 00 
04-21 12:49:19.136  2329  2329 D ethctrlmgr: data len to send over IPC is:17
04-21 12:49:19.136  2329  2329 D ethctrlmgr: executeSwitchCmd:sent cmd req 17 bytes
04-21 12:49:19.136  2329  2329 D ethctrlmgr: executeSwitchCmd() diag command waiting for response from server 
04-21 12:49:19.137  2329  2365 V ethctrlmgr: readDataFromIocIpc():data avlbl from ioc ipc
04-21 12:49:19.137  2329  2365 D ethctrlmgr: readDataFromIocIpc():read data from IOC IPC
04-21 12:49:19.137  2329  2365 D ethctrlmgr: readDataFromIocIpc spawned. Waiting to read data
04-21 12:49:19.137  2329  2329 D ethctrlmgr:  executeSwitchCmd(): pthread_cond_timedwait Ret Val = 0  
04-21 12:49:19.137  2329  2329 D ethctrlmgr: executeSwitchCmd(): response available for requested command 
04-21 12:49:19.137  2329  2329 V ethctrlmgr: executeSwitchCmd:completion time:1.665478 msec 
04-21 12:49:19.137  2329  2329 D ethctrlmgr: readBcmRaw(): SPI read command execution successful
04-21 12:49:19.137  2329  2329 D ethctrlmgr: SPI Read Bytes:
04-21 12:49:19.137  2329  2329 D ethctrlmgr: ff 
04-21 12:49:19.137  2329  2329 D ethctrlmgr: ff 
04-21 12:49:19.137  2329  2329 D ethctrlmgr: ff 
04-21 12:49:19.137  2329  2329 D ethctrlmgr: ff 
04-21 12:49:19.137  2329  2329 D ethctrlmgr: ff 
04-21 12:49:19.137  2329  2329 D ethctrlmgr: 00 
04-21 12:49:19.137  2329  2329 D ethctrlmgr: 00 
04-21 12:49:19.137  2329  2329 D ethctrlmgr: 00 
04-21 12:49:19.137  2329  2329 D ethctrlmgr: 03 
04-21 12:49:19.137  2329  2329 D ethctrlmgr: 00 
04-21 12:49:19.137  2329  2329 D ethctrlmgr: 00 
04-21 12:49:19.137  2329  2329 D ethctrlmgr: 00 
04-21 12:49:19.137  2329  2329 D ethctrlmgr: 00 
04-21 12:49:19.137  2329  2329 D ethctrlmgr: 00 
04-21 12:49:19.137  2329  2329 D ethctrlmgr: 00
04-21 12:49:19.137  2329  2329 D ethctrlmgr: SPI read cmd in hex:0x
04-21 12:49:19.137  2329  2329 D ethctrlmgr: 05 
04-21 12:49:19.137  2329  2329 D ethctrlmgr: 09 
04-21 12:49:19.137  2329  2329 D ethctrlmgr: 8f 
04-21 12:49:19.137  2329  2329 D ethctrlmgr: 25 
04-21 12:49:19.137  2329  2329 D ethctrlmgr: 4a 
04-21 12:49:19.137  2329  2329 D ethctrlmgr: 00 
04-21 12:49:19.137  2329  2329 D ethctrlmgr: 00 
04-21 12:49:19.137  2329  2329 D ethctrlmgr: 00 
04-21 12:49:19.137  2329  2329 D ethctrlmgr: 00 
04-21 12:49:19.137  2329  2329 D ethctrlmgr: data len to send over IPC is:17
04-21 12:49:19.137  2329  2329 D ethctrlmgr: executeSwitchCmd:sent cmd req 17 bytes
04-21 12:49:19.137  2329  2329 D ethctrlmgr: executeSwitchCmd() diag command waiting for response from server 
04-21 12:49:19.139  2329  2365 V ethctrlmgr: readDataFromIocIpc():data avlbl from ioc ipc
04-21 12:49:19.139  2329  2365 D ethctrlmgr: readDataFromIocIpc():read data from IOC IPC
04-21 12:49:19.139  2329  2365 D ethctrlmgr: readDataFromIocIpc spawned. Waiting to read data
04-21 12:49:19.139  2329  2329 D ethctrlmgr:  executeSwitchCmd(): pthread_cond_timedwait Ret Val = 0  
04-21 12:49:19.139  2329  2329 D ethctrlmgr: executeSwitchCmd(): response available for requested command 
04-21 12:49:19.139  2329  2329 V ethctrlmgr: executeSwitchCmd:completion time:1.790419 msec 
04-21 12:49:19.139  2329  2329 D ethctrlmgr: readBcmRaw(): SPI read command execution successful
04-21 12:49:19.139  2329  2329 D ethctrlmgr: SPI Read Bytes:
04-21 12:49:19.139  2329  2329 D ethctrlmgr: ff 
04-21 12:49:19.139  2329  2329 D ethctrlmgr: ff 
04-21 12:49:19.139  2329  2329 D ethctrlmgr: ff 
04-21 12:49:19.139  2329  2329 D ethctrlmgr: ff 
04-21 12:49:19.139  2329  2329 D ethctrlmgr: ff 
04-21 12:49:19.139  2329  2329 D ethctrlmgr: 00 
04-21 12:49:19.139  2329  2329 D ethctrlmgr: 00 
04-21 12:49:19.139  2329  2329 D ethctrlmgr: 00 
04-21 12:49:19.139  2329  2329 D ethctrlmgr: 74 
04-21 12:49:19.139  2329  2329 D ethctrlmgr: 00 
04-21 12:49:19.139  2329  2329 D ethctrlmgr: 00 
04-21 12:49:19.139  2329  2329 D ethctrlmgr: 00 
04-21 12:49:19.139  2329  2329 D ethctrlmgr: 00 
04-21 12:49:19.139  2329  2329 D ethctrlmgr: 00 
04-21 12:49:19.139  2329  2329 D ethctrlmgr: 00
04-21 12:49:19.139  2329  2329 D ethctrlmgr: SPI read cmd in hex:0x
04-21 12:49:19.139  2329  2329 D ethctrlmgr: 05 
04-21 12:49:19.139  2329  2329 D ethctrlmgr: 09 
04-21 12:49:19.139  2329  2329 D ethctrlmgr: 8f 
04-21 12:49:19.139  2329  2329 D ethctrlmgr: 25 
04-21 12:49:19.139  2329  2329 D ethctrlmgr: 4c 
04-21 12:49:19.139  2329  2329 D ethctrlmgr: 00 
04-21 12:49:19.139  2329  2329 D ethctrlmgr: 00 
04-21 12:49:19.139  2329  2329 D ethctrlmgr: 00 
04-21 12:49:19.139  2329  2329 D ethctrlmgr: 00 
04-21 12:49:19.140  2329  2329 D ethctrlmgr: data len to send over IPC is:17
04-21 12:49:19.140  2329  2329 D ethctrlmgr: executeSwitchCmd:sent cmd req 17 bytes
04-21 12:49:19.140  2329  2329 D ethctrlmgr: executeSwitchCmd() diag command waiting for response from server 
04-21 12:49:19.142  2329  2365 V ethctrlmgr: readDataFromIocIpc():data avlbl from ioc ipc
04-21 12:49:19.142  2329  2365 D ethctrlmgr: readDataFromIocIpc():read data from IOC IPC
04-21 12:49:19.142  2329  2365 D ethctrlmgr: readDataFromIocIpc spawned. Waiting to read data
04-21 12:49:19.142  2329  2329 D ethctrlmgr:  executeSwitchCmd(): pthread_cond_timedwait Ret Val = 0  
04-21 12:49:19.142  2329  2329 D ethctrlmgr: executeSwitchCmd(): response available for requested command 
04-21 12:49:19.142  2329  2329 V ethctrlmgr: executeSwitchCmd:completion time:2.678077 msec 
04-21 12:49:19.142  2329  2329 D ethctrlmgr: readBcmRaw(): SPI read command execution successful
04-21 12:49:19.142  2329  2329 D ethctrlmgr: SPI Read Bytes:
04-21 12:49:19.142  2329  2329 D ethctrlmgr: ff 
04-21 12:49:19.142  2329  2329 D ethctrlmgr: ff 
04-21 12:49:19.142  2329  2329 D ethctrlmgr: ff 
04-21 12:49:19.142  2329  2329 D ethctrlmgr: ff 
04-21 12:49:19.142  2329  2329 D ethctrlmgr: ff 
04-21 12:49:19.142  2329  2329 D ethctrlmgr: 00 
04-21 12:49:19.142  2329  2329 D ethctrlmgr: 00 
04-21 12:49:19.142  2329  2329 D ethctrlmgr: 00 
04-21 12:49:19.142  2329  2329 D ethctrlmgr: 03 
04-21 12:49:19.142  2329  2329 D ethctrlmgr: 00 
04-21 12:49:19.142  2329  2329 D ethctrlmgr: 00 
04-21 12:49:19.142  2329  2329 D ethctrlmgr: 00 
04-21 12:49:19.142  2329  2329 D ethctrlmgr: 00 
04-21 12:49:19.142  2329  2329 D ethctrlmgr: 00 
04-21 12:49:19.142  2329  2329 D ethctrlmgr: 00
04-21 12:49:19.142  2329  2329 D ethctrlmgr: port=2 expC C0=2004 C1=2222 C2=00f6 C3=0072 C4=0003 C5=0074 C6=0003
04-21 12:49:19.150  2545  2545 I VAS/HandsfreeBSDGen: IsCalUpdated() isCalUpdated 0, lastStoredCount 15, calUpdateCount 15
04-21 12:49:19.154  1974  2188 E vehicle_abstraction: CODIDynamicDataGroup::processRxGroupSignal ODI data (dataID = 52) not mapped (fucID = 7) 
04-21 12:49:19.168  2545  2545 I VAS/HandsfreeBSDGen: WriteCalUpdateCount() calupdate count from CalSvc: 15
04-21 12:49:19.168  2545  2545 I VAS/HandsfreeBSDGen: AddHandsfreeListener() BSD listener added to calibration
04-21 12:49:19.168  1983  1983 W CalSvcd_B:  ListenerManager.cpp(88): listener-id(com.gm.calibration.callback.bsdgen)  not exist!
04-21 12:49:19.168  1983  1983 I CalSvcd_B:  ListenerManager.cpp(121): added listener for com.gm.calibration.callback.bsdgen
04-21 12:49:19.170  2545  2545 I VAS/AudioDriverInterface: setVolume() sinkType 1, volDb -127.00
04-21 12:49:19.170  2545  2545 I VAS/ExternalAmpIface: update() attrName MtxSnkLvl, rawValue -127.00
04-21 12:49:19.171  2545  2545 I VAS/AudioDriverInterface: setVolume() sinkType 2, volDb -127.00
04-21 12:49:19.171  2545  2545 I VAS/ExternalAmpIface: update() attrName MxPrmtSnkLvl, rawValue -127.00
04-21 12:49:19.171  2545  2545 I VAS/AudioDriverInterface: setVolume() sinkType 3, volDb -22.00
04-21 12:49:19.171  2355  2355 I pal/stdout: ..loading channel library "libdragondrivecommonservice.so" for "DragonDriveCommonService" ...ok
04-21 12:49:19.171  2545  2545 I VAS/ExternalAmpIface: update() attrName AudFdbkSnkLvl, rawValue -22.00
04-21 12:49:19.171  2545  2545 I VAS/AudioDriverInterface: setVolume() sinkType 4, volDb -35.00
04-21 12:49:19.171  2545  2545 I VAS/ExternalAmpIface: update() attrName ChimSnkLvl, rawValue -35.00
04-21 12:49:19.171  2545  2545 E pal_vehicle: [VDATA:VEHICLE_CLIENT] setVehicleServiceData:[pal_vehicle_client.cpp:613] Error, Binder Service is not connected
04-21 12:49:19.171  2545  2545 E pal_vehicle: [VDATA:VEHICLE_COMMON] pal_vdata_set_signal_value:[pal_vehicle_data.cpp:310] Error, Set data sig=4072 AMPLIFIER_SETTINGS_TONE_CONTROL
04-21 12:49:19.172  2545  2545 E pal_vehicle: [VDATA:VEHICLE_COMMON] convert_result:[pal_vehicle_data.cpp:113] API: set_amplifier_settings_tone_control FAILED pal_vdata_convert_result() is 6
04-21 12:49:19.172  2545  2545 E pal_vehicle: [VDATA:VEHICLE_CLIENT] setVehicleServiceData:[pal_vehicle_client.cpp:613] Error, Binder Service is not connected
04-21 12:49:19.172  2545  2545 E pal_vehicle: [VDATA:VEHICLE_COMMON] pal_vdata_set_signal_value:[pal_vehicle_data.cpp:310] Error, Set data sig=4071 AMPLIFIER_SETTINGS_SINK_LEVEL_CONTROL
04-21 12:49:19.172  2545  2545 E pal_vehicle: [VDATA:VEHICLE_COMMON] convert_result:[pal_vehicle_data.cpp:113] API: set_amplifier_settings_sink_level_control FAILED pal_vdata_convert_result() is 6
04-21 12:49:19.172  2545  2545 I VAS/AudioCtrlSvcImpl: updateChimeVolume() Set Chime Volume Step: 20 from property persist.sys.chime.volume
04-21 12:49:19.172  2545  2545 I VAS/AudioCtrlSvcImpl: connectVehicleBus() entry
04-21 12:49:19.172  2545  2545 I KPI     : PAL_VEHICLE_CLIENT_INIT_START
04-21 12:49:19.173  1974  2188 E vehicle_abstraction: CODIDynamicDataGroup::processRxGroupSignal ODI data (dataID = 53) not mapped (fucID = 7) 
04-21 12:49:19.174  2545  2545 I KPI     : PAL_VEHICLE_CLIENT_INIT_READY
04-21 12:49:19.181  2545  2545 I VAS/AudioCtrlSvcImpl: connectVehicleBus() Registered speed changed callback
04-21 12:49:19.182  2545  2647 I VAS/AudioCtrlSvcImpl: vehicleSpeedChangeProc() Thread Started
04-21 12:49:19.182  2545  2545 I VAS/AudioCtrlSvcImpl: updateAudioCueVolume() entry
04-21 12:49:19.183  2545  2545 I VAS/AudioCtrlSvcImpl: updateAudioCueVolume() Set CUE_VOL 22
04-21 12:49:19.184  1985  2176 I [PLSS]PMSvc: animation already ready, so report animation ready
04-21 12:49:19.184  1985  2176 E BOOT-TIME|:  Send Anim Ready at |5690 
04-21 12:49:19.184  1985  2176 I KPI     : PAL_PM_ANIMATION_READY
04-21 12:49:19.184  2545  2545 I VAS/AudioCtrlSvcImpl: updateAudioCueVolume() ReportAudioCueReady sent to PowerManager, return 0
04-21 12:49:19.184  2545  2545 I VAS/AudioCtrlSvcImpl: updateAudioCueVolume() Setting property veh.audioservice.audiocueready
04-21 12:49:19.184  2545  2545 I VAS/AudioCtrlSvcImpl: CAudioCtrlSvcImpl() VehicleAudioService initialized at 6
04-21 12:49:19.184  2545  2545 D BOOT-TIME|:  VehicleAudioService initialized at 5691
04-21 12:49:19.184  2332  2332 D CoLibry : application TunerApp started (watchdog is enabled)
04-21 12:49:19.185  2545  2647 I VAS/AudioCtrlSvcImpl: handleVehicleSpeedChange() entry
04-21 12:49:19.187  1985  2170 I [PLSS]PMClients: [AnimClient] Show animation: 3
04-21 12:49:19.187  1985  2170 I [PLSS]PMSvc: Play Anim
04-21 12:49:19.187  1968  2301 D AnimEngine: AnimEngine - animation state change - 3 (@0x7f1ac39e9000)
04-21 12:49:19.187  1968  2301 D AnimEngine: |OnSystemStateChange| event is : 2
04-21 12:49:19.187  1968  2301 D AnimEngine: |EVENT-Q|
04-21 12:49:19.187  1985  2170 I [PLSS]PMSvc: System state change: 2
04-21 12:49:19.187  1968  2302 D AnimEngine: |EVENT-Q| Popped event : 2
04-21 12:49:19.187  1968  2302 W AnimEngine: Animation thread coming out of wait
04-21 12:49:19.187  1968  2302 W AnimEngine: Animation going to execute event: SHOW_STARTUP_ANIM at 5693
--------- beginning of kpi
04-21 12:49:19.187  1968  2302 E KPI-BOOT|: Animation going to execute event: SHOW_STARTUP_ANIM at |5693 
04-21 12:49:19.187  1968  2302 D AnimEngine: try to stop video firstly
04-21 12:49:19.187  1968  2302 I AnimEngine: Animation Type is 2
04-21 12:49:19.187  1968  2302 D AnimEngine: Image Still Animation
04-21 12:49:19.187  1968  2302 D AnimEngine: Black Animation Window
04-21 12:49:19.195  1968  2303 D AnimEngine: got VAS!
04-21 12:49:19.195  1968  2303 D AnimEngine: try to get media.player!
04-21 12:49:19.195  1968  2303 D AnimEngine: got media.player service
04-21 12:49:19.195  1968  2303 D BOOT-TIME|:  AnimEngine: media player ready at |5701 
04-21 12:49:19.196  1968  2302 D AnimEngine: Showing Animation Window
04-21 12:49:19.196  1968  2302 D AnimEngine: [AnimThread] : Anim width=1280 height=768
04-21 12:49:19.196  1968  2302 D AnimEngine: [AnimThread] : xc=0 yc=0
04-21 12:49:19.199  2332  2332 D CoLibry : starting startup sequence
04-21 12:49:19.199  2332  2332 D CoLibry : starting watchdog thread
04-21 12:49:19.199  2332  2332 D CoLibry : initializing trace environment
04-21 12:49:19.212  2332  2650 D CoLibry : Binary persistence for 'TunerApp' is empty. Expected 2795 scopes.
04-21 12:49:19.221  2196  2272 I lvds_device: setAuxBrightness MSB :0x12 LSB: 0x7c
04-21 12:49:19.223  2196  2272 I lvds_device: Msg : 0xb1 0x40 0x82 0xd7 0xff 0xff 0x12 0x7c
04-21 12:49:19.233  1974  2188 E vehicle_abstraction: CODIDynamicDataGroup::processRxGroupSignal ODI data (dataID = 54) not mapped (fucID = 7) 
04-21 12:49:19.261  1974  2188 E vehicle_abstraction: CODIDynamicDataGroup::processRxGroupSignal ODI data (dataID = 55) not mapped (fucID = 7) 
04-21 12:49:19.289  1974  2188 E vehicle_abstraction: CODIDynamicDataGroup::processRxGroupSignal ODI data (dataID = 56) not mapped (fucID = 7) 
04-21 12:49:19.313  1974  2188 E vehicle_abstraction: CODIDynamicDataGroup::processRxGroupSignal ODI data (dataID = 57) not mapped (fucID = 7) 
04-21 12:49:19.321  2196  2272 I lvds_device: setAuxBrightness MSB :0x12 LSB: 0x7c
04-21 12:49:19.323  2196  2272 I lvds_device: Msg : 0xb1 0x40 0x82 0xd7 0xff 0xff 0x12 0x7c
04-21 12:49:19.325  2332  2653 D CoLibry : new coding
04-21 12:49:19.325  2332  2664 F CoLibry : CAmFmEnvironment::setI2cDevicePath() -> Can't open device located at /dev/i2c-1/A0
04-21 12:49:19.326  2332  2664 W CoLibry : CAmFmEnvironment::setI2cDevicePath() -> No path provided for device type (2)
04-21 12:49:19.326  2332  2664 W CoLibry : CAmFmEnvironment::setI2cDevicePath() -> No path provided for device type (4)
04-21 12:49:19.326  2332  2664 W CoLibry : CAmFmEnvironment::setI2cDevicePath() -> No path provided for device type (6)
04-21 12:49:19.326  2332  2664 W CoLibry : CAmFmEnvironment::setI2cDevicePath() -> No path provided for device type (7)
04-21 12:49:19.326  2332  2664 W CoLibry : CAmFmEnvironment::setI2cDevicePath() -> No path provided for device type (8)
04-21 12:49:19.326  2332  2664 W CoLibry : CAmFmEnvironment::setI2cDevicePath() -> No path provided for device type (9)
04-21 12:49:19.326  2332  2664 W CoLibry : CAmFmEnvironment::setSpiDevicePath() -> No path provided for device type (0)
04-21 12:49:19.326  2332  2664 W CoLibry : CAmFmEnvironment::setSpiDevicePath() -> No path provided for device type (1)
04-21 12:49:19.326  2332  2664 W CoLibry : CAmFmEnvironment::setSpiDevicePath() -> No path provided for device type (2)
04-21 12:49:19.326  2332  2664 W CoLibry : CAmFmEnvironment::setSpiDevicePath() -> No path provided for device type (3)
04-21 12:49:19.326  2332  2664 W CoLibry : CAmFmEnvironment::setSpiDevicePath() -> No path provided for device type (5)
04-21 12:49:19.326  2332  2664 W CoLibry : CAmFmEnvironment::setSpiDevicePath() -> No path provided for device type (4)
04-21 12:49:19.326  2332  2664 W CoLibry : CAmFmEnvironment::setGpioDevicePath() -> No path provided for device type (1)
04-21 12:49:19.326  2332  2664 W CoLibry : CAmFmEnvironment::setGpioDevicePath() -> No path provided for device type (2)
04-21 12:49:19.326  2332  2664 W CoLibry : CAmFmEnvironment::setGpioDevicePath() -> No path provided for device type (4)
04-21 12:49:19.326  2332  2664 W CoLibry : CAmFmEnvironment::setGpioDevicePath() -> No path provided for device type (11)
04-21 12:49:19.326  2332  2664 W CoLibry : CAmFmEnvironment::setGpioDevicePath() -> No path provided for device type (13)
04-21 12:49:19.326  2332  2664 W CoLibry : CAmFmEnvironment::setGpioDevicePath() -> No path provided for device type (6)
04-21 12:49:19.326  2332  2664 W CoLibry : CAmFmEnvironment::setGpioDevicePath() -> No path provided for device type (7)
04-21 12:49:19.326  2332  2664 W CoLibry : CAmFmEnvironment::setGpioDevicePath() -> No path provided for device type (8)
04-21 12:49:19.326  2332  2664 W CoLibry : CAmFmEnvironment::setGpioDevicePath() -> No path provided for device type (9)
04-21 12:49:19.326  2332  2664 W CoLibry : CAmFmEnvironment::setGpioDevicePath() -> No path provided for device type (10)
04-21 12:49:19.326  2332  2664 W CoLibry : CAmFmEnvironment::setGpioDevicePath() -> No path provided for device type (17)
04-21 12:49:19.326  2332  2664 W CoLibry : CAmFmEnvironment::setGpioDevicePath() -> No path provided for device type (16)
04-21 12:49:19.326  2332  2664 W CoLibry : CAmFmEnvironment::setGpioDevicePath() -> No path provided for device type (15)
04-21 12:49:19.329  2332  2664 D qnxcomm : qnxcomm: created channel socket fd=53 in pid=2332
04-21 12:49:19.329  2332  2416 D qnxcomm : qnxcomm: accepted channel socket fd=58 from peer=/mp/connections/2332/57 (sequenceNr=1)
04-21 12:49:19.329  2332  2664 D qnxcomm : qnxcomm: connected socket fd=57 to pid=2332, chid=53, timeout=10 seconds
04-21 12:49:19.331  1974  2188 E vehicle_abstraction: setIPCReadGlobalAGroupSignalData Signal not found (groupSignal = 0x80F8) 
04-21 12:49:19.331  1974  2188 E vehicle_abstraction: setIPCReadGlobalAGroupSignalData Signal not found (groupSignal = 0x80F9) 
04-21 12:49:19.331  1974  2188 E vehicle_abstraction: setIPCReadGlobalAGroupSignalData Signal not found (groupSignal = 0x80FA) 
04-21 12:49:19.334  1974  2188 E vehicle_abstraction: CODIDynamicDataGroup::processRxGroupSignal ODI data (dataID = 58) not mapped (fucID = 7) 
04-21 12:49:19.335  2332  2653 D CoLibry : new persistent data 
04-21 12:49:19.335  2332  2664 D CoLibry : persistent data received
04-21 12:49:19.351  2355  2355 I pal/stdout: ..loading channel library "libdragondriveasrservice.so" for "DragonDriveAsrService" ...ok
04-21 12:49:19.355  1974  2188 E vehicle_abstraction: CODIDynamicDataGroup::processRxGroupSignal ODI data (dataID = 59) not mapped (fucID = 7) 
04-21 12:49:19.357  2332  2667 D qnxcomm : qnxcomm: created channel socket fd=60 in pid=2332
04-21 12:49:19.361  2332  2667 D qnxcomm : qnxcomm: connected socket fd=64 to pid=2332, chid=60, timeout=10 seconds
04-21 12:49:19.361  2332  2416 D qnxcomm : qnxcomm: accepted channel socket fd=65 from peer=/mp/connections/2332/64 (sequenceNr=2)
04-21 12:49:19.365  2332  2667 D qnxcomm : qnxcomm: created channel socket fd=66 in pid=2332
04-21 12:49:19.365  2332  2667 D qnxcomm : qnxcomm: connected socket fd=70 to pid=2332, chid=66, timeout=10 seconds
04-21 12:49:19.365  2332  2416 D qnxcomm : qnxcomm: accepted channel socket fd=71 from peer=/mp/connections/2332/70 (sequenceNr=3)
04-21 12:49:19.368  2544  2544 W isv-omxil: OMX IL core not found
04-21 12:49:19.374  1974  2188 E vehicle_abstraction: CODIDynamicDataGroup::processRxGroupSignal ODI data (dataID = 60) not mapped (fucID = 7) 
04-21 12:49:19.397  1974  2188 E vehicle_abstraction: CODIDynamicDataGroup::processRxGroupSignal ODI data (dataID = 61) not mapped (fucID = 7) 
04-21 12:49:19.413  1974  2188 E vehicle_abstraction: CODIDynamicDataGroupIntArrayMap::processODISignal No Mapping  (dataVal = 3)  (mAbstractionID = 433) 
04-21 12:49:19.460  1974  2188 E vehicle_abstraction: CODIDynamicDataGroup::processRxGroupSignal ODI data (dataID = 64) not mapped (fucID = 7) 
04-21 12:49:19.466  1974  2188 E vehicle_abstraction: CGlobalASignalMappings::signalInfoForAbstractionSignalID unmapped  abstractionID 4359
