04-21 12:49:18.572  2329  2329 D ethctrlmgr:  executeSwitchCmd(): pthread_cond_timedwait Ret Val = 0  
04-21 12:49:18.572  2329  2329 D ethctrlmgr: executeSwitchCmd(): response available for requested command 
04-21 12:49:18.572  2329  2329 V ethctrlmgr: executeSwitchCmd:completion time:1.286839 msec 
04-21 12:49:18.572  2329  2329 D ethctrlmgr: SPI write command execution successful
04-21 12:49:18.572  2329  2329 D ethctrlmgr: read success data bytes:0
04-21 12:49:18.572  2329  2329 D ethctrlmgr: SPI Read Bytes in hex:
04-21 12:49:18.573  2329  2329 V ethctrlmgr: iocIpcFd : 4  len : 2
04-21 12:49:18.573  2329  2329 D ethctrlmgr: SPI command len is:7
04-21 12:49:18.573  2329  2329 D ethctrlmgr: SPI write cmd in hex:0x
04-21 12:49:18.573  2329  2329 D ethctrlmgr: 21  
04-21 12:49:18.573  2329  2329 D ethctrlmgr: 09  
04-21 12:49:18.573  2329  2329 D ethctrlmgr: 8f  
04-21 12:49:18.573  2329  2329 D ethctrlmgr: 20  
04-21 12:49:18.573  2329  2329 D ethctrlmgr: 60  
04-21 12:49:18.573  2329  2329 D ethctrlmgr: 02  
04-21 12:49:18.573  2329  2329 D ethctrlmgr: 00  
04-21 12:49:18.573  2329  2329 D ethctrlmgr: data len to send IPC is 15
04-21 12:49:18.573  2329  2329 D ethctrlmgr: executeSwitchCmd:sent cmd req 15 bytes
04-21 12:49:18.573  2329  2329 D ethctrlmgr: executeSwitchCmd() diag command waiting for response from server 
04-21 12:49:18.574  2329  2365 V ethctrlmgr: readDataFromIocIpc():data avlbl from ioc ipc
04-21 12:49:18.574  2329  2365 D ethctrlmgr: readDataFromIocIpc():read data from IOC IPC
04-21 12:49:18.574  2329  2365 D ethctrlmgr: readDataFromIocIpc spawned. Waiting to read data
04-21 12:49:18.574  2329  2329 D ethctrlmgr:  executeSwitchCmd(): pthread_cond_timedwait Ret Val = 0  
04-21 12:49:18.574  2329  2329 D ethctrlmgr: executeSwitchCmd(): response available for requested command 
04-21 12:49:18.574  2329  2329 V ethctrlmgr: executeSwitchCmd:completion time:1.352387 msec 
04-21 12:49:18.574  2329  2329 D ethctrlmgr: SPI write command execution successful
04-21 12:49:18.574  2329  2329 D ethctrlmgr: read success data bytes:0
04-21 12:49:18.574  2329  2329 D ethctrlmgr: SPI Read Bytes in hex:
04-21 12:49:18.574  2329  2329 V ethctrlmgr: iocIpcFd : 4  len : 2
04-21 12:49:18.574  2329  2329 D ethctrlmgr: SPI command len is:7
04-21 12:49:18.574  2329  2329 D ethctrlmgr: SPI write cmd in hex:0x
04-21 12:49:18.574  2329  2329 D ethctrlmgr: 21  
04-21 12:49:18.574  2329  2329 D ethctrlmgr: 09  
04-21 12:49:18.574  2329  2329 D ethctrlmgr: 8f  
04-21 12:49:18.574  2329  2329 D ethctrlmgr: 25  
04-21 12:49:18.574  2329  2329 D ethctrlmgr: 40  
04-21 12:49:18.574  2329  2329 D ethctrlmgr: 00  
04-21 12:49:18.574  2329  2329 D ethctrlmgr: 40  
04-21 12:49:18.574  2329  2329 D ethctrlmgr: data len to send IPC is 15
04-21 12:49:18.574  2329  2329 D ethctrlmgr: executeSwitchCmd:sent cmd req 15 bytes
04-21 12:49:18.574  2329  2329 D ethctrlmgr: executeSwitchCmd() diag command waiting for response from server 
04-21 12:49:18.575  2329  2365 V ethctrlmgr: readDataFromIocIpc():data avlbl from ioc ipc
04-21 12:49:18.575  2329  2365 D ethctrlmgr: readDataFromIocIpc():read data from IOC IPC
04-21 12:49:18.575  2329  2365 D ethctrlmgr: readDataFromIocIpc spawned. Waiting to read data
04-21 12:49:18.575  2329  2329 D ethctrlmgr:  executeSwitchCmd(): pthread_cond_timedwait Ret Val = 0  
04-21 12:49:18.575  2329  2329 D ethctrlmgr: executeSwitchCmd(): response available for requested command 
04-21 12:49:18.575  2329  2329 V ethctrlmgr: executeSwitchCmd:completion time:1.299588 msec 
04-21 12:49:18.575  2329  2329 D ethctrlmgr: SPI write command execution successful
04-21 12:49:18.575  2329  2329 D ethctrlmgr: read success data bytes:0
04-21 12:49:18.575  2329  2329 D ethctrlmgr: SPI Read Bytes in hex:
04-21 12:49:18.575  2329  2329 V ethctrlmgr: iocIpcFd : 4  len : 2
04-21 12:49:18.576  2329  2329 D ethctrlmgr: SPI command len is:7
04-21 12:49:18.576  2329  2329 D ethctrlmgr: SPI write cmd in hex:0x
04-21 12:49:18.576  2329  2329 D ethctrlmgr: 21  
04-21 12:49:18.576  2329  2329 D ethctrlmgr: 09  
04-21 12:49:18.576  2329  2329 D ethctrlmgr: 8f  
04-21 12:49:18.576  2329  2329 D ethctrlmgr: 26  
04-21 12:49:18.576  2329  2329 D ethctrlmgr: 28  
04-21 12:49:18.576  2329  2329 D ethctrlmgr: 00  
04-21 12:49:18.576  2329  2329 D ethctrlmgr: 08  
04-21 12:49:18.576  2329  2329 D ethctrlmgr: data len to send IPC is 15
04-21 12:49:18.576  2329  2329 D ethctrlmgr: executeSwitchCmd:sent cmd req 15 bytes
04-21 12:49:18.576  2329  2329 D ethctrlmgr: executeSwitchCmd() diag command waiting for response from server 
04-21 12:49:18.577  2329  2365 V ethctrlmgr: readDataFromIocIpc():data avlbl from ioc ipc
04-21 12:49:18.577  2329  2365 D ethctrlmgr: readDataFromIocIpc():read data from IOC IPC
04-21 12:49:18.577  2329  2365 D ethctrlmgr: readDataFromIocIpc spawned. Waiting to read data
04-21 12:49:18.577  2329  2329 D ethctrlmgr:  executeSwitchCmd(): pthread_cond_timedwait Ret Val = 0  
04-21 12:49:18.577  2329  2329 D ethctrlmgr: executeSwitchCmd(): response available for requested command 
04-21 12:49:18.577  2329  2329 V ethctrlmgr: executeSwitchCmd:completion time:1.285257 msec 
04-21 12:49:18.577  2329  2329 D ethctrlmgr: SPI write command execution successful
04-21 12:49:18.577  2329  2329 D ethctrlmgr: read success data bytes:0
04-21 12:49:18.577  2329  2329 D ethctrlmgr: SPI Read Bytes in hex:
04-21 12:49:18.577  2329  2329 V ethctrlmgr: iocIpcFd : 4  len : 2
04-21 12:49:18.577  2329  2329 D ethctrlmgr: SPI command len is:7
04-21 12:49:18.577  2329  2329 D ethctrlmgr: SPI write cmd in hex:0x
04-21 12:49:18.577  2329  2329 D ethctrlmgr: 21  
04-21 12:49:18.577  2329  2329 D ethctrlmgr: 09  
04-21 12:49:18.577  2329  2329 D ethctrlmgr: 8f  
04-21 12:49:18.577  2329  2329 D ethctrlmgr: 26  
04-21 12:49:18.577  2329  2329 D ethctrlmgr: 28  
04-21 12:49:18.577  2329  2329 D ethctrlmgr: 40  
04-21 12:49:18.577  2329  2329 D ethctrlmgr: 08  
04-21 12:49:18.577  2329  2329 D ethctrlmgr: data len to send IPC is 15
04-21 12:49:18.577  2329  2329 D ethctrlmgr: executeSwitchCmd:sent cmd req 15 bytes
04-21 12:49:18.577  2329  2329 D ethctrlmgr: executeSwitchCmd() diag command waiting for response from server 
04-21 12:49:18.579  2329  2365 V ethctrlmgr: readDataFromIocIpc():data avlbl from ioc ipc
04-21 12:49:18.579  2329  2365 D ethctrlmgr: readDataFromIocIpc():read data from IOC IPC
04-21 12:49:18.579  2329  2365 D ethctrlmgr: readDataFromIocIpc spawned. Waiting to read data
04-21 12:49:18.579  2329  2329 D ethctrlmgr:  executeSwitchCmd(): pthread_cond_timedwait Ret Val = 0  
04-21 12:49:18.579  2329  2329 D ethctrlmgr: executeSwitchCmd(): response available for requested command 
04-21 12:49:18.579  2329  2329 V ethctrlmgr: executeSwitchCmd:completion time:1.614316 msec 
04-21 12:49:18.579  2329  2329 D ethctrlmgr: SPI write command execution successful
04-21 12:49:18.579  2329  2329 D ethctrlmgr: read success data bytes:0
04-21 12:49:18.579  2329  2329 D ethctrlmgr: SPI Read Bytes in hex:
04-21 12:49:18.579  2329  2329 V ethctrlmgr: iocIpcFd : 4  len : 2
04-21 12:49:18.579  2329  2329 D ethctrlmgr: SPI command len is:7
04-21 12:49:18.579  2329  2329 D ethctrlmgr: SPI write cmd in hex:0x
04-21 12:49:18.579  2329  2329 D ethctrlmgr: 21  
04-21 12:49:18.579  2329  2329 D ethctrlmgr: 09  
04-21 12:49:18.579  2329  2329 D ethctrlmgr: 8f  
04-21 12:49:18.579  2329  2329 D ethctrlmgr: 25  
04-21 12:49:18.579  2329  2329 D ethctrlmgr: 40  
04-21 12:49:18.579  2329  2329 D ethctrlmgr: 00  
04-21 12:49:18.579  2329  2329 D ethctrlmgr: 00  
04-21 12:49:18.579  2329  2329 D ethctrlmgr: data len to send IPC is 15
04-21 12:49:18.579  2329  2329 D ethctrlmgr: executeSwitchCmd:sent cmd req 15 bytes
04-21 12:49:18.579  2329  2329 D ethctrlmgr: executeSwitchCmd() diag command waiting for response from server 
04-21 12:49:18.580  2395  2520 I chatty  : uid=1013(media) alsa-source-rsi expire 4 lines
04-21 12:49:18.583  2306  2360 E cutils  : Failed to rename /data/data/gmlogger/indices/.DnVKmz to /data/data/gmlogger/indices/: Not a directory
04-21 12:49:18.592  2329  2365 V ethctrlmgr: readDataFromIocIpc():data avlbl from ioc ipc
04-21 12:49:18.592  2329  2365 D ethctrlmgr: readDataFromIocIpc():read data from IOC IPC
04-21 12:49:18.592  2329  2365 D ethctrlmgr: readDataFromIocIpc spawned. Waiting to read data
04-21 12:49:18.592  2329  2329 D ethctrlmgr:  executeSwitchCmd(): pthread_cond_timedwait Ret Val = 0  
04-21 12:49:18.592  2329  2329 D ethctrlmgr: executeSwitchCmd(): response available for requested command 
04-21 12:49:18.592  2329  2329 V ethctrlmgr: executeSwitchCmd:completion time:12.765521 msec 
04-21 12:49:18.592  2329  2329 D ethctrlmgr: SPI write command execution successful
04-21 12:49:18.592  2329  2329 D ethctrlmgr: read success data bytes:0
04-21 12:49:18.592  2329  2329 D ethctrlmgr: SPI Read Bytes in hex:
04-21 12:49:18.592  2329  2329 D ethctrlmgr: SPI read cmd in hex:0x
04-21 12:49:18.592  2329  2329 D ethctrlmgr: 05 
04-21 12:49:18.592  2329  2329 D ethctrlmgr: 09 
04-21 12:49:18.592  2329  2329 D ethctrlmgr: 8f 
04-21 12:49:18.592  2329  2329 D ethctrlmgr: 25 
04-21 12:49:18.592  2329  2329 D ethctrlmgr: 40 
04-21 12:49:18.592  2329  2329 D ethctrlmgr: 00 
04-21 12:49:18.592  2329  2329 D ethctrlmgr: 00 
04-21 12:49:18.592  2329  2329 D ethctrlmgr: 00 
04-21 12:49:18.592  2329  2329 D ethctrlmgr: 00 
04-21 12:49:18.592  2329  2329 D ethctrlmgr: data len to send over IPC is:17
04-21 12:49:18.592  2329  2329 D ethctrlmgr: executeSwitchCmd:sent cmd req 17 bytes
04-21 12:49:18.592  2329  2329 D ethctrlmgr: executeSwitchCmd() diag command waiting for response from server 
04-21 12:49:18.593  2395  2525 I chatty  : uid=1013(media) alsa-source-tcp expire 4 lines
04-21 12:49:18.593  2329  2365 V ethctrlmgr: readDataFromIocIpc():data avlbl from ioc ipc
04-21 12:49:18.593  2329  2365 D ethctrlmgr: readDataFromIocIpc():read data from IOC IPC
04-21 12:49:18.593  2329  2365 D ethctrlmgr: readDataFromIocIpc spawned. Waiting to read data
04-21 12:49:18.593  2329  2329 D ethctrlmgr:  executeSwitchCmd(): pthread_cond_timedwait Ret Val = 0  
04-21 12:49:18.593  2329  2329 D ethctrlmgr: executeSwitchCmd(): response available for requested command 
04-21 12:49:18.593  2329  2329 V ethctrlmgr: executeSwitchCmd:completion time:1.509364 msec 
04-21 12:49:18.593  2329  2329 D ethctrlmgr: readBcmRaw(): SPI read command execution successful
04-21 12:49:18.593  2329  2329 D ethctrlmgr: SPI Read Bytes:
04-21 12:49:18.593  2329  2329 D ethctrlmgr: ff 
04-21 12:49:18.593  2329  2329 D ethctrlmgr: ff 
04-21 12:49:18.593  2329  2329 D ethctrlmgr: ff 
04-21 12:49:18.593  2329  2329 D ethctrlmgr: ff 
04-21 12:49:18.593  2329  2329 D ethctrlmgr: ff 
04-21 12:49:18.593  2329  2329 D ethctrlmgr: 00 
04-21 12:49:18.593  2329  2329 D ethctrlmgr: 00 
04-21 12:49:18.593  2329  2329 D ethctrlmgr: 00 
04-21 12:49:18.593  2329  2329 D ethctrlmgr: 08 
04-21 12:49:18.593  2329  2329 D ethctrlmgr: 00 
04-21 12:49:18.593  2329  2329 D ethctrlmgr: 00 
04-21 12:49:18.593  2329  2329 D ethctrlmgr: 00 
04-21 12:49:18.593  2329  2329 D ethctrlmgr: 00 
04-21 12:49:18.593  2329  2329 D ethctrlmgr: 00 
04-21 12:49:18.593  2329  2329 D ethctrlmgr: 00
04-21 12:49:18.593  2329  2329 D ethctrlmgr: SPI read cmd in hex:0x
04-21 12:49:18.593  2329  2329 D ethctrlmgr: 05 
04-21 12:49:18.593  2329  2329 D ethctrlmgr: 09 
04-21 12:49:18.593  2329  2329 D ethctrlmgr: 8f 
04-21 12:49:18.594  2329  2329 D ethctrlmgr: 25 
04-21 12:49:18.594  2329  2329 D ethctrlmgr: 42 
04-21 12:49:18.594  2329  2329 D ethctrlmgr: 00 
04-21 12:49:18.594  2329  2329 D ethctrlmgr: 00 
04-21 12:49:18.594  2329  2329 D ethctrlmgr: 00 
04-21 12:49:18.594  2329  2329 D ethctrlmgr: 00 
04-21 12:49:18.594  2329  2329 D ethctrlmgr: data len to send over IPC is:17
04-21 12:49:18.594  2329  2329 D ethctrlmgr: executeSwitchCmd:sent cmd req 17 bytes
04-21 12:49:18.594  2329  2329 D ethctrlmgr: executeSwitchCmd() diag command waiting for response from server 
04-21 12:49:18.595  2306  2360 D GMLoggerService: loadLoggerPreferences
04-21 12:49:18.595  2332  2332 D CoLibry : Binary persistence for 'TunerMain' is empty. Expected 2795 scopes.
04-21 12:49:18.595  2329  2365 V ethctrlmgr: readDataFromIocIpc():data avlbl from ioc ipc
04-21 12:49:18.595  2329  2365 D ethctrlmgr: readDataFromIocIpc():read data from IOC IPC
04-21 12:49:18.596  2329  2365 D ethctrlmgr: readDataFromIocIpc spawned. Waiting to read data
04-21 12:49:18.596  2329  2329 D ethctrlmgr:  executeSwitchCmd(): pthread_cond_timedwait Ret Val = 0  
04-21 12:49:18.596  2329  2329 D ethctrlmgr: executeSwitchCmd(): response available for requested command 
04-21 12:49:18.596  2329  2329 V ethctrlmgr: executeSwitchCmd:completion time:1.961675 msec 
04-21 12:49:18.596  2329  2329 D ethctrlmgr: readBcmRaw(): SPI read command execution successful
04-21 12:49:18.596  2329  2329 D ethctrlmgr: SPI Read Bytes:
04-21 12:49:18.596  2329  2329 D ethctrlmgr: ff 
04-21 12:49:18.596  2329  2329 D ethctrlmgr: ff 
04-21 12:49:18.596  2329  2329 D ethctrlmgr: ff 
04-21 12:49:18.596  2329  2329 D ethctrlmgr: ff 
04-21 12:49:18.596  2329  2329 D ethctrlmgr: ff 
04-21 12:49:18.596  2329  2329 D ethctrlmgr: 00 
04-21 12:49:18.596  2329  2329 D ethctrlmgr: 00 
04-21 12:49:18.596  2329  2329 D ethctrlmgr: 00 
04-21 12:49:18.596  2329  2329 D ethctrlmgr: 00 
04-21 12:49:18.596  2329  2329 D ethctrlmgr: 00 
04-21 12:49:18.596  2329  2329 D ethctrlmgr: 00 
04-21 12:49:18.596  2329  2329 D ethctrlmgr: 00 
04-21 12:49:18.596  2329  2329 D ethctrlmgr: 00 
04-21 12:49:18.596  2329  2329 D ethctrlmgr: 00 
04-21 12:49:18.596  2329  2329 D ethctrlmgr: 00
04-21 12:49:18.596  2329  2329 D ethctrlmgr: SPI read cmd in hex:0x
04-21 12:49:18.596  2329  2329 D ethctrlmgr: 05 
04-21 12:49:18.596  2329  2329 D ethctrlmgr: 09 
04-21 12:49:18.596  2329  2329 D ethctrlmgr: 8f 
04-21 12:49:18.596  2329  2329 D ethctrlmgr: 25 
04-21 12:49:18.596  2329  2329 D ethctrlmgr: 44 
04-21 12:49:18.596  2329  2329 D ethctrlmgr: 00 
04-21 12:49:18.596  2329  2329 D ethctrlmgr: 00 
04-21 12:49:18.596  2329  2329 D ethctrlmgr: 00 
04-21 12:49:18.596  2329  2329 D ethctrlmgr: 00 
04-21 12:49:18.596  2329  2329 D ethctrlmgr: data len to send over IPC is:17
04-21 12:49:18.596  2329  2329 D ethctrlmgr: executeSwitchCmd:sent cmd req 17 bytes
04-21 12:49:18.596  2329  2329 D ethctrlmgr: executeSwitchCmd() diag command waiting for response from server 
04-21 12:49:18.598  2329  2365 V ethctrlmgr: readDataFromIocIpc():data avlbl from ioc ipc
04-21 12:49:18.598  2329  2365 D ethctrlmgr: readDataFromIocIpc():read data from IOC IPC
04-21 12:49:18.598  2329  2365 D ethctrlmgr: readDataFromIocIpc spawned. Waiting to read data
04-21 12:49:18.598  2329  2329 D ethctrlmgr:  executeSwitchCmd(): pthread_cond_timedwait Ret Val = 0  
04-21 12:49:18.598  2329  2329 D ethctrlmgr: executeSwitchCmd(): response available for requested command 
04-21 12:49:18.598  2329  2329 V ethctrlmgr: executeSwitchCmd:completion time:2.645673 msec 
04-21 12:49:18.598  2329  2329 D ethctrlmgr: readBcmRaw(): SPI read command execution successful
04-21 12:49:18.598  2329  2329 D ethctrlmgr: SPI Read Bytes:
04-21 12:49:18.598  2329  2329 D ethctrlmgr: ff 
04-21 12:49:18.598  2329  2329 D ethctrlmgr: ff 
04-21 12:49:18.598  2329  2329 D ethctrlmgr: ff 
04-21 12:49:18.598  2329  2329 D ethctrlmgr: ff 
04-21 12:49:18.599  2329  2329 D ethctrlmgr: ff 
04-21 12:49:18.599  2329  2329 D ethctrlmgr: 00 
04-21 12:49:18.599  2329  2329 D ethctrlmgr: 00 
04-21 12:49:18.599  2329  2329 D ethctrlmgr: ff 
04-21 12:49:18.599  2329  2329 D ethctrlmgr: ff 
04-21 12:49:18.599  2329  2329 D ethctrlmgr: 00 
04-21 12:49:18.599  2329  2329 D ethctrlmgr: 00 
04-21 12:49:18.599  2329  2329 D ethctrlmgr: 00 
04-21 12:49:18.599  2329  2329 D ethctrlmgr: 00 
04-21 12:49:18.599  2329  2329 D ethctrlmgr: 00 
04-21 12:49:18.599  2329  2329 D ethctrlmgr: 00
04-21 12:49:18.599  2329  2329 D ethctrlmgr: SPI read cmd in hex:0x
04-21 12:49:18.599  2329  2329 D ethctrlmgr: 05 
04-21 12:49:18.599  2329  2329 D ethctrlmgr: 09 
04-21 12:49:18.599  2329  2329 D ethctrlmgr: 8f 
04-21 12:49:18.599  2329  2329 D ethctrlmgr: 25 
04-21 12:49:18.599  2329  2329 D ethctrlmgr: 46 
04-21 12:49:18.599  2329  2329 D ethctrlmgr: 00 
04-21 12:49:18.599  2329  2329 D ethctrlmgr: 00 
04-21 12:49:18.599  2329  2329 D ethctrlmgr: 00 
04-21 12:49:18.599  2329  2329 D ethctrlmgr: 00 
04-21 12:49:18.599  2329  2329 D ethctrlmgr: data len to send over IPC is:17
04-21 12:49:18.599  2329  2329 D ethctrlmgr: executeSwitchCmd:sent cmd req 17 bytes
04-21 12:49:18.599  2329  2329 D ethctrlmgr: executeSwitchCmd() diag command waiting for response from server 
04-21 12:49:18.600  2329  2365 V ethctrlmgr: readDataFromIocIpc():data avlbl from ioc ipc
04-21 12:49:18.600  2329  2365 D ethctrlmgr: readDataFromIocIpc():read data from IOC IPC
04-21 12:49:18.600  2329  2365 D ethctrlmgr: readDataFromIocIpc spawned. Waiting to read data
04-21 12:49:18.600  2329  2329 D ethctrlmgr:  executeSwitchCmd(): pthread_cond_timedwait Ret Val = 0  
04-21 12:49:18.600  2329  2329 D ethctrlmgr: executeSwitchCmd(): response available for requested command 
04-21 12:49:18.600  2329  2329 V ethctrlmgr: executeSwitchCmd:completion time:1.656861 msec 
04-21 12:49:18.600  2329  2329 D ethctrlmgr: readBcmRaw(): SPI read command execution successful
04-21 12:49:18.600  2329  2329 D ethctrlmgr: SPI Read Bytes:
04-21 12:49:18.600  2329  2329 D ethctrlmgr: ff 
04-21 12:49:18.600  2329  2329 D ethctrlmgr: ff 
04-21 12:49:18.600  2329  2329 D ethctrlmgr: ff 
04-21 12:49:18.600  2329  2329 D ethctrlmgr: ff 
04-21 12:49:18.600  2329  2329 D ethctrlmgr: ff 
04-21 12:49:18.600  2329  2329 D ethctrlmgr: 80 
04-21 12:49:18.600  2329  2329 D ethctrlmgr: 00 
04-21 12:49:18.600  2329  2329 D ethctrlmgr: 00 
04-21 12:49:18.600  2329  2329 D ethctrlmgr: 00 
04-21 12:49:18.600  2329  2329 D ethctrlmgr: 00 
04-21 12:49:18.600  2329  2329 D ethctrlmgr: 00 
04-21 12:49:18.600  2329  2329 D ethctrlmgr: 00 
04-21 12:49:18.600  2329  2329 D ethctrlmgr: 00 
04-21 12:49:18.600  2329  2329 D ethctrlmgr: 00 
04-21 12:49:18.600  2329  2329 D ethctrlmgr: 00
04-21 12:49:18.600  2329  2329 D ethctrlmgr: SPI read cmd in hex:0x
04-21 12:49:18.600  2329  2329 D ethctrlmgr: 05 
04-21 12:49:18.600  2329  2329 D ethctrlmgr: 09 
04-21 12:49:18.600  2329  2329 D ethctrlmgr: 8f 
04-21 12:49:18.601  2329  2329 D ethctrlmgr: 25 
04-21 12:49:18.601  2329  2329 D ethctrlmgr: 48 
04-21 12:49:18.601  2329  2329 D ethctrlmgr: 00 
04-21 12:49:18.601  2329  2329 D ethctrlmgr: 00 
04-21 12:49:18.601  2329  2329 D ethctrlmgr: 00 
04-21 12:49:18.601  2329  2329 D ethctrlmgr: 00 
04-21 12:49:18.601  2329  2329 D ethctrlmgr: data len to send over IPC is:17
04-21 12:49:18.601  2329  2329 D ethctrlmgr: executeSwitchCmd:sent cmd req 17 bytes
04-21 12:49:18.601  2329  2329 D ethctrlmgr: executeSwitchCmd() diag command waiting for response from server 
04-21 12:49:18.602  2329  2365 V ethctrlmgr: readDataFromIocIpc():data avlbl from ioc ipc
04-21 12:49:18.602  2329  2365 D ethctrlmgr: readDataFromIocIpc():read data from IOC IPC
04-21 12:49:18.602  2329  2365 D ethctrlmgr: readDataFromIocIpc spawned. Waiting to read data
04-21 12:49:18.602  2329  2329 D ethctrlmgr:  executeSwitchCmd(): pthread_cond_timedwait Ret Val = 0  
04-21 12:49:18.602  2329  2329 D ethctrlmgr: executeSwitchCmd(): response available for requested command 
04-21 12:49:18.602  2329  2329 V ethctrlmgr: executeSwitchCmd:completion time:1.841091 msec 
04-21 12:49:18.602  2329  2329 D ethctrlmgr: readBcmRaw(): SPI read command execution successful
04-21 12:49:18.602  2329  2329 D ethctrlmgr: SPI Read Bytes:
04-21 12:49:18.602  2329  2329 D ethctrlmgr: ff 
04-21 12:49:18.602  2329  2329 D ethctrlmgr: ff 
04-21 12:49:18.602  2329  2329 D ethctrlmgr: ff 
04-21 12:49:18.602  2329  2329 D ethctrlmgr: ff 
04-21 12:49:18.602  2329  2329 D ethctrlmgr: ff 
04-21 12:49:18.602  2329  2329 D ethctrlmgr: 00 
04-21 12:49:18.602  2329  2329 D ethctrlmgr: 00 
04-21 12:49:18.602  2329  2329 D ethctrlmgr: 03 
04-21 12:49:18.602  2329  2329 D ethctrlmgr: ff 
04-21 12:49:18.602  2329  2329 D ethctrlmgr: 00 
04-21 12:49:18.603  2329  2329 D ethctrlmgr: 00 
04-21 12:49:18.603  2329  2329 D ethctrlmgr: 00 
04-21 12:49:18.603  2329  2329 D ethctrlmgr: 00 
04-21 12:49:18.603  2329  2329 D ethctrlmgr: 00 
04-21 12:49:18.603  2329  2329 D ethctrlmgr: 00
04-21 12:49:18.603  2329  2329 D ethctrlmgr: SPI read cmd in hex:0x
04-21 12:49:18.603  2329  2329 D ethctrlmgr: 05 
04-21 12:49:18.603  2329  2329 D ethctrlmgr: 09 
04-21 12:49:18.603  2329  2329 D ethctrlmgr: 8f 
04-21 12:49:18.603  2329  2329 D ethctrlmgr: 25 
04-21 12:49:18.603  2329  2329 D ethctrlmgr: 4a 
04-21 12:49:18.603  2329  2329 D ethctrlmgr: 00 
04-21 12:49:18.603  2329  2329 D ethctrlmgr: 00 
04-21 12:49:18.603  2329  2329 D ethctrlmgr: 00 
04-21 12:49:18.603  2329  2329 D ethctrlmgr: 00 
04-21 12:49:18.603  2329  2329 D ethctrlmgr: data len to send over IPC is:17
04-21 12:49:18.603  2329  2329 D ethctrlmgr: executeSwitchCmd:sent cmd req 17 bytes
04-21 12:49:18.603  2329  2329 D ethctrlmgr: executeSwitchCmd() diag command waiting for response from server 
04-21 12:49:18.604  2329  2365 V ethctrlmgr: readDataFromIocIpc():data avlbl from ioc ipc
04-21 12:49:18.604  2329  2365 D ethctrlmgr: readDataFromIocIpc():read data from IOC IPC
04-21 12:49:18.604  2329  2365 D ethctrlmgr: readDataFromIocIpc spawned. Waiting to read data
04-21 12:49:18.604  2329  2329 D ethctrlmgr:  executeSwitchCmd(): pthread_cond_timedwait Ret Val = 0  
04-21 12:49:18.604  2329  2329 D ethctrlmgr: executeSwitchCmd(): response available for requested command 
04-21 12:49:18.604  2329  2329 V ethctrlmgr: executeSwitchCmd:completion time:1.696820 msec 
04-21 12:49:18.604  2329  2329 D ethctrlmgr: readBcmRaw(): SPI read command execution successful
04-21 12:49:18.604  2329  2329 D ethctrlmgr: SPI Read Bytes:
04-21 12:49:18.604  2329  2329 D ethctrlmgr: ff 
04-21 12:49:18.604  2329  2329 D ethctrlmgr: ff 
04-21 12:49:18.604  2329  2329 D ethctrlmgr: ff 
04-21 12:49:18.604  2329  2329 D ethctrlmgr: ff 
04-21 12:49:18.604  2329  2329 D ethctrlmgr: ff 
04-21 12:49:18.604  2329  2329 D ethctrlmgr: 00 
04-21 12:49:18.604  2329  2329 D ethctrlmgr: 00 
04-21 12:49:18.604  2329  2329 D ethctrlmgr: 00 
04-21 12:49:18.604  2329  2329 D ethctrlmgr: 00 
04-21 12:49:18.604  2329  2329 D ethctrlmgr: 00 
04-21 12:49:18.604  2329  2329 D ethctrlmgr: 00 
04-21 12:49:18.604  2329  2329 D ethctrlmgr: 00 
04-21 12:49:18.604  2329  2329 D ethctrlmgr: 00 
04-21 12:49:18.604  2329  2329 D ethctrlmgr: 00 
04-21 12:49:18.604  2329  2329 D ethctrlmgr: 00
04-21 12:49:18.605  2329  2329 D ethctrlmgr: SPI read cmd in hex:0x
04-21 12:49:18.605  2329  2329 D ethctrlmgr: 05 
04-21 12:49:18.605  2329  2329 D ethctrlmgr: 09 
04-21 12:49:18.605  2329  2329 D ethctrlmgr: 8f 
04-21 12:49:18.605  2329  2329 D ethctrlmgr: 25 
04-21 12:49:18.605  2329  2329 D ethctrlmgr: 4c 
04-21 12:49:18.605  2329  2329 D ethctrlmgr: 00 
04-21 12:49:18.605  2329  2329 D ethctrlmgr: 00 
04-21 12:49:18.605  2329  2329 D ethctrlmgr: 00 
04-21 12:49:18.605  2329  2329 D ethctrlmgr: 00 
04-21 12:49:18.605  2329  2329 D ethctrlmgr: data len to send over IPC is:17
04-21 12:49:18.605  2329  2329 D ethctrlmgr: executeSwitchCmd:sent cmd req 17 bytes
04-21 12:49:18.605  2329  2329 D ethctrlmgr: executeSwitchCmd() diag command waiting for response from server 
04-21 12:49:18.606  2329  2365 V ethctrlmgr: readDataFromIocIpc():data avlbl from ioc ipc
04-21 12:49:18.606  2329  2365 D ethctrlmgr: readDataFromIocIpc():read data from IOC IPC
04-21 12:49:18.606  2329  2365 D ethctrlmgr: readDataFromIocIpc spawned. Waiting to read data
04-21 12:49:18.607  2329  2329 D ethctrlmgr:  executeSwitchCmd(): pthread_cond_timedwait Ret Val = 0  
04-21 12:49:18.607  2329  2329 D ethctrlmgr: executeSwitchCmd(): response available for requested command 
04-21 12:49:18.607  2329  2329 V ethctrlmgr: executeSwitchCmd:completion time:1.844970 msec 
04-21 12:49:18.607  2329  2329 D ethctrlmgr: readBcmRaw(): SPI read command execution successful
04-21 12:49:18.607  2329  2329 D ethctrlmgr: SPI Read Bytes:
04-21 12:49:18.607  2329  2329 D ethctrlmgr: ff 
04-21 12:49:18.607  2329  2329 D ethctrlmgr: ff 
04-21 12:49:18.607  2329  2329 D ethctrlmgr: ff 
04-21 12:49:18.607  2329  2329 D ethctrlmgr: ff 
04-21 12:49:18.607  2329  2329 D ethctrlmgr: ff 
04-21 12:49:18.607  2329  2329 D ethctrlmgr: 00 
04-21 12:49:18.607  2329  2329 D ethctrlmgr: 00 
04-21 12:49:18.607  2329  2329 D ethctrlmgr: 03 
04-21 12:49:18.607  2329  2329 D ethctrlmgr: ff 
04-21 12:49:18.607  2329  2329 D ethctrlmgr: 00 
04-21 12:49:18.607  2329  2329 D ethctrlmgr: 00 
04-21 12:49:18.607  2329  2329 D ethctrlmgr: 00 
04-21 12:49:18.607  2329  2329 D ethctrlmgr: 00 
04-21 12:49:18.607  2329  2329 D ethctrlmgr: 00 
04-21 12:49:18.607  2329  2329 D ethctrlmgr: 00
04-21 12:49:18.607  2329  2329 D ethctrlmgr: port=2 expC C0=0008 C1=0000 C2=ffff C3=0000 C4=03ff C5=0000 C6=03ff
04-21 12:49:18.607  2329  2329 V ethctrlmgr: iocIpcFd : 4  len : 2
04-21 12:49:18.607  2329  2329 D ethctrlmgr: SPI command len is:7
04-21 12:49:18.607  2329  2329 D ethctrlmgr: SPI write cmd in hex:0x
04-21 12:49:18.607  2329  2329 D ethctrlmgr: 21  
04-21 12:49:18.607  2329  2329 D ethctrlmgr: 09  
04-21 12:49:18.607  2329  2329 D ethctrlmgr: 8f  
04-21 12:49:18.607  2329  2329 D ethctrlmgr: 25  
04-21 12:49:18.607  2329  2329 D ethctrlmgr: 40  
04-21 12:49:18.607  2329  2329 D ethctrlmgr: 24  
04-21 12:49:18.607  2329  2329 D ethctrlmgr: 00  
04-21 12:49:18.607  2329  2329 D ethctrlmgr: data len to send IPC is 15
04-21 12:49:18.607  2329  2329 D ethctrlmgr: executeSwitchCmd:sent cmd req 15 bytes
04-21 12:49:18.607  2329  2329 D ethctrlmgr: executeSwitchCmd() diag command waiting for response from server 
04-21 12:49:18.608  2329  2365 V ethctrlmgr: readDataFromIocIpc():data avlbl from ioc ipc
04-21 12:49:18.608  2329  2365 D ethctrlmgr: readDataFromIocIpc():read data from IOC IPC
04-21 12:49:18.608  2329  2365 D ethctrlmgr: readDataFromIocIpc spawned. Waiting to read data
04-21 12:49:18.608  2329  2329 D ethctrlmgr:  executeSwitchCmd(): pthread_cond_timedwait Ret Val = 0  
04-21 12:49:18.608  2329  2329 D ethctrlmgr: executeSwitchCmd(): response available for requested command 
04-21 12:49:18.608  2329  2329 V ethctrlmgr: executeSwitchCmd:completion time:1.369929 msec 
04-21 12:49:18.608  2329  2329 D ethctrlmgr: SPI write command execution successful
04-21 12:49:18.608  2329  2329 D ethctrlmgr: read success data bytes:0
04-21 12:49:18.608  2329  2329 D ethctrlmgr: SPI Read Bytes in hex:
04-21 12:49:18.608  2329  2329 V ethctrlmgr: iocIpcFd : 4  len : 2
04-21 12:49:18.608  2329  2329 D ethctrlmgr: SPI command len is:7
04-21 12:49:18.608  2329  2329 D ethctrlmgr: SPI write cmd in hex:0x
04-21 12:49:18.608  2329  2329 D ethctrlmgr: 21  
04-21 12:49:18.608  2329  2329 D ethctrlmgr: 09  
04-21 12:49:18.608  2329  2329 D ethctrlmgr: 8f  
04-21 12:49:18.608  2329  2329 D ethctrlmgr: 25  
04-21 12:49:18.608  2329  2329 D ethctrlmgr: 40  
04-21 12:49:18.608  2329  2329 D ethctrlmgr: a0  
04-21 12:49:18.608  2329  2329 D ethctrlmgr: 00  
04-21 12:49:18.608  2329  2329 D ethctrlmgr: data len to send IPC is 15
04-21 12:49:18.608  2329  2329 D ethctrlmgr: executeSwitchCmd:sent cmd req 15 bytes
04-21 12:49:18.608  2329  2329 D ethctrlmgr: executeSwitchCmd() diag command waiting for response from server 
04-21 12:49:18.610  2329  2365 V ethctrlmgr: readDataFromIocIpc():data avlbl from ioc ipc
04-21 12:49:18.610  2329  2365 D ethctrlmgr: readDataFromIocIpc():read data from IOC IPC
04-21 12:49:18.610  2329  2365 D ethctrlmgr: readDataFromIocIpc spawned. Waiting to read data
04-21 12:49:18.610  2329  2329 D ethctrlmgr:  executeSwitchCmd(): pthread_cond_timedwait Ret Val = 0  
04-21 12:49:18.610  2329  2329 D ethctrlmgr: executeSwitchCmd(): response available for requested command 
04-21 12:49:18.610  2329  2329 V ethctrlmgr: executeSwitchCmd:completion time:1.725258 msec 
04-21 12:49:18.610  2329  2329 D ethctrlmgr: SPI write command execution successful
04-21 12:49:18.610  2329  2329 D ethctrlmgr: read success data bytes:0
04-21 12:49:18.610  2329  2329 D ethctrlmgr: SPI Read Bytes in hex:
04-21 12:49:18.610  2329  2329 D ethctrlmgr: SPI read cmd in hex:0x
04-21 12:49:18.610  2329  2329 D ethctrlmgr: 05 
04-21 12:49:18.610  2329  2329 D ethctrlmgr: 09 
04-21 12:49:18.610  2329  2329 D ethctrlmgr: 8f 
04-21 12:49:18.610  2329  2329 D ethctrlmgr: 25 
04-21 12:49:18.610  2329  2329 D ethctrlmgr: 40 
04-21 12:49:18.610  2329  2329 D ethctrlmgr: 00 
04-21 12:49:18.610  2329  2329 D ethctrlmgr: 00 
04-21 12:49:18.610  2329  2329 D ethctrlmgr: 00 
04-21 12:49:18.610  2329  2329 D ethctrlmgr: 00 
04-21 12:49:18.610  2329  2329 D ethctrlmgr: data len to send over IPC is:17
04-21 12:49:18.610  2329  2329 D ethctrlmgr: executeSwitchCmd:sent cmd req 17 bytes
04-21 12:49:18.610  2329  2329 D ethctrlmgr: executeSwitchCmd() diag command waiting for response from server 
04-21 12:49:18.612  2329  2365 V ethctrlmgr: readDataFromIocIpc():data avlbl from ioc ipc
04-21 12:49:18.612  2329  2365 D ethctrlmgr: readDataFromIocIpc():read data from IOC IPC
04-21 12:49:18.612  2329  2365 D ethctrlmgr: readDataFromIocIpc spawned. Waiting to read data
04-21 12:49:18.612  2329  2329 D ethctrlmgr:  executeSwitchCmd(): pthread_cond_timedwait Ret Val = 0  
04-21 12:49:18.612  2329  2329 D ethctrlmgr: executeSwitchCmd(): response available for requested command 
04-21 12:49:18.612  2329  2329 V ethctrlmgr: executeSwitchCmd:completion time:1.626520 msec 
04-21 12:49:18.612  2329  2329 D ethctrlmgr: readBcmRaw(): SPI read command execution successful
04-21 12:49:18.612  2329  2329 D ethctrlmgr: SPI Read Bytes:
04-21 12:49:18.612  2329  2329 D ethctrlmgr: ff 
04-21 12:49:18.612  2329  2329 D ethctrlmgr: ff 
04-21 12:49:18.612  2329  2329 D ethctrlmgr: ff 
04-21 12:49:18.612  2329  2329 D ethctrlmgr: ff 
04-21 12:49:18.612  2329  2329 D ethctrlmgr: ff 
04-21 12:49:18.612  2329  2329 D ethctrlmgr: 00 
04-21 12:49:18.612  2329  2329 D ethctrlmgr: 00 
04-21 12:49:18.612  2329  2329 D ethctrlmgr: 28 
04-21 12:49:18.612  2329  2329 D ethctrlmgr: 08 
04-21 12:49:18.612  2329  2329 D ethctrlmgr: 00 
04-21 12:49:18.612  2329  2329 D ethctrlmgr: 00 
04-21 12:49:18.612  2329  2329 D ethctrlmgr: 00 
04-21 12:49:18.612  2329  2329 D ethctrlmgr: 00 
04-21 12:49:18.612  2329  2329 D ethctrlmgr: 00 
04-21 12:49:18.612  2329  2329 D ethctrlmgr: 00
04-21 12:49:18.612  2329  2329 D ethctrlmgr: SPI read cmd in hex:0x
04-21 12:49:18.612  2329  2329 D ethctrlmgr: 05 
04-21 12:49:18.612  2329  2329 D ethctrlmgr: 09 
04-21 12:49:18.612  2329  2329 D ethctrlmgr: 8f 
04-21 12:49:18.612  2329  2329 D ethctrlmgr: 25 
04-21 12:49:18.612  2329  2329 D ethctrlmgr: 42 
04-21 12:49:18.612  2329  2329 D ethctrlmgr: 00 
04-21 12:49:18.612  2329  2329 D ethctrlmgr: 00 
04-21 12:49:18.612  2329  2329 D ethctrlmgr: 00 
04-21 12:49:18.612  2329  2329 D ethctrlmgr: 00 
04-21 12:49:18.612  2329  2329 D ethctrlmgr: data len to send over IPC is:17
04-21 12:49:18.612  2329  2329 D ethctrlmgr: executeSwitchCmd:sent cmd req 17 bytes
04-21 12:49:18.612  2329  2329 D ethctrlmgr: executeSwitchCmd() diag command waiting for response from server 
04-21 12:49:18.614  2306  2360 D GMLoggerService: LogMonitor::onStatusChanged: logId: 0 bIsLogDeviceOpened: 1
04-21 12:49:18.615  2329  2365 V ethctrlmgr: readDataFromIocIpc():data avlbl from ioc ipc
04-21 12:49:18.615  2329  2365 D ethctrlmgr: readDataFromIocIpc():read data from IOC IPC
04-21 12:49:18.615  2329  2365 D ethctrlmgr: readDataFromIocIpc spawned. Waiting to read data
04-21 12:49:18.615  2329  2329 D ethctrlmgr:  executeSwitchCmd(): pthread_cond_timedwait Ret Val = 0  
04-21 12:49:18.615  2329  2329 D ethctrlmgr: executeSwitchCmd(): response available for requested command 
04-21 12:49:18.615  2329  2329 V ethctrlmgr: executeSwitchCmd:completion time:3.288989 msec 
04-21 12:49:18.615  2329  2329 D ethctrlmgr: readBcmRaw(): SPI read command execution successful
04-21 12:49:18.615  2329  2329 D ethctrlmgr: SPI Read Bytes:
04-21 12:49:18.615  2329  2329 D ethctrlmgr: ff 
04-21 12:49:18.615  2329  2329 D ethctrlmgr: ff 
04-21 12:49:18.615  2329  2329 D ethctrlmgr: ff 
04-21 12:49:18.615  2329  2329 D ethctrlmgr: ff 
04-21 12:49:18.615  2329  2329 D ethctrlmgr: ff 
04-21 12:49:18.615  2329  2329 D ethctrlmgr: 00 
04-21 12:49:18.615  2329  2329 D ethctrlmgr: 00 
04-21 12:49:18.615  2329  2329 D ethctrlmgr: 00 
04-21 12:49:18.615  2329  2329 D ethctrlmgr: 00 
04-21 12:49:18.615  2329  2329 D ethctrlmgr: 00 
04-21 12:49:18.615  2329  2329 D ethctrlmgr: 00 
04-21 12:49:18.615  2329  2329 D ethctrlmgr: 00 
04-21 12:49:18.615  2329  2329 D ethctrlmgr: 00 
04-21 12:49:18.616  2329  2329 D ethctrlmgr: 00 
04-21 12:49:18.616  2329  2329 D ethctrlmgr: 00
04-21 12:49:18.616  2329  2329 D ethctrlmgr: SPI read cmd in hex:0x
04-21 12:49:18.616  2329  2329 D ethctrlmgr: 05 
04-21 12:49:18.616  2329  2329 D ethctrlmgr: 09 
04-21 12:49:18.616  2329  2329 D ethctrlmgr: 8f 
04-21 12:49:18.616  2329  2329 D ethctrlmgr: 25 
04-21 12:49:18.616  2329  2329 D ethctrlmgr: 44 
04-21 12:49:18.616  2329  2329 D ethctrlmgr: 00 
04-21 12:49:18.616  2329  2329 D ethctrlmgr: 00 
04-21 12:49:18.616  2329  2329 D ethctrlmgr: 00 
04-21 12:49:18.616  2329  2329 D ethctrlmgr: 00 
04-21 12:49:18.616  2329  2329 D ethctrlmgr: data len to send over IPC is:17
04-21 12:49:18.616  2329  2329 D ethctrlmgr: executeSwitchCmd:sent cmd req 17 bytes
04-21 12:49:18.616  2329  2329 D ethctrlmgr: executeSwitchCmd() diag command waiting for response from server 
04-21 12:49:18.617  2329  2365 V ethctrlmgr: readDataFromIocIpc():data avlbl from ioc ipc
04-21 12:49:18.617  2329  2365 D ethctrlmgr: readDataFromIocIpc():read data from IOC IPC
04-21 12:49:18.617  2329  2365 D ethctrlmgr: readDataFromIocIpc spawned. Waiting to read data
04-21 12:49:18.617  2329  2329 D ethctrlmgr:  executeSwitchCmd(): pthread_cond_timedwait Ret Val = 0  
04-21 12:49:18.617  2329  2329 D ethctrlmgr: executeSwitchCmd(): response available for requested command 
04-21 12:49:18.617  2329  2329 V ethctrlmgr: executeSwitchCmd:completion time:1.553714 msec 
04-21 12:49:18.617  2329  2329 D ethctrlmgr: readBcmRaw(): SPI read command execution successful
04-21 12:49:18.617  2329  2329 D ethctrlmgr: SPI Read Bytes:
04-21 12:49:18.617  2329  2329 D ethctrlmgr: ff 
04-21 12:49:18.617  2329  2329 D ethctrlmgr: ff 
04-21 12:49:18.617  2329  2329 D ethctrlmgr: ff 
04-21 12:49:18.617  2329  2329 D ethctrlmgr: ff 
04-21 12:49:18.617  2329  2329 D ethctrlmgr: ff 
04-21 12:49:18.617  2329  2329 D ethctrlmgr: 00 
04-21 12:49:18.617  2329  2329 D ethctrlmgr: 00 
04-21 12:49:18.617  2329  2329 D ethctrlmgr: ff 
04-21 12:49:18.617  2329  2329 D ethctrlmgr: ff 
04-21 12:49:18.617  2329  2329 D ethctrlmgr: 00 
04-21 12:49:18.617  2329  2329 D ethctrlmgr: 00 
04-21 12:49:18.617  2329  2329 D ethctrlmgr: 00 
04-21 12:49:18.617  2329  2329 D ethctrlmgr: 00 
04-21 12:49:18.617  2329  2329 D ethctrlmgr: 00 
04-21 12:49:18.617  2329  2329 D ethctrlmgr: 00
04-21 12:49:18.617  2329  2329 D ethctrlmgr: SPI read cmd in hex:0x
04-21 12:49:18.617  2329  2329 D ethctrlmgr: 05 
04-21 12:49:18.617  2329  2329 D ethctrlmgr: 09 
04-21 12:49:18.617  2329  2329 D ethctrlmgr: 8f 
04-21 12:49:18.617  2329  2329 D ethctrlmgr: 25 
04-21 12:49:18.617  2329  2329 D ethctrlmgr: 46 
04-21 12:49:18.617  2329  2329 D ethctrlmgr: 00 
04-21 12:49:18.617  2329  2329 D ethctrlmgr: 00 
04-21 12:49:18.618  2329  2329 D ethctrlmgr: 00 
04-21 12:49:18.618  2329  2329 D ethctrlmgr: 00 
04-21 12:49:18.618  2329  2329 D ethctrlmgr: data len to send over IPC is:17
04-21 12:49:18.618  2329  2329 D ethctrlmgr: executeSwitchCmd:sent cmd req 17 bytes
04-21 12:49:18.618  2329  2329 D ethctrlmgr: executeSwitchCmd() diag command waiting for response from server 
04-21 12:49:18.619  2329  2365 V ethctrlmgr: readDataFromIocIpc():data avlbl from ioc ipc
04-21 12:49:18.619  2329  2365 D ethctrlmgr: readDataFromIocIpc():read data from IOC IPC
04-21 12:49:18.619  2329  2365 D ethctrlmgr: readDataFromIocIpc spawned. Waiting to read data
04-21 12:49:18.619  2329  2329 D ethctrlmgr:  executeSwitchCmd(): pthread_cond_timedwait Ret Val = 0  
04-21 12:49:18.619  2329  2329 D ethctrlmgr: executeSwitchCmd(): response available for requested command 
04-21 12:49:18.619  2329  2329 V ethctrlmgr: executeSwitchCmd:completion time:1.761610 msec 
04-21 12:49:18.619  2329  2329 D ethctrlmgr: readBcmRaw(): SPI read command execution successful
04-21 12:49:18.619  2329  2329 D ethctrlmgr: SPI Read Bytes:
04-21 12:49:18.619  2329  2329 D ethctrlmgr: ff 
04-21 12:49:18.619  2329  2329 D ethctrlmgr: ff 
04-21 12:49:18.619  2329  2329 D ethctrlmgr: ff 
04-21 12:49:18.619  2329  2329 D ethctrlmgr: ff 
04-21 12:49:18.619  2329  2329 D ethctrlmgr: ff 
04-21 12:49:18.619  2329  2329 D ethctrlmgr: 80 
04-21 12:49:18.619  2329  2329 D ethctrlmgr: 00 
04-21 12:49:18.619  2329  2329 D ethctrlmgr: 00 
04-21 12:49:18.619  2329  2329 D ethctrlmgr: 00 
04-21 12:49:18.619  2329  2329 D ethctrlmgr: 00 
04-21 12:49:18.619  2329  2329 D ethctrlmgr: 00 
04-21 12:49:18.619  2329  2329 D ethctrlmgr: 00 
04-21 12:49:18.619  2329  2329 D ethctrlmgr: 00 
04-21 12:49:18.619  2329  2329 D ethctrlmgr: 00 
04-21 12:49:18.619  2329  2329 D ethctrlmgr: 00
04-21 12:49:18.619  2329  2329 D ethctrlmgr: SPI read cmd in hex:0x
04-21 12:49:18.619  2329  2329 D ethctrlmgr: 05 
04-21 12:49:18.619  2329  2329 D ethctrlmgr: 09 
04-21 12:49:18.619  2329  2329 D ethctrlmgr: 8f 
04-21 12:49:18.619  2329  2329 D ethctrlmgr: 25 
04-21 12:49:18.619  2329  2329 D ethctrlmgr: 48 
04-21 12:49:18.620  2329  2329 D ethctrlmgr: 00 
04-21 12:49:18.620  2329  2329 D ethctrlmgr: 00 
04-21 12:49:18.620  2329  2329 D ethctrlmgr: 00 
04-21 12:49:18.620  2329  2329 D ethctrlmgr: 00 
04-21 12:49:18.620  2329  2329 D ethctrlmgr: data len to send over IPC is:17
04-21 12:49:18.620  2329  2329 D ethctrlmgr: executeSwitchCmd:sent cmd req 17 bytes
04-21 12:49:18.620  2329  2329 D ethctrlmgr: executeSwitchCmd() diag command waiting for response from server 
04-21 12:49:18.621  2329  2365 V ethctrlmgr: readDataFromIocIpc():data avlbl from ioc ipc
04-21 12:49:18.621  2329  2365 D ethctrlmgr: readDataFromIocIpc():read data from IOC IPC
04-21 12:49:18.621  2329  2365 D ethctrlmgr: readDataFromIocIpc spawned. Waiting to read data
04-21 12:49:18.621  2329  2329 D ethctrlmgr:  executeSwitchCmd(): pthread_cond_timedwait Ret Val = 0  
04-21 12:49:18.621  2329  2329 D ethctrlmgr: executeSwitchCmd(): response available for requested command 
04-21 12:49:18.621  2329  2329 V ethctrlmgr: executeSwitchCmd:completion time:1.639015 msec 
04-21 12:49:18.621  2329  2329 D ethctrlmgr: readBcmRaw(): SPI read command execution successful
04-21 12:49:18.621  2329  2329 D ethctrlmgr: SPI Read Bytes:
04-21 12:49:18.621  2329  2329 D ethctrlmgr: ff 
04-21 12:49:18.621  2329  2329 D ethctrlmgr: ff 
04-21 12:49:18.621  2329  2329 D ethctrlmgr: ff 
04-21 12:49:18.621  2329  2329 D ethctrlmgr: ff 
04-21 12:49:18.621  2329  2329 D ethctrlmgr: ff 
04-21 12:49:18.621  2329  2329 D ethctrlmgr: 00 
04-21 12:49:18.621  2329  2329 D ethctrlmgr: 00 
04-21 12:49:18.621  2329  2329 D ethctrlmgr: 03 
04-21 12:49:18.621  2329  2329 D ethctrlmgr: ff 
04-21 12:49:18.621  2329  2329 D ethctrlmgr: 00 
04-21 12:49:18.621  2329  2329 D ethctrlmgr: 00 
04-21 12:49:18.621  2329  2329 D ethctrlmgr: 00 
04-21 12:49:18.621  2329  2329 D ethctrlmgr: 00 
04-21 12:49:18.621  2329  2329 D ethctrlmgr: 00 
04-21 12:49:18.621  2329  2329 D ethctrlmgr: 00
04-21 12:49:18.621  2329  2329 D ethctrlmgr: SPI read cmd in hex:0x
04-21 12:49:18.621  2329  2329 D ethctrlmgr: 05 
04-21 12:49:18.621  2329  2329 D ethctrlmgr: 09 
04-21 12:49:18.621  2329  2329 D ethctrlmgr: 8f 
04-21 12:49:18.621  2329  2329 D ethctrlmgr: 25 
04-21 12:49:18.621  2329  2329 D ethctrlmgr: 4a 
04-21 12:49:18.621  2329  2329 D ethctrlmgr: 00 
04-21 12:49:18.621  2329  2329 D ethctrlmgr: 00 
04-21 12:49:18.621  2329  2329 D ethctrlmgr: 00 
04-21 12:49:18.621  2329  2329 D ethctrlmgr: 00 
04-21 12:49:18.621  2329  2329 D ethctrlmgr: data len to send over IPC is:17
04-21 12:49:18.621  2329  2329 D ethctrlmgr: executeSwitchCmd:sent cmd req 17 bytes
04-21 12:49:18.621  2329  2329 D ethctrlmgr: executeSwitchCmd() diag command waiting for response from server 
04-21 12:49:18.623  2329  2365 V ethctrlmgr: readDataFromIocIpc():data avlbl from ioc ipc
04-21 12:49:18.623  2329  2365 D ethctrlmgr: readDataFromIocIpc():read data from IOC IPC
04-21 12:49:18.623  2329  2365 D ethctrlmgr: readDataFromIocIpc spawned. Waiting to read data
04-21 12:49:18.623  2329  2329 D ethctrlmgr:  executeSwitchCmd(): pthread_cond_timedwait Ret Val = 0  
04-21 12:49:18.623  2329  2329 D ethctrlmgr: executeSwitchCmd(): response available for requested command 
04-21 12:49:18.623  2329  2329 V ethctrlmgr: executeSwitchCmd:completion time:1.566083 msec 
04-21 12:49:18.623  2329  2329 D ethctrlmgr: readBcmRaw(): SPI read command execution successful
04-21 12:49:18.623  2329  2329 D ethctrlmgr: SPI Read Bytes:
04-21 12:49:18.623  2329  2329 D ethctrlmgr: ff 
04-21 12:49:18.623  2329  2329 D ethctrlmgr: ff 
04-21 12:49:18.623  2329  2329 D ethctrlmgr: ff 
04-21 12:49:18.623  2329  2329 D ethctrlmgr: ff 
04-21 12:49:18.623  2329  2329 D ethctrlmgr: ff 
04-21 12:49:18.623  2329  2329 D ethctrlmgr: 00 
04-21 12:49:18.623  2329  2329 D ethctrlmgr: 00 
04-21 12:49:18.623  2329  2329 D ethctrlmgr: 00 
04-21 12:49:18.623  2329  2329 D ethctrlmgr: 00 
04-21 12:49:18.623  2329  2329 D ethctrlmgr: 00 
04-21 12:49:18.623  2329  2329 D ethctrlmgr: 00 
04-21 12:49:18.623  2329  2329 D ethctrlmgr: 00 
04-21 12:49:18.623  2329  2329 D ethctrlmgr: 00 
04-21 12:49:18.623  2329  2329 D ethctrlmgr: 00 
04-21 12:49:18.623  2329  2329 D ethctrlmgr: 00
04-21 12:49:18.623  2329  2329 D ethctrlmgr: SPI read cmd in hex:0x
04-21 12:49:18.623  2329  2329 D ethctrlmgr: 05 
04-21 12:49:18.623  2329  2329 D ethctrlmgr: 09 
04-21 12:49:18.623  2329  2329 D ethctrlmgr: 8f 
04-21 12:49:18.623  2329  2329 D ethctrlmgr: 25 
04-21 12:49:18.623  2329  2329 D ethctrlmgr: 4c 
04-21 12:49:18.623  2329  2329 D ethctrlmgr: 00 
04-21 12:49:18.623  2329  2329 D ethctrlmgr: 00 
04-21 12:49:18.623  2329  2329 D ethctrlmgr: 00 
04-21 12:49:18.623  2329  2329 D ethctrlmgr: 00 
04-21 12:49:18.623  2329  2329 D ethctrlmgr: data len to send over IPC is:17
04-21 12:49:18.623  2329  2329 D ethctrlmgr: executeSwitchCmd:sent cmd req 17 bytes
04-21 12:49:18.623  2329  2329 D ethctrlmgr: executeSwitchCmd() diag command waiting for response from server 
04-21 12:49:18.625  2329  2365 V ethctrlmgr: readDataFromIocIpc():data avlbl from ioc ipc
04-21 12:49:18.626  2329  2365 D ethctrlmgr: readDataFromIocIpc():read data from IOC IPC
04-21 12:49:18.626  2329  2365 D ethctrlmgr: readDataFromIocIpc spawned. Waiting to read data
04-21 12:49:18.626  2329  2329 D ethctrlmgr:  executeSwitchCmd(): pthread_cond_timedwait Ret Val = 0  
04-21 12:49:18.626  2329  2329 D ethctrlmgr: executeSwitchCmd(): response available for requested command 
04-21 12:49:18.626  2329  2329 V ethctrlmgr: executeSwitchCmd:completion time:2.356947 msec 
04-21 12:49:18.626  2329  2329 D ethctrlmgr: readBcmRaw(): SPI read command execution successful
04-21 12:49:18.626  2329  2329 D ethctrlmgr: SPI Read Bytes:
04-21 12:49:18.626  2329  2329 D ethctrlmgr: ff 
04-21 12:49:18.626  2329  2329 D ethctrlmgr: ff 
04-21 12:49:18.626  2329  2329 D ethctrlmgr: ff 
04-21 12:49:18.626  2329  2329 D ethctrlmgr: ff 
04-21 12:49:18.626  2329  2329 D ethctrlmgr: ff 
04-21 12:49:18.626  2329  2329 D ethctrlmgr: 00 
04-21 12:49:18.626  2329  2329 D ethctrlmgr: 00 
04-21 12:49:18.626  2329  2329 D ethctrlmgr: 03 
04-21 12:49:18.626  2329  2329 D ethctrlmgr: ff 
04-21 12:49:18.626  2329  2329 D ethctrlmgr: 00 
04-21 12:49:18.626  2329  2329 D ethctrlmgr: 00 
04-21 12:49:18.626  2329  2329 D ethctrlmgr: 00 
04-21 12:49:18.626  2329  2329 D ethctrlmgr: 00 
04-21 12:49:18.626  2329  2329 D ethctrlmgr: 00 
04-21 12:49:18.626  2329  2329 D ethctrlmgr: 00
04-21 12:49:18.626  2329  2329 D ethctrlmgr: port=2 expC C0=2808 C1=0000 C2=ffff C3=0000 C4=03ff C5=0000 C6=03ff
04-21 12:49:18.631  2395  2395 D pulseaudio: [pulseaudio] module-suspend-on-idle.c: Source alsa_input.TDM3RX_Chime becomes idle, timeout in 10 seconds.
04-21 12:49:18.631  2395  2395 D pulseaudio: [pulseaudio] module-suspend-on-idle.c: Source alsa_input.TDM3RX_Sxm becomes idle, timeout in 10 seconds.
04-21 12:49:18.631  2395  2395 D pulseaudio: [pulseaudio] module-suspend-on-idle.c: Source alsa_input.TDM3RX_Aux becomes idle, timeout in 10 seconds.
04-21 12:49:18.631  2395  2395 D pulseaudio: [pulseaudio] module-suspend-on-idle.c: Source alsa_input.avb.rsi_csm becomes idle, timeout in 10 seconds.
04-21 12:49:18.631  2395  2395 D pulseaudio: [pulseaudio] module-suspend-on-idle.c: Source alsa_input.avb.tcp_csm becomes idle, timeout in 10 seconds.
04-21 12:49:18.631  2395  2395 I pulseaudio: [pulseaudio] module.c: Loaded "module-suspend-on-idle" (index: #9; argument: "timeout=10").
04-21 12:49:18.633  1974  2188 E vehicle_abstraction: CODIDynamicDataGroup::processRxGroupSignal ODI data (dataID = 32) not mapped (fucID = 7) 
04-21 12:49:18.634  2395  2395 D pulseaudio: [pulseaudio] alsa-util.c: Trying avb_csm_amp with SND_PCM_NO_AUTO_FORMAT ...
04-21 12:49:18.634  2395  2395 I pulseaudio: [pulseaudio] pcm.c: snd_pcm_open(), name=avb_csm_amp
04-21 12:49:18.634  2395  2395 E ALSALIB : snd_pcm_open(): opening PCM name: avb_csm_amp
04-21 12:49:18.634  2395  2395 I pulseaudio: [pulseaudio] conf.c: snd_config_update_ref()
04-21 12:49:18.634  2395  2395 I pulseaudio: [pulseaudio] conf.c: snd_config_update_r()
04-21 12:49:18.634  2395  2395 I pulseaudio: [pulseaudio] conf.c: snd_config_update_r():  configs=/system/usr/share/alsa/alsa.conf
04-21 12:49:18.635  2395  2395 I pulseaudio: [pulseaudio] conf.c: snd_config_update_r():  local->finfo[0].name=/system/usr/share/alsa/alsa.conf
04-21 12:49:18.635  2395  2395 I pulseaudio: [pulseaudio] conf.c: snd_config_update_r(), err=0
04-21 12:49:18.635  2395  2395 I pulseaudio: [pulseaudio] conf.c: snd_config_update_ref(): RET snd_config_update_r(), err=0
04-21 12:49:18.635  2395  2395 I pulseaudio: [pulseaudio] conf.c: snd_config_update_ref(), err=0
04-21 12:49:18.635  2395  2395 I pulseaudio: [pulseaudio] pcm.c: snd_pcm_open_noupdate(), name=avb_csm_amp
04-21 12:49:18.635  2395  2395 I pulseaudio: [pulseaudio] conf.c: snd_config_search_definition()
04-21 12:49:18.635  2395  2395 I pulseaudio: [pulseaudio] conf.c: snd_config_search_definition(): RET snd_config_search_alias_hooks(), err=0
04-21 12:49:18.635  2395  2395 I pulseaudio: [pulseaudio] pcm.c: snd_pcm_open_conf(), name=avb_csm_amp
04-21 12:49:18.635  2395  2395 I pulseaudio: [pulseaudio] conf.c: snd_config_search_definition()
04-21 12:49:18.635  2395  2395 I pulseaudio: [pulseaudio] conf.c: snd_config_search_definition(): RET snd_config_search_alias_hooks(), err=-2
04-21 12:49:18.635  2395  2395 I pulseaudio: [pulseaudio] pcm.c: snd_pcm_open_conf(): lib=, open_name=_snd_pcm_empty_open
04-21 12:49:18.635  2395  2395 I pulseaudio: [pulseaudio] pcm.c: snd_pcm_open_noupdate(), name=avb:csm_amp
04-21 12:49:18.635  2395  2395 I pulseaudio: [pulseaudio] conf.c: snd_config_search_definition()
04-21 12:49:18.635  2395  2395 I pulseaudio: [pulseaudio] conf.c: snd_config_search_definition(): RET snd_config_search_alias_hooks(), err=0
04-21 12:49:18.635  2395  2395 I pulseaudio: [pulseaudio] pcm.c: snd_pcm_open_conf(), name=avb:csm_amp
04-21 12:49:18.636  2395  2395 I pulseaudio: [pulseaudio] conf.c: snd_config_search_definition()
04-21 12:49:18.636  2395  2395 I pulseaudio: [pulseaudio] conf.c: snd_config_search_definition(): RET snd_config_search_alias_hooks(), err=-2
04-21 12:49:18.636  2395  2395 I pulseaudio: [pulseaudio] pcm.c: snd_pcm_open_conf(): lib=/system/lib/libasound_module_pcm_smartx.so, open_name=_snd_pcm_smartx_open
04-21 12:49:18.637  2395  2395 I pulseaudio: [pulseaudio] pcm.c: snd_pcm_open_noupdate(): RET snd_pcm_open_conf, err=0
04-21 12:49:18.637  2395  2395 I pulseaudio: [pulseaudio] pcm.c: snd_pcm_open_noupdate(): RET snd_pcm_open_conf, err=0
04-21 12:49:18.637  2395  2395 I pulseaudio: [pulseaudio] pcm.c: snd_pcm_open(): RET snd_pcm_open_noupdate(), err=0
04-21 12:49:18.637  2395  2395 E ALSALIB : snd_pcm_open() open avb_csm_amp done, ret=0
04-21 12:49:18.637  2395  2395 D pulseaudio: [pulseaudio] alsa-util.c: Managed to open avb_csm_amp
04-21 12:49:18.637  2395  2395 D pulseaudio: [pulseaudio] alsa-util.c: Maximum hw buffer size is 12 ms
04-21 12:49:18.638  2395  2395 D pulseaudio: [pulseaudio] alsa-util.c: Set buffer size first (to 4800 samples), period size second (to 1200 samples).
04-21 12:49:18.638  2395  2395 I pulseaudio: [pulseaudio] alsa-sink.c: Successfully opened device avb_csm_amp.
04-21 12:49:18.638  2395  2395 I pulseaudio: [pulseaudio] alsa-sink.c: Successfully enabled mmap() mode.
04-21 12:49:18.638  2395  2395 W pulseaudio: [pulseaudio] sink.c: Default and alternate sample rates are the same.
04-21 12:49:18.638  2395  2395 I pulseaudio: [pulseaudio] sink.c: Created sink 2 "alsa_output.avb.csm_amp" with sample spec s16le 6ch 48000Hz and channel map aux0,aux1,aux2,aux3,aux4,aux5
04-21 12:49:18.638  2395  2395 I pulseaudio: [pulseaudio] sink.c:     alsa.resolution_bits = "16"
04-21 12:49:18.638  2395  2395 I pulseaudio: [pulseaudio] sink.c:     device.api = "alsa"
04-21 12:49:18.638  2395  2395 I pulseaudio: [pulseaudio] sink.c:     device.class = "sound"
04-21 12:49:18.638  2395  2395 I pulseaudio: [pulseaudio] sink.c:     alsa.class = "generic"
04-21 12:49:18.638  2395  2395 I pulseaudio: [pulseaudio] sink.c:     alsa.subclass = "generic-mix"
04-21 12:49:18.638  2395  2395 I pulseaudio: [pulseaudio] sink.c:     alsa.name = "csm_amp"
04-21 12:49:18.638  2395  2395 I pulseaudio: [pulseaudio] sink.c:     alsa.id = "csm_amp"
