11-11 07:11:15.016  1681  1762 D vold    : Preparing: /data/user_de/0
11-11 07:11:15.024  1681  1762 I vold    : Policy for /data/system_de/0 set to 1b07a0759dd13c93
11-11 07:11:15.025  1681  1762 I vold    : Policy for /data/misc_de/0 set to 1b07a0759dd13c93
11-11 07:11:15.026  1681  1762 I vold    : Policy for /data/user_de/0 set to 1b07a0759dd13c93
11-11 07:11:15.026  1681  1762 D vold    : Preparing: /data/media/0
11-11 07:11:15.027  1681  1762 I vold    : Found policy 1b07a0759dd13c93 at /data/data which matches expected value
11-11 07:11:15.027  1681  1762 I vold    : Found policy 1b07a0759dd13c93 at /data/media/0 which matches expected value
11-11 07:11:15.075  1788  1788 D TetherController: Setting IP forward enable = 0
11-11 07:11:16.222  1976  1976 I KPI     : SVCIPC_DAEMON_START
11-11 07:11:16.223  1976  1976 I KPI     : SVCIPC_DAEMON_READY
11-11 07:11:16.230  1973  1973 E KPI     : IPC_SERVER_START
11-11 07:11:16.253  1973  1973 E KPI     : IPC_SERVER_READY
12-31 20:00:00.118  1971  1971 I KPI     : PSU_MANAGAR_INIT_START
12-31 20:00:00.157  1985  1985 I KPI     : PAL_PM_INIT_START
12-31 20:00:00.217  1681  1714 V vold    : ----------------
12-31 20:00:00.217  1681  1714 D NetlinkEvent: NL param 'DEVPATH=/devices/pci0000:00/0000:00:15.0/usb1'
12-31 20:00:00.217  1681  1714 D NetlinkEvent: NL param 'MAJOR=189'
12-31 20:00:00.217  1681  1714 D NetlinkEvent: NL param 'MINOR=0'
12-31 20:00:00.217  1681  1714 D NetlinkEvent: NL param 'DEVNAME=bus/usb/001/001'
12-31 20:00:00.217  1681  1714 D NetlinkEvent: NL param 'DEVTYPE=usb_device'
12-31 20:00:00.217  1681  1714 D NetlinkEvent: NL param 'PRODUCT=1d6b/2/404'
12-31 20:00:00.217  1681  1714 D NetlinkEvent: NL param 'TYPE=9/0/1'
12-31 20:00:00.217  1681  1714 D NetlinkEvent: NL param 'BUSNUM=001'
12-31 20:00:00.217  1681  1714 D NetlinkEvent: NL param 'DEVNUM=001'
12-31 20:00:00.217  1681  1714 D Vold    : logvold : 1 bus/usb/001/001  : 1 : /devices/pci0000:00/0000:00:15.0/usb1 
12-31 20:00:00.219  1681  1714 V vold    : ----------------
12-31 20:00:00.219  1681  1714 D NetlinkEvent: NL param 'DEVPATH=/devices/pci0000:00/0000:00:15.0/usb1/1-0:1.0'
12-31 20:00:00.219  1681  1714 D NetlinkEvent: NL param 'DEVTYPE=usb_interface'
12-31 20:00:00.219  1681  1714 D NetlinkEvent: NL param 'PRODUCT=1d6b/2/404'
12-31 20:00:00.219  1681  1714 D NetlinkEvent: NL param 'TYPE=9/0/1'
12-31 20:00:00.219  1681  1714 D NetlinkEvent: NL param 'INTERFACE=9/0/0'
12-31 20:00:00.219  1681  1714 D NetlinkEvent: NL param 'MODALIAS=usb:v1D6Bp0002d0404dc09dsc00dp01ic09isc00ip00in00'
12-31 20:00:00.219  1681  1714 E NetlinkEvent: NetlinkEvent::FindParam(): Parameter 'DEVNAME' not found
12-31 20:00:00.221  1681  1714 V vold    : ----------------
12-31 20:00:00.221  1681  1714 D NetlinkEvent: NL param 'DEVPATH=/devices/pci0000:00/0000:00:15.0/usb2'
12-31 20:00:00.221  1681  1714 D NetlinkEvent: NL param 'MAJOR=189'
12-31 20:00:00.221  1681  1714 D NetlinkEvent: NL param 'MINOR=128'
12-31 20:00:00.221  1681  1714 D NetlinkEvent: NL param 'DEVNAME=bus/usb/002/001'
12-31 20:00:00.221  1681  1714 D NetlinkEvent: NL param 'DEVTYPE=usb_device'
12-31 20:00:00.221  1681  1714 D NetlinkEvent: NL param 'PRODUCT=1d6b/3/404'
12-31 20:00:00.221  1681  1714 D NetlinkEvent: NL param 'TYPE=9/0/3'
12-31 20:00:00.221  1681  1714 D NetlinkEvent: NL param 'BUSNUM=002'
12-31 20:00:00.221  1681  1714 D NetlinkEvent: NL param 'DEVNUM=001'
12-31 20:00:00.221  1681  1714 D Vold    : logvold : 1 bus/usb/002/001  : 2 : /devices/pci0000:00/0000:00:15.0/usb2 
12-31 20:00:00.222  1681  1714 V vold    : ----------------
12-31 20:00:00.222  1681  1714 D NetlinkEvent: NL param 'DEVPATH=/devices/pci0000:00/0000:00:15.0/usb2/2-0:1.0'
12-31 20:00:00.222  1681  1714 D NetlinkEvent: NL param 'DEVTYPE=usb_interface'
12-31 20:00:00.222  1681  1714 D NetlinkEvent: NL param 'PRODUCT=1d6b/3/404'
12-31 20:00:00.222  1681  1714 D NetlinkEvent: NL param 'TYPE=9/0/3'
12-31 20:00:00.222  1681  1714 D NetlinkEvent: NL param 'INTERFACE=9/0/0'
12-31 20:00:00.222  1681  1714 D NetlinkEvent: NL param 'MODALIAS=usb:v1D6Bp0003d0404dc09dsc00dp03ic09isc00ip00in00'
12-31 20:00:00.222  1681  1714 E NetlinkEvent: NetlinkEvent::FindParam(): Parameter 'DEVNAME' not found
12-31 20:00:00.271  1983  1983 I CalSvcd_B:  calserviced.c(175): Starting up...
12-31 20:00:00.295  1974  1974 I KPI     : VDATA_DAEMON_START
12-31 20:00:00.362  1985  1985 I KPI     : PAL_PM_INIT_END
12-31 20:00:00.400  1974  1974 I KPI     : Objects of HandleService is initialized
12-31 20:00:00.407  1974  1974 I liblog  : 34
12-31 20:00:00.416  1974  1974 I liblog  : 610
12-31 20:00:00.416  1974  1974 I liblog  : 1
12-31 20:00:00.416  1974  1974 I liblog  : 1
12-31 20:00:00.418  1974  1974 I liblog  : 21
12-31 20:00:00.421  1983  1983 I CalSvcd_B:  calserviced.c(285): main: default db version = 50002, active db version = 50002
12-31 20:00:00.424  1983  1983 W CalSvcd_B:  calserviced.c(317): main: !!!WARNING!!! !!!OVERRIDE_BACKDOOR (*.calovride) HAS BEEN ENABLED!!!  !!!DISABLE BEFORE RELEASE!!!
12-31 20:00:00.424  1983  1983 I CalSvcd_B:  overrides_to_database.c(1445): process_dir_members(ovride_path_str=/cache/calibrations/, filter=.calovride, move_to_perm=0)
12-31 20:00:00.451  1974  1974 I KPI     : VehicleAbstraction is initialized and threadLoop is launched
12-31 20:00:00.451  1974  1974 I KPI     : VDATA_DAEMON_READY
12-31 20:00:00.555  1983  1983 I CalSvcd_B:  overrides_to_database.c(1445): process_dir_members(ovride_path_str=/cache/calibrations/, filter=, move_to_perm=0)
12-31 20:00:00.568  1983  2155 E CalSvcd_B:  Monitor.cpp(289): Change Detected (256) - File: 23505752.AA.calovride
12-31 20:00:00.572  1983  1983 E CalSvcd_B:  calserviced.c(837): unzip: Could not unzip file
12-31 20:00:00.572  1983  1983 E CalSvcd_B:  calserviced.c(812): unzip: no data left
12-31 20:00:00.572  1983  1983 E CalSvcd_B:  overrides_to_database.c(1802): processZippedModFile: Unzip (/cache/calibrations/23505752.AA) failed - no overrides applied
12-31 20:00:00.576  1983  1983 E CalSvcd_B:  calserviced.c(837): unzip: Could not unzip file
12-31 20:00:00.576  1983  1983 E CalSvcd_B:  calserviced.c(812): unzip: no data left
12-31 20:00:00.576  1983  1983 E CalSvcd_B:  overrides_to_database.c(1802): processZippedModFile: Unzip (/cache/calibrations/KRLN1097_CSM-1.tbl) failed - no overrides applied
12-31 20:00:00.576  1983  1983 I CalSvcd_B:  calserviced.c(463): set_update_J5: Created Persistent J5 Indicator.
12-31 20:00:00.577  1983  1983 I CalSvcd_B:  CalibrationService.cpp(1407): CalibrationService: Binder API Instance Created.
12-31 20:00:00.577  1983  1983 I CalSvcd_B:  CalibrationService.cpp(1226): Eanble TEMP TABLE optimization in sqlite for cal DB
12-31 20:00:00.744  1681  1714 V vold    : ----------------
12-31 20:00:00.744  1681  1714 D NetlinkEvent: NL param 'DEVPATH=/devices/pci0000:00/0000:00:15.0/usb1/1-4'
12-31 20:00:00.744  1681  1714 D NetlinkEvent: NL param 'MAJOR=189'
12-31 20:00:00.744  1681  1714 D NetlinkEvent: NL param 'MINOR=1'
12-31 20:00:00.744  1681  1714 D NetlinkEvent: NL param 'DEVNAME=bus/usb/001/002'
12-31 20:00:00.744  1681  1714 D NetlinkEvent: NL param 'DEVTYPE=usb_device'
12-31 20:00:00.744  1681  1714 D NetlinkEvent: NL param 'PRODUCT=4d8/df/101'
12-31 20:00:00.744  1681  1714 D NetlinkEvent: NL param 'TYPE=239/2/1'
12-31 20:00:00.744  1681  1714 D NetlinkEvent: NL param 'BUSNUM=001'
12-31 20:00:00.744  1681  1714 D NetlinkEvent: NL param 'DEVNUM=002'
12-31 20:00:00.744  1681  1714 D Vold    : logvold : 1 bus/usb/001/002  : 3 : /devices/pci0000:00/0000:00:15.0/usb1/1-4 
12-31 20:00:00.745  1681  1714 V vold    : ----------------
12-31 20:00:00.746  1681  1714 D NetlinkEvent: NL param 'DEVPATH=/devices/pci0000:00/0000:00:15.0/usb1/1-4/1-4:1.0'
12-31 20:00:00.746  1681  1714 D NetlinkEvent: NL param 'DEVTYPE=usb_interface'
12-31 20:00:00.746  1681  1714 D NetlinkEvent: NL param 'PRODUCT=4d8/df/101'
12-31 20:00:00.746  1681  1714 D NetlinkEvent: NL param 'TYPE=239/2/1'
12-31 20:00:00.746  1681  1714 D NetlinkEvent: NL param 'INTERFACE=2/2/1'
12-31 20:00:00.746  1681  1714 D NetlinkEvent: NL param 'MODALIAS=usb:v04D8p00DFd0101dcEFdsc02dp01ic02isc02ip01in00'
12-31 20:00:00.746  1681  1714 E NetlinkEvent: NetlinkEvent::FindParam(): Parameter 'DEVNAME' not found
12-31 20:00:00.752  1681  1714 V vold    : ----------------
12-31 20:00:00.752  1681  1714 D NetlinkEvent: NL param 'DEVPATH=/devices/pci0000:00/0000:00:15.0/usb1/1-4/1-4:1.1'
12-31 20:00:00.752  1681  1714 D NetlinkEvent: NL param 'DEVTYPE=usb_interface'
12-31 20:00:00.752  1681  1714 D NetlinkEvent: NL param 'DRIVER=cdc_acm'
12-31 20:00:00.752  1681  1714 D NetlinkEvent: NL param 'PRODUCT=4d8/df/101'
12-31 20:00:00.752  1681  1714 D NetlinkEvent: NL param 'TYPE=239/2/1'
12-31 20:00:00.752  1681  1714 D NetlinkEvent: NL param 'INTERFACE=10/0/0'
12-31 20:00:00.752  1681  1714 D NetlinkEvent: NL param 'MODALIAS=usb:v04D8p00DFd0101dcEFdsc02dp01ic0Aisc00ip00in01'
12-31 20:00:00.752  1681  1714 E NetlinkEvent: NetlinkEvent::FindParam(): Parameter 'DEVNAME' not found
12-31 20:00:00.753  1681  1714 V vold    : ----------------
12-31 20:00:00.753  1681  1714 D NetlinkEvent: NL param 'DEVPATH=/devices/pci0000:00/0000:00:15.0/usb1/1-4/1-4:1.2'
12-31 20:00:00.753  1681  1714 D NetlinkEvent: NL param 'DEVTYPE=usb_interface'
12-31 20:00:00.753  1681  1714 D NetlinkEvent: NL param 'PRODUCT=4d8/df/101'
12-31 20:00:00.753  1681  1714 D NetlinkEvent: NL param 'TYPE=239/2/1'
12-31 20:00:00.753  1681  1714 D NetlinkEvent: NL param 'INTERFACE=3/0/0'
12-31 20:00:00.753  1681  1714 D NetlinkEvent: NL param 'MODALIAS=usb:v04D8p00DFd0101dcEFdsc02dp01ic03isc00ip00in02'
12-31 20:00:00.753  1681  1714 E NetlinkEvent: NetlinkEvent::FindParam(): Parameter 'DEVNAME' not found
12-31 20:00:00.778  1983  1983 I CalSvcd_B:  CalibrationService.cpp(1255): create temp table spend 200 msec
12-31 20:00:00.789  1983  1983 I CalSvcd_B:  CalibrationService.cpp(1437): CalibrationService: System has been calibrated!
12-31 20:00:00.789  1983  1983 I CalSvcd_B:  CalibrationService.cpp(1175): sendCalNoCalState: Calibration state sent to the VIP!
12-31 20:00:00.835  2196  2196 I KPI     : PAL_VEHICLE_CLIENT_INIT_START
12-31 20:00:00.835  2196  2196 I KPI     : PAL_VEHICLE_CLIENT_INIT_READY
12-31 20:00:00.968  1968  1968 I auditd  : type=1400 audit(0.0:43): avc: denied { open } for comm="animengine" path="/cache/data/anim/anim.cals" dev="vda12" ino=97158 scontext=u:r:bootanim:s0 tcontext=u:object_r:cache_file:s0 tclass=file permissive=0
12-31 20:00:00.968  1968  1968 I auditd  : type=1400 audit(0.0:44): avc: denied { write } for comm="animengine" name="anim" dev="vda12" ino=97157 scontext=u:r:bootanim:s0 tcontext=u:object_r:cache_file:s0 tclass=dir permissive=0
12-31 20:00:00.969  1968  1968 D BOOT-TIME|:  AnimEngine: started at |4199 
12-31 20:00:00.978  1983  1983 W CalSvcd_B:  ListenerManager.cpp(88): listener-id(AnimEngine)  not exist!
12-31 20:00:00.978  1983  1983 I CalSvcd_B:  ListenerManager.cpp(121): added listener for AnimEngine
12-31 20:00:00.979  1983  2249 I CalSvcd_B:  overrides_to_database.c(2309): getCurrentUpdateIndicator: Indicator = 15
12-31 20:00:01.024  2305  2305 D GMSecurity: gm_security deamon started (a82e4a43)
12-31 20:00:01.032  2304  2304 D GM_PROTO_KEY: gm_protokey deamon started (b773c4c7, simulator on)
12-31 20:00:01.032  2304  2304 D GM_PROTO_KEY: simulated protokey available
12-31 20:00:01.033  2305  2305 D GMSecurity: service running
12-31 20:00:01.036  2304  2304 D GM_PROTO_KEY: sending correct simulated protokey
12-31 20:00:01.036  2304  2304 D GM_PROTO_KEY: Message cmd(setKey) size(272) sent to kernel(unit 22)
12-31 20:00:01.036  2304  2304 D GM_PROTO_KEY: detected security state init
12-31 20:00:01.062  2305  2305 D GMSecurity: Current security state : (null) => running
12-31 20:00:01.062  2305  2305 D GMEncryptionExt: Message cmd(getPasscode) size(272) sent to kernel(unit 22)
12-31 20:00:01.062  2305  2305 D GMEncryptionExt: Waiting for message from kernel(unit 22)
12-31 20:00:01.072  2305  2305 D GMSecurity: GM Security validation passed
12-31 20:00:01.150  2305  2305 D GMSecurity: setting state to preboot. need to broadcast state change intent.
12-31 20:00:01.150  2305  2305 D GMSecurity: boot not completed. Sending security state change intent later.
12-31 20:00:01.150  2305  2305 D GMSecurity: Current security state : running => preboot
12-31 20:00:01.150  2305  2305 D GMSecurity: waiting for preboot complete
12-31 20:00:01.157  2305  2373 D GMSecurity: starting broadcasting thread
12-31 20:00:01.157  2305  2373 D GMSecurity: waiting for boot complete
12-31 20:00:01.182  2340  2340 W vdev-flexgps: use default gps sio devicename /dev/ttyACM0
12-31 20:00:01.182  2340  2340 E vdev-flexgps: vdev-flexpgs: waiting for open Gps sio - device /dev/ttyACM0
12-31 20:00:01.242  1983  2249 W CalSvcd_B:  CalibrationService.cpp(432): getCalibration - CalID: DTC_UNKNOWN, not found! callerPID=2350
12-31 20:00:01.242  1983  1983 W CalSvcd_B:  CalibrationService.cpp(432): getCalibration - CalID: DTC_UNKNOWN, not found! callerPID=2350
12-31 20:00:01.242  1983  2250 W CalSvcd_B:  CalibrationService.cpp(432): getCalibration - CalID: DTC_UNKNOWN, not found! callerPID=2350
12-31 20:00:01.242  1983  2249 W CalSvcd_B:  CalibrationService.cpp(432): getCalibration - CalID: DTC_UNKNOWN, not found! callerPID=2350
12-31 20:00:01.243  1983  1983 W CalSvcd_B:  CalibrationService.cpp(432): getCalibration - CalID: DTC_UNKNOWN, not found! callerPID=2350
12-31 20:00:01.243  1983  2250 W CalSvcd_B:  CalibrationService.cpp(432): getCalibration - CalID: DTC_UNKNOWN, not found! callerPID=2350
12-31 20:00:01.243  1983  2249 W CalSvcd_B:  CalibrationService.cpp(432): getCalibration - CalID: DTC_UNKNOWN, not found! callerPID=2350
12-31 20:00:01.243  1983  1983 W CalSvcd_B:  CalibrationService.cpp(432): getCalibration - CalID: DTC_UNKNOWN, not found! callerPID=2350
12-31 20:00:01.244  1983  2250 W CalSvcd_B:  CalibrationService.cpp(432): getCalibration - CalID: DTC_UNKNOWN, not found! callerPID=2350
12-31 20:00:01.244  1983  2249 W CalSvcd_B:  CalibrationService.cpp(432): getCalibration - CalID: DTC_UNKNOWN, not found! callerPID=2350
12-31 20:00:01.244  1983  1983 W CalSvcd_B:  CalibrationService.cpp(432): getCalibration - CalID: DTC_UNKNOWN, not found! callerPID=2350
12-31 20:00:01.244  1983  2250 W CalSvcd_B:  CalibrationService.cpp(432): getCalibration - CalID: DTC_UNKNOWN, not found! callerPID=2350
12-31 20:00:01.259  2372  2372 I TrustyKM1: Trusty-km connectting...
12-31 20:00:01.265  2372  2372 I TrustyKM1: Connected to device successfully!
12-31 20:00:01.265  2372  2372 I IntelKeymasterDevice: Creating device
12-31 20:00:01.265  2372  2372 D IntelKeymasterDevice: Device address: 0x7f870ad26000
04-21 12:49:18.009  2357  2357 I IRS     : setSecureBootProperty: ABL.secureboot is 0
04-21 12:49:18.009  2357  2357 I IRS     : main: binder thread starting.
04-21 12:49:18.013  2372  2372 I TrustyKM1: Trusty-km connectting...
04-21 12:49:18.017  2372  2372 I TrustyKM1: Connected to device successfully!
04-21 12:49:18.017  2372  2372 I IntelKeymasterDevice: Creating device
04-21 12:49:18.017  2372  2372 D IntelKeymasterDevice: Device address: 0x7f870ad26000
04-21 12:49:18.019  1983  2250 W CalSvcd_B:  ListenerManager.cpp(88): listener-id(GHSCalibrationListener)  not exist!
04-21 12:49:18.019  1983  2250 I CalSvcd_B:  ListenerManager.cpp(121): added listener for GHSCalibrationListener
04-21 12:49:18.066  1681  1760 E Vold    : Subscribe Storage Events for 0x7f73fe362800
04-21 12:49:18.331  1983  2218 W CalSvcd_B:  ListenerManager.cpp(88): listener-id(VIPCALPAL)  not exist!
04-21 12:49:18.331  1983  2218 I CalSvcd_B:  ListenerManager.cpp(121): added listener for VIPCALPAL
04-21 12:49:18.331  1983  2218 I KPI     : CALSERVICED_START
04-21 12:49:18.332  1983  2436 I KPI     : CALSERVICED_READY
04-21 12:49:18.332  1983  2218 I CalSvcd_B:  calserviced.c(150): binder_status_thread exit...
--------- beginning of main
04-21 12:49:18.470  2329  2329 D ethctrlmgr: 21  
04-21 12:49:18.470  2329  2329 D ethctrlmgr: 09  
04-21 12:49:18.470  2329  2329 D ethctrlmgr: 8f  
04-21 12:49:18.470  2329  2329 D ethctrlmgr: 25  
04-21 12:49:18.470  2329  2329 D ethctrlmgr: 40  
04-21 12:49:18.470  2329  2329 D ethctrlmgr: 00  
04-21 12:49:18.470  2329  2329 D ethctrlmgr: 00  
04-21 12:49:18.470  2329  2329 D ethctrlmgr: data len to send IPC is 15
04-21 12:49:18.471  2329  2329 D ethctrlmgr: executeSwitchCmd:sent cmd req 15 bytes
04-21 12:49:18.471  2329  2329 D ethctrlmgr: executeSwitchCmd() diag command waiting for response from server 
04-21 12:49:18.472  2395  2395 I chatty  : uid=1013(media) /system/bin/pulseaudio expire 235 lines
04-21 12:49:18.472  2329  2365 V ethctrlmgr: readDataFromIocIpc():data avlbl from ioc ipc
04-21 12:49:18.473  2329  2365 D ethctrlmgr: readDataFromIocIpc():read data from IOC IPC
04-21 12:49:18.473  2329  2365 D ethctrlmgr: readDataFromIocIpc spawned. Waiting to read data
04-21 12:49:18.473  2329  2329 D ethctrlmgr:  executeSwitchCmd(): pthread_cond_timedwait Ret Val = 0  
04-21 12:49:18.473  2329  2329 D ethctrlmgr: executeSwitchCmd(): response available for requested command 
04-21 12:49:18.473  2329  2329 V ethctrlmgr: executeSwitchCmd:completion time:2.218038 msec 
04-21 12:49:18.473  2329  2329 D ethctrlmgr: SPI write command execution successful
04-21 12:49:18.473  2329  2329 D ethctrlmgr: read success data bytes:0
04-21 12:49:18.473  2329  2329 D ethctrlmgr: SPI Read Bytes in hex:
04-21 12:49:18.473  2329  2329 V ethctrlmgr: iocIpcFd : 4  len : 2
04-21 12:49:18.473  2329  2329 D ethctrlmgr: SPI command len is:7
04-21 12:49:18.473  2329  2329 D ethctrlmgr: SPI write cmd in hex:0x
04-21 12:49:18.473  2329  2329 D ethctrlmgr: 21  
04-21 12:49:18.473  2329  2329 D ethctrlmgr: 09  
04-21 12:49:18.473  2329  2329 D ethctrlmgr: 8f  
04-21 12:49:18.473  2329  2329 D ethctrlmgr: 25  
04-21 12:49:18.473  2329  2329 D ethctrlmgr: 4e  
04-21 12:49:18.473  2329  2329 D ethctrlmgr: a0  
04-21 12:49:18.473  2329  2329 D ethctrlmgr: 1a  
04-21 12:49:18.473  2329  2329 D ethctrlmgr: data len to send IPC is 15
04-21 12:49:18.473  2329  2329 D ethctrlmgr: executeSwitchCmd:sent cmd req 15 bytes
04-21 12:49:18.473  2329  2329 D ethctrlmgr: executeSwitchCmd() diag command waiting for response from server 
04-21 12:49:18.474  2395  2487 I chatty  : uid=1013(media) alsa-source-Dir expire 4 lines
04-21 12:49:18.474  2329  2365 V ethctrlmgr: readDataFromIocIpc():data avlbl from ioc ipc
04-21 12:49:18.474  2329  2365 D ethctrlmgr: readDataFromIocIpc():read data from IOC IPC
04-21 12:49:18.474  2329  2365 D ethctrlmgr: readDataFromIocIpc spawned. Waiting to read data
04-21 12:49:18.474  2329  2329 D ethctrlmgr:  executeSwitchCmd(): pthread_cond_timedwait Ret Val = 0  
04-21 12:49:18.474  2329  2329 D ethctrlmgr: executeSwitchCmd(): response available for requested command 
04-21 12:49:18.474  2329  2329 V ethctrlmgr: executeSwitchCmd:completion time:1.418363 msec 
04-21 12:49:18.474  2329  2329 D ethctrlmgr: SPI write command execution successful
04-21 12:49:18.474  2329  2329 D ethctrlmgr: read success data bytes:0
04-21 12:49:18.474  2329  2329 D ethctrlmgr: SPI Read Bytes in hex:
04-21 12:49:18.475  2329  2329 V ethctrlmgr: iocIpcFd : 4  len : 2
04-21 12:49:18.475  2329  2329 D ethctrlmgr: SPI command len is:7
04-21 12:49:18.475  2329  2329 D ethctrlmgr: SPI write cmd in hex:0x
04-21 12:49:18.475  2329  2329 D ethctrlmgr: 21  
04-21 12:49:18.475  2329  2329 D ethctrlmgr: 09  
04-21 12:49:18.475  2329  2329 D ethctrlmgr: 8f  
04-21 12:49:18.475  2329  2329 D ethctrlmgr: 25  
04-21 12:49:18.475  2329  2329 D ethctrlmgr: 50  
04-21 12:49:18.475  2329  2329 D ethctrlmgr: 00  
04-21 12:49:18.475  2329  2329 D ethctrlmgr: 00  
04-21 12:49:18.475  2329  2329 D ethctrlmgr: data len to send IPC is 15
04-21 12:49:18.475  2329  2329 D ethctrlmgr: executeSwitchCmd:sent cmd req 15 bytes
04-21 12:49:18.475  2329  2329 D ethctrlmgr: executeSwitchCmd() diag command waiting for response from server 
04-21 12:49:18.477  2329  2365 V ethctrlmgr: readDataFromIocIpc():data avlbl from ioc ipc
04-21 12:49:18.477  2329  2365 D ethctrlmgr: readDataFromIocIpc():read data from IOC IPC
04-21 12:49:18.477  2329  2365 D ethctrlmgr: readDataFromIocIpc spawned. Waiting to read data
04-21 12:49:18.477  2329  2329 D ethctrlmgr:  executeSwitchCmd(): pthread_cond_timedwait Ret Val = 0  
04-21 12:49:18.477  2329  2329 D ethctrlmgr: executeSwitchCmd(): response available for requested command 
04-21 12:49:18.477  2329  2329 V ethctrlmgr: executeSwitchCmd:completion time:2.187109 msec 
04-21 12:49:18.477  2329  2329 D ethctrlmgr: SPI write command execution successful
04-21 12:49:18.477  2329  2329 D ethctrlmgr: read success data bytes:0
04-21 12:49:18.477  2329  2329 D ethctrlmgr: SPI Read Bytes in hex:
04-21 12:49:18.477  2329  2329 V ethctrlmgr: iocIpcFd : 4  len : 2
04-21 12:49:18.477  2329  2329 D ethctrlmgr: SPI command len is:7
04-21 12:49:18.477  2329  2329 D ethctrlmgr: SPI write cmd in hex:0x
04-21 12:49:18.477  2329  2329 D ethctrlmgr: 21  
04-21 12:49:18.477  2329  2329 D ethctrlmgr: 09  
04-21 12:49:18.477  2329  2329 D ethctrlmgr: 8f  
04-21 12:49:18.477  2329  2329 D ethctrlmgr: 25  
04-21 12:49:18.477  2329  2329 D ethctrlmgr: 52  
04-21 12:49:18.477  2329  2329 D ethctrlmgr: 00  
04-21 12:49:18.477  2329  2329 D ethctrlmgr: ef  
04-21 12:49:18.477  2329  2329 D ethctrlmgr: data len to send IPC is 15
04-21 12:49:18.477  2329  2329 D ethctrlmgr: executeSwitchCmd:sent cmd req 15 bytes
04-21 12:49:18.477  2329  2329 D ethctrlmgr: executeSwitchCmd() diag command waiting for response from server 
04-21 12:49:18.480  1974  2188 E vehicle_abstraction: CODIDynamicDataGroup::processRxGroupSignal ODI data (dataID = 27) not mapped (fucID = 7) 
04-21 12:49:18.481  2329  2365 V ethctrlmgr: readDataFromIocIpc():data avlbl from ioc ipc
04-21 12:49:18.481  2329  2365 D ethctrlmgr: readDataFromIocIpc():read data from IOC IPC
04-21 12:49:18.481  2329  2365 D ethctrlmgr: readDataFromIocIpc spawned. Waiting to read data
04-21 12:49:18.481  2329  2329 D ethctrlmgr:  executeSwitchCmd(): pthread_cond_timedwait Ret Val = 0  
04-21 12:49:18.481  2329  2329 D ethctrlmgr: executeSwitchCmd(): response available for requested command 
04-21 12:49:18.481  2329  2329 V ethctrlmgr: executeSwitchCmd:completion time:3.853463 msec 
04-21 12:49:18.481  2329  2329 D ethctrlmgr: SPI write command execution successful
04-21 12:49:18.481  2329  2329 D ethctrlmgr: read success data bytes:0
04-21 12:49:18.481  2329  2329 D ethctrlmgr: SPI Read Bytes in hex:
04-21 12:49:18.481  2329  2329 V ethctrlmgr: iocIpcFd : 4  len : 2
04-21 12:49:18.481  2329  2329 D ethctrlmgr: SPI command len is:7
04-21 12:49:18.481  2329  2329 D ethctrlmgr: SPI write cmd in hex:0x
04-21 12:49:18.481  2329  2329 D ethctrlmgr: 21  
04-21 12:49:18.481  2329  2329 D ethctrlmgr: 09  
04-21 12:49:18.481  2329  2329 D ethctrlmgr: 8f  
04-21 12:49:18.481  2329  2329 D ethctrlmgr: 25  
04-21 12:49:18.481  2329  2329 D ethctrlmgr: 58  
04-21 12:49:18.481  2329  2329 D ethctrlmgr: 02  
04-21 12:49:18.481  2329  2329 D ethctrlmgr: 00  
04-21 12:49:18.481  2329  2329 D ethctrlmgr: data len to send IPC is 15
04-21 12:49:18.481  2329  2329 D ethctrlmgr: executeSwitchCmd:sent cmd req 15 bytes
04-21 12:49:18.481  2329  2329 D ethctrlmgr: executeSwitchCmd() diag command waiting for response from server 
04-21 12:49:18.482  2329  2365 V ethctrlmgr: readDataFromIocIpc():data avlbl from ioc ipc
04-21 12:49:18.482  2329  2365 D ethctrlmgr: readDataFromIocIpc():read data from IOC IPC
04-21 12:49:18.482  2329  2365 D ethctrlmgr: readDataFromIocIpc spawned. Waiting to read data
04-21 12:49:18.482  2329  2329 D ethctrlmgr:  executeSwitchCmd(): pthread_cond_timedwait Ret Val = 0  
04-21 12:49:18.482  2329  2329 D ethctrlmgr: executeSwitchCmd(): response available for requested command 
04-21 12:49:18.482  2329  2329 V ethctrlmgr: executeSwitchCmd:completion time:1.239114 msec 
04-21 12:49:18.482  2329  2329 D ethctrlmgr: SPI write command execution successful
04-21 12:49:18.482  2329  2329 D ethctrlmgr: read success data bytes:0
04-21 12:49:18.482  2329  2329 D ethctrlmgr: SPI Read Bytes in hex:
04-21 12:49:18.482  2329  2329 V ethctrlmgr: iocIpcFd : 4  len : 2
04-21 12:49:18.482  2329  2329 D ethctrlmgr: SPI command len is:7
04-21 12:49:18.482  2329  2329 D ethctrlmgr: SPI write cmd in hex:0x
04-21 12:49:18.482  2329  2329 D ethctrlmgr: 21  
04-21 12:49:18.482  2329  2329 D ethctrlmgr: 09  
04-21 12:49:18.482  2329  2329 D ethctrlmgr: 8f  
04-21 12:49:18.482  2329  2329 D ethctrlmgr: 25  
04-21 12:49:18.482  2329  2329 D ethctrlmgr: 5c  
04-21 12:49:18.482  2329  2329 D ethctrlmgr: 40  
04-21 12:49:18.482  2329  2329 D ethctrlmgr: 00  
04-21 12:49:18.482  2329  2329 D ethctrlmgr: data len to send IPC is 15
04-21 12:49:18.482  2329  2329 D ethctrlmgr: executeSwitchCmd:sent cmd req 15 bytes
04-21 12:49:18.482  2329  2329 D ethctrlmgr: executeSwitchCmd() diag command waiting for response from server 
04-21 12:49:18.484  2329  2365 V ethctrlmgr: readDataFromIocIpc():data avlbl from ioc ipc
04-21 12:49:18.484  2329  2365 D ethctrlmgr: readDataFromIocIpc():read data from IOC IPC
04-21 12:49:18.484  2329  2365 D ethctrlmgr: readDataFromIocIpc spawned. Waiting to read data
04-21 12:49:18.485  2329  2329 D ethctrlmgr:  executeSwitchCmd(): pthread_cond_timedwait Ret Val = 0  
04-21 12:49:18.485  2329  2329 D ethctrlmgr: executeSwitchCmd(): response available for requested command 
04-21 12:49:18.485  2329  2329 V ethctrlmgr: executeSwitchCmd:completion time:2.312845 msec 
04-21 12:49:18.485  2329  2329 D ethctrlmgr: SPI write command execution successful
04-21 12:49:18.485  2329  2329 D ethctrlmgr: read success data bytes:0
04-21 12:49:18.485  2329  2329 D ethctrlmgr: SPI Read Bytes in hex:
04-21 12:49:18.485  2329  2329 V ethctrlmgr: iocIpcFd : 4  len : 2
04-21 12:49:18.485  2329  2329 D ethctrlmgr: SPI command len is:7
04-21 12:49:18.485  2329  2329 D ethctrlmgr: SPI write cmd in hex:0x
04-21 12:49:18.485  2329  2329 D ethctrlmgr: 21  
04-21 12:49:18.485  2329  2329 D ethctrlmgr: 09  
04-21 12:49:18.485  2329  2329 D ethctrlmgr: 8f  
04-21 12:49:18.485  2329  2329 D ethctrlmgr: 25  
04-21 12:49:18.485  2329  2329 D ethctrlmgr: 5e  
04-21 12:49:18.485  2329  2329 D ethctrlmgr: 30  
04-21 12:49:18.485  2329  2329 D ethctrlmgr: 00  
04-21 12:49:18.485  2329  2329 D ethctrlmgr: data len to send IPC is 15
04-21 12:49:18.485  2329  2329 D ethctrlmgr: executeSwitchCmd:sent cmd req 15 bytes
04-21 12:49:18.485  2329  2329 D ethctrlmgr: executeSwitchCmd() diag command waiting for response from server 
04-21 12:49:18.486  2329  2365 V ethctrlmgr: readDataFromIocIpc():data avlbl from ioc ipc
04-21 12:49:18.486  2329  2365 D ethctrlmgr: readDataFromIocIpc():read data from IOC IPC
04-21 12:49:18.486  2329  2365 D ethctrlmgr: readDataFromIocIpc spawned. Waiting to read data
04-21 12:49:18.486  2329  2329 D ethctrlmgr:  executeSwitchCmd(): pthread_cond_timedwait Ret Val = 0  
04-21 12:49:18.486  2329  2329 D ethctrlmgr: executeSwitchCmd(): response available for requested command 
04-21 12:49:18.486  2329  2329 V ethctrlmgr: executeSwitchCmd:completion time:1.234620 msec 
04-21 12:49:18.486  2329  2329 D ethctrlmgr: SPI write command execution successful
04-21 12:49:18.486  2329  2329 D ethctrlmgr: read success data bytes:0
04-21 12:49:18.486  2329  2329 D ethctrlmgr: SPI Read Bytes in hex:
04-21 12:49:18.486  2329  2329 V ethctrlmgr: iocIpcFd : 4  len : 2
04-21 12:49:18.486  2395  2490 I chatty  : uid=1013(media) alsa-source-Dir expire 4 lines
04-21 12:49:18.486  2329  2329 D ethctrlmgr: SPI command len is:7
04-21 12:49:18.486  2329  2329 D ethctrlmgr: SPI write cmd in hex:0x
04-21 12:49:18.486  2329  2329 D ethctrlmgr: 21  
04-21 12:49:18.486  2329  2329 D ethctrlmgr: 09  
04-21 12:49:18.486  2329  2329 D ethctrlmgr: 8f  
04-21 12:49:18.486  2329  2329 D ethctrlmgr: 25  
04-21 12:49:18.486  2329  2329 D ethctrlmgr: 60  
04-21 12:49:18.486  2329  2329 D ethctrlmgr: 00  
04-21 12:49:18.486  2329  2329 D ethctrlmgr: 16  
04-21 12:49:18.486  2329  2329 D ethctrlmgr: data len to send IPC is 15
04-21 12:49:18.486  2329  2329 D ethctrlmgr: executeSwitchCmd:sent cmd req 15 bytes
04-21 12:49:18.486  2329  2329 D ethctrlmgr: executeSwitchCmd() diag command waiting for response from server 
04-21 12:49:18.488  2329  2365 V ethctrlmgr: readDataFromIocIpc():data avlbl from ioc ipc
04-21 12:49:18.488  2329  2365 D ethctrlmgr: readDataFromIocIpc():read data from IOC IPC
04-21 12:49:18.488  2329  2365 D ethctrlmgr: readDataFromIocIpc spawned. Waiting to read data
04-21 12:49:18.488  2329  2329 D ethctrlmgr:  executeSwitchCmd(): pthread_cond_timedwait Ret Val = 0  
04-21 12:49:18.488  2329  2329 D ethctrlmgr: executeSwitchCmd(): response available for requested command 
04-21 12:49:18.488  2329  2329 V ethctrlmgr: executeSwitchCmd:completion time:1.676386 msec 
04-21 12:49:18.488  2329  2329 D ethctrlmgr: SPI write command execution successful
04-21 12:49:18.488  2329  2329 D ethctrlmgr: read success data bytes:0
04-21 12:49:18.488  2329  2329 D ethctrlmgr: SPI Read Bytes in hex:
04-21 12:49:18.488  2329  2329 V ethctrlmgr: iocIpcFd : 4  len : 2
04-21 12:49:18.488  2329  2329 D ethctrlmgr: SPI command len is:7
04-21 12:49:18.488  2329  2329 D ethctrlmgr: SPI write cmd in hex:0x
04-21 12:49:18.488  2329  2329 D ethctrlmgr: 21  
04-21 12:49:18.488  2329  2329 D ethctrlmgr: 09  
04-21 12:49:18.488  2329  2329 D ethctrlmgr: 8f  
04-21 12:49:18.488  2329  2329 D ethctrlmgr: 25  
04-21 12:49:18.488  2329  2329 D ethctrlmgr: 62  
04-21 12:49:18.488  2329  2329 D ethctrlmgr: 0d  
04-21 12:49:18.488  2329  2329 D ethctrlmgr: 0d  
04-21 12:49:18.488  2329  2329 D ethctrlmgr: data len to send IPC is 15
04-21 12:49:18.488  2329  2329 D ethctrlmgr: executeSwitchCmd:sent cmd req 15 bytes
04-21 12:49:18.488  2329  2329 D ethctrlmgr: executeSwitchCmd() diag command waiting for response from server 
04-21 12:49:18.490  2329  2365 V ethctrlmgr: readDataFromIocIpc():data avlbl from ioc ipc
04-21 12:49:18.490  2329  2365 D ethctrlmgr: readDataFromIocIpc():read data from IOC IPC
04-21 12:49:18.490  2329  2365 D ethctrlmgr: readDataFromIocIpc spawned. Waiting to read data
04-21 12:49:18.490  2329  2329 D ethctrlmgr:  executeSwitchCmd(): pthread_cond_timedwait Ret Val = 0  
04-21 12:49:18.490  2329  2329 D ethctrlmgr: executeSwitchCmd(): response available for requested command 
04-21 12:49:18.490  2329  2329 V ethctrlmgr: executeSwitchCmd:completion time:1.690386 msec 
04-21 12:49:18.490  2329  2329 D ethctrlmgr: SPI write command execution successful
04-21 12:49:18.490  2329  2329 D ethctrlmgr: read success data bytes:0
04-21 12:49:18.490  2329  2329 D ethctrlmgr: SPI Read Bytes in hex:
04-21 12:49:18.490  2329  2329 V ethctrlmgr: iocIpcFd : 4  len : 2
04-21 12:49:18.490  2329  2329 D ethctrlmgr: SPI command len is:7
04-21 12:49:18.490  2329  2329 D ethctrlmgr: SPI write cmd in hex:0x
04-21 12:49:18.490  2329  2329 D ethctrlmgr: 21  
04-21 12:49:18.490  2329  2329 D ethctrlmgr: 09  
04-21 12:49:18.490  2329  2329 D ethctrlmgr: 8f  
04-21 12:49:18.490  2329  2329 D ethctrlmgr: 25  
04-21 12:49:18.490  2329  2329 D ethctrlmgr: 64  
04-21 12:49:18.490  2329  2329 D ethctrlmgr: 00  
04-21 12:49:18.490  2329  2329 D ethctrlmgr: 00  
04-21 12:49:18.490  2329  2329 D ethctrlmgr: data len to send IPC is 15
04-21 12:49:18.490  2329  2329 D ethctrlmgr: executeSwitchCmd:sent cmd req 15 bytes
04-21 12:49:18.490  2329  2329 D ethctrlmgr: executeSwitchCmd() diag command waiting for response from server 
04-21 12:49:18.492  2329  2365 V ethctrlmgr: readDataFromIocIpc():data avlbl from ioc ipc
04-21 12:49:18.492  2329  2365 D ethctrlmgr: readDataFromIocIpc():read data from IOC IPC
04-21 12:49:18.492  2329  2365 D ethctrlmgr: readDataFromIocIpc spawned. Waiting to read data
04-21 12:49:18.492  2329  2329 D ethctrlmgr:  executeSwitchCmd(): pthread_cond_timedwait Ret Val = 0  
04-21 12:49:18.492  2329  2329 D ethctrlmgr: executeSwitchCmd(): response available for requested command 
04-21 12:49:18.492  2329  2329 V ethctrlmgr: executeSwitchCmd:completion time:1.811970 msec 
04-21 12:49:18.492  2329  2329 D ethctrlmgr: SPI write command execution successful
04-21 12:49:18.492  2329  2329 D ethctrlmgr: read success data bytes:0
04-21 12:49:18.492  2329  2329 D ethctrlmgr: SPI Read Bytes in hex:
04-21 12:49:18.492  2329  2329 V ethctrlmgr: iocIpcFd : 4  len : 2
04-21 12:49:18.492  2329  2329 D ethctrlmgr: SPI command len is:7
04-21 12:49:18.492  2329  2329 D ethctrlmgr: SPI write cmd in hex:0x
04-21 12:49:18.492  2329  2329 D ethctrlmgr: 21  
04-21 12:49:18.492  2329  2329 D ethctrlmgr: 09  
04-21 12:49:18.492  2329  2329 D ethctrlmgr: 8f  
04-21 12:49:18.492  2329  2329 D ethctrlmgr: 25  
04-21 12:49:18.492  2329  2329 D ethctrlmgr: 66  
04-21 12:49:18.492  2329  2329 D ethctrlmgr: 77  
04-21 12:49:18.492  2329  2329 D ethctrlmgr: 00  
04-21 12:49:18.492  2329  2329 D ethctrlmgr: data len to send IPC is 15
04-21 12:49:18.492  2329  2329 D ethctrlmgr: executeSwitchCmd:sent cmd req 15 bytes
04-21 12:49:18.492  2329  2329 D ethctrlmgr: executeSwitchCmd() diag command waiting for response from server 
04-21 12:49:18.494  2329  2365 V ethctrlmgr: readDataFromIocIpc():data avlbl from ioc ipc
04-21 12:49:18.494  2329  2365 D ethctrlmgr: readDataFromIocIpc():read data from IOC IPC
04-21 12:49:18.494  2329  2365 D ethctrlmgr: readDataFromIocIpc spawned. Waiting to read data
04-21 12:49:18.494  2329  2329 D ethctrlmgr:  executeSwitchCmd(): pthread_cond_timedwait Ret Val = 0  
04-21 12:49:18.494  2329  2329 D ethctrlmgr: executeSwitchCmd(): response available for requested command 
04-21 12:49:18.494  2329  2329 V ethctrlmgr: executeSwitchCmd:completion time:1.975162 msec 
04-21 12:49:18.494  2329  2329 D ethctrlmgr: SPI write command execution successful
04-21 12:49:18.494  2329  2329 D ethctrlmgr: read success data bytes:0
04-21 12:49:18.494  2329  2329 D ethctrlmgr: SPI Read Bytes in hex:
04-21 12:49:18.494  2329  2329 V ethctrlmgr: iocIpcFd : 4  len : 2
04-21 12:49:18.494  2329  2329 D ethctrlmgr: SPI command len is:7
04-21 12:49:18.494  2329  2329 D ethctrlmgr: SPI write cmd in hex:0x
04-21 12:49:18.494  2329  2329 D ethctrlmgr: 21  
04-21 12:49:18.494  2329  2329 D ethctrlmgr: 09  
04-21 12:49:18.494  2329  2329 D ethctrlmgr: 8f  
04-21 12:49:18.494  2329  2329 D ethctrlmgr: 25  
04-21 12:49:18.494  2329  2329 D ethctrlmgr: 68  
04-21 12:49:18.494  2329  2329 D ethctrlmgr: 00  
04-21 12:49:18.494  2329  2329 D ethctrlmgr: 00  
04-21 12:49:18.494  2329  2329 D ethctrlmgr: data len to send IPC is 15
04-21 12:49:18.494  2329  2329 D ethctrlmgr: executeSwitchCmd:sent cmd req 15 bytes
04-21 12:49:18.494  2329  2329 D ethctrlmgr: executeSwitchCmd() diag command waiting for response from server 
04-21 12:49:18.495  2329  2365 V ethctrlmgr: readDataFromIocIpc():data avlbl from ioc ipc
04-21 12:49:18.495  2329  2365 D ethctrlmgr: readDataFromIocIpc():read data from IOC IPC
04-21 12:49:18.495  2329  2365 D ethctrlmgr: readDataFromIocIpc spawned. Waiting to read data
04-21 12:49:18.495  2329  2329 D ethctrlmgr:  executeSwitchCmd(): pthread_cond_timedwait Ret Val = 0  
04-21 12:49:18.495  2329  2329 D ethctrlmgr: executeSwitchCmd(): response available for requested command 
04-21 12:49:18.495  2329  2329 V ethctrlmgr: executeSwitchCmd:completion time:1.459391 msec 
04-21 12:49:18.495  2329  2329 D ethctrlmgr: SPI write command execution successful
04-21 12:49:18.495  2329  2329 D ethctrlmgr: read success data bytes:0
04-21 12:49:18.495  2329  2329 D ethctrlmgr: SPI Read Bytes in hex:
04-21 12:49:18.495  2329  2329 V ethctrlmgr: iocIpcFd : 4  len : 2
04-21 12:49:18.495  2329  2329 D ethctrlmgr: SPI command len is:7
04-21 12:49:18.495  2329  2329 D ethctrlmgr: SPI write cmd in hex:0x
04-21 12:49:18.495  2329  2329 D ethctrlmgr: 21  
04-21 12:49:18.496  2329  2329 D ethctrlmgr: 09  
04-21 12:49:18.496  2329  2329 D ethctrlmgr: 8f  
04-21 12:49:18.496  2329  2329 D ethctrlmgr: 25  
04-21 12:49:18.496  2329  2329 D ethctrlmgr: 6e  
04-21 12:49:18.496  2329  2329 D ethctrlmgr: 00  
04-21 12:49:18.496  2329  2329 D ethctrlmgr: a0  
04-21 12:49:18.496  2329  2329 D ethctrlmgr: data len to send IPC is 15
04-21 12:49:18.496  2329  2329 D ethctrlmgr: executeSwitchCmd:sent cmd req 15 bytes
04-21 12:49:18.496  2329  2329 D ethctrlmgr: executeSwitchCmd() diag command waiting for response from server 
04-21 12:49:18.497  2395  2493 I chatty  : uid=1013(media) alsa-source-Dir expire 4 lines
04-21 12:49:18.498  2329  2365 V ethctrlmgr: readDataFromIocIpc():data avlbl from ioc ipc
04-21 12:49:18.498  2329  2365 D ethctrlmgr: readDataFromIocIpc():read data from IOC IPC
04-21 12:49:18.498  2329  2365 D ethctrlmgr: readDataFromIocIpc spawned. Waiting to read data
04-21 12:49:18.498  2329  2329 D ethctrlmgr:  executeSwitchCmd(): pthread_cond_timedwait Ret Val = 0  
04-21 12:49:18.498  2329  2329 D ethctrlmgr: executeSwitchCmd(): response available for requested command 
04-21 12:49:18.498  2329  2329 V ethctrlmgr: executeSwitchCmd:completion time:2.188243 msec 
04-21 12:49:18.498  2329  2329 D ethctrlmgr: SPI write command execution successful
04-21 12:49:18.498  2329  2329 D ethctrlmgr: read success data bytes:0
04-21 12:49:18.498  2329  2329 D ethctrlmgr: SPI Read Bytes in hex:
04-21 12:49:18.498  2329  2329 V ethctrlmgr: iocIpcFd : 4  len : 2
04-21 12:49:18.498  2329  2329 D ethctrlmgr: SPI command len is:7
04-21 12:49:18.498  2329  2329 D ethctrlmgr: SPI write cmd in hex:0x
04-21 12:49:18.498  2329  2329 D ethctrlmgr: 21  
04-21 12:49:18.498  2329  2329 D ethctrlmgr: 09  
04-21 12:49:18.498  2329  2329 D ethctrlmgr: 8f  
04-21 12:49:18.498  2329  2329 D ethctrlmgr: 25  
04-21 12:49:18.498  2329  2329 D ethctrlmgr: 7e  
04-21 12:49:18.498  2329  2329 D ethctrlmgr: 40  
04-21 12:49:18.498  2329  2329 D ethctrlmgr: 9f  
04-21 12:49:18.498  2329  2329 D ethctrlmgr: data len to send IPC is 15
04-21 12:49:18.498  2329  2329 D ethctrlmgr: executeSwitchCmd:sent cmd req 15 bytes
04-21 12:49:18.498  2329  2329 D ethctrlmgr: executeSwitchCmd() diag command waiting for response from server 
04-21 12:49:18.500  2344  2344 I RDMSPlugin_Nav:: NavigationPlugin nav_init called
04-21 12:49:18.500  2344  2344 I RDMSPlugin_Nav:: NavigationPluginHandler::clearMemberVariables entry
04-21 12:49:18.500  2344  2344 I RDMSPlugin_Nav:: NavigationPluginHandler - initializePlugin() timer started
04-21 12:49:18.500  2395  2395 I chatty  : uid=1013(media) /system/bin/pulseaudio expire 243 lines
04-21 12:49:18.500  2329  2365 V ethctrlmgr: readDataFromIocIpc():data avlbl from ioc ipc
04-21 12:49:18.500  2329  2365 D ethctrlmgr: readDataFromIocIpc():read data from IOC IPC
04-21 12:49:18.500  2329  2365 D ethctrlmgr: readDataFromIocIpc spawned. Waiting to read data
04-21 12:49:18.501  2329  2329 D ethctrlmgr:  executeSwitchCmd(): pthread_cond_timedwait Ret Val = 0  
04-21 12:49:18.501  2329  2329 D ethctrlmgr: executeSwitchCmd(): response available for requested command 
04-21 12:49:18.501  2329  2329 V ethctrlmgr: executeSwitchCmd:completion time:2.647601 msec 
04-21 12:49:18.501  2329  2329 D ethctrlmgr: SPI write command execution successful
04-21 12:49:18.501  2329  2329 D ethctrlmgr: read success data bytes:0
04-21 12:49:18.501  2329  2329 D ethctrlmgr: SPI Read Bytes in hex:
04-21 12:49:18.501  2329  2329 V ethctrlmgr: iocIpcFd : 4  len : 2
04-21 12:49:18.501  2329  2329 D ethctrlmgr: SPI command len is:7
04-21 12:49:18.501  2329  2329 D ethctrlmgr: SPI write cmd in hex:0x
04-21 12:49:18.501  2329  2329 D ethctrlmgr: 21  
04-21 12:49:18.501  2329  2329 D ethctrlmgr: 09  
04-21 12:49:18.501  2329  2329 D ethctrlmgr: 8f  
04-21 12:49:18.501  2329  2329 D ethctrlmgr: 25  
04-21 12:49:18.501  2329  2329 D ethctrlmgr: 5a  
04-21 12:49:18.501  2329  2329 D ethctrlmgr: 10  
04-21 12:49:18.501  2329  2329 D ethctrlmgr: 00  
04-21 12:49:18.501  2329  2329 D ethctrlmgr: data len to send IPC is 15
04-21 12:49:18.501  2329  2329 D ethctrlmgr: executeSwitchCmd:sent cmd req 15 bytes
04-21 12:49:18.501  2329  2329 D ethctrlmgr: executeSwitchCmd() diag command waiting for response from server 
04-21 12:49:18.501  2344  2344 I RDMSPlugin_Nav:: Navigation Plugin Binder instantiated
04-21 12:49:18.501  2344  2344 I Media_RDMService:: RemovableDeviceFactory - client_plugin_status entry
04-21 12:49:18.501  2344  2344 I Media_RDMService:: RDMS: getConfigValue() configname = updatePluginPath , configValue = ./system/lib64/RDMS_Plugins/libUpdatePlugin.so
04-21 12:49:18.501  2344  2344 I Media_RDMService:: RemovableDeviceFactory - createPluginhandler() Entry
04-21 12:49:18.502  2329  2365 V ethctrlmgr: readDataFromIocIpc():data avlbl from ioc ipc
04-21 12:49:18.502  2329  2365 D ethctrlmgr: readDataFromIocIpc():read data from IOC IPC
04-21 12:49:18.502  2329  2365 D ethctrlmgr: readDataFromIocIpc spawned. Waiting to read data
04-21 12:49:18.502  2329  2329 D ethctrlmgr:  executeSwitchCmd(): pthread_cond_timedwait Ret Val = 0  
04-21 12:49:18.502  2329  2329 D ethctrlmgr: executeSwitchCmd(): response available for requested command 
04-21 12:49:18.502  2329  2329 V ethctrlmgr: executeSwitchCmd:completion time:1.809994 msec 
04-21 12:49:18.502  2329  2329 D ethctrlmgr: SPI write command execution successful
04-21 12:49:18.502  2329  2329 D ethctrlmgr: read success data bytes:0
04-21 12:49:18.502  2329  2329 D ethctrlmgr: SPI Read Bytes in hex:
04-21 12:49:18.503  2329  2329 V ethctrlmgr: iocIpcFd : 4  len : 2
04-21 12:49:18.503  2329  2329 D ethctrlmgr: SPI command len is:7
04-21 12:49:18.503  2329  2329 D ethctrlmgr: SPI write cmd in hex:0x
04-21 12:49:18.503  2329  2329 D ethctrlmgr: 21  
04-21 12:49:18.503  2329  2329 D ethctrlmgr: 09  
04-21 12:49:18.503  2329  2329 D ethctrlmgr: 8f  
04-21 12:49:18.503  2329  2329 D ethctrlmgr: 25  
04-21 12:49:18.503  2329  2329 D ethctrlmgr: 5a  
04-21 12:49:18.503  2329  2329 D ethctrlmgr: 00  
04-21 12:49:18.503  2329  2329 D ethctrlmgr: 00  
04-21 12:49:18.503  2329  2329 D ethctrlmgr: data len to send IPC is 15
04-21 12:49:18.503  2329  2329 D ethctrlmgr: executeSwitchCmd:sent cmd req 15 bytes
04-21 12:49:18.503  2329  2329 D ethctrlmgr: executeSwitchCmd() diag command waiting for response from server 
04-21 12:49:18.504  2329  2365 V ethctrlmgr: readDataFromIocIpc():data avlbl from ioc ipc
04-21 12:49:18.504  2329  2365 D ethctrlmgr: readDataFromIocIpc():read data from IOC IPC
04-21 12:49:18.504  2329  2365 D ethctrlmgr: readDataFromIocIpc spawned. Waiting to read data
04-21 12:49:18.504  2329  2329 D ethctrlmgr:  executeSwitchCmd(): pthread_cond_timedwait Ret Val = 0  
04-21 12:49:18.504  2329  2329 D ethctrlmgr: executeSwitchCmd(): response available for requested command 
04-21 12:49:18.504  2329  2329 V ethctrlmgr: executeSwitchCmd:completion time:1.361183 msec 
04-21 12:49:18.504  2329  2329 D ethctrlmgr: SPI write command execution successful
04-21 12:49:18.504  2329  2329 D ethctrlmgr: read success data bytes:0
04-21 12:49:18.504  2329  2329 D ethctrlmgr: SPI Read Bytes in hex:
04-21 12:49:18.504  2329  2329 V ethctrlmgr: iocIpcFd : 4  len : 2
04-21 12:49:18.504  2329  2329 D ethctrlmgr: SPI command len is:7
04-21 12:49:18.504  2329  2329 D ethctrlmgr: SPI write cmd in hex:0x
04-21 12:49:18.504  2329  2329 D ethctrlmgr: 21  
04-21 12:49:18.504  2329  2329 D ethctrlmgr: 09  
04-21 12:49:18.504  2329  2329 D ethctrlmgr: 8f  
04-21 12:49:18.504  2329  2329 D ethctrlmgr: 25  
04-21 12:49:18.504  2329  2329 D ethctrlmgr: 60  
04-21 12:49:18.504  2329  2329 D ethctrlmgr: 00  
04-21 12:49:18.504  2329  2329 D ethctrlmgr: 00  
04-21 12:49:18.504  2329  2329 D ethctrlmgr: data len to send IPC is 15
04-21 12:49:18.504  2329  2329 D ethctrlmgr: executeSwitchCmd:sent cmd req 15 bytes
04-21 12:49:18.504  2329  2329 D ethctrlmgr: executeSwitchCmd() diag command waiting for response from server 
04-21 12:49:18.506  2329  2365 V ethctrlmgr: readDataFromIocIpc():data avlbl from ioc ipc
04-21 12:49:18.506  2329  2365 D ethctrlmgr: readDataFromIocIpc():read data from IOC IPC
04-21 12:49:18.506  2329  2365 D ethctrlmgr: readDataFromIocIpc spawned. Waiting to read data
04-21 12:49:18.506  2329  2329 D ethctrlmgr:  executeSwitchCmd(): pthread_cond_timedwait Ret Val = 0  
04-21 12:49:18.506  2329  2329 D ethctrlmgr: executeSwitchCmd(): response available for requested command 
04-21 12:49:18.506  2329  2329 V ethctrlmgr: executeSwitchCmd:completion time:1.666402 msec 
04-21 12:49:18.506  2329  2329 D ethctrlmgr: SPI write command execution successful
04-21 12:49:18.506  2329  2329 D ethctrlmgr: read success data bytes:0
04-21 12:49:18.506  2329  2329 D ethctrlmgr: SPI Read Bytes in hex:
04-21 12:49:18.506  2329  2329 V ethctrlmgr: iocIpcFd : 4  len : 2
04-21 12:49:18.506  2329  2329 D ethctrlmgr: SPI command len is:7
04-21 12:49:18.506  2329  2329 D ethctrlmgr: SPI write cmd in hex:0x
04-21 12:49:18.506  2329  2329 D ethctrlmgr: 21  
04-21 12:49:18.506  2329  2329 D ethctrlmgr: 09  
04-21 12:49:18.506  2329  2329 D ethctrlmgr: 8f  
04-21 12:49:18.506  2329  2329 D ethctrlmgr: 25  
04-21 12:49:18.506  2329  2329 D ethctrlmgr: 62  
04-21 12:49:18.506  2329  2329 D ethctrlmgr: 00  
04-21 12:49:18.506  2329  2329 D ethctrlmgr: 00  
04-21 12:49:18.506  2329  2329 D ethctrlmgr: data len to send IPC is 15
04-21 12:49:18.506  2329  2329 D ethctrlmgr: executeSwitchCmd:sent cmd req 15 bytes
04-21 12:49:18.506  2329  2329 D ethctrlmgr: executeSwitchCmd() diag command waiting for response from server 
04-21 12:49:18.508  2329  2365 V ethctrlmgr: readDataFromIocIpc():data avlbl from ioc ipc
04-21 12:49:18.508  2329  2365 D ethctrlmgr: readDataFromIocIpc():read data from IOC IPC
04-21 12:49:18.508  2329  2365 D ethctrlmgr: readDataFromIocIpc spawned. Waiting to read data
04-21 12:49:18.508  2329  2329 D ethctrlmgr:  executeSwitchCmd(): pthread_cond_timedwait Ret Val = 0  
04-21 12:49:18.508  2329  2329 D ethctrlmgr: executeSwitchCmd(): response available for requested command 
04-21 12:49:18.509  2329  2329 V ethctrlmgr: executeSwitchCmd:completion time:2.517983 msec 
04-21 12:49:18.509  2329  2329 D ethctrlmgr: SPI write command execution successful
04-21 12:49:18.509  2329  2329 D ethctrlmgr: read success data bytes:0
04-21 12:49:18.509  2329  2329 D ethctrlmgr: SPI Read Bytes in hex:
04-21 12:49:18.509  2329  2329 V ethctrlmgr: iocIpcFd : 4  len : 2
04-21 12:49:18.509  2329  2329 D ethctrlmgr: SPI command len is:7
04-21 12:49:18.509  2329  2329 D ethctrlmgr: SPI write cmd in hex:0x
04-21 12:49:18.509  2329  2329 D ethctrlmgr: 21  
04-21 12:49:18.509  2329  2329 D ethctrlmgr: 09  
04-21 12:49:18.509  2329  2329 D ethctrlmgr: 8f  
04-21 12:49:18.509  2329  2329 D ethctrlmgr: 25  
04-21 12:49:18.509  2329  2329 D ethctrlmgr: 64  
04-21 12:49:18.509  2329  2329 D ethctrlmgr: 00  
04-21 12:49:18.509  2329  2329 D ethctrlmgr: 00  
04-21 12:49:18.509  2329  2329 D ethctrlmgr: data len to send IPC is 15
04-21 12:49:18.509  2329  2329 D ethctrlmgr: executeSwitchCmd:sent cmd req 15 bytes
04-21 12:49:18.509  2329  2329 D ethctrlmgr: executeSwitchCmd() diag command waiting for response from server 
04-21 12:49:18.509  2395  2497 I chatty  : uid=1013(media) alsa-source-Dir expire 4 lines
04-21 12:49:18.513  2329  2365 V ethctrlmgr: readDataFromIocIpc():data avlbl from ioc ipc
04-21 12:49:18.513  2329  2365 D ethctrlmgr: readDataFromIocIpc():read data from IOC IPC
04-21 12:49:18.513  2329  2365 D ethctrlmgr: readDataFromIocIpc spawned. Waiting to read data
04-21 12:49:18.513  2329  2329 D ethctrlmgr:  executeSwitchCmd(): pthread_cond_timedwait Ret Val = 0  
04-21 12:49:18.513  2329  2329 D ethctrlmgr: executeSwitchCmd(): response available for requested command 
04-21 12:49:18.513  2329  2329 V ethctrlmgr: executeSwitchCmd:completion time:4.358036 msec 
04-21 12:49:18.513  2329  2329 D ethctrlmgr: SPI write command execution successful
04-21 12:49:18.513  1974  2188 E vehicle_abstraction: CODIDynamicDataGroup::processRxGroupSignal ODI data (dataID = 28) not mapped (fucID = 7) 
04-21 12:49:18.513  2329  2329 D ethctrlmgr: read success data bytes:0
04-21 12:49:18.513  2329  2329 D ethctrlmgr: SPI Read Bytes in hex:
04-21 12:49:18.513  2329  2329 V ethctrlmgr: iocIpcFd : 4  len : 2
04-21 12:49:18.513  2329  2329 D ethctrlmgr: SPI command len is:7
04-21 12:49:18.513  2329  2329 D ethctrlmgr: SPI write cmd in hex:0x
04-21 12:49:18.513  2329  2329 D ethctrlmgr: 21  
04-21 12:49:18.513  2329  2329 D ethctrlmgr: 09  
04-21 12:49:18.513  2329  2329 D ethctrlmgr: 8f  
04-21 12:49:18.513  2329  2329 D ethctrlmgr: 25  
04-21 12:49:18.513  2329  2329 D ethctrlmgr: 66  
04-21 12:49:18.513  2329  2329 D ethctrlmgr: 00  
04-21 12:49:18.513  2329  2329 D ethctrlmgr: 00  
04-21 12:49:18.513  2329  2329 D ethctrlmgr: data len to send IPC is 15
04-21 12:49:18.513  2329  2329 D ethctrlmgr: executeSwitchCmd:sent cmd req 15 bytes
04-21 12:49:18.513  2329  2329 D ethctrlmgr: executeSwitchCmd() diag command waiting for response from server 
04-21 12:49:18.515  2329  2365 V ethctrlmgr: readDataFromIocIpc():data avlbl from ioc ipc
04-21 12:49:18.515  2329  2365 D ethctrlmgr: readDataFromIocIpc():read data from IOC IPC
04-21 12:49:18.515  2329  2365 D ethctrlmgr: readDataFromIocIpc spawned. Waiting to read data
04-21 12:49:18.515  2329  2329 D ethctrlmgr:  executeSwitchCmd(): pthread_cond_timedwait Ret Val = 0  
04-21 12:49:18.515  2329  2329 D ethctrlmgr: executeSwitchCmd(): response available for requested command 
04-21 12:49:18.515  2329  2329 V ethctrlmgr: executeSwitchCmd:completion time:1.687373 msec 
04-21 12:49:18.515  2329  2329 D ethctrlmgr: SPI write command execution successful
04-21 12:49:18.515  2329  2329 D ethctrlmgr: read success data bytes:0
04-21 12:49:18.515  2329  2329 D ethctrlmgr: SPI Read Bytes in hex:
04-21 12:49:18.515  2329  2329 V ethctrlmgr: iocIpcFd : 4  len : 2
04-21 12:49:18.515  2329  2329 D ethctrlmgr: SPI command len is:7
04-21 12:49:18.515  2329  2329 D ethctrlmgr: SPI write cmd in hex:0x
04-21 12:49:18.515  2329  2329 D ethctrlmgr: 21  
