04-21 12:49:18.515  2329  2329 D ethctrlmgr: 09  
04-21 12:49:18.515  2329  2329 D ethctrlmgr: 8f  
04-21 12:49:18.515  2329  2329 D ethctrlmgr: 25  
04-21 12:49:18.515  2329  2329 D ethctrlmgr: 68  
04-21 12:49:18.515  2329  2329 D ethctrlmgr: 00  
04-21 12:49:18.515  2329  2329 D ethctrlmgr: 00  
04-21 12:49:18.515  2329  2329 D ethctrlmgr: data len to send IPC is 15
04-21 12:49:18.515  2329  2329 D ethctrlmgr: executeSwitchCmd:sent cmd req 15 bytes
04-21 12:49:18.515  2329  2329 D ethctrlmgr: executeSwitchCmd() diag command waiting for response from server 
04-21 12:49:18.517  2329  2365 V ethctrlmgr: readDataFromIocIpc():data avlbl from ioc ipc
04-21 12:49:18.517  2329  2365 D ethctrlmgr: readDataFromIocIpc():read data from IOC IPC
04-21 12:49:18.517  2329  2365 D ethctrlmgr: readDataFromIocIpc spawned. Waiting to read data
04-21 12:49:18.517  2329  2329 D ethctrlmgr:  executeSwitchCmd(): pthread_cond_timedwait Ret Val = 0  
04-21 12:49:18.517  2329  2329 D ethctrlmgr: executeSwitchCmd(): response available for requested command 
04-21 12:49:18.517  2329  2329 V ethctrlmgr: executeSwitchCmd:completion time:1.625588 msec 
04-21 12:49:18.517  2329  2329 D ethctrlmgr: SPI write command execution successful
04-21 12:49:18.517  2329  2329 D ethctrlmgr: read success data bytes:0
04-21 12:49:18.517  2329  2329 D ethctrlmgr: SPI Read Bytes in hex:
04-21 12:49:18.517  2329  2329 V ethctrlmgr: iocIpcFd : 4  len : 2
04-21 12:49:18.517  2329  2329 D ethctrlmgr: SPI command len is:7
04-21 12:49:18.517  2329  2329 D ethctrlmgr: SPI write cmd in hex:0x
04-21 12:49:18.517  2329  2329 D ethctrlmgr: 21  
04-21 12:49:18.517  2329  2329 D ethctrlmgr: 09  
04-21 12:49:18.517  2329  2329 D ethctrlmgr: 8f  
04-21 12:49:18.517  2329  2329 D ethctrlmgr: 25  
04-21 12:49:18.517  2329  2329 D ethctrlmgr: 6e  
04-21 12:49:18.517  2329  2329 D ethctrlmgr: 00  
04-21 12:49:18.517  2329  2329 D ethctrlmgr: 00  
04-21 12:49:18.517  2329  2329 D ethctrlmgr: data len to send IPC is 15
04-21 12:49:18.517  2329  2329 D ethctrlmgr: executeSwitchCmd:sent cmd req 15 bytes
04-21 12:49:18.517  2329  2329 D ethctrlmgr: executeSwitchCmd() diag command waiting for response from server 
04-21 12:49:18.519  2329  2365 V ethctrlmgr: readDataFromIocIpc():data avlbl from ioc ipc
04-21 12:49:18.519  2329  2365 D ethctrlmgr: readDataFromIocIpc():read data from IOC IPC
04-21 12:49:18.519  2329  2365 D ethctrlmgr: readDataFromIocIpc spawned. Waiting to read data
04-21 12:49:18.519  2329  2329 D ethctrlmgr:  executeSwitchCmd(): pthread_cond_timedwait Ret Val = 0  
04-21 12:49:18.519  2329  2329 D ethctrlmgr: executeSwitchCmd(): response available for requested command 
04-21 12:49:18.519  2329  2329 V ethctrlmgr: executeSwitchCmd:completion time:2.017533 msec 
04-21 12:49:18.519  2329  2329 D ethctrlmgr: SPI write command execution successful
04-21 12:49:18.519  2329  2329 D ethctrlmgr: read success data bytes:0
04-21 12:49:18.519  2329  2329 D ethctrlmgr: SPI Read Bytes in hex:
04-21 12:49:18.519  2329  2329 V ethctrlmgr: iocIpcFd : 4  len : 2
04-21 12:49:18.519  2329  2329 D ethctrlmgr: SPI command len is:7
04-21 12:49:18.519  2329  2329 D ethctrlmgr: SPI write cmd in hex:0x
04-21 12:49:18.519  2329  2329 D ethctrlmgr: 21  
04-21 12:49:18.519  2329  2329 D ethctrlmgr: 09  
04-21 12:49:18.519  2329  2329 D ethctrlmgr: 8f  
04-21 12:49:18.519  2329  2329 D ethctrlmgr: 25  
04-21 12:49:18.519  2329  2329 D ethctrlmgr: 7e  
04-21 12:49:18.519  2329  2329 D ethctrlmgr: 00  
04-21 12:49:18.519  2329  2329 D ethctrlmgr: 00  
04-21 12:49:18.519  2329  2329 D ethctrlmgr: data len to send IPC is 15
04-21 12:49:18.519  2329  2329 D ethctrlmgr: executeSwitchCmd:sent cmd req 15 bytes
04-21 12:49:18.519  2329  2329 D ethctrlmgr: executeSwitchCmd() diag command waiting for response from server 
04-21 12:49:18.521  2329  2365 V ethctrlmgr: readDataFromIocIpc():data avlbl from ioc ipc
04-21 12:49:18.521  2329  2365 D ethctrlmgr: readDataFromIocIpc():read data from IOC IPC
04-21 12:49:18.521  2329  2365 D ethctrlmgr: readDataFromIocIpc spawned. Waiting to read data
04-21 12:49:18.522  2329  2329 D ethctrlmgr:  executeSwitchCmd(): pthread_cond_timedwait Ret Val = 0  
04-21 12:49:18.522  2329  2329 D ethctrlmgr: executeSwitchCmd(): response available for requested command 
04-21 12:49:18.522  2329  2329 V ethctrlmgr: executeSwitchCmd:completion time:2.610557 msec 
04-21 12:49:18.522  2329  2329 D ethctrlmgr: SPI write command execution successful
04-21 12:49:18.522  2329  2329 D ethctrlmgr: read success data bytes:0
04-21 12:49:18.522  2329  2329 D ethctrlmgr: SPI Read Bytes in hex:
04-21 12:49:18.522  2329  2329 V ethctrlmgr: iocIpcFd : 4  len : 2
04-21 12:49:18.522  2329  2329 D ethctrlmgr: SPI command len is:7
04-21 12:49:18.522  2329  2329 D ethctrlmgr: SPI write cmd in hex:0x
04-21 12:49:18.522  2329  2329 D ethctrlmgr: 21  
04-21 12:49:18.522  2329  2329 D ethctrlmgr: 09  
04-21 12:49:18.522  2329  2329 D ethctrlmgr: 8f  
04-21 12:49:18.522  2329  2329 D ethctrlmgr: 25  
04-21 12:49:18.522  2329  2329 D ethctrlmgr: 60  
04-21 12:49:18.522  2329  2329 D ethctrlmgr: 36  
04-21 12:49:18.522  2329  2329 D ethctrlmgr: 00  
04-21 12:49:18.522  2329  2329 D ethctrlmgr: data len to send IPC is 15
04-21 12:49:18.522  2329  2329 D ethctrlmgr: executeSwitchCmd:sent cmd req 15 bytes
04-21 12:49:18.522  2329  2329 D ethctrlmgr: executeSwitchCmd() diag command waiting for response from server 
04-21 12:49:18.523  2344  2344 D UpdateRDMSPlugin: Update_init Plugin Being called 
04-21 12:49:18.523  2344  2344 I Media_RDMService:: RemovableDeviceFactory - client_plugin_status entry
04-21 12:49:18.523  2344  2344 I Media_RDMService:: RemovableDeviceFactory - notify connectivity plugin callback pointer
04-21 12:49:18.523  2344  2344 D RDMSPluginInterface: conn_apple_device_info called cookie assigned 0X76500ce0 
04-21 12:49:18.523  2344  2344 D RDMSPluginInterface: conn_apple_device_info called Type :  MountPath :  Name :  SerialNum :  Cmd = 3 isDeviceCarplayCapable = 0
04-21 12:49:18.523  2344  2344 D RDMSPluginInterface: conn_apple_device_info just set cookie and cookie1 pointer 
04-21 12:49:18.523  2344  2344 I Media_RDMService:: RemovableDeviceFactory - startUsbDtcCktHandler() Entry
04-21 12:49:18.523  2344  2344 I Media_RDMService:: RemovableDeviceConfig: isUsbDtcCktEnabled() Entry
04-21 12:49:18.523  2329  2365 V ethctrlmgr: readDataFromIocIpc():data avlbl from ioc ipc
04-21 12:49:18.523  2329  2365 D ethctrlmgr: readDataFromIocIpc():read data from IOC IPC
04-21 12:49:18.523  2329  2365 D ethctrlmgr: readDataFromIocIpc spawned. Waiting to read data
04-21 12:49:18.524  2329  2329 D ethctrlmgr:  executeSwitchCmd(): pthread_cond_timedwait Ret Val = 0  
04-21 12:49:18.524  2329  2329 D ethctrlmgr: executeSwitchCmd(): response available for requested command 
04-21 12:49:18.524  2329  2329 V ethctrlmgr: executeSwitchCmd:completion time:2.018413 msec 
04-21 12:49:18.524  2329  2329 D ethctrlmgr: SPI write command execution successful
04-21 12:49:18.524  2329  2329 D ethctrlmgr: read success data bytes:0
04-21 12:49:18.524  2329  2329 D ethctrlmgr: SPI Read Bytes in hex:
04-21 12:49:18.524  2329  2329 V ethctrlmgr: iocIpcFd : 4  len : 2
04-21 12:49:18.524  2329  2329 D ethctrlmgr: SPI command len is:7
04-21 12:49:18.524  2329  2329 D ethctrlmgr: SPI write cmd in hex:0x
04-21 12:49:18.524  2329  2329 D ethctrlmgr: 21  
04-21 12:49:18.524  2329  2329 D ethctrlmgr: 09  
04-21 12:49:18.524  2329  2329 D ethctrlmgr: 8f  
04-21 12:49:18.524  2329  2329 D ethctrlmgr: 25  
04-21 12:49:18.524  2329  2329 D ethctrlmgr: 62  
04-21 12:49:18.524  2329  2329 D ethctrlmgr: 34  
04-21 12:49:18.524  2329  2329 D ethctrlmgr: 3a  
04-21 12:49:18.524  2329  2329 D ethctrlmgr: data len to send IPC is 15
04-21 12:49:18.524  2329  2329 D ethctrlmgr: executeSwitchCmd:sent cmd req 15 bytes
04-21 12:49:18.524  2329  2329 D ethctrlmgr: executeSwitchCmd() diag command waiting for response from server 
04-21 12:49:18.525  2337  2451 E DPTF    : ERROR:[<DPTF>]<1555865358524 ms>: DPTF Build Version:  8.3.8888.9999	DPTF Build Date:  Feb 28 2018 22:36:14	Source File:  vendor/intel/dptf/DPTF/Androidx86/jni/PolicyLib/../../../Sources/Policies/PolicyLib/PolicyBase.cpp @ line 1039	Executing Function:  void PolicyBase::takeControlOfOsc(Bool)	Message:  Adaptive Performance Policy: Failed to acquire OSC: Failure during execution of _OSC: 	DPTF Build Version:  8.3.8888.9999	DPTF Build Date:  Feb 28 2018 22:36:14	Source File:  vendor/intel/dptf/DPTF/Androidx86/jni/Manager/../../../Sources/Manager/EsifServices.cpp @ line 649	Executing Function:  virtual void EsifServices::primitiveExecuteSet(esif_primitive_type, esif_data_type, void*, UInt32, UInt32, UIntN, UIntN, UInt8)	Message:  Error returned from ESIF services interface function call	Participant:  NoParticipant	Domain:  NoDomain	ESIF Primitive:  SET_OPERATING_SYSTEM_CAPABILITIES [93]	ESIF Instance:  255	ESIF Return Code:  ESIF_E_UNSPECIFIED [1003]			Policy:  Adaptive Performance Policy [1]	
04-21 12:49:18.526  2329  2365 V ethctrlmgr: readDataFromIocIpc():data avlbl from ioc ipc
04-21 12:49:18.526  2329  2365 D ethctrlmgr: readDataFromIocIpc():read data from IOC IPC
04-21 12:49:18.526  2329  2365 D ethctrlmgr: readDataFromIocIpc spawned. Waiting to read data
04-21 12:49:18.526  2329  2329 D ethctrlmgr:  executeSwitchCmd(): pthread_cond_timedwait Ret Val = 0  
04-21 12:49:18.526  2329  2329 D ethctrlmgr: executeSwitchCmd(): response available for requested command 
04-21 12:49:18.526  2329  2329 V ethctrlmgr: executeSwitchCmd:completion time:1.703020 msec 
04-21 12:49:18.526  2329  2329 D ethctrlmgr: SPI write command execution successful
04-21 12:49:18.526  2329  2329 D ethctrlmgr: read success data bytes:0
04-21 12:49:18.526  2329  2329 D ethctrlmgr: SPI Read Bytes in hex:
04-21 12:49:18.526  2329  2329 V ethctrlmgr: iocIpcFd : 4  len : 2
04-21 12:49:18.526  2329  2329 D ethctrlmgr: SPI command len is:7
04-21 12:49:18.526  2329  2329 D ethctrlmgr: SPI write cmd in hex:0x
04-21 12:49:18.526  2329  2329 D ethctrlmgr: 21  
04-21 12:49:18.526  2329  2329 D ethctrlmgr: 09  
04-21 12:49:18.526  2329  2329 D ethctrlmgr: 8f  
04-21 12:49:18.526  2329  2329 D ethctrlmgr: 25  
04-21 12:49:18.526  2329  2329 D ethctrlmgr: 64  
04-21 12:49:18.526  2329  2329 D ethctrlmgr: 00  
04-21 12:49:18.526  2329  2329 D ethctrlmgr: 00  
04-21 12:49:18.526  2329  2329 D ethctrlmgr: data len to send IPC is 15
04-21 12:49:18.527  2329  2365 I liblog  : 2
04-21 12:49:18.527  2329  2365 V ethctrlmgr: readDataFromIocIpc():data avlbl from ioc ipc
04-21 12:49:18.527  2329  2365 D ethctrlmgr: readDataFromIocIpc():read data from IOC IPC
04-21 12:49:18.527  2329  2365 D ethctrlmgr: readDataFromIocIpc spawned. Waiting to read data
04-21 12:49:18.527  2329  2329 D ethctrlmgr:  executeSwitchCmd(): pthread_cond_timedwait Ret Val = 0  
04-21 12:49:18.527  2329  2329 D ethctrlmgr: executeSwitchCmd(): response available for requested command 
04-21 12:49:18.527  2329  2329 V ethctrlmgr: executeSwitchCmd:completion time:1.310484 msec 
04-21 12:49:18.527  2329  2329 D ethctrlmgr: SPI write command execution successful
04-21 12:49:18.527  2329  2329 D ethctrlmgr: read success data bytes:0
04-21 12:49:18.527  2329  2329 D ethctrlmgr: SPI Read Bytes in hex:
04-21 12:49:18.527  2329  2329 V ethctrlmgr: iocIpcFd : 4  len : 2
04-21 12:49:18.527  2329  2329 D ethctrlmgr: SPI command len is:7
04-21 12:49:18.527  2329  2329 D ethctrlmgr: SPI write cmd in hex:0x
04-21 12:49:18.527  2329  2329 D ethctrlmgr: 21  
04-21 12:49:18.527  2329  2329 D ethctrlmgr: 09  
04-21 12:49:18.527  2329  2329 D ethctrlmgr: 8f  
04-21 12:49:18.527  2329  2329 D ethctrlmgr: 25  
04-21 12:49:18.527  2329  2329 D ethctrlmgr: 66  
04-21 12:49:18.527  2329  2329 D ethctrlmgr: 00  
04-21 12:49:18.527  2329  2329 D ethctrlmgr: 00  
04-21 12:49:18.527  2329  2329 D ethctrlmgr: data len to send IPC is 15
04-21 12:49:18.527  2329  2329 D ethctrlmgr: executeSwitchCmd:sent cmd req 15 bytes
04-21 12:49:18.527  2329  2329 D ethctrlmgr: executeSwitchCmd() diag command waiting for response from server 
04-21 12:49:18.528  2329  2365 V ethctrlmgr: readDataFromIocIpc():data avlbl from ioc ipc
04-21 12:49:18.529  2329  2365 D ethctrlmgr: readDataFromIocIpc():read data from IOC IPC
04-21 12:49:18.529  2329  2365 D ethctrlmgr: readDataFromIocIpc spawned. Waiting to read data
04-21 12:49:18.529  2329  2329 D ethctrlmgr:  executeSwitchCmd(): pthread_cond_timedwait Ret Val = 0  
04-21 12:49:18.529  2329  2329 D ethctrlmgr: executeSwitchCmd(): response available for requested command 
04-21 12:49:18.529  2329  2329 V ethctrlmgr: executeSwitchCmd:completion time:1.369834 msec 
04-21 12:49:18.529  2329  2329 D ethctrlmgr: SPI write command execution successful
04-21 12:49:18.529  2329  2329 D ethctrlmgr: read success data bytes:0
04-21 12:49:18.529  2329  2329 D ethctrlmgr: SPI Read Bytes in hex:
04-21 12:49:18.529  2329  2329 V ethctrlmgr: iocIpcFd : 4  len : 2
04-21 12:49:18.529  2329  2329 D ethctrlmgr: SPI command len is:7
04-21 12:49:18.529  2329  2329 D ethctrlmgr: SPI write cmd in hex:0x
04-21 12:49:18.529  2329  2329 D ethctrlmgr: 21  
04-21 12:49:18.529  2329  2329 D ethctrlmgr: 09  
04-21 12:49:18.529  2329  2329 D ethctrlmgr: 8f  
04-21 12:49:18.529  2329  2329 D ethctrlmgr: 25  
04-21 12:49:18.529  2329  2329 D ethctrlmgr: 68  
04-21 12:49:18.529  2329  2329 D ethctrlmgr: 80  
04-21 12:49:18.529  2329  2329 D ethctrlmgr: 00  
04-21 12:49:18.529  2329  2329 D ethctrlmgr: data len to send IPC is 15
04-21 12:49:18.529  2329  2329 D ethctrlmgr: executeSwitchCmd:sent cmd req 15 bytes
04-21 12:49:18.529  2329  2329 D ethctrlmgr: executeSwitchCmd() diag command waiting for response from server 
04-21 12:49:18.529  2344  2344 I Media_RDMService:: In RemovableDeviceADB constructor
04-21 12:49:18.530  2344  2506 I Media_RDMService:: RemovableDeviceFactory - usbDtcHandler() Entry
04-21 12:49:18.530  2344  2344 I Media_RDMService:: RemovableDeviceMain: ADBService instantiated
04-21 12:49:18.530  2329  2365 V ethctrlmgr: readDataFromIocIpc():data avlbl from ioc ipc
04-21 12:49:18.530  2329  2365 D ethctrlmgr: readDataFromIocIpc():read data from IOC IPC
04-21 12:49:18.530  2329  2365 D ethctrlmgr: readDataFromIocIpc spawned. Waiting to read data
04-21 12:49:18.530  2329  2329 D ethctrlmgr:  executeSwitchCmd(): pthread_cond_timedwait Ret Val = 0  
04-21 12:49:18.530  2329  2329 D ethctrlmgr: executeSwitchCmd(): response available for requested command 
04-21 12:49:18.530  2329  2329 V ethctrlmgr: executeSwitchCmd:completion time:1.784858 msec 
04-21 12:49:18.530  2329  2329 D ethctrlmgr: SPI write command execution successful
04-21 12:49:18.530  2329  2329 D ethctrlmgr: read success data bytes:0
04-21 12:49:18.531  2329  2329 D ethctrlmgr: SPI Read Bytes in hex:
04-21 12:49:18.531  2329  2329 V ethctrlmgr: iocIpcFd : 4  len : 2
04-21 12:49:18.531  2329  2329 D ethctrlmgr: SPI command len is:7
04-21 12:49:18.531  2329  2329 D ethctrlmgr: SPI write cmd in hex:0x
04-21 12:49:18.531  2329  2329 D ethctrlmgr: 21  
04-21 12:49:18.531  2329  2329 D ethctrlmgr: 09  
04-21 12:49:18.531  2329  2329 D ethctrlmgr: 8f  
04-21 12:49:18.531  2329  2329 D ethctrlmgr: 25  
04-21 12:49:18.531  2329  2329 D ethctrlmgr: 6a  
04-21 12:49:18.531  2329  2329 D ethctrlmgr: 00  
04-21 12:49:18.531  2329  2329 D ethctrlmgr: 0e  
04-21 12:49:18.531  2329  2329 D ethctrlmgr: data len to send IPC is 15
04-21 12:49:18.531  2329  2329 D ethctrlmgr: executeSwitchCmd:sent cmd req 15 bytes
04-21 12:49:18.531  2329  2329 D ethctrlmgr: executeSwitchCmd() diag command waiting for response from server 
04-21 12:49:18.532  2329  2365 V ethctrlmgr: readDataFromIocIpc():data avlbl from ioc ipc
04-21 12:49:18.532  2329  2365 D ethctrlmgr: readDataFromIocIpc():read data from IOC IPC
04-21 12:49:18.532  2329  2365 D ethctrlmgr: readDataFromIocIpc spawned. Waiting to read data
04-21 12:49:18.532  2329  2329 D ethctrlmgr:  executeSwitchCmd(): pthread_cond_timedwait Ret Val = 0  
04-21 12:49:18.532  2329  2329 D ethctrlmgr: executeSwitchCmd(): response available for requested command 
04-21 12:49:18.532  2329  2329 V ethctrlmgr: executeSwitchCmd:completion time:1.745629 msec 
04-21 12:49:18.532  2329  2329 D ethctrlmgr: SPI write command execution successful
04-21 12:49:18.532  2329  2329 D ethctrlmgr: read success data bytes:0
04-21 12:49:18.532  2329  2329 D ethctrlmgr: SPI Read Bytes in hex:
04-21 12:49:18.532  2329  2329 V ethctrlmgr: iocIpcFd : 4  len : 2
04-21 12:49:18.532  2329  2329 D ethctrlmgr: SPI command len is:7
04-21 12:49:18.532  2329  2329 D ethctrlmgr: SPI write cmd in hex:0x
04-21 12:49:18.532  2329  2329 D ethctrlmgr: 21  
04-21 12:49:18.532  2329  2329 D ethctrlmgr: 09  
04-21 12:49:18.532  2329  2329 D ethctrlmgr: 8f  
04-21 12:49:18.532  2329  2329 D ethctrlmgr: 25  
04-21 12:49:18.532  2329  2329 D ethctrlmgr: 6e  
04-21 12:49:18.532  2329  2329 D ethctrlmgr: 00  
04-21 12:49:18.532  2329  2329 D ethctrlmgr: 00  
04-21 12:49:18.532  2329  2329 D ethctrlmgr: data len to send IPC is 15
04-21 12:49:18.532  2329  2329 D ethctrlmgr: executeSwitchCmd:sent cmd req 15 bytes
04-21 12:49:18.533  2329  2329 D ethctrlmgr: executeSwitchCmd() diag command waiting for response from server 
04-21 12:49:18.535  2329  2365 V ethctrlmgr: readDataFromIocIpc():data avlbl from ioc ipc
04-21 12:49:18.536  2329  2365 D ethctrlmgr: readDataFromIocIpc():read data from IOC IPC
04-21 12:49:18.536  2329  2365 D ethctrlmgr: readDataFromIocIpc spawned. Waiting to read data
04-21 12:49:18.536  2329  2329 D ethctrlmgr:  executeSwitchCmd(): pthread_cond_timedwait Ret Val = 0  
04-21 12:49:18.536  2329  2329 D ethctrlmgr: executeSwitchCmd(): response available for requested command 
04-21 12:49:18.536  2329  2329 V ethctrlmgr: executeSwitchCmd:completion time:3.074563 msec 
04-21 12:49:18.536  2329  2329 D ethctrlmgr: SPI write command execution successful
04-21 12:49:18.536  2329  2329 D ethctrlmgr: read success data bytes:0
04-21 12:49:18.536  2329  2329 D ethctrlmgr: SPI Read Bytes in hex:
04-21 12:49:18.536  2329  2329 V ethctrlmgr: iocIpcFd : 4  len : 2
04-21 12:49:18.536  2329  2329 D ethctrlmgr: SPI command len is:7
04-21 12:49:18.536  2329  2329 D ethctrlmgr: SPI write cmd in hex:0x
04-21 12:49:18.536  2329  2329 D ethctrlmgr: 21  
04-21 12:49:18.536  2329  2329 D ethctrlmgr: 09  
04-21 12:49:18.536  2329  2329 D ethctrlmgr: 8f  
04-21 12:49:18.536  2329  2329 D ethctrlmgr: 25  
04-21 12:49:18.536  2329  2329 D ethctrlmgr: 72  
04-21 12:49:18.536  2329  2329 D ethctrlmgr: 04  
04-21 12:49:18.536  2329  2329 D ethctrlmgr: 00  
04-21 12:49:18.536  2329  2329 D ethctrlmgr: data len to send IPC is 15
04-21 12:49:18.536  2329  2329 D ethctrlmgr: executeSwitchCmd:sent cmd req 15 bytes
04-21 12:49:18.536  2329  2329 D ethctrlmgr: executeSwitchCmd() diag command waiting for response from server 
04-21 12:49:18.537  2329  2365 V ethctrlmgr: readDataFromIocIpc():data avlbl from ioc ipc
04-21 12:49:18.537  2329  2365 D ethctrlmgr: readDataFromIocIpc():read data from IOC IPC
04-21 12:49:18.537  2329  2365 D ethctrlmgr: readDataFromIocIpc spawned. Waiting to read data
04-21 12:49:18.537  2329  2329 D ethctrlmgr:  executeSwitchCmd(): pthread_cond_timedwait Ret Val = 0  
04-21 12:49:18.537  2329  2329 D ethctrlmgr: executeSwitchCmd(): response available for requested command 
04-21 12:49:18.537  2329  2329 V ethctrlmgr: executeSwitchCmd:completion time:1.450231 msec 
04-21 12:49:18.537  2329  2329 D ethctrlmgr: SPI write command execution successful
04-21 12:49:18.537  2329  2329 D ethctrlmgr: read success data bytes:0
04-21 12:49:18.537  2329  2329 D ethctrlmgr: SPI Read Bytes in hex:
04-21 12:49:18.537  2329  2329 V ethctrlmgr: iocIpcFd : 4  len : 2
04-21 12:49:18.537  2329  2329 D ethctrlmgr: SPI command len is:7
04-21 12:49:18.537  2329  2329 D ethctrlmgr: SPI write cmd in hex:0x
04-21 12:49:18.537  2329  2329 D ethctrlmgr: 21  
04-21 12:49:18.537  2329  2329 D ethctrlmgr: 09  
04-21 12:49:18.537  2329  2329 D ethctrlmgr: 8f  
04-21 12:49:18.537  2329  2329 D ethctrlmgr: 25  
04-21 12:49:18.537  2329  2329 D ethctrlmgr: 7a  
04-21 12:49:18.537  2329  2329 D ethctrlmgr: 00  
04-21 12:49:18.538  2329  2329 D ethctrlmgr: 00  
04-21 12:49:18.538  2329  2329 D ethctrlmgr: data len to send IPC is 15
04-21 12:49:18.538  2329  2329 D ethctrlmgr: executeSwitchCmd:sent cmd req 15 bytes
04-21 12:49:18.538  2329  2329 D ethctrlmgr: executeSwitchCmd() diag command waiting for response from server 
04-21 12:49:18.540  1956  1956 D BOOT_TIME|: ZygoteInit START |5046 
04-21 12:49:18.540  2329  2365 V ethctrlmgr: readDataFromIocIpc():data avlbl from ioc ipc
04-21 12:49:18.540  2329  2365 D ethctrlmgr: readDataFromIocIpc():read data from IOC IPC
04-21 12:49:18.540  2329  2365 D ethctrlmgr: readDataFromIocIpc spawned. Waiting to read data
04-21 12:49:18.540  2329  2329 D ethctrlmgr:  executeSwitchCmd(): pthread_cond_timedwait Ret Val = 0  
04-21 12:49:18.540  2329  2329 D ethctrlmgr: executeSwitchCmd(): response available for requested command 
04-21 12:49:18.540  2329  2329 V ethctrlmgr: executeSwitchCmd:completion time:2.875386 msec 
04-21 12:49:18.540  2329  2329 D ethctrlmgr: SPI write command execution successful
04-21 12:49:18.540  2329  2329 D ethctrlmgr: read success data bytes:0
04-21 12:49:18.540  2329  2329 D ethctrlmgr: SPI Read Bytes in hex:
04-21 12:49:18.540  2329  2329 V ethctrlmgr: iocIpcFd : 4  len : 2
04-21 12:49:18.540  2329  2329 D ethctrlmgr: SPI command len is:7
04-21 12:49:18.540  2329  2329 D ethctrlmgr: SPI write cmd in hex:0x
04-21 12:49:18.540  2329  2329 D ethctrlmgr: 21  
04-21 12:49:18.540  2329  2329 D ethctrlmgr: 09  
04-21 12:49:18.540  2329  2329 D ethctrlmgr: 8f  
04-21 12:49:18.540  2329  2329 D ethctrlmgr: 25  
04-21 12:49:18.541  2329  2329 D ethctrlmgr: 7e  
04-21 12:49:18.541  2329  2329 D ethctrlmgr: a3  
04-21 12:49:18.541  2329  2329 D ethctrlmgr: bf  
04-21 12:49:18.541  2329  2329 D ethctrlmgr: data len to send IPC is 15
04-21 12:49:18.541  2329  2329 D ethctrlmgr: executeSwitchCmd:sent cmd req 15 bytes
04-21 12:49:18.541  2329  2329 D ethctrlmgr: executeSwitchCmd() diag command waiting for response from server 
04-21 12:49:18.542  2329  2365 V ethctrlmgr: readDataFromIocIpc():data avlbl from ioc ipc
04-21 12:49:18.542  2329  2365 D ethctrlmgr: readDataFromIocIpc():read data from IOC IPC
04-21 12:49:18.542  2329  2365 D ethctrlmgr: readDataFromIocIpc spawned. Waiting to read data
04-21 12:49:18.542  2329  2329 D ethctrlmgr:  executeSwitchCmd(): pthread_cond_timedwait Ret Val = 0  
04-21 12:49:18.542  2329  2329 D ethctrlmgr: executeSwitchCmd(): response available for requested command 
04-21 12:49:18.542  2329  2329 V ethctrlmgr: executeSwitchCmd:completion time:1.405120 msec 
04-21 12:49:18.542  2329  2329 D ethctrlmgr: SPI write command execution successful
04-21 12:49:18.542  2329  2329 D ethctrlmgr: read success data bytes:0
04-21 12:49:18.542  2329  2329 D ethctrlmgr: SPI Read Bytes in hex:
04-21 12:49:18.542  2329  2329 V ethctrlmgr: iocIpcFd : 4  len : 2
04-21 12:49:18.542  2329  2329 D ethctrlmgr: SPI command len is:7
04-21 12:49:18.542  2329  2329 D ethctrlmgr: SPI write cmd in hex:0x
04-21 12:49:18.542  2329  2329 D ethctrlmgr: 21  
04-21 12:49:18.542  2329  2329 D ethctrlmgr: 09  
04-21 12:49:18.542  2329  2329 D ethctrlmgr: 8f  
04-21 12:49:18.542  2329  2329 D ethctrlmgr: 25  
04-21 12:49:18.542  2329  2329 D ethctrlmgr: 5a  
04-21 12:49:18.542  2329  2329 D ethctrlmgr: 10  
04-21 12:49:18.542  2329  2329 D ethctrlmgr: 00  
04-21 12:49:18.542  2329  2329 D ethctrlmgr: data len to send IPC is 15
04-21 12:49:18.542  2329  2329 D ethctrlmgr: executeSwitchCmd:sent cmd req 15 bytes
04-21 12:49:18.542  2329  2329 D ethctrlmgr: executeSwitchCmd() diag command waiting for response from server 
04-21 12:49:18.544  1974  2188 E vehicle_abstraction: CODIDynamicDataGroup::processRxGroupSignal ODI data (dataID = 29) not mapped (fucID = 7) 
04-21 12:49:18.544  2329  2365 V ethctrlmgr: readDataFromIocIpc():data avlbl from ioc ipc
04-21 12:49:18.544  2329  2365 D ethctrlmgr: readDataFromIocIpc():read data from IOC IPC
04-21 12:49:18.544  2329  2365 D ethctrlmgr: readDataFromIocIpc spawned. Waiting to read data
04-21 12:49:18.544  2329  2329 D ethctrlmgr:  executeSwitchCmd(): pthread_cond_timedwait Ret Val = 0  
04-21 12:49:18.544  2329  2329 D ethctrlmgr: executeSwitchCmd(): response available for requested command 
04-21 12:49:18.544  2329  2329 V ethctrlmgr: executeSwitchCmd:completion time:1.936422 msec 
04-21 12:49:18.544  2329  2329 D ethctrlmgr: SPI write command execution successful
04-21 12:49:18.544  2329  2329 D ethctrlmgr: read success data bytes:0
04-21 12:49:18.544  2329  2329 D ethctrlmgr: SPI Read Bytes in hex:
04-21 12:49:18.544  2329  2329 V ethctrlmgr: iocIpcFd : 4  len : 2
04-21 12:49:18.544  2329  2329 D ethctrlmgr: SPI command len is:7
04-21 12:49:18.544  2329  2329 D ethctrlmgr: SPI write cmd in hex:0x
04-21 12:49:18.544  2329  2329 D ethctrlmgr: 21  
04-21 12:49:18.544  2329  2329 D ethctrlmgr: 09  
04-21 12:49:18.544  2329  2329 D ethctrlmgr: 8f  
04-21 12:49:18.544  2329  2329 D ethctrlmgr: 25  
04-21 12:49:18.544  2329  2329 D ethctrlmgr: 5a  
04-21 12:49:18.544  2329  2329 D ethctrlmgr: 00  
04-21 12:49:18.544  2329  2329 D ethctrlmgr: 00  
04-21 12:49:18.544  2329  2329 D ethctrlmgr: data len to send IPC is 15
04-21 12:49:18.544  2329  2329 D ethctrlmgr: executeSwitchCmd:sent cmd req 15 bytes
04-21 12:49:18.544  2329  2329 D ethctrlmgr: executeSwitchCmd() diag command waiting for response from server 
04-21 12:49:18.546  2329  2365 V ethctrlmgr: readDataFromIocIpc():data avlbl from ioc ipc
04-21 12:49:18.546  2329  2365 D ethctrlmgr: readDataFromIocIpc():read data from IOC IPC
04-21 12:49:18.546  2329  2365 D ethctrlmgr: readDataFromIocIpc spawned. Waiting to read data
04-21 12:49:18.546  2329  2329 D ethctrlmgr:  executeSwitchCmd(): pthread_cond_timedwait Ret Val = 0  
04-21 12:49:18.546  2329  2329 D ethctrlmgr: executeSwitchCmd(): response available for requested command 
04-21 12:49:18.546  2329  2329 V ethctrlmgr: executeSwitchCmd:completion time:1.818705 msec 
04-21 12:49:18.546  2329  2329 D ethctrlmgr: SPI write command execution successful
04-21 12:49:18.546  2329  2329 D ethctrlmgr: read success data bytes:0
04-21 12:49:18.546  2329  2329 D ethctrlmgr: SPI Read Bytes in hex:
04-21 12:49:18.546  2329  2329 V ethctrlmgr: iocIpcFd : 4  len : 2
04-21 12:49:18.546  2329  2329 D ethctrlmgr: SPI command len is:7
04-21 12:49:18.546  2329  2329 D ethctrlmgr: SPI write cmd in hex:0x
04-21 12:49:18.546  2329  2329 D ethctrlmgr: 21  
04-21 12:49:18.546  2329  2329 D ethctrlmgr: 09  
04-21 12:49:18.546  2329  2329 D ethctrlmgr: 8f  
04-21 12:49:18.546  2329  2329 D ethctrlmgr: 25  
04-21 12:49:18.546  2329  2329 D ethctrlmgr: 60  
04-21 12:49:18.546  2329  2329 D ethctrlmgr: 00  
04-21 12:49:18.546  2329  2329 D ethctrlmgr: 00  
04-21 12:49:18.546  2329  2329 D ethctrlmgr: data len to send IPC is 15
04-21 12:49:18.546  2329  2329 D ethctrlmgr: executeSwitchCmd:sent cmd req 15 bytes
04-21 12:49:18.546  2329  2329 D ethctrlmgr: executeSwitchCmd() diag command waiting for response from server 
04-21 12:49:18.548  2329  2365 V ethctrlmgr: readDataFromIocIpc():data avlbl from ioc ipc
04-21 12:49:18.548  2329  2365 D ethctrlmgr: readDataFromIocIpc():read data from IOC IPC
04-21 12:49:18.548  2329  2365 D ethctrlmgr: readDataFromIocIpc spawned. Waiting to read data
04-21 12:49:18.548  2329  2329 D ethctrlmgr:  executeSwitchCmd(): pthread_cond_timedwait Ret Val = 0  
04-21 12:49:18.548  2329  2329 D ethctrlmgr: executeSwitchCmd(): response available for requested command 
04-21 12:49:18.548  2329  2329 V ethctrlmgr: executeSwitchCmd:completion time:2.170624 msec 
04-21 12:49:18.548  2329  2329 D ethctrlmgr: SPI write command execution successful
04-21 12:49:18.548  2329  2329 D ethctrlmgr: read success data bytes:0
04-21 12:49:18.548  2329  2329 D ethctrlmgr: SPI Read Bytes in hex:
04-21 12:49:18.548  2329  2329 V ethctrlmgr: iocIpcFd : 4  len : 2
04-21 12:49:18.548  2329  2329 D ethctrlmgr: SPI command len is:7
04-21 12:49:18.548  2329  2329 D ethctrlmgr: SPI write cmd in hex:0x
04-21 12:49:18.548  2329  2329 D ethctrlmgr: 21  
04-21 12:49:18.548  2329  2329 D ethctrlmgr: 09  
04-21 12:49:18.548  2329  2329 D ethctrlmgr: 8f  
04-21 12:49:18.548  2329  2329 D ethctrlmgr: 25  
04-21 12:49:18.548  2329  2329 D ethctrlmgr: 62  
04-21 12:49:18.548  2329  2329 D ethctrlmgr: 00  
04-21 12:49:18.548  2329  2329 D ethctrlmgr: 00  
04-21 12:49:18.548  2329  2329 D ethctrlmgr: data len to send IPC is 15
04-21 12:49:18.548  2329  2329 D ethctrlmgr: executeSwitchCmd:sent cmd req 15 bytes
04-21 12:49:18.548  2329  2329 D ethctrlmgr: executeSwitchCmd() diag command waiting for response from server 
04-21 12:49:18.549  1956  1956 D AndroidRuntime: >>>>>> START com.android.internal.os.ZygoteInit uid 0 <<<<<<
04-21 12:49:18.549  1956  1956 I boot_progress_start: 5055
04-21 12:49:18.550  2329  2365 V ethctrlmgr: readDataFromIocIpc():data avlbl from ioc ipc
04-21 12:49:18.550  2329  2365 D ethctrlmgr: readDataFromIocIpc():read data from IOC IPC
04-21 12:49:18.550  2329  2365 D ethctrlmgr: readDataFromIocIpc spawned. Waiting to read data
04-21 12:49:18.550  2329  2329 D ethctrlmgr:  executeSwitchCmd(): pthread_cond_timedwait Ret Val = 0  
04-21 12:49:18.550  2329  2329 D ethctrlmgr: executeSwitchCmd(): response available for requested command 
04-21 12:49:18.550  2329  2329 V ethctrlmgr: executeSwitchCmd:completion time:1.545509 msec 
04-21 12:49:18.550  2329  2329 D ethctrlmgr: SPI write command execution successful
04-21 12:49:18.550  2329  2329 D ethctrlmgr: read success data bytes:0
04-21 12:49:18.550  2329  2329 D ethctrlmgr: SPI Read Bytes in hex:
04-21 12:49:18.550  2329  2329 V ethctrlmgr: iocIpcFd : 4  len : 2
04-21 12:49:18.550  2329  2329 D ethctrlmgr: SPI command len is:7
04-21 12:49:18.550  2329  2329 D ethctrlmgr: SPI write cmd in hex:0x
04-21 12:49:18.550  2329  2329 D ethctrlmgr: 21  
04-21 12:49:18.550  2329  2329 D ethctrlmgr: 09  
04-21 12:49:18.550  2329  2329 D ethctrlmgr: 8f  
04-21 12:49:18.550  2329  2329 D ethctrlmgr: 25  
04-21 12:49:18.550  2329  2329 D ethctrlmgr: 64  
04-21 12:49:18.550  2329  2329 D ethctrlmgr: 00  
04-21 12:49:18.550  2329  2329 D ethctrlmgr: 00  
04-21 12:49:18.550  2329  2329 D ethctrlmgr: data len to send IPC is 15
04-21 12:49:18.550  2329  2329 D ethctrlmgr: executeSwitchCmd:sent cmd req 15 bytes
04-21 12:49:18.550  2329  2329 D ethctrlmgr: executeSwitchCmd() diag command waiting for response from server 
04-21 12:49:18.552  2329  2365 V ethctrlmgr: readDataFromIocIpc():data avlbl from ioc ipc
04-21 12:49:18.552  2329  2365 D ethctrlmgr: readDataFromIocIpc():read data from IOC IPC
04-21 12:49:18.552  2329  2365 D ethctrlmgr: readDataFromIocIpc spawned. Waiting to read data
04-21 12:49:18.552  2329  2329 D ethctrlmgr:  executeSwitchCmd(): pthread_cond_timedwait Ret Val = 0  
04-21 12:49:18.552  2329  2329 D ethctrlmgr: executeSwitchCmd(): response available for requested command 
04-21 12:49:18.552  2329  2329 V ethctrlmgr: executeSwitchCmd:completion time:1.499215 msec 
04-21 12:49:18.552  2329  2329 D ethctrlmgr: SPI write command execution successful
04-21 12:49:18.552  2329  2329 D ethctrlmgr: read success data bytes:0
04-21 12:49:18.552  2329  2329 D ethctrlmgr: SPI Read Bytes in hex:
04-21 12:49:18.552  2329  2329 V ethctrlmgr: iocIpcFd : 4  len : 2
04-21 12:49:18.552  2329  2329 D ethctrlmgr: SPI command len is:7
04-21 12:49:18.552  2329  2329 D ethctrlmgr: SPI write cmd in hex:0x
04-21 12:49:18.552  2329  2329 D ethctrlmgr: 21  
04-21 12:49:18.552  2329  2329 D ethctrlmgr: 09  
04-21 12:49:18.552  2329  2329 D ethctrlmgr: 8f  
04-21 12:49:18.552  2329  2329 D ethctrlmgr: 25  
04-21 12:49:18.552  2329  2329 D ethctrlmgr: 66  
04-21 12:49:18.552  2329  2329 D ethctrlmgr: 00  
04-21 12:49:18.552  2329  2329 D ethctrlmgr: 00  
04-21 12:49:18.552  2329  2329 D ethctrlmgr: data len to send IPC is 15
04-21 12:49:18.553  2329  2329 D ethctrlmgr: executeSwitchCmd:sent cmd req 15 bytes
04-21 12:49:18.553  2329  2329 D ethctrlmgr: executeSwitchCmd() diag command waiting for response from server 
04-21 12:49:18.553  2306  2360 D GMLoggerService: LogMonitor::addLogDevice: 30ac9200
04-21 12:49:18.553  2306  2360 E cutils  : Failed to read /data/data/gmlogger/indices/: Is a directory
04-21 12:49:18.554  2329  2365 V ethctrlmgr: readDataFromIocIpc():data avlbl from ioc ipc
04-21 12:49:18.554  2329  2365 D ethctrlmgr: readDataFromIocIpc():read data from IOC IPC
04-21 12:49:18.554  2329  2365 D ethctrlmgr: readDataFromIocIpc spawned. Waiting to read data
04-21 12:49:18.554  2329  2329 D ethctrlmgr:  executeSwitchCmd(): pthread_cond_timedwait Ret Val = 0  
04-21 12:49:18.554  2329  2329 D ethctrlmgr: executeSwitchCmd(): response available for requested command 
04-21 12:49:18.554  2329  2329 V ethctrlmgr: executeSwitchCmd:completion time:1.928609 msec 
04-21 12:49:18.554  2329  2329 D ethctrlmgr: SPI write command execution successful
04-21 12:49:18.554  2329  2329 D ethctrlmgr: read success data bytes:0
04-21 12:49:18.554  2329  2329 D ethctrlmgr: SPI Read Bytes in hex:
04-21 12:49:18.554  2329  2329 V ethctrlmgr: iocIpcFd : 4  len : 2
04-21 12:49:18.554  2329  2329 D ethctrlmgr: SPI command len is:7
04-21 12:49:18.554  2329  2329 D ethctrlmgr: SPI write cmd in hex:0x
04-21 12:49:18.554  2329  2329 D ethctrlmgr: 21  
04-21 12:49:18.554  2329  2329 D ethctrlmgr: 09  
04-21 12:49:18.555  2329  2329 D ethctrlmgr: 8f  
04-21 12:49:18.555  2329  2329 D ethctrlmgr: 25  
04-21 12:49:18.555  2329  2329 D ethctrlmgr: 68  
04-21 12:49:18.555  2329  2329 D ethctrlmgr: 00  
04-21 12:49:18.555  2329  2329 D ethctrlmgr: 00  
04-21 12:49:18.555  2329  2329 D ethctrlmgr: data len to send IPC is 15
04-21 12:49:18.555  2329  2329 D ethctrlmgr: executeSwitchCmd:sent cmd req 15 bytes
04-21 12:49:18.555  2329  2329 D ethctrlmgr: executeSwitchCmd() diag command waiting for response from server 
04-21 12:49:18.556  2329  2365 V ethctrlmgr: readDataFromIocIpc():data avlbl from ioc ipc
04-21 12:49:18.556  2329  2365 D ethctrlmgr: readDataFromIocIpc():read data from IOC IPC
04-21 12:49:18.556  2329  2365 D ethctrlmgr: readDataFromIocIpc spawned. Waiting to read data
04-21 12:49:18.558  2329  2329 D ethctrlmgr:  executeSwitchCmd(): pthread_cond_timedwait Ret Val = 0  
04-21 12:49:18.558  2329  2329 D ethctrlmgr: executeSwitchCmd(): response available for requested command 
04-21 12:49:18.558  2329  2329 V ethctrlmgr: executeSwitchCmd:completion time:3.121100 msec 
04-21 12:49:18.558  2329  2329 D ethctrlmgr: SPI write command execution successful
04-21 12:49:18.558  2329  2329 D ethctrlmgr: read success data bytes:0
04-21 12:49:18.558  2329  2329 D ethctrlmgr: SPI Read Bytes in hex:
04-21 12:49:18.558  2329  2329 V ethctrlmgr: iocIpcFd : 4  len : 2
04-21 12:49:18.558  2329  2329 D ethctrlmgr: SPI command len is:7
04-21 12:49:18.558  2329  2329 D ethctrlmgr: SPI write cmd in hex:0x
04-21 12:49:18.558  2329  2329 D ethctrlmgr: 21  
04-21 12:49:18.558  2329  2329 D ethctrlmgr: 09  
04-21 12:49:18.558  2329  2329 D ethctrlmgr: 8f  
04-21 12:49:18.558  2329  2329 D ethctrlmgr: 25  
04-21 12:49:18.558  2329  2329 D ethctrlmgr: 6a  
04-21 12:49:18.558  2329  2329 D ethctrlmgr: 00  
04-21 12:49:18.558  2329  2329 D ethctrlmgr: 00  
04-21 12:49:18.558  2329  2329 D ethctrlmgr: data len to send IPC is 15
04-21 12:49:18.558  2329  2329 D ethctrlmgr: executeSwitchCmd:sent cmd req 15 bytes
04-21 12:49:18.558  2329  2329 D ethctrlmgr: executeSwitchCmd() diag command waiting for response from server 
04-21 12:49:18.559  2329  2365 V ethctrlmgr: readDataFromIocIpc():data avlbl from ioc ipc
04-21 12:49:18.559  2329  2365 D ethctrlmgr: readDataFromIocIpc():read data from IOC IPC
04-21 12:49:18.559  2329  2365 D ethctrlmgr: readDataFromIocIpc spawned. Waiting to read data
04-21 12:49:18.559  2329  2329 D ethctrlmgr:  executeSwitchCmd(): pthread_cond_timedwait Ret Val = 0  
04-21 12:49:18.559  2329  2329 D ethctrlmgr: executeSwitchCmd(): response available for requested command 
04-21 12:49:18.559  2329  2329 V ethctrlmgr: executeSwitchCmd:completion time:1.388657 msec 
04-21 12:49:18.559  2329  2329 D ethctrlmgr: SPI write command execution successful
04-21 12:49:18.559  2329  2329 D ethctrlmgr: read success data bytes:0
04-21 12:49:18.559  2329  2329 D ethctrlmgr: SPI Read Bytes in hex:
04-21 12:49:18.559  2329  2329 V ethctrlmgr: iocIpcFd : 4  len : 2
04-21 12:49:18.559  2329  2329 D ethctrlmgr: SPI command len is:7
04-21 12:49:18.559  2329  2329 D ethctrlmgr: SPI write cmd in hex:0x
04-21 12:49:18.559  2329  2329 D ethctrlmgr: 21  
04-21 12:49:18.559  2329  2329 D ethctrlmgr: 09  
04-21 12:49:18.559  2329  2329 D ethctrlmgr: 8f  
04-21 12:49:18.559  2329  2329 D ethctrlmgr: 25  
04-21 12:49:18.559  2329  2329 D ethctrlmgr: 6e  
04-21 12:49:18.559  2329  2329 D ethctrlmgr: 00  
04-21 12:49:18.559  2329  2329 D ethctrlmgr: 00  
04-21 12:49:18.559  2329  2329 D ethctrlmgr: data len to send IPC is 15
04-21 12:49:18.559  2329  2329 D ethctrlmgr: executeSwitchCmd:sent cmd req 15 bytes
04-21 12:49:18.559  2329  2329 D ethctrlmgr: executeSwitchCmd() diag command waiting for response from server 
04-21 12:49:18.561  2329  2365 V ethctrlmgr: readDataFromIocIpc():data avlbl from ioc ipc
04-21 12:49:18.561  2329  2365 D ethctrlmgr: readDataFromIocIpc():read data from IOC IPC
04-21 12:49:18.561  2329  2365 D ethctrlmgr: readDataFromIocIpc spawned. Waiting to read data
04-21 12:49:18.561  2329  2329 D ethctrlmgr:  executeSwitchCmd(): pthread_cond_timedwait Ret Val = 0  
04-21 12:49:18.561  2329  2329 D ethctrlmgr: executeSwitchCmd(): response available for requested command 
04-21 12:49:18.561  2329  2329 V ethctrlmgr: executeSwitchCmd:completion time:1.310475 msec 
04-21 12:49:18.561  2329  2329 D ethctrlmgr: SPI write command execution successful
04-21 12:49:18.561  2329  2329 D ethctrlmgr: read success data bytes:0
04-21 12:49:18.561  2329  2329 D ethctrlmgr: SPI Read Bytes in hex:
04-21 12:49:18.561  2329  2329 V ethctrlmgr: iocIpcFd : 4  len : 2
04-21 12:49:18.561  2329  2329 D ethctrlmgr: SPI command len is:7
04-21 12:49:18.561  2329  2329 D ethctrlmgr: SPI write cmd in hex:0x
04-21 12:49:18.561  2329  2329 D ethctrlmgr: 21  
04-21 12:49:18.561  2329  2329 D ethctrlmgr: 09  
04-21 12:49:18.561  2329  2329 D ethctrlmgr: 8f  
04-21 12:49:18.561  2329  2329 D ethctrlmgr: 25  
04-21 12:49:18.561  2329  2329 D ethctrlmgr: 70  
04-21 12:49:18.561  2329  2329 D ethctrlmgr: 00  
04-21 12:49:18.561  2329  2329 D ethctrlmgr: 00  
04-21 12:49:18.561  2329  2329 D ethctrlmgr: data len to send IPC is 15
04-21 12:49:18.561  2329  2329 D ethctrlmgr: executeSwitchCmd:sent cmd req 15 bytes
04-21 12:49:18.561  2329  2329 D ethctrlmgr: executeSwitchCmd() diag command waiting for response from server 
04-21 12:49:18.562  2329  2365 V ethctrlmgr: readDataFromIocIpc():data avlbl from ioc ipc
04-21 12:49:18.562  2329  2365 D ethctrlmgr: readDataFromIocIpc():read data from IOC IPC
04-21 12:49:18.562  2329  2365 D ethctrlmgr: readDataFromIocIpc spawned. Waiting to read data
04-21 12:49:18.562  2329  2329 D ethctrlmgr:  executeSwitchCmd(): pthread_cond_timedwait Ret Val = 0  
04-21 12:49:18.562  2329  2329 D ethctrlmgr: executeSwitchCmd(): response available for requested command 
04-21 12:49:18.562  2329  2329 V ethctrlmgr: executeSwitchCmd:completion time:1.485099 msec 
04-21 12:49:18.562  2329  2329 D ethctrlmgr: SPI write command execution successful
04-21 12:49:18.562  2329  2329 D ethctrlmgr: read success data bytes:0
04-21 12:49:18.562  2329  2329 D ethctrlmgr: SPI Read Bytes in hex:
04-21 12:49:18.562  2329  2329 V ethctrlmgr: iocIpcFd : 4  len : 2
04-21 12:49:18.562  2329  2329 D ethctrlmgr: SPI command len is:7
04-21 12:49:18.562  2329  2329 D ethctrlmgr: SPI write cmd in hex:0x
04-21 12:49:18.562  2329  2329 D ethctrlmgr: 21  
04-21 12:49:18.562  2329  2329 D ethctrlmgr: 09  
04-21 12:49:18.562  2329  2329 D ethctrlmgr: 8f  
04-21 12:49:18.562  2329  2329 D ethctrlmgr: 25  
04-21 12:49:18.562  2329  2329 D ethctrlmgr: 72  
04-21 12:49:18.562  2329  2329 D ethctrlmgr: 00  
04-21 12:49:18.562  2329  2329 D ethctrlmgr: 00  
04-21 12:49:18.562  2329  2329 D ethctrlmgr: data len to send IPC is 15
04-21 12:49:18.562  2329  2329 D ethctrlmgr: executeSwitchCmd:sent cmd req 15 bytes
04-21 12:49:18.562  2329  2329 D ethctrlmgr: executeSwitchCmd() diag command waiting for response from server 
04-21 12:49:18.564  2329  2365 V ethctrlmgr: readDataFromIocIpc():data avlbl from ioc ipc
04-21 12:49:18.564  2329  2365 D ethctrlmgr: readDataFromIocIpc():read data from IOC IPC
04-21 12:49:18.564  2329  2365 D ethctrlmgr: readDataFromIocIpc spawned. Waiting to read data
04-21 12:49:18.564  2329  2329 D ethctrlmgr:  executeSwitchCmd(): pthread_cond_timedwait Ret Val = 0  
04-21 12:49:18.564  2329  2329 D ethctrlmgr: executeSwitchCmd(): response available for requested command 
04-21 12:49:18.564  2329  2329 V ethctrlmgr: executeSwitchCmd:completion time:1.417501 msec 
04-21 12:49:18.564  2329  2329 D ethctrlmgr: SPI write command execution successful
04-21 12:49:18.564  2329  2329 D ethctrlmgr: read success data bytes:0
04-21 12:49:18.564  2329  2329 D ethctrlmgr: SPI Read Bytes in hex:
04-21 12:49:18.564  2329  2329 V ethctrlmgr: iocIpcFd : 4  len : 2
04-21 12:49:18.564  2329  2329 D ethctrlmgr: SPI command len is:7
04-21 12:49:18.564  2329  2329 D ethctrlmgr: SPI write cmd in hex:0x
04-21 12:49:18.564  2329  2329 D ethctrlmgr: 21  
04-21 12:49:18.564  2329  2329 D ethctrlmgr: 09  
04-21 12:49:18.564  2329  2329 D ethctrlmgr: 8f  
04-21 12:49:18.564  2329  2329 D ethctrlmgr: 25  
04-21 12:49:18.564  2329  2329 D ethctrlmgr: 7a  
04-21 12:49:18.564  2329  2329 D ethctrlmgr: 00  
04-21 12:49:18.564  2329  2329 D ethctrlmgr: 00  
04-21 12:49:18.564  2329  2329 D ethctrlmgr: data len to send IPC is 15
04-21 12:49:18.564  2329  2329 D ethctrlmgr: executeSwitchCmd:sent cmd req 15 bytes
04-21 12:49:18.564  2329  2329 D ethctrlmgr: executeSwitchCmd() diag command waiting for response from server 
04-21 12:49:18.565  2329  2365 V ethctrlmgr: readDataFromIocIpc():data avlbl from ioc ipc
04-21 12:49:18.565  2329  2365 D ethctrlmgr: readDataFromIocIpc():read data from IOC IPC
04-21 12:49:18.565  2329  2365 D ethctrlmgr: readDataFromIocIpc spawned. Waiting to read data
04-21 12:49:18.565  2329  2329 D ethctrlmgr:  executeSwitchCmd(): pthread_cond_timedwait Ret Val = 0  
04-21 12:49:18.565  2329  2329 D ethctrlmgr: executeSwitchCmd(): response available for requested command 
04-21 12:49:18.565  2329  2329 V ethctrlmgr: executeSwitchCmd:completion time:1.408856 msec 
04-21 12:49:18.565  2329  2329 D ethctrlmgr: SPI write command execution successful
04-21 12:49:18.565  2329  2329 D ethctrlmgr: read success data bytes:0
04-21 12:49:18.565  2329  2329 D ethctrlmgr: SPI Read Bytes in hex:
04-21 12:49:18.565  2329  2329 V ethctrlmgr: iocIpcFd : 4  len : 2
04-21 12:49:18.565  2329  2329 D ethctrlmgr: SPI command len is:7
04-21 12:49:18.565  2329  2329 D ethctrlmgr: SPI write cmd in hex:0x
04-21 12:49:18.565  2329  2329 D ethctrlmgr: 21  
04-21 12:49:18.565  2329  2329 D ethctrlmgr: 09  
04-21 12:49:18.565  2329  2329 D ethctrlmgr: 8f  
04-21 12:49:18.565  2329  2329 D ethctrlmgr: 25  
04-21 12:49:18.565  2329  2329 D ethctrlmgr: 7e  
04-21 12:49:18.566  2329  2329 D ethctrlmgr: 00  
04-21 12:49:18.566  2329  2329 D ethctrlmgr: 00  
04-21 12:49:18.566  2329  2329 D ethctrlmgr: data len to send IPC is 15
04-21 12:49:18.566  2329  2329 D ethctrlmgr: executeSwitchCmd:sent cmd req 15 bytes
04-21 12:49:18.566  2329  2329 D ethctrlmgr: executeSwitchCmd() diag command waiting for response from server 
04-21 12:49:18.567  1974  2188 E vehicle_abstraction: CODIDynamicDataGroup::processRxGroupSignal ODI data (dataID = 30) not mapped (fucID = 7) 
04-21 12:49:18.567  2329  2365 V ethctrlmgr: readDataFromIocIpc():data avlbl from ioc ipc
04-21 12:49:18.567  2329  2365 D ethctrlmgr: readDataFromIocIpc():read data from IOC IPC
04-21 12:49:18.567  2329  2365 D ethctrlmgr: readDataFromIocIpc spawned. Waiting to read data
04-21 12:49:18.567  2329  2329 D ethctrlmgr:  executeSwitchCmd(): pthread_cond_timedwait Ret Val = 0  
04-21 12:49:18.567  2329  2329 D ethctrlmgr: executeSwitchCmd(): response available for requested command 
04-21 12:49:18.567  2329  2329 V ethctrlmgr: executeSwitchCmd:completion time:1.558721 msec 
04-21 12:49:18.567  2329  2329 D ethctrlmgr: SPI write command execution successful
04-21 12:49:18.567  2329  2329 D ethctrlmgr: read success data bytes:0
04-21 12:49:18.567  2329  2329 D ethctrlmgr: SPI Read Bytes in hex:
04-21 12:49:18.567  2329  2329 V ethctrlmgr: iocIpcFd : 4  len : 2
04-21 12:49:18.567  2329  2329 D ethctrlmgr: SPI command len is:7
04-21 12:49:18.567  2329  2329 D ethctrlmgr: SPI write cmd in hex:0x
04-21 12:49:18.567  2329  2329 D ethctrlmgr: 21  
04-21 12:49:18.567  2329  2329 D ethctrlmgr: 09  
04-21 12:49:18.567  2329  2329 D ethctrlmgr: 8f  
04-21 12:49:18.567  2329  2329 D ethctrlmgr: 26  
04-21 12:49:18.567  2329  2329 D ethctrlmgr: 14  
04-21 12:49:18.567  2329  2329 D ethctrlmgr: 20  
04-21 12:49:18.567  2329  2329 D ethctrlmgr: 00  
04-21 12:49:18.567  2329  2329 D ethctrlmgr: data len to send IPC is 15
04-21 12:49:18.567  2329  2329 D ethctrlmgr: executeSwitchCmd:sent cmd req 15 bytes
04-21 12:49:18.567  2329  2329 D ethctrlmgr: executeSwitchCmd() diag command waiting for response from server 
04-21 12:49:18.569  2329  2365 V ethctrlmgr: readDataFromIocIpc():data avlbl from ioc ipc
04-21 12:49:18.569  2329  2365 D ethctrlmgr: readDataFromIocIpc():read data from IOC IPC
04-21 12:49:18.569  2329  2365 D ethctrlmgr: readDataFromIocIpc spawned. Waiting to read data
04-21 12:49:18.569  2329  2329 D ethctrlmgr:  executeSwitchCmd(): pthread_cond_timedwait Ret Val = 0  
04-21 12:49:18.569  2329  2329 D ethctrlmgr: executeSwitchCmd(): response available for requested command 
04-21 12:49:18.569  2329  2329 V ethctrlmgr: executeSwitchCmd:completion time:1.761074 msec 
04-21 12:49:18.569  2329  2329 D ethctrlmgr: SPI write command execution successful
04-21 12:49:18.569  2329  2329 D ethctrlmgr: read success data bytes:0
04-21 12:49:18.569  2329  2329 D ethctrlmgr: SPI Read Bytes in hex:
04-21 12:49:18.569  2329  2329 V ethctrlmgr: iocIpcFd : 4  len : 2
04-21 12:49:18.569  2329  2329 D ethctrlmgr: SPI command len is:7
04-21 12:49:18.569  2329  2329 D ethctrlmgr: SPI write cmd in hex:0x
04-21 12:49:18.569  2329  2329 D ethctrlmgr: 21  
04-21 12:49:18.569  2329  2329 D ethctrlmgr: 09  
04-21 12:49:18.569  2329  2329 D ethctrlmgr: 8f  
04-21 12:49:18.569  2329  2329 D ethctrlmgr: 26  
04-21 12:49:18.569  2329  2329 D ethctrlmgr: 00  
04-21 12:49:18.569  2329  2329 D ethctrlmgr: 80  
04-21 12:49:18.569  2329  2329 D ethctrlmgr: 01  
04-21 12:49:18.569  2329  2329 D ethctrlmgr: data len to send IPC is 15
04-21 12:49:18.569  2329  2329 D ethctrlmgr: executeSwitchCmd:sent cmd req 15 bytes
04-21 12:49:18.569  2329  2329 D ethctrlmgr: executeSwitchCmd() diag command waiting for response from server 
04-21 12:49:18.571  2329  2365 V ethctrlmgr: readDataFromIocIpc():data avlbl from ioc ipc
04-21 12:49:18.571  2329  2365 D ethctrlmgr: readDataFromIocIpc():read data from IOC IPC
04-21 12:49:18.571  2329  2365 D ethctrlmgr: readDataFromIocIpc spawned. Waiting to read data
04-21 12:49:18.571  2329  2329 D ethctrlmgr:  executeSwitchCmd(): pthread_cond_timedwait Ret Val = 0  
04-21 12:49:18.571  2329  2329 D ethctrlmgr: executeSwitchCmd(): response available for requested command 
04-21 12:49:18.571  2329  2329 V ethctrlmgr: executeSwitchCmd:completion time:1.925606 msec 
04-21 12:49:18.571  2329  2329 D ethctrlmgr: SPI write command execution successful
04-21 12:49:18.571  2329  2329 D ethctrlmgr: read success data bytes:0
04-21 12:49:18.571  2329  2329 D ethctrlmgr: SPI Read Bytes in hex:
04-21 12:49:18.571  2329  2329 V ethctrlmgr: iocIpcFd : 4  len : 2
04-21 12:49:18.571  2329  2329 D ethctrlmgr: SPI command len is:7
04-21 12:49:18.571  2329  2329 D ethctrlmgr: SPI write cmd in hex:0x
04-21 12:49:18.571  2329  2329 D ethctrlmgr: 21  
04-21 12:49:18.571  2329  2329 D ethctrlmgr: 09  
04-21 12:49:18.571  2329  2329 D ethctrlmgr: 8f  
04-21 12:49:18.571  2329  2329 D ethctrlmgr: 26  
04-21 12:49:18.571  2329  2329 D ethctrlmgr: 02  
04-21 12:49:18.571  2329  2329 D ethctrlmgr: 94  
04-21 12:49:18.571  2329  2329 D ethctrlmgr: 28  
04-21 12:49:18.571  2329  2329 D ethctrlmgr: data len to send IPC is 15
04-21 12:49:18.571  2329  2329 D ethctrlmgr: executeSwitchCmd:sent cmd req 15 bytes
04-21 12:49:18.571  2329  2329 D ethctrlmgr: executeSwitchCmd() diag command waiting for response from server 
04-21 12:49:18.572  2337  2451 E DPTF    : ERROR:[<DPTF>]<1555865358572 ms>: DPTF Build Version:  8.3.8888.9999	DPTF Build Date:  Feb 28 2018 22:36:14	Source File:  vendor/intel/dptf/DPTF/Androidx86/jni/PolicyLib/../../../Sources/Policies/PolicyLib/PolicyBase.cpp @ line 1039	Executing Function:  void PolicyBase::takeControlOfOsc(Bool)	Message:  Critical Policy: Failed to acquire OSC: Failure during execution of _OSC: 	DPTF Build Version:  8.3.8888.9999	DPTF Build Date:  Feb 28 2018 22:36:14	Source File:  vendor/intel/dptf/DPTF/Androidx86/jni/Manager/../../../Sources/Manager/EsifServices.cpp @ line 649	Executing Function:  virtual void EsifServices::primitiveExecuteSet(esif_primitive_type, esif_data_type, void*, UInt32, UInt32, UIntN, UIntN, UInt8)	Message:  Error returned from ESIF services interface function call	Participant:  NoParticipant	Domain:  NoDomain	ESIF Primitive:  SET_OPERATING_SYSTEM_CAPABILITIES [93]	ESIF Instance:  255	ESIF Return Code:  ESIF_E_UNSPECIFIED [1003]			Policy:  Critical Policy [2]	
04-21 12:49:18.572  2329  2365 V ethctrlmgr: readDataFromIocIpc():data avlbl from ioc ipc
04-21 12:49:18.572  2329  2365 D ethctrlmgr: readDataFromIocIpc():read data from IOC IPC
04-21 12:49:18.572  2329  2365 D ethctrlmgr: readDataFromIocIpc spawned. Waiting to read data
