11-11 07:11:14.263  1679  1759 D vold    : Added key 201327510 (ext4:53d64ae241ff57bc) to keyring 524072436 in process 1679
11-11 07:11:14.263  1679  1759 D vold    : Installed de key for user 11
11-11 07:11:14.263  1679  1759 D vold    : e4crypt_prepare_user_storage for volume null, user 0, serial 0, flags 1
11-11 07:11:14.263  1679  1759 D vold    : Preparing: /data/system/users/0
11-11 07:11:14.264  1679  1759 D vold    : Preparing: /data/misc/profiles/cur/0
11-11 07:11:14.264  1679  1759 D vold    : Preparing: /data/misc/profiles/cur/0/foreign-dex
11-11 07:11:14.265  1679  1759 D vold    : Preparing: /data/system_de/0
11-11 07:11:14.265  1679  1759 D vold    : Preparing: /data/misc_de/0
11-11 07:11:14.266  1679  1759 D vold    : Preparing: /data/user_de/0
11-11 07:11:14.267  1679  1759 I vold    : Policy for /data/system_de/0 set to 1b07a0759dd13c93
11-11 07:11:14.267  1679  1759 I vold    : Policy for /data/misc_de/0 set to 1b07a0759dd13c93
11-11 07:11:14.268  1679  1759 I vold    : Policy for /data/user_de/0 set to 1b07a0759dd13c93
11-11 07:11:14.268  1679  1759 D vold    : Preparing: /data/media/0
11-11 07:11:14.269  1679  1759 I vold    : Found policy 1b07a0759dd13c93 at /data/data which matches expected value
11-11 07:11:14.269  1679  1759 I vold    : Found policy 1b07a0759dd13c93 at /data/media/0 which matches expected value
11-11 07:11:14.308  1786  1786 D TetherController: Setting IP forward enable = 0
11-11 07:11:15.950  2041  2041 E KPI     : IPC_SERVER_START
11-11 07:11:15.970  2041  2041 E KPI     : IPC_SERVER_READY
11-11 07:11:15.974  2044  2044 I KPI     : SVCIPC_DAEMON_START
11-11 07:11:15.974  2044  2044 I KPI     : SVCIPC_DAEMON_READY
12-31 20:00:00.113  2040  2040 I KPI     : PSU_MANAGAR_INIT_START
12-31 20:00:00.118  2053  2053 I KPI     : PAL_PM_INIT_START
12-31 20:00:00.198  1679  1711 V vold    : ----------------
12-31 20:00:00.198  1679  1711 D NetlinkEvent: NL param 'DEVPATH=/devices/pci0000:00/0000:00:15.0/usb1'
12-31 20:00:00.198  1679  1711 D NetlinkEvent: NL param 'MAJOR=189'
12-31 20:00:00.198  1679  1711 D NetlinkEvent: NL param 'MINOR=0'
12-31 20:00:00.198  1679  1711 D NetlinkEvent: NL param 'DEVNAME=bus/usb/001/001'
12-31 20:00:00.198  1679  1711 D NetlinkEvent: NL param 'DEVTYPE=usb_device'
12-31 20:00:00.198  1679  1711 D NetlinkEvent: NL param 'PRODUCT=1d6b/2/404'
12-31 20:00:00.198  1679  1711 D NetlinkEvent: NL param 'TYPE=9/0/1'
12-31 20:00:00.198  1679  1711 D NetlinkEvent: NL param 'BUSNUM=001'
12-31 20:00:00.198  1679  1711 D NetlinkEvent: NL param 'DEVNUM=001'
12-31 20:00:00.198  1679  1711 D Vold    : logvold : 1 bus/usb/001/001  : 1 : /devices/pci0000:00/0000:00:15.0/usb1 
12-31 20:00:00.199  1679  1711 V vold    : ----------------
12-31 20:00:00.199  1679  1711 D NetlinkEvent: NL param 'DEVPATH=/devices/pci0000:00/0000:00:15.0/usb1/1-0:1.0'
12-31 20:00:00.199  1679  1711 D NetlinkEvent: NL param 'DEVTYPE=usb_interface'
12-31 20:00:00.199  1679  1711 D NetlinkEvent: NL param 'PRODUCT=1d6b/2/404'
12-31 20:00:00.199  1679  1711 D NetlinkEvent: NL param 'TYPE=9/0/1'
12-31 20:00:00.199  1679  1711 D NetlinkEvent: NL param 'INTERFACE=9/0/0'
12-31 20:00:00.200  1679  1711 D NetlinkEvent: NL param 'MODALIAS=usb:v1D6Bp0002d0404dc09dsc00dp01ic09isc00ip00in00'
12-31 20:00:00.200  1679  1711 E NetlinkEvent: NetlinkEvent::FindParam(): Parameter 'DEVNAME' not found
12-31 20:00:00.201  1679  1711 V vold    : ----------------
12-31 20:00:00.202  1679  1711 D NetlinkEvent: NL param 'DEVPATH=/devices/pci0000:00/0000:00:15.0/usb2'
12-31 20:00:00.202  1679  1711 D NetlinkEvent: NL param 'MAJOR=189'
12-31 20:00:00.202  1679  1711 D NetlinkEvent: NL param 'MINOR=128'
12-31 20:00:00.202  1679  1711 D NetlinkEvent: NL param 'DEVNAME=bus/usb/002/001'
12-31 20:00:00.202  1679  1711 D NetlinkEvent: NL param 'DEVTYPE=usb_device'
12-31 20:00:00.202  1679  1711 D NetlinkEvent: NL param 'PRODUCT=1d6b/3/404'
12-31 20:00:00.202  1679  1711 D NetlinkEvent: NL param 'TYPE=9/0/3'
12-31 20:00:00.202  1679  1711 D NetlinkEvent: NL param 'BUSNUM=002'
12-31 20:00:00.202  1679  1711 D NetlinkEvent: NL param 'DEVNUM=001'
12-31 20:00:00.202  1679  1711 D Vold    : logvold : 1 bus/usb/002/001  : 2 : /devices/pci0000:00/0000:00:15.0/usb2 
12-31 20:00:00.203  1679  1711 V vold    : ----------------
12-31 20:00:00.203  1679  1711 D NetlinkEvent: NL param 'DEVPATH=/devices/pci0000:00/0000:00:15.0/usb2/2-0:1.0'
12-31 20:00:00.203  1679  1711 D NetlinkEvent: NL param 'DEVTYPE=usb_interface'
12-31 20:00:00.203  1679  1711 D NetlinkEvent: NL param 'PRODUCT=1d6b/3/404'
12-31 20:00:00.203  1679  1711 D NetlinkEvent: NL param 'TYPE=9/0/3'
12-31 20:00:00.203  1679  1711 D NetlinkEvent: NL param 'INTERFACE=9/0/0'
12-31 20:00:00.203  1679  1711 D NetlinkEvent: NL param 'MODALIAS=usb:v1D6Bp0003d0404dc09dsc00dp03ic09isc00ip00in00'
12-31 20:00:00.203  1679  1711 E NetlinkEvent: NetlinkEvent::FindParam(): Parameter 'DEVNAME' not found
12-31 20:00:00.258  2051  2051 I CalSvcd_B:  calserviced.c(175): Starting up...
12-31 20:00:00.279  2042  2042 I KPI     : VDATA_DAEMON_START
12-31 20:00:00.374  2042  2042 I KPI     : Objects of HandleService is initialized
12-31 20:00:00.423  2042  2042 I KPI     : VehicleAbstraction is initialized and threadLoop is launched
12-31 20:00:00.423  2042  2042 I KPI     : VDATA_DAEMON_READY
12-31 20:00:00.431  2051  2051 I CalSvcd_B:  calserviced.c(285): main: default db version = 50002, active db version = 50002
12-31 20:00:00.432  2051  2051 W CalSvcd_B:  calserviced.c(317): main: !!!WARNING!!! !!!OVERRIDE_BACKDOOR (*.calovride) HAS BEEN ENABLED!!!  !!!DISABLE BEFORE RELEASE!!!
12-31 20:00:00.432  2051  2051 I CalSvcd_B:  overrides_to_database.c(1445): process_dir_members(ovride_path_str=/cache/calibrations/, filter=.calovride, move_to_perm=0)
12-31 20:00:00.520  2053  2053 I KPI     : PAL_PM_INIT_END
04-20 01:36:33.072  2051  2051 I CalSvcd_B:  overrides_to_database.c(1445): process_dir_members(ovride_path_str=/cache/calibrations/, filter=, move_to_perm=0)
04-20 01:36:33.079  2051  2226 E CalSvcd_B:  Monitor.cpp(289): Change Detected (256) - File: 23505752.AA.calovride
04-20 01:36:33.083  2051  2051 E CalSvcd_B:  calserviced.c(837): unzip: Could not unzip file
04-20 01:36:33.083  2051  2051 E CalSvcd_B:  calserviced.c(812): unzip: no data left
04-20 01:36:33.083  2051  2051 E CalSvcd_B:  overrides_to_database.c(1802): processZippedModFile: Unzip (/cache/calibrations/23505752.AA) failed - no overrides applied
04-20 01:36:33.086  2051  2051 E CalSvcd_B:  calserviced.c(837): unzip: Could not unzip file
04-20 01:36:33.086  2051  2051 E CalSvcd_B:  calserviced.c(812): unzip: no data left
04-20 01:36:33.086  2051  2051 E CalSvcd_B:  overrides_to_database.c(1802): processZippedModFile: Unzip (/cache/calibrations/KRLN1097_CSM-1.tbl) failed - no overrides applied
04-20 01:36:33.086  2051  2051 I CalSvcd_B:  calserviced.c(463): set_update_J5: Created Persistent J5 Indicator.
04-20 01:36:33.086  2051  2051 I CalSvcd_B:  CalibrationService.cpp(1407): CalibrationService: Binder API Instance Created.
04-20 01:36:33.087  2051  2051 I CalSvcd_B:  CalibrationService.cpp(1226): Eanble TEMP TABLE optimization in sqlite for cal DB
04-20 01:36:33.119  1679  1711 V vold    : ----------------
04-20 01:36:33.119  1679  1711 D NetlinkEvent: NL param 'DEVPATH=/devices/pci0000:00/0000:00:15.0/usb1/1-4'
04-20 01:36:33.119  1679  1711 D NetlinkEvent: NL param 'MAJOR=189'
04-20 01:36:33.119  1679  1711 D NetlinkEvent: NL param 'MINOR=1'
04-20 01:36:33.119  1679  1711 D NetlinkEvent: NL param 'DEVNAME=bus/usb/001/002'
04-20 01:36:33.119  1679  1711 D NetlinkEvent: NL param 'DEVTYPE=usb_device'
04-20 01:36:33.120  1679  1711 D NetlinkEvent: NL param 'PRODUCT=4d8/df/101'
04-20 01:36:33.120  1679  1711 D NetlinkEvent: NL param 'TYPE=239/2/1'
04-20 01:36:33.120  1679  1711 D NetlinkEvent: NL param 'BUSNUM=001'
04-20 01:36:33.120  1679  1711 D NetlinkEvent: NL param 'DEVNUM=002'
04-20 01:36:33.120  1679  1711 D Vold    : logvold : 1 bus/usb/001/002  : 3 : /devices/pci0000:00/0000:00:15.0/usb1/1-4 
04-20 01:36:33.121  1679  1711 V vold    : ----------------
04-20 01:36:33.121  1679  1711 D NetlinkEvent: NL param 'DEVPATH=/devices/pci0000:00/0000:00:15.0/usb1/1-4/1-4:1.0'
04-20 01:36:33.121  1679  1711 D NetlinkEvent: NL param 'DEVTYPE=usb_interface'
04-20 01:36:33.121  1679  1711 D NetlinkEvent: NL param 'PRODUCT=4d8/df/101'
04-20 01:36:33.121  1679  1711 D NetlinkEvent: NL param 'TYPE=239/2/1'
04-20 01:36:33.121  1679  1711 D NetlinkEvent: NL param 'INTERFACE=2/2/1'
04-20 01:36:33.121  1679  1711 D NetlinkEvent: NL param 'MODALIAS=usb:v04D8p00DFd0101dcEFdsc02dp01ic02isc02ip01in00'
04-20 01:36:33.121  1679  1711 E NetlinkEvent: NetlinkEvent::FindParam(): Parameter 'DEVNAME' not found
04-20 01:36:33.124  1679  1711 V vold    : ----------------
04-20 01:36:33.124  1679  1711 D NetlinkEvent: NL param 'DEVPATH=/devices/pci0000:00/0000:00:15.0/usb1/1-4/1-4:1.1'
04-20 01:36:33.124  1679  1711 D NetlinkEvent: NL param 'DEVTYPE=usb_interface'
04-20 01:36:33.124  1679  1711 D NetlinkEvent: NL param 'DRIVER=cdc_acm'
04-20 01:36:33.124  1679  1711 D NetlinkEvent: NL param 'PRODUCT=4d8/df/101'
04-20 01:36:33.124  1679  1711 D NetlinkEvent: NL param 'TYPE=239/2/1'
04-20 01:36:33.124  1679  1711 D NetlinkEvent: NL param 'INTERFACE=10/0/0'
04-20 01:36:33.124  1679  1711 D NetlinkEvent: NL param 'MODALIAS=usb:v04D8p00DFd0101dcEFdsc02dp01ic0Aisc00ip00in01'
04-20 01:36:33.124  1679  1711 E NetlinkEvent: NetlinkEvent::FindParam(): Parameter 'DEVNAME' not found
04-20 01:36:33.125  1679  1711 V vold    : ----------------
04-20 01:36:33.125  1679  1711 D NetlinkEvent: NL param 'DEVPATH=/devices/pci0000:00/0000:00:15.0/usb1/1-4/1-4:1.2'
04-20 01:36:33.125  1679  1711 D NetlinkEvent: NL param 'DEVTYPE=usb_interface'
04-20 01:36:33.125  1679  1711 D NetlinkEvent: NL param 'PRODUCT=4d8/df/101'
04-20 01:36:33.125  1679  1711 D NetlinkEvent: NL param 'TYPE=239/2/1'
04-20 01:36:33.125  1679  1711 D NetlinkEvent: NL param 'INTERFACE=3/0/0'
04-20 01:36:33.125  1679  1711 D NetlinkEvent: NL param 'MODALIAS=usb:v04D8p00DFd0101dcEFdsc02dp01ic03isc00ip00in02'
04-20 01:36:33.125  1679  1711 E NetlinkEvent: NetlinkEvent::FindParam(): Parameter 'DEVNAME' not found
04-20 01:36:33.190  2051  2051 I CalSvcd_B:  CalibrationService.cpp(1255): create temp table spend 102 msec
04-20 01:36:33.191  2051  2051 I CalSvcd_B:  CalibrationService.cpp(1437): CalibrationService: System has been calibrated!
04-20 01:36:33.192  2051  2051 I CalSvcd_B:  CalibrationService.cpp(1175): sendCalNoCalState: Calibration state sent to the VIP!
04-20 01:36:33.234  2264  2264 I KPI     : PAL_VEHICLE_CLIENT_INIT_START
04-20 01:36:33.235  2264  2264 I KPI     : PAL_VEHICLE_CLIENT_INIT_READY
04-20 01:36:33.357  2036  2036 I auditd  : type=1400 audit(0.0:43): avc: denied { open } for comm="animengine" path="/cache/data/anim/anim.cals" dev="vda12" ino=97158 scontext=u:r:bootanim:s0 tcontext=u:object_r:cache_file:s0 tclass=file permissive=0
04-20 01:36:33.357  2036  2036 I auditd  : type=1400 audit(0.0:44): avc: denied { write } for comm="animengine" name="anim" dev="vda12" ino=97157 scontext=u:r:bootanim:s0 tcontext=u:object_r:cache_file:s0 tclass=dir permissive=0
04-20 01:36:33.358  2036  2036 D BOOT-TIME|:  AnimEngine: started at |4956 
04-20 01:36:33.363  2051  2282 W CalSvcd_B:  ListenerManager.cpp(88): listener-id(AnimEngine)  not exist!
04-20 01:36:33.363  2051  2282 I CalSvcd_B:  ListenerManager.cpp(121): added listener for AnimEngine
04-20 01:36:33.369  2051  2051 I CalSvcd_B:  overrides_to_database.c(2309): getCurrentUpdateIndicator: Indicator = 15
--------- beginning of main
04-20 01:36:33.516  2321  2321 D ethctrlmgr: SPI command len is:13
04-20 01:36:33.516  2321  2321 D ethctrlmgr: SPI write cmd in hex:0x
04-20 01:36:33.516  2321  2321 D ethctrlmgr: 23  
04-20 01:36:33.516  2321  2321 D ethctrlmgr: 0b  
04-20 01:36:33.516  2321  2321 D ethctrlmgr: 00  
04-20 01:36:33.516  2321  2321 D ethctrlmgr: 0b  
04-20 01:36:33.516  2321  2321 D ethctrlmgr: 22  
04-20 01:36:33.516  2321  2321 D ethctrlmgr: 00  
04-20 01:36:33.516  2321  2321 D ethctrlmgr: 00  
04-20 01:36:33.516  2321  2321 D ethctrlmgr: 00  
04-20 01:36:33.516  2321  2321 D ethctrlmgr: 00  
04-20 01:36:33.516  2321  2321 D ethctrlmgr: 00  
04-20 01:36:33.516  2321  2321 D ethctrlmgr: 00  
04-20 01:36:33.516  2321  2321 D ethctrlmgr: 01  
04-20 01:36:33.516  2321  2321 D ethctrlmgr: ff  
04-20 01:36:33.516  2321  2321 D ethctrlmgr: data len to send IPC is 21
04-20 01:36:33.516  2321  2321 D ethctrlmgr: executeSwitchCmd:sent cmd req 21 bytes
04-20 01:36:33.516  2321  2321 D ethctrlmgr: executeSwitchCmd() diag command waiting for response from server 
04-20 01:36:33.516  2321  2355 D ethctrlmgr: readDataFromIocIpc spawned. Waiting to read data
04-20 01:36:33.516  2036  2311 D ufo     : Detected device 5A84:10 family 21:12
04-20 01:36:33.517  2036  2311 D AnimEngine: Now checking if the files exists 
04-20 01:36:33.517  2036  2311 D AnimEngine: Welcome anim file path /resource/ro/anim/1/graphics/1/welcomeanim.zip
04-20 01:36:33.517  2036  2311 D AnimEngine: Startup anim file path /resource/ro/anim/1/graphics/1/startupanim.zip
04-20 01:36:33.517  2036  2311 D AnimEngine: Shutdown anim file path /resource/ro/anim/0/graphics/1/shutdownanim.zip
04-20 01:36:33.517  2036  2311 D AnimEngine: Welcome Video anim file path /resource/ro/anim/1/graphics/1/welcomeanim.mp4
04-20 01:36:33.518  2321  2355 V ethctrlmgr: readDataFromIocIpc():data avlbl from ioc ipc
04-20 01:36:33.518  2321  2355 D ethctrlmgr: readDataFromIocIpc():read data from IOC IPC
04-20 01:36:33.518  2321  2355 D ethctrlmgr: readDataFromIocIpc spawned. Waiting to read data
04-20 01:36:33.518  2321  2321 D ethctrlmgr:  executeSwitchCmd(): pthread_cond_timedwait Ret Val = 0  
04-20 01:36:33.518  2321  2321 D ethctrlmgr: executeSwitchCmd(): response available for requested command 
04-20 01:36:33.518  2321  2321 V ethctrlmgr: executeSwitchCmd:completion time:1.719483 msec 
04-20 01:36:33.518  2321  2321 D ethctrlmgr: SPI write command execution successful
04-20 01:36:33.518  2321  2321 D ethctrlmgr: read success data bytes:0
04-20 01:36:33.518  2321  2321 D ethctrlmgr: SPI Read Bytes in hex:
04-20 01:36:33.518  2321  2321 D ethctrlmgr: regset: 0x0b000b50=0xff,0x02,0x00,0x00,0x00,0x00,0x00,0x00
04-20 01:36:33.518  2321  2321 D ethctrlmgr: Config regAddr: 0x0b000b50
04-20 01:36:33.518  2321  2321 D ethctrlmgr: regVal[0]: FF	
04-20 01:36:33.518  2321  2321 D ethctrlmgr: regVal[1]: 02	
04-20 01:36:33.518  2321  2321 D ethctrlmgr: regVal[2]: 00	
04-20 01:36:33.518  2321  2321 D ethctrlmgr: regVal[3]: 00	
04-20 01:36:33.518  2321  2321 D ethctrlmgr: regVal[4]: 00	
04-20 01:36:33.518  2321  2321 D ethctrlmgr: regVal[5]: 00	
04-20 01:36:33.518  2321  2321 D ethctrlmgr: regVal[6]: 00	
04-20 01:36:33.518  2321  2321 D ethctrlmgr: regVal[7]: 00	
04-20 01:36:33.518  2321  2321 V ethctrlmgr: iocIpcFd : 4  len : 8
04-20 01:36:33.518  2321  2321 D ethctrlmgr: SPI command len is:13
04-20 01:36:33.518  2321  2321 D ethctrlmgr: SPI write cmd in hex:0x
04-20 01:36:33.518  2321  2321 D ethctrlmgr: 23  
04-20 01:36:33.518  2321  2321 D ethctrlmgr: 0b  
04-20 01:36:33.518  2321  2321 D ethctrlmgr: 00  
04-20 01:36:33.518  2321  2321 D ethctrlmgr: 0b  
04-20 01:36:33.518  2321  2321 D ethctrlmgr: 50  
04-20 01:36:33.518  2321  2321 D ethctrlmgr: 00  
04-20 01:36:33.518  2321  2321 D ethctrlmgr: 00  
04-20 01:36:33.518  2321  2321 D ethctrlmgr: 00  
04-20 01:36:33.518  2321  2321 D ethctrlmgr: 00  
04-20 01:36:33.518  2321  2321 D ethctrlmgr: 00  
04-20 01:36:33.518  2321  2321 D ethctrlmgr: 00  
04-20 01:36:33.518  2321  2321 D ethctrlmgr: 02  
04-20 01:36:33.518  2321  2321 D ethctrlmgr: ff  
04-20 01:36:33.518  2321  2321 D ethctrlmgr: data len to send IPC is 21
04-20 01:36:33.518  2321  2321 D ethctrlmgr: executeSwitchCmd:sent cmd req 21 bytes
04-20 01:36:33.518  2321  2321 D ethctrlmgr: executeSwitchCmd() diag command waiting for response from server 
04-20 01:36:33.519  2321  2355 V ethctrlmgr: readDataFromIocIpc():data avlbl from ioc ipc
04-20 01:36:33.519  2321  2355 D ethctrlmgr: readDataFromIocIpc():read data from IOC IPC
04-20 01:36:33.519  2321  2355 D ethctrlmgr: readDataFromIocIpc spawned. Waiting to read data
04-20 01:36:33.519  2321  2321 D ethctrlmgr:  executeSwitchCmd(): pthread_cond_timedwait Ret Val = 0  
04-20 01:36:33.519  2321  2321 D ethctrlmgr: executeSwitchCmd(): response available for requested command 
04-20 01:36:33.519  2321  2321 V ethctrlmgr: executeSwitchCmd:completion time:1.388290 msec 
04-20 01:36:33.519  2321  2321 D ethctrlmgr: SPI write command execution successful
04-20 01:36:33.519  2321  2321 D ethctrlmgr: read success data bytes:0
04-20 01:36:33.519  2321  2321 D ethctrlmgr: SPI Read Bytes in hex:
04-20 01:36:33.519  2321  2321 D ethctrlmgr: regset: 0x0b000b52=0xff,0x02,0x00,0x00,0x00,0x00,0x00,0x00
04-20 01:36:33.519  2321  2321 D ethctrlmgr: Config regAddr: 0x0b000b52
04-20 01:36:33.519  2321  2321 D ethctrlmgr: regVal[0]: FF	
04-20 01:36:33.519  2321  2321 D ethctrlmgr: regVal[1]: 02	
04-20 01:36:33.519  2321  2321 D ethctrlmgr: regVal[2]: 00	
04-20 01:36:33.519  2321  2321 D ethctrlmgr: regVal[3]: 00	
04-20 01:36:33.519  2321  2321 D ethctrlmgr: regVal[4]: 00	
04-20 01:36:33.519  2321  2321 D ethctrlmgr: regVal[5]: 00	
04-20 01:36:33.519  2321  2321 D ethctrlmgr: regVal[6]: 00	
04-20 01:36:33.519  2321  2321 D ethctrlmgr: regVal[7]: 00	
04-20 01:36:33.519  2321  2321 V ethctrlmgr: iocIpcFd : 4  len : 8
04-20 01:36:33.519  2321  2321 D ethctrlmgr: SPI command len is:13
04-20 01:36:33.519  2321  2321 D ethctrlmgr: SPI write cmd in hex:0x
04-20 01:36:33.519  2321  2321 D ethctrlmgr: 23  
04-20 01:36:33.519  2321  2321 D ethctrlmgr: 0b  
04-20 01:36:33.519  2321  2321 D ethctrlmgr: 00  
04-20 01:36:33.520  2321  2321 D ethctrlmgr: 0b  
04-20 01:36:33.520  2321  2321 D ethctrlmgr: 52  
04-20 01:36:33.520  2321  2321 D ethctrlmgr: 00  
04-20 01:36:33.520  2321  2321 D ethctrlmgr: 00  
04-20 01:36:33.520  2321  2321 D ethctrlmgr: 00  
04-20 01:36:33.520  2321  2321 D ethctrlmgr: 00  
04-20 01:36:33.520  2321  2321 D ethctrlmgr: 00  
04-20 01:36:33.520  2321  2321 D ethctrlmgr: 00  
04-20 01:36:33.520  2321  2321 D ethctrlmgr: 02  
04-20 01:36:33.520  2321  2321 D ethctrlmgr: ff  
04-20 01:36:33.520  2321  2321 D ethctrlmgr: data len to send IPC is 21
04-20 01:36:33.520  2321  2321 D ethctrlmgr: executeSwitchCmd:sent cmd req 21 bytes
04-20 01:36:33.520  2321  2321 D ethctrlmgr: executeSwitchCmd() diag command waiting for response from server 
04-20 01:36:33.521  2321  2355 V ethctrlmgr: readDataFromIocIpc():data avlbl from ioc ipc
04-20 01:36:33.521  2321  2355 D ethctrlmgr: readDataFromIocIpc():read data from IOC IPC
04-20 01:36:33.521  2321  2355 D ethctrlmgr: readDataFromIocIpc spawned. Waiting to read data
04-20 01:36:33.521  2321  2321 D ethctrlmgr:  executeSwitchCmd(): pthread_cond_timedwait Ret Val = 0  
04-20 01:36:33.521  2321  2321 D ethctrlmgr: executeSwitchCmd(): response available for requested command 
04-20 01:36:33.521  2321  2321 V ethctrlmgr: executeSwitchCmd:completion time:1.405669 msec 
04-20 01:36:33.521  2321  2321 D ethctrlmgr: SPI write command execution successful
04-20 01:36:33.521  2321  2321 D ethctrlmgr: read success data bytes:0
04-20 01:36:33.521  2321  2321 D ethctrlmgr: SPI Read Bytes in hex:
04-20 01:36:33.525  2333  2333 E vip2nav : init() $ERR no such a file /data/nav/calibration.txt =NULL. 
04-20 01:36:33.525  2333  2333 I ipcLib  : ipcLib:pathname = /dev/ipc/ipc4
04-20 01:36:33.525  2333  2333 W ipcLib  : ipcLib:libipc version=3.0_22Aug2017
04-20 01:36:33.525  2333  2333 I ipcLib  : ipcLib:'O_TRUNC' flag is set!
04-20 01:36:33.526  2333  2333 I ipcLib  : ipcLib:Connect to Server Socket: /dev/ipc/ipc4
04-20 01:36:33.526  2333  2333 I ipcLib  : ipcLib:Wait for Ack from the Server : Hello Mesage
04-20 01:36:33.526  2041  2069 W IPC     : IPC: CH-4: New connection request
04-20 01:36:33.526  2041  2069 W IPC     : IPC: 
04-20 01:36:33.526  2041  2069 W IPC     : CH-4: New connection Accepted.  pDeviceAttr->clientFd = 26
04-20 01:36:33.526  2041  2069 E IPC     : IPC: CH-4: F_SETFL flags = 0x2 
04-20 01:36:33.526  2041  2069 W IPC     : IPC: CH-4: Control Message Received '0x8003'
04-20 01:36:33.526  2041  2069 W IPC     : IPC: CH-4: Idx=0 Send Hello to the Client application 
04-20 01:36:33.526  2041  2069 W IPC     : IPC: CH-4: ClientCnt=1
04-20 01:36:33.528  2332  2332 W vdev-flexgps: use default gps sio devicename /dev/ttyACM0
04-20 01:36:33.528  2332  2332 E vdev-flexgps: main() GPS configuration file </system/etc/m8_gm20_ADR_v1.cfg> opened 
04-20 01:36:33.528  2332  2332 E vdev-flexgps: vdev-flexpgs: waiting for open Gps sio - device /dev/ttyACM0
04-20 01:36:33.529  2333  2333 I ipcLib  : ipcLib:Message(6 bytes) received from Server : Hello
04-20 01:36:33.529  2333  2333 I ipcLib  : ipcLib:channel = 4
04-20 01:36:33.529  2333  2333 E vip2nav : main(): MAIN: Successfully opened IPC channel :/dev/ipc/ipc4
04-20 01:36:33.537  2333  2360 E vip2nav : no valid msg ID! 15
04-20 01:36:33.537  2333  2360 E vip2nav : 
04-20 01:36:33.537  2333  2360 E vip2nav :  IPC Read: msgID=15 MSG length=16 
04-20 01:36:33.537  2333  2360 E vip2nav : 0xf 0x5 0x10 0x0 0xfc 0x8 0x0 0x0
04-20 01:36:33.537  2042  2249 E vehicle_abstraction: CODIDynamicDataGroup::processRxGroupSignal ODI data (dataID = 10) not mapped (fucID = 7) 
04-20 01:36:33.537  2333  2360 E vip2nav : 0x40 0x1 0x0 0x0 0x0 0x0 0x0 0x0
04-20 01:36:33.537  2333  2360 E vip2nav : 0x0 0x0 0x0 0x0 0x8a 0x19 0x0 0x0
04-20 01:36:33.537  2333  2360 E vip2nav : 0x0 0x0 0x0 0x0 0x0 0x0 0x0 0x0
04-20 01:36:33.537  2333  2360 E vip2nav : 0x0 0x0 0x0 0x0 0x0 0x0 0x0 0x0
04-20 01:36:33.537  2333  2360 E vip2nav : 0x0 0x0 0x0 0x0 0x0 0x0 0x0 0x0
04-20 01:36:33.537  2333  2360 E vip2nav : 0x0 0x0 0x0 0x0 0x0 0x0 0x0 0x0
04-20 01:36:33.537  2333  2360 E vip2nav : 0x0 0x0 0x0 0x0 0x0 0x0 0x0 0x0
04-20 01:36:33.537  2333  2360 E vip2nav : 0x0 0x0 0x0 0x0 0x0 0x0 0x0 0x0
04-20 01:36:33.537  2333  2360 E vip2nav : 0x0 0x0 0x0 0x0 0x0 0x0 0x0 0x0
04-20 01:36:33.537  2333  2360 E vip2nav : 0x0 0x0 0x0 0x0 0x0 0x0 0x0 0x0
04-20 01:36:33.537  2333  2360 E vip2nav : 0x0 0x0 0x0 0x0 0x0 0x0 0x0 0x0
04-20 01:36:33.537  2333  2360 E vip2nav : 0x0 0x0 0x0 0x0 0x0 0x0 0x0 0x0
04-20 01:36:33.537  2333  2360 E vip2nav : 0x0 0x0 0x0 0x0 0x0 0x0 0x0 0x0
04-20 01:36:33.537  2333  2360 E vip2nav : 0x0 0x0 0x0 0x0 0x0 0x0 0x0 0x0
04-20 01:36:33.537  2333  2360 E vip2nav : 0x0 0x0 0x0 0x0 0x0 0x0 0x0 0x0
04-20 01:36:33.537  2333  2360 E vip2nav : 0x0 0x0 0x0 0x0 0x0 0x0 0x0 0x0
04-20 01:36:33.537  2333  2360 E vip2nav : 0x0 0x0 0x0 0x0 0x0 0x0 0x0 0x0
04-20 01:36:33.537  2333  2360 E vip2nav : 0x0 0x0 0x0 0x0 0x0 0x0 0x0 0x0
04-20 01:36:33.537  2333  2360 E vip2nav : 0x0 0x0 0x0 0x0 0x0 0x0 0x0 0x0
04-20 01:36:33.537  2333  2360 E vip2nav : 0x0 0x0 0x0 0x0 0x0 0x0 0x0 0x0
04-20 01:36:33.537  2333  2360 E vip2nav : 0x0 0x0 0x0 0x0 0x0 0x0 0x0 0x0
04-20 01:36:33.537  2333  2360 E vip2nav : 0x0 0x0 0x0 0x0 0x0 0x0 0x0 0x0
04-20 01:36:33.537  2333  2360 E vip2nav : 0x0 0x0 0x0 0x0 0x0 0x0 0x0 0x0
04-20 01:36:33.537  2333  2360 E vip2nav : 0x0 0x0 0x0 0x0 0x0 0x0 0x0 0x0
04-20 01:36:33.537  2333  2360 E vip2nav : 0x0 0x0 0x0 0x0 0x0 0x0 0x0 0x0
04-20 01:36:33.537  2333  2360 E vip2nav : 0x0 0x0 0x0 0x0 0x0 0x0 0x0 0x0
04-20 01:36:33.537  2333  2360 E vip2nav : 0x0 0x0 0x0 0x0 0x0 0x0 0x0 0x0
04-20 01:36:33.537  2333  2360 E vip2nav : 0x0 0x0 0x0 0x0 0x0 0x0 0x0 0x0
04-20 01:36:33.537  2333  2360 E vip2nav : 0x0 0x0 0x0 0x0 0x0 0x0 0x0 0x0
04-20 01:36:33.537  2333  2360 E vip2nav : 0x0 0x0 0x0 0x0 0x0 0x0 0x0 0x0
04-20 01:36:33.537  2333  2360 E vip2nav : 0x0 0x0 0x0 0x0 0x0 0x0 0x0 0x0
04-20 01:36:33.537  2333  2360 E vip2nav : ... skipping 4 bytes
04-20 01:36:33.537  2333  2363 D vip2nav : qualifiedServerNameToMap(): 9402:2333 written to /dev/nav_server_map/9402
04-20 01:36:33.540  2314  2314 D GMSecurity: gm_security deamon started (a82e4a43)
04-20 01:36:33.542  2333  2363 W vip2nav : get_supported_constellations(): DR Type = TCP; Ignoring Constellation Calibrations
04-20 01:36:33.543  2333  2363 D vip2nav : get_mapmatch_flag(): map match flag = 1
04-20 01:36:33.543  2333  2363 D vip2nav : get_orientation_value(): orientation value = 0
04-20 01:36:33.546  2333  2362 D vip2nav : qualifiedServerNameToMap(): 9406:2333 written to /dev/nav_server_map/9406
04-20 01:36:33.546  2334  2334 I ghs_cal : Starting GHSCalibration service
04-20 01:36:33.546  2334  2334 I ghs_cal : Starting sync
04-20 01:36:33.546  2334  2334 I ghs_cal : Call getMultiCalibrations on range [0, 43)
04-20 01:36:33.548  2334  2334 I ghs_cal : Call getMultiCalibrations on range [44, 225)
04-20 01:36:33.550  2271  2271 I _ENV    : IasAvbStreamHandlerEnvironment::IasMediaTransportAvb::IasAvbProcessingResult IasMediaTransportAvb::IasAvbStreamHandlerEnvironment::setTxRingSize()(317): Current ring sizes on  eth0 , TX max = 4096 , TX current = 512 , RX max = 4096 , RX current = 256
04-20 01:36:33.550  2271  2271 I _ENV    : IasAvbStreamHandlerEnvironment::IasMediaTransportAvb::IasAvbProcessingResult IasMediaTransportAvb::IasAvbStreamHandlerEnvironment::openRawSocket()(1059): Testing Profile Enable config value not set, DiaLogger disabled as default.
04-20 01:36:33.551  2271  2271 I _ENV    : IasAvbStreamHandlerEnvironment::IasMediaTransportAvb::IasAvbProcessingResult IasMediaTransportAvb::IasAvbStreamHandlerEnvironment::createIgbDevice()(418): igb_attach OK
04-20 01:36:33.552  2334  2334 I ghs_cal : Decoding 61440 bytes
04-20 01:36:33.555  2042  2249 E vehicle_abstraction: CODIDynamicDataGroup::processRxGroupSignal ODI data (dataID = 11) not mapped (fucID = 7) 
04-20 01:36:33.569  2314  2314 D GMSecurity: service running
04-20 01:36:33.570  2314  2314 D GMSecurity: Current security state : (null) => running
04-20 01:36:33.570  2314  2314 D GMEncryptionExt: Message cmd(getPasscode) size(272) sent to kernel(unit 22)
04-20 01:36:33.570  2314  2314 D GMEncryptionExt: Waiting for message from kernel(unit 22)
04-20 01:36:33.570  2314  2314 D GMSecurity: system enters DATA_LOCKED mode.
04-20 01:36:33.571  2264  2306 I tlin_device: tlin_read error reading : 0x00 0x55 0x1f 
04-20 01:36:33.571  2271  2271 I _ASH    : IasAvbStreamHandler::IasMediaTransportAvb::IasAvbProcessingResult IasMediaTransportAvb::IasAvbStreamHandler::init(const Ias::String &, Bool, Int32, Char **, const Char *)(385):  local MAC address = 08:02:ca:fe:ba:be
04-20 01:36:33.571  2314  2314 D GMSecurity: Current security state : running => data_locked
04-20 01:36:33.571  2314  2314 D GMEncryptionExt: Message cmd(ready) size(272) sent to kernel(unit 22)
04-20 01:36:33.571  2314  2314 D GMEncryptionExt: Waiting for message from kernel(unit 22)
04-20 01:36:33.574  2313  2313 D GM_PROTO_KEY: gm_protokey deamon started (b773c4c7, simulator on)
04-20 01:36:33.574  2313  2313 D GM_PROTO_KEY: simulated protokey available
04-20 01:36:33.574  2336  2336 I Media_RDMService:: RDMS: Initializing RemovableDeviceManagementService
04-20 01:36:33.576  2336  2336 I Media_RDMService:: The config file obtained is: /system/media/config/RemovableDeviceService.cfg
04-20 01:36:33.576  2336  2336 I Media_RDMService:: RemovableDeviceMain-> initializeRDMS() Entry
04-20 01:36:33.577  2330  2330 E RemoteDisp_Srvc: Successfully connected to Calibration Service = 10 attempt
04-20 01:36:33.577  2330  2330 E RemoteDisp_Srvc: CalID: SCREEN_RESOLUTION
04-20 01:36:33.578  2331  2331 I ServiceManager: Waiting for service android.hardware.intel.coreu...
04-20 01:36:33.587  2334  2334 I ghs_cal : Decoding 61440 bytes
04-20 01:36:33.588  2271  2271 I _ASH    : IasAvbStreamHandler::IasMediaTransportAvb::IasAvbProcessingResult IasMediaTransportAvb::IasAvbStreamHandler::init(const Ias::String &, Bool, Int32, Char **, const Char *)(468):  IasAvbHwCaptureClockDomain is disabled!
04-20 01:36:33.588  2271  2271 I _ASH    : IasAvbStreamHandler::virtual IasAvbResult IasMediaTransportAvb::IasAvbStreamHandler::createTransmitClockReferenceStream(IasAvbSrClass, IasAvbClockReferenceStreamType, Ias::UInt16, Ias::UInt16, Ias::UInt32, IasAvbClockMultiplier, Ias::UInt32, IasAvbIdAssignMode, Ias::UInt64 &, Ias::UInt64 &, Ias::Bool)(2063):  Transmit clock reference stream 0x91e0f000fe810000 created
04-20 01:36:33.589  2271  2271 I _RXE    : IasAvbReceiveEngine::IasMediaTransportAvb::IasAvbProcessingResult IasMediaTransportAvb::IasAvbReceiveEngine::openReceiveSocket()(786): flags:  PROMISC OFF MULTICAST ON ALLMULTI OFF
04-20 01:36:33.589  2334  2334 I ghs_cal : Writing 227 messages to channel
04-20 01:36:33.589  2334  2334 I ghs_cal : write() returned 4095
04-20 01:36:33.589  2334  2334 I ghs_cal : write() returned 4095
04-20 01:36:33.589  2334  2334 I ghs_cal : write() returned 4095
04-20 01:36:33.589  2334  2334 I ghs_cal : write() returned 4095
04-20 01:36:33.590  2334  2334 I ghs_cal : write() returned 4095
04-20 01:36:33.590  2334  2334 I ghs_cal : write() returned 4095
04-20 01:36:33.590  2334  2334 I ghs_cal : write() returned 4095
04-20 01:36:33.590  2334  2334 I ghs_cal : write() returned 4095
04-20 01:36:33.590  2334  2334 I ghs_cal : write() returned 4095
04-20 01:36:33.590  2334  2334 I ghs_cal : write() returned 4095
04-20 01:36:33.590  2334  2334 I ghs_cal : write() returned 4095
04-20 01:36:33.590  2334  2334 I ghs_cal : write() returned 4095
04-20 01:36:33.590  2334  2334 I ghs_cal : write() returned 4095
04-20 01:36:33.590  2334  2334 I ghs_cal : write() returned 4095
04-20 01:36:33.590  2334  2334 I ghs_cal : write() returned 2598
04-20 01:36:33.590  2334  2334 I ghs_cal : Writing complete
04-20 01:36:33.590  2334  2334 I ghs_cal : Waiting on read(264)
04-20 01:36:33.590  2334  2334 I ghs_cal : read() returned 264
04-20 01:36:33.590  2334  2334 I ghs_cal : INTEGRITY sent message index 0xfffffffd
04-20 01:36:33.590  2334  2334 I ghs_cal : Got end-of-sync status
04-20 01:36:33.590  2334  2334 I ghs_cal : Sync complete
04-20 01:36:33.593  2036  2311 D AnimEngine: Final File Paths are --- 
04-20 01:36:33.593  2036  2311 D AnimEngine: Welcome anim file path /resource/ro/anim/1/graphics/1/welcomeanim.zip
04-20 01:36:33.593  2036  2311 D AnimEngine: Startup anim file path /resource/ro/anim/1/graphics/1/startupanim.zip
04-20 01:36:33.593  2036  2311 D AnimEngine: Shutdown anim file path /resource/ro/anim/0/graphics/1/shutdownanim.zip
04-20 01:36:33.593  2036  2311 D AnimEngine: Welcome Video anim file path /resource/ro/anim/1/graphics/1/welcomeanim.mp4
04-20 01:36:33.594  2051  2281 W CalSvcd_B:  ListenerManager.cpp(88): listener-id(GHSCalibrationListener)  not exist!
04-20 01:36:33.594  2051  2281 I CalSvcd_B:  ListenerManager.cpp(121): added listener for GHSCalibrationListener
04-20 01:36:33.596  2330  2330 E RemoteDisp_Srvc: CalID: SCREEN_RESOLUTION
04-20 01:36:33.596  2330  2330 E RemoteDisp_Srvc:   size: 1
04-20 01:36:33.596  2330  2330 E RemoteDisp_Srvc:   fver: 6
04-20 01:36:33.596  2330  2330 E RemoteDisp_Srvc:   ver: 4
04-20 01:36:33.596  2330  2330 E RemoteDisp_Srvc: 
04-20 01:36:33.596  2330  2330 E RemoteDisp_Srvc: Calibration Value for SCREEN_RESOLUTION is 2
04-20 01:36:33.596  2330  2330 E RemoteDisp_Srvc: Remote_Display:  m_displayResolution: 2 value_cmd: 2
04-20 01:36:33.598  2271  2271 I _RXE    : IasAvbReceiveEngine::IasMediaTransportAvb::IasAvbProcessingResult IasMediaTransportAvb::IasAvbReceiveEngine::openReceiveSocket()(845): bound socket to if 5 ( eth0 )
04-20 01:36:33.598  2271  2271 I _RXE    : IasAvbReceiveEngine::IasMediaTransportAvb::IasAvbProcessingResult IasMediaTransportAvb::IasAvbReceiveEngine::createReceiveAudioStream(IasAvbSrClass, const UInt16, const UInt32, const IasAvbAudioFormat, const IasMediaTransportAvb::IasAvbStreamId &, const IasAvbMacAddress &, Bool)(346):
04-20 01:36:33.598  2271  2271 I _RXE    : IasAvbReceiveEngine::IasMediaTransportAvb::IasAvbProcessingResult IasMediaTransportAvb::IasAvbReceiveEngine::bindMcastAddr(const IasAvbMacAddress &, Bool)(1830): successfully set multicast address for if 5 ( eth0 ) bind = 1 mac = 91:e0:f0:00:fe:04
04-20 01:36:33.598  2271  2271 I _ASH    : IasAvbStreamHandler::virtual IasAvbResult IasMediaTransportAvb::IasAvbStreamHandler::createReceiveAudioStream(IasAvbSrClass, UInt16, UInt32, AvbStreamId, MacAddress)(792):  AVB receive stream 0x91e0f000fe820001 created
04-20 01:36:33.598  2271  2271 I _RXE    : IasAvbReceiveEngine::IasMediaTransportAvb::IasAvbProcessingResult IasMediaTransportAvb::IasAvbReceiveEngine::createReceiveAudioStream(IasAvbSrClass, const UInt16, const UInt32, const IasAvbAudioFormat, const IasMediaTransportAvb::IasAvbStreamId &, const IasAvbMacAddress &, Bool)(346):
04-20 01:36:33.598  2271  2271 I _RXE    : IasAvbReceiveEngine::IasMediaTransportAvb::IasAvbProcessingResult IasMediaTransportAvb::IasAvbReceiveEngine::bindMcastAddr(const IasAvbMacAddress &, Bool)(1830): successfully set multicast address for if 5 ( eth0 ) bind = 1 mac = 91:e0:f0:00:fe:07
04-20 01:36:33.598  2271  2271 I _ASH    : IasAvbStreamHandler::virtual IasAvbResult IasMediaTransportAvb::IasAvbStreamHandler::createReceiveAudioStream(IasAvbSrClass, UInt16, UInt32, AvbStreamId, MacAddress)(792):  AVB receive stream 0x91e0f000fe850001 created
04-20 01:36:33.598  2271  2271 I _RXE    : IasAvbReceiveEngine::IasMediaTransportAvb::IasAvbProcessingResult IasMediaTransportAvb::IasAvbReceiveEngine::createReceiveAudioStream(IasAvbSrClass, const UInt16, const UInt32, const IasAvbAudioFormat, const IasMediaTransportAvb::IasAvbStreamId &, const IasAvbMacAddress &, Bool)(346):
04-20 01:36:33.598  2271  2271 I _RXE    : IasAvbReceiveEngine::IasMediaTransportAvb::IasAvbProcessingResult IasMediaTransportAvb::IasAvbReceiveEngine::bindMcastAddr(const IasAvbMacAddress &, Bool)(1830): successfully set multicast address for if 5 ( eth0 ) bind = 1 mac = 91:e0:f0:00:fe:05
04-20 01:36:33.598  2271  2271 I _ASH    : IasAvbStreamHandler::virtual IasAvbResult IasMediaTransportAvb::IasAvbStreamHandler::createReceiveAudioStream(IasAvbSrClass, UInt16, UInt32, AvbStreamId, MacAddress)(792):  AVB receive stream 0x91e0f000fe840001 created
04-20 01:36:33.599  2271  2271 I _ASH    : IasAvbStreamHandler::virtual IasAvbResult IasMediaTransportAvb::IasAvbStreamHandler::createTransmitAudioStream(IasAvbSrClass, UInt16, UInt32, IasAvbAudioFormat, UInt32, IasAvbIdAssignMode, AvbStreamId &, MacAddress &, Ias::Bool)(887):  AVB transmit audio stream 0x91e0f000fe810001 created (active)
04-20 01:36:33.599  2271  2271 I _ASH    : IasAvbStreamHandler::virtual IasAvbResult IasMediaTransportAvb::IasAvbStreamHandler::createTransmitAudioStream(IasAvbSrClass, UInt16, UInt32, IasAvbAudioFormat, UInt32, IasAvbIdAssignMode, AvbStreamId &, MacAddress &, Ias::Bool)(887):  AVB transmit audio stream 0x91e0f000fe810002 created (active)
04-20 01:36:33.599  2271  2271 I _ASH    : IasAvbStreamHandler::virtual IasAvbResult IasMediaTransportAvb::IasAvbStreamHandler::createTransmitAudioStream(IasAvbSrClass, UInt16, UInt32, IasAvbAudioFormat, UInt32, IasAvbIdAssignMode, AvbStreamId &, MacAddress &, Ias::Bool)(887):  AVB transmit audio stream 0x91e0f000fe810003 created (active)
04-20 01:36:33.601  2341  2341 I ethctrlmgr: ETHCTRL CLIENT VERSION: 035218A
04-20 01:36:33.601  2341  2341 I ethctrlmgr: ethCtrlInitDiagSrvc():Connection to ethctrl server[/dev/switchsocket] success and clientFd is 4
04-20 01:36:33.601  2321  2321 D ethctrlmgr: clientReqHandler():Server  Get request from client 
04-20 01:36:33.601  2321  2321 I ethctrlmgr: setClientEntry():Server connection establishd for client /dev/diag 
04-20 01:36:33.601  2321  2321 V ethctrlmgr: displayClientFd():Connected Client Info: 
04-20 01:36:33.601  2321  2321 V ethctrlmgr:  Entry   Name     Fd 
04-20 01:36:33.601  2321  2321 V ethctrlmgr: 0: /dev/diag  6 
04-20 01:36:33.601  2341  2341 I ethctrlmgr: ethCtrlInitDiagSrvc():worker thread  for read creation success  and client Fd is 4
04-20 01:36:33.601  2341  2341 I GMEthMgr: HarmanEthCtrl connection to server success
04-20 01:36:33.601  2341  2341 I GMEthMgr: LinkLossMonitor callback assigned
04-20 01:36:33.601  2341  2341 I GMEthMgr: LinkLossMonitor starting
04-20 01:36:33.601  2341  2341 I GMEthMgr: LinkLossMonitor started
04-20 01:36:33.601  2341  2341 I GMEthMgr: Initializing DTC Calibration values for Leo switch Ports
04-20 01:36:33.602  2341  2374 I GMEthMgr: LinkLossMonitor start to run
04-20 01:36:33.602  2341  2341 I GMEthMgr: Value returned by getCalibration on key: _Q_2NEJKGEeOH48DtJo_c7Q is 0, of length 1
04-20 01:36:33.602  2341  2341 I GMEthMgr: DTC Calibration retrieved successfully for DTC _Q_2NEJKGEeOH48DtJo_c7Q
04-20 01:36:33.602  2341  2341 I GMEthMgr: DTC Calibration retrieved for DTC _Q_2NEJKGEeOH48DtJo_c7Q, parsed to : false
04-20 01:36:33.602  2341  2341 I GMEthMgr: DTC Calibration result returned  for DTC _Q_2NEJKGEeOH48DtJo_c7Q, result : 0 
04-20 01:36:33.602  2341  2341 I GMEthMgr: Value returned by getCalibration on key: _-GB3YLbNEeSqYowDGAuOkA is 0, of length 1
04-20 01:36:33.602  2341  2341 I GMEthMgr: DTC Calibration retrieved successfully for DTC _-GB3YLbNEeSqYowDGAuOkA
04-20 01:36:33.602  2341  2341 I GMEthMgr: DTC Calibration retrieved for DTC _-GB3YLbNEeSqYowDGAuOkA, parsed to : false
04-20 01:36:33.602  2341  2341 I GMEthMgr: DTC Calibration result returned  for DTC _-GB3YLbNEeSqYowDGAuOkA, result : 0 
04-20 01:36:33.602  2341  2341 I GMEthMgr: Value returned by getCalibration on key: _S4rm8LbOEeSqYowDGAuOkA is 0, of length 1
04-20 01:36:33.603  2341  2341 I GMEthMgr: DTC Calibration retrieved successfully for DTC _S4rm8LbOEeSqYowDGAuOkA
04-20 01:36:33.603  2341  2341 I GMEthMgr: DTC Calibration retrieved for DTC _S4rm8LbOEeSqYowDGAuOkA, parsed to : false
04-20 01:36:33.603  2341  2341 I GMEthMgr: DTC Calibration result returned  for DTC _S4rm8LbOEeSqYowDGAuOkA, result : 0 
04-20 01:36:33.603  2341  2341 I GMEthMgr: Calibration for DTC of port 0 is disabled
04-20 01:36:33.603  2341  2341 I GMEthMgr: Value returned by getCalibration on key: _P74OoJKGEeOH48DtJo_c7Q is 1, of length 1
04-20 01:36:33.603  2341  2341 I GMEthMgr: DTC Calibration retrieved successfully for DTC _P74OoJKGEeOH48DtJo_c7Q
04-20 01:36:33.603  2341  2341 I GMEthMgr: DTC Calibration retrieved for DTC _P74OoJKGEeOH48DtJo_c7Q, parsed to : true
04-20 01:36:33.603  2341  2341 I GMEthMgr: DTC Calibration result returned  for DTC _P74OoJKGEeOH48DtJo_c7Q, result : 1 
04-20 01:36:33.603  2341  2341 I GMEthMgr: Calibration for DTC of port 1 is enabled
04-20 01:36:33.603  2341  2341 I GMEthMgr: Value returned by getCalibration on key: _PEvLQJKGEeOH48DtJo_c7Q is 1, of length 1
04-20 01:36:33.603  2341  2341 I GMEthMgr: DTC Calibration retrieved successfully for DTC _PEvLQJKGEeOH48DtJo_c7Q
04-20 01:36:33.603  2341  2341 I GMEthMgr: DTC Calibration retrieved for DTC _PEvLQJKGEeOH48DtJo_c7Q, parsed to : true
04-20 01:36:33.603  2341  2341 I GMEthMgr: DTC Calibration result returned  for DTC _PEvLQJKGEeOH48DtJo_c7Q, result : 1 
04-20 01:36:33.603  2341  2341 I GMEthMgr: Calibration for DTC of port 2 is enabled
04-20 01:36:33.603  2341  2341 I GMEthMgr: Value returned by getCalibration on key: _OQTdoJKGEeOH48DtJo_c7Q is 1, of length 1
04-20 01:36:33.603  2341  2341 I GMEthMgr: DTC Calibration retrieved successfully for DTC _OQTdoJKGEeOH48DtJo_c7Q
04-20 01:36:33.603  2341  2341 I GMEthMgr: DTC Calibration retrieved for DTC _OQTdoJKGEeOH48DtJo_c7Q, parsed to : true
04-20 01:36:33.603  2341  2341 I GMEthMgr: DTC Calibration result returned  for DTC _OQTdoJKGEeOH48DtJo_c7Q, result : 1 
04-20 01:36:33.603  2341  2341 I GMEthMgr: Calibration for DTC of port 3 is enabled
04-20 01:36:33.603  2051  2281 W CalSvcd_B:  CalibrationService.cpp(432): getCalibration - CalID: DTC_UNKNOWN, not found! callerPID=2341
04-20 01:36:33.603  2341  2341 I GMEthMgr: Value returned by getCalibration on key: DTC_UNKNOWN is , of length 0
04-20 01:36:33.603  2341  2341 I GMEthMgr: DTC Calibration retrieved failed for DTC DTC_UNKNOWN, GMCalibrationManager->getCalibration returned: -22 
04-20 01:36:33.603  2341  2341 I GMEthMgr: DTC Calibration result returned  for DTC DTC_UNKNOWN, result : 0 
04-20 01:36:33.603  2051  2051 W CalSvcd_B:  CalibrationService.cpp(432): getCalibration - CalID: DTC_UNKNOWN, not found! callerPID=2341
04-20 01:36:33.603  2341  2341 I GMEthMgr: Value returned by getCalibration on key: DTC_UNKNOWN is , of length 0
04-20 01:36:33.603  2341  2341 I GMEthMgr: DTC Calibration retrieved failed for DTC DTC_UNKNOWN, GMCalibrationManager->getCalibration returned: -22 
04-20 01:36:33.603  2341  2341 I GMEthMgr: DTC Calibration result returned  for DTC DTC_UNKNOWN, result : 0 
04-20 01:36:33.604  2051  2282 W CalSvcd_B:  CalibrationService.cpp(432): getCalibration - CalID: DTC_UNKNOWN, not found! callerPID=2341
04-20 01:36:33.604  2341  2341 I GMEthMgr: Value returned by getCalibration on key: DTC_UNKNOWN is , of length 0
04-20 01:36:33.604  2341  2341 I GMEthMgr: DTC Calibration retrieved failed for DTC DTC_UNKNOWN, GMCalibrationManager->getCalibration returned: -22 
04-20 01:36:33.604  2341  2341 I GMEthMgr: DTC Calibration result returned  for DTC DTC_UNKNOWN, result : 0 
04-20 01:36:33.604  2341  2341 I GMEthMgr: Calibration for DTC of port 4 is disabled
04-20 01:36:33.604  2051  2281 W CalSvcd_B:  CalibrationService.cpp(432): getCalibration - CalID: DTC_UNKNOWN, not found! callerPID=2341
04-20 01:36:33.604  2341  2341 I GMEthMgr: Value returned by getCalibration on key: DTC_UNKNOWN is , of length 0
04-20 01:36:33.604  2341  2341 I GMEthMgr: DTC Calibration retrieved failed for DTC DTC_UNKNOWN, GMCalibrationManager->getCalibration returned: -22 
04-20 01:36:33.604  2341  2341 I GMEthMgr: DTC Calibration result returned  for DTC DTC_UNKNOWN, result : 0 
04-20 01:36:33.605  2051  2051 W CalSvcd_B:  CalibrationService.cpp(432): getCalibration - CalID: DTC_UNKNOWN, not found! callerPID=2341
04-20 01:36:33.605  2341  2341 I GMEthMgr: Value returned by getCalibration on key: DTC_UNKNOWN is , of length 0
04-20 01:36:33.605  2341  2341 I GMEthMgr: DTC Calibration retrieved failed for DTC DTC_UNKNOWN, GMCalibrationManager->getCalibration returned: -22 
04-20 01:36:33.605  2341  2341 I GMEthMgr: DTC Calibration result returned  for DTC DTC_UNKNOWN, result : 0 
04-20 01:36:33.605  2051  2282 W CalSvcd_B:  CalibrationService.cpp(432): getCalibration - CalID: DTC_UNKNOWN, not found! callerPID=2341
04-20 01:36:33.605  2341  2341 I GMEthMgr: Value returned by getCalibration on key: DTC_UNKNOWN is , of length 0
04-20 01:36:33.605  2341  2341 I GMEthMgr: DTC Calibration retrieved failed for DTC DTC_UNKNOWN, GMCalibrationManager->getCalibration returned: -22 
04-20 01:36:33.605  2341  2341 I GMEthMgr: DTC Calibration result returned  for DTC DTC_UNKNOWN, result : 0 
04-20 01:36:33.605  2341  2341 I GMEthMgr: Calibration for DTC of port 5 is disabled
04-20 01:36:33.605  2051  2281 W CalSvcd_B:  CalibrationService.cpp(432): getCalibration - CalID: DTC_UNKNOWN, not found! callerPID=2341
04-20 01:36:33.605  2341  2341 I GMEthMgr: Value returned by getCalibration on key: DTC_UNKNOWN is , of length 0
04-20 01:36:33.605  2341  2341 I GMEthMgr: DTC Calibration retrieved failed for DTC DTC_UNKNOWN, GMCalibrationManager->getCalibration returned: -22 
04-20 01:36:33.605  2341  2341 I GMEthMgr: DTC Calibration result returned  for DTC DTC_UNKNOWN, result : 0 
04-20 01:36:33.605  2051  2051 W CalSvcd_B:  CalibrationService.cpp(432): getCalibration - CalID: DTC_UNKNOWN, not found! callerPID=2341
04-20 01:36:33.605  2341  2341 I GMEthMgr: Value returned by getCalibration on key: DTC_UNKNOWN is , of length 0
04-20 01:36:33.605  2341  2341 I GMEthMgr: DTC Calibration retrieved failed for DTC DTC_UNKNOWN, GMCalibrationManager->getCalibration returned: -22 
04-20 01:36:33.605  2341  2341 I GMEthMgr: DTC Calibration result returned  for DTC DTC_UNKNOWN, result : 0 
04-20 01:36:33.606  2051  2282 W CalSvcd_B:  CalibrationService.cpp(432): getCalibration - CalID: DTC_UNKNOWN, not found! callerPID=2341
04-20 01:36:33.606  2341  2341 I GMEthMgr: Value returned by getCalibration on key: DTC_UNKNOWN is , of length 0
04-20 01:36:33.606  2341  2341 I GMEthMgr: DTC Calibration retrieved failed for DTC DTC_UNKNOWN, GMCalibrationManager->getCalibration returned: -22 
04-20 01:36:33.606  2341  2341 I GMEthMgr: DTC Calibration result returned  for DTC DTC_UNKNOWN, result : 0 
04-20 01:36:33.606  2341  2341 I GMEthMgr: Calibration for DTC of port 6 is disabled
04-20 01:36:33.606  2051  2281 W CalSvcd_B:  CalibrationService.cpp(432): getCalibration - CalID: DTC_UNKNOWN, not found! callerPID=2341
04-20 01:36:33.606  2341  2341 I GMEthMgr: Value returned by getCalibration on key: DTC_UNKNOWN is , of length 0
04-20 01:36:33.606  2341  2341 I GMEthMgr: DTC Calibration retrieved failed for DTC DTC_UNKNOWN, GMCalibrationManager->getCalibration returned: -22 
04-20 01:36:33.606  2341  2341 I GMEthMgr: DTC Calibration result returned  for DTC DTC_UNKNOWN, result : 0 
04-20 01:36:33.606  2051  2051 W CalSvcd_B:  CalibrationService.cpp(432): getCalibration - CalID: DTC_UNKNOWN, not found! callerPID=2341
04-20 01:36:33.606  2341  2341 I GMEthMgr: Value returned by getCalibration on key: DTC_UNKNOWN is , of length 0
04-20 01:36:33.606  2341  2341 I GMEthMgr: DTC Calibration retrieved failed for DTC DTC_UNKNOWN, GMCalibrationManager->getCalibration returned: -22 
04-20 01:36:33.606  2341  2341 I GMEthMgr: DTC Calibration result returned  for DTC DTC_UNKNOWN, result : 0 
04-20 01:36:33.606  2051  2282 W CalSvcd_B:  CalibrationService.cpp(432): getCalibration - CalID: DTC_UNKNOWN, not found! callerPID=2341
04-20 01:36:33.606  2341  2341 I GMEthMgr: Value returned by getCalibration on key: DTC_UNKNOWN is , of length 0
04-20 01:36:33.606  2341  2341 I GMEthMgr: DTC Calibration retrieved failed for DTC DTC_UNKNOWN, GMCalibrationManager->getCalibration returned: -22 
04-20 01:36:33.606  2341  2341 I GMEthMgr: DTC Calibration result returned  for DTC DTC_UNKNOWN, result : 0 
04-20 01:36:33.606  2341  2341 I GMEthMgr: Calibration for DTC of port 7 is disabled
04-20 01:36:33.606  2341  2341 I GMEthMgr: InitPortsStatuses
04-20 01:36:33.606  2321  2321 D ethctrlmgr: clientReqHandler read bytes:1040 from diag client
04-20 01:36:33.606  2321  2321 D ethctrlmgr: SPI read cmd in hex:0x
04-20 01:36:33.606  2321  2321 D ethctrlmgr: 07 
04-20 01:36:33.606  2321  2321 D ethctrlmgr: 0b 
04-20 01:36:33.606  2321  2321 D ethctrlmgr: 00 
04-20 01:36:33.606  2321  2321 D ethctrlmgr: 01 
04-20 01:36:33.606  2321  2321 D ethctrlmgr: 00 
04-20 01:36:33.606  2321  2321 D ethctrlmgr: 00 
04-20 01:36:33.606  2321  2321 D ethctrlmgr: 00 
04-20 01:36:33.606  2321  2321 D ethctrlmgr: 00 
04-20 01:36:33.606  2321  2321 D ethctrlmgr: 00 
04-20 01:36:33.606  2321  2321 D ethctrlmgr: 00 
04-20 01:36:33.606  2321  2321 D ethctrlmgr: 00 
04-20 01:36:33.606  2321  2321 D ethctrlmgr: 00 
04-20 01:36:33.606  2321  2321 D ethctrlmgr: 00 
04-20 01:36:33.606  2321  2321 D ethctrlmgr: 00 
04-20 01:36:33.606  2321  2321 D ethctrlmgr: 00 
04-20 01:36:33.606  2321  2321 D ethctrlmgr: data len to send over IPC is:23
04-20 01:36:33.606  2321  2321 D ethctrlmgr: executeSwitchCmd:sent cmd req 23 bytes
04-20 01:36:33.606  2321  2321 D ethctrlmgr: executeSwitchCmd() diag command waiting for response from server 
04-20 01:36:33.608  2321  2355 V ethctrlmgr: readDataFromIocIpc():data avlbl from ioc ipc
04-20 01:36:33.608  2321  2355 D ethctrlmgr: readDataFromIocIpc():read data from IOC IPC
04-20 01:36:33.608  2321  2355 D ethctrlmgr: readDataFromIocIpc spawned. Waiting to read data
04-20 01:36:33.608  2321  2321 D ethctrlmgr:  executeSwitchCmd(): pthread_cond_timedwait Ret Val = 0  
04-20 01:36:33.608  2321  2321 D ethctrlmgr: executeSwitchCmd(): response available for requested command 
04-20 01:36:33.608  2321  2321 V ethctrlmgr: executeSwitchCmd:completion time:1.485429 msec 
04-20 01:36:33.608  2321  2321 D ethctrlmgr: readBcmRaw(): SPI read command execution successful
04-20 01:36:33.608  2321  2321 D ethctrlmgr: SPI Read Bytes:
04-20 01:36:33.608  2321  2321 D ethctrlmgr: ff 
04-20 01:36:33.608  2321  2321 D ethctrlmgr: ff 
04-20 01:36:33.608  2321  2321 D ethctrlmgr: ff 
04-20 01:36:33.608  2321  2321 D ethctrlmgr: ff 
04-20 01:36:33.608  2321  2321 D ethctrlmgr: ff 
04-20 01:36:33.608  2321  2321 D ethctrlmgr: 00 
04-20 01:36:33.608  2321  2321 D ethctrlmgr: 00 
04-20 01:36:33.608  2321  2321 D ethctrlmgr: 00 
04-20 01:36:33.608  2321  2321 D ethctrlmgr: 00 
04-20 01:36:33.608  2321  2321 D ethctrlmgr: 00 
04-20 01:36:33.608  2321  2321 D ethctrlmgr: 00 
04-20 01:36:33.608  2321  2321 D ethctrlmgr: 00 
04-20 01:36:33.608  2321  2321 D ethctrlmgr: 00 
04-20 01:36:33.608  2321  2321 D ethctrlmgr: 00 
04-20 01:36:33.608  2321  2321 D ethctrlmgr: ab
04-20 01:36:33.608  2321  2321 D ethctrlmgr: SPI read cmd in hex:0x
04-20 01:36:33.608  2321  2321 D ethctrlmgr: 07 
04-20 01:36:33.608  2321  2321 D ethctrlmgr: 0b 
04-20 01:36:33.608  2321  2321 D ethctrlmgr: 00 
04-20 01:36:33.608  2321  2321 D ethctrlmgr: 01 
04-20 01:36:33.608  2321  2321 D ethctrlmgr: 04 
04-20 01:36:33.608  2321  2321 D ethctrlmgr: 00 
04-20 01:36:33.608  2321  2321 D ethctrlmgr: 00 
04-20 01:36:33.608  2321  2321 D ethctrlmgr: 00 
04-20 01:36:33.608  2321  2321 D ethctrlmgr: 00 
04-20 01:36:33.608  2321  2321 D ethctrlmgr: 00 
04-20 01:36:33.608  2321  2321 D ethctrlmgr: 00 
04-20 01:36:33.608  2321  2321 D ethctrlmgr: 00 
04-20 01:36:33.608  2321  2321 D ethctrlmgr: 00 
04-20 01:36:33.608  2321  2321 D ethctrlmgr: 00 
04-20 01:36:33.608  2321  2321 D ethctrlmgr: 00 
04-20 01:36:33.608  2321  2321 D ethctrlmgr: data len to send over IPC is:23
04-20 01:36:33.608  2321  2321 D ethctrlmgr: executeSwitchCmd:sent cmd req 23 bytes
04-20 01:36:33.608  2321  2321 D ethctrlmgr: executeSwitchCmd() diag command waiting for response from server 
04-20 01:36:33.610  2321  2355 V ethctrlmgr: readDataFromIocIpc():data avlbl from ioc ipc
04-20 01:36:33.610  2321  2355 D ethctrlmgr: readDataFromIocIpc():read data from IOC IPC
