04-20 01:36:34.475  2543  2543 D libpal_audio: i2c_direct_send value[4]=0x12
04-20 01:36:34.475  2543  2543 D libpal_audio: i2c_direct_send value[5]=0x00
04-20 01:36:34.475  2543  2543 D libpal_audio: i2c_direct_send value[6]=0x00
04-20 01:36:34.475  2543  2543 D libpal_audio: i2c_direct_send value[7]=0x02
04-20 01:36:34.475  2543  2543 D libpal_audio: i2c_direct_send value[8]=0x89
04-20 01:36:34.475  2543  2543 D libpal_audio: i2c_direct_send value[9]=0x0D
04-20 01:36:34.475  2543  2543 D libpal_audio: i2c_direct_send value[10]=0x77
04-20 01:36:34.475  2543  2543 D libpal_audio: i2c_direct_send value[11]=0x00
04-20 01:36:34.475  2543  2543 D libpal_audio: i2c_direct_send value[12]=0x00
04-20 01:36:34.475  2543  2543 D libpal_audio: i2c_direct_send value[13]=0x00
04-20 01:36:34.475  2543  2543 D libpal_audio: i2c_direct_send value[14]=0x00
04-20 01:36:34.475  2543  2543 D libpal_audio: i2c_direct_send file=9, chipAdrress=28, size=6
04-20 01:36:34.475  2543  2543 D libpal_audio: i2c_direct_send value[0]=0xF4
04-20 01:36:34.475  2543  2543 D libpal_audio: i2c_direct_send value[1]=0x00
04-20 01:36:34.475  2543  2543 D libpal_audio: i2c_direct_send value[2]=0x92
04-20 01:36:34.475  2543  2543 D libpal_audio: i2c_direct_send value[3]=0x00
04-20 01:36:34.475  2543  2543 D libpal_audio: i2c_direct_send value[4]=0x06
04-20 01:36:34.475  2543  2543 D libpal_audio: i2c_direct_send value[5]=0x2F
04-20 01:36:34.476  2543  2543 D libpal_audio: sucess: Updating X-Memory or relative address 
04-20 01:36:34.476  2543  2543 D libpal_audio: i2c_direct_send file=9, chipAdrress=28, size=6
04-20 01:36:34.476  2543  2543 D libpal_audio: i2c_direct_send value[0]=0xF4
04-20 01:36:34.476  2543  2543 D libpal_audio: i2c_direct_send value[1]=0x00
04-20 01:36:34.476  2543  2543 D libpal_audio: i2c_direct_send value[2]=0x93
04-20 01:36:34.476  2543  2543 D libpal_audio: i2c_direct_send value[3]=0x00
04-20 01:36:34.476  2543  2543 D libpal_audio: i2c_direct_send value[4]=0x00
04-20 01:36:34.476  2543  2543 D libpal_audio: i2c_direct_send value[5]=0x06
04-20 01:36:34.476  2543  2543 D libpal_audio: sucess: Updating X-Memory or relative address 
04-20 01:36:34.476  2543  2543 I libpal_audio: audio_set_bass_treble_control ctrlMode = 0
04-20 01:36:34.476  2543  2543 D libpal_audio: i2c_direct_send file=9, chipAdrress=28, size=6
04-20 01:36:34.476  2543  2543 D libpal_audio: i2c_direct_send value[0]=0xF4
04-20 01:36:34.476  2543  2543 D libpal_audio: i2c_direct_send value[1]=0x00
04-20 01:36:34.476  2543  2543 D libpal_audio: i2c_direct_send value[2]=0x93
04-20 01:36:34.476  2543  2543 D libpal_audio: i2c_direct_send value[3]=0x00
04-20 01:36:34.476  2543  2543 D libpal_audio: i2c_direct_send value[4]=0x00
04-20 01:36:34.476  2543  2543 D libpal_audio: i2c_direct_send value[5]=0xBA
04-20 01:36:34.477  2543  2543 D libpal_audio: sucess: Updating X-Memory or relative address 
04-20 01:36:34.477  2543  2543 I libpal_audio: Set bass treble control mode to Independent successfully
04-20 01:36:34.477  2543  2543 I VAS/AudioDriverInterface: initAudio() Enabling AUD_FEEDBACK_SINK
04-20 01:36:34.478  2543  2543 I VAS/AudioDriverInterface: setSrc() sinkType 16, streamType 1, activationStatus 1, extraInfo 0
04-20 01:36:34.478  2543  2543 I libpal_audio: audio_switch_source sink=16, stream=1, onOff=1, extra=0
04-20 01:36:34.478  2543  2543 I libpal_audio: start handfree BT stream : 1, extra : 0!
04-20 01:36:34.478  2543  2543 D libpal_audio: audio_sourceId_map stream=1, extra=0
04-20 01:36:34.478  2543  2543 I libpal_audio: audio_load_pa_module_dynamically stream = 1, extra = 0, OnOff = 1
04-20 01:36:34.478  2543  2543 I libpal_audio: doesn't support loading this module dynamically!
04-20 01:36:34.478  2543  2543 D libpal_audio: audio_sourceId_map stream=1, extra=0
04-20 01:36:34.478  2543  2543 I libpal_audio: audio_crossbar_connect sink 1, stream 1, extra 0!
04-20 01:36:34.478  2543  2543 D libpal_audio: Audio PAL SendCommand() e_AC_Destination = 0x0
04-20 01:36:34.478  2543  2543 D libpal_audio: Audio PAL SendCommand() e_Msg_Destination = 0x5
04-20 01:36:34.478  2543  2543 D libpal_audio: Audio PAL SendCommand() e_Asp_Module = 0x0
04-20 01:36:34.478  2543  2543 D libpal_audio: Audio PAL SendCommand() x_AM_Params.Session_ID = 0x1
04-20 01:36:34.478  2543  2543 D libpal_audio: Audio PAL SendCommand() x_AM_Params.Cmd_ID = 0x201
04-20 01:36:34.478  2543  2543 D libpal_audio: Audio PAL SendCommand() x_AM_Params.Cmd_Type = 0x2
04-20 01:36:34.478  2543  2543 D libpal_audio: Audio PAL SendCommand() x_AM_Params.InstID = 0x0
04-20 01:36:34.478  2543  2543 D libpal_audio: Audio PAL SendCommand() x_AM_Params.Length = 0x3
04-20 01:36:34.478  2543  2543 D libpal_audio: Audio PAL SendCommand() x_AM_Params.Data[0] = 0x2
04-20 01:36:34.478  2543  2543 D libpal_audio: Audio PAL SendCommand() x_AM_Params.Data[1] = 0x0
04-20 01:36:34.478  2543  2543 D libpal_audio: Audio PAL SendCommand() x_AM_Params.Data[2] = 0x1
04-20 01:36:34.478  2543  2543 I libpal_audio: audio_set_dirana_source sink = 1, source = 9
04-20 01:36:34.478  2543  2543 D libpal_audio: i2c_direct_send file=9, chipAdrress=28, size=6
04-20 01:36:34.478  2411  2411 D pulseaudio: [pulseaudio] module-combine-sink.c: extension_cb()
04-20 01:36:34.478  2411  2411 D pulseaudio: [pulseaudio] module-combine-sink.c: e_AC_Destination    : 0x0
04-20 01:36:34.478  2411  2411 D pulseaudio: [pulseaudio] module-combine-sink.c: e_Msg_Destination   : 0x5
04-20 01:36:34.478  2411  2411 D pulseaudio: [pulseaudio] module-combine-sink.c: e_Asp_Module        : 0x0
04-20 01:36:34.478  2411  2411 D pulseaudio: [pulseaudio] module-combine-sink.c: SessionID : 0x1
04-20 01:36:34.478  2411  2411 D pulseaudio: [pulseaudio] module-combine-sink.c: CmdID     : 0x201
04-20 01:36:34.478  2411  2411 D pulseaudio: [pulseaudio] module-combine-sink.c: CmdType   : 0x2
04-20 01:36:34.478  2411  2411 D pulseaudio: [pulseaudio] module-combine-sink.c: InstID    : 0x0
04-20 01:36:34.478  2411  2411 D pulseaudio: [pulseaudio] module-combine-sink.c: Length    : 0x3
04-20 01:36:34.478  2411  2411 D pulseaudio: [pulseaudio] module-combine-sink.c: msg.x_AM_Params.Data[0]    : 0x2
04-20 01:36:34.478  2411  2411 D pulseaudio: [pulseaudio] module-combine-sink.c: msg.x_AM_Params.Data[1]    : 0x0
04-20 01:36:34.478  2411  2411 D pulseaudio: [pulseaudio] module-combine-sink.c: msg.x_AM_Params.Data[2]    : 0x1
04-20 01:36:34.478  2411  2411 I AudioProcessing: write Msg to Queue done!
04-20 01:36:34.478  2411  2411 D pulseaudio: [pulseaudio] module-combine-sink.c: send command status 0 back
04-20 01:36:34.478  2543  2543 D libpal_audio: i2c_direct_send value[0]=0xF4
04-20 01:36:34.478  2543  2608 I libpal_audio: OnCommandStatus() command sent OK!
04-20 01:36:34.478  2543  2543 D libpal_audio: i2c_direct_send value[1]=0x05
04-20 01:36:34.478  2543  2543 D libpal_audio: i2c_direct_send value[2]=0x6B
04-20 01:36:34.478  2543  2543 D libpal_audio: i2c_direct_send value[3]=0x00
04-20 01:36:34.479  2543  2543 D libpal_audio: i2c_direct_send value[4]=0x00
04-20 01:36:34.479  2543  2543 D libpal_audio: i2c_direct_send value[5]=0xC0
04-20 01:36:34.479  2543  2543 D libpal_audio: sucess: Updating X-Memory or relative address 
04-20 01:36:34.479  2543  2543 I libpal_audio: audio_super_impose_stream sink = 16, addToChan = 1, attenuation = 0.000000, supPosFlag = 1
04-20 01:36:34.479  2543  2543 I libpal_audio: Telephone on Front left, attenuation 0.000000dB, Super impose : on
04-20 01:36:34.480  2543  2543 D libpal_audio: i2c_direct_send file=9, chipAdrress=28, size=5
04-20 01:36:34.480  2543  2543 D libpal_audio: i2c_direct_send value[0]=0xF4
04-20 01:36:34.480  2543  2543 D libpal_audio: i2c_direct_send value[1]=0x41
04-20 01:36:34.480  2543  2543 D libpal_audio: i2c_direct_send value[2]=0x11
04-20 01:36:34.480  2543  2543 D libpal_audio: i2c_direct_send value[3]=0x08
04-20 01:36:34.480  2543  2543 D libpal_audio: i2c_direct_send value[4]=0x00
04-20 01:36:34.480  2544  2544 D HarmanHal: getSampleRate: rate = 48000
04-20 01:36:34.480  2544  2544 D HarmanHal: getChannels: channel mask = 3
04-20 01:36:34.480  2544  2544 D HarmanHal: getFormat: format = 1
04-20 01:36:34.480  2544  2544 D HarmanHal: getFormat: format = 1
04-20 01:36:34.480  2544  2544 I AudioFlinger: HAL output buffer size 384 frames, normal sink buffer size 768 frames
04-20 01:36:34.481  2543  2543 I libpal_audio: audio_super_impose_stream sink = 16, addToChan = 2, attenuation = 0.000000, supPosFlag = 1
04-20 01:36:34.481  2411  2479 I AudioProcessing: AC: connect, source 2, zone 0, sink 1, cmd 201
04-20 01:36:34.481  2543  2543 I libpal_audio: Telephone on Front right, attenuation 0.000000dB, Super impose : on
04-20 01:36:34.481  2543  2543 D libpal_audio: i2c_direct_send file=9, chipAdrress=28, size=5
04-20 01:36:34.481  2543  2543 D libpal_audio: i2c_direct_send value[0]=0xF4
04-20 01:36:34.481  2543  2543 D libpal_audio: i2c_direct_send value[1]=0x41
04-20 01:36:34.481  2543  2543 D libpal_audio: i2c_direct_send value[2]=0x12
04-20 01:36:34.481  2543  2543 D libpal_audio: i2c_direct_send value[3]=0x08
04-20 01:36:34.481  2543  2543 D libpal_audio: i2c_direct_send value[4]=0x00
04-20 01:36:34.482  2543  2543 D libpal_audio: audio_sourceId_map stream=1, extra=0
04-20 01:36:34.482  2543  2543 I libpal_audio: audio_crossbar_connect sink 7, stream 1, extra 0!
04-20 01:36:34.482  2543  2543 D libpal_audio: Audio PAL SendCommand() e_AC_Destination = 0x0
04-20 01:36:34.482  2543  2543 D libpal_audio: Audio PAL SendCommand() e_Msg_Destination = 0x5
04-20 01:36:34.482  2543  2543 D libpal_audio: Audio PAL SendCommand() e_Asp_Module = 0x0
04-20 01:36:34.482  2543  2543 D libpal_audio: Audio PAL SendCommand() x_AM_Params.Session_ID = 0x2
04-20 01:36:34.482  2543  2543 D libpal_audio: Audio PAL SendCommand() x_AM_Params.Cmd_ID = 0x201
04-20 01:36:34.482  2543  2543 D libpal_audio: Audio PAL SendCommand() x_AM_Params.Cmd_Type = 0x2
04-20 01:36:34.482  2543  2543 D libpal_audio: Audio PAL SendCommand() x_AM_Params.InstID = 0x0
04-20 01:36:34.482  2543  2543 D libpal_audio: Audio PAL SendCommand() x_AM_Params.Length = 0x3
04-20 01:36:34.482  2543  2543 D libpal_audio: Audio PAL SendCommand() x_AM_Params.Data[0] = 0x2
04-20 01:36:34.482  2543  2543 D libpal_audio: Audio PAL SendCommand() x_AM_Params.Data[1] = 0x0
04-20 01:36:34.482  2543  2543 D libpal_audio: Audio PAL SendCommand() x_AM_Params.Data[2] = 0x7
04-20 01:36:34.482  2543  2543 I VAS/AudioDriverInterface: setStreamMute() sink 16, muteStatus 0
04-20 01:36:34.482  2543  2543 I libpal_audio: audio_set_stream_mute sink = 16, mute = 0
04-20 01:36:34.482  2543  2543 I libpal_audio: audio_set_mute_ramp sink = 16, muteFlag = 0, time = 0.100000
04-20 01:36:34.482  2543  2543 D libpal_audio: i2c_direct_send file=9, chipAdrress=28, size=6
04-20 01:36:34.482  2543  2543 D libpal_audio: i2c_direct_send value[0]=0xF4
04-20 01:36:34.482  2543  2543 D libpal_audio: i2c_direct_send value[1]=0x00
04-20 01:36:34.482  2543  2543 D libpal_audio: i2c_direct_send value[2]=0x71
04-20 01:36:34.482  2543  2543 D libpal_audio: i2c_direct_send value[3]=0x00
04-20 01:36:34.482  2543  2543 D libpal_audio: i2c_direct_send value[4]=0x0A
04-20 01:36:34.482  2543  2543 D libpal_audio: i2c_direct_send value[5]=0xEC
04-20 01:36:34.482  2411  2411 D pulseaudio: [pulseaudio] module-combine-sink.c: extension_cb()
04-20 01:36:34.482  2411  2411 D pulseaudio: [pulseaudio] module-combine-sink.c: e_AC_Destination    : 0x0
04-20 01:36:34.482  2411  2411 D pulseaudio: [pulseaudio] module-combine-sink.c: e_Msg_Destination   : 0x5
04-20 01:36:34.482  2411  2411 D pulseaudio: [pulseaudio] module-combine-sink.c: e_Asp_Module        : 0x0
04-20 01:36:34.482  2411  2411 D pulseaudio: [pulseaudio] module-combine-sink.c: SessionID : 0x2
04-20 01:36:34.482  2411  2411 D pulseaudio: [pulseaudio] module-combine-sink.c: CmdID     : 0x201
04-20 01:36:34.482  2411  2411 D pulseaudio: [pulseaudio] module-combine-sink.c: CmdType   : 0x2
04-20 01:36:34.482  2411  2411 D pulseaudio: [pulseaudio] module-combine-sink.c: InstID    : 0x0
04-20 01:36:34.482  2411  2411 D pulseaudio: [pulseaudio] module-combine-sink.c: Length    : 0x3
04-20 01:36:34.482  2411  2411 D pulseaudio: [pulseaudio] module-combine-sink.c: msg.x_AM_Params.Data[0]    : 0x2
04-20 01:36:34.482  2411  2411 D pulseaudio: [pulseaudio] module-combine-sink.c: msg.x_AM_Params.Data[1]    : 0x0
04-20 01:36:34.482  2411  2411 D pulseaudio: [pulseaudio] module-combine-sink.c: msg.x_AM_Params.Data[2]    : 0x7
04-20 01:36:34.482  2411  2411 I AudioProcessing: write Msg to Queue done!
04-20 01:36:34.482  2411  2411 D pulseaudio: [pulseaudio] module-combine-sink.c: send command status 0 back
04-20 01:36:34.483  2543  2608 I libpal_audio: OnCommandStatus() command sent OK!
04-20 01:36:34.483  2543  2543 D libpal_audio: sucess: Updating X-Memory or relative address 
04-20 01:36:34.483  2543  2543 D libpal_audio: i2c_direct_send file=9, chipAdrress=28, size=5
04-20 01:36:34.483  2543  2543 D libpal_audio: i2c_direct_send value[0]=0xF4
04-20 01:36:34.483  2543  2543 D libpal_audio: i2c_direct_send value[1]=0x40
04-20 01:36:34.483  2543  2543 D libpal_audio: i2c_direct_send value[2]=0xC6
04-20 01:36:34.483  2543  2543 D libpal_audio: i2c_direct_send value[3]=0x07
04-20 01:36:34.483  2543  2543 D libpal_audio: i2c_direct_send value[4]=0xFF
04-20 01:36:34.483  2543  2543 I libpal_audio: Sink 16 UnMuted with release time 0.100000s
04-20 01:36:34.485  2411  2479 I AudioProcessing: AC: connect, source 2, zone 0, sink 7, cmd 201
04-20 01:36:34.493  2539  2539 I GMCRASHLOG: Logs root property set: [persist.crashlogd.root]: [/data/data/gmlogger/gmcrashlogs]
04-20 01:36:34.493  2543  2543 I VAS/AudioDriverInterface: setVerbose() newDebugLevel 4
04-20 01:36:34.493  2543  2543 I libpal_audio: audio_set_verbose debugLevel = 4
04-20 01:36:34.493  2543  2543 I libpal_audio: Setting debug level as: 4
04-20 01:36:34.493  2543  2543 I VAS/AudioDriverInterface: setBassTrebleControl() cBTCtrl 0
04-20 01:36:34.494  2543  2543 I VAS/AudioDriverInterface: setToneCtrlFreq() not implemented
04-20 01:36:34.494  2539  2539 I GMCRASHLOG: umask: 0002 -> 0002
04-20 01:36:34.494  2539  2539 I GMCRASHLOG: no specific config: /system/etc/gmcrashlog.conf
04-20 01:36:34.494  2539  2539 I GMCRASHLOG: get_build_board_versions: /system/build.prop: buildversion=284, boardversion=gminfo36
04-20 01:36:34.494  2539  2539 D GMCRASHLOG: sdcard_allowed : Current crashlog mode is NOMINAL MODE - SDCard storage disabled.
04-20 01:36:34.494  2539  2539 I GMCRASHLOG: get_crash_env: ro.boot.mode=, ro.crypto.state=encrypted, vold.encrypt_progress=, vold.decrypt=, crashlogd.token=
04-20 01:36:34.494  2539  2539 E GMCRASHLOG: get_device_id: Could not read /proc/emmc0_id_entry (No such file or directory)
04-20 01:36:34.494  2539  2539 I GMCRASHLOG: read /sys/block/mmcblk0/device/cid: , ret=-2
04-20 01:36:34.494  2539  2539 E GMCRASHLOG: get_device_id: Could not get mmc id: -2 (No such file or directory)
04-20 01:36:34.494  2539  2539 I GMCRASHLOG: save UUID R1J56L39eda8d6 to /data/data/gmlogger/gmcrashlogs/uuid.txt
04-20 01:36:34.494  2042  2249 E vehicle_abstraction: CODIDynamicDataGroup::processRxGroupSignal ODI data (dataID = 43) not mapped (fucID = 7) 
04-20 01:36:34.496  2354  2354 I pal/stdout: ..loading channel library "libmonitorservice.so" for "MonitorService" ...ok
04-20 01:36:34.499  2543  2543 I VAS/AudioDriverInterface: initialize_Limiter() entry
04-20 01:36:34.501  2543  2543 I VAS/AudioDriverInterface: disableLimiter() limiterType 0
04-20 01:36:34.502  2543  2543 I VAS/AudioDriverInterface: disableLimiter() limiterType 3
04-20 01:36:34.502  2543  2543 I VAS/AudioDriverInterface: setLimiterConfig() configType 1
04-20 01:36:34.507  2543  2543 I VAS/AudioCtrlSvcImpl: setDSPMode() FL_D 0.00, FR_D 0.00, RL_D 0.00, RR_D 0.00
04-20 01:36:34.507  2543  2543 I VAS/AudioDriverInterface: setAllDelayLines() FL 0.00, FR 0.00, RL 0.00, RR 0.00
04-20 01:36:34.507  2543  2543 I VAS/AudioDriverInterface: setStreamMute() sink 1, muteStatus 0
04-20 01:36:34.512  2543  2543 I VAS/AudioCtrlSvcImpl: setDSPMode() FL_A 0.00, FR_A 0.00, RL_A 0.00, RR_A 0.00
04-20 01:36:34.512  2543  2543 I VAS/AudioCtrlSvcImpl: setDSPMode() VseLvlAdjRF 0.00, VseLvlAdjRF 0.00, VseLvlAdjLR 0.00, VseLvlAdjRR 0.00
04-20 01:36:34.512  2543  2543 I VAS/AudioCtrlSvcImpl: setDSPMode() EqFrontHR 12.00, EqRearHR 12.00
04-20 01:36:34.512  2543  2543 I VAS/AudioDriverInterface: setChannelGain() sinkType 1, Channel 1, Gain 12.00
04-20 01:36:34.512  2543  2543 E libpal_audio: Given value 12.000000 dB is out range for MUTEX_SINK
04-20 01:36:34.512  2543  2543 E VAS/AudioDriverInterface: setChannelGain() audio_set_channel_gain() failed, ERROR 143
04-20 01:36:34.512  2543  2543 I VAS/AudioDriverInterface: setChannelGain() sinkType 1, Channel 2, Gain 12.00
04-20 01:36:34.512  2543  2543 E libpal_audio: Given value 12.000000 dB is out range for MUTEX_SINK
04-20 01:36:34.512  2543  2543 E VAS/AudioDriverInterface: setChannelGain() audio_set_channel_gain() failed, ERROR 143
04-20 01:36:34.512  2543  2543 I VAS/AudioDriverInterface: setChannelGain() sinkType 1, Channel 3, Gain 12.00
04-20 01:36:34.512  2543  2543 E libpal_audio: Given value 12.000000 dB is out range for MUTEX_SINK
04-20 01:36:34.512  2543  2543 E VAS/AudioDriverInterface: setChannelGain() audio_set_channel_gain() failed, ERROR 143
04-20 01:36:34.512  2543  2543 I VAS/AudioDriverInterface: setChannelGain() sinkType 1, Channel 4, Gain 12.00
04-20 01:36:34.512  2543  2543 E libpal_audio: Given value 12.000000 dB is out range for MUTEX_SINK
04-20 01:36:34.512  2543  2543 E VAS/AudioDriverInterface: setChannelGain() audio_set_channel_gain() failed, ERROR 143
04-20 01:36:34.512  2543  2543 I VAS/ExternalAmpIface: update() attrName DSPMd, rawValue 3.00
04-20 01:36:34.512  2543  2543 E pal_vehicle: [VDATA:VEHICLE_CLIENT] setVehicleServiceData:[pal_vehicle_client.cpp:613] Error, Binder Service is not connected
04-20 01:36:34.512  2543  2543 E pal_vehicle: [VDATA:VEHICLE_COMMON] pal_vdata_set_signal_value:[pal_vehicle_data.cpp:310] Error, Set data sig=4072 AMPLIFIER_SETTINGS_TONE_CONTROL
04-20 01:36:34.512  2543  2543 E pal_vehicle: [VDATA:VEHICLE_COMMON] convert_result:[pal_vehicle_data.cpp:113] API: set_amplifier_settings_tone_control FAILED pal_vdata_convert_result() is 6
04-20 01:36:34.514  2042  2249 E vehicle_abstraction: CODIDynamicDataGroup::processRxGroupSignal ODI data (dataID = 44) not mapped (fucID = 7) 
04-20 01:36:34.518  2539  2539 I GMCRASHLOG: Current crashlogd mode is NOMINAL MODE
04-20 01:36:34.519  2354  2354 I pal/stdout: ..loading channel library "libfileservice.so" for "FileService" ...ok
04-20 01:36:34.530  2354  2354 I pal/stdout: ..loading channel library "libsasservice.so" for "SASService" ...ok
04-20 01:36:34.534  2042  2249 E vehicle_abstraction: CODIDynamicDataGroup::processRxGroupSignal ODI data (dataID = 45) not mapped (fucID = 7) 
04-20 01:36:34.555  2042  2249 E vehicle_abstraction: CODIDynamicDataGroup::processRxGroupSignal ODI data (dataID = 46) not mapped (fucID = 7) 
04-20 01:36:34.555  2539  2539 E GMCRASHLOG: phone enter state: unknown.
04-20 01:36:34.555  2539  2539 I GMCRASHLOG: early_check: read_startupreason: POWER-ON
04-20 01:36:34.578  2331  2331 I ServiceManager: Waiting for service android.hardware.intel.coreu...
04-20 01:36:34.592  2539  2539 W GMCRASHLOG: notify_crashreport: Crashreport notification (CRASH_NOTIFY) skipped!
04-20 01:36:34.592  2539  2539 E GMCRASHLOG: REBOOT  db489e4339017dd7daad  2019-04-20/01:36:34  POWER-ON
04-20 01:36:34.592  2539  2539 D GMCRASHLOG: sdcard_allowed : Current crashlog mode is NOMINAL MODE - SDCard storage disabled.
04-20 01:36:34.592  2042  2249 E vehicle_abstraction: CODIDynamicDataGroup::processRxGroupSignal ODI data (dataID = 47) not mapped (fucID = 7) 
04-20 01:36:34.594  2544  2544 I BufferProvider: found effect "Multichannel Downmix To Stereo" from The Android Open Source Project
04-20 01:36:34.594  2544  2544 D HarmanHal: getFormat: format = 1
04-20 01:36:34.594  2544  2544 D HarmanHal: getSampleRate: rate = 48000
04-20 01:36:34.594  2544  2544 D HarmanHal: getChannels: channel mask = 3
04-20 01:36:34.595  2544  2544 E MonoPipe: Failed to fetch local time frequency when constructing a MonoPipe (res = -32).  getNextWriteTimestamp calls will be non-functional
04-20 01:36:34.595  2544  2544 I AudioFlinger: Using module 1 has the primary audio interface
04-20 01:36:34.595  2544  2544 D HarmanHal: setMode: mMode = 0
04-20 01:36:34.597  2544  2621 I AudioFlinger: AudioFlinger's thread 0xe8e00000 ready to run
04-20 01:36:34.597  2544  2621 D HarmanHal: createAudioPatch: sourcesCount=1, source type =2
04-20 01:36:34.597  2544  2621 D HarmanHal: createAudioPatch: sinksCount=1, sink type =1
04-20 01:36:34.597  2544  2621 W HarmanHal: standby: -->setStandby(true)
04-20 01:36:34.597  2544  2621 D HarmanHal: StreamOut::setStandby() isSet = 1, isActive = 1, dev = 1
04-20 01:36:34.597  2544  2621 D HarmanHal: PcmWrapper::close: device = 1
04-20 01:36:34.597  2544  2621 E ALSALIB : snd_pcm_drain() entry... draining pcm pcmMutex_p
04-20 01:36:34.599  2411  2479 D pulseaudio: [combine] sink-input.c: Requesting rewind due to corking
04-20 01:36:34.599  2411  2411 D pulseaudio: [pulseaudio] module-suspend-on-idle.c: Sink combined becomes idle, timeout in 10 seconds.
04-20 01:36:34.600  2544  2621 E ALSALIB : snd_pcm_drain(): pcm pcmMutex_p drain done, ret=0
04-20 01:36:34.600  2544  2621 E ALSALIB : snd_pcm_close() entry... closing pcmMutex_p
04-20 01:36:34.600  2544  2621 E ALSALIB : snd_pcm_drop() entry... dropping pcm pcmMutex_p
04-20 01:36:34.601  2411  2540 D pulseaudio: [alsa-sink-csm_rsi] sink.c: Found underrun 1536 bytes ago (3072 bytes ahead in playback buffer)
04-20 01:36:34.601  2411  2538 D pulseaudio: [alsa-sink-csm_amp] sink.c: Found underrun 2304 bytes ago (4608 bytes ahead in playback buffer)
04-20 01:36:34.601  2411  2472 D pulseaudio: [alsa-sink-Dirana Pb (*)] sink.c: Found underrun 3072 bytes ago (6144 bytes ahead in playback buffer)
04-20 01:36:34.603  2544  2621 E ALSALIB : snd_pcm_drop(): pcm pcmMutex_p drop done, ret=0
04-20 01:36:34.603  2544  2621 E ALSALIB : snd_pcm_close() pcmMutex_p closed, ret=0
04-20 01:36:34.603  2411  2479 D pulseaudio: [combine] module-combine-sink.c: Sink update requested latency 12.00
04-20 01:36:34.603  2411  2540 D pulseaudio: [alsa-sink-csm_rsi] sink.c: Found underrun 1536 bytes ago (3072 bytes ahead in playback buffer)
04-20 01:36:34.603  2411  2411 D pulseaudio: [pulseaudio] module-suspend-on-idle.c: Sink combined becomes idle, timeout in 10 seconds.
04-20 01:36:34.603  2411  2540 D pulseaudio: [alsa-sink-csm_rsi] sink.c: Found underrun 1536 bytes ago (3072 bytes ahead in playback buffer)
04-20 01:36:34.603  2411  2411 I pulseaudio: [pulseaudio] sink-input.c: Freeing input 3 "ALSA Playback:pcmMutex_p"
04-20 01:36:34.603  2411  2538 D pulseaudio: [alsa-sink-csm_amp] sink.c: Found underrun 2304 bytes ago (4608 bytes ahead in playback buffer)
04-20 01:36:34.603  2411  2472 D pulseaudio: [alsa-sink-Dirana Pb (*)] sink.c: Found underrun 3072 bytes ago (6144 bytes ahead in playback buffer)
04-20 01:36:34.603  2411  2538 D pulseaudio: [alsa-sink-csm_amp] sink.c: Found underrun 2304 bytes ago (4608 bytes ahead in playback buffer)
04-20 01:36:34.603  2411  2411 I pulseaudio: [pulseaudio] client.c: Freed 1 "ALSA plug-in [mediaserver]"
04-20 01:36:34.603  2411  2472 D pulseaudio: [alsa-sink-Dirana Pb (*)] sink.c: Found underrun 4096 bytes ago (5120 bytes ahead in playback buffer)
04-20 01:36:34.603  2411  2411 I pulseaudio: [pulseaudio] protocol-native.c: Connection terminated.
04-20 01:36:34.605  2411  2540 D pulseaudio: [alsa-sink-csm_rsi] sink.c: Found underrun 3072 bytes ago (1536 bytes ahead in playback buffer)
04-20 01:36:34.605  2411  2538 D pulseaudio: [alsa-sink-csm_amp] sink.c: Found underrun 4608 bytes ago (2304 bytes ahead in playback buffer)
04-20 01:36:34.605  2544  2544 I AudioFlinger: openOutput(), module 1 Device 2000000, SamplingRate 48000, Format 0x000001, Channels 3, flags 2
04-20 01:36:34.605  2544  2544 D HarmanHal: openOutputStream: handle=4, flags=2, devices: 0x2000000
04-20 01:36:34.605  2544  2544 E HarmanHal: openOutputStream: flags = 0x2
04-20 01:36:34.605  2544  2544 D HarmanHal: openPcmOut: new PcmWrapper, dev = 128
04-20 01:36:34.605  2544  2544 E HarmanHal: open: flag = 2, device = 128
04-20 01:36:34.605  2544  2544 E ALSALIB : snd_pcm_open(): opening PCM name: pcmMixPrompt_p
04-20 01:36:34.606  2411  2411 I pulseaudio: [pulseaudio] client.c: Created 2 "Native client (UNIX socket client)"
04-20 01:36:34.607  2411  2411 D pulseaudio: [pulseaudio] protocol-native.c: Protocol version: remote 30, local 30
04-20 01:36:34.607  2411  2411 I pulseaudio: [pulseaudio] protocol-native.c: Got credentials: uid=1013 gid=1005 success=1
04-20 01:36:34.607  2411  2411 D pulseaudio: [pulseaudio] protocol-native.c: SHM possible: no
04-20 01:36:34.607  2411  2411 D pulseaudio: [pulseaudio] protocol-native.c: Negotiated SHM: no
04-20 01:36:34.607  2411  2411 D pulseaudio: [pulseaudio] protocol-native.c: Disabling srbchannel, reason: Must be enabled by module parameter
04-20 01:36:34.608  2544  2544 E ALSALIB : snd_pcm_open() open pcmMixPrompt_p done, ret=0
04-20 01:36:34.608  2544  2544 D HarmanHal: PcmWrapper::openPort: port = pcmMixPrompt_p, pcmHandle = 0x0xeeeabe00
04-20 01:36:34.608  2411  2411 D pulseaudio: [pulseaudio] sink-input.c: Negotiated format: pcm, format.sample_format = "\"s16le\""  format.rate = "48000"  format.channels = "2"  format.channel_map = "\"aux0,aux1\""
04-20 01:36:34.608  2411  2411 I pulseaudio: [pulseaudio] sink-input.c: Trying to change sample rate
04-20 01:36:34.608  2411  2411 I pulseaudio: [pulseaudio] sink-input.c: Rate changed to 48000 Hz
04-20 01:36:34.608  2411  2411 D pulseaudio: [pulseaudio] module-suspend-on-idle.c: Sink combined becomes busy, resuming.
04-20 01:36:34.608  2411  2411 D pulseaudio: [pulseaudio] module-suspend-on-idle.c: Sink combined becomes idle, timeout in 10 seconds.
04-20 01:36:34.608  2411  2411 I pulseaudio: [pulseaudio] resampler.c: Forcing resampler 'copy', because of fixed, identical sample rates.
04-20 01:36:34.608  2411  2411 D pulseaudio: [pulseaudio] resampler.c: Resampler:
04-20 01:36:34.608  2411  2411 D pulseaudio: [pulseaudio] resampler.c:   rate 48000 -> 48000 (method copy)
04-20 01:36:34.608  2411  2411 D pulseaudio: [pulseaudio] resampler.c:   format s16le -> s16le (intermediate s16le)
04-20 01:36:34.608  2411  2411 D pulseaudio: [pulseaudio] resampler.c:   channels 2 -> 8 (resampling 2)
04-20 01:36:34.609  2411  2411 D pulseaudio: [pulseaudio] resampler.c: Channel matrix:
04-20 01:36:34.609  2411  2411 D pulseaudio: [pulseaudio] resampler.c:        I00   I01 
04-20 01:36:34.609  2411  2411 D pulseaudio: [pulseaudio] resampler.c:     +------------
04-20 01:36:34.609  2411  2411 D pulseaudio: [pulseaudio] resampler.c: O00 | 1.000 0.000
04-20 01:36:34.609  2411  2411 D pulseaudio: [pulseaudio] resampler.c: O01 | 0.000 1.000
04-20 01:36:34.609  2411  2411 D pulseaudio: [pulseaudio] resampler.c: O02 | 0.000 0.000
04-20 01:36:34.609  2411  2411 D pulseaudio: [pulseaudio] resampler.c: O03 | 0.000 0.000
04-20 01:36:34.609  2411  2411 D pulseaudio: [pulseaudio] resampler.c: O04 | 0.000 0.000
04-20 01:36:34.609  2411  2411 D pulseaudio: [pulseaudio] resampler.c: O05 | 0.000 0.000
04-20 01:36:34.609  2411  2411 D pulseaudio: [pulseaudio] resampler.c: O06 | 0.000 0.000
04-20 01:36:34.609  2411  2411 D pulseaudio: [pulseaudio] resampler.c: O07 | 0.000 0.000
04-20 01:36:34.609  2411  2411 I pulseaudio: [pulseaudio] remap.c: Using generic matrix remapping
04-20 01:36:34.609  2411  2411 D pulseaudio: [pulseaudio] memblockq.c: memblockq requested: maxlength=33554432, tlength=0, base=16, prebuf=0, minreq=1 maxrewind=0
04-20 01:36:34.609  2411  2411 D pulseaudio: [pulseaudio] memblockq.c: memblockq sanitized: maxlength=33554432, tlength=33554432, base=16, prebuf=0, minreq=16 maxrewind=0
04-20 01:36:34.609  2411  2411 I pulseaudio: [pulseaudio] sink-input.c: Created input 4 "ALSA Playback:pcmMixPrompt_p" on combined with sample spec s16le 2ch 48000Hz and channel map aux0,aux1
04-20 01:36:34.609  2411  2411 I pulseaudio: [pulseaudio] sink-input.c:     media.name = "ALSA Playback:pcmMixPrompt_p"
04-20 01:36:34.609  2411  2411 I pulseaudio: [pulseaudio] sink-input.c:     application.name = "ALSA plug-in [mediaserver]"
04-20 01:36:34.609  2411  2411 I pulseaudio: [pulseaudio] sink-input.c:     native-protocol.peer = "UNIX socket client"
04-20 01:36:34.609  2411  2411 I pulseaudio: [pulseaudio] sink-input.c:     native-protocol.version = "30"
04-20 01:36:34.609  2411  2411 I pulseaudio: [pulseaudio] sink-input.c:     application.process.id = "2544"
04-20 01:36:34.609  2411  2411 I pulseaudio: [pulseaudio] sink-input.c:     application.process.user = "media"
04-20 01:36:34.609  2411  2411 I pulseaudio: [pulseaudio] sink-input.c:     application.process.host = "localhost"
04-20 01:36:34.609  2411  2411 I pulseaudio: [pulseaudio] sink-input.c:     application.process.binary = "pulse-thread-ml"
04-20 01:36:34.609  2411  2411 I pulseaudio: [pulseaudio] sink-input.c:     application.language = "C.UTF-8"
04-20 01:36:34.609  2411  2411 I pulseaudio: [pulseaudio] sink-input.c:     application.process.machine_id = "localhost"
04-20 01:36:34.609  2411  2411 I pulseaudio: [pulseaudio] protocol-native.c: Requested tlength=24.00 ms, minreq=8.00 ms
04-20 01:36:34.609  2411  2411 D pulseaudio: [pulseaudio] protocol-native.c: Early requests mode enabled, configuring sink latency to minreq.
04-20 01:36:34.609  2411  2411 D pulseaudio: [pulseaudio] protocol-native.c: Could not configure a sufficiently low latency. Early requests might not be satisifed.
04-20 01:36:34.609  2411  2411 D pulseaudio: [pulseaudio] protocol-native.c: Requested latency=8.00 ms, Received latency=12.00 ms
04-20 01:36:34.609  2411  2411 D pulseaudio: [pulseaudio] memblockq.c: memblockq requested: maxlength=4194304, tlength=5376, base=4, prebuf=3072, minreq=1536 maxrewind=0
04-20 01:36:34.609  2411  2411 D pulseaudio: [pulseaudio] memblockq.c: memblockq sanitized: maxlength=4194304, tlength=5376, base=4, prebuf=3072, minreq=1536 maxrewind=0
04-20 01:36:34.609  2411  2411 I pulseaudio: [pulseaudio] protocol-native.c: Final latency 40.00 ms = 12.00 ms + 2*8.00 ms + 12.00 ms
04-20 01:36:34.609  2411  2479 D pulseaudio: [combine] module-combine-sink.c: Sink update requested latency 12.00
04-20 01:36:34.610  2544  2544 D HarmanHal: open: snd_pcm_open --> ok. dev = 128, mPcmHandle = 0x0xeeeabe00
04-20 01:36:34.610  2544  2544 D HarmanHal: set: channel = 3, format = 1, rate = 48000
04-20 01:36:34.610  2544  2544 D HarmanHal: set: channel_mask = 3, format = 1, dstChannel = 2
04-20 01:36:34.610  2544  2544 I AudioFlinger: AudioStreamOut::open(), mHalFormatIsLinearPcm = 1
04-20 01:36:34.610  2544  2544 D HarmanHal: getFormat: format = 1
04-20 01:36:34.610  2544  2544 D HarmanHal: getChannels: channel mask = 3
04-20 01:36:34.610  2544  2544 D HarmanHal: getSampleRate: rate = 48000
04-20 01:36:34.611  2544  2544 D HarmanHal: getChannels: channel mask = 3
04-20 01:36:34.611  2544  2544 D HarmanHal: getFormat: format = 1
04-20 01:36:34.611  2544  2544 D HarmanHal: getFormat: format = 1
04-20 01:36:34.611  2544  2544 I AudioFlinger: HAL output buffer size 384 frames, normal sink buffer size 768 frames
04-20 01:36:34.611  2544  2544 D HarmanHal: getFormat: format = 1
04-20 01:36:34.611  2544  2544 D HarmanHal: getSampleRate: rate = 48000
04-20 01:36:34.611  2544  2544 D HarmanHal: getChannels: channel mask = 3
04-20 01:36:34.615  2544  2624 I AudioFlinger: AudioFlinger's thread 0xe8a80000 ready to run
04-20 01:36:34.615  2544  2624 D HarmanHal: createAudioPatch: sourcesCount=1, source type =2
04-20 01:36:34.615  2544  2624 D HarmanHal: createAudioPatch: sinksCount=1, sink type =1
04-20 01:36:34.615  2544  2624 W HarmanHal: standby: -->setStandby(true)
04-20 01:36:34.615  2544  2624 D HarmanHal: StreamOut::setStandby() isSet = 1, isActive = 1, dev = 128
04-20 01:36:34.615  2544  2624 D HarmanHal: PcmWrapper::close: device = 128
04-20 01:36:34.615  2544  2624 E ALSALIB : snd_pcm_drain() entry... draining pcm pcmMixPrompt_p
04-20 01:36:34.617  2411  2479 D pulseaudio: [combine] sink-input.c: Requesting rewind due to corking
04-20 01:36:34.617  2411  2411 D pulseaudio: [pulseaudio] module-suspend-on-idle.c: Sink combined becomes idle, timeout in 10 seconds.
04-20 01:36:34.617  2411  2540 D pulseaudio: [alsa-sink-csm_rsi] sink.c: Found underrun 1536 bytes ago (3072 bytes ahead in playback buffer)
04-20 01:36:34.617  2411  2538 D pulseaudio: [alsa-sink-csm_amp] sink.c: Found underrun 2304 bytes ago (4608 bytes ahead in playback buffer)
04-20 01:36:34.617  2544  2624 E ALSALIB : snd_pcm_drain(): pcm pcmMixPrompt_p drain done, ret=0
04-20 01:36:34.617  2544  2624 E ALSALIB : snd_pcm_close() entry... closing pcmMixPrompt_p
04-20 01:36:34.617  2544  2624 E ALSALIB : snd_pcm_drop() entry... dropping pcm pcmMixPrompt_p
04-20 01:36:34.617  2411  2472 D pulseaudio: [alsa-sink-Dirana Pb (*)] sink.c: Found underrun 3072 bytes ago (6144 bytes ahead in playback buffer)
04-20 01:36:34.618  2544  2624 E ALSALIB : snd_pcm_drop(): pcm pcmMixPrompt_p drop done, ret=0
04-20 01:36:34.618  2544  2624 E ALSALIB : snd_pcm_close() pcmMixPrompt_p closed, ret=0
04-20 01:36:34.619  2411  2479 D pulseaudio: [combine] module-combine-sink.c: Sink update requested latency 12.00
04-20 01:36:34.619  2411  2540 D pulseaudio: [alsa-sink-csm_rsi] sink.c: Found underrun 1536 bytes ago (3072 bytes ahead in playback buffer)
04-20 01:36:34.619  2411  2538 D pulseaudio: [alsa-sink-csm_amp] sink.c: Found underrun 2304 bytes ago (4608 bytes ahead in playback buffer)
04-20 01:36:34.619  2411  2472 D pulseaudio: [alsa-sink-Dirana Pb (*)] sink.c: Found underrun 3072 bytes ago (6144 bytes ahead in playback buffer)
04-20 01:36:34.619  2411  2411 D pulseaudio: [pulseaudio] module-suspend-on-idle.c: Sink combined becomes idle, timeout in 10 seconds.
04-20 01:36:34.619  2411  2540 D pulseaudio: [alsa-sink-csm_rsi] sink.c: Found underrun 1536 bytes ago (3072 bytes ahead in playback buffer)
04-20 01:36:34.619  2411  2538 D pulseaudio: [alsa-sink-csm_amp] sink.c: Found underrun 2304 bytes ago (4608 bytes ahead in playback buffer)
04-20 01:36:34.619  2411  2472 D pulseaudio: [alsa-sink-Dirana Pb (*)] sink.c: Found underrun 3072 bytes ago (6144 bytes ahead in playback buffer)
04-20 01:36:34.619  2411  2411 I pulseaudio: [pulseaudio] sink-input.c: Freeing input 4 "ALSA Playback:pcmMixPrompt_p"
04-20 01:36:34.619  2411  2411 I pulseaudio: [pulseaudio] client.c: Freed 2 "ALSA plug-in [mediaserver]"
04-20 01:36:34.619  2411  2411 I pulseaudio: [pulseaudio] protocol-native.c: Connection terminated.
04-20 01:36:34.619  2544  2544 I AudioFlinger: openOutput(), module 1 Device 4000000, SamplingRate 48000, Format 0x000001, Channels 3, flags 2
04-20 01:36:34.619  2544  2544 D HarmanHal: openOutputStream: handle=6, flags=2, devices: 0x4000000
04-20 01:36:34.619  2544  2544 E HarmanHal: openOutputStream: flags = 0x2
04-20 01:36:34.619  2544  2544 D HarmanHal: openPcmOut: new PcmWrapper, dev = 64
04-20 01:36:34.619  2544  2544 E HarmanHal: open: flag = 2, device = 64
04-20 01:36:34.619  2544  2544 E ALSALIB : snd_pcm_open(): opening PCM name: pcmAudibleFB_p
04-20 01:36:34.620  2411  2411 I pulseaudio: [pulseaudio] client.c: Created 3 "Native client (UNIX socket client)"
04-20 01:36:34.621  2411  2540 D pulseaudio: [alsa-sink-csm_rsi] sink.c: Found underrun 3072 bytes ago (1536 bytes ahead in playback buffer)
04-20 01:36:34.621  2411  2538 D pulseaudio: [alsa-sink-csm_amp] sink.c: Found underrun 4608 bytes ago (2304 bytes ahead in playback buffer)
04-20 01:36:34.621  2411  2472 D pulseaudio: [alsa-sink-Dirana Pb (*)] sink.c: Found underrun 6144 bytes ago (3072 bytes ahead in playback buffer)
04-20 01:36:34.624  2411  2411 D pulseaudio: [pulseaudio] protocol-native.c: Protocol version: remote 30, local 30
04-20 01:36:34.624  2411  2411 I pulseaudio: [pulseaudio] protocol-native.c: Got credentials: uid=1013 gid=1005 success=1
04-20 01:36:34.624  2411  2411 D pulseaudio: [pulseaudio] protocol-native.c: SHM possible: no
04-20 01:36:34.624  2411  2411 D pulseaudio: [pulseaudio] protocol-native.c: Negotiated SHM: no
04-20 01:36:34.624  2411  2411 D pulseaudio: [pulseaudio] protocol-native.c: Disabling srbchannel, reason: Must be enabled by module parameter
04-20 01:36:34.626  2544  2544 E ALSALIB : snd_pcm_open() open pcmAudibleFB_p done, ret=0
04-20 01:36:34.626  2544  2544 D HarmanHal: PcmWrapper::openPort: port = pcmAudibleFB_p, pcmHandle = 0x0xeeeac080
04-20 01:36:34.626  2411  2411 D pulseaudio: [pulseaudio] sink-input.c: Negotiated format: pcm, format.sample_format = "\"s16le\""  format.rate = "48000"  format.channels = "2"  format.channel_map = "\"aux0,aux1\""
04-20 01:36:34.627  2411  2411 I pulseaudio: [pulseaudio] sink-input.c: Trying to change sample rate
04-20 01:36:34.627  2411  2411 I pulseaudio: [pulseaudio] sink-input.c: Rate changed to 48000 Hz
04-20 01:36:34.627  2411  2411 D pulseaudio: [pulseaudio] module-suspend-on-idle.c: Sink combined becomes busy, resuming.
04-20 01:36:34.627  2411  2411 D pulseaudio: [pulseaudio] module-suspend-on-idle.c: Sink combined becomes idle, timeout in 10 seconds.
04-20 01:36:34.627  2411  2411 I pulseaudio: [pulseaudio] resampler.c: Forcing resampler 'copy', because of fixed, identical sample rates.
04-20 01:36:34.627  2411  2411 D pulseaudio: [pulseaudio] resampler.c: Resampler:
04-20 01:36:34.627  2411  2411 D pulseaudio: [pulseaudio] resampler.c:   rate 48000 -> 48000 (method copy)
04-20 01:36:34.627  2411  2411 D pulseaudio: [pulseaudio] resampler.c:   format s16le -> s16le (intermediate s16le)
04-20 01:36:34.627  2411  2411 D pulseaudio: [pulseaudio] resampler.c:   channels 2 -> 8 (resampling 2)
04-20 01:36:34.627  2411  2411 D pulseaudio: [pulseaudio] resampler.c: Channel matrix:
04-20 01:36:34.627  2411  2411 D pulseaudio: [pulseaudio] resampler.c:        I00   I01 
04-20 01:36:34.627  2411  2411 D pulseaudio: [pulseaudio] resampler.c:     +------------
04-20 01:36:34.627  2411  2411 D pulseaudio: [pulseaudio] resampler.c: O00 | 1.000 0.000
04-20 01:36:34.627  2411  2411 D pulseaudio: [pulseaudio] resampler.c: O01 | 0.000 1.000
04-20 01:36:34.627  2411  2411 D pulseaudio: [pulseaudio] resampler.c: O02 | 0.000 0.000
04-20 01:36:34.627  2411  2411 D pulseaudio: [pulseaudio] resampler.c: O03 | 0.000 0.000
04-20 01:36:34.627  2411  2411 D pulseaudio: [pulseaudio] resampler.c: O04 | 0.000 0.000
04-20 01:36:34.627  2411  2411 D pulseaudio: [pulseaudio] resampler.c: O05 | 0.000 0.000
04-20 01:36:34.627  2411  2411 D pulseaudio: [pulseaudio] resampler.c: O06 | 0.000 0.000
04-20 01:36:34.627  2411  2411 D pulseaudio: [pulseaudio] resampler.c: O07 | 0.000 0.000
04-20 01:36:34.627  2411  2411 I pulseaudio: [pulseaudio] remap.c: Using generic matrix remapping
04-20 01:36:34.627  2367  2367 I keystore: Found keymaster1 module Intel Keymaster HAL, version 100
04-20 01:36:34.627  2367  2367 I SoftKeymaster: system/keymaster/soft_keymaster_device.cpp, Line 122: Creating device
04-20 01:36:34.627  2367  2367 D SoftKeymaster: system/keymaster/soft_keymaster_device.cpp, Line 123: Device address: 0x7f2ce9a23000
04-20 01:36:34.627  2411  2411 D pulseaudio: [pulseaudio] memblockq.c: memblockq requested: maxlength=33554432, tlength=0, base=16, prebuf=0, minreq=1 maxrewind=0
04-20 01:36:34.627  2367  2367 I TrustyKM1: Trusty-km connectting...
04-20 01:36:34.627  2411  2411 D pulseaudio: [pulseaudio] memblockq.c: memblockq sanitized: maxlength=33554432, tlength=33554432, base=16, prebuf=0, minreq=16 maxrewind=0
04-20 01:36:34.627  2411  2411 I pulseaudio: [pulseaudio] sink-input.c: Created input 5 "ALSA Playback:pcmAudibleFB_p" on combined with sample spec s16le 2ch 48000Hz and channel map aux0,aux1
04-20 01:36:34.627  2313  2313 D GM_PROTO_KEY: detected security state preboot
04-20 01:36:34.627  2411  2411 I pulseaudio: [pulseaudio] sink-input.c:     media.name = "ALSA Playback:pcmAudibleFB_p"
04-20 01:36:34.627  2411  2411 I pulseaudio: [pulseaudio] sink-input.c:     application.name = "ALSA plug-in [mediaserver]"
04-20 01:36:34.627  2411  2411 I pulseaudio: [pulseaudio] sink-input.c:     native-protocol.peer = "UNIX socket client"
04-20 01:36:34.627  2411  2411 I pulseaudio: [pulseaudio] sink-input.c:     native-protocol.version = "30"
04-20 01:36:34.627  2411  2411 I pulseaudio: [pulseaudio] sink-input.c:     application.process.id = "2544"
04-20 01:36:34.627  2411  2411 I pulseaudio: [pulseaudio] sink-input.c:     application.process.user = "media"
04-20 01:36:34.627  2411  2411 I pulseaudio: [pulseaudio] sink-input.c:     application.process.host = "localhost"
04-20 01:36:34.627  2411  2411 I pulseaudio: [pulseaudio] sink-input.c:     application.process.binary = "pulse-thread-ml"
04-20 01:36:34.627  2411  2411 I pulseaudio: [pulseaudio] sink-input.c:     application.language = "C.UTF-8"
04-20 01:36:34.627  2411  2411 I pulseaudio: [pulseaudio] sink-input.c:     application.process.machine_id = "localhost"
04-20 01:36:34.627  2411  2411 I pulseaudio: [pulseaudio] protocol-native.c: Requested tlength=24.00 ms, minreq=8.00 ms
04-20 01:36:34.627  2411  2411 D pulseaudio: [pulseaudio] protocol-native.c: Early requests mode enabled, configuring sink latency to minreq.
04-20 01:36:34.628  2411  2411 D pulseaudio: [pulseaudio] protocol-native.c: Could not configure a sufficiently low latency. Early requests might not be satisifed.
04-20 01:36:34.628  2411  2411 D pulseaudio: [pulseaudio] protocol-native.c: Requested latency=8.00 ms, Received latency=12.00 ms
04-20 01:36:34.628  2411  2411 D pulseaudio: [pulseaudio] memblockq.c: memblockq requested: maxlength=4194304, tlength=5376, base=4, prebuf=3072, minreq=1536 maxrewind=0
04-20 01:36:34.628  2411  2411 D pulseaudio: [pulseaudio] memblockq.c: memblockq sanitized: maxlength=4194304, tlength=5376, base=4, prebuf=3072, minreq=1536 maxrewind=0
04-20 01:36:34.628  2411  2411 I pulseaudio: [pulseaudio] protocol-native.c: Final latency 40.00 ms = 12.00 ms + 2*8.00 ms + 12.00 ms
04-20 01:36:34.628  2411  2479 D pulseaudio: [combine] module-combine-sink.c: Sink update requested latency 12.00
04-20 01:36:34.633  2042  2249 E vehicle_abstraction: CODIDynamicDataGroup::processRxGroupSignal ODI data (dataID = 48) not mapped (fucID = 7) 
04-20 01:36:34.634  2544  2544 D HarmanHal: open: snd_pcm_open --> ok. dev = 64, mPcmHandle = 0x0xeeeac080
04-20 01:36:34.634  2544  2544 D HarmanHal: set: channel = 3, format = 1, rate = 48000
04-20 01:36:34.634  2544  2544 D HarmanHal: set: channel_mask = 3, format = 1, dstChannel = 2
04-20 01:36:34.634  2544  2544 I AudioFlinger: AudioStreamOut::open(), mHalFormatIsLinearPcm = 1
04-20 01:36:34.634  2544  2544 D HarmanHal: getFormat: format = 1
04-20 01:36:34.634  2544  2544 D HarmanHal: getChannels: channel mask = 3
04-20 01:36:34.634  2544  2544 D HarmanHal: getSampleRate: rate = 48000
04-20 01:36:34.634  2544  2544 D HarmanHal: getChannels: channel mask = 3
04-20 01:36:34.634  2544  2544 D HarmanHal: getFormat: format = 1
04-20 01:36:34.634  2544  2544 D HarmanHal: getFormat: format = 1
04-20 01:36:34.634  2544  2544 I AudioFlinger: HAL output buffer size 384 frames, normal sink buffer size 768 frames
04-20 01:36:34.634  2544  2544 D HarmanHal: getFormat: format = 1
04-20 01:36:34.634  2544  2544 D HarmanHal: getSampleRate: rate = 48000
04-20 01:36:34.634  2544  2544 D HarmanHal: getChannels: channel mask = 3
04-20 01:36:34.635  2544  2627 I AudioFlinger: AudioFlinger's thread 0xe8f00000 ready to run
04-20 01:36:34.635  2544  2627 D HarmanHal: createAudioPatch: sourcesCount=1, source type =2
04-20 01:36:34.635  2544  2627 D HarmanHal: createAudioPatch: sinksCount=1, sink type =1
04-20 01:36:34.635  2544  2627 W HarmanHal: standby: -->setStandby(true)
04-20 01:36:34.635  2544  2627 D HarmanHal: StreamOut::setStandby() isSet = 1, isActive = 1, dev = 64
04-20 01:36:34.635  2544  2627 D HarmanHal: PcmWrapper::close: device = 64
04-20 01:36:34.635  2544  2627 E ALSALIB : snd_pcm_drain() entry... draining pcm pcmAudibleFB_p
04-20 01:36:34.637  2411  2479 D pulseaudio: [combine] sink-input.c: Requesting rewind due to corking
04-20 01:36:34.637  2411  2411 D pulseaudio: [pulseaudio] module-suspend-on-idle.c: Sink combined becomes idle, timeout in 10 seconds.
04-20 01:36:34.637  2411  2540 D pulseaudio: [alsa-sink-csm_rsi] sink.c: Found underrun 1536 bytes ago (3072 bytes ahead in playback buffer)
04-20 01:36:34.637  2411  2538 D pulseaudio: [alsa-sink-csm_amp] sink.c: Found underrun 2304 bytes ago (4608 bytes ahead in playback buffer)
04-20 01:36:34.637  2411  2472 D pulseaudio: [alsa-sink-Dirana Pb (*)] sink.c: Found underrun 3072 bytes ago (6144 bytes ahead in playback buffer)
04-20 01:36:34.638  2544  2627 E ALSALIB : snd_pcm_drain(): pcm pcmAudibleFB_p drain done, ret=0
04-20 01:36:34.638  2544  2627 E ALSALIB : snd_pcm_close() entry... closing pcmAudibleFB_p
04-20 01:36:34.638  2544  2627 E ALSALIB : snd_pcm_drop() entry... dropping pcm pcmAudibleFB_p
04-20 01:36:34.638  2367  2367 I TrustyKM1: Connected to device successfully!
04-20 01:36:34.638  2367  2367 I IntelKeymasterDevice: Creating device
04-20 01:36:34.638  2367  2367 D IntelKeymasterDevice: Device address: 0x7f2ce9a26000
04-20 01:36:34.638  2367  2367 D SoftKeymaster: system/keymaster/soft_keymaster_device.cpp, Line 173: Reinitializing SoftKeymasterDevice to use HW keymaster1
04-20 01:36:34.640  2544  2627 E ALSALIB : snd_pcm_drop(): pcm pcmAudibleFB_p drop done, ret=0
04-20 01:36:34.640  2544  2627 E ALSALIB : snd_pcm_close() pcmAudibleFB_p closed, ret=0
04-20 01:36:34.640  2411  2479 D pulseaudio: [combine] module-combine-sink.c: Sink update requested latency 12.00
04-20 01:36:34.640  2411  2538 D pulseaudio: [alsa-sink-csm_amp] sink.c: Found underrun 2304 bytes ago (4608 bytes ahead in playback buffer)
04-20 01:36:34.640  2411  2540 D pulseaudio: [alsa-sink-csm_rsi] sink.c: Found underrun 1536 bytes ago (3072 bytes ahead in playback buffer)
04-20 01:36:34.640  2411  2411 D pulseaudio: [pulseaudio] module-suspend-on-idle.c: Sink combined becomes idle, timeout in 10 seconds.
04-20 01:36:34.640  2411  2540 D pulseaudio: [alsa-sink-csm_rsi] sink.c: Found underrun 1536 bytes ago (3072 bytes ahead in playback buffer)
04-20 01:36:34.640  2411  2472 D pulseaudio: [alsa-sink-Dirana Pb (*)] sink.c: Found underrun 5120 bytes ago (4096 bytes ahead in playback buffer)
04-20 01:36:34.640  2411  2411 I pulseaudio: [pulseaudio] sink-input.c: Freeing input 5 "ALSA Playback:pcmAudibleFB_p"
04-20 01:36:34.640  2411  2538 D pulseaudio: [alsa-sink-csm_amp] sink.c: Found underrun 2304 bytes ago (4608 bytes ahead in playback buffer)
04-20 01:36:34.640  2411  2411 I pulseaudio: [pulseaudio] client.c: Freed 3 "ALSA plug-in [mediaserver]"
04-20 01:36:34.641  2411  2411 I pulseaudio: [pulseaudio] protocol-native.c: Connection terminated.
04-20 01:36:34.641  2544  2544 I AudioFlinger: openOutput(), module 1 Device 10000000, SamplingRate 48000, Format 0x000001, Channels 3, flags 2
04-20 01:36:34.641  2544  2544 D HarmanHal: openOutputStream: handle=8, flags=2, devices: 0x10000000
04-20 01:36:34.641  2544  2544 E HarmanHal: openOutputStream: flags = 0x2
04-20 01:36:34.641  2544  2544 D HarmanHal: openPcmOut: new PcmWrapper, dev = 256
04-20 01:36:34.641  2544  2544 E HarmanHal: open: flag = 2, device = 256
04-20 01:36:34.641  2411  2540 D pulseaudio: [alsa-sink-csm_rsi] sink.c: Found underrun 3072 bytes ago (1536 bytes ahead in playback buffer)
04-20 01:36:34.641  2544  2544 E ALSALIB : snd_pcm_open(): opening PCM name: pcmMutexPrompt_p
04-20 01:36:34.641  2411  2538 D pulseaudio: [alsa-sink-csm_amp] sink.c: Found underrun 4608 bytes ago (2304 bytes ahead in playback buffer)
04-20 01:36:34.642  2411  2411 I pulseaudio: [pulseaudio] client.c: Created 4 "Native client (UNIX socket client)"
04-20 01:36:34.647  2543  2543 I VAS/EQTool: addEQUpdateListener() EQUpdate listeners updated
04-20 01:36:34.647  2543  2543 I VAS/EQTool: addEQUpdateListener() EQUpdate listeners updated
04-20 01:36:34.649  2333  2360 E vip2nav : no valid msg ID! 15
04-20 01:36:34.649  2333  2360 E vip2nav : 
04-20 01:36:34.649  2333  2360 E vip2nav :  IPC Read: msgID=15 MSG length=16 
04-20 01:36:34.649  2333  2360 E vip2nav : 0xf 0x5 0x10 0x0 0xfc 0x8 0x0 0x0
04-20 01:36:34.649  2333  2360 E vip2nav : 0x36 0x1 0x0 0x0 0x0 0x0 0x0 0x0
04-20 01:36:34.649  2333  2360 E vip2nav : 0x0 0x0 0x0 0x0 0xea 0x1d 0x0 0x0
04-20 01:36:34.649  2333  2360 E vip2nav : 0x0 0x0 0x0 0x0 0x0 0x0 0x0 0x0
04-20 01:36:34.649  2333  2360 E vip2nav : 0x0 0x0 0x0 0x0 0x0 0x0 0x0 0x0
04-20 01:36:34.649  2333  2360 E vip2nav : 0x0 0x0 0x0 0x0 0x0 0x0 0x0 0x0
04-20 01:36:34.649  2333  2360 E vip2nav : 0x0 0x0 0x0 0x0 0x0 0x0 0x0 0x0
04-20 01:36:34.649  2333  2360 E vip2nav : 0x0 0x0 0x0 0x0 0x0 0x0 0x0 0x0
04-20 01:36:34.649  2333  2360 E vip2nav : 0x0 0x0 0x0 0x0 0x0 0x0 0x0 0x0
04-20 01:36:34.649  2333  2360 E vip2nav : 0x0 0x0 0x0 0x0 0x0 0x0 0x0 0x0
04-20 01:36:34.649  2333  2360 E vip2nav : 0x0 0x0 0x0 0x0 0x0 0x0 0x0 0x0
04-20 01:36:34.649  2333  2360 E vip2nav : 0x0 0x0 0x0 0x0 0x0 0x0 0x0 0x0
04-20 01:36:34.649  2333  2360 E vip2nav : 0x0 0x0 0x0 0x0 0x0 0x0 0x0 0x0
04-20 01:36:34.649  2333  2360 E vip2nav : 0x0 0x0 0x0 0x0 0x0 0x0 0x0 0x0
04-20 01:36:34.649  2333  2360 E vip2nav : 0x0 0x0 0x0 0x0 0x0 0x0 0x0 0x0
04-20 01:36:34.649  2333  2360 E vip2nav : 0x0 0x0 0x0 0x0 0x0 0x0 0x0 0x0
04-20 01:36:34.649  2333  2360 E vip2nav : 0x0 0x0 0x0 0x0 0x0 0x0 0x0 0x0
04-20 01:36:34.649  2333  2360 E vip2nav : 0x0 0x0 0x0 0x0 0x0 0x0 0x0 0x0
04-20 01:36:34.649  2333  2360 E vip2nav : 0x0 0x0 0x0 0x0 0x0 0x0 0x0 0x0
04-20 01:36:34.649  2333  2360 E vip2nav : 0x0 0x0 0x0 0x0 0x0 0x0 0x0 0x0
04-20 01:36:34.649  2333  2360 E vip2nav : 0x0 0x0 0x0 0x0 0x0 0x0 0x0 0x0
