04-20 01:36:34.249  2411  2411 I pulseaudio: [pulseaudio] sink.c:     device.access_mode = "mmap"
04-20 01:36:34.249  2411  2411 I pulseaudio: [pulseaudio] sink.c:     device.description = "csm_rsi"
04-20 01:36:34.249  2411  2411 I pulseaudio: [pulseaudio] sink.c:     device.icon_name = "audio-card"
04-20 01:36:34.249  2411  2411 I pulseaudio: [pulseaudio] source.c: Created source 9 "alsa_output.avb.csm_rsi.monitor" with sample spec s16le 4ch 48000Hz and channel map aux0,aux1,aux2,aux3
04-20 01:36:34.249  2411  2411 I pulseaudio: [pulseaudio] source.c:     device.description = "Monitor of csm_rsi"
04-20 01:36:34.249  2411  2411 I pulseaudio: [pulseaudio] source.c:     device.class = "monitor"
04-20 01:36:34.249  2411  2411 I pulseaudio: [pulseaudio] source.c:     device.icon_name = "audio-input-microphone"
04-20 01:36:34.249  2411  2411 I pulseaudio: [pulseaudio] alsa-sink.c: Using 3.0 fragments of size 1536 bytes (4.00ms), buffer size is 4608 bytes (12.00ms)
04-20 01:36:34.249  2411  2411 I pulseaudio: [pulseaudio] alsa-sink.c: Disabling rewind for device avb_csm_rsi
04-20 01:36:34.249  2411  2411 D pulseaudio: [pulseaudio] alsa-sink.c: hwbuf_unused=0
04-20 01:36:34.249  2411  2411 D pulseaudio: [pulseaudio] alsa-sink.c: setting avail_min=1
04-20 01:36:34.249  2411  2411 I pulseaudio: [pulseaudio] alsa-sink.c: Disabling rewind_within_thread for device avb_csm_rsi
04-20 01:36:34.249  2411  2411 D pulseaudio: [pulseaudio] alsa-util.c: snd_pcm_dump():
04-20 01:36:34.249  2411  2411 D pulseaudio: [pulseaudio] alsa-util.c: SmartX IO Plugin
04-20 01:36:34.249  2411  2411 D pulseaudio: [pulseaudio] alsa-util.c: Its setup is:
04-20 01:36:34.249  2411  2411 D pulseaudio: [pulseaudio] alsa-util.c:   stream       : PLAYBACK
04-20 01:36:34.249  2411  2411 D pulseaudio: [pulseaudio] alsa-util.c:   access       : MMAP_INTERLEAVED
04-20 01:36:34.249  2411  2411 D pulseaudio: [pulseaudio] alsa-util.c:   format       : S16_LE
04-20 01:36:34.249  2411  2411 D pulseaudio: [pulseaudio] alsa-util.c:   subformat    : STD
04-20 01:36:34.249  2411  2411 D pulseaudio: [pulseaudio] alsa-util.c:   channels     : 4
04-20 01:36:34.249  2411  2411 D pulseaudio: [pulseaudio] alsa-util.c:   rate         : 48000
04-20 01:36:34.249  2411  2411 D pulseaudio: [pulseaudio] alsa-util.c:   exact rate   : 48000 (48000/1)
04-20 01:36:34.249  2411  2411 D pulseaudio: [pulseaudio] alsa-util.c:   msbits       : 16
04-20 01:36:34.249  2411  2411 D pulseaudio: [pulseaudio] alsa-util.c:   buffer_size  : 576
04-20 01:36:34.249  2411  2411 D pulseaudio: [pulseaudio] alsa-util.c:   period_size  : 192
04-20 01:36:34.250  2411  2411 D pulseaudio: [pulseaudio] alsa-util.c:   period_time  : 4000
04-20 01:36:34.250  2411  2411 D pulseaudio: [pulseaudio] alsa-util.c:   tstamp_mode  : ENABLE
04-20 01:36:34.250  2411  2411 D pulseaudio: [pulseaudio] alsa-util.c:   tstamp_type  : GETTIMEOFDAY
04-20 01:36:34.250  2411  2411 D pulseaudio: [pulseaudio] alsa-util.c:   period_step  : 1
04-20 01:36:34.250  2411  2411 D pulseaudio: [pulseaudio] alsa-util.c:   avail_min    : 192
04-20 01:36:34.250  2411  2411 D pulseaudio: [pulseaudio] alsa-util.c:   period_event : 1
04-20 01:36:34.250  2411  2411 D pulseaudio: [pulseaudio] alsa-util.c:   start_threshold  : -1
04-20 01:36:34.250  2411  2411 D pulseaudio: [pulseaudio] alsa-util.c:   stop_threshold   : 1207959552
04-20 01:36:34.250  2411  2411 D pulseaudio: [pulseaudio] alsa-util.c:   silence_threshold: 0
04-20 01:36:34.250  2411  2411 D pulseaudio: [pulseaudio] alsa-util.c:   silence_size : 0
04-20 01:36:34.250  2411  2411 D pulseaudio: [pulseaudio] alsa-util.c:   boundary     : 1207959552
04-20 01:36:34.250  2411  2540 D pulseaudio: [alsa-sink-csm_rsi] alsa-sink.c: Thread starting up
04-20 01:36:34.250  2411  2540 D pulseaudio: [alsa-sink-csm_rsi] core-util.c: SCHED_RR|SCHED_RESET_ON_FORK worked.
04-20 01:36:34.250  2411  2540 I pulseaudio: [alsa-sink-csm_rsi] core-util.c: Successfully enabled SCHED_RR scheduling for thread, with priority 50.
04-20 01:36:34.250  2411  2540 I pulseaudio: [alsa-sink-csm_rsi] alsa-sink.c: Starting playback.
04-20 01:36:34.251  2411  2411 D pulseaudio: [pulseaudio] module-suspend-on-idle.c: Sink alsa_output.avb.csm_rsi becomes idle, timeout in 10 seconds.
04-20 01:36:34.251  2411  2411 D pulseaudio: [pulseaudio] module-combine-sink.c: sink name alsa_output.avb.csm_rsi match with crossbar config
04-20 01:36:34.251  2411  2411 I pulseaudio: [pulseaudio] module-combine-sink.c: Configuring new sink: alsa_output.avb.csm_rsi
04-20 01:36:34.251  2411  2411 D pulseaudio: [pulseaudio] module-combine-sink.c: new output memblockq size 15360
04-20 01:36:34.251  2411  2411 D pulseaudio: [pulseaudio] memblockq.c: memblockq requested: maxlength=15360, tlength=15360, base=16, prebuf=1, minreq=0 maxrewind=0
04-20 01:36:34.251  2411  2411 D pulseaudio: [pulseaudio] memblockq.c: memblockq sanitized: maxlength=15360, tlength=15360, base=16, prebuf=16, minreq=16 maxrewind=0
04-20 01:36:34.251  2411  2411 D pulseaudio: [pulseaudio] sink-input.c: Negotiated format: pcm, format.sample_format = "\"s16le\""  format.rate = "48000"  format.channels = "8"  format.channel_map = "\"aux0,aux1,aux2,aux3,aux4,aux5,aux6,aux7\""
04-20 01:36:34.251  2411  2411 D pulseaudio: [pulseaudio] module-suspend-on-idle.c: Sink alsa_output.avb.csm_rsi becomes busy, resuming.
04-20 01:36:34.251  2411  2411 D pulseaudio: [pulseaudio] module-suspend-on-idle.c: Sink alsa_output.avb.csm_rsi becomes idle, timeout in 10 seconds.
04-20 01:36:34.251  2411  2411 D pulseaudio: [pulseaudio] resampler.c: Resampler:
04-20 01:36:34.251  2411  2411 D pulseaudio: [pulseaudio] resampler.c:   rate 48000 -> 48000 (method trivial)
04-20 01:36:34.251  2411  2411 D pulseaudio: [pulseaudio] resampler.c:   format s16le -> s16le (intermediate s16le)
04-20 01:36:34.251  2411  2411 D pulseaudio: [pulseaudio] resampler.c:   channels 8 -> 4 (resampling 4)
04-20 01:36:34.251  2411  2411 D pulseaudio: [pulseaudio] resampler.c: Channel matrix:
04-20 01:36:34.251  2411  2411 D pulseaudio: [pulseaudio] resampler.c:        I00   I01   I02   I03   I04   I05   I06   I07 
04-20 01:36:34.252  2411  2411 D pulseaudio: [pulseaudio] resampler.c:     +------------------------------------------------
04-20 01:36:34.252  2411  2411 D pulseaudio: [pulseaudio] resampler.c: O00 | 1.000 0.000 0.000 0.000 0.000 0.000 0.000 0.000
04-20 01:36:34.252  2411  2411 D pulseaudio: [pulseaudio] resampler.c: O01 | 0.000 1.000 0.000 0.000 0.000 0.000 0.000 0.000
04-20 01:36:34.252  2411  2411 D pulseaudio: [pulseaudio] resampler.c: O02 | 0.000 0.000 1.000 0.000 0.000 0.000 0.000 0.000
04-20 01:36:34.252  2411  2411 D pulseaudio: [pulseaudio] resampler.c: O03 | 0.000 0.000 0.000 1.000 0.000 0.000 0.000 0.000
04-20 01:36:34.252  2411  2411 I pulseaudio: [pulseaudio] remap.c: Using 4-channel arrange remapping
04-20 01:36:34.252  2411  2411 D pulseaudio: [pulseaudio] memblockq.c: memblockq requested: maxlength=33554432, tlength=0, base=8, prebuf=0, minreq=1 maxrewind=0
04-20 01:36:34.252  2411  2411 D pulseaudio: [pulseaudio] memblockq.c: memblockq sanitized: maxlength=33554432, tlength=33554432, base=8, prebuf=0, minreq=8 maxrewind=0
04-20 01:36:34.252  2411  2411 I pulseaudio: [pulseaudio] sink-input.c: Created input 2 "Simultaneous output on csm_rsi" on alsa_output.avb.csm_rsi with sample spec s16le 8ch 48000Hz and channel map aux0,aux1,aux2,aux3,aux4,aux5,aux6,aux7
04-20 01:36:34.252  2411  2411 I pulseaudio: [pulseaudio] sink-input.c:     media.name = "Simultaneous output on csm_rsi"
04-20 01:36:34.252  2411  2411 I pulseaudio: [pulseaudio] sink-input.c:     media.role = "filter"
04-20 01:36:34.252  2411  2540 D pulseaudio: [alsa-sink-csm_rsi] module-combine-sink.c: attach max request 9216
04-20 01:36:34.252  2411  2540 D pulseaudio: [alsa-sink-csm_rsi] module-combine-sink.c: attach latency range 12000 12000
04-20 01:36:34.252  2411  2479 D pulseaudio: [combine] module-combine-sink.c: Sink update max request 9216
04-20 01:36:34.252  2411  2479 D pulseaudio: [combine] module-combine-sink.c: Sink update latency range 12000 12000
04-20 01:36:34.252  2411  2540 D pulseaudio: [alsa-sink-csm_rsi] alsa-sink.c: Requested to rewind 0 bytes.
04-20 01:36:34.252  2411  2540 D pulseaudio: [alsa-sink-csm_rsi] alsa-sink.c: Mhmm, actually there is nothing to rewind.
04-20 01:36:34.252  2411  2411 I pulseaudio: [pulseaudio] module.c: Loaded "module-alsa-sink" (index: #11; argument: "device=avb_csm_rsi sink_name=alsa_output.avb.csm_rsi tsched=0 channels=4 rewind_safeguard=20480 format=s16le channel_map=aux0,aux1,aux2,aux3 mmap=1").
04-20 01:36:34.253  2411  2411 D pulseaudio: [pulseaudio] core-util.c: SCHED_RR|SCHED_RESET_ON_FORK worked.
04-20 01:36:34.253  2411  2411 I pulseaudio: [pulseaudio] core-util.c: Successfully enabled SCHED_RR scheduling for thread, with priority 50.
04-20 01:36:34.253  2411  2411 I pulseaudio: [pulseaudio] main.c: Daemon startup complete.
04-20 01:36:34.253  2539  2539 D GMLoggerService: GMLog: in daemon
04-20 01:36:34.258  1677  1677 I ServiceManager: service 'media.audio_flinger' died
04-20 01:36:34.258  1677  1677 I ServiceManager: service 'media.player' died
04-20 01:36:34.258  1677  1677 I ServiceManager: service 'media.resource_manager' died
04-20 01:36:34.258  1677  1677 I ServiceManager: service 'media.camera' died
04-20 01:36:34.258  1677  1677 I ServiceManager: service 'media.audio_policy' died
04-20 01:36:34.258  1677  1677 I ServiceManager: service 'media.radio' died
04-20 01:36:34.258  1677  1677 I ServiceManager: service 'media.sound_trigger_hw' died
04-20 01:36:34.263  2315  2393 D GMLoggerService: GHSLogger: launch ghslogger daemon...
04-20 01:36:34.263  2315  2393 D GMLoggerService: GMLog: run_daemon() /system/bin/ghslogger
04-20 01:36:34.263  2315  2393 D GMLoggerService: GMLog: run_daemon() done! daemon pid=2546
04-20 01:36:34.263  2315  2393 D GMLoggerService: GHSLogger: ghslogger launched! pid=2546
04-20 01:36:34.264  2315  2393 D GMLoggerService: GMLoggerd : invoking startLog of CinemoLogger
04-20 01:36:34.265  2329  2419 E DPTF    : ERROR:[<DPTF>]<1555738594265 ms>: DPTF Build Version:  8.3.8888.9999	DPTF Build Date:  Feb 28 2018 22:36:14	Source File:  vendor/intel/dptf/DPTF/Androidx86/jni/Policies/CriticalPolicy/../../../../Sources/Policies/CriticalPolicy/CriticalPolicy.cpp @ line 200	Executing Function:  void CriticalPolicy::takePowerActionBasedOnThermalState(ParticipantProxyInterface*)	Message:  Considering actions based on temperature of 25.0.	Policy:  Critical Policy [2]	
04-20 01:36:34.271  2546  2546 D GMLoggerService: GMLog: in daemon
04-20 01:36:34.272  2042  2249 E vehicle_abstraction: CODIDynamicDataGroup::processRxGroupSignal ODI data (dataID = 36) not mapped (fucID = 7) 
04-20 01:36:34.275  2024  2024 D AndroidRuntime: CheckJNI is OFF
04-20 01:36:34.283  2329  2419 E DPTF    : ERROR:[<DPTF>]<1555738594283 ms>: DPTF Build Version:  8.3.8888.9999	DPTF Build Date:  Feb 28 2018 22:36:14	Source File:  vendor/intel/dptf/DPTF/Androidx86/jni/Policies/CriticalPolicy/../../../../Sources/Policies/CriticalPolicy/CriticalPolicy.cpp @ line 200	Executing Function:  void CriticalPolicy::takePowerActionBasedOnThermalState(ParticipantProxyInterface*)	Message:  Considering actions based on temperature of 25.0.	Policy:  Critical Policy [2]	
04-20 01:36:34.296  2329  2419 E DPTF    : ERROR:[<DPTF>]<1555738594296 ms>: DPTF Build Version:  8.3.8888.9999	DPTF Build Date:  Feb 28 2018 22:36:14	Source File:  vendor/intel/dptf/DPTF/Androidx86/jni/Policies/CriticalPolicy/../../../../Sources/Policies/CriticalPolicy/CriticalPolicy.cpp @ line 200	Executing Function:  void CriticalPolicy::takePowerActionBasedOnThermalState(ParticipantProxyInterface*)	Message:  Considering actions based on temperature of 38.0.	Policy:  Critical Policy [2]	
04-20 01:36:34.304  2042  2249 E vehicle_abstraction: CODIDynamicDataGroup::processRxGroupSignal ODI data (dataID = 37) not mapped (fucID = 7) 
04-20 01:36:34.311  2329  2419 E DPTF    : ERROR:[<DPTF>]<1555738594311 ms>: DPTF Build Version:  8.3.8888.9999	DPTF Build Date:  Feb 28 2018 22:36:14	Source File:  vendor/intel/dptf/DPTF/Androidx86/jni/Policies/CriticalPolicy/../../../../Sources/Policies/CriticalPolicy/CriticalPolicy.cpp @ line 200	Executing Function:  void CriticalPolicy::takePowerActionBasedOnThermalState(ParticipantProxyInterface*)	Message:  Considering actions based on temperature of 37.0.	Policy:  Critical Policy [2]	
04-20 01:36:34.319  2329  2419 E DPTF    : ERROR:[<DPTF>]<1555738594319 ms>: DPTF Build Version:  8.3.8888.9999	DPTF Build Date:  Feb 28 2018 22:36:14	Source File:  vendor/intel/dptf/DPTF/Androidx86/jni/Policies/CriticalPolicy/../../../../Sources/Policies/CriticalPolicy/CriticalPolicy.cpp @ line 200	Executing Function:  void CriticalPolicy::takePowerActionBasedOnThermalState(ParticipantProxyInterface*)	Message:  Considering actions based on temperature of 37.0.	Policy:  Critical Policy [2]	
04-20 01:36:34.321  2264  2295 I lvds_device: setAuxBrightness MSB :0x00 LSB: 0x00
04-20 01:36:34.325  2264  2295 I lvds_device: Msg : 0xb1 0x0 0x0 0x0 0x0 0x0 0x0 0x0
04-20 01:36:34.326  2315  2393 D GMLoggerService: GMLoggerd : mLogLevelCinemo = -1 setLogLevel
04-20 01:36:34.327  2329  2419 E DPTF    : ERROR:[<DPTF>]<1555738594327 ms>: DPTF Build Version:  8.3.8888.9999	DPTF Build Date:  Feb 28 2018 22:36:14	Source File:  vendor/intel/dptf/DPTF/Androidx86/jni/Policies/CriticalPolicy/../../../../Sources/Policies/CriticalPolicy/CriticalPolicy.cpp @ line 200	Executing Function:  void CriticalPolicy::takePowerActionBasedOnThermalState(ParticipantProxyInterface*)	Message:  Considering actions based on temperature of 37.0.	Policy:  Critical Policy [2]	
04-20 01:36:34.329  2042  2249 E vehicle_abstraction: CODIDynamicDataGroup::processRxGroupSignal ODI data (dataID = 38) not mapped (fucID = 7) 
04-20 01:36:34.333  2329  2419 E DPTF    : ERROR:[<DPTF>]<1555738594333 ms>: DPTF Build Version:  8.3.8888.9999	DPTF Build Date:  Feb 28 2018 22:36:14	Source File:  vendor/intel/dptf/DPTF/Androidx86/jni/Policies/CriticalPolicy/../../../../Sources/Policies/CriticalPolicy/CriticalPolicy.cpp @ line 200	Executing Function:  void CriticalPolicy::takePowerActionBasedOnThermalState(ParticipantProxyInterface*)	Message:  Considering actions based on temperature of 38.0.	Policy:  Critical Policy [2]	
04-20 01:36:34.342  2543  2543 I VAS/VehicleAudioService: VehicleAudioService() constructor
04-20 01:36:34.343  2329  2419 E DPTF    : ERROR:[<DPTF>]<1555738594343 ms>: DPTF Build Version:  8.3.8888.9999	DPTF Build Date:  Feb 28 2018 22:36:14	Source File:  vendor/intel/dptf/DPTF/Androidx86/jni/Manager/../../../Sources/Manager/DomainWorkItem.cpp @ line 56	Executing Function:  void DomainWorkItem::writeDomainWorkItemErrorMessage(const std::exception&, const string&) const	Message:  Unhandled exception caught during execution of work item	Framework Event:  DptfParticipantActivityLoggingEnabled [6]	Participant:  TDSP [3]	Domain:  DFL [0]	Exception Function:  Participant::activityLoggingEnabled	Exception Text:  		DPTF Build Version:  8.3.8888.9999	DPTF Build Date:  Feb 28 2018 22:36:14	Source File:  vendor/intel/dptf/DPTF/Androidx86/jni/Manager/../../../Sources/Manager/EsifServices.cpp @ line 206	Executing Function:  virtual UInt32 EsifServices::primitiveExecuteGetAsUInt32(esif_primitive_type, UIntN, UIntN, UInt8)	Message:  Error returned from ESIF services interface function call	Participant:  TDSP [3]	Domain:  DFL [0]	ESIF Primitive:  GET_DISPLAY_DEPTH_LIMIT [160]	ESIF Instance:  255	ESIF Return Code:  ESIF_E_NO_LOWER_FRAMEWORK [1001]			
04-20 01:36:34.346  2042  2249 E vehicle_abstraction: CGlobalASignalMappings::signalInfoForAbstractionSignalID unmapped  abstractionID 4359
04-20 01:36:34.367  2543  2543 I VAS/EQTool: CEQToolInterface() constructor
04-20 01:36:34.368  2543  2543 I VAS/AudioCtrlSvcImpl: CAudioCtrlSvcImpl() VehicleAudioService starts initialization at 6
04-20 01:36:34.368  2543  2543 D BOOT-TIME|:  VehicleAudioService start initialization at 5966
04-20 01:36:34.368  2543  2543 I VAS/AudioCtrlSvcImpl: CAudioCtrlSvcImpl() AmplifierType set to 3
04-20 01:36:34.369  2543  2543 I VAS/ExternalAmpIface: update() attrName AutoLdnsCmpnAct, rawValue 1.00
04-20 01:36:34.369  2543  2543 E pal_vehicle: [VDATA:VEHICLE_CLIENT] setVehicleServiceData:[pal_vehicle_client.cpp:613] Error, Binder Service is not connected
04-20 01:36:34.369  2543  2543 E pal_vehicle: [VDATA:VEHICLE_COMMON] pal_vdata_set_signal_value:[pal_vehicle_data.cpp:310] Error, Set data sig=4071 AMPLIFIER_SETTINGS_SINK_LEVEL_CONTROL
04-20 01:36:34.369  2543  2543 E pal_vehicle: [VDATA:VEHICLE_COMMON] convert_result:[pal_vehicle_data.cpp:113] API: set_amplifier_settings_sink_level_control FAILED pal_vdata_convert_result() is 6
04-20 01:36:34.369  2543  2543 I VAS/ExternalAmpIface: update() attrName MtxSnkBass, rawValue 0.00
04-20 01:36:34.369  2543  2543 E pal_vehicle: [VDATA:VEHICLE_CLIENT] setVehicleServiceData:[pal_vehicle_client.cpp:613] Error, Binder Service is not connected
04-20 01:36:34.369  2543  2543 E pal_vehicle: [VDATA:VEHICLE_COMMON] pal_vdata_set_signal_value:[pal_vehicle_data.cpp:310] Error, Set data sig=4071 AMPLIFIER_SETTINGS_SINK_LEVEL_CONTROL
04-20 01:36:34.369  2543  2543 E pal_vehicle: [VDATA:VEHICLE_COMMON] convert_result:[pal_vehicle_data.cpp:113] API: set_amplifier_settings_sink_level_control FAILED pal_vdata_convert_result() is 6
04-20 01:36:34.369  2543  2543 E VAS/AudioDriverInterface: setBass() Dirana is NOT ready to use => skipping
04-20 01:36:34.369  2543  2543 I VAS/AudioDriverInterface: initAudio() entry
04-20 01:36:34.370  2543  2543 E VAS/AudioDriverInterface: initAudio() chime_pal_init() successful
04-20 01:36:34.370  2543  2543 E VAS/AudioDriverInterface: initAudio() chime_pal_set_audio_standby_unmute successful
04-20 01:36:34.370  2543  2543 E KPI     : PAL_AUDIO_INIT START
04-20 01:36:34.370  2543  2543 I libpal_audio: audio_init Entered!
04-20 01:36:34.370  2543  2543 I libpal_audio: Audio PAL Source Code Checksum: CHKSUM_a7a8117b7243694440f94392bdc367ad 
04-20 01:36:34.370  2543  2543 I libpal_audio: audio_initHarmanCrossBar Entered!
04-20 01:36:34.371  2411  2411 I pulseaudio: [pulseaudio] client.c: Created 0 "Native client (UNIX socket client)"
04-20 01:36:34.371  2411  2411 D pulseaudio: [pulseaudio] protocol-native.c: Protocol version: remote 30, local 30
04-20 01:36:34.371  2411  2411 I pulseaudio: [pulseaudio] protocol-native.c: Got credentials: uid=1013 gid=1005 success=1
04-20 01:36:34.371  2411  2411 D pulseaudio: [pulseaudio] protocol-native.c: SHM possible: no
04-20 01:36:34.371  2411  2411 D pulseaudio: [pulseaudio] protocol-native.c: Negotiated SHM: no
04-20 01:36:34.371  2411  2411 D pulseaudio: [pulseaudio] protocol-native.c: Disabling srbchannel, reason: Must be enabled by module parameter
04-20 01:36:34.372  2543  2543 I libpal_audio: pa_ac_create_connection success!
04-20 01:36:34.372  2543  2543 I libpal_audio: audio_initDiranaSystem audioCfgPath = /etc/diranaCfg.xml
04-20 01:36:34.372  2543  2543 I libpal_audio: libPROAUDIO BUILD DATE Apr 17 2019 BUILD TIME 23:03:22 
04-20 01:36:34.372  2543  2543 I libpal_audio: audio_init_config_params Entered!
04-20 01:36:34.372  2543  2543 D libpal_audio: open_i2c_dev i2cbus=3
04-20 01:36:34.372  2543  2543 D libpal_audio: i2c_direct_send file=9, chipAdrress=28, size=2
04-20 01:36:34.372  2543  2543 D libpal_audio: i2c_direct_send value[0]=0x00
04-20 01:36:34.372  2543  2543 D libpal_audio: i2c_direct_send value[1]=0x10
04-20 01:36:34.374  2543  2543 D libpal_audio: i2c_direct_send file=9, chipAdrress=28, size=2
04-20 01:36:34.374  2543  2543 D libpal_audio: i2c_direct_send value[0]=0x3F
04-20 01:36:34.374  2543  2543 D libpal_audio: i2c_direct_send value[1]=0x0D
04-20 01:36:34.374  2543  2543 I libpal_audio: i2c device: successfully opened
04-20 01:36:34.374  2543  2543 I libpal_audio: audio_initGmDirana Entered!
04-20 01:36:34.374  2543  2543 D libpal_audio: i2c_direct_send file=9, chipAdrress=28, size=6
04-20 01:36:34.374  2543  2543 D libpal_audio: i2c_direct_send value[0]=0xF4
04-20 01:36:34.374  2543  2543 D libpal_audio: i2c_direct_send value[1]=0x03
04-20 01:36:34.374  2543  2543 D libpal_audio: i2c_direct_send value[2]=0x82
04-20 01:36:34.374  2543  2543 D libpal_audio: i2c_direct_send value[3]=0x80
04-20 01:36:34.374  2543  2543 D libpal_audio: i2c_direct_send value[4]=0x00
04-20 01:36:34.374  2543  2543 D libpal_audio: i2c_direct_send value[5]=0x00
04-20 01:36:34.374  2543  2543 D libpal_audio: sucess: Updating X-Memory or relative address 
04-20 01:36:34.374  2543  2543 D libpal_audio: i2c_direct_send file=9, chipAdrress=28, size=6
04-20 01:36:34.374  2543  2543 D libpal_audio: i2c_direct_send value[0]=0xF4
04-20 01:36:34.374  2543  2543 D libpal_audio: i2c_direct_send value[1]=0x03
04-20 01:36:34.374  2543  2543 D libpal_audio: i2c_direct_send value[2]=0x85
04-20 01:36:34.374  2543  2543 D libpal_audio: i2c_direct_send value[3]=0x80
04-20 01:36:34.374  2543  2543 D libpal_audio: i2c_direct_send value[4]=0x00
04-20 01:36:34.374  2543  2543 D libpal_audio: i2c_direct_send value[5]=0x00
04-20 01:36:34.375  2543  2543 D libpal_audio: sucess: Updating X-Memory or relative address 
04-20 01:36:34.375  2543  2543 D libpal_audio: i2c_direct_send file=9, chipAdrress=28, size=6
04-20 01:36:34.375  2543  2543 D libpal_audio: i2c_direct_send value[0]=0xF4
04-20 01:36:34.375  2543  2543 D libpal_audio: i2c_direct_send value[1]=0x03
04-20 01:36:34.375  2543  2543 D libpal_audio: i2c_direct_send value[2]=0x86
04-20 01:36:34.375  2543  2543 D libpal_audio: i2c_direct_send value[3]=0x80
04-20 01:36:34.375  2543  2543 D libpal_audio: i2c_direct_send value[4]=0x00
04-20 01:36:34.375  2543  2543 D libpal_audio: i2c_direct_send value[5]=0x00
04-20 01:36:34.375  2543  2543 D libpal_audio: sucess: Updating X-Memory or relative address 
04-20 01:36:34.375  2543  2543 D libpal_audio: i2c_direct_send file=9, chipAdrress=28, size=6
04-20 01:36:34.375  2543  2543 D libpal_audio: i2c_direct_send value[0]=0xF4
04-20 01:36:34.375  2543  2543 D libpal_audio: i2c_direct_send value[1]=0x03
04-20 01:36:34.375  2543  2543 D libpal_audio: i2c_direct_send value[2]=0x87
04-20 01:36:34.375  2543  2543 D libpal_audio: i2c_direct_send value[3]=0x80
04-20 01:36:34.375  2543  2543 D libpal_audio: i2c_direct_send value[4]=0x00
04-20 01:36:34.375  2543  2543 D libpal_audio: i2c_direct_send value[5]=0x00
04-20 01:36:34.376  2543  2543 D libpal_audio: sucess: Updating X-Memory or relative address 
04-20 01:36:34.376  2543  2543 D libpal_audio: i2c_direct_send file=9, chipAdrress=28, size=6
04-20 01:36:34.376  2543  2543 D libpal_audio: i2c_direct_send value[0]=0xF4
04-20 01:36:34.376  2543  2543 D libpal_audio: i2c_direct_send value[1]=0x03
04-20 01:36:34.376  2543  2543 D libpal_audio: i2c_direct_send value[2]=0x88
04-20 01:36:34.376  2543  2543 D libpal_audio: i2c_direct_send value[3]=0x80
04-20 01:36:34.376  2543  2543 D libpal_audio: i2c_direct_send value[4]=0x00
04-20 01:36:34.376  2543  2543 D libpal_audio: i2c_direct_send value[5]=0x00
04-20 01:36:34.376  2543  2543 D libpal_audio: sucess: Updating X-Memory or relative address 
04-20 01:36:34.376  2543  2543 D libpal_audio: i2c_direct_send file=9, chipAdrress=28, size=6
04-20 01:36:34.376  2543  2543 D libpal_audio: i2c_direct_send value[0]=0xF4
04-20 01:36:34.376  2543  2543 D libpal_audio: i2c_direct_send value[1]=0x03
04-20 01:36:34.376  2543  2543 D libpal_audio: i2c_direct_send value[2]=0x89
04-20 01:36:34.376  2543  2543 D libpal_audio: i2c_direct_send value[3]=0x80
04-20 01:36:34.376  2543  2543 D libpal_audio: i2c_direct_send value[4]=0x00
04-20 01:36:34.376  2543  2543 D libpal_audio: i2c_direct_send value[5]=0x00
04-20 01:36:34.376  2543  2543 D libpal_audio: sucess: Updating X-Memory or relative address 
04-20 01:36:34.376  2543  2543 D libpal_audio: i2c_direct_send file=9, chipAdrress=28, size=3
04-20 01:36:34.376  2543  2543 D libpal_audio: i2c_direct_send value[0]=0xA9
04-20 01:36:34.376  2543  2543 D libpal_audio: i2c_direct_send value[1]=0x28
04-20 01:36:34.376  2543  2543 D libpal_audio: i2c_direct_send value[2]=0x00
04-20 01:36:34.377  2543  2543 D libpal_audio: i2c_direct_send file=9, chipAdrress=28, size=3
04-20 01:36:34.377  2543  2543 D libpal_audio: i2c_direct_send value[0]=0xA9
04-20 01:36:34.377  2543  2543 D libpal_audio: i2c_direct_send value[1]=0x32
04-20 01:36:34.377  2543  2543 D libpal_audio: i2c_direct_send value[2]=0x00
04-20 01:36:34.377  2543  2543 D libpal_audio: i2c_direct_send file=9, chipAdrress=28, size=3
04-20 01:36:34.377  2543  2543 D libpal_audio: i2c_direct_send value[0]=0xA9
04-20 01:36:34.377  2543  2543 D libpal_audio: i2c_direct_send value[1]=0x33
04-20 01:36:34.377  2543  2543 D libpal_audio: i2c_direct_send value[2]=0x00
04-20 01:36:34.377  2543  2543 D libpal_audio: i2c_direct_send file=9, chipAdrress=28, size=3
04-20 01:36:34.377  2543  2543 D libpal_audio: i2c_direct_send value[0]=0xA9
04-20 01:36:34.377  2543  2543 D libpal_audio: i2c_direct_send value[1]=0x00
04-20 01:36:34.377  2543  2543 D libpal_audio: i2c_direct_send value[2]=0x02
04-20 01:36:34.378  2543  2543 D libpal_audio: i2c_direct_send file=9, chipAdrress=28, size=3
04-20 01:36:34.378  2543  2543 D libpal_audio: i2c_direct_send value[0]=0xA9
04-20 01:36:34.378  2543  2543 D libpal_audio: i2c_direct_send value[1]=0x01
04-20 01:36:34.378  2543  2543 D libpal_audio: i2c_direct_send value[2]=0x02
04-20 01:36:34.378  2315  2393 D GMLoggerd::VIPLogger: VIPLogger: Started Logging VIP Messages
04-20 01:36:34.378  2543  2543 D libpal_audio: i2c_direct_send file=9, chipAdrress=28, size=3
04-20 01:36:34.378  2543  2543 D libpal_audio: i2c_direct_send value[0]=0xA9
04-20 01:36:34.378  2543  2543 D libpal_audio: i2c_direct_send value[1]=0x02
04-20 01:36:34.378  2543  2543 D libpal_audio: i2c_direct_send value[2]=0x00
04-20 01:36:34.378  2315  2611 D GMLoggerService: Monitor thread instantiated.
04-20 01:36:34.378  2543  2543 D libpal_audio: i2c_direct_send file=9, chipAdrress=28, size=3
04-20 01:36:34.378  2543  2543 D libpal_audio: i2c_direct_send value[0]=0xA9
04-20 01:36:34.378  2543  2543 D libpal_audio: i2c_direct_send value[1]=0x03
04-20 01:36:34.378  2543  2543 D libpal_audio: i2c_direct_send value[2]=0x00
04-20 01:36:34.378  2543  2543 D libpal_audio: i2c_direct_send file=9, chipAdrress=28, size=3
04-20 01:36:34.379  2543  2543 D libpal_audio: i2c_direct_send value[0]=0xA9
04-20 01:36:34.379  2543  2543 D libpal_audio: i2c_direct_send value[1]=0x30
04-20 01:36:34.379  2543  2543 D libpal_audio: i2c_direct_send value[2]=0x01
04-20 01:36:34.379  2543  2543 D libpal_audio: i2c_direct_send file=9, chipAdrress=28, size=3
04-20 01:36:34.379  2543  2543 D libpal_audio: i2c_direct_send value[0]=0xA9
04-20 01:36:34.379  2543  2543 D libpal_audio: i2c_direct_send value[1]=0x35
04-20 01:36:34.379  2543  2543 D libpal_audio: i2c_direct_send value[2]=0x01
04-20 01:36:34.379  2543  2543 D libpal_audio: i2c_direct_send file=9, chipAdrress=28, size=3
04-20 01:36:34.379  2543  2543 D libpal_audio: i2c_direct_send value[0]=0xA9
04-20 01:36:34.379  2543  2543 D libpal_audio: i2c_direct_send value[1]=0x2A
04-20 01:36:34.379  2543  2543 D libpal_audio: i2c_direct_send value[2]=0x03
04-20 01:36:34.379  2543  2543 D libpal_audio: i2c_direct_send file=9, chipAdrress=28, size=3
04-20 01:36:34.379  2543  2543 D libpal_audio: i2c_direct_send value[0]=0xA9
04-20 01:36:34.379  2543  2543 D libpal_audio: i2c_direct_send value[1]=0x2B
04-20 01:36:34.379  2543  2543 D libpal_audio: i2c_direct_send value[2]=0x03
04-20 01:36:34.379  2543  2543 D libpal_audio: i2c_direct_send file=9, chipAdrress=28, size=3
04-20 01:36:34.379  2543  2543 D libpal_audio: i2c_direct_send value[0]=0xA9
04-20 01:36:34.379  2543  2543 D libpal_audio: i2c_direct_send value[1]=0x2C
04-20 01:36:34.379  2543  2543 D libpal_audio: i2c_direct_send value[2]=0x02
04-20 01:36:34.380  2543  2543 D libpal_audio: i2c_direct_send file=9, chipAdrress=28, size=3
04-20 01:36:34.380  2543  2543 D libpal_audio: i2c_direct_send value[0]=0xA9
04-20 01:36:34.380  2543  2543 D libpal_audio: i2c_direct_send value[1]=0x37
04-20 01:36:34.380  2543  2543 D libpal_audio: i2c_direct_send value[2]=0x01
04-20 01:36:34.380  2543  2543 D libpal_audio: i2c_direct_send file=9, chipAdrress=28, size=3
04-20 01:36:34.380  2543  2543 D libpal_audio: i2c_direct_send value[0]=0xA9
04-20 01:36:34.380  2543  2543 D libpal_audio: i2c_direct_send value[1]=0x40
04-20 01:36:34.380  2543  2543 D libpal_audio: i2c_direct_send value[2]=0x00
04-20 01:36:34.380  2543  2543 D libpal_audio: i2c_direct_send file=9, chipAdrress=28, size=3
04-20 01:36:34.380  2543  2543 D libpal_audio: i2c_direct_send value[0]=0xA9
04-20 01:36:34.380  2543  2543 D libpal_audio: i2c_direct_send value[1]=0x41
04-20 01:36:34.380  2543  2543 D libpal_audio: i2c_direct_send value[2]=0x00
04-20 01:36:34.380  2543  2543 D libpal_audio: i2c_direct_send file=9, chipAdrress=28, size=3
04-20 01:36:34.380  2543  2543 D libpal_audio: i2c_direct_send value[0]=0xA9
04-20 01:36:34.380  2543  2543 D libpal_audio: i2c_direct_send value[1]=0x46
04-20 01:36:34.380  2543  2543 D libpal_audio: i2c_direct_send value[2]=0x00
04-20 01:36:34.381  2543  2543 D libpal_audio: i2c_direct_send file=9, chipAdrress=28, size=3
04-20 01:36:34.381  2543  2543 D libpal_audio: i2c_direct_send value[0]=0xA9
04-20 01:36:34.381  2543  2543 D libpal_audio: i2c_direct_send value[1]=0x47
04-20 01:36:34.381  2543  2543 D libpal_audio: i2c_direct_send value[2]=0x00
04-20 01:36:34.381  2543  2543 D libpal_audio: i2c_direct_send file=9, chipAdrress=28, size=3
04-20 01:36:34.381  2543  2543 D libpal_audio: i2c_direct_send value[0]=0xA9
04-20 01:36:34.381  2543  2543 D libpal_audio: i2c_direct_send value[1]=0x50
04-20 01:36:34.381  2543  2543 D libpal_audio: i2c_direct_send value[2]=0x00
04-20 01:36:34.381  2543  2543 D libpal_audio: i2c_direct_send file=9, chipAdrress=28, size=3
04-20 01:36:34.381  2543  2543 D libpal_audio: i2c_direct_send value[0]=0xA9
04-20 01:36:34.381  2543  2543 D libpal_audio: i2c_direct_send value[1]=0x54
04-20 01:36:34.381  2543  2543 D libpal_audio: i2c_direct_send value[2]=0x00
04-20 01:36:34.381  2543  2543 D libpal_audio: i2c_direct_send file=9, chipAdrress=28, size=3
04-20 01:36:34.381  2543  2543 D libpal_audio: i2c_direct_send value[0]=0xA9
04-20 01:36:34.381  2543  2543 D libpal_audio: i2c_direct_send value[1]=0x55
04-20 01:36:34.381  2543  2543 D libpal_audio: i2c_direct_send value[2]=0x00
04-20 01:36:34.382  2543  2543 D libpal_audio: i2c_direct_send file=9, chipAdrress=28, size=3
04-20 01:36:34.382  2543  2543 D libpal_audio: i2c_direct_send value[0]=0xA9
04-20 01:36:34.382  2543  2543 D libpal_audio: i2c_direct_send value[1]=0x56
04-20 01:36:34.382  2543  2543 D libpal_audio: i2c_direct_send value[2]=0x00
04-20 01:36:34.382  2543  2543 D libpal_audio: i2c_direct_send file=9, chipAdrress=28, size=3
04-20 01:36:34.382  2543  2543 D libpal_audio: i2c_direct_send value[0]=0xC9
04-20 01:36:34.382  2543  2543 D libpal_audio: i2c_direct_send value[1]=0x01
04-20 01:36:34.382  2543  2543 D libpal_audio: i2c_direct_send value[2]=0x01
04-20 01:36:34.382  2543  2543 D libpal_audio: i2c_direct_send file=9, chipAdrress=28, size=3
04-20 01:36:34.382  2543  2543 D libpal_audio: i2c_direct_send value[0]=0xA9
04-20 01:36:34.382  2543  2543 D libpal_audio: i2c_direct_send value[1]=0x68
04-20 01:36:34.382  2543  2543 D libpal_audio: i2c_direct_send value[2]=0x01
04-20 01:36:34.382  2543  2543 D libpal_audio: i2c_direct_send file=9, chipAdrress=28, size=2
04-20 01:36:34.382  2543  2543 D libpal_audio: i2c_direct_send value[0]=0xA8
04-20 01:36:34.382  2543  2543 D libpal_audio: i2c_direct_send value[1]=0x05
04-20 01:36:34.382  2543  2543 I libpal_audio: audio_init_commands Entered!
04-20 01:36:34.382  2543  2543 D libpal_audio: i2c_direct_send file=9, chipAdrress=28, size=6
04-20 01:36:34.382  2543  2543 D libpal_audio: i2c_direct_send value[0]=0xF4
04-20 01:36:34.382  2543  2543 D libpal_audio: i2c_direct_send value[1]=0x00
04-20 01:36:34.382  2543  2543 D libpal_audio: i2c_direct_send value[2]=0x4D
04-20 01:36:34.382  2543  2543 D libpal_audio: i2c_direct_send value[3]=0x00
04-20 01:36:34.382  2543  2543 D libpal_audio: i2c_direct_send value[4]=0x00
04-20 01:36:34.382  2543  2543 D libpal_audio: i2c_direct_send value[5]=0x00
04-20 01:36:34.383  2543  2543 D libpal_audio: sucess: Updating X-Memory or relative address 
04-20 01:36:34.383  2543  2543 I libpal_audio: audio_parEQ_pre_scale outChannel = 1, gain = 12.000000
04-20 01:36:34.383  2543  2543 I libpal_audio: audioInitStatus: INITIALIZING
04-20 01:36:34.383  2543  2543 D libpal_audio: i2c_direct_send file=9, chipAdrress=28, size=5
04-20 01:36:34.383  2543  2543 D libpal_audio: i2c_direct_send value[0]=0xF4
04-20 01:36:34.383  2543  2543 D libpal_audio: i2c_direct_send value[1]=0x40
04-20 01:36:34.383  2543  2543 D libpal_audio: i2c_direct_send value[2]=0x6F
04-20 01:36:34.383  2543  2543 D libpal_audio: i2c_direct_send value[3]=0x02
04-20 01:36:34.383  2543  2543 D libpal_audio: i2c_direct_send value[4]=0x02
04-20 01:36:34.383  2543  2543 D libpal_audio: Successful to do pre-scaling for Parametric Equalizer, set gain to 12.000000 dB for channel 1
04-20 01:36:34.383  2543  2543 I libpal_audio: audio_parEQ_pre_scale outChannel = 3, gain = 12.000000
04-20 01:36:34.383  2543  2543 I libpal_audio: audioInitStatus: INITIALIZING
04-20 01:36:34.383  2543  2543 D libpal_audio: i2c_direct_send file=9, chipAdrress=28, size=5
04-20 01:36:34.383  2543  2543 D libpal_audio: i2c_direct_send value[0]=0xF4
04-20 01:36:34.383  2543  2543 D libpal_audio: i2c_direct_send value[1]=0x40
04-20 01:36:34.383  2543  2543 D libpal_audio: i2c_direct_send value[2]=0x70
04-20 01:36:34.383  2543  2543 D libpal_audio: i2c_direct_send value[3]=0x02
04-20 01:36:34.383  2543  2543 D libpal_audio: i2c_direct_send value[4]=0x02
04-20 01:36:34.383  2543  2543 D libpal_audio: Successful to do pre-scaling for Parametric Equalizer, set gain to 12.000000 dB for channel 3
04-20 01:36:34.383  2543  2543 D libpal_audio: i2c_direct_send file=9, chipAdrress=28, size=6
04-20 01:36:34.383  2543  2543 D libpal_audio: i2c_direct_send value[0]=0xF4
04-20 01:36:34.383  2543  2543 D libpal_audio: i2c_direct_send value[1]=0x00
04-20 01:36:34.383  2543  2543 D libpal_audio: i2c_direct_send value[2]=0x50
04-20 01:36:34.383  2543  2543 D libpal_audio: i2c_direct_send value[3]=0x08
04-20 01:36:34.383  2543  2543 D libpal_audio: i2c_direct_send value[4]=0x13
04-20 01:36:34.383  2543  2543 D libpal_audio: i2c_direct_send value[5]=0x85
04-20 01:36:34.384  2543  2543 D libpal_audio: sucess: Updating X-Memory or relative address 
04-20 01:36:34.384  2543  2543 D libpal_audio: i2c_direct_send file=9, chipAdrress=28, size=5
04-20 01:36:34.384  2543  2543 D libpal_audio: i2c_direct_send value[0]=0xF4
04-20 01:36:34.384  2543  2543 D libpal_audio: i2c_direct_send value[1]=0x40
04-20 01:36:34.384  2543  2543 D libpal_audio: i2c_direct_send value[2]=0xA5
04-20 01:36:34.384  2543  2543 D libpal_audio: i2c_direct_send value[3]=0x07
04-20 01:36:34.384  2543  2543 D libpal_audio: i2c_direct_send value[4]=0xFF
04-20 01:36:34.386  2024  2024 I art     : option[0]=-Xzygote
04-20 01:36:34.386  2024  2024 I art     : option[1]=-Xstacktracefile:/data/anr/traces.txt
04-20 01:36:34.386  2024  2024 I art     : option[2]=exit
04-20 01:36:34.386  2024  2024 I art     : option[3]=vfprintf
04-20 01:36:34.386  2024  2024 I art     : option[4]=sensitiveThread
04-20 01:36:34.386  2024  2024 I art     : option[5]=-verbose:gc
04-20 01:36:34.386  2024  2024 I art     : option[6]=-Xms8m
04-20 01:36:34.386  2024  2024 I art     : option[7]=-Xmx512m
04-20 01:36:34.386  2024  2024 I art     : option[8]=-XX:HeapGrowthLimit=144m
04-20 01:36:34.386  2024  2024 I art     : option[9]=-XX:HeapMinFree=512k
04-20 01:36:34.386  2024  2024 I art     : option[10]=-XX:HeapMaxFree=8m
04-20 01:36:34.386  2024  2024 I art     : option[11]=-XX:HeapTargetUtilization=0.75
04-20 01:36:34.386  2024  2024 I art     : option[12]=-agentlib:jdwp=transport=dt_android_adb,suspend=n,server=y
04-20 01:36:34.386  2024  2024 I art     : option[13]=-Ximage-compiler-option
04-20 01:36:34.386  2024  2024 I art     : option[14]=--runtime-arg
04-20 01:36:34.386  2024  2024 I art     : option[15]=-Ximage-compiler-option
04-20 01:36:34.386  2024  2024 I art     : option[16]=-Xms64m
04-20 01:36:34.386  2024  2024 I art     : option[17]=-Ximage-compiler-option
04-20 01:36:34.386  2024  2024 I art     : option[18]=--runtime-arg
04-20 01:36:34.386  2024  2024 I art     : option[19]=-Ximage-compiler-option
04-20 01:36:34.386  2024  2024 I art     : option[20]=-Xmx64m
04-20 01:36:34.386  2024  2024 I art     : option[21]=-Ximage-compiler-option
04-20 01:36:34.386  2024  2024 I art     : option[22]=--image-classes=/system/etc/preloaded-classes
04-20 01:36:34.386  2024  2024 I art     : option[23]=-Xcompiler-option
04-20 01:36:34.386  2024  2024 I art     : option[24]=--runtime-arg
04-20 01:36:34.386  2024  2024 I art     : option[25]=-Xcompiler-option
04-20 01:36:34.386  2024  2024 I art     : option[26]=-Xms64m
04-20 01:36:34.386  2024  2024 I art     : option[27]=-Xcompiler-option
04-20 01:36:34.386  2024  2024 I art     : option[28]=--runtime-arg
04-20 01:36:34.386  2024  2024 I art     : option[29]=-Xcompiler-option
04-20 01:36:34.386  2024  2024 I art     : option[30]=-Xmx512m
04-20 01:36:34.386  2024  2024 I art     : option[31]=-Ximage-compiler-option
04-20 01:36:34.387  2024  2024 I art     : option[32]=--instruction-set-variant=silvermont
04-20 01:36:34.387  2024  2024 I art     : option[33]=-Xcompiler-option
04-20 01:36:34.387  2024  2024 I art     : option[34]=--instruction-set-variant=silvermont
04-20 01:36:34.387  2024  2024 I art     : option[35]=-Ximage-compiler-option
04-20 01:36:34.387  2024  2024 I art     : option[36]=--instruction-set-features=default
04-20 01:36:34.387  2024  2024 I art     : option[37]=-Xcompiler-option
04-20 01:36:34.387  2024  2024 I art     : option[38]=--instruction-set-features=default
04-20 01:36:34.387  2024  2024 I art     : option[39]=-Duser.locale=en-US
04-20 01:36:34.387  2024  2024 I art     : option[40]=--cpu-abilist=x86
04-20 01:36:34.387  2024  2024 I art     : option[41]=-Xfingerprint:gm/full_gminfo36_ga/gminfo36:6.0.1/MIH21A-284/284:user/test-keys
04-20 01:36:34.410  2042  2249 E vehicle_abstraction: CODIDynamicDataGroup::processRxGroupSignal ODI data (dataID = 39) not mapped (fucID = 7) 
04-20 01:36:34.420  2315  2609 I ipcLib  : ipcLib:pathname = /dev/ipc/ipc20
04-20 01:36:34.420  2315  2609 W ipcLib  : ipcLib:libipc version=3.0_22Aug2017
04-20 01:36:34.420  2315  2609 I ipcLib  : ipcLib:Connect to Server Socket: /dev/ipc/ipc20
04-20 01:36:34.420  2315  2609 I ipcLib  : ipcLib:Wait for Ack from the Server : Hello Mesage
04-20 01:36:34.420  2041  2102 W IPC     : IPC: CH-20: New connection request
04-20 01:36:34.420  2041  2102 W IPC     : IPC: 
04-20 01:36:34.420  2041  2102 W IPC     : CH-20: New connection Accepted.  pDeviceAttr->clientFd = 36
04-20 01:36:34.420  2041  2102 E IPC     : IPC: CH-20: F_SETFL flags = 0x2 
04-20 01:36:34.420  2041  2102 W IPC     : IPC: CH-20: Control Message Received '0x8001'
04-20 01:36:34.420  2041  2102 W IPC     : IPC: CH-20: Idx=0 Send Hello to the Client application 
04-20 01:36:34.420  2041  2102 W IPC     : IPC: CH-20: ClientCnt=1
04-20 01:36:34.421  2315  2609 I ipcLib  : ipcLib:Message(6 bytes) received from Server : Hello
04-20 01:36:34.421  2315  2609 I ipcLib  : ipcLib:channel = 20
04-20 01:36:34.421  2354  2354 I pal/stdout: 
04-20 01:36:34.421  2354  2354 I pal/stdout: Startup Thread Policy: 0 Prios: Min: 0 Max: 0 Default: 0
04-20 01:36:34.421  2354  2354 I pal/stdout: New Thread Policy: 5 Prios: Min: 0 Max: 0 Default: 0
04-20 01:36:34.424  2042  2249 E vehicle_abstraction: CODIDynamicDataGroup::processRxGroupSignal ODI data (dataID = 40) not mapped (fucID = 7) 
04-20 01:36:34.431  2544  2544 V MediaUtils: physMem: 3707895808
04-20 01:36:34.431  2544  2544 V MediaUtils: requested limit: 2410132270
04-20 01:36:34.431  2544  2544 V MediaUtils: actual limit: 2410132270
04-20 01:36:34.431  2544  2544 V MediaUtils: original limits: 4294967295/4294967295
04-20 01:36:34.431  2544  2544 V MediaUtils: new limits: 2410132270/4294967295
04-20 01:36:34.431  2544  2544 I mediaserver: ServiceManager: 0xeee8c680
04-20 01:36:34.431  2544  2544 I AudioFlinger: Using default 3000 mSec as standby time.
04-20 01:36:34.432  2544  2544 E         : batterystats service unavailable!
04-20 01:36:34.432  2544  2544 E         : batterystats service unavailable!
04-20 01:36:34.433  2354  2354 I pal/stdout: 
04-20 01:36:34.433  2354  2354 I pal/stdout: 
04-20 01:36:34.433  2354  2354 I pal/stdout: ===========================================================================
04-20 01:36:34.433  2354  2354 I pal/stdout:  NATP Configuration
04-20 01:36:34.433  2354  2354 I pal/stdout: ===========================================================================
04-20 01:36:34.433  2354  2354 I pal/stdout: 
04-20 01:36:34.433  2354  2354 I pal/stdout:  Build Version		: "DDFW_Branch17cw07__2018_cw45_18443A"
04-20 01:36:34.433  2354  2354 I pal/stdout:  Configuration File	: "/resource/ro/speech/GM/natp.cfg"
04-20 01:36:34.433  2354  2354 I pal/stdout:  Configuration Library	: "libnatp_config.so"
04-20 01:36:34.433  2354  2354 I pal/stdout:  Default Channel	: "HostAgent"
04-20 01:36:34.433  2354  2354 I pal/stdout:  Channel(s)		: "GDM"
04-20 01:36:34.433  2354  2354 I pal/stdout: 			  "MonitorService"
04-20 01:36:34.433  2354  2354 I pal/stdout: 			  "FileService"
04-20 01:36:34.433  2354  2354 I pal/stdout: 			  "SASService"
04-20 01:36:34.433  2354  2354 I pal/stdout: 			  "DragonDriveCommonService"
04-20 01:36:34.433  2354  2354 I pal/stdout: 			  "DragonDriveAsrService"
04-20 01:36:34.433  2354  2354 I pal/stdout: 			  "DragonDrivePrompterService"
04-20 01:36:34.433  2354  2354 I pal/stdout: 			  "NavLookupService"
04-20 01:36:34.433  2354  2354 I pal/stdout: 			  "ContactService"
04-20 01:36:34.433  2354  2354 I pal/stdout: 			  "InternalServices"
04-20 01:36:34.433  2354  2354 I pal/stdout:  Key Value(s)		: "VerboseLevel=2"
04-20 01:36:34.433  2354  2354 I pal/stdout: 
04-20 01:36:34.433  2354  2354 I pal/stdout: ===========================================================================
04-20 01:36:34.433  2354  2354 I pal/stdout: 
04-20 01:36:34.433  2354  2354 I pal/stdout: ..loading configuration library "libnatp_config.so" ...ok
04-20 01:36:34.433  2544  2544 I AudioPolicyService: AudioPolicyService CSTOR in new mode
04-20 01:36:34.440  2543  2543 D libpal_audio: i2c_direct_send file=9, chipAdrress=28, size=5
04-20 01:36:34.440  2543  2543 D libpal_audio: i2c_direct_send value[0]=0xF4
04-20 01:36:34.440  2543  2543 D libpal_audio: i2c_direct_send value[1]=0x40
04-20 01:36:34.440  2543  2543 D libpal_audio: i2c_direct_send value[2]=0x73
04-20 01:36:34.440  2543  2543 D libpal_audio: i2c_direct_send value[3]=0x01
04-20 01:36:34.440  2543  2543 D libpal_audio: i2c_direct_send value[4]=0xF9
04-20 01:36:34.440  2543  2543 D libpal_audio: i2c_direct_send file=9, chipAdrress=28, size=5
04-20 01:36:34.440  2543  2543 D libpal_audio: i2c_direct_send value[0]=0xF4
04-20 01:36:34.440  2543  2543 D libpal_audio: i2c_direct_send value[1]=0x40
04-20 01:36:34.440  2543  2543 D libpal_audio: i2c_direct_send value[2]=0x74
04-20 01:36:34.440  2543  2543 D libpal_audio: i2c_direct_send value[3]=0x01
04-20 01:36:34.440  2543  2543 D libpal_audio: i2c_direct_send value[4]=0xF9
04-20 01:36:34.441  2543  2543 I libpal_audio: audio_set_channel_gain sink = 8, channel = 1, gain = 0.000000
04-20 01:36:34.441  2543  2543 I libpal_audio: audioInitStatus: INITIALIZING
04-20 01:36:34.441  2543  2543 I libpal_audio: Navigation channel ui8MaxBoost/attenuation 0.000000 dB
04-20 01:36:34.441  2543  2543 D libpal_audio: i2c_direct_send file=9, chipAdrress=28, size=5
04-20 01:36:34.441  2543  2543 D libpal_audio: i2c_direct_send value[0]=0xF4
04-20 01:36:34.441  2543  2543 D libpal_audio: i2c_direct_send value[1]=0x40
04-20 01:36:34.441  2543  2543 D libpal_audio: i2c_direct_send value[2]=0xBE
04-20 01:36:34.441  2543  2543 D libpal_audio: i2c_direct_send value[3]=0x00
04-20 01:36:34.441  2543  2543 D libpal_audio: i2c_direct_send value[4]=0x80
04-20 01:36:34.442  2543  2543 I libpal_audio: audio_set_channel_gain sink = 16, channel = 1, gain = 0.000000
04-20 01:36:34.442  2543  2543 I libpal_audio: audioInitStatus: INITIALIZING
04-20 01:36:34.442  2543  2543 I libpal_audio: Telephone channel ui8MaxBoost/attenuation 0.000000 dB
04-20 01:36:34.442  2543  2543 D libpal_audio: i2c_direct_send file=9, chipAdrress=28, size=5
04-20 01:36:34.442  2543  2543 D libpal_audio: i2c_direct_send value[0]=0xF4
04-20 01:36:34.442  2543  2543 D libpal_audio: i2c_direct_send value[1]=0x40
04-20 01:36:34.442  2543  2543 D libpal_audio: i2c_direct_send value[2]=0xC3
04-20 01:36:34.442  2543  2543 D libpal_audio: i2c_direct_send value[3]=0x00
04-20 01:36:34.442  2543  2543 D libpal_audio: i2c_direct_send value[4]=0x80
04-20 01:36:34.442  2543  2543 I libpal_audio: audio_set_audio_path Entered!
04-20 01:36:34.442  2543  2543 I libpal_audio: audioInitStatus: INITIALIZING
04-20 01:36:34.442  2543  2543 D libpal_audio: i2c_direct_send file=9, chipAdrress=28, size=6
04-20 01:36:34.442  2543  2543 D libpal_audio: i2c_direct_send value[0]=0xF4
04-20 01:36:34.442  2543  2543 D libpal_audio: i2c_direct_send value[1]=0x00
04-20 01:36:34.442  2543  2543 D libpal_audio: i2c_direct_send value[2]=0x93
04-20 01:36:34.442  2543  2543 D libpal_audio: i2c_direct_send value[3]=0x00
04-20 01:36:34.442  2543  2543 D libpal_audio: i2c_direct_send value[4]=0x00
04-20 01:36:34.442  2543  2543 D libpal_audio: i2c_direct_send value[5]=0x70
04-20 01:36:34.442  2544  2544 I APM::ConfigParsingUtils: loadAudioPolicyConfig() loaded /system/etc/audio_policy.conf
04-20 01:36:34.443  2543  2543 D libpal_audio: sucess: Updating X-Memory or relative address 
04-20 01:36:34.443  2543  2543 D libpal_audio: i2c_direct_send file=9, chipAdrress=28, size=6
04-20 01:36:34.443  2543  2543 D libpal_audio: i2c_direct_send value[0]=0xF4
04-20 01:36:34.443  2543  2543 D libpal_audio: i2c_direct_send value[1]=0x05
04-20 01:36:34.443  2543  2543 D libpal_audio: i2c_direct_send value[2]=0x68
04-20 01:36:34.443  2543  2543 D libpal_audio: i2c_direct_send value[3]=0x00
04-20 01:36:34.443  2543  2543 D libpal_audio: i2c_direct_send value[4]=0x01
04-20 01:36:34.443  2543  2543 D libpal_audio: i2c_direct_send value[5]=0xA7
04-20 01:36:34.443  2543  2543 D libpal_audio: sucess: Updating X-Memory or relative address 
04-20 01:36:34.443  2543  2543 D libpal_audio: i2c_direct_send file=9, chipAdrress=28, size=6
04-20 01:36:34.443  2543  2543 D libpal_audio: i2c_direct_send value[0]=0xF4
04-20 01:36:34.443  2543  2543 D libpal_audio: i2c_direct_send value[1]=0x05
04-20 01:36:34.443  2543  2543 D libpal_audio: i2c_direct_send value[2]=0x8C
04-20 01:36:34.443  2543  2543 D libpal_audio: i2c_direct_send value[3]=0x00
04-20 01:36:34.443  2543  2543 D libpal_audio: i2c_direct_send value[4]=0x01
04-20 01:36:34.443  2543  2543 D libpal_audio: i2c_direct_send value[5]=0xCF
04-20 01:36:34.443  2543  2543 D libpal_audio: sucess: Updating X-Memory or relative address 
04-20 01:36:34.443  2543  2543 D libpal_audio: i2c_direct_send file=9, chipAdrress=28, size=6
04-20 01:36:34.443  2543  2543 D libpal_audio: i2c_direct_send value[0]=0xF4
04-20 01:36:34.443  2543  2543 D libpal_audio: i2c_direct_send value[1]=0x05
04-20 01:36:34.444  2543  2543 D libpal_audio: i2c_direct_send value[2]=0x73
04-20 01:36:34.444  2543  2543 D libpal_audio: i2c_direct_send value[3]=0x00
04-20 01:36:34.444  2543  2543 D libpal_audio: i2c_direct_send value[4]=0x01
04-20 01:36:34.444  2543  2543 D libpal_audio: i2c_direct_send value[5]=0x7B
04-20 01:36:34.444  2543  2543 D libpal_audio: sucess: Updating X-Memory or relative address 
04-20 01:36:34.444  2543  2543 D libpal_audio: i2c_direct_send file=9, chipAdrress=28, size=6
04-20 01:36:34.444  2543  2543 D libpal_audio: i2c_direct_send value[0]=0xF4
04-20 01:36:34.444  2543  2543 D libpal_audio: i2c_direct_send value[1]=0x05
04-20 01:36:34.444  2543  2543 D libpal_audio: i2c_direct_send value[2]=0x74
04-20 01:36:34.444  2543  2543 D libpal_audio: i2c_direct_send value[3]=0x00
04-20 01:36:34.444  2543  2543 D libpal_audio: i2c_direct_send value[4]=0x01
04-20 01:36:34.444  2543  2543 D libpal_audio: i2c_direct_send value[5]=0x7D
04-20 01:36:34.444  2543  2543 D libpal_audio: sucess: Updating X-Memory or relative address 
04-20 01:36:34.444  2543  2543 D libpal_audio: i2c_direct_send file=9, chipAdrress=28, size=6
04-20 01:36:34.444  2543  2543 D libpal_audio: i2c_direct_send value[0]=0xF4
04-20 01:36:34.444  2543  2543 D libpal_audio: i2c_direct_send value[1]=0x0E
04-20 01:36:34.444  2543  2543 D libpal_audio: i2c_direct_send value[2]=0x4C
04-20 01:36:34.444  2543  2543 D libpal_audio: i2c_direct_send value[3]=0x00
04-20 01:36:34.444  2543  2543 D libpal_audio: i2c_direct_send value[4]=0x00
04-20 01:36:34.444  2543  2543 D libpal_audio: i2c_direct_send value[5]=0x01
04-20 01:36:34.445  2543  2543 D libpal_audio: sucess: Updating X-Memory or relative address 
04-20 01:36:34.445  2543  2543 D libpal_audio: i2c_direct_send file=9, chipAdrress=28, size=6
04-20 01:36:34.445  2543  2543 D libpal_audio: i2c_direct_send value[0]=0xF4
04-20 01:36:34.445  2543  2543 D libpal_audio: i2c_direct_send value[1]=0x00
04-20 01:36:34.445  2543  2543 D libpal_audio: i2c_direct_send value[2]=0x93
04-20 01:36:34.445  2543  2543 D libpal_audio: i2c_direct_send value[3]=0x00
04-20 01:36:34.445  2543  2543 D libpal_audio: i2c_direct_send value[4]=0x00
04-20 01:36:34.445  2543  2543 D libpal_audio: i2c_direct_send value[5]=0x45
04-20 01:36:34.445  2543  2543 D libpal_audio: sucess: Updating X-Memory or relative address 
