04-20 01:36:33.610  2321  2355 D ethctrlmgr: readDataFromIocIpc spawned. Waiting to read data
04-20 01:36:33.610  2321  2321 D ethctrlmgr:  executeSwitchCmd(): pthread_cond_timedwait Ret Val = 0  
04-20 01:36:33.610  2321  2321 D ethctrlmgr: executeSwitchCmd(): response available for requested command 
04-20 01:36:33.610  2321  2321 V ethctrlmgr: executeSwitchCmd:completion time:2.191188 msec 
04-20 01:36:33.610  2321  2321 D ethctrlmgr: readBcmRaw(): SPI read command execution successful
04-20 01:36:33.610  2321  2321 D ethctrlmgr: SPI Read Bytes:
04-20 01:36:33.610  2321  2321 D ethctrlmgr: ff 
04-20 01:36:33.610  2321  2321 D ethctrlmgr: ff 
04-20 01:36:33.610  2321  2321 D ethctrlmgr: ff 
04-20 01:36:33.610  2321  2321 D ethctrlmgr: ff 
04-20 01:36:33.610  2321  2321 D ethctrlmgr: ff 
04-20 01:36:33.610  2321  2321 D ethctrlmgr: 00 
04-20 01:36:33.610  2321  2321 D ethctrlmgr: 00 
04-20 01:36:33.610  2321  2321 D ethctrlmgr: 00 
04-20 01:36:33.610  2321  2321 D ethctrlmgr: 00 
04-20 01:36:33.610  2321  2321 D ethctrlmgr: 00 
04-20 01:36:33.610  2321  2321 D ethctrlmgr: 00 
04-20 01:36:33.610  2321  2321 D ethctrlmgr: 00 
04-20 01:36:33.610  2321  2321 D ethctrlmgr: 01 
04-20 01:36:33.610  2321  2321 D ethctrlmgr: 69 
04-20 01:36:33.610  2321  2321 D ethctrlmgr: 55
04-20 01:36:33.611  2321  2321 D ethctrlmgr: LEOSwitch: getSwitchPortSummary portNum 255
04-20 01:36:33.611  2321  2321 D ethctrlmgr: getSwitchPortSummary() : switchPortInfo->portID = 255
04-20 01:36:33.611  2321  2321 D ethctrlmgr: SPI read cmd in hex:0x
04-20 01:36:33.611  2321  2321 D ethctrlmgr: 05 
04-20 01:36:33.611  2321  2321 D ethctrlmgr: 09 
04-20 01:36:33.611  2321  2321 D ethctrlmgr: 0f 
04-20 01:36:33.611  2321  2321 D ethctrlmgr: ff 
04-20 01:36:33.611  2321  2321 D ethctrlmgr: c0 
04-20 01:36:33.611  2321  2321 D ethctrlmgr: 00 
04-20 01:36:33.611  2321  2321 D ethctrlmgr: 00 
04-20 01:36:33.611  2321  2321 D ethctrlmgr: 00 
04-20 01:36:33.611  2321  2321 D ethctrlmgr: 00 
04-20 01:36:33.611  2321  2321 D ethctrlmgr: data len to send over IPC is:17
04-20 01:36:33.611  2321  2321 D ethctrlmgr: executeSwitchCmd:sent cmd req 17 bytes
04-20 01:36:33.611  2321  2321 D ethctrlmgr: executeSwitchCmd() diag command waiting for response from server 
04-20 01:36:33.612  2321  2355 V ethctrlmgr: readDataFromIocIpc():data avlbl from ioc ipc
04-20 01:36:33.612  2321  2355 D ethctrlmgr: readDataFromIocIpc():read data from IOC IPC
04-20 01:36:33.612  2321  2355 D ethctrlmgr: readDataFromIocIpc spawned. Waiting to read data
04-20 01:36:33.612  2321  2321 D ethctrlmgr:  executeSwitchCmd(): pthread_cond_timedwait Ret Val = 0  
04-20 01:36:33.612  2321  2321 D ethctrlmgr: executeSwitchCmd(): response available for requested command 
04-20 01:36:33.612  2321  2321 V ethctrlmgr: executeSwitchCmd:completion time:1.640327 msec 
04-20 01:36:33.612  2321  2321 D ethctrlmgr: readBcmRaw(): SPI read command execution successful
04-20 01:36:33.612  2321  2321 D ethctrlmgr: SPI Read Bytes:
04-20 01:36:33.612  2321  2321 D ethctrlmgr: ff 
04-20 01:36:33.612  2321  2321 D ethctrlmgr: ff 
04-20 01:36:33.612  2321  2321 D ethctrlmgr: ff 
04-20 01:36:33.612  2321  2321 D ethctrlmgr: ff 
04-20 01:36:33.612  2321  2321 D ethctrlmgr: ff 
04-20 01:36:33.612  2321  2321 D ethctrlmgr: 00 
04-20 01:36:33.612  2321  2321 D ethctrlmgr: 00 
04-20 01:36:33.612  2321  2321 D ethctrlmgr: 02 
04-20 01:36:33.612  2321  2321 D ethctrlmgr: 00 
04-20 01:36:33.612  2321  2321 D ethctrlmgr: 00 
04-20 01:36:33.612  2321  2321 D ethctrlmgr: 00 
04-20 01:36:33.612  2321  2321 D ethctrlmgr: 00 
04-20 01:36:33.612  2321  2321 D ethctrlmgr: 00 
04-20 01:36:33.612  2321  2321 D ethctrlmgr: 00 
04-20 01:36:33.612  2321  2321 D ethctrlmgr: 00
04-20 01:36:33.612  2321  2321 D ethctrlmgr: SPI read cmd in hex:0x
04-20 01:36:33.612  2321  2321 D ethctrlmgr: 05 
04-20 01:36:33.612  2321  2321 D ethctrlmgr: 09 
04-20 01:36:33.612  2321  2321 D ethctrlmgr: 4f 
04-20 01:36:33.612  2321  2321 D ethctrlmgr: ff 
04-20 01:36:33.612  2321  2321 D ethctrlmgr: c0 
04-20 01:36:33.612  2321  2321 D ethctrlmgr: 00 
04-20 01:36:33.612  2321  2321 D ethctrlmgr: 00 
04-20 01:36:33.612  2321  2321 D ethctrlmgr: 00 
04-20 01:36:33.613  2321  2321 D ethctrlmgr: 00 
04-20 01:36:33.613  2321  2321 D ethctrlmgr: data len to send over IPC is:17
04-20 01:36:33.613  2321  2321 D ethctrlmgr: executeSwitchCmd:sent cmd req 17 bytes
04-20 01:36:33.613  2321  2321 D ethctrlmgr: executeSwitchCmd() diag command waiting for response from server 
04-20 01:36:33.614  2321  2355 V ethctrlmgr: readDataFromIocIpc():data avlbl from ioc ipc
04-20 01:36:33.614  2321  2355 D ethctrlmgr: readDataFromIocIpc():read data from IOC IPC
04-20 01:36:33.614  2321  2355 D ethctrlmgr: readDataFromIocIpc spawned. Waiting to read data
04-20 01:36:33.614  2321  2321 D ethctrlmgr:  executeSwitchCmd(): pthread_cond_timedwait Ret Val = 0  
04-20 01:36:33.614  2321  2321 D ethctrlmgr: executeSwitchCmd(): response available for requested command 
04-20 01:36:33.614  2321  2321 V ethctrlmgr: executeSwitchCmd:completion time:1.911501 msec 
04-20 01:36:33.614  2321  2321 D ethctrlmgr: readBcmRaw(): SPI read command execution successful
04-20 01:36:33.614  2321  2321 D ethctrlmgr: SPI Read Bytes:
04-20 01:36:33.614  2321  2321 D ethctrlmgr: ff 
04-20 01:36:33.615  2321  2321 D ethctrlmgr: ff 
04-20 01:36:33.615  2321  2321 D ethctrlmgr: ff 
04-20 01:36:33.615  2321  2321 D ethctrlmgr: ff 
04-20 01:36:33.615  2321  2321 D ethctrlmgr: ff 
04-20 01:36:33.615  2321  2321 D ethctrlmgr: 00 
04-20 01:36:33.615  2321  2321 D ethctrlmgr: 00 
04-20 01:36:33.615  2321  2321 D ethctrlmgr: 02 
04-20 01:36:33.615  2321  2321 D ethctrlmgr: 00 
04-20 01:36:33.615  2321  2321 D ethctrlmgr: 00 
04-20 01:36:33.615  2321  2321 D ethctrlmgr: 00 
04-20 01:36:33.615  2321  2321 D ethctrlmgr: 00 
04-20 01:36:33.615  2321  2321 D ethctrlmgr: 00 
04-20 01:36:33.615  2321  2321 D ethctrlmgr: 00 
04-20 01:36:33.615  2321  2321 D ethctrlmgr: 00
04-20 01:36:33.615  2321  2321 D ethctrlmgr: SPI read cmd in hex:0x
04-20 01:36:33.615  2321  2321 D ethctrlmgr: 05 
04-20 01:36:33.615  2321  2321 D ethctrlmgr: 09 
04-20 01:36:33.615  2321  2321 D ethctrlmgr: 8f 
04-20 01:36:33.615  2321  2321 D ethctrlmgr: ff 
04-20 01:36:33.615  2321  2321 D ethctrlmgr: c0 
04-20 01:36:33.615  2321  2321 D ethctrlmgr: 00 
04-20 01:36:33.615  2321  2321 D ethctrlmgr: 00 
04-20 01:36:33.615  2321  2321 D ethctrlmgr: 00 
04-20 01:36:33.615  2321  2321 D ethctrlmgr: 00 
04-20 01:36:33.615  2321  2321 D ethctrlmgr: data len to send over IPC is:17
04-20 01:36:33.615  2321  2321 D ethctrlmgr: executeSwitchCmd:sent cmd req 17 bytes
04-20 01:36:33.615  2321  2321 D ethctrlmgr: executeSwitchCmd() diag command waiting for response from server 
04-20 01:36:33.617  2321  2355 V ethctrlmgr: readDataFromIocIpc():data avlbl from ioc ipc
04-20 01:36:33.617  2321  2355 D ethctrlmgr: readDataFromIocIpc():read data from IOC IPC
04-20 01:36:33.617  2321  2355 D ethctrlmgr: readDataFromIocIpc spawned. Waiting to read data
04-20 01:36:33.617  2321  2321 D ethctrlmgr:  executeSwitchCmd(): pthread_cond_timedwait Ret Val = 0  
04-20 01:36:33.617  2321  2321 D ethctrlmgr: executeSwitchCmd(): response available for requested command 
04-20 01:36:33.617  2321  2321 V ethctrlmgr: executeSwitchCmd:completion time:2.709303 msec 
04-20 01:36:33.617  2321  2321 D ethctrlmgr: readBcmRaw(): SPI read command execution successful
04-20 01:36:33.617  2321  2321 D ethctrlmgr: SPI Read Bytes:
04-20 01:36:33.617  2321  2321 D ethctrlmgr: ff 
04-20 01:36:33.617  2321  2321 D ethctrlmgr: ff 
04-20 01:36:33.617  2321  2321 D ethctrlmgr: ff 
04-20 01:36:33.617  2321  2321 D ethctrlmgr: ff 
04-20 01:36:33.618  2321  2321 D ethctrlmgr: ff 
04-20 01:36:33.618  2321  2321 D ethctrlmgr: 00 
04-20 01:36:33.618  2321  2321 D ethctrlmgr: 00 
04-20 01:36:33.618  2321  2321 D ethctrlmgr: 02 
04-20 01:36:33.618  2321  2321 D ethctrlmgr: 00 
04-20 01:36:33.618  2321  2321 D ethctrlmgr: 00 
04-20 01:36:33.618  2321  2321 D ethctrlmgr: 00 
04-20 01:36:33.618  2321  2321 D ethctrlmgr: 00 
04-20 01:36:33.618  2321  2321 D ethctrlmgr: 00 
04-20 01:36:33.618  2321  2321 D ethctrlmgr: 00 
04-20 01:36:33.618  2321  2321 D ethctrlmgr: 00
04-20 01:36:33.618  2321  2321 D ethctrlmgr: SPI read cmd in hex:0x
04-20 01:36:33.618  2321  2321 D ethctrlmgr: 05 
04-20 01:36:33.618  2321  2321 D ethctrlmgr: 09 
04-20 01:36:33.618  2321  2321 D ethctrlmgr: cf 
04-20 01:36:33.618  2321  2321 D ethctrlmgr: ff 
04-20 01:36:33.618  2321  2321 D ethctrlmgr: c0 
04-20 01:36:33.618  2321  2321 D ethctrlmgr: 00 
04-20 01:36:33.618  2321  2321 D ethctrlmgr: 00 
04-20 01:36:33.618  2321  2321 D ethctrlmgr: 00 
04-20 01:36:33.618  2321  2321 D ethctrlmgr: 00 
04-20 01:36:33.618  2321  2321 D ethctrlmgr: data len to send over IPC is:17
04-20 01:36:33.618  2321  2321 D ethctrlmgr: executeSwitchCmd:sent cmd req 17 bytes
04-20 01:36:33.618  2321  2321 D ethctrlmgr: executeSwitchCmd() diag command waiting for response from server 
04-20 01:36:33.619  2321  2355 V ethctrlmgr: readDataFromIocIpc():data avlbl from ioc ipc
04-20 01:36:33.619  2321  2355 D ethctrlmgr: readDataFromIocIpc():read data from IOC IPC
04-20 01:36:33.619  2321  2355 D ethctrlmgr: readDataFromIocIpc spawned. Waiting to read data
04-20 01:36:33.619  2321  2321 D ethctrlmgr:  executeSwitchCmd(): pthread_cond_timedwait Ret Val = 0  
04-20 01:36:33.619  2321  2321 D ethctrlmgr: executeSwitchCmd(): response available for requested command 
04-20 01:36:33.619  2321  2321 V ethctrlmgr: executeSwitchCmd:completion time:1.470124 msec 
04-20 01:36:33.619  2321  2321 D ethctrlmgr: readBcmRaw(): SPI read command execution successful
04-20 01:36:33.619  2321  2321 D ethctrlmgr: SPI Read Bytes:
04-20 01:36:33.619  2321  2321 D ethctrlmgr: ff 
04-20 01:36:33.619  2321  2321 D ethctrlmgr: ff 
04-20 01:36:33.619  2321  2321 D ethctrlmgr: ff 
04-20 01:36:33.619  2321  2321 D ethctrlmgr: ff 
04-20 01:36:33.619  2321  2321 D ethctrlmgr: ff 
04-20 01:36:33.619  2321  2321 D ethctrlmgr: 00 
04-20 01:36:33.619  2321  2321 D ethctrlmgr: 00 
04-20 01:36:33.619  2321  2321 D ethctrlmgr: 02 
04-20 01:36:33.619  2321  2321 D ethctrlmgr: 00 
04-20 01:36:33.619  2321  2321 D ethctrlmgr: 00 
04-20 01:36:33.619  2321  2321 D ethctrlmgr: 00 
04-20 01:36:33.619  2321  2321 D ethctrlmgr: 00 
04-20 01:36:33.619  2321  2321 D ethctrlmgr: 00 
04-20 01:36:33.619  2321  2321 D ethctrlmgr: 00 
04-20 01:36:33.619  2321  2321 D ethctrlmgr: 00
04-20 01:36:33.619  2321  2321 D ethctrlmgr:  MILL register address 0XA440000
04-20 01:36:33.619  2321  2321 D ethctrlmgr: SPI read cmd in hex:0x
04-20 01:36:33.619  2321  2321 D ethctrlmgr: 05 
04-20 01:36:33.619  2321  2321 D ethctrlmgr: 0a 
04-20 01:36:33.619  2321  2321 D ethctrlmgr: 44 
04-20 01:36:33.619  2321  2321 D ethctrlmgr: 00 
04-20 01:36:33.619  2321  2321 D ethctrlmgr: 00 
04-20 01:36:33.619  2321  2321 D ethctrlmgr: 00 
04-20 01:36:33.619  2321  2321 D ethctrlmgr: 00 
04-20 01:36:33.619  2321  2321 D ethctrlmgr: 00 
04-20 01:36:33.619  2321  2321 D ethctrlmgr: 00 
04-20 01:36:33.619  2321  2321 D ethctrlmgr: data len to send over IPC is:17
04-20 01:36:33.619  2321  2321 D ethctrlmgr: executeSwitchCmd:sent cmd req 17 bytes
04-20 01:36:33.619  2321  2321 D ethctrlmgr: executeSwitchCmd() diag command waiting for response from server 
04-20 01:36:33.622  2271  2271 I _ASH    : IasAvbStreamHandler::virtual IasAvbResult IasMediaTransportAvb::IasAvbStreamHandler::createAlsaStream(IasAvbStreamDirection, Ias::UInt16, Ias::UInt32, IasAvbAudioFormat, Ias::UInt32, Ias::UInt32, Ias::UInt32, Ias::UInt8, Ias::Bool, const Ias::String &, Ias::UInt16 &)(1131):  Alsa stream 1 created
04-20 01:36:33.624  2321  2355 V ethctrlmgr: readDataFromIocIpc():data avlbl from ioc ipc
04-20 01:36:33.624  2321  2355 D ethctrlmgr: readDataFromIocIpc():read data from IOC IPC
04-20 01:36:33.624  2321  2355 D ethctrlmgr: readDataFromIocIpc spawned. Waiting to read data
04-20 01:36:33.624  2321  2321 D ethctrlmgr:  executeSwitchCmd(): pthread_cond_timedwait Ret Val = 0  
04-20 01:36:33.624  2321  2321 D ethctrlmgr: executeSwitchCmd(): response available for requested command 
04-20 01:36:33.624  2321  2321 V ethctrlmgr: executeSwitchCmd:completion time:4.412110 msec 
04-20 01:36:33.624  2321  2321 D ethctrlmgr: readBcmRaw(): SPI read command execution successful
04-20 01:36:33.624  2321  2321 D ethctrlmgr: SPI Read Bytes:
04-20 01:36:33.624  2321  2321 D ethctrlmgr: ff 
04-20 01:36:33.624  2321  2321 D ethctrlmgr: ff 
04-20 01:36:33.624  2321  2321 D ethctrlmgr: ff 
04-20 01:36:33.624  2321  2321 D ethctrlmgr: ff 
04-20 01:36:33.624  2321  2321 D ethctrlmgr: ff 
04-20 01:36:33.624  2321  2321 D ethctrlmgr: 00 
04-20 01:36:33.624  2321  2321 D ethctrlmgr: 00 
04-20 01:36:33.624  2321  2321 D ethctrlmgr: 18 
04-20 01:36:33.624  2321  2321 D ethctrlmgr: 20 
04-20 01:36:33.624  2321  2321 D ethctrlmgr: 00 
04-20 01:36:33.624  2321  2321 D ethctrlmgr: 00 
04-20 01:36:33.624  2321  2321 D ethctrlmgr: 00 
04-20 01:36:33.624  2321  2321 D ethctrlmgr: 00 
04-20 01:36:33.624  2321  2321 D ethctrlmgr: 00 
04-20 01:36:33.624  2321  2321 D ethctrlmgr: 00
04-20 01:36:33.624  2321  2321 D ethctrlmgr: Sent the data of:244 to client
04-20 01:36:33.624  2341  2341 I ethctrlmgr: getSetSwitchData():Time taken to complete the normal Dig Req is  0.01794 seconds
04-20 01:36:33.624  2341  2341 I GMEthMgr: SwitchID: 1
04-20 01:36:33.624  2341  2341 I GMEthMgr: PortID  : 0
04-20 01:36:33.624  2341  2341 I GMEthMgr: Link Status is : UP
04-20 01:36:33.624  2341  2341 I GMEthMgr: Link Speed is : 100 Mbps
04-20 01:36:33.624  2341  2341 I GMEthMgr: Phy power State : Full Power Mode
04-20 01:36:33.624  2341  2341 I GMEthMgr: Phy Mode : Slave Mode
04-20 01:36:33.624  2341  2341 I GMEthMgr: SwitchID: 1
04-20 01:36:33.624  2341  2341 I GMEthMgr: PortID  : 1
04-20 01:36:33.624  2341  2341 I GMEthMgr: Link Status is : UP
04-20 01:36:33.624  2341  2341 I GMEthMgr: Link Speed is : 100 Mbps
04-20 01:36:33.624  2341  2341 I GMEthMgr: Phy power State : Full Power Mode
04-20 01:36:33.624  2341  2341 I GMEthMgr: Phy Mode : Slave Mode
04-20 01:36:33.624  2341  2341 I GMEthMgr: SwitchID: 1
04-20 01:36:33.624  2341  2341 I GMEthMgr: PortID  : 2
04-20 01:36:33.624  2341  2341 I GMEthMgr: Link Status is : DOWN
04-20 01:36:33.624  2341  2341 I GMEthMgr: Link Speed is : 100 Mbps
04-20 01:36:33.624  2341  2341 I GMEthMgr: Phy power State : Full Power Mode
04-20 01:36:33.624  2341  2341 I GMEthMgr: Phy Mode : Slave Mode
04-20 01:36:33.624  2341  2341 I GMEthMgr: SwitchID: 1
04-20 01:36:33.624  2341  2341 I GMEthMgr: PortID  : 3
04-20 01:36:33.624  2341  2341 I GMEthMgr: Link Status is : UP
04-20 01:36:33.624  2341  2341 I GMEthMgr: Link Speed is : 100 Mbps
04-20 01:36:33.624  2341  2341 I GMEthMgr: Phy power State : Full Power Mode
04-20 01:36:33.624  2341  2341 I GMEthMgr: Phy Mode : Slave Mode
04-20 01:36:33.624  2341  2341 I GMEthMgr: SwitchID: 1
04-20 01:36:33.624  2341  2341 I GMEthMgr: PortID  : 5
04-20 01:36:33.624  2341  2341 I GMEthMgr: Link Status is : UP
04-20 01:36:33.624  2341  2341 I GMEthMgr: Link Speed is : 1000 Mbps
04-20 01:36:33.624  2341  2341 I GMEthMgr: Phy power State : Power Off
04-20 01:36:33.624  2341  2341 I GMEthMgr: Phy Mode : Slave Mode
04-20 01:36:33.624  2341  2341 I GMEthMgr: requestPortCheck created new item for port: 2 (Status: LINK_STATE_DOWN)
04-20 01:36:33.624  2341  2341 I GMEthMgr: LinkLossMonitor data_->data_->queuedMessages_.size(): 1
04-20 01:36:33.624  2341  2341 I ethctrlmgr: INFO:LinkLoss message callback registered
04-20 01:36:33.625  2341  2341 I GMEthMgr: HarmanEthCtrl Registered LinkLoss Callback.
04-20 01:36:33.625  2341  2341 I GMEthMgr: Enter main
04-20 01:36:33.625  2341  2341 I GMEthMgr: GMEthBinderService constructor
04-20 01:36:33.626  2313  2313 D GM_PROTO_KEY: sending correct simulated protokey
04-20 01:36:33.626  2313  2313 D GM_PROTO_KEY: Message cmd(setKey) size(272) sent to kernel(unit 22)
04-20 01:36:33.626  2313  2313 D GM_PROTO_KEY: detected security state data_locked
04-20 01:36:33.626  2314  2314 D GMSecurity: netlink_send_request returned
04-20 01:36:33.627  2314  2314 D GMEncryptionExt: Message cmd(getPasscode) size(272) sent to kernel(unit 22)
04-20 01:36:33.627  2314  2314 D GMEncryptionExt: Waiting for message from kernel(unit 22)
04-20 01:36:33.627  2314  2314 D GMSecurity: system exits DATA_LOCKED mode.
04-20 01:36:33.628  2271  2271 I _ASH    : IasAvbStreamHandler::virtual IasAvbResult IasMediaTransportAvb::IasAvbStreamHandler::createAlsaStream(IasAvbStreamDirection, Ias::UInt16, Ias::UInt32, IasAvbAudioFormat, Ias::UInt32, Ias::UInt32, Ias::UInt32, Ias::UInt8, Ias::Bool, const Ias::String &, Ias::UInt16 &)(1131):  Alsa stream 2 created
04-20 01:36:33.628  2271  2271 I _ASH    : IasAvbStreamHandler::virtual IasAvbResult IasMediaTransportAvb::IasAvbStreamHandler::createAlsaStream(IasAvbStreamDirection, Ias::UInt16, Ias::UInt32, IasAvbAudioFormat, Ias::UInt32, Ias::UInt32, Ias::UInt32, Ias::UInt8, Ias::Bool, const Ias::String &, Ias::UInt16 &)(1131):  Alsa stream 3 created
04-20 01:36:33.629  2336  2336 I Media_RDMService:: RDMS: parseConfig()->Config Str: # Media Plugin Path
04-20 01:36:33.629  2336  2336 I Media_RDMService:: "mediaPluginPath":"./system/lib64/RDMS_Plugins/libMediaPlugin.so",
04-20 01:36:33.629  2336  2336 I Media_RDMService:: 
04-20 01:36:33.629  2336  2336 I Media_RDMService:: # Connectivity Plugin Path
04-20 01:36:33.629  2336  2336 I Media_RDMService:: "connectivityPluginPath":"./system/lib64/RDMS_Plugins/libConnectivityPlugin.so",
04-20 01:36:33.629  2336  2336 I Media_RDMService:: 
04-20 01:36:33.629  2336  2336 I Media_RDMService:: # Navigation Plugin Path
04-20 01:36:33.629  2336  2336 I Media_RDMService:: "navigationPluginPath":"./system/lib64/RDMS_Plugins/libNavigationPlugin.so",
04-20 01:36:33.629  2336  2336 I Media_RDMService:: 
04-20 01:36:33.629  2336  2336 I Media_RDMService:: # Update Plugin Path
04-20 01:36:33.629  2336  2336 I Media_RDMService:: "updatePluginPath":"./system/lib64/RDMS_Plugins/libUpdatePlugin.so",
04-20 01:36:33.629  2336  2336 I Media_RDMService:: 
04-20 01:36:33.629  2336  2336 I Media_RDMService:: configSize = 4
04-20 01:36:33.629  2336  2336 I Media_RDMService:: RDMS: Config File->Media Plugin Path =./system/lib64/RDMS_Plugins/libMediaPlugin.so
04-20 01:36:33.629  2336  2336 I Media_RDMService:: RDMS: Config File->Connectivity Plugin Path =./system/lib64/RDMS_Plugins/libConnectivityPlugin.so
04-20 01:36:33.629  2336  2336 I Media_RDMService:: RDMS: Config File->Navigation Plugin Path =./system/lib64/RDMS_Plugins/libNavigationPlugin.so
04-20 01:36:33.629  2336  2336 I Media_RDMService:: RDMS: Config File->Update Plugin Path =./system/lib64/RDMS_Plugins/libUpdatePlugin.so
04-20 01:36:33.629  2336  2336 I Media_RDMService:: RemovableDeviceMain-> parseConfig() Success
04-20 01:36:33.629  2336  2336 I Media_RDMService:: VoldMountInterface: getRdmsHandlerInterface Entry
04-20 01:36:33.629  2336  2336 I Media_RDMService:: rdmsMountHandler:registerEvents
04-20 01:36:33.630  2271  2271 I _ASH    : IasAvbStreamHandler::virtual IasAvbResult IasMediaTransportAvb::IasAvbStreamHandler::createAlsaStream(IasAvbStreamDirection, Ias::UInt16, Ias::UInt32, IasAvbAudioFormat, Ias::UInt32, Ias::UInt32, Ias::UInt32, Ias::UInt8, Ias::Bool, const Ias::String &, Ias::UInt16 &)(1131):  Alsa stream 4 created
04-20 01:36:33.631  2271  2271 I _ASH    : IasAvbStreamHandler::virtual IasAvbResult IasMediaTransportAvb::IasAvbStreamHandler::createAlsaStream(IasAvbStreamDirection, Ias::UInt16, Ias::UInt32, IasAvbAudioFormat, Ias::UInt32, Ias::UInt32, Ias::UInt32, Ias::UInt8, Ias::Bool, const Ias::String &, Ias::UInt16 &)(1131):  Alsa stream 5 created
04-20 01:36:33.632  2271  2271 I _ASH    : IasAvbStreamHandler::virtual IasAvbResult IasMediaTransportAvb::IasAvbStreamHandler::createAlsaStream(IasAvbStreamDirection, Ias::UInt16, Ias::UInt32, IasAvbAudioFormat, Ias::UInt32, Ias::UInt32, Ias::UInt32, Ias::UInt8, Ias::Bool, const Ias::String &, Ias::UInt16 &)(1131):  Alsa stream 6 created
04-20 01:36:33.632  2271  2271 I _ASH    : IasAvbStreamHandler::virtual IasAvbResult IasMediaTransportAvb::IasAvbStreamHandler::connectStreams(AvbStreamId, UInt16)(1444):  Streams connected: 0x91e0f000fe820001 - 4
04-20 01:36:33.632  2271  2271 I _ASH    : IasAvbStreamHandler::virtual IasAvbResult IasMediaTransportAvb::IasAvbStreamHandler::connectStreams(AvbStreamId, UInt16)(1444):  Streams connected: 0x91e0f000fe850001 - 5
04-20 01:36:33.633  2271  2271 I _ASH    : IasAvbStreamHandler::virtual IasAvbResult IasMediaTransportAvb::IasAvbStreamHandler::connectStreams(AvbStreamId, UInt16)(1444):  Streams connected: 0x91e0f000fe840001 - 6
04-20 01:36:33.634  2271  2271 I _ASH    : IasAvbStreamHandler::virtual IasAvbResult IasMediaTransportAvb::IasAvbStreamHandler::connectStreams(AvbStreamId, UInt16)(1444):  Streams connected: 0x91e0f000fe810001 - 1
04-20 01:36:33.634  1679  1757 E Vold    : Subscribe Storage Events for 0x7f3f3e062800
04-20 01:36:33.634  2336  2336 I Media_RDMService:: RemovableDeviceConfig: fetchCalibrationValues() Entry
04-20 01:36:33.635  2271  2271 I _ASH    : IasAvbStreamHandler::virtual IasAvbResult IasMediaTransportAvb::IasAvbStreamHandler::connectStreams(AvbStreamId, UInt16)(1444):  Streams connected: 0x91e0f000fe810002 - 2
04-20 01:36:33.635  2336  2336 I Media_RDMService:: RemovableDeviceConfig: Is Carlife Feature Enabled = 0
04-20 01:36:33.635  2271  2271 I _ASH    : IasAvbStreamHandler::virtual IasAvbResult IasMediaTransportAvb::IasAvbStreamHandler::connectStreams(AvbStreamId, UInt16)(1444):  Streams connected: 0x91e0f000fe810003 - 3
04-20 01:36:33.637  2356  2356 I IRS     : setSecureBootProperty: ABL.secureboot is 0
04-20 01:36:33.640  2314  2314 D GMSecurity: GM Security validation passed
04-20 01:36:33.648  2036  2311 D AnimEngine: AnimThread threadLoop entered
04-20 01:36:33.648  2036  2311 D AnimEngine: AnimThread is first run after boot
04-20 01:36:33.652  2368  2368 I gmkeystore: Found keymaster1 module Intel Keymaster HAL, version 100
04-20 01:36:33.652  2368  2368 I SoftKeymaster: system/keymaster/soft_keymaster_device.cpp, Line 122: Creating device
04-20 01:36:33.652  2368  2368 D SoftKeymaster: system/keymaster/soft_keymaster_device.cpp, Line 123: Device address: 0x7f1647ae3000
04-20 01:36:33.652  2368  2368 I TrustyKM1: Trusty-km connectting...
04-20 01:36:33.655  2042  2249 E vehicle_abstraction: CODIDynamicDataGroup::processRxGroupSignal ODI data (dataID = 15) not mapped (fucID = 7) 
04-20 01:36:33.672  2368  2368 I TrustyKM1: Connected to device successfully!
04-20 01:36:33.672  2368  2368 I IntelKeymasterDevice: Creating device
04-20 01:36:33.672  2368  2368 D IntelKeymasterDevice: Device address: 0x7f1647ae6000
04-20 01:36:33.672  2368  2368 D SoftKeymaster: system/keymaster/soft_keymaster_device.cpp, Line 173: Reinitializing SoftKeymasterDevice to use HW keymaster1
04-20 01:36:33.675  2264  2306 I tlin_device: tlin_read error reading : 0x00 0x55 0x1f 
04-20 01:36:33.675  2264  2306 I native_diagnostics: <INFO>  [DiagnosticsService.cpp:47 int32_t setDiagnosticsDtcStatus(const int32_t, const int)] NativeDiagnosticsService setDiagnosticsDtcStatus dtcId 43, testStatus 1
04-20 01:36:33.675  2264  2306 I native_diagnostics: <INFO>  [DiagnosticsService.cpp:68 int32_t setDiagnosticsDtcStatusByCode(const int32_t, const int32_t, const int32_t)] NativeDiagnosticsService setDiagnosticsDtcStatus dtcCode 0xD50F, ftbCode 0x0, testStatus 1
04-20 01:36:33.675  2042  2249 E vehicle_abstraction: CODIDynamicDataGroup::processRxGroupSignal ODI data (dataID = 16) not mapped (fucID = 7) 
04-20 01:36:33.675  2320  2320 I eavbmgr : eavbmgr init..
04-20 01:36:33.675  2264  2306 I native_diagnostics: <INFO>  [DiagnosticsService.cpp:27 const sp<android::IDiagnosticsService> getDiagnosticsService()] NativeDiagnosticsService getting IDiagnosticsService
04-20 01:36:33.676  2045  2045 I native_diagnostics: <INFO>  [PALConverter.cpp:120 static enum_diagnostics_message_type_t gm::diag::PALConverter::convert(enum_diagnostic_service_t)] PALConverter enum_diagnostic -> enum_diagnostics, input 14, r 5
04-20 01:36:33.676  2045  2045 I native_diagnostics: <INFO>  [PALDiagnosticAdaptor.cpp:58 virtual int gm::diag::PALDiagnosticAdaptor::sendMessage(diagnostic_message_t *)] PALDiagnosticAdaptor send msg: type 0x5, size: 4
04-20 01:36:33.678  2329  2329 E DPTF    : ERROR:[<CONJURE>EsifConjureStart@esif_uf_conjure.c#217]<1555738593677 ms>: esif_ccb_library_load() upe_java.so failed [ESIF_E_NOT_FOUND (3000)]: dlopen failed: library "upe_java.so" not found
04-20 01:36:33.678  2045  2236 I native_diagnostics: <INFO>  [PALDiagnosticAdaptor.cpp:75 virtual shared_ptr<diagnostic_message_t> gm::diag::PALDiagnosticAdaptor::receiveMessage()] PALDiagnosticAdaptor received msg, type: 0x5, size: 4
04-20 01:36:33.678  2045  2236 I native_diagnostics: <INFO>  [PALConverter.cpp:90 static int gm::diag::PALConverter::convert(enum_diagnostics_message_type_t)] PALConverter enum_diagnostics -> int, input 5, r 14
04-20 01:36:33.678  2045  2236 W native_diagnostics: <WARN> [AbstractDiagnosticMonitor.cpp:217 virtual int gm::diag::AbstractDiagnosticMonitor::run()] DiagnosticPALMonitor request_response() result is null
04-20 01:36:33.678  2045  2045 I native_diagnostics: <INFO>  [DiagnosticsService.cpp:95 virtual int32_t android::DiagnosticsService::reportDtcTestStatusByCode(const int &, const int &, const int &)] ReportDtcTestStatus completed(0xD50F, 0x0, 1) -> 0
04-20 01:36:33.678  2264  2306 D tlin_device: TLIN DTC cleared: TIMEOUT ERROR, status : true
04-20 01:36:33.679  2320  2320 I ServiceManager: Waiting for service media_transport.avb_streamhandler_app.IasAvbControlApp.IasAvbControl...
04-20 01:36:33.688  2368  2368 I gmkeystore: Keymaster1 module is good, destroying wrapper and re-opening
04-20 01:36:33.688  2368  2368 I TrustyKM1: Trusty-km connectting...
04-20 01:36:33.688  2368  2368 I TrustyKM1: Connected to device successfully!
04-20 01:36:33.688  2368  2368 I IntelKeymasterDevice: Creating device
04-20 01:36:33.688  2368  2368 D IntelKeymasterDevice: Device address: 0x7f1647ae6000
04-20 01:36:33.688  2368  2368 I SoftKeymaster: system/keymaster/soft_keymaster_device.cpp, Line 122: Creating device
04-20 01:36:33.688  2368  2368 D SoftKeymaster: system/keymaster/soft_keymaster_device.cpp, Line 123: Device address: 0x7f1647ae3000
04-20 01:36:33.691  2264  2264 I tlin_device: mIsTlinSUpported : 0
04-20 01:36:33.691  2264  2264 E tlin_device: Not a Global A panel
04-20 01:36:33.691  2264  2264 E tlin_HAL: Failed to init the tlin device
04-20 01:36:33.691  2264  2264 I tlin_device: closing Instance mEventLoopStarted
04-20 01:36:33.694  2320  2391 E eavbmgr : Eth: Ethernet status has not been reported to VIP as avbstatus = 
04-20 01:36:33.694  2320  2391 E eavbmgr : 
04-20 01:36:33.694  2320  2391 E eavbmgr : Eth: May be avbstreamhandler application is not up OR failed to execute 'getprop' command
04-20 01:36:33.696  2315  2393 D GMLoggerService: Creating GMLogger
04-20 01:36:33.696  2315  2393 I GMLoggerd: Starting
04-20 01:36:33.703  2042  2249 E vehicle_abstraction: CODIDynamicDataGroup::processRxGroupSignal ODI data (dataID = 17) not mapped (fucID = 7) 
04-20 01:36:33.731  2042  2249 E vehicle_abstraction: CODIDynamicDataGroup::processRxGroupSignal ODI data (dataID = 18) not mapped (fucID = 7) 
04-20 01:36:33.754  2042  2249 E vehicle_abstraction: CODIDynamicDataGroup::processRxGroupSignal ODI data (dataID = 19) not mapped (fucID = 7) 
04-20 01:36:33.759  2271  2271 I _TXE    : IasAvbTransmitEngine::IasMediaTransportAvb::IasAvbProcessingResult IasMediaTransportAvb::IasAvbTransmitEngine::start()(306):
04-20 01:36:33.760  2336  2336 I Media_RDMService:: RemovableDeviceConfig: Is USB DTC checkint Enabled = 1
04-20 01:36:33.760  2356  2356 I IRS     : main: binder thread starting.
04-20 01:36:33.760  2036  2311 D AnimEngine: Black Animation Window
04-20 01:36:33.760  2314  2314 D GMSecurity: setting state to preboot. need to broadcast state change intent.
04-20 01:36:33.760  2314  2314 D GMSecurity: boot not completed. Sending security state change intent later.
04-20 01:36:33.760  2314  2314 D GMSecurity: Current security state : data_locked => preboot
04-20 01:36:33.760  2314  2314 D GMSecurity: waiting for preboot complete
04-20 01:36:33.761  2314  2398 D GMSecurity: starting broadcasting thread
04-20 01:36:33.761  2314  2398 D GMSecurity: waiting for boot complete
04-20 01:36:33.763  2271  2271 I _RXE    : IasAvbReceiveEngine::IasMediaTransportAvb::IasAvbProcessingResult IasMediaTransportAvb::IasAvbReceiveEngine::startIgbReceiveEngine()(1731): Rx Overrun Drop: off
04-20 01:36:33.764  2271  2400 I _RXE    : IasAvbReceiveEngine::virtual Ias::IasResult IasMediaTransportAvb::IasAvbReceiveEngine::run()(874):
04-20 01:36:33.764  2271  2400 I _RXE    : IasAvbReceiveEngine::virtual Ias::IasResult IasMediaTransportAvb::IasAvbReceiveEngine::run()(893): Parameter of ReceiveEngineThread set to policy  1  / prio  50
04-20 01:36:33.765  2271  2271 I _AMN    : Main::IasAvbResult createAvbController(IasMediaTransportAvb::IasAvbStreamHandler *, std::shared_ptr<IasAvbControlImp> &)(681): Registered with instance name media_transport.avb_streamhandler_app.IasAvbControlApp.IasAvbControl
04-20 01:36:33.765  2271  2271 E _AMN    : IasAvbControlService::init(1083):  error: connect
04-20 01:36:33.766  2271  2271 E _AMN    : IasAvbControlService::startSuspendListener(1052):  SuspendListenerThread init failure, working without suspend handling
04-20 01:36:33.766  2271  2271 I _AMN    : BTMR5364746avb_streamhandler
04-20 01:36:33.766  2271  2271 I _AMN    : Main::int main(int, char **)(570): Waiting for Ctrl-C...
04-20 01:36:33.775  2315  2393 D GMLoggerService: not check mec 
04-20 01:36:33.775  2315  2393 D GMLoggerService: Beg...GMLogger::launch()...
04-20 01:36:33.776  2315  2393 I GMLoggerService: LogMonitor re-inits.
04-20 01:36:33.776  2315  2393 D GMLoggerService: LogMonitor::registerLogUpdates for "main" (listener: 6096010 vector: 60a8078)
04-20 01:36:33.776  2315  2393 D GMLoggerService: LogMonitor::registerLogUpdates for "crash" (listener: 6096010 vector: 60a80c0)
04-20 01:36:33.776  2315  2393 D GMLoggerService: LogMonitor::registerLogUpdates for "radio" (listener: 6096010 vector: 60a80d8)
04-20 01:36:33.776  2315  2393 D GMLoggerService: LogMonitor::registerLogUpdates for "events" (listener: 6096010 vector: 60a8090)
04-20 01:36:33.776  2315  2393 D GMLoggerService: LogMonitor::registerLogUpdates for "system" (listener: 6096010 vector: 60a80a8)
04-20 01:36:33.776  2315  2393 D GMLoggerService: LogMonitor::registerLogUpdates for "radio" (listener: 60960d0 vector: 60a80d8)
04-20 01:36:33.776  2315  2393 D GMLoggerService: LogMonitor::registerLogUpdates for "events" (listener: 6096190 vector: 60a8090)
04-20 01:36:33.776  2315  2393 D GMLoggerService: LogMonitor::registerLogUpdates for "system" (listener: 6096250 vector: 60a80a8)
04-20 01:36:33.776  2315  2393 D GMLoggerService: LogMonitor::registerLogUpdates for "crash" (listener: 6096310 vector: 60a80c0)
04-20 01:36:33.776  2315  2393 D GMLoggerService: GMLogger: createLoggers() for GMCRASH 11: gmcrash
04-20 01:36:33.776  2315  2393 D GMLoggerService: GMLogger: createLoggers() for GHS 12: ghs
04-20 01:36:33.779  2036  2311 D AnimEngine: AnimEngine::animThreadState : state: 1
04-20 01:36:33.779  2053  2053 I [PLSS]PMSvc: only animation client ready
04-20 01:36:33.779  2042  2249 E vehicle_abstraction: setIPCReadGlobalAGroupSignalData Signal not found (groupSignal = 0x80F8) 
04-20 01:36:33.779  2042  2249 E vehicle_abstraction: setIPCReadGlobalAGroupSignalData Signal not found (groupSignal = 0x80F9) 
04-20 01:36:33.779  2042  2249 E vehicle_abstraction: setIPCReadGlobalAGroupSignalData Signal not found (groupSignal = 0x80FA) 
04-20 01:36:33.779  2036  2311 D AnimEngine: |EVENT-Q| Popped event : 0
04-20 01:36:33.779  2036  2311 W AnimEngine: Animation thread going into wait
04-20 01:36:33.782  2264  2306 I tlin_device: tlin_read error reading : 0x00 0x55 0x1f 
04-20 01:36:33.782  2264  2264 I tlin_device: TlinDevice Destructor
04-20 01:36:33.782  2264  2264 E pal_input: [INPUT:TLIN] open:[pal_input_tlin.cpp:66] TLIN Device interface failed to open
04-20 01:36:33.782  2264  2264 E VehiclePanelService: init lvm interface failed: -1
04-20 01:36:33.782  2264  2264 E pal_input: [INPUT:CORE] register_touch_velocity:[pal_input_core.cpp:923] work mode module is 'ICS_SRC_I2C' , can not register touch velocity 
04-20 01:36:33.782  2264  2264 I VehiclePanelService: VehiclePanelService constructor done
04-20 01:36:33.828  2042  2249 E vehicle_abstraction: CODIDynamicDataGroup::processRxGroupSignal ODI data (dataID = 21) not mapped (fucID = 7) 
04-20 01:36:33.843  2042  2249 E vehicle_abstraction: CGlobalASignalMappings::signalInfoForAbstractionSignalID unmapped  abstractionID 4359
04-20 01:36:33.856  2042  2249 E vehicle_abstraction: CODIDynamicDataGroup::processRxGroupSignal ODI data (dataID = 22) not mapped (fucID = 7) 
04-20 01:36:33.861  2336  2418 I Media_RDMService:: RemovableDeviceFactory - iDeviceHandler() Entry
04-20 01:36:33.861  2336  2418 I Media_RDMService:: VoldMountInterface: getRdmsHandlerInterface Entry
04-20 01:36:33.861  2336  2418 I Media_RDMService:: RemovableDeviceFactory: initAppleCarplayInterfaceDescriptors Entry
04-20 01:36:33.861  2336  2418 I Media_RDMService:: RemovableDeviceFactory: initAppleCarplayInterfaceStrings Entry
04-20 01:36:33.861  2336  2418 I Media_RDMService:: RemovableDeviceFactory: initAppleCarlifeEAPInterfaceDescriptors Entry
04-20 01:36:33.861  2336  2418 I Media_RDMService:: RemovableDeviceFactory: initAppleCarlifeEAPInterfaceStrings Entry
04-20 01:36:33.861  2336  2336 I Media_RDMService:: RemovableDeviceFactory - initPlugins() Entry
04-20 01:36:33.861  2336  2336 I Media_RDMService:: RDMS: getConfigValue() configname = connectivityPluginPath , configValue = ./system/lib64/RDMS_Plugins/libConnectivityPlugin.so
04-20 01:36:33.861  2336  2336 I Media_RDMService:: RemovableDeviceFactory - createPluginhandler() Entry
04-20 01:36:33.874  2336  2416 I Media_RDMService:: RemovableDeviceSocketListener::BTSA SocketCreation Success
04-20 01:36:33.896  2042  2249 E vehicle_abstraction: CODIDynamicDataGroup::processRxGroupSignal ODI data (dataID = 23) not mapped (fucID = 7) 
04-20 01:36:33.899  2315  2393 D GMLoggerService: GMLogger: platform module get 0
04-20 01:36:33.900  2315  2428 D         : Waiting for changes in /data/tombstones directory
04-20 01:36:33.904  2336  2336 E RDMSPluginInterface: ConnectivityPlugin conn_init called
04-20 01:36:33.905  2336  2336 I RDMSPluginBase: RDMSPluginBase() Enter
04-20 01:36:33.905  2336  2336 I RDMSPluginBase: RDMSPluginBase() Exit
04-20 01:36:33.905  2336  2336 I RDMSPluginCarPlay: RDMSPluginCarPlay() Enter
04-20 01:36:33.905  2336  2336 I RDMSPluginCarPlay: RDMSPluginCarPlay() Exit
04-20 01:36:33.905  2336  2336 I RDMSPluginBase: RDMSPluginBase() Enter
04-20 01:36:33.905  2336  2336 I RDMSPluginBase: RDMSPluginBase() Exit
04-20 01:36:33.905  2336  2336 I RDMSPluginGAL: RDMSPluginGAL() Enter
04-20 01:36:33.905  2336  2336 I RDMSPluginGAL: RDMSPluginGAL() Exit
04-20 01:36:33.905  2336  2336 I RDMSPluginBase: RDMSPluginBase() Enter
04-20 01:36:33.905  2336  2336 I RDMSPluginBase: RDMSPluginBase() Exit
04-20 01:36:33.905  2336  2336 I RDMSPluginCarLifeAndroid: RDMSPluginCarLifeAndroid() Enter
04-20 01:36:33.905  2336  2336 I RDMSPluginCarLifeAndroid: RDMSPluginCarLifeAndroid() Exit
04-20 01:36:33.905  2336  2336 I RDMSPluginBase: RDMSPluginBase() Enter
04-20 01:36:33.905  2336  2336 I RDMSPluginBase: RDMSPluginBase() Exit
04-20 01:36:33.905  2336  2336 D RDMSPluginCarlifeIphone: RDMSPluginCarLifeIPhone() Enter
04-20 01:36:33.905  2336  2336 D RDMSPluginCarlifeIphone: RDMSPluginCarLifeIPhone() Exit
04-20 01:36:33.905  2336  2336 I RDMSJavaConnector: RDMSJavaConnector() Enter
04-20 01:36:33.905  2336  2336 I RDMSJavaConnector: RDMSJavaConnector() Exit
04-20 01:36:33.905  2336  2336 I RDMSPluginManager: RDMSPluginManager() Enter
04-20 01:36:33.905  2336  2336 I RDMSPluginBase: setRDMSJavaConnector() Enter
04-20 01:36:33.905  2336  2336 I RDMSPluginBase: setRDMSJavaConnector() Exit
04-20 01:36:33.905  2336  2336 I RDMSPluginBase: setRDMSJavaConnector() Enter
04-20 01:36:33.905  2336  2336 I RDMSPluginBase: setRDMSJavaConnector() Exit
04-20 01:36:33.905  2336  2336 I RDMSPluginBase: setRDMSJavaConnector() Enter
04-20 01:36:33.905  2336  2336 I RDMSPluginBase: setRDMSJavaConnector() Exit
04-20 01:36:33.905  2336  2336 I RDMSPluginBase: setRDMSJavaConnector() Enter
04-20 01:36:33.905  2336  2336 I RDMSPluginBase: setRDMSJavaConnector() Exit
04-20 01:36:33.905  2336  2336 I RDMSPluginBase: setResourceManager() Enter
04-20 01:36:33.905  2336  2336 I RDMSPluginBase: setResourceManager() Exit
04-20 01:36:33.905  2336  2336 I RDMSPluginBase: setResourceManager() Enter
04-20 01:36:33.905  2336  2336 I RDMSPluginBase: setResourceManager() Exit
04-20 01:36:33.905  2336  2336 I RDMSPluginBase: setResourceManager() Enter
04-20 01:36:33.905  2336  2336 I RDMSPluginBase: setResourceManager() Exit
04-20 01:36:33.905  2336  2336 I RDMSPluginBase: setResourceManager() Enter
04-20 01:36:33.905  2336  2336 I RDMSPluginBase: setResourceManager() Exit
04-20 01:36:33.906  2336  2434 E RDMSPluginManager: MMSListenerThread Start
04-20 01:36:33.906  2336  2432 D RDMSPluginCarPlay: routeChangesListener() Enter
04-20 01:36:33.906  2336  2432 D RDMSPluginCarPlay: routeChangesListener(): Read While Loop
04-20 01:36:33.907  2336  2336 I RDMSPluginManager: RDMSPluginManager() Exit
04-20 01:36:33.907  2336  2336 I RDMSPluginManager: start() Enter- connect java layer
04-20 01:36:33.907  2336  2336 I RDMSJavaConnector: setPluginManagerCallback() Enter
04-20 01:36:33.907  2336  2336 I RDMSJavaConnector: setPluginManagerCallback() Exit
04-20 01:36:33.907  2336  2336 I RDMSJavaConnector: start() Enter
04-20 01:36:33.907  2336  2336 I RDMSJavaConnector: startThread()
04-20 01:36:33.907  2336  2336 I RDMSJavaConnector: start() Exit
04-20 01:36:33.909  2336  2336 I RDMSPluginManager: start() Exit
04-20 01:36:33.909  2336  2336 I Media_RDMService:: RemovableDeviceFactory - client_plugin_status entry
04-20 01:36:33.909  2336  2336 I Media_RDMService:: RemovableDeviceFactory - Connectivity plugin Ptr updated
04-20 01:36:33.909  2336  2336 I Media_RDMService:: RDMS: getConfigValue() configname = navigationPluginPath , configValue = ./system/lib64/RDMS_Plugins/libNavigationPlugin.so
04-20 01:36:33.909  2336  2336 I Media_RDMService:: RemovableDeviceFactory - createPluginhandler() Entry
04-20 01:36:33.910  2336  2435 I RDMSJavaConnector: Socket Created & Bound
04-20 01:36:33.910  2336  2435 E RDMSJavaConnector: deviceListenerThread() Waiting for new connection
04-20 01:36:33.918  2035  2035 I chatty  : uid=1013(media) expire 68 lines
04-20 01:36:33.930  2035  2442 I chatty  : uid=1013(media) expire 1 line
04-20 01:36:33.938  2336  2336 I RDMSPlugin_Nav:: NavigationPlugin nav_init called
04-20 01:36:33.938  2336  2336 I RDMSPlugin_Nav:: NavigationPluginHandler::clearMemberVariables entry
04-20 01:36:33.938  2336  2336 I RDMSPlugin_Nav:: NavigationPluginHandler - initializePlugin() timer started
04-20 01:36:33.939  2336  2336 I RDMSPlugin_Nav:: Navigation Plugin Binder instantiated
04-20 01:36:33.939  2336  2336 I Media_RDMService:: RemovableDeviceFactory - client_plugin_status entry
04-20 01:36:33.939  2336  2336 I Media_RDMService:: RDMS: getConfigValue() configname = updatePluginPath , configValue = ./system/lib64/RDMS_Plugins/libUpdatePlugin.so
04-20 01:36:33.939  2336  2336 I Media_RDMService:: RemovableDeviceFactory - createPluginhandler() Entry
04-20 01:36:33.939  2411  2411 I chatty  : uid=1013(media) /system/bin/pulseaudio expire 143 lines
04-20 01:36:33.954  2329  2419 E DPTF    : ERROR:[<DPTF>]<1555738593954 ms>: DPTF Build Version:  8.3.8888.9999	DPTF Build Date:  Feb 28 2018 22:36:14	Source File:  vendor/intel/dptf/DPTF/Androidx86/jni/PolicyLib/../../../Sources/Policies/PolicyLib/PolicyBase.cpp @ line 1039	Executing Function:  void PolicyBase::takeControlOfOsc(Bool)	Message:  Active Policy: Failed to acquire OSC: Failure during execution of _OSC: 	DPTF Build Version:  8.3.8888.9999	DPTF Build Date:  Feb 28 2018 22:36:14	Source File:  vendor/intel/dptf/DPTF/Androidx86/jni/Manager/../../../Sources/Manager/EsifServices.cpp @ line 649	Executing Function:  virtual void EsifServices::primitiveExecuteSet(esif_primitive_type, esif_data_type, void*, UInt32, UInt32, UIntN, UIntN, UInt8)	Message:  Error returned from ESIF services interface function call	Participant:  NoParticipant	Domain:  NoDomain	ESIF Primitive:  SET_OPERATING_SYSTEM_CAPABILITIES [93]	ESIF Instance:  255	ESIF Return Code:  ESIF_E_UNSPECIFIED [1003]			Policy:  Active Policy [0]	
04-20 01:36:33.961  2336  2336 D UpdateRDMSPlugin: Update_init Plugin Being called 
04-20 01:36:33.961  2336  2336 I Media_RDMService:: RemovableDeviceFactory - client_plugin_status entry
04-20 01:36:33.961  2336  2336 I Media_RDMService:: RemovableDeviceFactory - notify connectivity plugin callback pointer
04-20 01:36:33.961  2336  2336 D RDMSPluginInterface: conn_apple_device_info called cookie assigned 0Xe2f63ce0 
04-20 01:36:33.961  2336  2336 D RDMSPluginInterface: conn_apple_device_info called Type :  MountPath :  Name :  SerialNum :  Cmd = 3 isDeviceCarplayCapable = 0
04-20 01:36:33.961  2336  2336 D RDMSPluginInterface: conn_apple_device_info just set cookie and cookie1 pointer 
04-20 01:36:33.961  2336  2336 I Media_RDMService:: RemovableDeviceFactory - startUsbDtcCktHandler() Entry
04-20 01:36:33.962  2336  2336 I Media_RDMService:: RemovableDeviceConfig: isUsbDtcCktEnabled() Entry
04-20 01:36:33.971  2045  2236 I native_diagnostics: <INFO>  [PALDiagnosticAdaptor.cpp:75 virtual shared_ptr<diagnostic_message_t> gm::diag::PALDiagnosticAdaptor::receiveMessage()] PALDiagnosticAdaptor received msg, type: 0x4, size: 4
04-20 01:36:33.971  2045  2236 I native_diagnostics: <INFO>  [PALConverter.cpp:90 static int gm::diag::PALConverter::convert(enum_diagnostics_message_type_t)] PALConverter enum_diagnostics -> int, input 4, r 13
04-20 01:36:33.971  2045  2236 I native_diagnostics: <INFO>  [AbstractDiagnosticMonitor.cpp:219 virtual int gm::diag::AbstractDiagnosticMonitor::run()] DiagnosticPALMonitor got one NO_ACTION message: diagnostic_message=(bus: 2, src: 0xffff, dest: 0xffff, dirct: 2, 20/DIAG_NO_ACTION (N/A), 0)
04-20 01:36:33.971  2336  2456 I Media_RDMService:: RemovableDeviceFactory - usbDtcHandler() Entry
04-20 01:36:33.971  2336  2336 I Media_RDMService:: In RemovableDeviceADB constructor
04-20 01:36:33.972  2336  2336 I Media_RDMService:: RemovableDeviceMain: ADBService instantiated
04-20 01:36:33.972  2045  2236 I native_diagnostics: <INFO>  [PALDiagnosticAdaptor.cpp:75 virtual shared_ptr<diagnostic_message_t> gm::diag::PALDiagnosticAdaptor::receiveMessage()] PALDiagnosticAdaptor received msg, type: 0x4, size: 4
04-20 01:36:33.972  2045  2236 I native_diagnostics: <INFO>  [PALConverter.cpp:90 static int gm::diag::PALConverter::convert(enum_diagnostics_message_type_t)] PALConverter enum_diagnostics -> int, input 4, r 13
04-20 01:36:33.972  2045  2236 I native_diagnostics: <INFO>  [AbstractDiagnosticMonitor.cpp:219 virtual int gm::diag::AbstractDiagnosticMonitor::run()] DiagnosticPALMonitor got one NO_ACTION message: diagnostic_message=(bus: 2, src: 0xffff, dest: 0xffff, dirct: 2, 20/DIAG_NO_ACTION (N/A), 0)
04-20 01:36:33.973  2045  2236 I native_diagnostics: <INFO>  [PALDiagnosticAdaptor.cpp:75 virtual shared_ptr<diagnostic_message_t> gm::diag::PALDiagnosticAdaptor::receiveMessage()] PALDiagnosticAdaptor received msg, type: 0x4, size: 4
04-20 01:36:33.973  2045  2236 I native_diagnostics: <INFO>  [PALConverter.cpp:90 static int gm::diag::PALConverter::convert(enum_diagnostics_message_type_t)] PALConverter enum_diagnostics -> int, input 4, r 13
04-20 01:36:33.973  2045  2236 I native_diagnostics: <INFO>  [AbstractDiagnosticMonitor.cpp:219 virtual int gm::diag::AbstractDiagnosticMonitor::run()] DiagnosticPALMonitor got one NO_ACTION message: diagnostic_message=(bus: 2, src: 0xffff, dest: 0xffff, dirct: 2, 20/DIAG_NO_ACTION (N/A), 0)
04-20 01:36:33.974  2045  2236 I native_diagnostics: <INFO>  [PALDiagnosticAdaptor.cpp:75 virtual shared_ptr<diagnostic_message_t> gm::diag::PALDiagnosticAdaptor::receiveMessage()] PALDiagnosticAdaptor received msg, type: 0x4, size: 4
04-20 01:36:33.974  2045  2236 I native_diagnostics: <INFO>  [PALConverter.cpp:90 static int gm::diag::PALConverter::convert(enum_diagnostics_message_type_t)] PALConverter enum_diagnostics -> int, input 4, r 13
04-20 01:36:33.974  2045  2236 I native_diagnostics: <INFO>  [AbstractDiagnosticMonitor.cpp:219 virtual int gm::diag::AbstractDiagnosticMonitor::run()] DiagnosticPALMonitor got one NO_ACTION message: diagnostic_message=(bus: 2, src: 0xffff, dest: 0xffff, dirct: 2, 20/DIAG_NO_ACTION (N/A), 0)
04-20 01:36:33.975  2045  2236 I native_diagnostics: <INFO>  [PALDiagnosticAdaptor.cpp:75 virtual shared_ptr<diagnostic_message_t> gm::diag::PALDiagnosticAdaptor::receiveMessage()] PALDiagnosticAdaptor received msg, type: 0x4, size: 4
04-20 01:36:33.975  2045  2236 I native_diagnostics: <INFO>  [PALConverter.cpp:90 static int gm::diag::PALConverter::convert(enum_diagnostics_message_type_t)] PALConverter enum_diagnostics -> int, input 4, r 13
04-20 01:36:33.975  2045  2236 I native_diagnostics: <INFO>  [AbstractDiagnosticMonitor.cpp:219 virtual int gm::diag::AbstractDiagnosticMonitor::run()] DiagnosticPALMonitor got one NO_ACTION message: diagnostic_message=(bus: 2, src: 0xffff, dest: 0xffff, dirct: 2, 20/DIAG_NO_ACTION (N/A), 0)
04-20 01:36:33.976  2042  2249 E vehicle_abstraction: CODIDynamicDataGroup::processRxGroupSignal ODI data (dataID = 26) not mapped (fucID = 7) 
04-20 01:36:33.976  2045  2236 I native_diagnostics: <INFO>  [PALDiagnosticAdaptor.cpp:75 virtual shared_ptr<diagnostic_message_t> gm::diag::PALDiagnosticAdaptor::receiveMessage()] PALDiagnosticAdaptor received msg, type: 0x4, size: 4
04-20 01:36:33.976  2045  2236 I native_diagnostics: <INFO>  [PALConverter.cpp:90 static int gm::diag::PALConverter::convert(enum_diagnostics_message_type_t)] PALConverter enum_diagnostics -> int, input 4, r 13
04-20 01:36:33.976  2045  2236 I native_diagnostics: <INFO>  [AbstractDiagnosticMonitor.cpp:219 virtual int gm::diag::AbstractDiagnosticMonitor::run()] DiagnosticPALMonitor got one NO_ACTION message: diagnostic_message=(bus: 2, src: 0xffff, dest: 0xffff, dirct: 2, 20/DIAG_NO_ACTION (N/A), 0)
04-20 01:36:33.977  2045  2236 I native_diagnostics: <INFO>  [PALDiagnosticAdaptor.cpp:75 virtual shared_ptr<diagnostic_message_t> gm::diag::PALDiagnosticAdaptor::receiveMessage()] PALDiagnosticAdaptor received msg, type: 0x4, size: 4
04-20 01:36:33.977  2045  2236 I native_diagnostics: <INFO>  [PALConverter.cpp:90 static int gm::diag::PALConverter::convert(enum_diagnostics_message_type_t)] PALConverter enum_diagnostics -> int, input 4, r 13
04-20 01:36:33.977  2045  2236 I native_diagnostics: <INFO>  [AbstractDiagnosticMonitor.cpp:219 virtual int gm::diag::AbstractDiagnosticMonitor::run()] DiagnosticPALMonitor got one NO_ACTION message: diagnostic_message=(bus: 2, src: 0xffff, dest: 0xffff, dirct: 2, 20/DIAG_NO_ACTION (N/A), 0)
04-20 01:36:33.979  2042  2249 E vehicle_abstraction: setIPCReadGlobalAGroupSignalData Signal not found (groupSignal = 0x80F8) 
04-20 01:36:33.979  2045  2236 I native_diagnostics: <INFO>  [PALDiagnosticAdaptor.cpp:75 virtual shared_ptr<diagnostic_message_t> gm::diag::PALDiagnosticAdaptor::receiveMessage()] PALDiagnosticAdaptor received msg, type: 0x4, size: 4
04-20 01:36:33.980  2045  2236 I native_diagnostics: <INFO>  [PALConverter.cpp:90 static int gm::diag::PALConverter::convert(enum_diagnostics_message_type_t)] PALConverter enum_diagnostics -> int, input 4, r 13
04-20 01:36:33.980  2045  2236 I native_diagnostics: <INFO>  [AbstractDiagnosticMonitor.cpp:219 virtual int gm::diag::AbstractDiagnosticMonitor::run()] DiagnosticPALMonitor got one NO_ACTION message: diagnostic_message=(bus: 2, src: 0xffff, dest: 0xffff, dirct: 2, 20/DIAG_NO_ACTION (N/A), 0)
04-20 01:36:33.981  2045  2236 I native_diagnostics: <INFO>  [PALDiagnosticAdaptor.cpp:75 virtual shared_ptr<diagnostic_message_t> gm::diag::PALDiagnosticAdaptor::receiveMessage()] PALDiagnosticAdaptor received msg, type: 0x4, size: 4
04-20 01:36:33.981  2045  2236 I native_diagnostics: <INFO>  [PALConverter.cpp:90 static int gm::diag::PALConverter::convert(enum_diagnostics_message_type_t)] PALConverter enum_diagnostics -> int, input 4, r 13
04-20 01:36:33.981  2045  2236 I native_diagnostics: <INFO>  [AbstractDiagnosticMonitor.cpp:219 virtual int gm::diag::AbstractDiagnosticMonitor::run()] DiagnosticPALMonitor got one NO_ACTION message: diagnostic_message=(bus: 2, src: 0xffff, dest: 0xffff, dirct: 2, 20/DIAG_NO_ACTION (N/A), 0)
04-20 01:36:33.981  2045  2236 I native_diagnostics: <INFO>  [PALDiagnosticAdaptor.cpp:75 virtual shared_ptr<diagnostic_message_t> gm::diag::PALDiagnosticAdaptor::receiveMessage()] PALDiagnosticAdaptor received msg, type: 0x4, size: 4
04-20 01:36:33.981  2045  2236 I native_diagnostics: <INFO>  [PALConverter.cpp:90 static int gm::diag::PALConverter::convert(enum_diagnostics_message_type_t)] PALConverter enum_diagnostics -> int, input 4, r 13
04-20 01:36:33.982  2045  2236 I native_diagnostics: <INFO>  [AbstractDiagnosticMonitor.cpp:219 virtual int gm::diag::AbstractDiagnosticMonitor::run()] DiagnosticPALMonitor got one NO_ACTION message: diagnostic_message=(bus: 2, src: 0xffff, dest: 0xffff, dirct: 2, 20/DIAG_NO_ACTION (N/A), 0)
04-20 01:36:33.983  2045  2236 I native_diagnostics: <INFO>  [PALDiagnosticAdaptor.cpp:75 virtual shared_ptr<diagnostic_message_t> gm::diag::PALDiagnosticAdaptor::receiveMessage()] PALDiagnosticAdaptor received msg, type: 0x4, size: 4
