04-18 15:34:45.312  2709  2711 D pal_radio: RadioSvcBase.tpp:70  emitting: Tuner Event {1032: PAL_TUNER_EVENT_STATION_INFO, 0, {1024: 00 01 00 00 14 00 00 00 00 00 00 00 00 00 00 00 04 00 00 00 0c 8e 01 00 01 00 00 00 01 00 00 00 01 00 00 00 00 be ad de 02 00 00 00 01 00 00 00 01 00 00 00 00 be ad de 03 00 00 00 00 00 00 00 04 00 00 00 00 00 00 00 14 00 00 00 01 00 00 00 01 00 00 00 00 be ad de 04 00 00 00 01 00 00 00 01 00 00 00 00 be ad de 05 00 00 00 02 00 00 00 00 00 00 00 06 00 00 00 01 00 00 00 01 00 00 00 00 be ad de 07 00 00 00 01 00 00 00 01 00 00 00 00 be ad de 08 00 00 00 01 00 00 00 01 00 00 00 00 be ad de 09 00 00 00 00 00 00 00 04 00 00 00 47 00 00 00 0a 00 00 00 00 00 00 00 04 00 00 00 00 00 00 00 0b 00 00 00 01 00 00 00 07 00 00 00 4e 4f 5f 50 54 59 00 de 2d 00 00 00 00 00 00 00 04 00 00 00 00 00 00 00 0c 00 00 00 00 00 00 00 04 00 00 00 37 00 00 00 0d 00 00 00 00 00 00 00 04 00 00 00 01 00 00 00 0e 00 00 00 01 00 00 00 01 00 00 00 00 be ad de 0f 00 00 00 03 00 00 00 00 01 00 00 40 00 00 00 00 00 00 00 ef be ad de ef be ad de ef be ad 
04-18 15:34:45.314  2709  2711 E psu_manager: [PSU] checkVipResponse:[Psu.cpp:77] HW Variant Error!
04-18 15:34:45.314  2709  2711 E psu_manager: [PSU] syncPsuPwmFrequency:[TunerPsuSync.cpp:204] Can't set pwm frequency
04-18 15:34:45.314  2709  2711 E psu_manager: [PSU] syncCalback:[TunerPsuSync.cpp:140] syncPsuPwmFrequency not success
04-18 15:34:45.315  2709  2711 D pal_radio: RadioSvcBase.tpp:70  emitting: Tuner Event {1032: PAL_TUNER_EVENT_STATION_INFO, 0, {1024: 00 01 00 00 14 00 00 00 00 00 00 00 00 00 00 00 04 00 00 00 0c 8e 01 00 01 00 00 00 01 00 00 00 01 00 00 00 00 be ad de 02 00 00 00 01 00 00 00 01 00 00 00 00 be ad de 03 00 00 00 00 00 00 00 04 00 00 00 00 00 00 00 14 00 00 00 01 00 00 00 01 00 00 00 00 be ad de 04 00 00 00 01 00 00 00 01 00 00 00 00 be ad de 05 00 00 00 02 00 00 00 00 00 00 00 06 00 00 00 01 00 00 00 01 00 00 00 00 be ad de 07 00 00 00 01 00 00 00 01 00 00 00 00 be ad de 08 00 00 00 01 00 00 00 01 00 00 00 00 be ad de 09 00 00 00 00 00 00 00 04 00 00 00 47 00 00 00 0a 00 00 00 00 00 00 00 04 00 00 00 0f 5d 00 00 0b 00 00 00 01 00 00 00 05 00 00 00 4e 45 57 53 00 be ad de 2d 00 00 00 00 00 00 00 04 00 00 00 01 00 00 00 0c 00 00 00 00 00 00 00 04 00 00 00 33 00 00 00 0d 00 00 00 00 00 00 00 04 00 00 00 01 00 00 00 0e 00 00 00 01 00 00 00 09 00 00 00 20 20 57 44 45 54 20 20 00 be ad de 0f 00 00 00 03 00 00 00 00 01 00 00 40 00 00 00 01 00 00 00 0a 00 00 
04-18 15:34:45.317  2709  2711 E psu_manager: [PSU] checkVipResponse:[Psu.cpp:77] HW Variant Error!
04-18 15:34:45.317  2709  2711 E psu_manager: [PSU] syncPsuPwmFrequency:[TunerPsuSync.cpp:204] Can't set pwm frequency
04-18 15:34:45.317  2709  2711 E psu_manager: [PSU] syncCalback:[TunerPsuSync.cpp:140] syncPsuPwmFrequency not success
04-18 15:34:45.318  2709  2711 D pal_radio: RadioSvcBase.tpp:70  emitting: Tuner Event {1032: PAL_TUNER_EVENT_STATION_INFO, 0, {1024: 00 01 00 00 14 00 00 00 00 00 00 00 00 00 00 00 04 00 00 00 0c 8e 01 00 01 00 00 00 01 00 00 00 01 00 00 00 00 be ad de 02 00 00 00 01 00 00 00 01 00 00 00 00 be ad de 03 00 00 00 00 00 00 00 04 00 00 00 00 00 00 00 14 00 00 00 01 00 00 00 01 00 00 00 00 be ad de 04 00 00 00 01 00 00 00 01 00 00 00 00 be ad de 05 00 00 00 02 00 00 00 00 00 00 00 06 00 00 00 01 00 00 00 01 00 00 00 00 be ad de 07 00 00 00 01 00 00 00 01 00 00 00 00 be ad de 08 00 00 00 01 00 00 00 01 00 00 00 00 be ad de 09 00 00 00 00 00 00 00 04 00 00 00 47 00 00 00 0a 00 00 00 00 00 00 00 04 00 00 00 0f 5d 00 00 0b 00 00 00 01 00 00 00 05 00 00 00 4e 45 57 53 00 be ad de 2d 00 00 00 00 00 00 00 04 00 00 00 01 00 00 00 0c 00 00 00 00 00 00 00 04 00 00 00 33 00 00 00 0d 00 00 00 00 00 00 00 04 00 00 00 01 00 00 00 0e 00 00 00 01 00 00 00 09 00 00 00 20 41 49 52 20 4f 4e 20 00 be ad de 0f 00 00 00 03 00 00 00 00 01 00 00 40 00 00 00 01 00 00 00 0a 00 00 
04-18 15:34:45.319  2709  2711 E psu_manager: [PSU] checkVipResponse:[Psu.cpp:77] HW Variant Error!
04-18 15:34:45.319  2709  2711 E psu_manager: [PSU] syncPsuPwmFrequency:[TunerPsuSync.cpp:204] Can't set pwm frequency
04-18 15:34:45.319  2709  2711 E psu_manager: [PSU] syncCalback:[TunerPsuSync.cpp:140] syncPsuPwmFrequency not success
04-18 15:34:45.320  2709  2711 D pal_radio: RadioSvcBase.tpp:70  emitting: Tuner Event {1032: PAL_TUNER_EVENT_STATION_INFO, 0, {1024: 00 01 00 00 14 00 00 00 00 00 00 00 00 00 00 00 04 00 00 00 0c 8e 01 00 01 00 00 00 01 00 00 00 01 00 00 00 00 be ad de 02 00 00 00 01 00 00 00 01 00 00 00 00 be ad de 03 00 00 00 00 00 00 00 04 00 00 00 00 00 00 00 14 00 00 00 01 00 00 00 01 00 00 00 00 be ad de 04 00 00 00 01 00 00 00 01 00 00 00 00 be ad de 05 00 00 00 02 00 00 00 00 00 00 00 06 00 00 00 01 00 00 00 01 00 00 00 00 be ad de 07 00 00 00 01 00 00 00 01 00 00 00 00 be ad de 08 00 00 00 01 00 00 00 01 00 00 00 00 be ad de 09 00 00 00 00 00 00 00 04 00 00 00 47 00 00 00 0a 00 00 00 00 00 00 00 04 00 00 00 0f 5d 00 00 0b 00 00 00 01 00 00 00 05 00 00 00 4e 45 57 53 00 be ad de 2d 00 00 00 00 00 00 00 04 00 00 00 01 00 00 00 0c 00 00 00 00 00 00 00 04 00 00 00 38 00 00 00 0d 00 00 00 00 00 00 00 04 00 00 00 01 00 00 00 0e 00 00 00 01 00 00 00 09 00 00 00 20 31 30 31 2e 39 20 20 00 be ad de 0f 00 00 00 03 00 00 00 00 01 00 00 40 00 00 00 01 00 00 00 0a 00 00 
04-18 15:34:45.322  2709  2711 E psu_manager: [PSU] checkVipResponse:[Psu.cpp:77] HW Variant Error!
04-18 15:34:45.322  2709  2711 E psu_manager: [PSU] syncPsuPwmFrequency:[TunerPsuSync.cpp:204] Can't set pwm frequency
04-18 15:34:45.322  2709  2711 E psu_manager: [PSU] syncCalback:[TunerPsuSync.cpp:140] syncPsuPwmFrequency not success
04-18 15:34:45.324  2709  2711 D pal_radio: RadioSvcBase.tpp:70  emitting: Tuner Event {1032: PAL_TUNER_EVENT_STATION_INFO, 0, {1024: 00 01 00 00 14 00 00 00 00 00 00 00 00 00 00 00 04 00 00 00 0c 8e 01 00 01 00 00 00 01 00 00 00 01 00 00 00 00 be ad de 02 00 00 00 01 00 00 00 01 00 00 00 00 be ad de 03 00 00 00 00 00 00 00 04 00 00 00 00 00 00 00 14 00 00 00 01 00 00 00 01 00 00 00 00 be ad de 04 00 00 00 01 00 00 00 01 00 00 00 00 be ad de 05 00 00 00 02 00 00 00 00 00 00 00 06 00 00 00 01 00 00 00 01 00 00 00 00 be ad de 07 00 00 00 01 00 00 00 01 00 00 00 00 be ad de 08 00 00 00 01 00 00 00 01 00 00 00 00 be ad de 09 00 00 00 00 00 00 00 04 00 00 00 47 00 00 00 0a 00 00 00 00 00 00 00 04 00 00 00 0f 5d 00 00 0b 00 00 00 01 00 00 00 05 00 00 00 4e 45 57 53 00 be ad de 2d 00 00 00 00 00 00 00 04 00 00 00 01 00 00 00 0c 00 00 00 00 00 00 00 04 00 00 00 37 00 00 00 0d 00 00 00 00 00 00 00 04 00 00 00 01 00 00 00 0e 00 00 00 01 00 00 00 09 00 00 00 20 31 30 31 2e 39 20 20 00 be ad de 0f 00 00 00 03 00 00 00 00 01 00 00 40 00 00 00 01 00 00 00 0a 00 00 
04-18 15:34:45.326  2709  2711 E psu_manager: [PSU] checkVipResponse:[Psu.cpp:77] HW Variant Error!
04-18 15:34:45.326  2709  2711 E psu_manager: [PSU] syncPsuPwmFrequency:[TunerPsuSync.cpp:204] Can't set pwm frequency
04-18 15:34:45.326  2709  2711 E psu_manager: [PSU] syncCalback:[TunerPsuSync.cpp:140] syncPsuPwmFrequency not success
04-18 15:34:45.344  1949  1949 I art     : Thread[1,tid=1949,Native,Thread*=0xf4074500,peer=0x12c3c160,"main"] recursive attempt to load library "/system/lib/libmedia_jni.so"
04-18 15:34:45.345  1949  1949 D MtpDeviceJNI: register_android_mtp_MtpDevice
04-18 15:34:45.345  1949  1949 I art     : Thread[1,tid=1949,Native,Thread*=0xf4074500,peer=0x12c3c160,"main"] recursive attempt to load library "/system/lib/libmedia_jni.so"
04-18 15:34:45.345  1949  1949 I art     : Thread[1,tid=1949,Native,Thread*=0xf4074500,peer=0x12c3c160,"main"] recursive attempt to load library "/system/lib/libmedia_jni.so"
04-18 15:34:45.346  1949  1949 D ZygoteInit: end preloadSystemServer
04-18 15:34:45.346  1949  1949 I boot_progress_preload_start: 11973
04-18 15:34:45.346  1949  1949 D ZygoteInit: begin preload
04-18 15:34:45.354  2470  2470 D GMCRASHLOG: cleaning /data/data/gmlogger/gmcrashlogs/crashlog22_b55014e0c697eac05e62
04-18 15:34:45.397  2470  2470 D GMCRASHLOG: cleaning /data/data/gmlogger/gmcrashlogs/crashlog23_c7a393748487b58e3fd3
04-18 15:34:45.418  1964  2128 E vehicle_abstraction: CGlobalASignalMappings::signalInfoForAbstractionSignalID unmapped  abstractionID 4359
04-18 15:34:45.441  2470  2470 D GMCRASHLOG: cleaning /data/data/gmlogger/gmcrashlogs/crashlog24_42238718297b658c578d
04-18 15:34:45.447  2275  2275 D CinemoMediaEngine: L1 19:34:45.447 Z0 T2275 NmeICU ICU data set from '/system/usr/icu/icudt55l.dat'
04-18 15:34:45.447  2275  2275 D CinemoMediaEngine: L1 19:34:45.447 Z0 T2275 NmeMMLocales Available locales: configured
04-18 15:34:45.447  2275  2275 D CinemoMediaEngine: L1 19:34:45.447 Z0 T2275 NmeMMLocales Default locale: configured
04-18 15:34:45.448  2275  2275 D CinemoMediaEngine: L1 19:34:45.448 Z0 T2275 NmeClassFactory CreateVfs(/system/media/config/HarmanINFO3_cinemo_mm.xml)
04-18 15:34:45.448  2275  2275 D CinemoMediaEngine: L1 19:34:45.448 Z0 T2275 NmeVfsFile Create()
04-18 15:34:45.477  2275  2275 D CinemoMediaEngine: L1 19:34:45.477 Z0 T2275 NmeMMTextCollatorICU input codepage utf-8 (system default UTF-8)
04-18 15:34:45.477  2275  2275 D CinemoMediaEngine: L1 19:34:45.477 Z0 T2275 NmeICUCollate Open("en-US-u-kr-latn-digit-symbol-currency-punct-space-Zzzz-kn-true-ka-shifted")
04-18 15:34:45.493  2470  2470 D GMCRASHLOG: cleaning /data/data/gmlogger/gmcrashlogs/crashlog25_490d825f138ec7aa0459
04-18 15:34:45.584  1948  1948 I Radio-JNI: register_android_hardware_Radio DONE
04-18 15:34:45.584  2275  2275 D CinemoMediaEngine: L1 19:34:45.584 Z0 T2275 NmeICUCollate Warning, U_USING_DEFAULT_WARNING for "en-US-u-kr-latn-digit-symbol-currency-punct-space-Zzzz-kn-true-ka-shifted"
04-18 15:34:45.587  2470  2470 D GMCRASHLOG: cleaning /data/data/gmlogger/gmcrashlogs/crashlog26_0e17963a1e31b1c40364
04-18 15:34:45.587  2275  2275 D CinemoMediaEngine: L1 19:34:45.587 Z0 T2275 NmeMMTextCollatorICU using ICU collation
04-18 15:34:45.588  1948  1948 D BOOT-TIME|:  ZygotInit main: started at |12215
04-18 15:34:45.588  1948  1948 D ZygoteInit: BOOT-TIME| ZygotInit main: started at |12215
04-18 15:34:45.588  1948  1948 I SamplingProfilerIntegration: Profiling disabled.
04-18 15:34:45.588  1948  1948 D ZygoteInit: begin preloadSystemServer
04-18 15:34:45.588  1948  1948 W ZygoteInit: preloadSystemServerClasses  
04-18 15:34:45.588  1948  1948 V ZygoteInit: Preloading android.media.MediaExtractor...
04-18 15:34:45.589  2275  2275 D CinemoMediaEngine: L1 19:34:45.589 Z0 T2275 NmeMMExpr Decoding expression (upnp:class derivedfrom object.item.audioItem and !(upnp:class derivedfrom object.item.audioItem.audioPodcast or upnp:class derivedfrom object.item.audioItem.audioBook))
04-18 15:34:45.589  2275  2275 D CinemoMediaEngine: L1 19:34:45.589 Z0 T2275 NmeMMExpr Decoding expression (upnp:album exists true)
04-18 15:34:45.589  2275  2275 D CinemoMediaEngine: L1 19:34:45.589 Z0 T2275 NmeMMExpr Decoding expression (upnp:album)
04-18 15:34:45.589  2275  2275 D CinemoMediaEngine: L1 19:34:45.589 Z0 T2275 NmeMMExpr Decoding expression (upnp:albumArtist ? upnp:albumArtist : (upnp:artist ? upnp:artist : "#UNKNOWN_ARTIST#"))
04-18 15:34:45.589  2275  2275 D CinemoMediaEngine: L1 19:34:45.589 Z0 T2275 NmeMMExpr Decoding expression (upnp:album exists false)
04-18 15:34:45.589  2275  2275 D CinemoMediaEngine: L1 19:34:45.589 Z0 T2275 NmeMMExpr Decoding expression (upnp:albumArtist ? upnp:albumArtist : (upnp:artist ? upnp:artist : "#UNKNOWN_ARTIST#"))
04-18 15:34:45.590  2275  2275 D CinemoMediaEngine: L1 19:34:45.590 Z0 T2275 NmeMMExpr Decoding expression (upnp:album exists true)
04-18 15:34:45.591  2275  2275 D CinemoMediaEngine: L1 19:34:45.591 Z0 T2275 NmeMMExpr Decoding expression (upnp:album)
04-18 15:34:45.591  2275  2275 D CinemoMediaEngine: L1 19:34:45.591 Z0 T2275 NmeMMExpr Decoding expression (upnp:albumArtist ? upnp:albumArtist : (upnp:artist ? upnp:artist : "#UNKNOWN_ARTIST#"))
04-18 15:34:45.591  2275  2275 D CinemoMediaEngine: L1 19:34:45.591 Z0 T2275 NmeMMExpr Decoding expression (upnp:album exists false)
04-18 15:34:45.591  2275  2275 D CinemoMediaEngine: L1 19:34:45.591 Z0 T2275 NmeMMExpr Decoding expression (cinemo:composer ? cinemo:composer : "#UNKNOWN_COMPOSER#")
04-18 15:34:45.592  2275  2275 D CinemoMediaEngine: L1 19:34:45.592 Z0 T2275 NmeMMExpr Decoding expression (upnp:album exists true)
04-18 15:34:45.592  2275  2275 D CinemoMediaEngine: L1 19:34:45.592 Z0 T2275 NmeMMExpr Decoding expression (upnp:album)
04-18 15:34:45.592  2275  2275 D CinemoMediaEngine: L1 19:34:45.592 Z0 T2275 NmeMMExpr Decoding expression (upnp:albumArtist ? upnp:albumArtist : (upnp:artist ? upnp:artist : "#UNKNOWN_ARTIST#"))
04-18 15:34:45.592  2275  2275 D CinemoMediaEngine: L1 19:34:45.592 Z0 T2275 NmeMMExpr Decoding expression (upnp:album exists false)
04-18 15:34:45.592  2275  2275 D CinemoMediaEngine: L1 19:34:45.592 Z0 T2275 NmeMMExpr Decoding expression (upnp:genre ? upnp:genre : "#UNKNOWN_GENRE#")
04-18 15:34:45.592  2275  2275 D CinemoMediaEngine: L1 19:34:45.592 Z0 T2275 NmeMMExpr Decoding expression (upnp:albumArtist ? upnp:albumArtist : (upnp:artist ? upnp:artist : "#UNKNOWN_ARTIST#"))
04-18 15:34:45.592  2275  2275 D CinemoMediaEngine: L1 19:34:45.592 Z0 T2275 NmeMMExpr Decoding expression (upnp:album exists true)
04-18 15:34:45.592  2275  2275 D CinemoMediaEngine: L1 19:34:45.592 Z0 T2275 NmeMMExpr Decoding expression (upnp:album)
04-18 15:34:45.592  2275  2275 D CinemoMediaEngine: L1 19:34:45.592 Z0 T2275 NmeMMExpr Decoding expression (upnp:albumArtist ? upnp:albumArtist : (upnp:artist ? upnp:artist : "#UNKNOWN_ARTIST#"))
04-18 15:34:45.593  2275  2275 D CinemoMediaEngine: L1 19:34:45.593 Z0 T2275 NmeMMExpr Decoding expression (upnp:album exists false)
04-18 15:34:45.593  2275  2275 D CinemoMediaEngine: L1 19:34:45.593 Z0 T2275 NmeMMExpr Decoding expression (cinemo:compilation=1)
04-18 15:34:45.593  2275  2275 D CinemoMediaEngine: L1 19:34:45.593 Z0 T2275 NmeMMExpr Decoding expression (upnp:album exists true)
04-18 15:34:45.593  2275  2275 D CinemoMediaEngine: L1 19:34:45.593 Z0 T2275 NmeMMExpr Decoding expression (upnp:album)
04-18 15:34:45.593  2275  2275 D CinemoMediaEngine: L1 19:34:45.593 Z0 T2275 NmeMMExpr Decoding expression (upnp:albumArtist ? upnp:albumArtist : (upnp:artist ? upnp:artist : "#UNKNOWN_ARTIST#"))
04-18 15:34:45.593  2275  2275 D CinemoMediaEngine: L1 19:34:45.593 Z0 T2275 NmeMMExpr Decoding expression (upnp:album exists false)
04-18 15:34:45.593  2275  2275 D CinemoMediaEngine: L1 19:34:45.593 Z0 T2275 NmeMMExpr Decoding expression (upnp:class derivedfrom object.item.audioItem.audioPodcast)
04-18 15:34:45.593  2275  2275 D CinemoMediaEngine: L1 19:34:45.593 Z0 T2275 NmeMMExpr Decoding expression (upnp:album exists true)
04-18 15:34:45.593  2275  2275 D CinemoMediaEngine: L1 19:34:45.593 Z0 T2275 NmeMMExpr Decoding expression (upnp:album)
04-18 15:34:45.593  2275  2275 D CinemoMediaEngine: L1 19:34:45.593 Z0 T2275 NmeMMExpr Decoding expression (upnp:albumArtist ? upnp:albumArtist : (upnp:artist ? upnp:artist : "#UNKNOWN_ARTIST#"))
04-18 15:34:45.594  2275  2275 D CinemoMediaEngine: L1 19:34:45.594 Z0 T2275 NmeMMExpr Decoding expression (upnp:album exists false)
04-18 15:34:45.595  2275  2275 D CinemoMediaEngine: L1 19:34:45.595 Z0 T2275 NmeMMExpr Decoding expression (upnp:class derivedfrom object.item.audioItem.iTunesU)
04-18 15:34:45.595  2275  2275 D CinemoMediaEngine: L1 19:34:45.595 Z0 T2275 NmeMMExpr Decoding expression (upnp:album exists true)
04-18 15:34:45.595  2275  2275 D CinemoMediaEngine: L1 19:34:45.595 Z0 T2275 NmeMMExpr Decoding expression (upnp:album)
04-18 15:34:45.595  2275  2275 D CinemoMediaEngine: L1 19:34:45.595 Z0 T2275 NmeMMExpr Decoding expression (upnp:albumArtist ? upnp:albumArtist : (upnp:artist ? upnp:artist : "#UNKNOWN_ARTIST#"))
04-18 15:34:45.595  2275  2275 D CinemoMediaEngine: L1 19:34:45.595 Z0 T2275 NmeMMExpr Decoding expression (upnp:album exists false)
04-18 15:34:45.595  2275  2275 D CinemoMediaEngine: L1 19:34:45.595 Z0 T2275 NmeMMExpr Decoding expression (upnp:class derivedfrom object.item.audioItem.audioBook)
04-18 15:34:45.595  2275  2275 D CinemoMediaEngine: L1 19:34:45.595 Z0 T2275 NmeMMExpr Decoding expression (upnp:album ? upnp:album : "Unknown Album")
04-18 15:34:45.595  2275  2275 D CinemoMediaEngine: L1 19:34:45.595 Z0 T2275 NmeMMExpr Decoding expression (upnp:class derivedfrom object.item.audioItem and gracenote:uid exists true and !(upnp:class derivedfrom object.item.audioItem.audioPodcast or upnp:class derivedfrom object.item.audioItem.audioBook))
04-18 15:34:45.596  2275  2275 D CinemoMediaEngine: L1 19:34:45.596 Z0 T2275 NmeMMExpr Decoding expression (upnp:album exists true)
04-18 15:34:45.596  2275  2275 D CinemoMediaEngine: L1 19:34:45.596 Z0 T2275 NmeMMExpr Decoding expression (gracenote:album ? gracenote:album : "#UNKNOWN_ALBUM#")
04-18 15:34:45.596  2275  2275 D CinemoMediaEngine: L1 19:34:45.596 Z0 T2275 NmeMMExpr Decoding expression (gracenote:albumArtist ? gracenote:albumArtist : (gracenote:artist ? gracenote:artist : "#UNKNOWN_ARTIST#"))
04-18 15:34:45.596  2275  2275 D CinemoMediaEngine: L1 19:34:45.596 Z0 T2275 NmeMMExpr Decoding expression (upnp:album exists false)
04-18 15:34:45.596  2275  2275 D CinemoMediaEngine: L1 19:34:45.596 Z0 T2275 NmeMMExpr Decoding expression (gracenote:albumArtist ? gracenote:albumArtist : (gracenote:artist ? gracenote:artist : "#UNKNOWN_ARTIST#"))
04-18 15:34:45.596  2275  2275 D CinemoMediaEngine: L1 19:34:45.596 Z0 T2275 NmeMMExpr Decoding expression (gracenote:album ? gracenote:album : "#UNKNOWN_ALBUM#")
04-18 15:34:45.596  2275  2275 D CinemoMediaEngine: L1 19:34:45.596 Z0 T2275 NmeMMExpr Decoding expression (gracenote:albumArtist ? gracenote:albumArtist : (gracenote:artist ? gracenote:artist : "#UNKNOWN_ARTIST#"))
04-18 15:34:45.597  2275  2275 D CinemoMediaEngine: L1 19:34:45.597 Z0 T2275 NmeMMExpr Decoding expression (gracenote:genre ? gracenote:genre : "#UNKNOWN_GENRE#")
04-18 15:34:45.597  2275  2275 D CinemoMediaEngine: L1 19:34:45.597 Z0 T2275 NmeMMExpr Decoding expression (gracenote:albumArtist ? gracenote:albumArtist : (gracenote:artist ? gracenote:artist : "#UNKNOWN_ARTIST#"))
04-18 15:34:45.597  2275  2275 D CinemoMediaEngine: L1 19:34:45.597 Z0 T2275 NmeMMExpr Decoding expression (gracenote:album ? gracenote:album : "#UNKNOWN_ALBUM#")
04-18 15:34:45.597  2275  2275 D CinemoMediaEngine: L1 19:34:45.597 Z0 T2275 NmeMMExpr Decoding expression (gracenote:albumArtist ? gracenote:albumArtist : (gracenote:artist ? gracenote:artist : "#UNKNOWN_ARTIST#"))
04-18 15:34:45.597  2275  2275 D CinemoMediaEngine: L1 19:34:45.597 Z0 T2275 NmeMMExpr Decoding expression (cinemo:compilation=1)
04-18 15:34:45.598  2275  2275 D CinemoMediaEngine: L1 19:34:45.598 Z0 T2275 NmeMMExpr Decoding expression (upnp:album exists true)
04-18 15:34:45.598  2275  2275 D CinemoMediaEngine: L1 19:34:45.598 Z0 T2275 NmeMMExpr Decoding expression (gracenote:album ? gracenote:album : "#UNKNOWN_ALBUM#")
04-18 15:34:45.598  2275  2275 D CinemoMediaEngine: L1 19:34:45.598 Z0 T2275 NmeMMExpr Decoding expression (gracenote:albumArtist ? gracenote:albumArtist : (gracenote:artist ? gracenote:artist : "#UNKNOWN_ARTIST#"))
04-18 15:34:45.599  2275  2275 D CinemoMediaEngine: L1 19:34:45.599 Z0 T2275 NmeMMExpr Decoding expression (upnp:album exists false)
04-18 15:34:45.599  2275  2275 D CinemoMediaEngine: L1 19:34:45.599 Z0 T2275 NmeMMExpr Decoding expression (upnp:class derivedfrom object.item.videoItem)
04-18 15:34:45.599  2275  2275 D CinemoMediaEngine: L1 19:34:45.599 Z0 T2275 NmeMMExpr Decoding expression (#ALL_TRACKS#)
04-18 15:34:45.599  2275  2275 D CinemoMediaEngine: L1 19:34:45.599 Z0 T2275 NmeMMExpr Decoding expression (upnp:class derivedfrom object.item.videoItem.videoPodcast)
04-18 15:34:45.599  2275  2275 D CinemoMediaEngine: L1 19:34:45.599 Z0 T2275 NmeMMExpr Decoding expression (#PODCASTS#)
04-18 15:34:45.600  2275  2275 D CinemoMediaEngine: L1 19:34:45.600 Z0 T2275 NmeMMExpr Decoding expression (upnp:album)
04-18 15:34:45.600  2275  2275 D CinemoMediaEngine: L1 19:34:45.600 Z0 T2275 NmeMMExpr Decoding expression (upnp:albumArtist ? upnp:albumArtist : (upnp:artist ? upnp:artist : "Unknown Artist"))
04-18 15:34:45.600  2275  2275 D CinemoMediaEngine: L1 19:34:45.600 Z0 T2275 NmeMMExpr Decoding expression (cinemo:videoSubtype)
04-18 15:34:45.600  2275  2275 D CinemoMediaEngine: L1 19:34:45.600 Z0 T2275 NmeMMExpr Decoding expression (cinemo:videoSubtype)
04-18 15:34:45.600  2275  2275 D CinemoMediaEngine: L1 19:34:45.600 Z0 T2275 NmeMMExpr Decoding expression (cinemo:mimetype)
04-18 15:34:45.600  2275  2275 D CinemoMediaEngine: L1 19:34:45.600 Z0 T2275 NmeMMExpr Decoding expression (!cinemo:videoCx || !cinemo:videoCy ? "Unspecified resolution" : cinemo:videoCx + "x" + cinemo:videoCy + (cinemo:videoInterlaced ? "i" : null))
04-18 15:34:45.600  2275  2275 D CinemoMediaEngine: L1 19:34:45.600 Z0 T2275 NmeMMExpr Decoding expression (cinemo:mimetype)
04-18 15:34:45.600  2275  2275 D CinemoMediaEngine: L1 19:34:45.600 Z0 T2275 NmeMMExpr Decoding expression (cinemo:videoCx * cinemo:videoCy)
04-18 15:34:45.600  2275  2275 D CinemoMediaEngine: L1 19:34:45.600 Z0 T2275 NmeMMExpr Decoding expression (upnp:class derivedfrom object.item and upnp:lastPlaybackTime exists true)
04-18 15:34:45.600  2275  2275 D CinemoMediaEngine: L1 19:34:45.600 Z0 T2275 NmeMMExpr Decoding expression (upnp:class derivedfrom object.container.playlistContainer)
04-18 15:34:45.600  2275  2275 D CinemoMediaEngine: L1 19:34:45.600 Z0 T2275 NmeMMExpr Decoding expression (upnp:class derivedfrom object.item.playlistItem.geniusMix)
04-18 15:34:45.601  2275  2275 D CinemoMediaEngine: L1 19:34:45.601 Z0 T2275 NmeMMExpr Decoding expression (upnp:class derivedfrom object.item.playlistItem.iTunesRadio)
04-18 15:34:45.601  2275  2275 D CinemoMediaEngine: L1 19:34:45.601 Z0 T2275 NmeMMExpr Decoding expression (upnp:class derivedfrom object.item.audioItem and !(upnp:class derivedfrom object.item.audioItem.audioPodcast or upnp:class derivedfrom object.item.audioItem.audioBook))
04-18 15:34:45.601  2275  2275 D CinemoMediaEngine: L1 19:34:45.601 Z0 T2275 NmeMMExpr Decoding expression (upnp:album exists true)
04-18 15:34:45.601  2275  2275 D CinemoMediaEngine: L1 19:34:45.601 Z0 T2275 NmeMMExpr Decoding expression (upnp:album)
04-18 15:34:45.601  2275  2275 D CinemoMediaEngine: L1 19:34:45.601 Z0 T2275 NmeMMExpr Decoding expression (upnp:albumArtist ? upnp:albumArtist : (upnp:artist ? upnp:artist : "#UNKNOWN_ARTIST#"))
04-18 15:34:45.601  2275  2275 D CinemoMediaEngine: L1 19:34:45.601 Z0 T2275 NmeMMExpr Decoding expression (upnp:album exists false)
04-18 15:34:45.602  2275  2275 D CinemoMediaEngine: L1 19:34:45.602 Z0 T2275 NmeMMExpr Decoding expression (upnp:albumArtist ? upnp:albumArtist : (upnp:artist ? upnp:artist : "#UNKNOWN_ARTIST#"))
04-18 15:34:45.602  2275  2275 D CinemoMediaEngine: L1 19:34:45.602 Z0 T2275 NmeMMExpr Decoding expression (upnp:album exists true)
04-18 15:34:45.602  2275  2275 D CinemoMediaEngine: L1 19:34:45.602 Z0 T2275 NmeMMExpr Decoding expression (upnp:album)
04-18 15:34:45.603  2275  2275 D CinemoMediaEngine: L1 19:34:45.603 Z0 T2275 NmeMMExpr Decoding expression (upnp:albumArtist ? upnp:albumArtist : (upnp:artist ? upnp:artist : "#UNKNOWN_ARTIST#"))
04-18 15:34:45.603  2275  2275 D CinemoMediaEngine: L1 19:34:45.603 Z0 T2275 NmeMMExpr Decoding expression (upnp:album exists false)
04-18 15:34:45.603  2275  2275 D CinemoMediaEngine: L1 19:34:45.603 Z0 T2275 NmeMMExpr Decoding expression (cinemo:composer ? cinemo:composer : "#UNKNOWN_COMPOSER#")
04-18 15:34:45.603  2275  2275 D CinemoMediaEngine: L1 19:34:45.603 Z0 T2275 NmeMMExpr Decoding expression (upnp:album exists true)
04-18 15:34:45.603  2275  2275 D CinemoMediaEngine: L1 19:34:45.603 Z0 T2275 NmeMMExpr Decoding expression (upnp:album)
04-18 15:34:45.603  2275  2275 D CinemoMediaEngine: L1 19:34:45.603 Z0 T2275 NmeMMExpr Decoding expression (upnp:albumArtist ? upnp:albumArtist : (upnp:artist ? upnp:artist : "#UNKNOWN_ARTIST#"))
04-18 15:34:45.603  2275  2275 D CinemoMediaEngine: L1 19:34:45.603 Z0 T2275 NmeMMExpr Decoding expression (upnp:album exists false)
04-18 15:34:45.603  2275  2275 D CinemoMediaEngine: L1 19:34:45.603 Z0 T2275 NmeMMExpr Decoding expression (upnp:genre ? upnp:genre : "#UNKNOWN_GENRE#")
04-18 15:34:45.604  2275  2275 D CinemoMediaEngine: L1 19:34:45.604 Z0 T2275 NmeMMExpr Decoding expression (upnp:albumArtist ? upnp:albumArtist : (upnp:artist ? upnp:artist : "#UNKNOWN_ARTIST#"))
04-18 15:34:45.604  2275  2275 D CinemoMediaEngine: L1 19:34:45.604 Z0 T2275 NmeMMExpr Decoding expression (upnp:album exists true)
04-18 15:34:45.604  2275  2275 D CinemoMediaEngine: L1 19:34:45.604 Z0 T2275 NmeMMExpr Decoding expression (upnp:album)
04-18 15:34:45.604  2275  2275 D CinemoMediaEngine: L1 19:34:45.604 Z0 T2275 NmeMMExpr Decoding expression (upnp:albumArtist ? upnp:albumArtist : (upnp:artist ? upnp:artist : "#UNKNOWN_ARTIST#"))
04-18 15:34:45.604  2275  2275 D CinemoMediaEngine: L1 19:34:45.604 Z0 T2275 NmeMMExpr Decoding expression (upnp:album exists false)
04-18 15:34:45.604  2275  2275 D CinemoMediaEngine: L1 19:34:45.604 Z0 T2275 NmeMMExpr Decoding expression (cinemo:compilation=1)
04-18 15:34:45.604  2275  2275 D CinemoMediaEngine: L1 19:34:45.604 Z0 T2275 NmeMMExpr Decoding expression (upnp:album exists true)
04-18 15:34:45.604  2275  2275 D CinemoMediaEngine: L1 19:34:45.604 Z0 T2275 NmeMMExpr Decoding expression (upnp:album)
04-18 15:34:45.604  2275  2275 D CinemoMediaEngine: L1 19:34:45.604 Z0 T2275 NmeMMExpr Decoding expression (upnp:albumArtist ? upnp:albumArtist : (upnp:artist ? upnp:artist : "#UNKNOWN_ARTIST#"))
04-18 15:34:45.604  2275  2275 D CinemoMediaEngine: L1 19:34:45.604 Z0 T2275 NmeMMExpr Decoding expression (upnp:album exists false)
04-18 15:34:45.605  2275  2275 D CinemoMediaEngine: L1 19:34:45.605 Z0 T2275 NmeMMExpr Decoding expression (upnp:class derivedfrom object.item.audioItem.audioPodcast)
04-18 15:34:45.605  2275  2275 D CinemoMediaEngine: L1 19:34:45.605 Z0 T2275 NmeMMExpr Decoding expression (upnp:album exists true)
04-18 15:34:45.605  2275  2275 D CinemoMediaEngine: L1 19:34:45.605 Z0 T2275 NmeMMExpr Decoding expression (upnp:album)
04-18 15:34:45.605  2275  2275 D CinemoMediaEngine: L1 19:34:45.605 Z0 T2275 NmeMMExpr Decoding expression (upnp:albumArtist ? upnp:albumArtist : (upnp:artist ? upnp:artist : "#UNKNOWN_ARTIST#"))
04-18 15:34:45.605  2275  2275 D CinemoMediaEngine: L1 19:34:45.605 Z0 T2275 NmeMMExpr Decoding expression (upnp:album exists false)
04-18 15:34:45.605  2275  2275 D CinemoMediaEngine: L1 19:34:45.605 Z0 T2275 NmeMMExpr Decoding expression (upnp:class derivedfrom object.item.audioItem.iTunesU)
04-18 15:34:45.605  2275  2275 D CinemoMediaEngine: L1 19:34:45.605 Z0 T2275 NmeMMExpr Decoding expression (upnp:album exists true)
04-18 15:34:45.605  2275  2275 D CinemoMediaEngine: L1 19:34:45.605 Z0 T2275 NmeMMExpr Decoding expression (upnp:album)
04-18 15:34:45.605  2275  2275 D CinemoMediaEngine: L1 19:34:45.605 Z0 T2275 NmeMMExpr Decoding expression (upnp:albumArtist ? upnp:albumArtist : (upnp:artist ? upnp:artist : "#UNKNOWN_ARTIST#"))
04-18 15:34:45.605  2275  2275 D CinemoMediaEngine: L1 19:34:45.605 Z0 T2275 NmeMMExpr Decoding expression (upnp:album exists false)
04-18 15:34:45.606  2275  2275 D CinemoMediaEngine: L1 19:34:45.606 Z0 T2275 NmeMMExpr Decoding expression (upnp:class derivedfrom object.item.audioItem.audioBook)
04-18 15:34:45.606  2275  2275 D CinemoMediaEngine: L1 19:34:45.606 Z0 T2275 NmeMMExpr Decoding expression (upnp:album ? upnp:album : "Unknown Album")
04-18 15:34:45.606  2275  2275 D CinemoMediaEngine: L1 19:34:45.606 Z0 T2275 NmeMMExpr Decoding expression (upnp:class derivedfrom object.item.audioItem and gracenote:uid exists true and !(upnp:class derivedfrom object.item.audioItem.audioPodcast or upnp:class derivedfrom object.item.audioItem.audioBook))
04-18 15:34:45.607  2275  2275 D CinemoMediaEngine: L1 19:34:45.607 Z0 T2275 NmeMMExpr Decoding expression (upnp:album exists true)
04-18 15:34:45.607  2275  2275 D CinemoMediaEngine: L1 19:34:45.607 Z0 T2275 NmeMMExpr Decoding expression (gracenote:album ? gracenote:album : "#UNKNOWN_ALBUM#")
04-18 15:34:45.607  2275  2275 D CinemoMediaEngine: L1 19:34:45.607 Z0 T2275 NmeMMExpr Decoding expression (gracenote:albumArtist ? gracenote:albumArtist : (gracenote:artist ? gracenote:artist : "#UNKNOWN_ARTIST#"))
04-18 15:34:45.607  2275  2275 D CinemoMediaEngine: L1 19:34:45.607 Z0 T2275 NmeMMExpr Decoding expression (upnp:album exists false)
04-18 15:34:45.608  2275  2275 D CinemoMediaEngine: L1 19:34:45.608 Z0 T2275 NmeMMExpr Decoding expression (gracenote:albumArtist ? gracenote:albumArtist : (gracenote:artist ? gracenote:artist : "#UNKNOWN_ARTIST#"))
04-18 15:34:45.608  2275  2275 D CinemoMediaEngine: L1 19:34:45.608 Z0 T2275 NmeMMExpr Decoding expression (gracenote:album ? gracenote:album : "#UNKNOWN_ALBUM#")
04-18 15:34:45.608  2275  2275 D CinemoMediaEngine: L1 19:34:45.608 Z0 T2275 NmeMMExpr Decoding expression (gracenote:albumArtist ? gracenote:albumArtist : (gracenote:artist ? gracenote:artist : "#UNKNOWN_ARTIST#"))
04-18 15:34:45.608  2275  2275 D CinemoMediaEngine: L1 19:34:45.608 Z0 T2275 NmeMMExpr Decoding expression (gracenote:genre ? gracenote:genre : "#UNKNOWN_GENRE#")
04-18 15:34:45.608  2275  2275 D CinemoMediaEngine: L1 19:34:45.608 Z0 T2275 NmeMMExpr Decoding expression (gracenote:albumArtist ? gracenote:albumArtist : (gracenote:artist ? gracenote:artist : "#UNKNOWN_ARTIST#"))
04-18 15:34:45.608  2275  2275 D CinemoMediaEngine: L1 19:34:45.608 Z0 T2275 NmeMMExpr Decoding expression (gracenote:album ? gracenote:album : "#UNKNOWN_ALBUM#")
04-18 15:34:45.608  2275  2275 D CinemoMediaEngine: L1 19:34:45.608 Z0 T2275 NmeMMExpr Decoding expression (gracenote:albumArtist ? gracenote:albumArtist : (gracenote:artist ? gracenote:artist : "#UNKNOWN_ARTIST#"))
04-18 15:34:45.609  2275  2275 D CinemoMediaEngine: L1 19:34:45.609 Z0 T2275 NmeMMExpr Decoding expression (cinemo:compilation=1)
04-18 15:34:45.609  2275  2275 D CinemoMediaEngine: L1 19:34:45.609 Z0 T2275 NmeMMExpr Decoding expression (upnp:album exists true)
04-18 15:34:45.609  2275  2275 D CinemoMediaEngine: L1 19:34:45.609 Z0 T2275 NmeMMExpr Decoding expression (gracenote:album ? gracenote:album : "#UNKNOWN_ALBUM#")
04-18 15:34:45.609  2275  2275 D CinemoMediaEngine: L1 19:34:45.609 Z0 T2275 NmeMMExpr Decoding expression (gracenote:albumArtist ? gracenote:albumArtist : (gracenote:artist ? gracenote:artist : "#UNKNOWN_ARTIST#"))
04-18 15:34:45.609  2275  2275 D CinemoMediaEngine: L1 19:34:45.609 Z0 T2275 NmeMMExpr Decoding expression (upnp:album exists false)
04-18 15:34:45.609  2275  2275 D CinemoMediaEngine: L1 19:34:45.609 Z0 T2275 NmeMMExpr Decoding expression (upnp:class derivedfrom object.item.videoItem)
04-18 15:34:45.609  2275  2275 D CinemoMediaEngine: L1 19:34:45.609 Z0 T2275 NmeMMExpr Decoding expression (#ALL_TRACKS#)
04-18 15:34:45.609  2275  2275 D CinemoMediaEngine: L1 19:34:45.609 Z0 T2275 NmeMMExpr Decoding expression (upnp:class derivedfrom object.item.videoItem.videoPodcast)
04-18 15:34:45.609  2275  2275 D CinemoMediaEngine: L1 19:34:45.609 Z0 T2275 NmeMMExpr Decoding expression (#PODCASTS#)
04-18 15:34:45.609  2275  2275 D CinemoMediaEngine: L1 19:34:45.609 Z0 T2275 NmeMMExpr Decoding expression (upnp:album)
04-18 15:34:45.609  2275  2275 D CinemoMediaEngine: L1 19:34:45.609 Z0 T2275 NmeMMExpr Decoding expression (upnp:albumArtist ? upnp:albumArtist : (upnp:artist ? upnp:artist : "Unknown Artist"))
04-18 15:34:45.611  2275  2275 D CinemoMediaEngine: L1 19:34:45.611 Z0 T2275 NmeMMExpr Decoding expression (cinemo:videoSubtype)
04-18 15:34:45.611  2275  2275 D CinemoMediaEngine: L1 19:34:45.611 Z0 T2275 NmeMMExpr Decoding expression (cinemo:videoSubtype)
04-18 15:34:45.611  2275  2275 D CinemoMediaEngine: L1 19:34:45.611 Z0 T2275 NmeMMExpr Decoding expression (cinemo:mimetype)
04-18 15:34:45.611  2275  2275 D CinemoMediaEngine: L1 19:34:45.611 Z0 T2275 NmeMMExpr Decoding expression (!cinemo:videoCx || !cinemo:videoCy ? "Unspecified resolution" : cinemo:videoCx + "x" + cinemo:videoCy + (cinemo:videoInterlaced ? "i" : null))
04-18 15:34:45.611  2275  2275 D CinemoMediaEngine: L1 19:34:45.611 Z0 T2275 NmeMMExpr Decoding expression (cinemo:mimetype)
04-18 15:34:45.611  2275  2275 D CinemoMediaEngine: L1 19:34:45.611 Z0 T2275 NmeMMExpr Decoding expression (cinemo:videoCx * cinemo:videoCy)
04-18 15:34:45.611  2275  2275 D CinemoMediaEngine: L1 19:34:45.611 Z0 T2275 NmeMMExpr Decoding expression (upnp:class derivedfrom object.item and upnp:lastPlaybackTime exists true)
04-18 15:34:45.612  2275  2275 D CinemoMediaEngine: L1 19:34:45.612 Z0 T2275 NmeMMExpr Decoding expression (upnp:class derivedfrom object.container.playlistContainer)
04-18 15:34:45.612  2275  2275 D CinemoMediaEngine: L1 19:34:45.612 Z0 T2275 NmeMMExpr Decoding expression (upnp:class derivedfrom object.item.playlistItem.geniusMix)
04-18 15:34:45.612  2275  2275 D CinemoMediaEngine: L1 19:34:45.612 Z0 T2275 NmeMMExpr Decoding expression (upnp:class derivedfrom object.item.playlistItem.iTunesRadio)
04-18 15:34:45.615  2275  2275 I CinemoMediaEngine: L2 19:34:45.615 Z0 T2275 NmeMMPersistence Create(/data/mediaFiles)
04-18 15:34:45.616  2470  2470 D GMCRASHLOG: cleaning /data/data/gmlogger/gmcrashlogs/crashlog27_48d26cf74218728f356b
04-18 15:34:45.620  2171  2208 I lvds_device: setAuxBrightness MSB :0x05 LSB: 0xe8
04-18 15:34:45.621  2275  2275 I CinemoMediaEngine: L2 19:34:45.621 Z0 T2275 NmeMMPersistence OpenDB("/data/mediaFiles/cinemo_mm.db")
04-18 15:34:45.623  2171  2208 I lvds_device: Msg : 0xb1 0x40 0xb 0x4d 0x40 0x32 0x5 0xe8
04-18 15:34:45.637  2275  2275 D CinemoMediaEngine: L1 19:34:45.637 Z0 T2275 NmeMMDatabase Integrity check (0x02) took 1 ms -> passed
04-18 15:34:45.639  2470  2470 D GMCRASHLOG: cleaning /data/data/gmlogger/gmcrashlogs/crashlog28_d012bbfd62e07d9df758
04-18 15:34:45.646  1948  1948 I art     : Thread[1,tid=1948,Native,Thread*=0x7f97d2c3ba00,peer=0x12c44160,"main"] recursive attempt to load library "/system/lib64/libmedia_jni.so"
04-18 15:34:45.647  1948  1948 D MtpDeviceJNI: register_android_mtp_MtpDevice
04-18 15:34:45.647  1948  1948 I art     : Thread[1,tid=1948,Native,Thread*=0x7f97d2c3ba00,peer=0x12c44160,"main"] recursive attempt to load library "/system/lib64/libmedia_jni.so"
04-18 15:34:45.648  1948  1948 I art     : Thread[1,tid=1948,Native,Thread*=0x7f97d2c3ba00,peer=0x12c44160,"main"] recursive attempt to load library "/system/lib64/libmedia_jni.so"
04-18 15:34:45.648  1948  1948 D ZygoteInit: end preloadSystemServer
04-18 15:34:45.648  1948  1948 D ZygoteInit: BOOT-TIME|ZygotInit startSystemServer: started at |12275
04-18 15:34:45.648  1948  1948 D BOOT-TIME|:  Zygote forkSystemServer : started at |12275
04-18 15:34:45.651  1948  1948 I Zygote  : System server process 2789 has been created
04-18 15:34:45.652  1948  1948 D BOOT-TIME|:  ZygotInit startSystemServer: ended at |12279
04-18 15:34:45.652  1948  1948 D ZygoteInit: BOOT-TIME| ZygotInit startSystemServer: ended at |12279
04-18 15:34:45.652  1948  1948 I boot_progress_preload_start: 12279
04-18 15:34:45.652  1948  1948 D ZygoteInit: begin preload
04-18 15:34:45.657  2470  2470 D GMCRASHLOG: cleaning /data/data/gmlogger/gmcrashlogs/crashlog29_a2bca0e86d788a00988c
04-18 15:34:45.661  2789  2789 W Zygote  : ForkAndSpecializeCommon  setpriority(PRIO_PROCESS, 0, -20)
04-18 15:34:45.661  2789  2789 W Zygote  : quit ForkAndSpecializeCommon  setpriority(PRIO_PROCESS, 0, -20)
04-18 15:34:45.665  2789  2789 D ZygoteInit: Don't wait for the second zygote
04-18 15:34:45.666  2789  2789 I InstallerConnection: connecting...
04-18 15:34:45.668  1947  1947 I installd: new connection
04-18 15:34:45.668  1947  1947 I installd: first connection is comming, initialize_data_partition 0
04-18 15:34:45.668  1947  1947 I installd: initialize_globals and initialize_directories
04-18 15:34:45.668  1947  1947 E installd: Could not initialize globals; exiting.
04-18 15:34:45.688  2470  2470 D GMCRASHLOG: cleaning /data/data/gmlogger/gmcrashlogs/crashlog30_ec61f3410badd7db59d8
04-18 15:34:45.691  2709  2712 D pal_radio: SvcIPC.cpp:595 Signal stationInfo '{"frequency":101900,"hdAlbumName":"","hdArtistName":"","hdAudioPlaying":0,"hdImage":"","hdPTY":"","hdProgramsAvailable":[],"hdSongTitle":"","hdStationNameLong":"","hdStationNameShort":"","id":71,"pi":23823,"presetId":255,"pty":"NEWS","ptyCode":1,"rxQual":56,"selected":true,"senderName":"  WDET  ","switches":["PSCHANGES"],"tmc":0,"waveband":"FM"}\n'
04-18 15:34:45.693  2709  2711 D pal_radio: RadioSvcBase.tpp:70  emitting: Tuner Event {1032: PAL_TUNER_EVENT_STATION_INFO, 0, {1024: 00 01 00 00 14 00 00 00 00 00 00 00 00 00 00 00 04 00 00 00 0c 8e 01 00 01 00 00 00 01 00 00 00 01 00 00 00 00 be ad de 02 00 00 00 01 00 00 00 01 00 00 00 00 be ad de 03 00 00 00 00 00 00 00 04 00 00 00 00 00 00 00 14 00 00 00 01 00 00 00 01 00 00 00 00 be ad de 04 00 00 00 01 00 00 00 01 00 00 00 00 be ad de 05 00 00 00 02 00 00 00 00 00 00 00 06 00 00 00 01 00 00 00 01 00 00 00 00 be ad de 07 00 00 00 01 00 00 00 01 00 00 00 00 be ad de 08 00 00 00 01 00 00 00 01 00 00 00 00 be ad de 09 00 00 00 00 00 00 00 04 00 00 00 47 00 00 00 0a 00 00 00 00 00 00 00 04 00 00 00 0f 5d 00 00 0b 00 00 00 01 00 00 00 05 00 00 00 4e 45 57 53 00 be ad de 2d 00 00 00 00 00 00 00 04 00 00 00 01 00 00 00 0c 00 00 00 00 00 00 00 04 00 00 00 38 00 00 00 0d 00 00 00 00 00 00 00 04 00 00 00 01 00 00 00 0e 00 00 00 01 00 00 00 09 00 00 00 20 20 57 44 45 54 20 20 00 be ad de 0f 00 00 00 03 00 00 00 00 01 00 00 40 00 00 00 01 00 00 00 0a 00 00 
04-18 15:34:45.695  2709  2711 E psu_manager: [PSU] checkVipResponse:[Psu.cpp:77] HW Variant Error!
04-18 15:34:45.695  2709  2711 E psu_manager: [PSU] syncPsuPwmFrequency:[TunerPsuSync.cpp:204] Can't set pwm frequency
04-18 15:34:45.695  2709  2711 E psu_manager: [PSU] syncCalback:[TunerPsuSync.cpp:140] syncPsuPwmFrequency not success
04-18 15:34:45.707  2470  2470 D GMCRASHLOG: cleaning /data/data/gmlogger/gmcrashlogs/crashlog31_5deb08645337c0e94963
04-18 15:34:45.720  2275  2800 D CinemoMediaEngine: L1 19:34:45.720 Z0 T2800 NmeDLNAService ThreadNotify()
04-18 15:34:45.720  2275  2275 I CinemoMediaEngine: L2 19:34:45.720 Z0 T2275 /Cinemo/ddp/DDPPeerManager [0x00007F466137EBD0] created
04-18 15:34:45.720  2275  2275 D CinemoMediaEngine: L1 19:34:45.720 Z0 T2275 /Cinemo/ddp/Server DDPServer [0x00007F466137EA40] created
04-18 15:34:45.720  2275  2275 D CinemoMediaEngine: L1 19:34:45.720 Z0 T2275 /Cinemo/ddp/DDP DDP [0x00007F466137EA00] created
04-18 15:34:45.720  2275  2275 D CinemoMediaEngine: L1 19:34:45.720 Z0 T2275 /Cinemo/ddp/DDP Resolve URI: @
04-18 15:34:45.720  2275  2275 I CinemoMediaEngine: L2 19:34:45.720 Z0 T2275 /Cinemo/ddp/Server DDPServer [0x00007F466137EA40] create: 0:0
04-18 15:34:45.720  2275  2275 I CinemoMediaEngine: L2 19:34:45.720 Z0 T2275 /Cinemo/ddp/DDPPeerAcceptor [0x00007F466137EA40] Create
04-18 15:34:45.720  2275  2275 D CinemoMediaEngine: L1 19:34:45.720 Z0 T2275 NmeSock CreateInternal(TCP, IPv46, socket: 34)
04-18 15:34:45.720  2275  2275 I CinemoMediaEngine: L2 19:34:45.720 Z0 T2275 /Cinemo/ddp/DDPPeerAcceptor [0x00007F466137EA40] Binding socket to 0:0
04-18 15:34:45.720  2275  2275 V CinemoMediaEngine: L0 19:34:45.720 Z0 T2275 NmeSockBase Bind(socket: 34, IPv46, 0:0 -> [::]:40478)
04-18 15:34:45.720  2275  2275 D CinemoMediaEngine: L1 19:34:45.720 Z0 T2275 /Cinemo/ddp/DDPPeerAcceptor [0x00007F466137EA40] Starting new peer accept [0x00007F4661482460]
04-18 15:34:45.720  2275  2801 D CinemoMediaEngine: L1 19:34:45.720 Z0 T2801 NmeDLNAService ThreadNotify()
04-18 15:34:45.735  2275  2275 I CinemoMediaEngine: L2 19:34:45.735 Z0 T2275 NmeMMNodeVolume [00007F4661135DD8] Detect(/data/mediaFiles/cinemo_mm_1056.db)
04-18 15:34:45.737  2275  2275 I CinemoMediaEngine: L2 19:34:45.737 Z0 T2275 NmeMMDatabase Create(/data/mediaFiles/cinemo_mm_1056.db)
04-18 15:34:45.737  2275  2275 I CinemoMediaEngine: L2 19:34:45.737 Z0 T2275 NmeMMDatabase CreateSQL("/data/mediaFiles/cinemo_mm_1056.db")
04-18 15:34:45.739  2470  2470 D GMCRASHLOG: cleaning /data/data/gmlogger/gmcrashlogs/stats19_edb281629e4618d0922c
04-18 15:34:45.744  2275  2275 D CinemoMediaEngine: L1 19:34:45.744 Z0 T2275 NmeMMDatabase Integrity check (0x02) took 0 ms -> passed
04-18 15:34:45.749  2275  2275 I CinemoMediaEngine: L2 19:34:45.749 Z0 T2275 NmeMMDatabase CreateThumbnailSQL("/data/mediaFiles/cinemo_mm_1056.thumbnails", 0x04)
04-18 15:34:45.756  2275  2275 D CinemoMediaEngine: L1 19:34:45.756 Z0 T2275 NmeMMDatabase Integrity check (0x02) took 0 ms -> passed
04-18 15:34:45.756  2275  2275 I CinemoMediaEngine: L2 19:34:45.756 Z0 T2275 NmeMMNodeVolume [00007F4661135DD8] SetStatus(), New volume status: Dismounted
04-18 15:34:45.759  2275  2275 I CinemoMediaEngine: L2 19:34:45.759 Z0 T2275 NmeMMDatabase Delete()
04-18 15:34:45.771  2470  2470 D GMCRASHLOG: cleaning /data/data/gmlogger/gmcrashlogs/stats17_a2a9ea6fd6f539d6fd12
04-18 15:34:45.790  2470  2470 D GMCRASHLOG: cleaning /data/data/gmlogger/gmcrashlogs/stats18_5aee3153d7d30ff6b9f3
04-18 15:34:45.792  2470  2470 D GMCRASHLOG: cleaning /data/data/gmlogger/gmcrashlogs/stats20_27d2f6ec1513669bda41
04-18 15:34:45.792  2275  2275 I CinemoMediaEngine: L2 19:34:45.792 Z0 T2275 SDK::CinemoMM [0x00007F4661AAD800]->ConnectToServer() =>: szurl=upnp://[::1]:23232/0/MediaServer/DeviceDesc.xml
04-18 15:34:45.792  2275  2275 I CinemoMediaEngine: L2 19:34:45.792 Z0 T2275 CinemoMM [0x00007F4661AAD800]<-ConnectToServer(...): The upnp url should contain the cinemo_udn url parameter to identify the device
04-18 15:34:45.792  2275  2275 D CinemoMediaEngine: L1 19:34:45.792 Z0 T2275 NmeHTTP InitConnect([::1]:23232)
04-18 15:34:45.792  2275  2275 D CinemoMediaEngine: L1 19:34:45.792 Z0 T2275 NmeSock CreateInternal(TCP, IPv6, socket: 37)
04-18 15:34:45.795  2275  2706 D CinemoMediaEngine: L1 19:34:45.794 Z0 T2706 NmeSock CreateInternal(TCP, IPv6, socket: 38)
04-18 15:34:45.795  2275  2706 V CinemoMediaEngine: L0 19:34:45.795 Z0 T2706 NmeSock Accept(-> socket: 38, -> host: [::1]:23232, -> peer: [::1]:42116)
04-18 15:34:45.795  2275  2706 D CinemoMediaEngine: L1 19:34:45.795 Z0 T2706 NmeHTTPClient [0x00007F466164D000]->Start(), init() => NmeHTTPClientThreadProc()
04-18 15:34:45.795  2275  2706 D CinemoMediaEngine: L1 19:34:45.795 Z0 T2706 NmeHTTPServer connections 1 read 0KB written 0KB
04-18 15:34:45.795  2275  2706 V CinemoMediaEngine: L0 19:34:45.795 Z0 T2706 NmeHTTPClient [0x00007F4661652000]->Create(0x00007F4661828210), host: 0:0, peer: 0:0
04-18 15:34:45.795  2275  2706 V CinemoMediaEngine: L0 19:34:45.795 Z0 T2706 NmeSock Accept(), socket: 20, family: IPv6
04-18 15:34:45.796  2275  2275 V CinemoMediaEngine: L0 19:34:45.795 Z0 T2275 NmeHTTP InitConnect([::1]:23232), peer: [::1]:42116
04-18 15:34:45.796  2470  2470 D GMCRASHLOG: cleaning /data/data/gmlogger/gmcrashlogs/stats21_0654e6ed4b5b8b959d10
04-18 15:34:45.796  2470  2470 D GMCRASHLOG: cleaning /data/data/gmlogger/gmcrashlogs/crashlog32_f5242da9e784a9266677
04-18 15:34:45.796  2275  2806 D CinemoMediaEngine: L1 19:34:45.796 Z0 T2806 NmeHTTPClient T2706 => NmeHTTPClientThreadProc(0x00007F466164D000), ThreadProc()
04-18 15:34:45.796  2275  2806 D CinemoMediaEngine: L1 19:34:45.796 Z0 T2806 NmeHTTPClient [0x00007F466164D000]->OnRequest(): request: GET /0/MediaServer/DeviceDesc.xml HTTP/1.1
04-18 15:34:45.796  2275  2806 V CinemoMediaEngine: L0 19:34:45.796 Z0 T2806 NmeHTTPClient [0x00007F466164D000] Respond(): response: HTTP/1.1 200 OK
04-18 15:34:45.797  2275  2275 I CinemoMediaEngine: L2 19:34:45.797 Z0 T2275 SDK::CinemoMM [0x00007F4661AAD800]->GetHandlerInfo() =>
04-18 15:34:45.797  2275  2275 D CinemoMediaEngine: L1 19:34:45.797 Z0 T2275 NmeHTTP InitConnect([::1]:23232)
04-18 15:34:45.797  2275  2275 D CinemoMediaEngine: L1 19:34:45.797 Z0 T2275 NmeSock CreateInternal(TCP, IPv6, socket: 43)
04-18 15:34:45.799  2275  2706 D CinemoMediaEngine: L1 19:34:45.799 Z0 T2706 NmeSock CreateInternal(TCP, IPv6, socket: 44)
04-18 15:34:45.799  2275  2706 V CinemoMediaEngine: L0 19:34:45.799 Z0 T2706 NmeSock Accept(-> socket: 44, -> host: [::1]:23232, -> peer: [::1]:42118)
04-18 15:34:45.799  2275  2706 D CinemoMediaEngine: L1 19:34:45.799 Z0 T2706 NmeHTTPClient [0x00007F4661652000]->Start(), init() => NmeHTTPClientThreadProc()
04-18 15:34:45.799  2275  2706 D CinemoMediaEngine: L1 19:34:45.799 Z0 T2706 NmeHTTPServer connections 2 read 0KB written 0KB
04-18 15:34:45.800  2275  2706 V CinemoMediaEngine: L0 19:34:45.800 Z0 T2706 NmeHTTPClient [0x00007F4661673000]->Create(0x00007F4661828210), host: 0:0, peer: 0:0
04-18 15:34:45.800  2275  2706 V CinemoMediaEngine: L0 19:34:45.800 Z0 T2706 NmeSock Accept(), socket: 20, family: IPv6
04-18 15:34:45.800  2275  2275 V CinemoMediaEngine: L0 19:34:45.800 Z0 T2275 NmeHTTP InitConnect([::1]:23232), peer: [::1]:42118
04-18 15:34:45.800  2275  2805 I CinemoMediaEngine: L2 19:34:45.800 Z0 T2805 NmeMMTimers ThreadProc()
04-18 15:34:45.801  2275  2807 D CinemoMediaEngine: L1 19:34:45.801 Z0 T2807 NmeHTTPClient T2706 => NmeHTTPClientThreadProc(0x00007F4661652000), ThreadProc()
04-18 15:34:45.801  2275  2807 D CinemoMediaEngine: L1 19:34:45.801 Z0 T2807 NmeHTTPClient [0x00007F4661652000]->OnRequest(): request: POST /0/MediaServer/ctl/ContentDir HTTP/1.1
04-18 15:34:45.801  2275  2807 V CinemoMediaEngine: L0 19:34:45.801 Z0 T2807 NmeMMServer OnAction("GetHandlerInfo")
04-18 15:34:45.801  2275  2807 V CinemoMediaEngine: L0 19:34:45.801 Z0 T2807 NmeHTTPClient [0x00007F4661652000] Respond(): response: HTTP/1.1 200 OK
04-18 15:34:45.801  2275  2275 I CinemoMediaEngine: L2 19:34:45.801 Z0 T2275 SDK::CinemoMM [0x00007F4661AAD800]->GetHandlerInfo() <=: CinemoNoError
04-18 15:34:45.801  2275  2275 D CinemoMediaEngine: L1 19:34:45.801 Z0 T2275 /Cinemo/SDK/mm/ddp/Client [0x00007F4661AADD68] Connect to: [::1]:40478
04-18 15:34:45.801  2275  2275 D CinemoMediaEngine: L1 19:34:45.801 Z0 T2275 /Cinemo/ddp/DDPTransportThread [0x00007F4661371200] Create
04-18 15:34:45.801  2275  2275 D CinemoMediaEngine: L1 19:34:45.801 Z0 T2275 NmeSock CreateInternal(TCP, IPv6, socket: 49)
04-18 15:34:45.803  2275  2810 I CinemoMediaEngine: L2 19:34:45.803 Z0 T2810 /Cinemo/ddp/DDPTransportThread NmeDDPTransportThread [0x00007F4661371200]
04-18 15:34:45.803  2275  2802 D CinemoMediaEngine: L1 19:34:45.803 Z0 T2802 NmeSock CreateInternal(TCP, IPv6, socket: 50)
04-18 15:34:45.803  2275  2802 I CinemoMediaEngine: L2 19:34:45.803 Z0 T2802 /Cinemo/ddp/DDPPeerAcceptor [0x00007F466137EA40] accepted new peer [0x00007F4661482460]
04-18 15:34:45.803  2275  2802 I CinemoMediaEngine: L2 19:34:45.803 Z0 T2802 /Cinemo/ddp/DDPMessageDispatcher [0x00007F466138ADC0] Create
04-18 15:34:45.803  2275  2275 D CinemoMediaEngine: L1 19:34:45.803 Z0 T2275 /Cinemo/SDK/mm/ddp/Client [0x00007F4661AADD68] connected and started. Going to create peer data
04-18 15:34:45.803  2275  2802 D CinemoMediaEngine: L1 19:34:45.803 Z0 T2802 /Cinemo/ddp/DDPPeer [0x00007F4661482460] Create with tp [0x00007F466138F080] and msg_dsp [0x00007F4661AAC260]
04-18 15:34:45.803  2275  2802 D CinemoMediaEngine: L1 19:34:45.803 Z0 T2802 /Cinemo/ddp/DDPPeerManager [0x00007F466137EBD0] add_peer
04-18 15:34:45.803  2275  2802 D CinemoMediaEngine: L1 19:34:45.803 Z0 T2802 /Cinemo/ddp/DDPPeerAcceptor [0x00007F466137EA40] Starting new peer accept [0x00007F46614824B0]
04-18 15:34:45.803  2275  2802 D CinemoMediaEngine: L1 19:34:45.803 Z0 T2802 /Cinemo/ddp/DDPThreadingDispatcher execute create new executor: HWS: 0
04-18 15:34:45.804  2275  2812 D CinemoMediaEngine: L1 19:34:45.804 Z0 T2812 /Cinemo/ddp/DDPRequestDispatcher [0x00007F4661AAC260] thread_dispatch request: 0:0
04-18 15:34:45.805  2275  2812 D CinemoMediaEngine: L1 19:34:45.804 Z0 T2812 /Cinemo/ddp/DDPMessageDispatcher dispatch to interface: nme::mm::Client
04-18 15:34:45.805  2275  2812 I CinemoMediaEngine: L2 19:34:45.805 Z0 T2812 /Cinemo/ddp/dispatcher/DDPMM Create
04-18 15:34:45.805  2275  2275 I CinemoMediaEngine: L2 19:34:45.805 Z0 T2275 SDK::CinemoMM [0x00007F4661AAD800]->ConnectToServer() <=: CinemoNoError
04-18 15:34:45.805  2275  2275 I CinemoMediaEngine: L2 19:34:45.805 Z0 T2275 SDK::CinemoMM [0x00007F4661AAD800]->CreateServer() <=: CinemoNoError
04-18 15:34:45.805  2275  2275 I Media_MMService:: MMS: CreateServer done
04-18 15:34:45.805  2275  2275 D Media_MMService:: MMS: getConfigValue() Entry
04-18 15:34:45.805  2275  2275 D Media_MMService:: MMS: getConfigValue() configname = cinemoDDPUrl , configValue = ddp://[::1]:30001
04-18 15:34:45.806  2275  2275 V CinemoMediaEngine: L0 19:34:45.805 Z0 T2275 SDK::CinemoDDP [0x00007F4661AC3B60]->CreateServer() =>: szurl=ddp://[::1]:30001
04-18 15:34:45.807  2275  2275 I CinemoMediaEngine: L2 19:34:45.807 Z0 T2275 /Cinemo/ddp/DDPPeerManager [0x00007F465F5567D0] created
04-18 15:34:45.807  2275  2275 D CinemoMediaEngine: L1 19:34:45.807 Z0 T2275 /Cinemo/ddp/Server DDPServer [0x00007F465F556640] created
04-18 15:34:45.807  2275  2275 D CinemoMediaEngine: L1 19:34:45.807 Z0 T2275 /Cinemo/ddp/DDP DDP [0x00007F465F556600] created
04-18 15:34:45.807  2275  2275 D CinemoMediaEngine: L1 19:34:45.807 Z0 T2275 /Cinemo/ddp/DDP Resolve URI: ddp://[::1]:30001
04-18 15:34:45.807  2275  2275 I CinemoMediaEngine: L2 19:34:45.807 Z0 T2275 /Cinemo/ddp/Server DDPServer [0x00007F465F556640] create: [::1]:30001
04-18 15:34:45.807  2275  2275 I CinemoMediaEngine: L2 19:34:45.807 Z0 T2275 /Cinemo/ddp/DDPPeerAcceptor [0x00007F465F556640] Create
04-18 15:34:45.807  2275  2275 D CinemoMediaEngine: L1 19:34:45.807 Z0 T2275 NmeSock CreateInternal(TCP, IPv6, socket: 55)
04-18 15:34:45.807  2275  2275 I CinemoMediaEngine: L2 19:34:45.807 Z0 T2275 /Cinemo/ddp/DDPPeerAcceptor [0x00007F465F556640] Binding socket to [::1]:30001
04-18 15:34:45.807  2275  2275 V CinemoMediaEngine: L0 19:34:45.807 Z0 T2275 NmeSockBase Bind(socket: 55, IPv6, [::1]:30001 -> [::1]:30001)
