04-18 15:34:40.049  2275  2275 I CinemoMediaEngine: L2 19:34:40.049 Z0 T2275 SDK::CinemoOption [0x00007F4661B7E8B0]->SetOption() =>: szid=MM/Filename/ExcludeFullPath, szvalue=\/(?i)(?:sys|system)\/
04-18 15:34:40.049  2275  2275 V CinemoMediaEngine: L0 19:34:40.049 Z3 T2275 NmeApp NMECTL_SET_OPTION
04-18 15:34:40.049  2275  2275 I CinemoMediaEngine: L2 19:34:40.049 Z0 T2275 SDK::CinemoOption [0x00007F4661B7E8B0]->SetOption() <=: CinemoNoError
04-18 15:34:40.049  2275  2275 I CinemoMediaEngine: L2 19:34:40.049 Z0 T2275 SDK::CinemoOption [0x00007F4661B7E8B0]->SetOption() =>: szid=MM/Filename/Exclude, szvalue=^\.(?i)(?:.|[[:space:]].)
04-18 15:34:40.049  2275  2275 V CinemoMediaEngine: L0 19:34:40.049 Z3 T2275 NmeApp NMECTL_SET_OPTION
04-18 15:34:40.050  2275  2275 I CinemoMediaEngine: L2 19:34:40.050 Z0 T2275 SDK::CinemoOption [0x00007F4661B7E8B0]->SetOption() <=: CinemoNoError
04-18 15:34:40.050  2275  2275 I CinemoMediaEngine: L2 19:34:40.050 Z0 T2275 SDK::CinemoOption [0x00007F4661B7E8B0]->SetOption() =>: szid=MM/Filename/Whitelist, szvalue=\.(?i)(?:3gp|m4a|m4b|aac|mp4|flac|mp3|ogg|mka|wav|ra|ram|awr|opus|wma|asf|mp4|m4v|avi|mov|webm|flv|3gp|mkv|divx|pls|m3u|asx|m3u8|png|jpeg|gif|bmp)$
04-18 15:34:40.050  2275  2275 V CinemoMediaEngine: L0 19:34:40.050 Z3 T2275 NmeApp NMECTL_SET_OPTION
04-18 15:34:40.050  2275  2275 I CinemoMediaEngine: L2 19:34:40.050 Z0 T2275 SDK::CinemoOption [0x00007F4661B7E8B0]->SetOption() <=: CinemoNoError
04-18 15:34:40.050  2275  2275 I CinemoMediaEngine: L2 19:34:40.050 Z0 T2275 SDK::CinemoOption [0x00007F4661B7E8B0]->SetOption() =>: szid=MM/Filename/Audio, szvalue=\.(?i)(?:3gp|m4a|m4b|aac|mp4|flac|mp3|ogg|mka|wav|ra|ram|awr|opus|wma|asf)$
04-18 15:34:40.050  2275  2275 V CinemoMediaEngine: L0 19:34:40.050 Z3 T2275 NmeApp NMECTL_SET_OPTION
04-18 15:34:40.050  2275  2275 I CinemoMediaEngine: L2 19:34:40.050 Z0 T2275 SDK::CinemoOption [0x00007F4661B7E8B0]->SetOption() <=: CinemoNoError
04-18 15:34:40.050  2275  2275 I CinemoMediaEngine: L2 19:34:40.050 Z0 T2275 SDK::CinemoOption [0x00007F4661B7E8B0]->SetOption() =>: szid=MM/Filename/Video, szvalue=\.(?i)(?:mp4|m4v|avi|webm|flv|rm|rmvb|3gp|mkv|wma|asf|divx|mov)$
04-18 15:34:40.050  2275  2275 V CinemoMediaEngine: L0 19:34:40.050 Z3 T2275 NmeApp NMECTL_SET_OPTION
04-18 15:34:40.050  2275  2275 I CinemoMediaEngine: L2 19:34:40.050 Z0 T2275 SDK::CinemoOption [0x00007F4661B7E8B0]->SetOption() <=: CinemoNoError
04-18 15:34:40.050  2275  2275 I CinemoMediaEngine: L2 19:34:40.050 Z0 T2275 SDK::CinemoOption [0x00007F4661B7E8B0]->SetOption() =>: szid=MM/Filename/Playlist, szvalue=\.(?i)(?:pls|m3u|asx|m3u8)$
04-18 15:34:40.050  2275  2275 V CinemoMediaEngine: L0 19:34:40.050 Z3 T2275 NmeApp NMECTL_SET_OPTION
04-18 15:34:40.050  2275  2275 I CinemoMediaEngine: L2 19:34:40.050 Z0 T2275 SDK::CinemoOption [0x00007F4661B7E8B0]->SetOption() <=: CinemoNoError
04-18 15:34:40.050  2275  2275 I CinemoMediaEngine: L2 19:34:40.050 Z0 T2275 SDK::CinemoOption [0x00007F4661B7E8B0]->SetOption() =>: szid=MM/Filename/Image, szvalue=\.(?i)(?:png|jpeg|gif|bmp)$
04-18 15:34:40.050  2275  2275 V CinemoMediaEngine: L0 19:34:40.050 Z3 T2275 NmeApp NMECTL_SET_OPTION
04-18 15:34:40.050  2275  2275 I CinemoMediaEngine: L2 19:34:40.050 Z0 T2275 SDK::CinemoOption [0x00007F4661B7E8B0]->SetOption() <=: CinemoNoError
04-18 15:34:40.050  2275  2275 I Media_MMService:: MMS: SetWhitelistingAndSupportedFiles done:
04-18 15:34:40.050  2275  2275 I CinemoMediaEngine: L2 19:34:40.050 Z0 T2275 SDK::CinemoOption [0x00007F4661B7E8B0]->SetOption() =>: szid=Audio/Device/CaptureDeviceID, szvalue=1,0
04-18 15:34:40.050  2275  2275 V CinemoMediaEngine: L0 19:34:40.050 Z3 T2275 NmeApp NMECTL_SET_OPTION
04-18 15:34:40.050  2275  2275 I CinemoMediaEngine: L2 19:34:40.050 Z0 T2275 SDK::CinemoOption [0x00007F4661B7E8B0]->SetOption() <=: CinemoNoError
04-18 15:34:40.050  2275  2275 I Media_MMService:: MMS: Audio capture device set done :
04-18 15:34:40.050  2275  2275 I CinemoMediaEngine: L2 19:34:40.050 Z0 T2275 SDK::CinemoOption [0x00007F4661B7E8B0]->SetOption() =>: szid=Plugin/AudioCapture, szvalue=NmeAudioCaptureTinyALSA
04-18 15:34:40.050  2275  2275 V CinemoMediaEngine: L0 19:34:40.050 Z3 T2275 NmeApp NMECTL_SET_OPTION
04-18 15:34:40.050  2275  2275 I CinemoMediaEngine: L2 19:34:40.050 Z0 T2275 SDK::CinemoOption [0x00007F4661B7E8B0]->SetOption() <=: CinemoNoError
04-18 15:34:40.050  2275  2275 I Media_MMService:: MMS: Audio capture plugin set done :
04-18 15:34:40.050  2275  2275 V CinemoMediaEngine: L0 19:34:40.050 Z0 T2275 SDK::CinemoOption [0x00007F4661B7E8B0]->GetOption() =>: szid=iAP/Transport/Libraries, pp=00007FFE5F999B10
04-18 15:34:40.050  2275  2275 V CinemoMediaEngine: L0 19:34:40.050 Z3 T2275 NmeApp NMECTL_GET_OPTION
04-18 15:34:40.051  2275  2275 V CinemoMediaEngine: L0 19:34:40.051 Z0 T2275 SDK::CinemoOption [0x00007F4661B7E8B0]->GetOption() <=: CinemoNoError
04-18 15:34:40.051  2275  2275 I CinemoMediaEngine: L2 19:34:40.051 Z0 T2275 SDK::CinemoOption [0x00007F4661B7E8B0]->SetOption() =>: szid=iAP/Transport/Libraries, szvalue=NmeTransport:CreateNmeIAPCFSTransport,NmeTransport:CreateNmeIAPFFSTransport,NmeTransport:CreateNmeIAPUSBTransport,NmeAndroidTransport:CreateNmeAndroidTransport,NmeTransport:CreateNmeIAPWifiTransport
04-18 15:34:40.051  2275  2275 V CinemoMediaEngine: L0 19:34:40.051 Z3 T2275 NmeApp NMECTL_SET_OPTION
04-18 15:34:40.051  2275  2275 I CinemoMediaEngine: L2 19:34:40.051 Z0 T2275 SDK::CinemoOption [0x00007F4661B7E8B0]->SetOption() <=: CinemoNoError
04-18 15:34:40.051  2275  2275 I CinemoMediaEngine: L2 19:34:40.051 Z0 T2275 SDK::CinemoOption [0x00007F4661B7E8B0]->SetOption() =>: szid=CarPlay/WifiTransportName, szvalue=br0
04-18 15:34:40.051  2275  2275 V CinemoMediaEngine: L0 19:34:40.051 Z3 T2275 NmeApp NMECTL_SET_OPTION
04-18 15:34:40.051  2275  2275 I CinemoMediaEngine: L2 19:34:40.051 Z0 T2275 SDK::CinemoOption [0x00007F4661B7E8B0]->SetOption() <=: CinemoNoError
04-18 15:34:40.051  2275  2275 I CinemoMediaEngine: L2 19:34:40.051 Z0 T2275 SDK::CinemoOption [0x00007F4661B7E8B0]->SetOption() =>: szid=AVRCP/Timeout, szvalue=10000
04-18 15:34:40.051  2275  2275 V CinemoMediaEngine: L0 19:34:40.051 Z3 T2275 NmeApp NMECTL_SET_OPTION
04-18 15:34:40.051  2275  2275 I CinemoMediaEngine: L2 19:34:40.051 Z0 T2275 SDK::CinemoOption [0x00007F4661B7E8B0]->SetOption() <=: CinemoNoError
04-18 15:34:40.051  2275  2275 I CinemoMediaEngine: L2 19:34:40.051 Z0 T2275 SDK::CinemoOption [0x00007F4661B7E8B0]->SetOption() =>: szid=iAP/EnableIAP1, szvalue=false
04-18 15:34:40.051  2275  2275 V CinemoMediaEngine: L0 19:34:40.051 Z3 T2275 NmeApp NMECTL_SET_OPTION
04-18 15:34:40.051  2275  2275 I CinemoMediaEngine: L2 19:34:40.051 Z0 T2275 SDK::CinemoOption [0x00007F4661B7E8B0]->SetOption() <=: CinemoNoError
04-18 15:34:40.051  2275  2275 I CinemoMediaEngine: L2 19:34:40.051 Z0 T2275 SDK::CinemoMM [0x00007F4661AAD800]->CreateServer() =>: szdbfolder=/data/mediaFiles
04-18 15:34:40.051  2275  2275 D CinemoMediaEngine: L1 19:34:40.051 Z0 T2275 NmeHTTPServer Enable()
04-18 15:34:40.051  2275  2275 D CinemoMediaEngine: L1 19:34:40.051 Z0 T2275 NmeSock CreateInternal(TCP, IPv6, socket: 20)
04-18 15:34:40.051  2275  2275 V CinemoMediaEngine: L0 19:34:40.051 Z0 T2275 NmeSockBase Bind(socket: 20, IPv6, [::1]:23232 -> [::1]:23232)
04-18 15:34:40.051  2275  2275 V CinemoMediaEngine: L0 19:34:40.051 Z0 T2275 NmeHTTPServer InitThread()
04-18 15:34:40.051  2275  2275 D CinemoMediaEngine: L1 19:34:40.051 Z0 T2275 NmeHTTPServer InitThread(), init() => NmeHTTPServerThreadProc(0x00007F4661828210)
04-18 15:34:40.052  2275  2275 I CinemoMediaEngine: L2 19:34:40.052 Z0 T2275 NmeMM Create()
04-18 15:34:40.052  2275  2275 I CinemoMediaEngine: L2 19:34:40.052 Z0 T2275 NmeMMLocales Adding locale 'configured' from options 'en-US-u-kr-latn-digit-symbol-currency-punct-space-Zzzz-kn-true-ka-shifted',''
04-18 15:34:40.052  2275  2275 I CinemoMediaEngine: L2 19:34:40.052 Z0 T2275 NmeMMTextServiceProvider UCA required: 0 - ICU required: 1
04-18 15:34:40.053  2275  2706 D CinemoMediaEngine: L1 19:34:40.053 Z0 T2706 NmeHTTPServer T2275 => NmeHTTPServerThreadProc(0x00007F4661828210), ThreadProc()
04-18 15:34:40.053  2275  2706 V CinemoMediaEngine: L0 19:34:40.053 Z0 T2706 NmeHTTPClient [0x00007F466164D000]->Create(0x00007F4661828210), host: 0:0, peer: 0:0
04-18 15:34:40.053  2275  2706 V CinemoMediaEngine: L0 19:34:40.053 Z0 T2706 NmeSock Accept(), socket: 20, family: IPv6
04-18 15:34:40.056  1964  2128 E vehicle_abstraction: CODIDynamicDataGroup::processRxGroupSignal ODI data (dataID = 27) not mapped (fucID = 7) 
04-18 15:34:40.080  1964  2128 E vehicle_abstraction: CODIDynamicDataGroup::processRxGroupSignal ODI data (dataID = 28) not mapped (fucID = 7) 
04-18 15:34:40.100  1964  2128 E vehicle_abstraction: CODIDynamicDataGroup::processRxGroupSignal ODI data (dataID = 29) not mapped (fucID = 7) 
04-18 15:34:40.120  1964  2128 E vehicle_abstraction: CODIDynamicDataGroup::processRxGroupSignal ODI data (dataID = 30) not mapped (fucID = 7) 
04-18 15:34:40.160  1964  2128 E vehicle_abstraction: CODIDynamicDataGroup::processRxGroupSignal ODI data (dataID = 32) not mapped (fucID = 7) 
04-18 15:34:40.180  1964  2128 E vehicle_abstraction: CODIDynamicDataGroup::processRxGroupSignal ODI data (dataID = 33) not mapped (fucID = 7) 
04-18 15:34:40.201  1964  2128 E vehicle_abstraction: CODIDynamicDataGroup::processRxGroupSignal ODI data (dataID = 34) not mapped (fucID = 7) 
04-18 15:34:40.220  1964  2128 E vehicle_abstraction: CODIDynamicDataGroup::processRxGroupSignal ODI data (dataID = 35) not mapped (fucID = 7) 
04-18 15:34:40.234  2258  2684 I chatty  : uid=0(root) amfmMain expire 2 lines
04-18 15:34:40.234  2258  2369 I chatty  : uid=0(root) qnxcomm expire 1 line
04-18 15:34:40.240  1964  2128 E vehicle_abstraction: CODIDynamicDataGroup::processRxGroupSignal ODI data (dataID = 36) not mapped (fucID = 7) 
04-18 15:34:40.250  1964  2128 E vehicle_abstraction: setIPCReadGlobalAGroupSignalData Signal not found (groupSignal = 0x80F8) 
04-18 15:34:40.260  1964  2128 E vehicle_abstraction: CODIDynamicDataGroup::processRxGroupSignal ODI data (dataID = 37) not mapped (fucID = 7) 
04-18 15:34:40.271  2247  2247 D GM_PROTO_KEY: detected security state preboot
04-18 15:34:40.276  2248  2248 D GMSecurity: waiting for preboot complete
04-18 15:34:40.280  1964  2128 E vehicle_abstraction: CODIDynamicDataGroup::processRxGroupSignal ODI data (dataID = 38) not mapped (fucID = 7) 
04-18 15:34:40.291  2248  2299 D GMSecurity: waiting for boot complete
04-18 15:34:40.308  2275  2275 D CinemoMediaEngine: L1 19:34:40.307 Z0 T2275 NmeICU Attributes: directory '' - version 0 - datafile '/system/usr/icu/icudt55l.dat' - mmap 0
04-18 15:34:40.308  2275  2275 D CinemoMediaEngine: L1 19:34:40.308 Z0 T2275 NmeICULoader open_libs(path= version=0)
04-18 15:34:40.308  2275  2275 D CinemoMediaEngine: L1 19:34:40.308 Z0 T2275 NmeICULoader searching for ICU version 0 by linker
04-18 15:34:40.310  2275  2275 D CinemoMediaEngine: L1 19:34:40.309 Z0 T2275 NmeICULoader linker lib libicuuc.so
04-18 15:34:40.310  2275  2275 D CinemoMediaEngine: L1 19:34:40.310 Z0 T2275 NmeICULoader version_found = 0 (in linker search path)
04-18 15:34:40.310  2275  2275 D CinemoMediaEngine: L1 19:34:40.310 Z0 T2275 NmeICULoader icu version 0 found and complete
04-18 15:34:40.310  2275  2275 D CinemoMediaEngine: L1 19:34:40.310 Z0 T2275 NmeICULoader path = libicudata.so
04-18 15:34:40.310  2275  2275 E CinemoMediaEngine: L4 19:34:40.310 Z0 T2275 NmeDLL dlopen(libicudata.so) failed: dlopen failed: library "libicudata.so" not found
04-18 15:34:40.310  2275  2275 D CinemoMediaEngine: L1 19:34:40.310 Z0 T2275 NmeICULoader version_found = 55 (data object in icuuc)
04-18 15:34:40.310  2275  2275 D CinemoMediaEngine: L1 19:34:40.310 Z0 T2275 NmeICULoader path = libicui18n.so
04-18 15:34:40.311  2275  2275 D CinemoMediaEngine: L1 19:34:40.311 Z0 T2275 NmeICULoader searching for ICU symbol version in icuuc
04-18 15:34:40.311  2275  2275 E CinemoMediaEngine: L4 19:34:40.311 Z0 T2275 NmeICULoader missing u_getVersion function
04-18 15:34:40.311  2275  2275 E CinemoMediaEngine: L4 19:34:40.311 Z0 T2275 NmeICULoader missing u_getVersion function
04-18 15:34:40.311  2275  2275 E CinemoMediaEngine: L4 19:34:40.311 Z0 T2275 NmeICULoader missing u_getVersion function
04-18 15:34:40.311  2275  2275 E CinemoMediaEngine: L4 19:34:40.311 Z0 T2275 NmeICULoader missing u_getVersion function
04-18 15:34:40.311  2275  2275 E CinemoMediaEngine: L4 19:34:40.311 Z0 T2275 NmeICULoader missing u_getVersion function
04-18 15:34:40.311  2275  2275 E CinemoMediaEngine: L4 19:34:40.311 Z0 T2275 NmeICULoader missing u_getVersion function
04-18 15:34:40.311  2275  2275 E CinemoMediaEngine: L4 19:34:40.311 Z0 T2275 NmeICULoader missing u_getVersion function
04-18 15:34:40.311  2275  2275 E CinemoMediaEngine: L4 19:34:40.311 Z0 T2275 NmeICULoader missing u_getVersion function
04-18 15:34:40.311  2275  2275 D CinemoMediaEngine: L1 19:34:40.311 Z0 T2275 NmeICULoader version_found = 55 (in unversioned DLL file)
04-18 15:34:40.311  2275  2275 D CinemoMediaEngine: L1 19:34:40.311 Z0 T2275 NmeICULoader ICU libs loaded (version 55)
04-18 15:34:40.311  2275  2275 D CinemoMediaEngine: L1 19:34:40.311 Z0 T2275 NmeClassFactory CreateVfs(/system/usr/icu/icudt55l.dat)
04-18 15:34:40.320  1964  2128 E vehicle_abstraction: CODIDynamicDataGroup::processRxGroupSignal ODI data (dataID = 39) not mapped (fucID = 7) 
04-18 15:34:40.340  1964  2128 E vehicle_abstraction: CODIDynamicDataGroup::processRxGroupSignal ODI data (dataID = 40) not mapped (fucID = 7) 
04-18 15:34:40.370  2171  2208 I lvds_device: setAuxBrightness MSB :0x05 LSB: 0xe8
04-18 15:34:40.372  2171  2208 I lvds_device: Msg : 0xb1 0x40 0xb 0x4d 0x40 0x32 0x5 0xe8
04-18 15:34:40.375  2267  2267 E vdev-flexgps: vdev-flexpgs: waiting for open Gps sio - device /dev/ttyACM0
04-18 15:34:40.380  2280  2331 I chatty  : uid=0(root) /system/bin/gmethmgr expire 5 lines
04-18 15:34:40.380  2255  2255 I liblog  : 5
04-18 15:34:40.380  2255  2255 I chatty  : uid=0(root) /system/bin/ethctrlmgr expire 216 lines
04-18 15:34:40.384  2255  2295 I chatty  : uid=0(root) /system/bin/ethctrlmgr expire 57 lines
04-18 15:34:40.400  1964  2128 E vehicle_abstraction: CODIDynamicDataGroup::processRxGroupSignal ODI data (dataID = 43) not mapped (fucID = 7) 
04-18 15:34:40.408  2255  2255 I chatty  : uid=0(root) /system/bin/ethctrlmgr expire 224 lines
04-18 15:34:40.420  2266  2266 I chatty  : uid=0(root) /system/vendor/bin/hdcpd expire 1 line
04-18 15:34:40.424  2255  2255 I chatty  : uid=0(root) /system/bin/ethctrlmgr expire 222 lines
04-18 15:34:40.425  1964  2128 E vehicle_abstraction: CGlobalASignalMappings::signalInfoForAbstractionSignalID unmapped  abstractionID 4359
04-18 15:34:40.425  2255  2295 I chatty  : uid=0(root) /system/bin/ethctrlmgr expire 66 lines
04-18 15:34:40.426  1964  2128 E vehicle_abstraction: CODIDynamicDataGroup::processRxGroupSignal ODI data (dataID = 44) not mapped (fucID = 7) 
04-18 15:34:40.440  1964  2128 E vehicle_abstraction: CODIDynamicDataGroup::processRxGroupSignal ODI data (dataID = 45) not mapped (fucID = 7) 
04-18 15:34:40.442  2255  2255 I chatty  : uid=0(root) /system/bin/ethctrlmgr expire 447 lines
04-18 15:34:40.451  1964  2128 E vehicle_abstraction: setIPCReadGlobalAGroupSignalData Signal not found (groupSignal = 0x80F8) 
04-18 15:34:40.451  1964  2128 E vehicle_abstraction: setIPCReadGlobalAGroupSignalData Signal not found (groupSignal = 0x80F9) 
04-18 15:34:40.451  1964  2128 E vehicle_abstraction: setIPCReadGlobalAGroupSignalData Signal not found (groupSignal = 0x80FA) 
04-18 15:34:40.460  1964  2128 E vehicle_abstraction: CODIDynamicDataGroup::processRxGroupSignal ODI data (dataID = 46) not mapped (fucID = 7) 
04-18 15:34:40.461  2255  2295 I chatty  : uid=0(root) /system/bin/ethctrlmgr expire 57 lines
04-18 15:34:40.475  2255  2255 I chatty  : uid=0(root) /system/bin/ethctrlmgr expire 462 lines
04-18 15:34:40.485  1964  2128 E vehicle_abstraction: CODIDynamicDataGroup::processRxGroupSignal ODI data (dataID = 47) not mapped (fucID = 7) 
04-18 15:34:40.493  2255  2295 I chatty  : uid=0(root) /system/bin/ethctrlmgr expire 37 lines
04-18 15:34:40.505  2255  2255 I chatty  : uid=0(root) /system/bin/ethctrlmgr expire 181 lines
04-18 15:34:40.509  1964  2128 E vehicle_abstraction: CODIDynamicDataGroup::processRxGroupSignal ODI data (dataID = 48) not mapped (fucID = 7) 
04-18 15:34:40.530  1964  2128 E vehicle_abstraction: CODIDynamicDataGroup::processRxGroupSignal ODI data (dataID = 49) not mapped (fucID = 7) 
04-18 15:34:40.551  1964  2128 E vehicle_abstraction: CODIDynamicDataGroup::processRxGroupSignal ODI data (dataID = 50) not mapped (fucID = 7) 
04-18 15:34:40.570  1964  2128 E vehicle_abstraction: CODIDynamicDataGroup::processRxGroupSignal ODI data (dataID = 51) not mapped (fucID = 7) 
04-18 15:34:40.590  1964  2128 E vehicle_abstraction: CODIDynamicDataGroup::processRxGroupSignal ODI data (dataID = 52) not mapped (fucID = 7) 
04-18 15:34:40.608  2270  2287 I chatty  : uid=0(root) /system/bin/vip2nav expire 35 lines
04-18 15:34:40.610  1964  2128 E vehicle_abstraction: CODIDynamicDataGroup::processRxGroupSignal ODI data (dataID = 53) not mapped (fucID = 7) 
04-18 15:34:40.630  1964  2128 E vehicle_abstraction: CODIDynamicDataGroup::processRxGroupSignal ODI data (dataID = 54) not mapped (fucID = 7) 
04-18 15:34:40.648  2709  2709 I KPI     : PSU_MANAGAR_INIT_START
04-18 15:34:40.648  2709  2709 I chatty  : uid=0(root) /system/bin/psu_manager expire 17 lines
04-18 15:34:40.648  1963  2004 I chatty  : uid=0(root) ipcInThread11 expire 6 lines
04-18 15:34:40.650  1964  2128 E vehicle_abstraction: setIPCReadGlobalAGroupSignalData Signal not found (groupSignal = 0x80F8) 
04-18 15:34:40.650  1964  2128 E vehicle_abstraction: setIPCReadGlobalAGroupSignalData Signal not found (groupSignal = 0x80F9) 
04-18 15:34:40.650  1964  2128 E vehicle_abstraction: setIPCReadGlobalAGroupSignalData Signal not found (groupSignal = 0x80FA) 
04-18 15:34:40.651  1964  2128 E vehicle_abstraction: CODIDynamicDataGroup::processRxGroupSignal ODI data (dataID = 55) not mapped (fucID = 7) 
04-18 15:34:40.670  1964  2128 E vehicle_abstraction: CODIDynamicDataGroup::processRxGroupSignal ODI data (dataID = 56) not mapped (fucID = 7) 
04-18 15:34:40.690  1964  2128 E vehicle_abstraction: CODIDynamicDataGroup::processRxGroupSignal ODI data (dataID = 57) not mapped (fucID = 7) 
04-18 15:34:40.718  1964  2128 E vehicle_abstraction: CODIDynamicDataGroup::processRxGroupSignal ODI data (dataID = 58) not mapped (fucID = 7) 
04-18 15:34:40.740  1964  2128 E vehicle_abstraction: CODIDynamicDataGroup::processRxGroupSignal ODI data (dataID = 59) not mapped (fucID = 7) 
04-18 15:34:40.760  1964  2128 E vehicle_abstraction: CODIDynamicDataGroup::processRxGroupSignal ODI data (dataID = 60) not mapped (fucID = 7) 
04-18 15:34:40.780  1964  2128 E vehicle_abstraction: CODIDynamicDataGroup::processRxGroupSignal ODI data (dataID = 61) not mapped (fucID = 7) 
04-18 15:34:40.811  1964  2128 E vehicle_abstraction: CODIDynamicDataGroupIntArrayMap::processODISignal No Mapping  (dataVal = 3)  (mAbstractionID = 433) 
04-18 15:34:40.850  1964  2128 E vehicle_abstraction: CODIDynamicDataGroup::processRxGroupSignal ODI data (dataID = 64) not mapped (fucID = 7) 
04-18 15:34:40.871  1964  2128 E vehicle_abstraction: CODIDynamicDataGroup::processRxGroupSignal ODI data (dataID = 65) not mapped (fucID = 7) 
04-18 15:34:40.911  1964  2128 E vehicle_abstraction: CODIDynamicDataGroup::processRxGroupSignal ODI data (dataID = 67) not mapped (fucID = 7) 
04-18 15:34:40.929  1964  2128 E vehicle_abstraction: CGlobalASignalMappings::signalInfoForAbstractionSignalID unmapped  abstractionID 4359
04-18 15:34:40.931  1964  2128 E vehicle_abstraction: CODIDynamicDataGroup::processRxGroupSignal ODI data (dataID = 68) not mapped (fucID = 7) 
04-18 15:34:40.951  1964  2128 E vehicle_abstraction: CODIDynamicDataGroup::processRxGroupSignal ODI data (dataID = 69) not mapped (fucID = 7) 
04-18 15:34:41.000  1964  2128 E vehicle_abstraction: CODIDynamicDataGroup::processRxGroupSignal ODI data (dataID = 71) not mapped (fucID = 7) 
04-18 15:34:41.017  2255  2295 I chatty  : uid=0(root) /system/bin/ethctrlmgr expire 20 lines
04-18 15:34:41.017  2255  2255 I chatty  : uid=0(root) /system/bin/ethctrlmgr expire 233 lines
04-18 15:34:41.020  1975  2150 I [PLSS]PMSvc: got unchanged system state: 16
04-18 15:34:41.026  1964  2128 E vehicle_abstraction: CODIDynamicDataGroup::processRxGroupSignal ODI data (dataID = 72) not mapped (fucID = 7) 
04-18 15:34:41.044  1964  2128 E vehicle_abstraction: CODIDynamicDataGroup::processRxGroupSignal ODI data (dataID = 73) not mapped (fucID = 7) 
04-18 15:34:41.060  1964  2128 E vehicle_abstraction: CODIDynamicDataGroup::processRxGroupSignal ODI data (dataID = 74) not mapped (fucID = 7) 
04-18 15:34:41.080  1964  2128 E vehicle_abstraction: CODIDynamicDataGroup::processRxGroupSignal ODI data (dataID = 75) not mapped (fucID = 7) 
04-18 15:34:41.100  1964  2128 E vehicle_abstraction: CODIDynamicDataGroup::processRxGroupSignal ODI data (dataID = 76) not mapped (fucID = 7) 
04-18 15:34:41.120  1964  2128 E vehicle_abstraction: CODIDynamicDataGroup::processRxGroupSignal ODI data (dataID = 77) not mapped (fucID = 7) 
04-18 15:34:41.180  1964  2128 E vehicle_abstraction: CODIDynamicDataGroup::processRxGroupSignal ODI data (dataID = 80) not mapped (fucID = 7) 
04-18 15:34:41.228  1964  2128 E vehicle_abstraction: CODIDynamicDataGroup::processRxGroupSignal ODI data (dataID = 81) not mapped (fucID = 7) 
04-18 15:34:41.250  1964  2128 E vehicle_abstraction: setIPCReadGlobalAGroupSignalData Signal not found (groupSignal = 0x80F8) 
04-18 15:34:41.250  1964  2128 E vehicle_abstraction: CODIDynamicDataGroup::processRxGroupSignal ODI data (dataID = 82) not mapped (fucID = 7) 
04-18 15:34:41.271  1964  2128 E vehicle_abstraction: CODIDynamicDataGroup::processRxGroupSignal ODI data (dataID = 83) not mapped (fucID = 7) 
04-18 15:34:41.271  2247  2247 D GM_PROTO_KEY: detected security state preboot
04-18 15:34:41.276  2248  2248 D GMSecurity: waiting for preboot complete
04-18 15:34:41.291  2248  2299 D GMSecurity: waiting for boot complete
04-18 15:34:41.341  1964  2128 E vehicle_abstraction: CODIDynamicDataGroup::processRxGroupSignal ODI data (dataID = 85) not mapped (fucID = 7) 
04-18 15:34:41.360  1964  2128 E vehicle_abstraction: CODIDynamicDataGroup::processRxGroupSignal ODI data (dataID = 86) not mapped (fucID = 7) 
04-18 15:34:41.405  1963  1963 I chatty  : uid=0(root) /system/bin/IPCServer expire 21 lines
04-18 15:34:41.420  2171  2208 I lvds_device: setAuxBrightness MSB :0x05 LSB: 0xe8
04-18 15:34:41.420  2266  2266 I chatty  : uid=0(root) /system/vendor/bin/hdcpd expire 1 line
04-18 15:34:41.422  2171  2208 I lvds_device: Msg : 0xb1 0x40 0xb 0x4d 0x40 0x32 0x5 0xe8
04-18 15:34:41.425  1964  2128 E vehicle_abstraction: CGlobalASignalMappings::signalInfoForAbstractionSignalID unmapped  abstractionID 4359
04-18 15:34:41.450  1964  2128 E vehicle_abstraction: setIPCReadGlobalAGroupSignalData Signal not found (groupSignal = 0x80F8) 
04-18 15:34:41.450  1964  2128 E vehicle_abstraction: setIPCReadGlobalAGroupSignalData Signal not found (groupSignal = 0x80F9) 
04-18 15:34:41.450  1964  2128 E vehicle_abstraction: setIPCReadGlobalAGroupSignalData Signal not found (groupSignal = 0x80FA) 
04-18 15:34:41.529  2255  2255 I chatty  : uid=0(root) /system/bin/ethctrlmgr expire 18 lines
04-18 15:34:41.531  2255  2295 I chatty  : uid=0(root) /system/bin/ethctrlmgr expire 3 lines
04-18 15:34:41.531  2255  2255 I chatty  : uid=0(root) /system/bin/ethctrlmgr expire 20 lines
04-18 15:34:41.532  2255  2295 I chatty  : uid=0(root) /system/bin/ethctrlmgr expire 3 lines
04-18 15:34:41.532  2255  2255 I chatty  : uid=0(root) /system/bin/ethctrlmgr expire 10 lines
04-18 15:34:41.532  2280  2331 I chatty  : uid=0(root) /system/bin/gmethmgr expire 12 lines
04-18 15:34:41.533  1968  2116 I native_diagnostics: <INFO>  [PALConverter.cpp:120 static enum_diagnostics_message_type_t gm::diag::PALConverter::convert(enum_diagnostic_service_t)] PALConverter enum_diagnostic -> enum_diagnostics, input 14, r 5
04-18 15:34:41.534  1968  2116 I native_diagnostics: <INFO>  [PALDiagnosticAdaptor.cpp:58 virtual int gm::diag::PALDiagnosticAdaptor::sendMessage(diagnostic_message_t *)] PALDiagnosticAdaptor send msg: type 0x5, size: 4
04-18 15:34:41.535  1968  2115 I native_diagnostics: <INFO>  [PALDiagnosticAdaptor.cpp:75 virtual shared_ptr<diagnostic_message_t> gm::diag::PALDiagnosticAdaptor::receiveMessage()] PALDiagnosticAdaptor received msg, type: 0x5, size: 4
04-18 15:34:41.535  1968  2115 I native_diagnostics: <INFO>  [PALConverter.cpp:90 static int gm::diag::PALConverter::convert(enum_diagnostics_message_type_t)] PALConverter enum_diagnostics -> int, input 5, r 14
04-18 15:34:41.535  1968  2115 W native_diagnostics: <WARN> [AbstractDiagnosticMonitor.cpp:217 virtual int gm::diag::AbstractDiagnosticMonitor::run()] DiagnosticPALMonitor request_response() result is null
04-18 15:34:41.535  1968  2116 I native_diagnostics: <INFO>  [DiagnosticsService.cpp:95 virtual int32_t android::DiagnosticsService::reportDtcTestStatusByCode(const int &, const int &, const int &)] ReportDtcTestStatus completed(0xD8B0, 0x4, 1) -> 1
04-18 15:34:41.591  1964  2128 E vehicle_abstraction: CODIDynamicDataGroup::processRxGroupSignal ODI data (dataID = 97) not mapped (fucID = 7) 
04-18 15:34:41.641  2715  2715 D rtpolicyd: /system/etc/rtpolicy.conf summary:
04-18 15:34:41.641  2715  2715 D rtpolicyd:  - /system/vendor/bin/daemon_cl_32.* { policy = SCHED_RR; priority = 49; affinity = 0xe;  }
04-18 15:34:41.641  2715  2715 D rtpolicyd:  - /system/bin/mediaserver { policy = SCHED_RR; priority = 49; affinity = 0xe;  }
04-18 15:34:41.641  2715  2715 D rtpolicyd:  - /system/bin/psse.exe.* { policy = SCHED_RR; priority = 49; affinity = 0xe;  }
04-18 15:34:41.641  2715  2715 D rtpolicyd:  - /system/bin/pulseaudio { affinity = 0xe;  }
04-18 15:34:41.641  2715  2715 D rtpolicyd:  - irq/(.*)-snd_soc { affinity = 0xe;  }
04-18 15:34:41.641  2715  2715 D rtpolicyd:  - irq/(.*)-AudioDS { affinity = 0xe;  }
04-18 15:34:41.641  2715  2715 D rtpolicyd:  - /vendor/bin/avb_streamhandler_app_32 { affinity = 0xe;  }
04-18 15:34:41.641  2715  2715 D rtpolicyd: 
04-18 15:34:41.651  1964  2128 E vehicle_abstraction: setIPCReadGlobalAGroupSignalData Signal not found (groupSignal = 0x80F8) 
04-18 15:34:41.651  1964  2128 E vehicle_abstraction: setIPCReadGlobalAGroupSignalData Signal not found (groupSignal = 0x80F9) 
04-18 15:34:41.651  1964  2128 E vehicle_abstraction: setIPCReadGlobalAGroupSignalData Signal not found (groupSignal = 0x80FA) 
04-18 15:34:41.655  2715  2715 E rtpolicyd: 1609: irq/383-snd_soc
04-18 15:34:41.656  2715  2715 E rtpolicyd:  -- 1609: irq/383-snd_soc
04-18 15:34:41.657  2715  2715 E rtpolicyd: 1614: irq/383-AudioDS
04-18 15:34:41.658  2715  2715 E rtpolicyd:  -- 1614: irq/383-AudioDS
04-18 15:34:41.662  2715  2715 E rtpolicyd: 2169: /system/vendor/bin/daemon_cl_32
04-18 15:34:41.663  2715  2715 E rtpolicyd:  -- 2169: daemon_cl_32
04-18 15:34:41.664  2715  2715 E rtpolicyd:  -- 2181: daemon_cl_32
04-18 15:34:41.664  2715  2715 E rtpolicyd:  -- 2183: daemon_cl_32
04-18 15:34:41.665  2715  2715 E rtpolicyd:  -- 2184: daemon_cl_32
04-18 15:34:41.667  2715  2715 E rtpolicyd: 2185: /vendor/bin/avb_streamhandler_app_32
04-18 15:34:41.667  2715  2715 E rtpolicyd:  -- 2185: avb_streamhandl
04-18 15:34:41.668  2715  2715 E rtpolicyd:  -- 2214: avb_streamhandl
04-18 15:34:41.669  2715  2715 E rtpolicyd:  -- 2225: AvbShmProvider
04-18 15:34:41.669  2715  2715 E rtpolicyd:  -- 2226: AvbShmProvider
04-18 15:34:41.671  2715  2715 E rtpolicyd:  -- 2227: AvbShmProvider
04-18 15:34:41.672  2715  2715 E rtpolicyd:  -- 2228: AvbShmProvider
04-18 15:34:41.672  2715  2715 E rtpolicyd:  -- 2229: AvbShmProvider
04-18 15:34:41.673  2715  2715 E rtpolicyd:  -- 2230: AvbShmProvider
04-18 15:34:41.674  2715  2715 E rtpolicyd:  -- 2231: AvbTxWrklow
04-18 15:34:41.675  2715  2715 E rtpolicyd:  -- 2233: AvbRxWrk
04-18 15:34:41.676  2715  2715 E rtpolicyd:  -- 2235: AvbAlsaWrk0
04-18 15:34:41.678  2715  2715 E rtpolicyd:  -- 2236: Binder_1
04-18 15:34:41.679  2715  2715 E rtpolicyd:  -- 2238: Binder_2
04-18 15:34:41.682  2715  2715 E rtpolicyd: 2272: /system/bin/pulseaudio
04-18 15:34:41.683  2715  2715 E rtpolicyd:  -- 2272: pulseaudio
04-18 15:34:41.684  2715  2715 E rtpolicyd:  -- 2345: alsa-sink-Diran
04-18 15:34:41.684  2715  2715 E rtpolicyd:  -- 2354: combine
04-18 15:34:41.685  2715  2715 E rtpolicyd:  -- 2368: alsa-source-Dir
04-18 15:34:41.686  2715  2715 E rtpolicyd:  -- 2371: alsa-source-Dir
04-18 15:34:41.687  2715  2715 E rtpolicyd:  -- 2377: alsa-source-Dir
04-18 15:34:41.688  2715  2715 E rtpolicyd:  -- 2385: alsa-source-Dir
04-18 15:34:41.688  2715  2715 E rtpolicyd:  -- 2427: alsa-source-rsi
04-18 15:34:41.689  2715  2715 E rtpolicyd:  -- 2455: alsa-source-tcp
04-18 15:34:41.691  2715  2715 E rtpolicyd:  -- 2469: alsa-sink-csm_a
04-18 15:34:41.691  2715  2715 E rtpolicyd:  -- 2474: alsa-sink-csm_r
04-18 15:34:41.694  2715  2715 E rtpolicyd: 2538: /system/bin/psse.exe
04-18 15:34:41.695  2715  2715 E rtpolicyd:  -- 2538: psse.exe
04-18 15:34:41.696  2715  2715 E rtpolicyd: 2614: /system/bin/mediaserver
04-18 15:34:41.697  2715  2715 E rtpolicyd:  -- 2614: mediaserver, switch to process setting
04-18 15:34:41.697  2715  2715 E rtpolicyd:  -- 2634: ApmTone, switch to process setting
04-18 15:34:41.699  2715  2715 E rtpolicyd:  -- 2635: ApmAudio, switch to process setting
04-18 15:34:41.699  2715  2715 E rtpolicyd:  -- 2636: ApmOutput, switch to process setting
04-18 15:34:41.700  2715  2715 E rtpolicyd:  -- 2644: FastMixer, switch to process setting
04-18 15:34:41.700  2715  2715 E rtpolicyd:  -- 2645: AudioOut_2
04-18 15:34:41.701  2715  2715 E rtpolicyd:  -- 2647: FastMixer, switch to process setting
04-18 15:34:41.703  2715  2715 E rtpolicyd:  -- 2648: AudioOut_4
04-18 15:34:41.704  2715  2715 E rtpolicyd:  -- 2650: FastMixer, switch to process setting
04-18 15:34:41.704  2715  2715 E rtpolicyd:  -- 2651: AudioOut_6
04-18 15:34:41.705  2715  2715 E rtpolicyd:  -- 2653: FastMixer, switch to process setting
04-18 15:34:41.705  2715  2715 E rtpolicyd:  -- 2654: AudioOut_8
04-18 15:34:41.707  2715  2715 E rtpolicyd:  -- 2656: FastMixer, switch to process setting
04-18 15:34:41.707  2715  2715 E rtpolicyd:  -- 2657: AudioOut_A
04-18 15:34:41.708  2715  2715 E rtpolicyd:  -- 2661: FastMixer, switch to process setting
04-18 15:34:41.709  2715  2715 E rtpolicyd:  -- 2662: AudioOut_C
04-18 15:34:41.710  2715  2715 E rtpolicyd:  -- 2670: Binder_1, switch to process setting
04-18 15:34:41.711  2715  2715 E rtpolicyd:  -- 2671: Binder_2, switch to process setting
04-18 15:34:41.719  2270  2287 I chatty  : uid=0(root) /system/bin/vip2nav expire 35 lines
04-18 15:34:41.883  2470  2470 I chatty  : uid=0(root) /system/bin/gmcrashlogd expire 1 line
04-18 15:34:41.929  1964  2128 E vehicle_abstraction: CGlobalASignalMappings::signalInfoForAbstractionSignalID unmapped  abstractionID 4359
04-18 15:34:42.020  1975  2150 I [PLSS]PMSvc: got unchanged system state: 16
04-18 15:34:42.029  1968  2115 I native_diagnostics: <INFO>  [PALDiagnosticAdaptor.cpp:75 virtual shared_ptr<diagnostic_message_t> gm::diag::PALDiagnosticAdaptor::receiveMessage()] PALDiagnosticAdaptor received msg, type: 0x6, size: 4
04-18 15:34:42.029  1968  2115 I native_diagnostics: <INFO>  [PALConverter.cpp:90 static int gm::diag::PALConverter::convert(enum_diagnostics_message_type_t)] PALConverter enum_diagnostics -> int, input 6, r 15
04-18 15:34:42.029  1968  2115 I native_diagnostics: <INFO>  [AbstractDiagnosticMonitor.cpp:219 virtual int gm::diag::AbstractDiagnosticMonitor::run()] DiagnosticPALMonitor got one NO_ACTION message: diagnostic_message=(bus: 2, src: 0xffff, dest: 0xffff, dirct: 2, 20/DIAG_NO_ACTION (N/A), 0)
04-18 15:34:42.250  1964  2128 E vehicle_abstraction: setIPCReadGlobalAGroupSignalData Signal not found (groupSignal = 0x80F8) 
04-18 15:34:42.272  2247  2247 D GM_PROTO_KEY: detected security state preboot
04-18 15:34:42.276  2248  2248 D GMSecurity: waiting for preboot complete
04-18 15:34:42.291  2248  2299 D GMSecurity: waiting for boot complete
04-18 15:34:42.317  2709  2709 I chatty  : uid=0(root) /system/bin/psu_manager expire 48 lines
04-18 15:34:42.323  2709  2709 I KPI     : PSU_MANAGAR_INIT_END
04-18 15:34:42.340  2709  2712 I chatty  : uid=0(root) /system/bin/psu_manager expire 1 line
04-18 15:34:42.340  2709  2711 I chatty  : uid=0(root) /system/bin/psu_manager expire 1 line
04-18 15:34:42.420  2266  2266 I chatty  : uid=0(root) /system/vendor/bin/hdcpd expire 1 line
04-18 15:34:42.433  1964  2128 E vehicle_abstraction: CGlobalASignalMappings::signalInfoForAbstractionSignalID unmapped  abstractionID 4359
04-18 15:34:42.451  1964  2128 E vehicle_abstraction: setIPCReadGlobalAGroupSignalData Signal not found (groupSignal = 0x80F8) 
04-18 15:34:42.451  1964  2128 E vehicle_abstraction: setIPCReadGlobalAGroupSignalData Signal not found (groupSignal = 0x80F9) 
04-18 15:34:42.451  1964  2128 E vehicle_abstraction: setIPCReadGlobalAGroupSignalData Signal not found (groupSignal = 0x80FA) 
04-18 15:34:42.471  2171  2208 I lvds_device: setAuxBrightness MSB :0x05 LSB: 0xe8
04-18 15:34:42.472  2171  2208 I lvds_device: Msg : 0xb1 0x40 0xb 0x4d 0x40 0x32 0x5 0xe8
04-18 15:34:42.651  1964  2128 E vehicle_abstraction: setIPCReadGlobalAGroupSignalData Signal not found (groupSignal = 0x80F8) 
04-18 15:34:42.651  1964  2128 E vehicle_abstraction: setIPCReadGlobalAGroupSignalData Signal not found (groupSignal = 0x80F9) 
04-18 15:34:42.651  1964  2128 E vehicle_abstraction: setIPCReadGlobalAGroupSignalData Signal not found (groupSignal = 0x80FA) 
04-18 15:34:42.828  2270  2287 I chatty  : uid=0(root) /system/bin/vip2nav expire 35 lines
04-18 15:34:42.937  1964  2128 E vehicle_abstraction: CGlobalASignalMappings::signalInfoForAbstractionSignalID unmapped  abstractionID 4359
04-18 15:34:43.020  1975  2150 I [PLSS]PMSvc: got unchanged system state: 16
04-18 15:34:43.235  2261  2261 D COREU   : CoreU service is now running
04-18 15:34:43.236  2261  2774 I chatty  : uid=0(root) /system/vendor/bin/coreu expire 1 line
04-18 15:34:43.250  1964  2128 E vehicle_abstraction: setIPCReadGlobalAGroupSignalData Signal not found (groupSignal = 0x80F8) 
04-18 15:34:43.272  2247  2247 D GM_PROTO_KEY: detected security state preboot
04-18 15:34:43.276  2248  2248 D GMSecurity: waiting for preboot complete
04-18 15:34:43.291  2248  2299 D GMSecurity: waiting for boot complete
04-18 15:34:43.375  2267  2267 E vdev-flexgps: vdev-flexpgs: waiting for open Gps sio - device /dev/ttyACM0
04-18 15:34:43.422  2275  2275 I CinemoMediaEngine: L2 19:34:43.422 Z0 T2275 NmeClassDLL NmeVfs 1.189.1.90958 stable-20180811-0328-gm_harman_info3_my21 Mar-27-2019 androidndk_GMHarmanINFO3MidHigh_MY21_gm_harman
04-18 15:34:43.425  1964  2128 E vehicle_abstraction: CGlobalASignalMappings::signalInfoForAbstractionSignalID unmapped  abstractionID 4359
04-18 15:34:43.430  2709  2712 I chatty  : uid=0(root) /system/bin/psu_manager expire 3 lines
04-18 15:34:43.431  2470  2470 I chatty  : uid=0(root) /system/bin/gmcrashlogd expire 1 line
04-18 15:34:43.433  2709  2711 I chatty  : uid=0(root) /system/bin/psu_manager expire 6 lines
04-18 15:34:43.433  2275  2275 D CinemoMediaEngine: L1 19:34:43.433 Z0 T2275 NmeVfsFile Create()
04-18 15:34:43.450  1964  2128 E vehicle_abstraction: setIPCReadGlobalAGroupSignalData Signal not found (groupSignal = 0x80F8) 
04-18 15:34:43.450  1964  2128 E vehicle_abstraction: setIPCReadGlobalAGroupSignalData Signal not found (groupSignal = 0x80F9) 
04-18 15:34:43.450  1964  2128 E vehicle_abstraction: setIPCReadGlobalAGroupSignalData Signal not found (groupSignal = 0x80FA) 
04-18 15:34:43.522  2171  2208 I lvds_device: setAuxBrightness MSB :0x05 LSB: 0xe8
04-18 15:34:43.524  2171  2208 I lvds_device: Msg : 0xb1 0x40 0xb 0x4d 0x40 0x32 0x5 0xe8
04-18 15:34:43.529  2470  2470 I chatty  : uid=0(root) /system/bin/gmcrashlogd expire 3 lines
04-18 15:34:43.608  1949  1949 I chatty  : uid=0(root) main expire 1 line
04-18 15:34:43.650  1964  2128 E vehicle_abstraction: setIPCReadGlobalAGroupSignalData Signal not found (groupSignal = 0x80F8) 
04-18 15:34:43.650  1964  2128 E vehicle_abstraction: setIPCReadGlobalAGroupSignalData Signal not found (groupSignal = 0x80F9) 
04-18 15:34:43.650  1964  2128 E vehicle_abstraction: setIPCReadGlobalAGroupSignalData Signal not found (groupSignal = 0x80FA) 
04-18 15:34:43.929  1964  2128 E vehicle_abstraction: CGlobalASignalMappings::signalInfoForAbstractionSignalID unmapped  abstractionID 4359
04-18 15:34:43.938  2270  2287 I chatty  : uid=0(root) /system/bin/vip2nav expire 4 lines
04-18 15:34:43.938  2270  2287 E vip2nav : 0x0 0x0 0x0 0x0 0xac 0x2e 0x0 0x0
04-18 15:34:43.938  2270  2287 E vip2nav : 0x0 0x0 0x0 0x0 0x0 0x0 0x0 0x0
04-18 15:34:43.938  2270  2287 E vip2nav : 0x0 0x0 0x0 0x0 0x0 0x0 0x0 0x0
04-18 15:34:43.938  2270  2287 E vip2nav : 0x0 0x0 0x0 0x0 0x0 0x0 0x0 0x0
04-18 15:34:43.938  2270  2287 E vip2nav : 0x0 0x0 0x0 0x0 0x0 0x0 0x0 0x0
04-18 15:34:43.938  2270  2287 E vip2nav : 0x0 0x0 0x0 0x0 0x0 0x0 0x0 0x0
04-18 15:34:43.938  2270  2287 E vip2nav : 0x0 0x0 0x0 0x0 0x0 0x0 0x0 0x0
04-18 15:34:43.938  2270  2287 E vip2nav : 0x0 0x0 0x0 0x0 0x0 0x0 0x0 0x0
04-18 15:34:43.939  2270  2287 E vip2nav : 0x0 0x0 0x0 0x0 0x0 0x0 0x0 0x0
04-18 15:34:43.939  2270  2287 E vip2nav : 0x0 0x0 0x0 0x0 0x0 0x0 0x0 0x0
04-18 15:34:43.939  2270  2287 E vip2nav : 0x0 0x0 0x0 0x0 0x0 0x0 0x0 0x0
04-18 15:34:43.939  2270  2287 E vip2nav : 0x0 0x0 0x0 0x0 0x0 0x0 0x0 0x0
04-18 15:34:43.939  2270  2287 E vip2nav : 0x0 0x0 0x0 0x0 0x0 0x0 0x0 0x0
04-18 15:34:43.939  2270  2287 E vip2nav : 0x0 0x0 0x0 0x0 0x0 0x0 0x0 0x0
04-18 15:34:43.939  2270  2287 E vip2nav : 0x0 0x0 0x0 0x0 0x0 0x0 0x0 0x0
04-18 15:34:43.939  2270  2287 E vip2nav : 0x0 0x0 0x0 0x0 0x0 0x0 0x0 0x0
04-18 15:34:43.939  2270  2287 E vip2nav : 0x0 0x0 0x0 0x0 0x0 0x0 0x0 0x0
04-18 15:34:43.939  2270  2287 E vip2nav : 0x0 0x0 0x0 0x0 0x0 0x0 0x0 0x0
04-18 15:34:43.939  2270  2287 E vip2nav : 0x0 0x0 0x0 0x0 0x0 0x0 0x0 0x0
04-18 15:34:43.939  2270  2287 E vip2nav : 0x0 0x0 0x0 0x0 0x0 0x0 0x0 0x0
04-18 15:34:43.939  2270  2287 E vip2nav : 0x0 0x0 0x0 0x0 0x0 0x0 0x0 0x0
04-18 15:34:43.939  2270  2287 E vip2nav : 0x0 0x0 0x0 0x0 0x0 0x0 0x0 0x0
04-18 15:34:43.939  2270  2287 E vip2nav : 0x0 0x0 0x0 0x0 0x0 0x0 0x0 0x0
04-18 15:34:43.939  2270  2287 E vip2nav : 0x0 0x0 0x0 0x0 0x0 0x0 0x0 0x0
04-18 15:34:43.939  2270  2287 E vip2nav : 0x0 0x0 0x0 0x0 0x0 0x0 0x0 0x0
04-18 15:34:43.939  2270  2287 E vip2nav : 0x0 0x0 0x0 0x0 0x0 0x0 0x0 0x0
04-18 15:34:43.939  2270  2287 E vip2nav : 0x0 0x0 0x0 0x0 0x0 0x0 0x0 0x0
04-18 15:34:43.939  2270  2287 E vip2nav : 0x0 0x0 0x0 0x0 0x0 0x0 0x0 0x0
04-18 15:34:43.939  2270  2287 E vip2nav : 0x0 0x0 0x0 0x0 0x0 0x0 0x0 0x0
04-18 15:34:43.939  2270  2287 E vip2nav : 0x0 0x0 0x0 0x0 0x0 0x0 0x0 0x0
04-18 15:34:43.939  2270  2287 E vip2nav : ... skipping 4 bytes
04-18 15:34:44.018  2470  2470 D GMCRASHLOG: cleaning /data/data/gmlogger/gmcrashlogs/crashlog17_9802179f771c2e50dc9e
04-18 15:34:44.021  1975  2150 I [PLSS]PMSvc: got unchanged system state: 16
04-18 15:34:44.036  2280  2331 I GMEthMgr: LinkLossMessageRequest nextReadyItem -> (switch: 1, port: 2, status: 0, timestamp: 1555616081)                     is removed from queue for processing
04-18 15:34:44.036  2280  2331 I GMEthMgr: gmLinklossCallback, port: 2, linkState: 0
04-18 15:34:44.036  2280  2331 I GMEthMgr: Calibration for DTC of port 2 is enabled
04-18 15:34:44.036  2280  2331 I GMEthMgr: getDtcStatusInternal(1, 2, 0)
04-18 15:34:44.036  2280  2331 I GMEthMgr: getPortCableStatus:(switch: 1, port: 2)
04-18 15:34:44.036  2255  2255 D ethctrlmgr: clientReqHandler read bytes:1040 from diag client
04-18 15:34:44.036  2255  2255 D ethctrlmgr: SPI read cmd in hex:0x
04-18 15:34:44.036  2255  2255 D ethctrlmgr: 05 
04-18 15:34:44.036  2255  2255 D ethctrlmgr: 09 
04-18 15:34:44.036  2255  2255 D ethctrlmgr: 8f 
04-18 15:34:44.036  2255  2255 D ethctrlmgr: 25 
04-18 15:34:44.036  2255  2255 D ethctrlmgr: 40 
04-18 15:34:44.036  2255  2255 D ethctrlmgr: 00 
04-18 15:34:44.036  2255  2255 D ethctrlmgr: 00 
04-18 15:34:44.036  2255  2255 D ethctrlmgr: 00 
04-18 15:34:44.036  2255  2255 D ethctrlmgr: 00 
04-18 15:34:44.036  2255  2255 D ethctrlmgr: data len to send over IPC is:17
04-18 15:34:44.036  2255  2255 D ethctrlmgr: executeSwitchCmd:sent cmd req 17 bytes
04-18 15:34:44.036  2255  2255 D ethctrlmgr: executeSwitchCmd() diag command waiting for response from server 
04-18 15:34:44.038  2255  2295 V ethctrlmgr: readDataFromIocIpc():data avlbl from ioc ipc
04-18 15:34:44.038  2255  2295 D ethctrlmgr: readDataFromIocIpc():read data from IOC IPC
04-18 15:34:44.038  2255  2295 D ethctrlmgr: readDataFromIocIpc spawned. Waiting to read data
04-18 15:34:44.038  2255  2255 D ethctrlmgr:  executeSwitchCmd(): pthread_cond_timedwait Ret Val = 0  
04-18 15:34:44.038  2255  2255 D ethctrlmgr: executeSwitchCmd(): response available for requested command 
04-18 15:34:44.038  2255  2255 V ethctrlmgr: executeSwitchCmd:completion time:1.531376 msec 
04-18 15:34:44.038  2255  2255 D ethctrlmgr: readBcmRaw(): SPI read command execution successful
04-18 15:34:44.038  2255  2255 D ethctrlmgr: SPI Read Bytes:
04-18 15:34:44.038  2255  2255 D ethctrlmgr: ff 
04-18 15:34:44.038  2255  2255 D ethctrlmgr: ff 
04-18 15:34:44.038  2255  2255 D ethctrlmgr: ff 
04-18 15:34:44.038  2255  2255 D ethctrlmgr: ff 
04-18 15:34:44.038  2255  2255 D ethctrlmgr: ff 
04-18 15:34:44.038  2255  2255 D ethctrlmgr: 00 
04-18 15:34:44.038  2255  2255 D ethctrlmgr: 00 
04-18 15:34:44.038  2255  2255 D ethctrlmgr: 00 
04-18 15:34:44.038  2255  2255 D ethctrlmgr: 08 
04-18 15:34:44.038  2255  2255 D ethctrlmgr: 00 
04-18 15:34:44.038  2255  2255 D ethctrlmgr: 00 
04-18 15:34:44.038  2255  2255 D ethctrlmgr: 00 
04-18 15:34:44.038  2255  2255 D ethctrlmgr: 00 
04-18 15:34:44.038  2255  2255 D ethctrlmgr: 00 
04-18 15:34:44.038  2255  2255 D ethctrlmgr: 00
04-18 15:34:44.038  2255  2255 D ethctrlmgr: SPI read cmd in hex:0x
04-18 15:34:44.038  2255  2255 D ethctrlmgr: 05 
04-18 15:34:44.038  2255  2255 D ethctrlmgr: 09 
04-18 15:34:44.038  2255  2255 D ethctrlmgr: 8f 
04-18 15:34:44.038  2255  2255 D ethctrlmgr: ff 
04-18 15:34:44.038  2255  2255 D ethctrlmgr: c0 
04-18 15:34:44.039  2255  2255 D ethctrlmgr: 00 
04-18 15:34:44.039  2255  2255 D ethctrlmgr: 00 
04-18 15:34:44.039  2255  2255 D ethctrlmgr: 00 
04-18 15:34:44.039  2255  2255 D ethctrlmgr: 00 
04-18 15:34:44.039  2255  2255 D ethctrlmgr: data len to send over IPC is:17
04-18 15:34:44.039  2255  2255 D ethctrlmgr: executeSwitchCmd:sent cmd req 17 bytes
04-18 15:34:44.039  2255  2255 D ethctrlmgr: executeSwitchCmd() diag command waiting for response from server 
04-18 15:34:44.040  2255  2295 V ethctrlmgr: readDataFromIocIpc():data avlbl from ioc ipc
04-18 15:34:44.040  2255  2295 D ethctrlmgr: readDataFromIocIpc():read data from IOC IPC
04-18 15:34:44.040  2255  2295 D ethctrlmgr: readDataFromIocIpc spawned. Waiting to read data
04-18 15:34:44.040  2255  2255 D ethctrlmgr:  executeSwitchCmd(): pthread_cond_timedwait Ret Val = 0  
04-18 15:34:44.040  2255  2255 D ethctrlmgr: executeSwitchCmd(): response available for requested command 
04-18 15:34:44.040  2255  2255 V ethctrlmgr: executeSwitchCmd:completion time:1.559061 msec 
04-18 15:34:44.040  2255  2255 D ethctrlmgr: readBcmRaw(): SPI read command execution successful
04-18 15:34:44.040  2255  2255 D ethctrlmgr: SPI Read Bytes:
04-18 15:34:44.040  2255  2255 D ethctrlmgr: ff 
04-18 15:34:44.040  2255  2255 D ethctrlmgr: ff 
04-18 15:34:44.040  2255  2255 D ethctrlmgr: ff 
04-18 15:34:44.040  2255  2255 D ethctrlmgr: ff 
04-18 15:34:44.040  2255  2255 D ethctrlmgr: ff 
04-18 15:34:44.040  2255  2255 D ethctrlmgr: 00 
04-18 15:34:44.040  2255  2255 D ethctrlmgr: 00 
04-18 15:34:44.040  2255  2255 D ethctrlmgr: 02 
04-18 15:34:44.040  2255  2255 D ethctrlmgr: 00 
04-18 15:34:44.040  2255  2255 D ethctrlmgr: 00 
04-18 15:34:44.040  2255  2255 D ethctrlmgr: 00 
04-18 15:34:44.040  2255  2255 D ethctrlmgr: 00 
04-18 15:34:44.040  2255  2255 D ethctrlmgr: 00 
04-18 15:34:44.040  2255  2255 D ethctrlmgr: 00 
04-18 15:34:44.040  2255  2255 D ethctrlmgr: 00
04-18 15:34:44.040  2255  2255 V ethctrlmgr: iocIpcFd : 4  len : 2
04-18 15:34:44.040  2255  2255 D ethctrlmgr: SPI command len is:7
04-18 15:34:44.040  2255  2255 D ethctrlmgr: SPI write cmd in hex:0x
04-18 15:34:44.040  2255  2255 D ethctrlmgr: 21  
04-18 15:34:44.040  2255  2255 D ethctrlmgr: 09  
04-18 15:34:44.040  2255  2255 D ethctrlmgr: 8f  
04-18 15:34:44.040  2255  2255 D ethctrlmgr: 25  
04-18 15:34:44.040  2255  2255 D ethctrlmgr: 40  
04-18 15:34:44.040  2255  2255 D ethctrlmgr: 00  
04-18 15:34:44.040  2255  2255 D ethctrlmgr: 00  
04-18 15:34:44.040  2255  2255 D ethctrlmgr: data len to send IPC is 15
04-18 15:34:44.040  2255  2255 D ethctrlmgr: executeSwitchCmd:sent cmd req 15 bytes
04-18 15:34:44.040  2255  2255 D ethctrlmgr: executeSwitchCmd() diag command waiting for response from server 
04-18 15:34:44.042  2255  2295 V ethctrlmgr: readDataFromIocIpc():data avlbl from ioc ipc
04-18 15:34:44.042  2255  2295 D ethctrlmgr: readDataFromIocIpc():read data from IOC IPC
04-18 15:34:44.042  2255  2295 D ethctrlmgr: readDataFromIocIpc spawned. Waiting to read data
04-18 15:34:44.042  2255  2255 D ethctrlmgr:  executeSwitchCmd(): pthread_cond_timedwait Ret Val = 0  
04-18 15:34:44.042  2255  2255 D ethctrlmgr: executeSwitchCmd(): response available for requested command 
04-18 15:34:44.042  2255  2255 V ethctrlmgr: executeSwitchCmd:completion time:1.340675 msec 
04-18 15:34:44.042  2255  2255 D ethctrlmgr: SPI write command execution successful
04-18 15:34:44.042  2255  2255 D ethctrlmgr: read success data bytes:0
04-18 15:34:44.042  2255  2255 D ethctrlmgr: SPI Read Bytes in hex:
04-18 15:34:44.042  2255  2255 V ethctrlmgr: iocIpcFd : 4  len : 2
04-18 15:34:44.042  2255  2255 D ethctrlmgr: SPI command len is:7
04-18 15:34:44.042  2255  2255 D ethctrlmgr: SPI write cmd in hex:0x
04-18 15:34:44.042  2255  2255 D ethctrlmgr: 21  
04-18 15:34:44.042  2255  2255 D ethctrlmgr: 09  
04-18 15:34:44.042  2255  2255 D ethctrlmgr: 8f  
04-18 15:34:44.042  2255  2255 D ethctrlmgr: 25  
04-18 15:34:44.042  2255  2255 D ethctrlmgr: 4e  
04-18 15:34:44.042  2255  2255 D ethctrlmgr: a0  
04-18 15:34:44.042  2255  2255 D ethctrlmgr: 1a  
04-18 15:34:44.042  2255  2255 D ethctrlmgr: data len to send IPC is 15
04-18 15:34:44.042  2255  2255 D ethctrlmgr: executeSwitchCmd:sent cmd req 15 bytes
04-18 15:34:44.043  2255  2255 D ethctrlmgr: executeSwitchCmd() diag command waiting for response from server 
04-18 15:34:44.044  2255  2295 V ethctrlmgr: readDataFromIocIpc():data avlbl from ioc ipc
04-18 15:34:44.044  2255  2295 D ethctrlmgr: readDataFromIocIpc():read data from IOC IPC
04-18 15:34:44.044  2255  2295 D ethctrlmgr: readDataFromIocIpc spawned. Waiting to read data
04-18 15:34:44.044  2255  2255 D ethctrlmgr:  executeSwitchCmd(): pthread_cond_timedwait Ret Val = 0  
04-18 15:34:44.044  2255  2255 D ethctrlmgr: executeSwitchCmd(): response available for requested command 
04-18 15:34:44.044  2255  2255 V ethctrlmgr: executeSwitchCmd:completion time:2.283109 msec 
04-18 15:34:44.044  2255  2255 D ethctrlmgr: SPI write command execution successful
04-18 15:34:44.044  2255  2255 D ethctrlmgr: read success data bytes:0
04-18 15:34:44.044  2255  2255 D ethctrlmgr: SPI Read Bytes in hex:
04-18 15:34:44.044  2255  2255 V ethctrlmgr: iocIpcFd : 4  len : 2
04-18 15:34:44.044  2255  2255 D ethctrlmgr: SPI command len is:7
04-18 15:34:44.044  2255  2255 D ethctrlmgr: SPI write cmd in hex:0x
04-18 15:34:44.044  2255  2255 D ethctrlmgr: 21  
04-18 15:34:44.044  2255  2255 D ethctrlmgr: 09  
04-18 15:34:44.044  2255  2255 D ethctrlmgr: 8f  
04-18 15:34:44.044  2255  2255 D ethctrlmgr: 25  
04-18 15:34:44.044  2255  2255 D ethctrlmgr: 50  
04-18 15:34:44.044  2255  2255 D ethctrlmgr: 00  
04-18 15:34:44.044  2255  2255 D ethctrlmgr: 00  
04-18 15:34:44.044  2255  2255 D ethctrlmgr: data len to send IPC is 15
04-18 15:34:44.044  2255  2255 D ethctrlmgr: executeSwitchCmd:sent cmd req 15 bytes
04-18 15:34:44.044  2255  2255 D ethctrlmgr: executeSwitchCmd() diag command waiting for response from server 
04-18 15:34:44.046  2255  2295 V ethctrlmgr: readDataFromIocIpc():data avlbl from ioc ipc
04-18 15:34:44.046  2255  2295 D ethctrlmgr: readDataFromIocIpc():read data from IOC IPC
04-18 15:34:44.046  2255  2295 D ethctrlmgr: readDataFromIocIpc spawned. Waiting to read data
04-18 15:34:44.047  2255  2255 D ethctrlmgr:  executeSwitchCmd(): pthread_cond_timedwait Ret Val = 0  
04-18 15:34:44.047  2255  2255 D ethctrlmgr: executeSwitchCmd(): response available for requested command 
04-18 15:34:44.047  2255  2255 V ethctrlmgr: executeSwitchCmd:completion time:2.380865 msec 
04-18 15:34:44.047  2255  2255 D ethctrlmgr: SPI write command execution successful
04-18 15:34:44.047  2255  2255 D ethctrlmgr: read success data bytes:0
04-18 15:34:44.047  2255  2255 D ethctrlmgr: SPI Read Bytes in hex:
04-18 15:34:44.047  2255  2255 V ethctrlmgr: iocIpcFd : 4  len : 2
04-18 15:34:44.047  2255  2255 D ethctrlmgr: SPI command len is:7
04-18 15:34:44.047  2255  2255 D ethctrlmgr: SPI write cmd in hex:0x
04-18 15:34:44.047  2255  2255 D ethctrlmgr: 21  
04-18 15:34:44.047  2255  2255 D ethctrlmgr: 09  
04-18 15:34:44.047  2255  2255 D ethctrlmgr: 8f  
04-18 15:34:44.047  2255  2255 D ethctrlmgr: 25  
04-18 15:34:44.047  2255  2255 D ethctrlmgr: 52  
04-18 15:34:44.047  2255  2255 D ethctrlmgr: 00  
04-18 15:34:44.047  2255  2255 D ethctrlmgr: ef  
04-18 15:34:44.047  2255  2255 D ethctrlmgr: data len to send IPC is 15
