04-18 15:34:44.150  2255  2255 D ethctrlmgr: data len to send IPC is 15
04-18 15:34:44.150  2255  2255 D ethctrlmgr: executeSwitchCmd:sent cmd req 15 bytes
04-18 15:34:44.150  2255  2255 D ethctrlmgr: executeSwitchCmd() diag command waiting for response from server 
04-18 15:34:44.151  2255  2295 V ethctrlmgr: readDataFromIocIpc():data avlbl from ioc ipc
04-18 15:34:44.151  2255  2295 D ethctrlmgr: readDataFromIocIpc():read data from IOC IPC
04-18 15:34:44.151  2255  2295 D ethctrlmgr: readDataFromIocIpc spawned. Waiting to read data
04-18 15:34:44.151  2255  2255 D ethctrlmgr:  executeSwitchCmd(): pthread_cond_timedwait Ret Val = 0  
04-18 15:34:44.151  2255  2255 D ethctrlmgr: executeSwitchCmd(): response available for requested command 
04-18 15:34:44.151  2255  2255 V ethctrlmgr: executeSwitchCmd:completion time:1.411405 msec 
04-18 15:34:44.151  2255  2255 D ethctrlmgr: SPI write command execution successful
04-18 15:34:44.151  2255  2255 D ethctrlmgr: read success data bytes:0
04-18 15:34:44.151  2255  2255 D ethctrlmgr: SPI Read Bytes in hex:
04-18 15:34:44.151  2255  2255 D ethctrlmgr: SPI read cmd in hex:0x
04-18 15:34:44.151  2255  2255 D ethctrlmgr: 05 
04-18 15:34:44.151  2255  2255 D ethctrlmgr: 09 
04-18 15:34:44.151  2255  2255 D ethctrlmgr: 8f 
04-18 15:34:44.151  2255  2255 D ethctrlmgr: 25 
04-18 15:34:44.151  2255  2255 D ethctrlmgr: 40 
04-18 15:34:44.151  2255  2255 D ethctrlmgr: 00 
04-18 15:34:44.152  2255  2255 D ethctrlmgr: 00 
04-18 15:34:44.152  2255  2255 D ethctrlmgr: 00 
04-18 15:34:44.152  2255  2255 D ethctrlmgr: 00 
04-18 15:34:44.152  2255  2255 D ethctrlmgr: data len to send over IPC is:17
04-18 15:34:44.152  2255  2255 D ethctrlmgr: executeSwitchCmd:sent cmd req 17 bytes
04-18 15:34:44.152  2255  2255 D ethctrlmgr: executeSwitchCmd() diag command waiting for response from server 
04-18 15:34:44.153  2255  2295 V ethctrlmgr: readDataFromIocIpc():data avlbl from ioc ipc
04-18 15:34:44.153  2255  2295 D ethctrlmgr: readDataFromIocIpc():read data from IOC IPC
04-18 15:34:44.153  2255  2295 D ethctrlmgr: readDataFromIocIpc spawned. Waiting to read data
04-18 15:34:44.153  2255  2255 D ethctrlmgr:  executeSwitchCmd(): pthread_cond_timedwait Ret Val = 0  
04-18 15:34:44.153  2255  2255 D ethctrlmgr: executeSwitchCmd(): response available for requested command 
04-18 15:34:44.153  2255  2255 V ethctrlmgr: executeSwitchCmd:completion time:1.606898 msec 
04-18 15:34:44.153  2255  2255 D ethctrlmgr: readBcmRaw(): SPI read command execution successful
04-18 15:34:44.153  2255  2255 D ethctrlmgr: SPI Read Bytes:
04-18 15:34:44.153  2255  2255 D ethctrlmgr: ff 
04-18 15:34:44.153  2255  2255 D ethctrlmgr: ff 
04-18 15:34:44.153  2255  2255 D ethctrlmgr: ff 
04-18 15:34:44.153  2255  2255 D ethctrlmgr: ff 
04-18 15:34:44.153  2255  2255 D ethctrlmgr: ff 
04-18 15:34:44.153  2255  2255 D ethctrlmgr: 00 
04-18 15:34:44.153  2255  2255 D ethctrlmgr: 00 
04-18 15:34:44.153  2255  2255 D ethctrlmgr: 28 
04-18 15:34:44.153  2255  2255 D ethctrlmgr: 08 
04-18 15:34:44.153  2255  2255 D ethctrlmgr: 00 
04-18 15:34:44.153  2255  2255 D ethctrlmgr: 00 
04-18 15:34:44.153  2255  2255 D ethctrlmgr: 00 
04-18 15:34:44.153  2255  2255 D ethctrlmgr: 00 
04-18 15:34:44.153  2255  2255 D ethctrlmgr: 00 
04-18 15:34:44.153  2255  2255 D ethctrlmgr: 00
04-18 15:34:44.153  2255  2255 D ethctrlmgr: SPI read cmd in hex:0x
04-18 15:34:44.153  2255  2255 D ethctrlmgr: 05 
04-18 15:34:44.153  2255  2255 D ethctrlmgr: 09 
04-18 15:34:44.153  2255  2255 D ethctrlmgr: 8f 
04-18 15:34:44.153  2255  2255 D ethctrlmgr: 25 
04-18 15:34:44.153  2255  2255 D ethctrlmgr: 42 
04-18 15:34:44.153  2255  2255 D ethctrlmgr: 00 
04-18 15:34:44.153  2255  2255 D ethctrlmgr: 00 
04-18 15:34:44.153  2255  2255 D ethctrlmgr: 00 
04-18 15:34:44.153  2255  2255 D ethctrlmgr: 00 
04-18 15:34:44.153  2255  2255 D ethctrlmgr: data len to send over IPC is:17
04-18 15:34:44.153  2255  2255 D ethctrlmgr: executeSwitchCmd:sent cmd req 17 bytes
04-18 15:34:44.153  2255  2255 D ethctrlmgr: executeSwitchCmd() diag command waiting for response from server 
04-18 15:34:44.155  2255  2295 V ethctrlmgr: readDataFromIocIpc():data avlbl from ioc ipc
04-18 15:34:44.155  2255  2295 D ethctrlmgr: readDataFromIocIpc():read data from IOC IPC
04-18 15:34:44.155  2255  2255 D ethctrlmgr:  executeSwitchCmd(): pthread_cond_timedwait Ret Val = 0  
04-18 15:34:44.155  2255  2255 D ethctrlmgr: executeSwitchCmd(): response available for requested command 
04-18 15:34:44.155  2255  2255 V ethctrlmgr: executeSwitchCmd:completion time:1.623197 msec 
04-18 15:34:44.155  2255  2255 D ethctrlmgr: readBcmRaw(): SPI read command execution successful
04-18 15:34:44.155  2255  2255 D ethctrlmgr: SPI Read Bytes:
04-18 15:34:44.155  2255  2295 D ethctrlmgr: readDataFromIocIpc spawned. Waiting to read data
04-18 15:34:44.155  2255  2255 D ethctrlmgr: ff 
04-18 15:34:44.155  2255  2255 D ethctrlmgr: ff 
04-18 15:34:44.155  2255  2255 D ethctrlmgr: ff 
04-18 15:34:44.155  2255  2255 D ethctrlmgr: ff 
04-18 15:34:44.155  2255  2255 D ethctrlmgr: ff 
04-18 15:34:44.155  2255  2255 D ethctrlmgr: 00 
04-18 15:34:44.155  2255  2255 D ethctrlmgr: 00 
04-18 15:34:44.155  2255  2255 D ethctrlmgr: 00 
04-18 15:34:44.155  2255  2255 D ethctrlmgr: 00 
04-18 15:34:44.155  2255  2255 D ethctrlmgr: 00 
04-18 15:34:44.155  2255  2255 D ethctrlmgr: 00 
04-18 15:34:44.155  2255  2255 D ethctrlmgr: 00 
04-18 15:34:44.155  2255  2255 D ethctrlmgr: 00 
04-18 15:34:44.155  2255  2255 D ethctrlmgr: 00 
04-18 15:34:44.155  2255  2255 D ethctrlmgr: 00
04-18 15:34:44.155  2255  2255 D ethctrlmgr: SPI read cmd in hex:0x
04-18 15:34:44.155  2255  2255 D ethctrlmgr: 05 
04-18 15:34:44.155  2255  2255 D ethctrlmgr: 09 
04-18 15:34:44.155  2255  2255 D ethctrlmgr: 8f 
04-18 15:34:44.155  2255  2255 D ethctrlmgr: 25 
04-18 15:34:44.155  2255  2255 D ethctrlmgr: 44 
04-18 15:34:44.155  2255  2255 D ethctrlmgr: 00 
04-18 15:34:44.155  2255  2255 D ethctrlmgr: 00 
04-18 15:34:44.155  2255  2255 D ethctrlmgr: 00 
04-18 15:34:44.155  2255  2255 D ethctrlmgr: 00 
04-18 15:34:44.155  2255  2255 D ethctrlmgr: data len to send over IPC is:17
04-18 15:34:44.155  2255  2255 D ethctrlmgr: executeSwitchCmd:sent cmd req 17 bytes
04-18 15:34:44.155  2255  2255 D ethctrlmgr: executeSwitchCmd() diag command waiting for response from server 
04-18 15:34:44.157  2255  2295 V ethctrlmgr: readDataFromIocIpc():data avlbl from ioc ipc
04-18 15:34:44.157  2255  2295 D ethctrlmgr: readDataFromIocIpc():read data from IOC IPC
04-18 15:34:44.157  2255  2295 D ethctrlmgr: readDataFromIocIpc spawned. Waiting to read data
04-18 15:34:44.157  2255  2255 D ethctrlmgr:  executeSwitchCmd(): pthread_cond_timedwait Ret Val = 0  
04-18 15:34:44.157  2255  2255 D ethctrlmgr: executeSwitchCmd(): response available for requested command 
04-18 15:34:44.157  2255  2255 V ethctrlmgr: executeSwitchCmd:completion time:1.534974 msec 
04-18 15:34:44.157  2255  2255 D ethctrlmgr: readBcmRaw(): SPI read command execution successful
04-18 15:34:44.157  2255  2255 D ethctrlmgr: SPI Read Bytes:
04-18 15:34:44.157  2255  2255 D ethctrlmgr: ff 
04-18 15:34:44.157  2255  2255 D ethctrlmgr: ff 
04-18 15:34:44.157  2255  2255 D ethctrlmgr: ff 
04-18 15:34:44.157  2255  2255 D ethctrlmgr: ff 
04-18 15:34:44.157  2255  2255 D ethctrlmgr: ff 
04-18 15:34:44.157  2255  2255 D ethctrlmgr: 00 
04-18 15:34:44.157  2255  2255 D ethctrlmgr: 00 
04-18 15:34:44.157  2255  2255 D ethctrlmgr: ff 
04-18 15:34:44.157  2255  2255 D ethctrlmgr: ff 
04-18 15:34:44.157  2255  2255 D ethctrlmgr: 00 
04-18 15:34:44.157  2255  2255 D ethctrlmgr: 00 
04-18 15:34:44.157  2255  2255 D ethctrlmgr: 00 
04-18 15:34:44.157  2255  2255 D ethctrlmgr: 00 
04-18 15:34:44.157  2255  2255 D ethctrlmgr: 00 
04-18 15:34:44.157  2255  2255 D ethctrlmgr: 00
04-18 15:34:44.157  2255  2255 D ethctrlmgr: SPI read cmd in hex:0x
04-18 15:34:44.157  2255  2255 D ethctrlmgr: 05 
04-18 15:34:44.157  2255  2255 D ethctrlmgr: 09 
04-18 15:34:44.157  2255  2255 D ethctrlmgr: 8f 
04-18 15:34:44.157  2255  2255 D ethctrlmgr: 25 
04-18 15:34:44.157  2255  2255 D ethctrlmgr: 46 
04-18 15:34:44.157  2255  2255 D ethctrlmgr: 00 
04-18 15:34:44.157  2255  2255 D ethctrlmgr: 00 
04-18 15:34:44.157  2255  2255 D ethctrlmgr: 00 
04-18 15:34:44.157  2255  2255 D ethctrlmgr: 00 
04-18 15:34:44.157  2255  2255 D ethctrlmgr: data len to send over IPC is:17
04-18 15:34:44.157  2255  2255 D ethctrlmgr: executeSwitchCmd:sent cmd req 17 bytes
04-18 15:34:44.157  2255  2255 D ethctrlmgr: executeSwitchCmd() diag command waiting for response from server 
04-18 15:34:44.159  2255  2295 V ethctrlmgr: readDataFromIocIpc():data avlbl from ioc ipc
04-18 15:34:44.159  2255  2295 D ethctrlmgr: readDataFromIocIpc():read data from IOC IPC
04-18 15:34:44.159  2255  2295 D ethctrlmgr: readDataFromIocIpc spawned. Waiting to read data
04-18 15:34:44.159  2255  2255 D ethctrlmgr:  executeSwitchCmd(): pthread_cond_timedwait Ret Val = 0  
04-18 15:34:44.159  2255  2255 D ethctrlmgr: executeSwitchCmd(): response available for requested command 
04-18 15:34:44.159  2255  2255 V ethctrlmgr: executeSwitchCmd:completion time:1.853482 msec 
04-18 15:34:44.159  2255  2255 D ethctrlmgr: readBcmRaw(): SPI read command execution successful
04-18 15:34:44.159  2255  2255 D ethctrlmgr: SPI Read Bytes:
04-18 15:34:44.159  2255  2255 D ethctrlmgr: ff 
04-18 15:34:44.159  2255  2255 D ethctrlmgr: ff 
04-18 15:34:44.159  2255  2255 D ethctrlmgr: ff 
04-18 15:34:44.159  2255  2255 D ethctrlmgr: ff 
04-18 15:34:44.159  2255  2255 D ethctrlmgr: ff 
04-18 15:34:44.159  2255  2255 D ethctrlmgr: 80 
04-18 15:34:44.159  2255  2255 D ethctrlmgr: 00 
04-18 15:34:44.159  2255  2255 D ethctrlmgr: 00 
04-18 15:34:44.159  2255  2255 D ethctrlmgr: 00 
04-18 15:34:44.159  2255  2255 D ethctrlmgr: 00 
04-18 15:34:44.159  2255  2255 D ethctrlmgr: 00 
04-18 15:34:44.159  2255  2255 D ethctrlmgr: 00 
04-18 15:34:44.159  2255  2255 D ethctrlmgr: 00 
04-18 15:34:44.159  2255  2255 D ethctrlmgr: 00 
04-18 15:34:44.159  2255  2255 D ethctrlmgr: 00
04-18 15:34:44.159  2255  2255 D ethctrlmgr: SPI read cmd in hex:0x
04-18 15:34:44.159  2255  2255 D ethctrlmgr: 05 
04-18 15:34:44.159  2255  2255 D ethctrlmgr: 09 
04-18 15:34:44.159  2255  2255 D ethctrlmgr: 8f 
04-18 15:34:44.159  2255  2255 D ethctrlmgr: 25 
04-18 15:34:44.159  2255  2255 D ethctrlmgr: 48 
04-18 15:34:44.159  2255  2255 D ethctrlmgr: 00 
04-18 15:34:44.159  2255  2255 D ethctrlmgr: 00 
04-18 15:34:44.159  2255  2255 D ethctrlmgr: 00 
04-18 15:34:44.159  2255  2255 D ethctrlmgr: 00 
04-18 15:34:44.159  2255  2255 D ethctrlmgr: data len to send over IPC is:17
04-18 15:34:44.159  2255  2255 D ethctrlmgr: executeSwitchCmd:sent cmd req 17 bytes
04-18 15:34:44.159  2255  2255 D ethctrlmgr: executeSwitchCmd() diag command waiting for response from server 
04-18 15:34:44.161  2255  2295 V ethctrlmgr: readDataFromIocIpc():data avlbl from ioc ipc
04-18 15:34:44.161  2255  2295 D ethctrlmgr: readDataFromIocIpc():read data from IOC IPC
04-18 15:34:44.161  2255  2295 D ethctrlmgr: readDataFromIocIpc spawned. Waiting to read data
04-18 15:34:44.161  2255  2255 D ethctrlmgr:  executeSwitchCmd(): pthread_cond_timedwait Ret Val = 0  
04-18 15:34:44.161  2255  2255 D ethctrlmgr: executeSwitchCmd(): response available for requested command 
04-18 15:34:44.161  2255  2255 V ethctrlmgr: executeSwitchCmd:completion time:1.574561 msec 
04-18 15:34:44.161  2255  2255 D ethctrlmgr: readBcmRaw(): SPI read command execution successful
04-18 15:34:44.161  2255  2255 D ethctrlmgr: SPI Read Bytes:
04-18 15:34:44.161  2255  2255 D ethctrlmgr: ff 
04-18 15:34:44.161  2255  2255 D ethctrlmgr: ff 
04-18 15:34:44.161  2255  2255 D ethctrlmgr: ff 
04-18 15:34:44.161  2255  2255 D ethctrlmgr: ff 
04-18 15:34:44.161  2255  2255 D ethctrlmgr: ff 
04-18 15:34:44.161  2255  2255 D ethctrlmgr: 00 
04-18 15:34:44.161  2255  2255 D ethctrlmgr: 00 
04-18 15:34:44.161  2255  2255 D ethctrlmgr: 03 
04-18 15:34:44.161  2255  2255 D ethctrlmgr: ff 
04-18 15:34:44.161  2255  2255 D ethctrlmgr: 00 
04-18 15:34:44.161  2255  2255 D ethctrlmgr: 00 
04-18 15:34:44.161  2255  2255 D ethctrlmgr: 00 
04-18 15:34:44.161  2255  2255 D ethctrlmgr: 00 
04-18 15:34:44.161  2255  2255 D ethctrlmgr: 00 
04-18 15:34:44.161  2255  2255 D ethctrlmgr: 00
04-18 15:34:44.161  2255  2255 D ethctrlmgr: SPI read cmd in hex:0x
04-18 15:34:44.161  2255  2255 D ethctrlmgr: 05 
04-18 15:34:44.161  2255  2255 D ethctrlmgr: 09 
04-18 15:34:44.161  2255  2255 D ethctrlmgr: 8f 
04-18 15:34:44.161  2255  2255 D ethctrlmgr: 25 
04-18 15:34:44.161  2255  2255 D ethctrlmgr: 4a 
04-18 15:34:44.161  2255  2255 D ethctrlmgr: 00 
04-18 15:34:44.161  2255  2255 D ethctrlmgr: 00 
04-18 15:34:44.161  2255  2255 D ethctrlmgr: 00 
04-18 15:34:44.161  2255  2255 D ethctrlmgr: 00 
04-18 15:34:44.161  2255  2255 D ethctrlmgr: data len to send over IPC is:17
04-18 15:34:44.161  2255  2255 D ethctrlmgr: executeSwitchCmd:sent cmd req 17 bytes
04-18 15:34:44.161  2255  2255 D ethctrlmgr: executeSwitchCmd() diag command waiting for response from server 
04-18 15:34:44.163  2255  2295 V ethctrlmgr: readDataFromIocIpc():data avlbl from ioc ipc
04-18 15:34:44.163  2255  2295 D ethctrlmgr: readDataFromIocIpc():read data from IOC IPC
04-18 15:34:44.163  2255  2295 D ethctrlmgr: readDataFromIocIpc spawned. Waiting to read data
04-18 15:34:44.163  2255  2255 D ethctrlmgr:  executeSwitchCmd(): pthread_cond_timedwait Ret Val = 0  
04-18 15:34:44.163  2255  2255 D ethctrlmgr: executeSwitchCmd(): response available for requested command 
04-18 15:34:44.163  2255  2255 V ethctrlmgr: executeSwitchCmd:completion time:1.725597 msec 
04-18 15:34:44.163  2255  2255 D ethctrlmgr: readBcmRaw(): SPI read command execution successful
04-18 15:34:44.163  2255  2255 D ethctrlmgr: SPI Read Bytes:
04-18 15:34:44.163  2255  2255 D ethctrlmgr: ff 
04-18 15:34:44.163  2255  2255 D ethctrlmgr: ff 
04-18 15:34:44.163  2255  2255 D ethctrlmgr: ff 
04-18 15:34:44.163  2255  2255 D ethctrlmgr: ff 
04-18 15:34:44.163  2255  2255 D ethctrlmgr: ff 
04-18 15:34:44.163  2255  2255 D ethctrlmgr: 00 
04-18 15:34:44.163  2255  2255 D ethctrlmgr: 00 
04-18 15:34:44.163  2255  2255 D ethctrlmgr: 00 
04-18 15:34:44.163  2255  2255 D ethctrlmgr: 00 
04-18 15:34:44.163  2255  2255 D ethctrlmgr: 00 
04-18 15:34:44.163  2255  2255 D ethctrlmgr: 00 
04-18 15:34:44.163  2255  2255 D ethctrlmgr: 00 
04-18 15:34:44.163  2255  2255 D ethctrlmgr: 00 
04-18 15:34:44.163  2255  2255 D ethctrlmgr: 00 
04-18 15:34:44.163  2255  2255 D ethctrlmgr: 00
04-18 15:34:44.163  2255  2255 D ethctrlmgr: SPI read cmd in hex:0x
04-18 15:34:44.163  2255  2255 D ethctrlmgr: 05 
04-18 15:34:44.163  2255  2255 D ethctrlmgr: 09 
04-18 15:34:44.163  2255  2255 D ethctrlmgr: 8f 
04-18 15:34:44.163  2255  2255 D ethctrlmgr: 25 
04-18 15:34:44.163  2255  2255 D ethctrlmgr: 4c 
04-18 15:34:44.163  2255  2255 D ethctrlmgr: 00 
04-18 15:34:44.163  2255  2255 D ethctrlmgr: 00 
04-18 15:34:44.163  2255  2255 D ethctrlmgr: 00 
04-18 15:34:44.163  2255  2255 D ethctrlmgr: 00 
04-18 15:34:44.163  2255  2255 D ethctrlmgr: data len to send over IPC is:17
04-18 15:34:44.163  2255  2255 D ethctrlmgr: executeSwitchCmd:sent cmd req 17 bytes
04-18 15:34:44.163  2255  2255 D ethctrlmgr: executeSwitchCmd() diag command waiting for response from server 
04-18 15:34:44.164  2255  2295 V ethctrlmgr: readDataFromIocIpc():data avlbl from ioc ipc
04-18 15:34:44.164  2255  2295 D ethctrlmgr: readDataFromIocIpc():read data from IOC IPC
04-18 15:34:44.164  2255  2295 D ethctrlmgr: readDataFromIocIpc spawned. Waiting to read data
04-18 15:34:44.165  2255  2255 D ethctrlmgr:  executeSwitchCmd(): pthread_cond_timedwait Ret Val = 0  
04-18 15:34:44.165  2255  2255 D ethctrlmgr: executeSwitchCmd(): response available for requested command 
04-18 15:34:44.165  2255  2255 V ethctrlmgr: executeSwitchCmd:completion time:1.516596 msec 
04-18 15:34:44.165  2255  2255 D ethctrlmgr: readBcmRaw(): SPI read command execution successful
04-18 15:34:44.165  2255  2255 D ethctrlmgr: SPI Read Bytes:
04-18 15:34:44.165  2255  2255 D ethctrlmgr: ff 
04-18 15:34:44.165  2255  2255 D ethctrlmgr: ff 
04-18 15:34:44.165  2255  2255 D ethctrlmgr: ff 
04-18 15:34:44.165  2255  2255 D ethctrlmgr: ff 
04-18 15:34:44.165  2255  2255 D ethctrlmgr: ff 
04-18 15:34:44.165  2255  2255 D ethctrlmgr: 00 
04-18 15:34:44.165  2255  2255 D ethctrlmgr: 00 
04-18 15:34:44.165  2255  2255 D ethctrlmgr: 03 
04-18 15:34:44.165  2255  2255 D ethctrlmgr: ff 
04-18 15:34:44.165  2255  2255 D ethctrlmgr: 00 
04-18 15:34:44.165  2255  2255 D ethctrlmgr: 00 
04-18 15:34:44.165  2255  2255 D ethctrlmgr: 00 
04-18 15:34:44.165  2255  2255 D ethctrlmgr: 00 
04-18 15:34:44.165  2255  2255 D ethctrlmgr: 00 
04-18 15:34:44.165  2255  2255 D ethctrlmgr: 00
04-18 15:34:44.165  2255  2255 D ethctrlmgr: port=2 expC C0=2808 C1=0000 C2=ffff C3=0000 C4=03ff C5=0000 C6=03ff
04-18 15:34:44.250  1964  2128 E vehicle_abstraction: setIPCReadGlobalAGroupSignalData Signal not found (groupSignal = 0x80F8) 
04-18 15:34:44.272  2247  2247 D GM_PROTO_KEY: detected security state preboot
04-18 15:34:44.276  2248  2248 D GMSecurity: waiting for preboot complete
04-18 15:34:44.291  2248  2299 D GMSecurity: waiting for boot complete
04-18 15:34:44.426  1964  2128 E vehicle_abstraction: CGlobalASignalMappings::signalInfoForAbstractionSignalID unmapped  abstractionID 4359
04-18 15:34:44.451  1964  2128 E vehicle_abstraction: setIPCReadGlobalAGroupSignalData Signal not found (groupSignal = 0x80F8) 
04-18 15:34:44.451  1964  2128 E vehicle_abstraction: setIPCReadGlobalAGroupSignalData Signal not found (groupSignal = 0x80F9) 
04-18 15:34:44.451  1964  2128 E vehicle_abstraction: setIPCReadGlobalAGroupSignalData Signal not found (groupSignal = 0x80FA) 
04-18 15:34:44.570  2171  2208 I lvds_device: setAuxBrightness MSB :0x05 LSB: 0xe8
04-18 15:34:44.572  2171  2208 I lvds_device: Msg : 0xb1 0x40 0xb 0x4d 0x40 0x32 0x5 0xe8
04-18 15:34:44.651  1964  2128 E vehicle_abstraction: setIPCReadGlobalAGroupSignalData Signal not found (groupSignal = 0x80F8) 
04-18 15:34:44.651  1964  2128 E vehicle_abstraction: setIPCReadGlobalAGroupSignalData Signal not found (groupSignal = 0x80F9) 
04-18 15:34:44.651  1964  2128 E vehicle_abstraction: setIPCReadGlobalAGroupSignalData Signal not found (groupSignal = 0x80FA) 
04-18 15:34:44.665  2255  2255 D ethctrlmgr: SPI read cmd in hex:0x
04-18 15:34:44.665  2255  2255 D ethctrlmgr: 05 
04-18 15:34:44.665  2255  2255 D ethctrlmgr: 09 
04-18 15:34:44.665  2255  2255 D ethctrlmgr: 8f 
04-18 15:34:44.665  2255  2255 D ethctrlmgr: 25 
04-18 15:34:44.665  2255  2255 D ethctrlmgr: 40 
04-18 15:34:44.665  2255  2255 D ethctrlmgr: 00 
04-18 15:34:44.665  2255  2255 D ethctrlmgr: 00 
04-18 15:34:44.665  2255  2255 D ethctrlmgr: 00 
04-18 15:34:44.665  2255  2255 D ethctrlmgr: 00 
04-18 15:34:44.665  2255  2255 D ethctrlmgr: data len to send over IPC is:17
04-18 15:34:44.665  2255  2255 D ethctrlmgr: executeSwitchCmd:sent cmd req 17 bytes
04-18 15:34:44.665  2255  2255 D ethctrlmgr: executeSwitchCmd() diag command waiting for response from server 
04-18 15:34:44.667  2255  2295 V ethctrlmgr: readDataFromIocIpc():data avlbl from ioc ipc
04-18 15:34:44.667  2255  2295 D ethctrlmgr: readDataFromIocIpc():read data from IOC IPC
04-18 15:34:44.667  2255  2295 D ethctrlmgr: readDataFromIocIpc spawned. Waiting to read data
04-18 15:34:44.667  2255  2255 D ethctrlmgr:  executeSwitchCmd(): pthread_cond_timedwait Ret Val = 0  
04-18 15:34:44.667  2255  2255 D ethctrlmgr: executeSwitchCmd(): response available for requested command 
04-18 15:34:44.667  2255  2255 V ethctrlmgr: executeSwitchCmd:completion time:1.836842 msec 
04-18 15:34:44.667  2255  2255 D ethctrlmgr: readBcmRaw(): SPI read command execution successful
04-18 15:34:44.667  2255  2255 D ethctrlmgr: SPI Read Bytes:
04-18 15:34:44.667  2255  2255 D ethctrlmgr: ff 
04-18 15:34:44.667  2255  2255 D ethctrlmgr: ff 
04-18 15:34:44.667  2255  2255 D ethctrlmgr: ff 
04-18 15:34:44.667  2255  2255 D ethctrlmgr: ff 
04-18 15:34:44.667  2255  2255 D ethctrlmgr: ff 
04-18 15:34:44.667  2255  2255 D ethctrlmgr: 00 
04-18 15:34:44.667  2255  2255 D ethctrlmgr: 00 
04-18 15:34:44.667  2255  2255 D ethctrlmgr: 20 
04-18 15:34:44.667  2255  2255 D ethctrlmgr: 04 
04-18 15:34:44.667  2255  2255 D ethctrlmgr: 00 
04-18 15:34:44.667  2255  2255 D ethctrlmgr: 00 
04-18 15:34:44.667  2255  2255 D ethctrlmgr: 00 
04-18 15:34:44.667  2255  2255 D ethctrlmgr: 00 
04-18 15:34:44.667  2255  2255 D ethctrlmgr: 00 
04-18 15:34:44.667  2255  2255 D ethctrlmgr: 00
04-18 15:34:44.667  2255  2255 D ethctrlmgr: SPI read cmd in hex:0x
04-18 15:34:44.667  2255  2255 D ethctrlmgr: 05 
04-18 15:34:44.667  2255  2255 D ethctrlmgr: 09 
04-18 15:34:44.667  2255  2255 D ethctrlmgr: 8f 
04-18 15:34:44.667  2255  2255 D ethctrlmgr: 25 
04-18 15:34:44.667  2255  2255 D ethctrlmgr: 42 
04-18 15:34:44.667  2255  2255 D ethctrlmgr: 00 
04-18 15:34:44.667  2255  2255 D ethctrlmgr: 00 
04-18 15:34:44.667  2255  2255 D ethctrlmgr: 00 
04-18 15:34:44.667  2255  2255 D ethctrlmgr: 00 
04-18 15:34:44.667  2255  2255 D ethctrlmgr: data len to send over IPC is:17
04-18 15:34:44.667  2255  2255 D ethctrlmgr: executeSwitchCmd:sent cmd req 17 bytes
04-18 15:34:44.667  2255  2255 D ethctrlmgr: executeSwitchCmd() diag command waiting for response from server 
04-18 15:34:44.668  2255  2295 V ethctrlmgr: readDataFromIocIpc():data avlbl from ioc ipc
04-18 15:34:44.668  2255  2295 D ethctrlmgr: readDataFromIocIpc():read data from IOC IPC
04-18 15:34:44.669  2255  2295 D ethctrlmgr: readDataFromIocIpc spawned. Waiting to read data
04-18 15:34:44.669  2255  2255 D ethctrlmgr:  executeSwitchCmd(): pthread_cond_timedwait Ret Val = 0  
04-18 15:34:44.669  2255  2255 D ethctrlmgr: executeSwitchCmd(): response available for requested command 
04-18 15:34:44.669  2255  2255 V ethctrlmgr: executeSwitchCmd:completion time:1.513922 msec 
04-18 15:34:44.669  2255  2255 D ethctrlmgr: readBcmRaw(): SPI read command execution successful
04-18 15:34:44.669  2255  2255 D ethctrlmgr: SPI Read Bytes:
04-18 15:34:44.669  2255  2255 D ethctrlmgr: ff 
04-18 15:34:44.669  2255  2255 D ethctrlmgr: ff 
04-18 15:34:44.669  2255  2255 D ethctrlmgr: ff 
04-18 15:34:44.669  2255  2255 D ethctrlmgr: ff 
04-18 15:34:44.669  2255  2255 D ethctrlmgr: ff 
04-18 15:34:44.669  2255  2255 D ethctrlmgr: 00 
04-18 15:34:44.669  2255  2255 D ethctrlmgr: 00 
04-18 15:34:44.669  2255  2255 D ethctrlmgr: 22 
04-18 15:34:44.669  2255  2255 D ethctrlmgr: 22 
04-18 15:34:44.669  2255  2255 D ethctrlmgr: 00 
04-18 15:34:44.669  2255  2255 D ethctrlmgr: 00 
04-18 15:34:44.669  2255  2255 D ethctrlmgr: 00 
04-18 15:34:44.669  2255  2255 D ethctrlmgr: 00 
04-18 15:34:44.669  2255  2255 D ethctrlmgr: 00 
04-18 15:34:44.669  2255  2255 D ethctrlmgr: 00
04-18 15:34:44.669  2255  2255 D ethctrlmgr: SPI read cmd in hex:0x
04-18 15:34:44.669  2255  2255 D ethctrlmgr: 05 
04-18 15:34:44.669  2255  2255 D ethctrlmgr: 09 
04-18 15:34:44.669  2255  2255 D ethctrlmgr: 8f 
04-18 15:34:44.669  2255  2255 D ethctrlmgr: 25 
04-18 15:34:44.669  2255  2255 D ethctrlmgr: 44 
04-18 15:34:44.669  2255  2255 D ethctrlmgr: 00 
04-18 15:34:44.669  2255  2255 D ethctrlmgr: 00 
04-18 15:34:44.669  2255  2255 D ethctrlmgr: 00 
04-18 15:34:44.669  2255  2255 D ethctrlmgr: 00 
04-18 15:34:44.669  2255  2255 D ethctrlmgr: data len to send over IPC is:17
04-18 15:34:44.669  2255  2255 D ethctrlmgr: executeSwitchCmd:sent cmd req 17 bytes
04-18 15:34:44.669  2255  2255 D ethctrlmgr: executeSwitchCmd() diag command waiting for response from server 
04-18 15:34:44.671  2255  2295 V ethctrlmgr: readDataFromIocIpc():data avlbl from ioc ipc
04-18 15:34:44.671  2255  2295 D ethctrlmgr: readDataFromIocIpc():read data from IOC IPC
04-18 15:34:44.671  2255  2295 D ethctrlmgr: readDataFromIocIpc spawned. Waiting to read data
04-18 15:34:44.671  2255  2255 D ethctrlmgr:  executeSwitchCmd(): pthread_cond_timedwait Ret Val = 0  
04-18 15:34:44.671  2255  2255 D ethctrlmgr: executeSwitchCmd(): response available for requested command 
04-18 15:34:44.671  2255  2255 V ethctrlmgr: executeSwitchCmd:completion time:2.070358 msec 
04-18 15:34:44.671  2255  2255 D ethctrlmgr: readBcmRaw(): SPI read command execution successful
04-18 15:34:44.671  2255  2255 D ethctrlmgr: SPI Read Bytes:
04-18 15:34:44.671  2255  2255 D ethctrlmgr: ff 
04-18 15:34:44.671  2255  2255 D ethctrlmgr: ff 
04-18 15:34:44.671  2255  2255 D ethctrlmgr: ff 
04-18 15:34:44.671  2255  2255 D ethctrlmgr: ff 
04-18 15:34:44.671  2255  2255 D ethctrlmgr: ff 
04-18 15:34:44.671  2255  2255 D ethctrlmgr: 00 
04-18 15:34:44.671  2255  2255 D ethctrlmgr: 00 
04-18 15:34:44.671  2255  2255 D ethctrlmgr: 00 
04-18 15:34:44.671  2255  2255 D ethctrlmgr: f6 
04-18 15:34:44.671  2255  2255 D ethctrlmgr: 00 
04-18 15:34:44.671  2255  2255 D ethctrlmgr: 00 
04-18 15:34:44.671  2255  2255 D ethctrlmgr: 00 
04-18 15:34:44.671  2255  2255 D ethctrlmgr: 00 
04-18 15:34:44.671  2255  2255 D ethctrlmgr: 00 
04-18 15:34:44.671  2255  2255 D ethctrlmgr: 00
04-18 15:34:44.671  2255  2255 D ethctrlmgr: SPI read cmd in hex:0x
04-18 15:34:44.671  2255  2255 D ethctrlmgr: 05 
04-18 15:34:44.671  2255  2255 D ethctrlmgr: 09 
04-18 15:34:44.671  2255  2255 D ethctrlmgr: 8f 
04-18 15:34:44.671  2255  2255 D ethctrlmgr: 25 
04-18 15:34:44.671  2255  2255 D ethctrlmgr: 46 
04-18 15:34:44.671  2255  2255 D ethctrlmgr: 00 
04-18 15:34:44.671  2255  2255 D ethctrlmgr: 00 
04-18 15:34:44.671  2255  2255 D ethctrlmgr: 00 
04-18 15:34:44.671  2255  2255 D ethctrlmgr: 00 
04-18 15:34:44.671  2255  2255 D ethctrlmgr: data len to send over IPC is:17
04-18 15:34:44.671  2255  2255 D ethctrlmgr: executeSwitchCmd:sent cmd req 17 bytes
04-18 15:34:44.671  2255  2255 D ethctrlmgr: executeSwitchCmd() diag command waiting for response from server 
04-18 15:34:44.672  2255  2295 V ethctrlmgr: readDataFromIocIpc():data avlbl from ioc ipc
04-18 15:34:44.673  2255  2295 D ethctrlmgr: readDataFromIocIpc():read data from IOC IPC
04-18 15:34:44.673  2255  2295 D ethctrlmgr: readDataFromIocIpc spawned. Waiting to read data
04-18 15:34:44.673  2255  2255 D ethctrlmgr:  executeSwitchCmd(): pthread_cond_timedwait Ret Val = 0  
04-18 15:34:44.673  2255  2255 D ethctrlmgr: executeSwitchCmd(): response available for requested command 
04-18 15:34:44.673  2255  2255 V ethctrlmgr: executeSwitchCmd:completion time:1.485339 msec 
04-18 15:34:44.673  2255  2255 D ethctrlmgr: readBcmRaw(): SPI read command execution successful
04-18 15:34:44.673  2255  2255 D ethctrlmgr: SPI Read Bytes:
04-18 15:34:44.673  2255  2255 D ethctrlmgr: ff 
04-18 15:34:44.673  2255  2255 D ethctrlmgr: ff 
04-18 15:34:44.673  2255  2255 D ethctrlmgr: ff 
04-18 15:34:44.673  2255  2255 D ethctrlmgr: ff 
04-18 15:34:44.673  2255  2255 D ethctrlmgr: ff 
04-18 15:34:44.673  2255  2255 D ethctrlmgr: 00 
04-18 15:34:44.673  2255  2255 D ethctrlmgr: 00 
04-18 15:34:44.673  2255  2255 D ethctrlmgr: 00 
04-18 15:34:44.673  2255  2255 D ethctrlmgr: 75 
04-18 15:34:44.673  2255  2255 D ethctrlmgr: 00 
04-18 15:34:44.673  2255  2255 D ethctrlmgr: 00 
04-18 15:34:44.673  2255  2255 D ethctrlmgr: 00 
04-18 15:34:44.673  2255  2255 D ethctrlmgr: 00 
04-18 15:34:44.673  2255  2255 D ethctrlmgr: 00 
04-18 15:34:44.673  2255  2255 D ethctrlmgr: 00
04-18 15:34:44.673  2255  2255 D ethctrlmgr: SPI read cmd in hex:0x
04-18 15:34:44.673  2255  2255 D ethctrlmgr: 05 
04-18 15:34:44.673  2255  2255 D ethctrlmgr: 09 
04-18 15:34:44.673  2255  2255 D ethctrlmgr: 8f 
04-18 15:34:44.673  2255  2255 D ethctrlmgr: 25 
04-18 15:34:44.673  2255  2255 D ethctrlmgr: 48 
04-18 15:34:44.673  2255  2255 D ethctrlmgr: 00 
04-18 15:34:44.673  2255  2255 D ethctrlmgr: 00 
04-18 15:34:44.673  2255  2255 D ethctrlmgr: 00 
04-18 15:34:44.673  2255  2255 D ethctrlmgr: 00 
04-18 15:34:44.673  2255  2255 D ethctrlmgr: data len to send over IPC is:17
04-18 15:34:44.673  2255  2255 D ethctrlmgr: executeSwitchCmd:sent cmd req 17 bytes
04-18 15:34:44.673  2255  2255 D ethctrlmgr: executeSwitchCmd() diag command waiting for response from server 
04-18 15:34:44.675  2255  2295 V ethctrlmgr: readDataFromIocIpc():data avlbl from ioc ipc
04-18 15:34:44.675  2255  2295 D ethctrlmgr: readDataFromIocIpc():read data from IOC IPC
04-18 15:34:44.675  2255  2295 D ethctrlmgr: readDataFromIocIpc spawned. Waiting to read data
04-18 15:34:44.675  2255  2255 D ethctrlmgr:  executeSwitchCmd(): pthread_cond_timedwait Ret Val = 0  
04-18 15:34:44.675  2255  2255 D ethctrlmgr: executeSwitchCmd(): response available for requested command 
04-18 15:34:44.675  2255  2255 V ethctrlmgr: executeSwitchCmd:completion time:2.104718 msec 
04-18 15:34:44.675  2255  2255 D ethctrlmgr: readBcmRaw(): SPI read command execution successful
04-18 15:34:44.675  2255  2255 D ethctrlmgr: SPI Read Bytes:
04-18 15:34:44.675  2255  2255 D ethctrlmgr: ff 
04-18 15:34:44.675  2255  2255 D ethctrlmgr: ff 
04-18 15:34:44.675  2255  2255 D ethctrlmgr: ff 
04-18 15:34:44.675  2255  2255 D ethctrlmgr: ff 
04-18 15:34:44.675  2255  2255 D ethctrlmgr: ff 
04-18 15:34:44.675  2255  2255 D ethctrlmgr: 00 
04-18 15:34:44.675  2255  2255 D ethctrlmgr: 00 
04-18 15:34:44.675  2255  2255 D ethctrlmgr: 00 
04-18 15:34:44.675  2255  2255 D ethctrlmgr: 03 
04-18 15:34:44.675  2255  2255 D ethctrlmgr: 00 
04-18 15:34:44.675  2255  2255 D ethctrlmgr: 00 
04-18 15:34:44.675  2255  2255 D ethctrlmgr: 00 
04-18 15:34:44.675  2255  2255 D ethctrlmgr: 00 
04-18 15:34:44.675  2255  2255 D ethctrlmgr: 00 
04-18 15:34:44.675  2255  2255 D ethctrlmgr: 00
04-18 15:34:44.675  2255  2255 D ethctrlmgr: SPI read cmd in hex:0x
04-18 15:34:44.675  2255  2255 D ethctrlmgr: 05 
04-18 15:34:44.675  2255  2255 D ethctrlmgr: 09 
04-18 15:34:44.675  2255  2255 D ethctrlmgr: 8f 
04-18 15:34:44.675  2255  2255 D ethctrlmgr: 25 
04-18 15:34:44.675  2255  2255 D ethctrlmgr: 4a 
04-18 15:34:44.675  2255  2255 D ethctrlmgr: 00 
04-18 15:34:44.675  2255  2255 D ethctrlmgr: 00 
04-18 15:34:44.675  2255  2255 D ethctrlmgr: 00 
04-18 15:34:44.675  2255  2255 D ethctrlmgr: 00 
04-18 15:34:44.675  2255  2255 D ethctrlmgr: data len to send over IPC is:17
04-18 15:34:44.675  2255  2255 D ethctrlmgr: executeSwitchCmd:sent cmd req 17 bytes
04-18 15:34:44.675  2255  2255 D ethctrlmgr: executeSwitchCmd() diag command waiting for response from server 
04-18 15:34:44.677  2255  2295 V ethctrlmgr: readDataFromIocIpc():data avlbl from ioc ipc
04-18 15:34:44.677  2255  2295 D ethctrlmgr: readDataFromIocIpc():read data from IOC IPC
04-18 15:34:44.677  2255  2295 D ethctrlmgr: readDataFromIocIpc spawned. Waiting to read data
04-18 15:34:44.677  2255  2255 D ethctrlmgr:  executeSwitchCmd(): pthread_cond_timedwait Ret Val = 0  
04-18 15:34:44.677  2255  2255 D ethctrlmgr: executeSwitchCmd(): response available for requested command 
04-18 15:34:44.677  2255  2255 V ethctrlmgr: executeSwitchCmd:completion time:2.025156 msec 
04-18 15:34:44.677  2255  2255 D ethctrlmgr: readBcmRaw(): SPI read command execution successful
04-18 15:34:44.677  2255  2255 D ethctrlmgr: SPI Read Bytes:
04-18 15:34:44.677  2255  2255 D ethctrlmgr: ff 
04-18 15:34:44.677  2255  2255 D ethctrlmgr: ff 
04-18 15:34:44.677  2255  2255 D ethctrlmgr: ff 
04-18 15:34:44.677  2255  2255 D ethctrlmgr: ff 
04-18 15:34:44.677  2255  2255 D ethctrlmgr: ff 
04-18 15:34:44.677  2255  2255 D ethctrlmgr: 00 
04-18 15:34:44.677  2255  2255 D ethctrlmgr: 00 
04-18 15:34:44.677  2255  2255 D ethctrlmgr: 00 
04-18 15:34:44.677  2255  2255 D ethctrlmgr: 76 
04-18 15:34:44.677  2255  2255 D ethctrlmgr: 00 
04-18 15:34:44.677  2255  2255 D ethctrlmgr: 00 
04-18 15:34:44.677  2255  2255 D ethctrlmgr: 00 
04-18 15:34:44.677  2255  2255 D ethctrlmgr: 00 
04-18 15:34:44.677  2255  2255 D ethctrlmgr: 00 
04-18 15:34:44.677  2255  2255 D ethctrlmgr: 00
04-18 15:34:44.677  2255  2255 D ethctrlmgr: SPI read cmd in hex:0x
04-18 15:34:44.677  2255  2255 D ethctrlmgr: 05 
04-18 15:34:44.677  2255  2255 D ethctrlmgr: 09 
04-18 15:34:44.677  2255  2255 D ethctrlmgr: 8f 
04-18 15:34:44.677  2255  2255 D ethctrlmgr: 25 
04-18 15:34:44.677  2255  2255 D ethctrlmgr: 4c 
04-18 15:34:44.677  2255  2255 D ethctrlmgr: 00 
04-18 15:34:44.677  2255  2255 D ethctrlmgr: 00 
04-18 15:34:44.677  2255  2255 D ethctrlmgr: 00 
04-18 15:34:44.677  2255  2255 D ethctrlmgr: 00 
04-18 15:34:44.677  2255  2255 D ethctrlmgr: data len to send over IPC is:17
04-18 15:34:44.677  2255  2255 D ethctrlmgr: executeSwitchCmd:sent cmd req 17 bytes
04-18 15:34:44.677  2255  2255 D ethctrlmgr: executeSwitchCmd() diag command waiting for response from server 
04-18 15:34:44.679  2255  2295 V ethctrlmgr: readDataFromIocIpc():data avlbl from ioc ipc
04-18 15:34:44.679  2255  2295 D ethctrlmgr: readDataFromIocIpc():read data from IOC IPC
04-18 15:34:44.679  2255  2295 D ethctrlmgr: readDataFromIocIpc spawned. Waiting to read data
04-18 15:34:44.679  2255  2255 D ethctrlmgr:  executeSwitchCmd(): pthread_cond_timedwait Ret Val = 0  
04-18 15:34:44.679  2255  2255 D ethctrlmgr: executeSwitchCmd(): response available for requested command 
04-18 15:34:44.680  2255  2255 V ethctrlmgr: executeSwitchCmd:completion time:2.133635 msec 
04-18 15:34:44.680  2255  2255 D ethctrlmgr: readBcmRaw(): SPI read command execution successful
04-18 15:34:44.680  2255  2255 D ethctrlmgr: SPI Read Bytes:
04-18 15:34:44.680  2255  2255 D ethctrlmgr: ff 
04-18 15:34:44.680  2255  2255 D ethctrlmgr: ff 
04-18 15:34:44.680  2255  2255 D ethctrlmgr: ff 
04-18 15:34:44.680  2255  2255 D ethctrlmgr: ff 
04-18 15:34:44.680  2255  2255 D ethctrlmgr: ff 
04-18 15:34:44.680  2255  2255 D ethctrlmgr: 00 
04-18 15:34:44.680  2255  2255 D ethctrlmgr: 00 
04-18 15:34:44.680  2255  2255 D ethctrlmgr: 00 
04-18 15:34:44.680  2255  2255 D ethctrlmgr: 03 
04-18 15:34:44.680  2255  2255 D ethctrlmgr: 00 
04-18 15:34:44.680  2255  2255 D ethctrlmgr: 00 
04-18 15:34:44.680  2255  2255 D ethctrlmgr: 00 
04-18 15:34:44.680  2255  2255 D ethctrlmgr: 00 
04-18 15:34:44.680  2255  2255 D ethctrlmgr: 00 
04-18 15:34:44.680  2255  2255 D ethctrlmgr: 00
04-18 15:34:44.680  2255  2255 D ethctrlmgr: port=2 expC C0=2004 C1=2222 C2=00f6 C3=0075 C4=0003 C5=0076 C6=0003
04-18 15:34:44.837  2169  2181 I GPTP    : SYNC_RATE_INTERVAL_TIMEOUT_EXPIRED occured
04-18 15:34:44.914  1964  2128 E vehicle_abstraction: CGlobalASignalMappings::signalInfoForAbstractionSignalID unmapped  abstractionID 4359
04-18 15:34:44.998  1975  2075 I [PLSS]PMSvc: Screen ready timer trigger
04-18 15:34:44.998  1975  2075 I [PLSS]PMSvc: force screen ready
04-18 15:34:44.998  1975  2075 I [PLSS]PMClients: [AnimClient] send hide
04-18 15:34:44.999  1959  2244 D AnimEngine: AnimEngine - Hiding Window
04-18 15:34:44.999  1959  2244 D AnimEngine: |OnSystemStateChange| event is : 8
04-18 15:34:44.999  1959  2244 D AnimEngine: |EVENT-Q|
04-18 15:34:44.999  1959  2246 I AnimEngine: System prop to enable/disable AudioCue, value = 1
04-18 15:34:44.999  1959  2245 D AnimEngine: |EVENT-Q| Popped event : 8
04-18 15:34:44.999  1959  2246 I AnimEngine: Animation AudioCue going to execute event 4-6 0
04-18 15:34:44.999  1959  2245 W AnimEngine: Animation thread coming out of wait
04-18 15:34:44.999  1959  2246 I AnimEngine: System prop to enable/disable AudioCue, value = 1
04-18 15:34:44.999  1959  2246 I AnimEngine: Animation AudioCue going to execute event 4-6 8
04-18 15:34:44.999  1959  2245 W AnimEngine: Animation going to execute event: HIDE_ANIMATION at 11626
--------- beginning of kpi
04-18 15:34:44.999  1959  2245 E KPI-BOOT|: Animation going to execute event: HIDE_ANIMATION at |11626 
04-18 15:34:44.999  1959  2245 D AnimEngine: Hiding Animation Window
04-18 15:34:44.999  1959  2245 D AnimEngine: Black Animation Window
04-18 15:34:45.005  1959  2245 D AnimEngine: |EVENT-Q| Popped event : 0
04-18 15:34:45.005  1959  2245 W AnimEngine: Animation thread going into wait
04-18 15:34:45.019  2270  2287 E vip2nav : no valid msg ID! 15
04-18 15:34:45.019  2270  2287 E vip2nav : 
04-18 15:34:45.019  2270  2287 E vip2nav :  IPC Read: msgID=15 MSG length=16 
04-18 15:34:45.019  2270  2287 E vip2nav : 0xf 0x5 0x10 0x0 0xfc 0x8 0x0 0x0
04-18 15:34:45.019  2270  2287 E vip2nav : 0x22 0x1 0x0 0x0 0x0 0x0 0x0 0x0
04-18 15:34:45.019  2270  2287 E vip2nav : 0x0 0x0 0x0 0x0 0xe4 0x32 0x0 0x0
04-18 15:34:45.019  2270  2287 E vip2nav : 0x0 0x0 0x0 0x0 0x0 0x0 0x0 0x0
04-18 15:34:45.019  2270  2287 E vip2nav : 0x0 0x0 0x0 0x0 0x0 0x0 0x0 0x0
04-18 15:34:45.019  2270  2287 E vip2nav : 0x0 0x0 0x0 0x0 0x0 0x0 0x0 0x0
04-18 15:34:45.019  2270  2287 E vip2nav : 0x0 0x0 0x0 0x0 0x0 0x0 0x0 0x0
04-18 15:34:45.019  2270  2287 E vip2nav : 0x0 0x0 0x0 0x0 0x0 0x0 0x0 0x0
04-18 15:34:45.019  2270  2287 E vip2nav : 0x0 0x0 0x0 0x0 0x0 0x0 0x0 0x0
04-18 15:34:45.019  2270  2287 E vip2nav : 0x0 0x0 0x0 0x0 0x0 0x0 0x0 0x0
04-18 15:34:45.019  2270  2287 E vip2nav : 0x0 0x0 0x0 0x0 0x0 0x0 0x0 0x0
04-18 15:34:45.019  2270  2287 E vip2nav : 0x0 0x0 0x0 0x0 0x0 0x0 0x0 0x0
04-18 15:34:45.019  2270  2287 E vip2nav : 0x0 0x0 0x0 0x0 0x0 0x0 0x0 0x0
04-18 15:34:45.019  2270  2287 E vip2nav : 0x0 0x0 0x0 0x0 0x0 0x0 0x0 0x0
04-18 15:34:45.019  2270  2287 E vip2nav : 0x0 0x0 0x0 0x0 0x0 0x0 0x0 0x0
04-18 15:34:45.019  2270  2287 E vip2nav : 0x0 0x0 0x0 0x0 0x0 0x0 0x0 0x0
04-18 15:34:45.019  2270  2287 E vip2nav : 0x0 0x0 0x0 0x0 0x0 0x0 0x0 0x0
04-18 15:34:45.019  2270  2287 E vip2nav : 0x0 0x0 0x0 0x0 0x0 0x0 0x0 0x0
04-18 15:34:45.019  2270  2287 E vip2nav : 0x0 0x0 0x0 0x0 0x0 0x0 0x0 0x0
04-18 15:34:45.019  2270  2287 E vip2nav : 0x0 0x0 0x0 0x0 0x0 0x0 0x0 0x0
04-18 15:34:45.019  2270  2287 E vip2nav : 0x0 0x0 0x0 0x0 0x0 0x0 0x0 0x0
04-18 15:34:45.019  2270  2287 E vip2nav : 0x0 0x0 0x0 0x0 0x0 0x0 0x0 0x0
04-18 15:34:45.019  2270  2287 E vip2nav : 0x0 0x0 0x0 0x0 0x0 0x0 0x0 0x0
04-18 15:34:45.019  2270  2287 E vip2nav : 0x0 0x0 0x0 0x0 0x0 0x0 0x0 0x0
04-18 15:34:45.019  2270  2287 E vip2nav : 0x0 0x0 0x0 0x0 0x0 0x0 0x0 0x0
04-18 15:34:45.019  2270  2287 E vip2nav : 0x0 0x0 0x0 0x0 0x0 0x0 0x0 0x0
04-18 15:34:45.019  2270  2287 E vip2nav : 0x0 0x0 0x0 0x0 0x0 0x0 0x0 0x0
04-18 15:34:45.019  2270  2287 E vip2nav : 0x0 0x0 0x0 0x0 0x0 0x0 0x0 0x0
04-18 15:34:45.019  2270  2287 E vip2nav : 0x0 0x0 0x0 0x0 0x0 0x0 0x0 0x0
04-18 15:34:45.019  2270  2287 E vip2nav : 0x0 0x0 0x0 0x0 0x0 0x0 0x0 0x0
04-18 15:34:45.019  2270  2287 E vip2nav : 0x0 0x0 0x0 0x0 0x0 0x0 0x0 0x0
04-18 15:34:45.019  2270  2287 E vip2nav : 0x0 0x0 0x0 0x0 0x0 0x0 0x0 0x0
04-18 15:34:45.019  2270  2287 E vip2nav : ... skipping 4 bytes
04-18 15:34:45.021  1975  2150 I [PLSS]PMSvc: got unchanged system state: 16
04-18 15:34:45.121  2470  2470 D GMCRASHLOG: cleaning /data/data/gmlogger/gmcrashlogs/crashlog18_3ae2a1e4ea5e5f1a09b3
04-18 15:34:45.180  2255  2255 D ethctrlmgr: execAcd():Fault 2 
04-18 15:34:45.180  2255  2255 D ethctrlmgr: execAcd():Length 1af4 
04-18 15:34:45.180  2255  2255 D ethctrlmgr: startCableDiagnostics():Cable OPEN at 69.00 centimeters 
04-18 15:34:45.180  2255  2255 V ethctrlmgr: iocIpcFd : 4  len : 2
04-18 15:34:45.180  2255  2255 D ethctrlmgr: SPI command len is:7
04-18 15:34:45.180  2255  2255 D ethctrlmgr: SPI write cmd in hex:0x
04-18 15:34:45.180  2255  2255 D ethctrlmgr: 21  
04-18 15:34:45.180  2255  2255 D ethctrlmgr: 09  
04-18 15:34:45.180  2255  2255 D ethctrlmgr: 8f  
04-18 15:34:45.180  2255  2255 D ethctrlmgr: ff  
04-18 15:34:45.180  2255  2255 D ethctrlmgr: c0  
04-18 15:34:45.180  2255  2255 D ethctrlmgr: 80  
04-18 15:34:45.180  2255  2255 D ethctrlmgr: 00  
04-18 15:34:45.180  2255  2255 D ethctrlmgr: data len to send IPC is 15
04-18 15:34:45.180  2255  2255 D ethctrlmgr: executeSwitchCmd:sent cmd req 15 bytes
04-18 15:34:45.180  2255  2255 D ethctrlmgr: executeSwitchCmd() diag command waiting for response from server 
04-18 15:34:45.181  2255  2295 V ethctrlmgr: readDataFromIocIpc():data avlbl from ioc ipc
04-18 15:34:45.181  2255  2295 D ethctrlmgr: readDataFromIocIpc():read data from IOC IPC
04-18 15:34:45.181  2255  2295 D ethctrlmgr: readDataFromIocIpc spawned. Waiting to read data
04-18 15:34:45.182  2255  2255 D ethctrlmgr:  executeSwitchCmd(): pthread_cond_timedwait Ret Val = 0  
04-18 15:34:45.182  2255  2255 D ethctrlmgr: executeSwitchCmd(): response available for requested command 
04-18 15:34:45.182  2255  2255 V ethctrlmgr: executeSwitchCmd:completion time:1.721216 msec 
04-18 15:34:45.182  2255  2255 D ethctrlmgr: SPI write command execution successful
04-18 15:34:45.182  2255  2255 D ethctrlmgr: read success data bytes:0
04-18 15:34:45.182  2255  2255 D ethctrlmgr: SPI Read Bytes in hex:
04-18 15:34:45.182  2255  2255 I ethctrlmgr: startCableDiagnostics(): Reset successful for PHYId:2
04-18 15:34:45.182  2255  2255 V ethctrlmgr: iocIpcFd : 4  len : 2
04-18 15:34:45.182  2255  2255 D ethctrlmgr: SPI command len is:7
04-18 15:34:45.182  2255  2255 D ethctrlmgr: SPI write cmd in hex:0x
04-18 15:34:45.182  2255  2255 D ethctrlmgr: 21  
04-18 15:34:45.182  2255  2255 D ethctrlmgr: 09  
04-18 15:34:45.182  2255  2255 D ethctrlmgr: 8f  
04-18 15:34:45.182  2255  2255 D ethctrlmgr: ff  
04-18 15:34:45.182  2255  2255 D ethctrlmgr: c0  
04-18 15:34:45.182  2255  2255 D ethctrlmgr: 02  
04-18 15:34:45.182  2255  2255 D ethctrlmgr: 00  
04-18 15:34:45.182  2255  2255 D ethctrlmgr: data len to send IPC is 15
04-18 15:34:45.182  2255  2255 D ethctrlmgr: executeSwitchCmd:sent cmd req 15 bytes
04-18 15:34:45.182  2255  2255 D ethctrlmgr: executeSwitchCmd() diag command waiting for response from server 
04-18 15:34:45.183  2255  2295 V ethctrlmgr: readDataFromIocIpc():data avlbl from ioc ipc
04-18 15:34:45.183  2255  2295 D ethctrlmgr: readDataFromIocIpc():read data from IOC IPC
04-18 15:34:45.183  2255  2295 D ethctrlmgr: readDataFromIocIpc spawned. Waiting to read data
04-18 15:34:45.184  2255  2255 D ethctrlmgr:  executeSwitchCmd(): pthread_cond_timedwait Ret Val = 0  
04-18 15:34:45.184  2255  2255 D ethctrlmgr: executeSwitchCmd(): response available for requested command 
04-18 15:34:45.184  2255  2255 V ethctrlmgr: executeSwitchCmd:completion time:1.746405 msec 
04-18 15:34:45.184  2255  2255 D ethctrlmgr: SPI write command execution successful
04-18 15:34:45.184  2255  2255 D ethctrlmgr: read success data bytes:0
04-18 15:34:45.184  2255  2255 D ethctrlmgr: SPI Read Bytes in hex:
04-18 15:34:45.184  2255  2255 I ethctrlmgr: startCableDiagnostics(): PHY configuration restored to:0x0002
04-18 15:34:45.184  2255  2255 D ethctrlmgr: Sent the data of:32 to client
04-18 15:34:45.184  2280  2331 I ethctrlmgr: getSetSwitchData():Time taken to complete the normal Dig Req is  1.14780 seconds
04-18 15:34:45.184  2280  2331 I GMEthMgr: getPortCableStatus:(switch: 1, port: 2) => cableState: 2
04-18 15:34:45.184  2280  2331 I GMEthMgr: BCM_PORT_CABLE_STATE_OPEN on port 2
04-18 15:34:45.184  2280  2331 I GMEthMgr: Return DtcStatus, switch: 1, port: 2, linkState: 0, dtcStatus: 2
04-18 15:34:45.184  2280  2331 I GMEthMgr: requestPortCheck created new item for port: 2 (Status: LINK_STATE_DOWN)
04-18 15:34:45.184  2280  2331 I GMEthMgr: LinkLossMonitor data_->data_->queuedMessages_.size(): 1
04-18 15:34:45.185  2470  2470 D GMCRASHLOG: cleaning /data/data/gmlogger/gmcrashlogs/crashlog19_2d2282f694b7f77af0a9
04-18 15:34:45.238  1949  1949 I Radio-JNI: register_android_hardware_Radio DONE
04-18 15:34:45.242  1949  1949 D BOOT-TIME|:  ZygotInit main: started at |11869
04-18 15:34:45.242  1949  1949 D ZygoteInit: BOOT-TIME| ZygotInit main: started at |11869
04-18 15:34:45.242  1949  1949 I SamplingProfilerIntegration: Profiling disabled.
04-18 15:34:45.243  1949  1949 D ZygoteInit: begin preloadSystemServer
04-18 15:34:45.243  1949  1949 W ZygoteInit: preloadSystemServerClasses  
04-18 15:34:45.243  1949  1949 V ZygoteInit: Preloading android.media.MediaExtractor...
04-18 15:34:45.244  2470  2470 D GMCRASHLOG: cleaning /data/data/gmlogger/gmcrashlogs/crashlog20_73855843ecc2a51afc4d
04-18 15:34:45.272  2247  2247 D GM_PROTO_KEY: detected security state preboot
04-18 15:34:45.276  2248  2248 D GMSecurity: waiting for preboot complete
04-18 15:34:45.291  2248  2299 D GMSecurity: waiting for boot complete
04-18 15:34:45.298  2470  2470 D GMCRASHLOG: cleaning /data/data/gmlogger/gmcrashlogs/crashlog21_4975751d306f307cc789
04-18 15:34:45.299  1948  1948 D ICU     : No timezone override file found: /data/misc/zoneinfo/current/icu/icu_tzdata.dat
04-18 15:34:45.304  2709  2712 D pal_radio: SvcIPC.cpp:595 Signal regMode '{"value":0}\n'
04-18 15:34:45.304  2709  2711 D pal_radio: RadioSvcBase.tpp:70  emitting: Tuner Event {12: PAL_TUNER_EVENT_REGION_MODE, 0, {4: 00 00 00 00}}
04-18 15:34:45.305  2709  2712 D pal_radio: SvcIPC.cpp:595 Signal stationInfo '{"frequency":101900,"hdAlbumName":"","hdArtistName":"","hdAudioPlaying":0,"hdImage":"","hdPTY":"","hdProgramsAvailable":[],"hdSongTitle":"","hdStationNameLong":"","hdStationNameShort":"","id":71,"pi":23823,"presetId":255,"pty":"NEWS","ptyCode":1,"rxQual":55,"selected":true,"senderName":" FRESH  ","switches":["PSCHANGES"],"tmc":0,"waveband":"FM"}\n'
04-18 15:34:45.306  2709  2711 D pal_radio: RadioSvcBase.tpp:70  emitting: Tuner Event {1032: PAL_TUNER_EVENT_STATION_INFO, 0, {1024: 00 01 00 00 14 00 00 00 00 00 00 00 00 00 00 00 04 00 00 00 0c 8e 01 00 01 00 00 00 01 00 00 00 01 00 00 00 00 be ad de 02 00 00 00 01 00 00 00 01 00 00 00 00 be ad de 03 00 00 00 00 00 00 00 04 00 00 00 00 00 00 00 14 00 00 00 01 00 00 00 01 00 00 00 00 be ad de 04 00 00 00 01 00 00 00 01 00 00 00 00 be ad de 05 00 00 00 02 00 00 00 00 00 00 00 06 00 00 00 01 00 00 00 01 00 00 00 00 be ad de 07 00 00 00 01 00 00 00 01 00 00 00 00 be ad de 08 00 00 00 01 00 00 00 01 00 00 00 00 be ad de 09 00 00 00 00 00 00 00 04 00 00 00 47 00 00 00 0a 00 00 00 00 00 00 00 04 00 00 00 0f 5d 00 00 0b 00 00 00 01 00 00 00 05 00 00 00 4e 45 57 53 00 be ad de 2d 00 00 00 00 00 00 00 04 00 00 00 01 00 00 00 0c 00 00 00 00 00 00 00 04 00 00 00 37 00 00 00 0d 00 00 00 00 00 00 00 04 00 00 00 01 00 00 00 0e 00 00 00 01 00 00 00 09 00 00 00 20 46 52 45 53 48 20 20 00 be ad de 0f 00 00 00 03 00 00 00 00 01 00 00 40 00 00 00 01 00 00 00 0a 00 00 
04-18 15:34:45.307  2709  2712 D pal_radio: SvcIPC.cpp:595 Signal radioText '{"radioText":""}\n'
04-18 15:34:45.308  2709  2712 D pal_radio: SvcIPC.cpp:595 Signal radioTextPlus '{"listSize":0,"radioTextPlus":[]}\n'
04-18 15:34:45.309  2709  2712 D pal_radio: SvcIPC.cpp:595 Signal stationInfo '{"frequency":101900,"hdAlbumName":"","hdArtistName":"","hdAudioPlaying":0,"hdImage":"","hdPTY":"","hdProgramsAvailable":[],"hdSongTitle":"","hdStationNameLong":"","hdStationNameShort":"","id":71,"pi":0,"presetId":255,"pty":"NO_PTY","ptyCode":0,"rxQual":55,"selected":true,"senderName":"","switches":[],"tmc":0,"waveband":"FM"}\n'
04-18 15:34:45.309  2709  2712 D pal_radio: SvcIPC.cpp:595 Signal stationInfo '{"frequency":101900,"hdAlbumName":"","hdArtistName":"","hdAudioPlaying":0,"hdImage":"","hdPTY":"","hdProgramsAvailable":[],"hdSongTitle":"","hdStationNameLong":"","hdStationNameShort":"","id":71,"pi":23823,"presetId":255,"pty":"NEWS","ptyCode":1,"rxQual":51,"selected":true,"senderName":"  WDET  ","switches":["PSCHANGES"],"tmc":0,"waveband":"FM"}\n'
04-18 15:34:45.310  2709  2711 E psu_manager: [PSU] checkVipResponse:[Psu.cpp:77] HW Variant Error!
04-18 15:34:45.310  2709  2711 E psu_manager: [PSU] syncPsuPwmFrequency:[TunerPsuSync.cpp:204] Can't set pwm frequency
04-18 15:34:45.310  2709  2711 E psu_manager: [PSU] syncCalback:[TunerPsuSync.cpp:140] syncPsuPwmFrequency not success
04-18 15:34:45.310  2709  2712 D pal_radio: SvcIPC.cpp:595 Signal stationInfo '{"frequency":101900,"hdAlbumName":"","hdArtistName":"","hdAudioPlaying":0,"hdImage":"","hdPTY":"","hdProgramsAvailable":[],"hdSongTitle":"","hdStationNameLong":"","hdStationNameShort":"","id":71,"pi":23823,"presetId":255,"pty":"NEWS","ptyCode":1,"rxQual":51,"selected":true,"senderName":" AIR ON ","switches":["PSCHANGES"],"tmc":0,"waveband":"FM"}\n'
04-18 15:34:45.311  2709  2712 D pal_radio: SvcIPC.cpp:595 Signal stationInfo '{"frequency":101900,"hdAlbumName":"","hdArtistName":"","hdAudioPlaying":0,"hdImage":"","hdPTY":"","hdProgramsAvailable":[],"hdSongTitle":"","hdStationNameLong":"","hdStationNameShort":"","id":71,"pi":23823,"presetId":255,"pty":"NEWS","ptyCode":1,"rxQual":56,"selected":true,"senderName":" 101.9  ","switches":["PSCHANGES"],"tmc":0,"waveband":"FM"}\n'
04-18 15:34:45.311  2709  2712 D pal_radio: SvcIPC.cpp:595 Signal stationInfo '{"frequency":101900,"hdAlbumName":"","hdArtistName":"","hdAudioPlaying":0,"hdImage":"","hdPTY":"","hdProgramsAvailable":[],"hdSongTitle":"","hdStationNameLong":"","hdStationNameShort":"","id":71,"pi":23823,"presetId":255,"pty":"NEWS","ptyCode":1,"rxQual":55,"selected":true,"senderName":" 101.9  ","switches":["PSCHANGES"],"tmc":0,"waveband":"FM"}\n'
04-18 15:34:45.311  2709  2711 D pal_radio: RadioSvcBase.tpp:70  emitting: Tuner Event {9: PAL_TUNER_EVENT_RADIO_TEXT, 0, {1: 00}}
04-18 15:34:45.311  2709  2711 D pal_radio: RadioSvcBase.tpp:70  emitting: Tuner Event {264: PAL_TUNER_EVENT_RADIO_TEXT_PLUS, 0, {256: 40 00 00 00 00 00 00 00 ef be ad de ef be ad de ef be ad de ef be ad de ef be ad de ef be ad de ef be ad de ef be ad de ef be ad de ef be ad de ef be ad de ef be ad de ef be ad de ef be ad de ef be ad de ef be ad de ef be ad de ef be ad de ef be ad de ef be ad de ef be ad de ef be ad de ef be ad de ef be ad de ef be ad de ef be ad de ef be ad de ef be ad de ef be ad de ef be ad de ef be ad de ef be ad de ef be ad de ef be ad de ef be ad de ef be ad de ef be ad de ef be ad de ef be ad de ef be ad de ef be ad de ef be ad de ef be ad de ef be ad de ef be ad de ef be ad de ef be ad de ef be ad de ef be ad de ef be ad de ef be ad de ef be ad de ef be ad de ef be ad de ef be ad de ef be ad de ef be ad de ef be ad de ef be ad de ef be ad de ef be ad de 02 00 00 00}}
