04-18 15:34:39.254  2272  2272 D pulseaudio: [pulseaudio] memblockq.c: memblockq sanitized: maxlength=33554432, tlength=33554432, base=16, prebuf=0, minreq=16 maxrewind=0
04-18 15:34:39.254  2272  2272 I pulseaudio: [pulseaudio] sink-input.c: Created input 8 "ALSA Playback:pcmMutexRsi2_p" on combined with sample spec s16le 2ch 48000Hz and channel map aux0,aux1
04-18 15:34:39.254  2272  2272 I pulseaudio: [pulseaudio] sink-input.c:     media.name = "ALSA Playback:pcmMutexRsi2_p"
04-18 15:34:39.254  2272  2272 I pulseaudio: [pulseaudio] sink-input.c:     application.name = "ALSA plug-in [mediaserver]"
04-18 15:34:39.254  2272  2272 I pulseaudio: [pulseaudio] sink-input.c:     native-protocol.peer = "UNIX socket client"
04-18 15:34:39.254  2272  2272 I pulseaudio: [pulseaudio] sink-input.c:     native-protocol.version = "30"
04-18 15:34:39.254  2272  2272 I pulseaudio: [pulseaudio] sink-input.c:     application.process.id = "2614"
04-18 15:34:39.254  2272  2272 I pulseaudio: [pulseaudio] sink-input.c:     application.process.user = "media"
04-18 15:34:39.254  2272  2272 I pulseaudio: [pulseaudio] sink-input.c:     application.process.host = "localhost"
04-18 15:34:39.254  2272  2272 I pulseaudio: [pulseaudio] sink-input.c:     application.process.binary = "pulse-thread-ml"
04-18 15:34:39.254  2272  2272 I pulseaudio: [pulseaudio] sink-input.c:     application.language = "C.UTF-8"
04-18 15:34:39.254  2272  2272 I pulseaudio: [pulseaudio] sink-input.c:     application.process.machine_id = "localhost"
04-18 15:34:39.254  2272  2272 I pulseaudio: [pulseaudio] protocol-native.c: Requested tlength=24.00 ms, minreq=8.00 ms
04-18 15:34:39.254  2272  2272 D pulseaudio: [pulseaudio] protocol-native.c: Early requests mode enabled, configuring sink latency to minreq.
04-18 15:34:39.254  2272  2272 D pulseaudio: [pulseaudio] protocol-native.c: Could not configure a sufficiently low latency. Early requests might not be satisifed.
04-18 15:34:39.254  2272  2272 D pulseaudio: [pulseaudio] protocol-native.c: Requested latency=8.00 ms, Received latency=12.00 ms
04-18 15:34:39.254  2272  2272 D pulseaudio: [pulseaudio] memblockq.c: memblockq requested: maxlength=4194304, tlength=5376, base=4, prebuf=3072, minreq=1536 maxrewind=0
04-18 15:34:39.254  2272  2272 D pulseaudio: [pulseaudio] memblockq.c: memblockq sanitized: maxlength=4194304, tlength=5376, base=4, prebuf=3072, minreq=1536 maxrewind=0
04-18 15:34:39.254  2272  2272 I pulseaudio: [pulseaudio] protocol-native.c: Final latency 40.00 ms = 12.00 ms + 2*8.00 ms + 12.00 ms
04-18 15:34:39.254  2272  2474 D pulseaudio: [alsa-sink-csm_rsi] sink.c: Found underrun 3072 bytes ago (1536 bytes ahead in playback buffer)
04-18 15:34:39.254  2272  2354 D pulseaudio: [combine] module-combine-sink.c: Sink update requested latency 12.00
04-18 15:34:39.254  2272  2474 D pulseaudio: [alsa-sink-csm_rsi] sink.c: Found underrun 3072 bytes ago (1536 bytes ahead in playback buffer)
04-18 15:34:39.255  2272  2474 D pulseaudio: [alsa-sink-csm_rsi] sink.c: Found underrun 3072 bytes ago (1536 bytes ahead in playback buffer)
04-18 15:34:39.255  2272  2469 D pulseaudio: [alsa-sink-csm_amp] sink.c: Found underrun 4608 bytes ago (2304 bytes ahead in playback buffer)
04-18 15:34:39.255  2272  2345 D pulseaudio: [alsa-sink-Dirana Pb (*)] sink.c: Found underrun 8192 bytes ago (1024 bytes ahead in playback buffer)
04-18 15:34:39.255  2614  2614 D HarmanHal: open: snd_pcm_open --> ok. dev = 16384, mPcmHandle = 0x0xf28ac800
04-18 15:34:39.255  2614  2614 D HarmanHal: set: channel = 3, format = 1, rate = 48000
04-18 15:34:39.255  2614  2614 D HarmanHal: set: channel_mask = 3, format = 1, dstChannel = 2
04-18 15:34:39.255  2614  2614 I AudioFlinger: AudioStreamOut::open(), mHalFormatIsLinearPcm = 1
04-18 15:34:39.255  2614  2614 D HarmanHal: getFormat: format = 1
04-18 15:34:39.255  2614  2614 D HarmanHal: getChannels: channel mask = 3
04-18 15:34:39.255  2614  2614 D HarmanHal: getSampleRate: rate = 48000
04-18 15:34:39.255  2614  2614 D HarmanHal: getChannels: channel mask = 3
04-18 15:34:39.255  2614  2614 D HarmanHal: getFormat: format = 1
04-18 15:34:39.255  2614  2614 D HarmanHal: getFormat: format = 1
04-18 15:34:39.255  2614  2614 I AudioFlinger: HAL output buffer size 384 frames, normal sink buffer size 768 frames
04-18 15:34:39.255  2614  2614 D HarmanHal: getFormat: format = 1
04-18 15:34:39.255  2614  2614 D HarmanHal: getSampleRate: rate = 48000
04-18 15:34:39.255  2614  2614 D HarmanHal: getChannels: channel mask = 3
04-18 15:34:39.257  2614  2662 I AudioFlinger: AudioFlinger's thread 0xeb740000 ready to run
04-18 15:34:39.257  2614  2662 W HarmanHal: standby: -->setStandby(true)
04-18 15:34:39.257  2614  2662 D HarmanHal: StreamOut::setStandby() isSet = 1, isActive = 1, dev = 16384
04-18 15:34:39.257  2614  2662 D HarmanHal: PcmWrapper::close: device = 16384
04-18 15:34:39.257  2614  2662 E ALSALIB : snd_pcm_drain() entry... draining pcm pcmMutexRsi2_p
04-18 15:34:39.260  2272  2354 D pulseaudio: [combine] sink-input.c: Requesting rewind due to corking
04-18 15:34:39.261  2272  2272 D pulseaudio: [pulseaudio] module-suspend-on-idle.c: Sink combined becomes idle, timeout in 10 seconds.
04-18 15:34:39.262  2272  2474 D pulseaudio: [alsa-sink-csm_rsi] sink.c: Found underrun 1536 bytes ago (3072 bytes ahead in playback buffer)
04-18 15:34:39.263  2272  2469 D pulseaudio: [alsa-sink-csm_amp] sink.c: Found underrun 2304 bytes ago (4608 bytes ahead in playback buffer)
04-18 15:34:39.263  2272  2345 D pulseaudio: [alsa-sink-Dirana Pb (*)] sink.c: Found underrun 4096 bytes ago (5120 bytes ahead in playback buffer)
04-18 15:34:39.263  2275  2275 I Media_MMService:: MMS: parseConfig()->Config Str: # Set Cinemo Enginge log level
04-18 15:34:39.263  2275  2275 I Media_MMService:: # Predefined log levels are:
04-18 15:34:39.263  2275  2275 I Media_MMService:: # CINEMO_LOGLEVEL_VERBOSE = -1, CINEMO_LOGLEVEL_TRACE = 0 ,CINEMO_LOGLEVEL_DEBUG = 1, CINEMO_LOGLEVEL_INFO = 2, CINEMO_LOGLEVEL_WARN = 3, CINEMO_LOGLEVEL_ERROR = 4,CINEMO_LOGLEVEL_FATAL = 5
04-18 15:34:39.263  2275  2275 I Media_MMService:: "cinemoLogLevel":"0",
04-18 15:34:39.263  2275  2275 I Media_MMService:: 
04-18 15:34:39.263  2275  2275 I Media_MMService:: # Set the server port required to set the Cinemo Engine
04-18 15:34:39.263  2275  2275 I Media_MMService:: "serverUrl":"[::1]:23232",
04-18 15:34:39.263  2275  2275 I Media_MMService:: 
04-18 15:34:39.263  2275  2275 I Media_MMService:: # Set the DDP server URL required to set the Cinemo DDP Server
04-18 15:34:39.263  2275  2275 I Media_MMService:: "cinemoDDPUrl":"ddp://[::1]:30001",
04-18 15:34:39.263  2275  2275 I Media_MMService:: 
04-18 15:34:39.263  2275  2275 I Media_MMService:: # Set the plug-in the directory path required by Cinemo Engine
04-18 15:34:39.263  2275  2275 I Media_MMService:: "pluginDirectoryPath":"/system/lib64",
04-18 15:34:39.263  2275  2275 I Media_MMService:: 
04-18 15:34:39.263  2275  2275 I Media_MMService:: # Set the defaultFoldersPath required by Cinemo Engine
04-18 15:34:39.263  2275  2275 I Media_MMService:: "defaultFoldersPath":"/data/mediaFiles/MediaManagerService",
04-18 15:34:39.263  2275  2275 I Media_MMService:: 
04-18 15:34:39.263  2275  2275 I Media_MMService:: # Set the Max DB size in MB in persistent storage
04-18 15:34:39.263  2275  2275 I Media_MMService:: "maxDBSize":"100",
04-18 15:34:39.263  2275  2275 I Media_MMService:: 
04-18 15:34:39.263  2275  2275 I Media_MMService:: # Set the CinmoMM Config File path
04-18 15:34:39.263  2275  2275 I Media_MMService:: "cinemoMMConfigXMLPath":"/system/media/config/HarmanINFO3_cinemo_mm.xml",
04-18 15:34:39.263  2275  2275 I Media_MMService:: 
04-18 15:34:39.263  2275  2275 I Media_MMService:: # Set the BTSA info.xml file path
04-18 15:34:39.263  2275  2275 I Media_MMService:: "cinemoBtsaPath":"/data/local/tmp/MediaFS/btsa",
04-18 15:34:39.263  2275  2275 I Media_MMService:: 
04-18 15:34:39.263  2275  2275 I Media_MMService:: # Set the Gracenote License File path
04-18 15:34:39.263  2275  2275 I Media_MMService:: "gracenoteLi
04-18 15:34:39.263  2275  2275 I Media_MMService:: configSize = 48
04-18 15:34:39.263  2275  2275 I Media_MMService:: MMS: Config File->cinemologlevel =0
04-18 15:34:39.263  2275  2275 I Media_MMService:: MMS: Config File->serverUrl =[::1]:23232
04-18 15:34:39.263  2275  2275 I Media_MMService:: MMS: Config File->cinemoDDPUrl =ddp://[::1]:30001
04-18 15:34:39.263  2275  2275 I Media_MMService:: MMS: Config File->pluginDirectoryPath =/system/lib64
04-18 15:34:39.263  2275  2275 I Media_MMService:: MMS: Config File->defaultFoldersPath =/data/mediaFiles/MediaManagerService
04-18 15:34:39.263  2275  2275 I Media_MMService:: MMS: Config File->maxDBSize =100
04-18 15:34:39.263  2275  2275 I Media_MMService:: MMS- Config File->cinemoMMConfigXMLPath =/system/media/config/HarmanINFO3_cinemo_mm.xml
04-18 15:34:39.263  2275  2275 I Media_MMService:: MMS- Config File->cinemoBtsaPath =/data/local/tmp/MediaFS/btsa
04-18 15:34:39.263  2275  2275 I Media_MMService:: MMS- Config File->gracenoteLicensePath =/system/media/gracenote/license/Harman_GMinfo3_GN_license.txt
04-18 15:34:39.263  2275  2275 I Media_MMService:: MMS- Config File->gracenoteDatabasePath =/system/media/gracenote/gndb/
04-18 15:34:39.263  2275  2275 I Media_MMService:: MMS- Config File->gracenoteUserdataPath =/data/mediaFiles/
04-18 15:34:39.264  2275  2275 I Media_MMService:: MMS- Config File->gracenoteClientId =603392
04-18 15:34:39.264  2275  2275 I Media_MMService:: MMS- Config File->gracenoteClientIdTag =269B31247F740C91905AF9275370FFF1
04-18 15:34:39.264  2275  2275 I Media_MMService:: MMS- Config File->m_gracenoteLogFilePath =/data/mediaFiles/gn.log
04-18 15:34:39.264  2275  2275 I Media_MMService:: MMS- Config File->m_gracenoteUserRegMode =true
04-18 15:34:39.264  2275  2275 I Media_MMService:: MMS- Config File->m_gracenoteMaxFileSize =102400
04-18 15:34:39.264  2275  2275 I Media_MMService:: MMS- Config File->m_gracenoteMaxMemorySize =20480
04-18 15:34:39.264  2275  2275 I Media_MMService:: MMS- Config File->m_accessoryName =Cadillac CUE
04-18 15:34:39.264  2275  2275 I Media_MMService:: MMS- Config File->m_accessoryManufacturer =Cadillac
04-18 15:34:39.264  2275  2275 I Media_MMService:: MMS- Config File->m_accessoryModelNumber =CUE
04-18 15:34:39.264  2275  2275 I Media_MMService:: MMS- Config File->m_accessorySerialNumber =2E6404F02D7C0121
04-18 15:34:39.264  2275  2275 I Media_MMService:: MMS- Config File->m_accessoryFirmwareVersionMajor =1
04-18 15:34:39.264  2275  2275 I Media_MMService:: MMS- Config File->m_accessoryFirmwareVersionMinor =2
04-18 15:34:39.264  2275  2275 I Media_MMService:: MMS- Config File->m_accessoryFirmwareVersionBuild =1
04-18 15:34:39.264  2275  2275 I Media_MMService:: MMS- Config File->m_accessoryHardwareVersionMajor =2
04-18 15:34:39.264  2275  2275 I Media_MMService:: MMS- Config File->m_accessoryHardwareVersion =1
04-18 15:34:39.264  2275  2275 I Media_MMService:: MMS- Config File->m_accessoryHardwareVersionBuild =2
04-18 15:34:39.264  2275  2275 I Media_MMService:: MMS- Config File->m_vehicleInfoName =Cadillac CUE
04-18 15:34:39.264  2275  2275 I Media_MMService:: MMS- Config File->m_vehicleEngineType =0
04-18 15:34:39.264  2275  2275 I Media_MMService:: MMS- Config File->m_vehicleStatusName =Cadillac CUE
04-18 15:34:39.264  2275  2275 I Media_MMService:: MMS- Config File->m_vehicleBrandName =cadillac
04-18 15:34:39.264  2275  2275 I Media_MMService:: MMS: Config File->VRIntermediateDB =/data/mediaFiles/MediaVRDB.db
04-18 15:34:39.264  2614  2662 E ALSALIB : snd_pcm_drain(): pcm pcmMutexRsi2_p drain done, ret=0
04-18 15:34:39.264  2275  2275 I Media_MMService:: MMS: Config File->shadowDBSchemaFilePath =/system/media/config/shadowDBSchema.sql
04-18 15:34:39.264  2614  2662 E ALSALIB : snd_pcm_close() entry... closing pcmMutexRsi2_p
04-18 15:34:39.264  2614  2662 E ALSALIB : snd_pcm_drop() entry... dropping pcm pcmMutexRsi2_p
04-18 15:34:39.264  2275  2275 I Media_MMService:: MMS: Config File-> appleDevicesChargingCurrent =2100
04-18 15:34:39.264  2275  2275 I Media_MMService:: MMS: Config File-> upnpPrefix =upnp://
04-18 15:34:39.264  2275  2275 I Media_MMService:: MMS: Config File-> upnpSuffix =/0/MediaServer/DeviceDesc.xml?pid=
04-18 15:34:39.264  2275  2275 I Media_MMService:: MMS: Config File-> browseDirectChildrenSuffix =&browse=BrowseDirectChildren
04-18 15:34:39.264  2275  2275 I Media_MMService:: MMS: Config File-> browseMetadataSuffix =&browse=BrowseMetadata
04-18 15:34:39.264  2275  2275 I Media_MMService:: MMS: Config File-> excludeMTPFolders =^(?i)/[^/]+.*/(Android|Alarms|Notifications|Ringtones)/
04-18 15:34:39.264  2275  2275 I Media_MMService:: MMS: Config File-> browseSortOrder =u-kr-latn-digit-symbol-currency-punct-space-Zzzz
04-18 15:34:39.264  2275  2275 I Media_MMService:: MMS: Config File-> ExternalAccessoryProtocolName1 =com.baidu.CarLifeVehicleProtocol
04-18 15:34:39.264  2275  2275 I Media_MMService:: MMS: Config File-> ExternalAccessoryProtocolName2 =com.cadillac.vip
04-18 15:34:39.264  2275  2275 I Media_MMService:: MMS: Config File-> ExternalAccessoryProtocolName3 =com.gm.vip
04-18 15:34:39.264  2275  2275 I Media_MMService:: MMS: Config File-> restoreOnExit =0
04-18 15:34:39.264  2275  2275 I Media_MMService:: MMS: Config File-> IAPTransportStr =?ffs_path = /dev/ffs&ncm_interface=1
04-18 15:34:39.264  2275  2275 I Media_MMService:: MMS: Config File->AppleAuthenticationUrl =i2c:///dev/i2c-2:16
04-18 15:34:39.264  2275  2275 I Media_MMService:: MMS: Config File-> indexTimeOut =10000
04-18 15:34:39.264  2275  2275 I Media_MMService:: MMS: Config File-> iapTBTTimeout =3000
04-18 15:34:39.264  2275  2275 I Media_MMService:: MMS: isCTSFlagSet() Entry
04-18 15:34:39.264  2275  2275 D Media_MMService:: MediaDBManager() Constructor- Entry
04-18 15:34:39.264  2275  2275 D Media_MMService:: InitializeSqlite entry 
04-18 15:34:39.264  2275  2275 D Media_MMService:: Sqlite Initialization Success 
04-18 15:34:39.264  2275  2275 D Media_MMService:: MediaJournaling() - Journaling Constructor- Entry
04-18 15:34:39.264  2275  2275 D Media_MMService:: MMS: getConfigValue() Entry
04-18 15:34:39.265  2275  2275 D Media_MMService:: MMS: getConfigValue() configname = VRIntermediateDB , configValue = /data/mediaFiles/MediaVRDB.db
04-18 15:34:39.266  2272  2474 D pulseaudio: [alsa-sink-csm_rsi] sink.c: Found underrun 3072 bytes ago (1536 bytes ahead in playback buffer)
04-18 15:34:39.266  2272  2469 D pulseaudio: [alsa-sink-csm_amp] sink.c: Found underrun 4608 bytes ago (2304 bytes ahead in playback buffer)
04-18 15:34:39.267  2614  2662 E ALSALIB : snd_pcm_drop(): pcm pcmMutexRsi2_p drop done, ret=0
04-18 15:34:39.267  2272  2354 D pulseaudio: [combine] module-combine-sink.c: Sink update requested latency 12.00
04-18 15:34:39.267  2272  2474 D pulseaudio: [alsa-sink-csm_rsi] sink.c: Found underrun 3072 bytes ago (1536 bytes ahead in playback buffer)
04-18 15:34:39.267  2272  2469 D pulseaudio: [alsa-sink-csm_amp] sink.c: Found underrun 4608 bytes ago (2304 bytes ahead in playback buffer)
04-18 15:34:39.267  2272  2345 D pulseaudio: [alsa-sink-Dirana Pb (*)] sink.c: Found underrun 7168 bytes ago (2048 bytes ahead in playback buffer)
04-18 15:34:39.267  2272  2272 D pulseaudio: [pulseaudio] module-suspend-on-idle.c: Sink combined becomes idle, timeout in 10 seconds.
04-18 15:34:39.267  2272  2474 D pulseaudio: [alsa-sink-csm_rsi] sink.c: Found underrun 3072 bytes ago (1536 bytes ahead in playback buffer)
04-18 15:34:39.267  2272  2469 D pulseaudio: [alsa-sink-csm_amp] sink.c: Found underrun 4608 bytes ago (2304 bytes ahead in playback buffer)
04-18 15:34:39.267  2272  2272 I pulseaudio: [pulseaudio] sink-input.c: Freeing input 8 "ALSA Playback:pcmMutexRsi2_p"
04-18 15:34:39.268  2614  2662 E ALSALIB : snd_pcm_close() pcmMutexRsi2_p closed, ret=0
04-18 15:34:39.268  2272  2272 I pulseaudio: [pulseaudio] client.c: Freed 7 "ALSA plug-in [mediaserver]"
04-18 15:34:39.268  2272  2272 I pulseaudio: [pulseaudio] protocol-native.c: Connection terminated.
04-18 15:34:39.268  2614  2662 D HarmanHal: createAudioPatch: sourcesCount=1, source type =2
04-18 15:34:39.268  2614  2662 D HarmanHal: createAudioPatch: sinksCount=1, sink type =1
04-18 15:34:39.268  2614  2662 E AudioFlinger: no wake lock to update!
04-18 15:34:39.269  2614  2614 D HarmanHal: openInputStream: handle=14, devices: 0x80000004, input source: 0x1, input flags: 0x0
04-18 15:34:39.269  2614  2614 D HarmanHal: openInputStream: channel = 8
04-18 15:34:39.269  2614  2614 D HarmanHal: getMicStreamInInstancegetMicStreamInInstance: new MicStreamIn
04-18 15:34:39.269  2614  2614 D HarmanHal: openPcmIn: new PcmWrapper for Mic, dev = 2
04-18 15:34:39.269  2614  2614 E HarmanHal: open: flag = 1, device = 2
04-18 15:34:39.269  2614  2614 E ALSALIB : snd_pcm_open(): opening PCM name: pcmMicRefIn_VR_c
04-18 15:34:39.271  2247  2247 D GM_PROTO_KEY: detected security state preboot
04-18 15:34:39.271  2275  2275 I Media_MMService:: Sqlite database open successful 
04-18 15:34:39.271  2275  2275 D Media_MMService:: MMS: MediaGracenote() Constructor Entry
04-18 15:34:39.271  2275  2275 D Media_MMService:: MMS: MediaGracenote - startGracenote() Entry
04-18 15:34:39.271  2275  2275 D Media_MMService:: MMS: MediaGracenote - getGracenoteProductInfo() Entry
04-18 15:34:39.272  2614  2614 E ALSALIB : snd_pcm_open() open pcmMicRefIn_VR_c done, ret=0
04-18 15:34:39.272  2614  2614 D HarmanHal: PcmWrapper::openPort: port = pcmMicRefIn_VR_c, pcmHandle = 0x0xf28aca80
04-18 15:34:39.272  2258  2663 I chatty  : uid=0(root) Trace expire 1 line
04-18 15:34:39.275  2614  2614 D HarmanHal: open: snd_pcm_open --> ok. dev = 2, mPcmHandle = 0x0xf28aca80
04-18 15:34:39.275  2248  2248 D GMSecurity: waiting for preboot complete
04-18 15:34:39.276  2614  2614 D HarmanHal: set, Dst : channel = 8, format = 1, rate = 48000
04-18 15:34:39.276  2614  2614 D HarmanHal: set, Src: channel = 8, format = 1, rate = 48000
04-18 15:34:39.276  2614  2614 D HarmanHal: set: channel_mask = 2147483903, format = 1, dstChannel = 8
04-18 15:34:39.276  2614  2614 D HarmanHal: openInputStream: input created with status=0
04-18 15:34:39.276  2614  2614 D HarmanHal: getSampleRate: rate = 48000
04-18 15:34:39.276  2614  2614 D HarmanHal: getChannels: channel mask = 2147483903
04-18 15:34:39.276  2614  2614 D HarmanHal: getFormat: format = 1
04-18 15:34:39.276  2614  2614 D HarmanHal: getFormat: format = 1
04-18 15:34:39.276  2614  2614 D HarmanHal: getChannels: channel mask = 2147483903
04-18 15:34:39.276  2614  2614 D HarmanHal: getFormat: format = 1
04-18 15:34:39.276  2614  2614 D HarmanHal: getSampleRate: rate = 48000
04-18 15:34:39.276  2614  2614 D HarmanHal: getChannels: channel mask = 2147483903
04-18 15:34:39.277  2275  2275 I Media_MMService:: MMS: MediaGracenote - Product info : 1.6.5.5065, BuildDate : 2017-01-31 18:51-0800
04-18 15:34:39.277  2614  2667 I AudioFlinger: AudioFlinger's thread 0xf0900000 ready to run
04-18 15:34:39.277  2614  2614 D HarmanHal: ~MicStreamIn: delete PcmWrapper for Mic
04-18 15:34:39.277  2614  2614 D HarmanHal: PcmWrapper::close: device = 2
04-18 15:34:39.277  2614  2614 E ALSALIB : snd_pcm_drain() entry... draining pcm TDM4RX_dupl_capture
04-18 15:34:39.277  2275  2275 D Media_MMService:: MMS: MediaGracenote - initializeGracenoteManager() Entry
04-18 15:34:39.277  2275  2275 D Media_MMService:: MMS: getConfigValue() Entry
04-18 15:34:39.277  2275  2275 D Media_MMService:: MMS: getConfigValue() configname = gracenoteLicensePath , configValue = /system/media/gracenote/license/Harman_GMinfo3_GN_license.txt
04-18 15:34:39.277  2275  2275 D Media_MMService:: MMS: getConfigValue() Entry
04-18 15:34:39.277  2275  2275 D Media_MMService:: MMS: getConfigValue() configname = gracenoteDatabasePath , configValue = /system/media/gracenote/gndb/
04-18 15:34:39.277  2275  2275 D Media_MMService:: MMS: getConfigValue() Entry
04-18 15:34:39.277  2275  2275 D Media_MMService:: MMS: getConfigValue() configname = gracenoteUserdataPath , configValue = /data/mediaFiles/
04-18 15:34:39.277  2275  2275 D Media_MMService:: MMS: getRegionFromCal() Entry
04-18 15:34:39.278  2614  2614 E ALSALIB : snd_pcm_drain(): pcm TDM4RX_dupl_capture drain done, ret=0
04-18 15:34:39.278  2614  2614 E ALSALIB : snd_pcm_close() entry... closing TDM4RX_dupl_capture
04-18 15:34:39.278  2614  2614 E ALSALIB : snd_pcm_drop() entry... dropping pcm TDM4RX_dupl_capture
04-18 15:34:39.278  2614  2614 E ALSALIB : snd_pcm_drop(): pcm TDM4RX_dupl_capture drop done, ret=0
04-18 15:34:39.278  2614  2614 E ALSALIB : snd_pcm_close() entry... closing hw_TDM4RX_dupl_capture
04-18 15:34:39.280  2275  2275 I Media_MMService:: MMS: getRegionFromCal Regions_CalID.string(): 0
04-18 15:34:39.280  2275  2275 I Media_MMService:: MMS: getRegionFromCal vehicleRegionFromCal: NA
04-18 15:34:39.280  2275  2275 I Media_MMService:: MMS: MediaGracenote - initializeGracenoteManager() : gnDBPath:/system/media/gracenote/gndb/NA/
04-18 15:34:39.280  2614  2614 E ALSALIB : snd_pcm_close() hw_TDM4RX_dupl_capture closed, ret=0
04-18 15:34:39.280  2614  2614 E ALSALIB : snd_pcm_close() TDM4RX_dupl_capture closed, ret=0
04-18 15:34:39.280  2614  2614 W APM::AudioPolicyManager: Input device 00800000 unreachable
04-18 15:34:39.283  2614  2614 E SoundTriggerHwService: couldn't load sound trigger module sound_trigger.primary (No such file or directory)
04-18 15:34:39.283  2614  2614 I RadioService: RadioService
04-18 15:34:39.283  2614  2614 I RadioService: onFirstRef
04-18 15:34:39.283  2614  2614 E RadioService: couldn't load radio module radio.primary (No such file or directory)
04-18 15:34:39.290  2248  2299 D GMSecurity: waiting for boot complete
04-18 15:34:39.320  2171  2208 I lvds_device: setAuxBrightness MSB :0x05 LSB: 0xe8
04-18 15:34:39.323  2171  2208 I lvds_device: Msg : 0xb1 0x40 0xb 0x4d 0x40 0x32 0x5 0xe8
04-18 15:34:39.355  2258  2666 I chatty  : uid=0(root) tunerAmFm expire 2 lines
04-18 15:34:39.355  2258  2680 I chatty  : uid=0(root) amfmMocMain_GDe expire 29 lines
04-18 15:34:39.357  2258  2369 I chatty  : uid=0(root) qnxcomm expire 2 lines
04-18 15:34:39.391  2614  2614 W isv-omxil: OMX IL core not found
04-18 15:34:39.403  2258  2684 I chatty  : uid=0(root) amfmMain expire 4 lines
04-18 15:34:39.419  2258  2369 I chatty  : uid=0(root) qnxcomm expire 1 line
04-18 15:34:39.419  2266  2266 I chatty  : uid=0(root) /system/vendor/bin/hdcpd expire 1 line
04-18 15:34:39.425  1964  2128 E vehicle_abstraction: CGlobalASignalMappings::signalInfoForAbstractionSignalID unmapped  abstractionID 4359
04-18 15:34:39.439  2275  2275 D Media_MMService:: MMS: MediaGracenote - enableLogging()  entry
04-18 15:34:39.439  2275  2275 D Media_MMService:: MMS: getConfigValue() Entry
04-18 15:34:39.439  2275  2275 D Media_MMService:: MMS: getConfigValue() configname = gracenoteLogFilePath , configValue = /data/mediaFiles/gn.log
04-18 15:34:39.450  1964  2128 E vehicle_abstraction: setIPCReadGlobalAGroupSignalData Signal not found (groupSignal = 0x80F8) 
04-18 15:34:39.450  1964  2128 E vehicle_abstraction: setIPCReadGlobalAGroupSignalData Signal not found (groupSignal = 0x80F9) 
04-18 15:34:39.450  1964  2128 E vehicle_abstraction: setIPCReadGlobalAGroupSignalData Signal not found (groupSignal = 0x80FA) 
04-18 15:34:39.451  1964  2128 E vehicle_abstraction: CODIDynamicDataGroup::processRxGroupSignal ODI data (dataID = 97) not mapped (fucID = 7) 
04-18 15:34:39.491  2275  2275 D Media_MMService:: MMS: getConfigValue() Entry
04-18 15:34:39.491  2275  2275 D Media_MMService:: MMS: getConfigValue() configname = gracenoteMaxFileSize , configValue = 102400
04-18 15:34:39.491  2275  2275 D Media_MMService:: MMS: getConfigValue() Entry
04-18 15:34:39.491  2275  2275 D Media_MMService:: MMS: getConfigValue() configname = gracenoteMaxMemorySize , configValue = 20480
04-18 15:34:39.491  2275  2275 D Media_MMService:: MMS: MediaGracenote - initializeGracenoteManager() maxFileSize:102400
04-18 15:34:39.491  2275  2275 D Media_MMService:: MMS: MediaGracenote - initializeGracenoteManager() maxMemorySize:20480
04-18 15:34:39.498  2270  2287 I chatty  : uid=0(root) /system/bin/vip2nav expire 35 lines
04-18 15:34:39.594  2275  2275 D Media_MMService:: MMS: MediaGracenote create collection(mms_collection) successfully
04-18 15:34:39.595  2275  2275 D Media_MMService:: MMS: MediaGracenote - getuserHandle()  entry
04-18 15:34:39.595  2275  2275 D Media_MMService:: MMS: getConfigValue() Entry
04-18 15:34:39.595  2275  2275 D Media_MMService:: MMS: getConfigValue() configname = gracenoteClientId , configValue = 603392
04-18 15:34:39.595  2275  2275 D Media_MMService:: MMS: getConfigValue() Entry
04-18 15:34:39.595  2275  2275 D Media_MMService:: MMS: getConfigValue() configname = gracenoteClientIdTag , configValue = 269B31247F740C91905AF9275370FFF1
04-18 15:34:39.595  2275  2275 D Media_MMService:: MMS: getConfigValue() Entry
04-18 15:34:39.595  2275  2275 D Media_MMService:: MMS: getConfigValue() configname = gracenoteUserdataPath , configValue = /data/mediaFiles/
04-18 15:34:39.601  2275  2275 D Media_MMService:: MMS: MediaGracenote : created from the saved user, mUser_handle = 0x7f4661d147e8
04-18 15:34:39.620  1964  2128 E vehicle_abstraction: CODIDynamicDataGroup::processRxGroupSignal ODI data (dataID = 7) not mapped (fucID = 7) 
04-18 15:34:39.650  1964  2128 E vehicle_abstraction: setIPCReadGlobalAGroupSignalData Signal not found (groupSignal = 0x80F8) 
04-18 15:34:39.650  1964  2128 E vehicle_abstraction: setIPCReadGlobalAGroupSignalData Signal not found (groupSignal = 0x80F9) 
04-18 15:34:39.650  1964  2128 E vehicle_abstraction: setIPCReadGlobalAGroupSignalData Signal not found (groupSignal = 0x80FA) 
04-18 15:34:39.660  1964  2128 E vehicle_abstraction: CODIDynamicDataGroup::processRxGroupSignal ODI data (dataID = 9) not mapped (fucID = 7) 
04-18 15:34:39.678  2614  2614 I         : OMX IL core libisv_omx_core.so: declares component OMX.Intel.hw_vd.h264
04-18 15:34:39.678  2614  2614 I         : OMX IL core libisv_omx_core.so: declares component OMX.Intel.hw_vd.h264.secure
04-18 15:34:39.678  2614  2614 I         : OMX IL core libisv_omx_core.so: declares component OMX.Intel.hw_ve.h264
04-18 15:34:39.678  2614  2614 I         : OMX IL core libisv_omx_core.so: declares component OMX.Intel.sw_vd.vp8
04-18 15:34:39.678  2614  2614 I         : OMX IL core libisv_omx_core.so: declares component OMX.Intel.hw_vd.vp8
04-18 15:34:39.678  2614  2614 I         : OMX IL core libisv_omx_core.so: declares component OMX.Intel.sw_vd.vp9
04-18 15:34:39.678  2614  2614 I         : OMX IL core libisv_omx_core.so: declares component OMX.Intel.hw_vd.vp9
04-18 15:34:39.678  2614  2614 I         : OMX IL core libisv_omx_core.so: declares component OMX.Intel.sw_vd.h265
04-18 15:34:39.678  2614  2614 I         : OMX IL core libisv_omx_core.so: declares component OMX.Intel.hw_vd.h265
04-18 15:34:39.678  2614  2614 I         : OMX IL core libisv_omx_core.so: declares component OMX.Intel.hw_vd.h265.secure
04-18 15:34:39.678  2614  2614 I         : OMX IL core libisv_omx_core.so: declares component OMX.Intel.hw_ve.vp8
04-18 15:34:39.678  2614  2614 I         : OMX IL core libisv_omx_core.so: declares component OMX.Intel.hw_ve.h265
04-18 15:34:39.678  2614  2614 I         : OMX IL core libisv_omx_core.so: contains 12 components
04-18 15:34:39.680  1964  2128 E vehicle_abstraction: CODIDynamicDataGroup::processRxGroupSignal ODI data (dataID = 10) not mapped (fucID = 7) 
04-18 15:34:39.686  2614  2614 I         : OMX IL core libmdp_omx_core.so: declares component OMX.Intel.mp3.decoder
04-18 15:34:39.686  2614  2614 I         : OMX IL core libmdp_omx_core.so: declares component OMX.Intel.aac.decoder
04-18 15:34:39.686  2614  2614 I         : OMX IL core libmdp_omx_core.so: declares component OMX.Intel.aac.encoder
04-18 15:34:39.686  2614  2614 I         : OMX IL core libmdp_omx_core.so: declares component OMX.Intel.vorbis.decoder
04-18 15:34:39.686  2614  2614 I         : OMX IL core libmdp_omx_core.so: declares component OMX.Intel.amrnb.decoder
04-18 15:34:39.686  2614  2614 I         : OMX IL core libmdp_omx_core.so: declares component OMX.Intel.amrwb.decoder
04-18 15:34:39.686  2614  2614 I         : OMX IL core libmdp_omx_core.so: declares component OMX.Intel.wma.decoder
04-18 15:34:39.686  2614  2614 I         : OMX IL core libmdp_omx_core.so: declares component OMX.Intel.amrnb.encoder
04-18 15:34:39.686  2614  2614 I         : OMX IL core libmdp_omx_core.so: declares component OMX.Intel.amrwb.encoder
04-18 15:34:39.686  2614  2614 I         : OMX IL core libmdp_omx_core.so: contains 9 components
04-18 15:34:39.686  1959  2246 I OMXClient: Using client-side OMX mux.
04-18 15:34:39.687  1959  2246 D AnimEngine: audioThreadState : state: 1
04-18 15:34:39.687  1959  2246 D AnimEngine: AudioCueThread Started
04-18 15:34:39.696  2470  2470 I chatty  : uid=0(root) /system/bin/gmcrashlogd expire 9 lines
04-18 15:34:39.702  1964  2128 E vehicle_abstraction: CODIDynamicDataGroup::processRxGroupSignal ODI data (dataID = 11) not mapped (fucID = 7) 
04-18 15:34:39.780  1964  2128 E vehicle_abstraction: CODIDynamicDataGroup::processRxGroupSignal ODI data (dataID = 15) not mapped (fucID = 7) 
04-18 15:34:39.810  1964  2128 E vehicle_abstraction: CODIDynamicDataGroup::processRxGroupSignal ODI data (dataID = 16) not mapped (fucID = 7) 
04-18 15:34:39.831  1964  2128 E vehicle_abstraction: CODIDynamicDataGroup::processRxGroupSignal ODI data (dataID = 17) not mapped (fucID = 7) 
04-18 15:34:39.851  1964  2128 E vehicle_abstraction: CODIDynamicDataGroup::processRxGroupSignal ODI data (dataID = 18) not mapped (fucID = 7) 
04-18 15:34:39.858  2275  2275 E Media_MMService:: MMS: MediaGracenote error from: gnsdk_manager_user_register()  [on line 382] The client does not have an internet connection.
04-18 15:34:39.858  2275  2275 D Media_MMService:: MMS: MediaGracenote - getuserHandle() register local only successfully
04-18 15:34:39.864  2275  2275 D Media_MMService:: MMS: MediaGracenote : fopen /data/mediaFiles/603392_user.txt sucess
04-18 15:34:39.864  2275  2275 D Media_MMService:: MMS: MediaGracenote : newly created mUser_handle = 0x7f4661d14858
04-18 15:34:39.865  2275  2275 D Media_MMService:: MMS: MediaGracenote userHandle, set lookup mode local
04-18 15:34:39.865  2275  2275 D Media_MMService:: MMS: MediaGracenote - setLocale()  entry
04-18 15:34:39.871  1964  2128 E vehicle_abstraction: CODIDynamicDataGroup::processRxGroupSignal ODI data (dataID = 19) not mapped (fucID = 7) 
04-18 15:34:39.911  1964  2128 E vehicle_abstraction: CODIDynamicDataGroup::processRxGroupSignal ODI data (dataID = 21) not mapped (fucID = 7) 
04-18 15:34:39.929  1964  2128 E vehicle_abstraction: CGlobalASignalMappings::signalInfoForAbstractionSignalID unmapped  abstractionID 4359
04-18 15:34:39.931  1964  2128 E vehicle_abstraction: CODIDynamicDataGroup::processRxGroupSignal ODI data (dataID = 22) not mapped (fucID = 7) 
04-18 15:34:39.944  2275  2275 D Media_MMService:: MMS: printCinemoSDKVersion() Entry
04-18 15:34:39.951  1964  2128 E vehicle_abstraction: CODIDynamicDataGroup::processRxGroupSignal ODI data (dataID = 23) not mapped (fucID = 7) 
04-18 15:34:39.968  2275  2275 I Media_MMService:: MMS: Cinemo Media Engine:: 1: 189: 1: 91513
04-18 15:34:39.969  2275  2275 D Media_MMService:: MMS: MediaEngineHandler - startEngine() Entry
04-18 15:34:39.976  2275  2275 I Media_MMService:: MMS: CinemoCreateMM done
04-18 15:34:39.976  2275  2275 I Media_MMService:: MMS: CinemoCreateDDP done
04-18 15:34:39.976  2275  2275 I Media_MMService:: MMS: getCinemoLogLevel() Entry
04-18 15:34:39.976  2275  2275 I Media_MMService:: Cinemo Verbose Logging - Disabled
04-18 15:34:39.976  2275  2275 I Media_MMService:: Cinemo Trace Logging - Disabled
04-18 15:34:39.976  2275  2275 D Media_MMService:: MMS: getConfigValue() Entry
04-18 15:34:39.976  2275  2275 D Media_MMService:: MMS: getConfigValue() configname = cinemoLogLevel , configValue = 0
04-18 15:34:39.976  2275  2275 I Media_MMService:: MMS: cinemoLogLevel: 0
04-18 15:34:39.982  2275  2275 V CinemoMediaEngine: L0 19:34:39.982 Z0 T2275 SDK::CinemoConfig  <=: CinemoNoError
04-18 15:34:39.982  2275  2275 I Media_MMService:: MMS: Setlog done
04-18 15:34:39.982  2275  2275 D Media_MMService:: MMS: getConfigValue() Entry
04-18 15:34:39.982  2275  2275 D Media_MMService:: MMS: getConfigValue() configname = defaultFoldersPath , configValue = /data/mediaFiles/MediaManagerService
04-18 15:34:39.982  2275  2275 V CinemoMediaEngine: L0 19:34:39.982 Z0 T2275 SDK::CinemoConfig [0x00007F4661B7E8B0]->GetDefaultFolders() =>: szapp=/data/mediaFiles/MediaManagerService
04-18 15:34:39.994  2275  2275 V CinemoMediaEngine: L0 19:34:39.994 Z0 T2275 SDK::CinemoConfig [0x00007F4661B7E8B0]->GetDefaultFolders() <=: CinemoNoError
04-18 15:34:39.994  2275  2275 I CinemoMediaEngine: L2 19:34:39.994 Z0 T2275 SDK::CinemoOption [0x00007F4661B7E8B0]->SetOption() =>: szid=MM/ICU/DataFile, szvalue=/system/usr/icu/icudt55l.dat
04-18 15:34:39.994  2275  2275 V CinemoMediaEngine: L0 19:34:39.994 Z3 T2275 NmeApp NMECTL_SET_OPTION
04-18 15:34:39.994  2275  2275 I CinemoMediaEngine: L2 19:34:39.994 Z0 T2275 SDK::CinemoOption [0x00007F4661B7E8B0]->SetOption() <=: CinemoNoError
04-18 15:34:39.994  2275  2275 D Media_MMService:: MMS: getConfigValue() Entry
04-18 15:34:39.994  2275  2275 D Media_MMService:: MMS: getConfigValue() configname = pluginDirectoryPath , configValue = /system/lib64
04-18 15:34:39.994  2275  2275 V CinemoMediaEngine: L0 19:34:39.994 Z0 T2275 SDK::CinemoConfig [0x00007F4661B7E8B0]->SetPluginDirectory() =>: szdir=/system/lib64
04-18 15:34:39.994  2275  2275 V CinemoMediaEngine: L0 19:34:39.994 Z3 T2275 NmeApp NMECTL_INIT
04-18 15:34:39.994  2275  2704 I CinemoMediaEngine: L2 19:34:39.994 Z3 T2704 NmeClassFactory Init(/system/lib64)
04-18 15:34:39.994  2275  2704 I CinemoMediaEngine: L2 19:34:39.994 Z3 T2704 NmeClassModules Initialize(): using plugin path: /system/lib64
04-18 15:34:39.995  2275  2704 D CinemoMediaEngine: L1 19:34:39.994 Z3 T2704 NmeClassDLL NmeBaseClasses 1.189.1.91513 stable-20180811-0328-gm_harman_info3_my21 Mar-22-2019 androidndk_GMHarmanINFO3MidHigh_MY21_gm_harman
04-18 15:34:40.020  1975  2150 I [PLSS]PMSvc: got unchanged system state: 16
04-18 15:34:40.036  1964  2128 E vehicle_abstraction: CODIDynamicDataGroup::processRxGroupSignal ODI data (dataID = 26) not mapped (fucID = 7) 
04-18 15:34:40.044  2275  2275 D CinemoMediaEngine: L1 19:34:40.044 Z0 T2275 NmeClassDLL NmeSDK 1.189.1.91513 stable-20180811-0328-gm_harman_info3_my21 Mar-22-2019 androidndk_GMHarmanINFO3MidHigh_MY21_gm_harman
04-18 15:34:40.044  2275  2275 V CinemoMediaEngine: L0 19:34:40.044 Z0 T2275 SDK::CinemoConfig [0x00007F4661B7E8B0]->SetPluginDirectory() <=: CinemoNoError
04-18 15:34:40.044  2275  2275 I Media_MMService:: MMS: SetPluginDirectory done
04-18 15:34:40.044  2275  2275 D Media_MMService:: MMS: getConfigValue() Entry
04-18 15:34:40.044  2275  2275 D Media_MMService:: MMS: getConfigValue() configname = serverUrl , configValue = [::1]:23232
04-18 15:34:40.044  2275  2275 I CinemoMediaEngine: L2 19:34:40.044 Z0 T2275 SDK::CinemoOption [0x00007F4661B7E8B0]->SetOption() =>: szid=MM/Server/URL, szvalue=[::1]:23232
04-18 15:34:40.044  2275  2275 V CinemoMediaEngine: L0 19:34:40.044 Z3 T2275 NmeApp NMECTL_SET_OPTION
04-18 15:34:40.045  2275  2275 I CinemoMediaEngine: L2 19:34:40.045 Z0 T2275 SDK::CinemoOption [0x00007F4661B7E8B0]->SetOption() <=: CinemoNoError
04-18 15:34:40.045  2275  2275 I Media_MMService:: MMS: SetServerUrl done
04-18 15:34:40.045  2275  2275 D Media_MMService:: MMS: getConfigValue() Entry
04-18 15:34:40.045  2275  2275 D Media_MMService:: MMS: getConfigValue() configname = maxDBSize , configValue = 100
04-18 15:34:40.045  2275  2275 I CinemoMediaEngine: L2 19:34:40.045 Z0 T2275 SDK::CinemoOption [0x00007F4661B7E8B0]->SetOption() =>: szid=MM/Quota/Storage, szvalue=100
04-18 15:34:40.045  2275  2275 V CinemoMediaEngine: L0 19:34:40.045 Z3 T2275 NmeApp NMECTL_SET_OPTION
04-18 15:34:40.046  2275  2275 I CinemoMediaEngine: L2 19:34:40.046 Z0 T2275 SDK::CinemoOption [0x00007F4661B7E8B0]->SetOption() <=: CinemoNoError
04-18 15:34:40.046  2275  2275 I Media_MMService:: MMS: SetQuotaStorage done
04-18 15:34:40.046  2275  2275 I CinemoMediaEngine: L2 19:34:40.046 Z0 T2275 SDK::CinemoOption [0x00007F4661B7E8B0]->SetOption() =>: szid=MM/Mount/ExistingVolumes, szvalue=FALSE
04-18 15:34:40.046  2275  2275 V CinemoMediaEngine: L0 19:34:40.046 Z3 T2275 NmeApp NMECTL_SET_OPTION
04-18 15:34:40.046  2275  2275 I CinemoMediaEngine: L2 19:34:40.046 Z0 T2275 SDK::CinemoOption [0x00007F4661B7E8B0]->SetOption() <=: CinemoNoError
04-18 15:34:40.046  2275  2275 I Media_MMService:: MMS: SetStartup AutoMountDisable done:
04-18 15:34:40.046  2275  2275 D Media_MMService:: MMS: getConfigValue() Entry
04-18 15:34:40.046  2275  2275 D Media_MMService:: MMS: getConfigValue() configname = cinemoMMConfigXMLPath , configValue = /system/media/config/HarmanINFO3_cinemo_mm.xml
04-18 15:34:40.046  2275  2275 I CinemoMediaEngine: L2 19:34:40.046 Z0 T2275 SDK::CinemoOption [0x00007F4661B7E8B0]->SetOption() =>: szid=MM/Config/ConfigXML, szvalue=/system/media/config/HarmanINFO3_cinemo_mm.xml
04-18 15:34:40.046  2275  2275 V CinemoMediaEngine: L0 19:34:40.046 Z3 T2275 NmeApp NMECTL_SET_OPTION
04-18 15:34:40.046  2275  2275 I CinemoMediaEngine: L2 19:34:40.046 Z0 T2275 SDK::CinemoOption [0x00007F4661B7E8B0]->SetOption() <=: CinemoNoError
04-18 15:34:40.046  2275  2275 I Media_MMService:: MMS: SetMMConfigXML done
04-18 15:34:40.046  2275  2275 I CinemoMediaEngine: L2 19:34:40.046 Z0 T2275 SDK::CinemoOption [0x00007F4661B7E8B0]->SetOption() =>: szid=MM/EnableJournaling, szvalue=1
04-18 15:34:40.046  2275  2275 V CinemoMediaEngine: L0 19:34:40.046 Z3 T2275 NmeApp NMECTL_SET_OPTION
04-18 15:34:40.046  2275  2275 I CinemoMediaEngine: L2 19:34:40.046 Z0 T2275 SDK::CinemoOption [0x00007F4661B7E8B0]->SetOption() <=: CinemoNoError
04-18 15:34:40.046  2275  2275 I Media_MMService:: MMS: EnableJournaling done
04-18 15:34:40.046  2275  2275 I CinemoMediaEngine: L2 19:34:40.046 Z0 T2275 SDK::CinemoOption [0x00007F4661B7E8B0]->SetOption() =>: szid=General/File/FailUnsupportedVideo, szvalue=TRUE
04-18 15:34:40.046  2275  2275 V CinemoMediaEngine: L0 19:34:40.046 Z3 T2275 NmeApp NMECTL_SET_OPTION
04-18 15:34:40.046  2275  2275 I CinemoMediaEngine: L2 19:34:40.046 Z0 T2275 SDK::CinemoOption [0x00007F4661B7E8B0]->SetOption() <=: CinemoNoError
04-18 15:34:40.046  2275  2275 I Media_MMService:: MMS: CINEMO_OPTION_FILE_FAIL_UNSUPPORTED_VIDEO done:
04-18 15:34:40.046  2275  2275 I CinemoMediaEngine: L2 19:34:40.046 Z0 T2275 SDK::CinemoOption [0x00007F4661B7E8B0]->SetOption() =>: szid=General/File/FailUnsupportedAudio, szvalue=TRUE
04-18 15:34:40.046  2275  2275 V CinemoMediaEngine: L0 19:34:40.046 Z3 T2275 NmeApp NMECTL_SET_OPTION
04-18 15:34:40.046  2275  2275 I CinemoMediaEngine: L2 19:34:40.046 Z0 T2275 SDK::CinemoOption [0x00007F4661B7E8B0]->SetOption() <=: CinemoNoError
04-18 15:34:40.046  2275  2275 I Media_MMService:: MMS: CINEMO_OPTION_FILE_FAIL_UNSUPPORTED_AUDIO done:
04-18 15:34:40.046  2275  2275 I CinemoMediaEngine: L2 19:34:40.046 Z0 T2275 SDK::CinemoOption [0x00007F4661B7E8B0]->SetOption() =>: szid=MM/Thumb/SkipVideos, szvalue=TRUE
04-18 15:34:40.046  2275  2275 V CinemoMediaEngine: L0 19:34:40.046 Z3 T2275 NmeApp NMECTL_SET_OPTION
04-18 15:34:40.047  2275  2275 I CinemoMediaEngine: L2 19:34:40.047 Z0 T2275 SDK::CinemoOption [0x00007F4661B7E8B0]->SetOption() <=: CinemoNoError
04-18 15:34:40.047  2275  2275 I Media_MMService:: MMS: CINEMO_OPTION_MM_THUMB_SKIP_VIDEOS done:
04-18 15:34:40.047  2275  2275 I CinemoMediaEngine: L2 19:34:40.047 Z0 T2275 SDK::CinemoOption [0x00007F4661B7E8B0]->SetOption() =>: szid=MM/Thumb/SkipImages, szvalue=TRUE
04-18 15:34:40.047  2275  2275 V CinemoMediaEngine: L0 19:34:40.047 Z3 T2275 NmeApp NMECTL_SET_OPTION
04-18 15:34:40.047  2275  2275 I CinemoMediaEngine: L2 19:34:40.047 Z0 T2275 SDK::CinemoOption [0x00007F4661B7E8B0]->SetOption() <=: CinemoNoError
04-18 15:34:40.047  2275  2275 I Media_MMService:: MMS: CINEMO_OPTION_MM_THUMB_SKIP_IMAGES done:
04-18 15:34:40.047  2275  2275 I CinemoMediaEngine: L2 19:34:40.047 Z0 T2275 SDK::CinemoOption [0x00007F4661B7E8B0]->SetOption() =>: szid=Video/DivXCompatibility/EnableAVI, szvalue=TRUE
04-18 15:34:40.047  2275  2275 V CinemoMediaEngine: L0 19:34:40.047 Z3 T2275 NmeApp NMECTL_SET_OPTION
04-18 15:34:40.047  2275  2275 I CinemoMediaEngine: L2 19:34:40.047 Z0 T2275 SDK::CinemoOption [0x00007F4661B7E8B0]->SetOption() <=: CinemoNoError
04-18 15:34:40.047  2275  2275 I Media_MMService:: MMS: CINEMO_OPTION_VIDEO_DIVXCOMPATIBILITY_ENABLE_AVI done
04-18 15:34:40.047  2275  2275 I CinemoMediaEngine: L2 19:34:40.047 Z0 T2275 SDK::CinemoOption [0x00007F4661B7E8B0]->SetOption() =>: szid=Video/DivXCompatibility/EnableMKV, szvalue=TRUE
04-18 15:34:40.047  2275  2275 V CinemoMediaEngine: L0 19:34:40.047 Z3 T2275 NmeApp NMECTL_SET_OPTION
04-18 15:34:40.047  2275  2275 I CinemoMediaEngine: L2 19:34:40.047 Z0 T2275 SDK::CinemoOption [0x00007F4661B7E8B0]->SetOption() <=: CinemoNoError
04-18 15:34:40.047  2275  2275 I Media_MMService:: MMS: CINEMO_OPTION_VIDEO_DIVXCOMPATIBILITY_ENABLE_MKV done
04-18 15:34:40.047  2275  2275 I CinemoMediaEngine: L2 19:34:40.047 Z0 T2275 SDK::CinemoOption [0x00007F4661B7E8B0]->SetOption() =>: szid=Video/DivXCompatibility/SkipStreamMarkerCheck, szvalue=TRUE
04-18 15:34:40.047  2275  2275 V CinemoMediaEngine: L0 19:34:40.047 Z3 T2275 NmeApp NMECTL_SET_OPTION
04-18 15:34:40.047  2275  2275 I CinemoMediaEngine: L2 19:34:40.047 Z0 T2275 SDK::CinemoOption [0x00007F4661B7E8B0]->SetOption() <=: CinemoNoError
04-18 15:34:40.047  2275  2275 I Media_MMService:: MMS: CINEMO_OPTION_VIDEO_DIVXCOMPATIBILITY_SKIP_STREAMMARKER_CHECK done
04-18 15:34:40.047  2275  2275 D Media_MMService:: MMS: getRegionFromCal() Entry
04-18 15:34:40.047  2275  2275 I Media_MMService:: MMS: getRegionFromCal Regions_CalID.string(): 0
04-18 15:34:40.047  2275  2275 I Media_MMService:: MMS: getRegionFromCal vehicleRegionFromCal: NA
04-18 15:34:40.047  2275  2275 D Media_MMService:: MMS: getConfigValue() Entry
04-18 15:34:40.047  2275  2275 D Media_MMService:: MMS: getConfigValue() configname = browseSortOrder , configValue = u-kr-latn-digit-symbol-currency-punct-space-Zzzz
04-18 15:34:40.048  2275  2275 I Media_MMService:: MediaEngineHandler::Language set to: en-US
04-18 15:34:40.048  2275  2275 I Media_MMService:: MediaEngineHandler::Language order set to: en-US-u-kr-latn-digit-symbol-currency-punct-space-Zzzz
04-18 15:34:40.048  2275  2275 I CinemoMediaEngine: L2 19:34:40.048 Z0 T2275 SDK::CinemoOption [0x00007F4661B7E8B0]->SetOption() =>: szid=MM/ICU/Sort/Locale, szvalue=en-US-u-kr-latn-digit-symbol-currency-punct-space-Zzzz
04-18 15:34:40.048  2275  2275 V CinemoMediaEngine: L0 19:34:40.048 Z3 T2275 NmeApp NMECTL_SET_OPTION
04-18 15:34:40.048  2275  2275 I CinemoMediaEngine: L2 19:34:40.048 Z0 T2275 SDK::CinemoOption [0x00007F4661B7E8B0]->SetOption() <=: CinemoNoError
04-18 15:34:40.048  2275  2275 I Media_MMService:: MMS: CINEMO_OPTION_MM_ICU_SORT_LOCALE set to: en-US-u-kr-latn-digit-symbol-currency-punct-space-Zzzz
04-18 15:34:40.048  2275  2275 I CinemoMediaEngine: L2 19:34:40.048 Z0 T2275 SDK::CinemoOption [0x00007F4661B7E8B0]->SetOption() =>: szid=General/Playlist/ICU/Locale, szvalue=en-US-u-kr-latn-digit-symbol-currency-punct-space-Zzzz
04-18 15:34:40.048  2275  2275 V CinemoMediaEngine: L0 19:34:40.048 Z3 T2275 NmeApp NMECTL_SET_OPTION
04-18 15:34:40.048  2275  2275 I CinemoMediaEngine: L2 19:34:40.048 Z0 T2275 SDK::CinemoOption [0x00007F4661B7E8B0]->SetOption() <=: CinemoNoError
04-18 15:34:40.048  2275  2275 I Media_MMService:: DDP: CINEMO_OPTION_PLAYLIST_ICU_LOCALE set to: en-US-u-kr-latn-digit-symbol-currency-punct-space-Zzzz
04-18 15:34:40.048  2275  2275 I CinemoMediaEngine: L2 19:34:40.048 Z0 T2275 SDK::CinemoOption [0x00007F4661B7E8B0]->SetOption() =>: szid=Distributed/SSDP/EnableDiscovery, szvalue=FALSE
04-18 15:34:40.048  2275  2275 V CinemoMediaEngine: L0 19:34:40.048 Z3 T2275 NmeApp NMECTL_SET_OPTION
04-18 15:34:40.048  2275  2275 I CinemoMediaEngine: L2 19:34:40.048 Z0 T2275 SDK::CinemoOption [0x00007F4661B7E8B0]->SetOption() <=: CinemoNoError
04-18 15:34:40.048  2275  2275 I CinemoMediaEngine: L2 19:34:40.048 Z0 T2275 SDK::CinemoOption [0x00007F4661B7E8B0]->SetOption() =>: szid=MM/SSDP/EnableDiscovery, szvalue=FALSE
04-18 15:34:40.048  2275  2275 V CinemoMediaEngine: L0 19:34:40.048 Z3 T2275 NmeApp NMECTL_SET_OPTION
04-18 15:34:40.048  2275  2275 I CinemoMediaEngine: L2 19:34:40.048 Z0 T2275 SDK::CinemoOption [0x00007F4661B7E8B0]->SetOption() <=: CinemoNoError
04-18 15:34:40.048  2275  2275 I Media_MMService:: MMS: Disable SSDP discovery done:
04-18 15:34:40.048  2275  2275 D Media_MMService:: MMS: getRegionFromCal() Entry
04-18 15:34:40.048  2275  2275 I Media_MMService:: MMS: getRegionFromCal Regions_CalID.string(): 0
04-18 15:34:40.048  2275  2275 I Media_MMService:: MMS: getRegionFromCal vehicleRegionFromCal: NA
04-18 15:34:40.048  2275  2275 I Media_MMService:: MediaEngineHandler::Region is NA
04-18 15:34:40.048  2275  2275 I CinemoMediaEngine: L2 19:34:40.048 Z0 T2275 SDK::CinemoOption [0x00007F4661B7E8B0]->SetOption() =>: szid=General/Metadata/DefaultCharacterSet, szvalue=utf-8
04-18 15:34:40.048  2275  2275 V CinemoMediaEngine: L0 19:34:40.048 Z3 T2275 NmeApp NMECTL_SET_OPTION
04-18 15:34:40.048  2275  2275 I CinemoMediaEngine: L2 19:34:40.048 Z0 T2275 SDK::CinemoOption [0x00007F4661B7E8B0]->SetOption() <=: CinemoNoError
04-18 15:34:40.048  2275  2275 I Media_MMService:: MMS: CodePage set done:
04-18 15:34:40.048  2275  2275 I CinemoMediaEngine: L2 19:34:40.048 Z0 T2275 SDK::CinemoOption [0x00007F4661B7E8B0]->SetOption() =>: szid=Thread/Priority/Indexing, szvalue=10
04-18 15:34:40.048  2275  2275 V CinemoMediaEngine: L0 19:34:40.048 Z3 T2275 NmeApp NMECTL_SET_OPTION
04-18 15:34:40.048  2275  2275 I CinemoMediaEngine: L2 19:34:40.048 Z0 T2275 SDK::CinemoOption [0x00007F4661B7E8B0]->SetOption() <=: CinemoNoError
04-18 15:34:40.048  2275  2275 I Media_MMService:: MMS: Indexing thread priority set done:
04-18 15:34:40.048  2275  2275 D Media_MMService:: MMS: getConfigValue() Entry
04-18 15:34:40.048  2275  2275 D Media_MMService:: MMS: getConfigValue() configname = restoreOnExit , configValue = 0
04-18 15:34:40.048  2275  2275 I CinemoMediaEngine: L2 19:34:40.048 Z0 T2275 SDK::CinemoOption [0x00007F4661B7E8B0]->SetOption() =>: szid=iAP/iAP1/RestoreOnExit, szvalue=0
04-18 15:34:40.048  2275  2275 V CinemoMediaEngine: L0 19:34:40.048 Z3 T2275 NmeApp NMECTL_SET_OPTION
04-18 15:34:40.048  2275  2275 I CinemoMediaEngine: L2 19:34:40.048 Z0 T2275 SDK::CinemoOption [0x00007F4661B7E8B0]->SetOption() <=: CinemoNoError
04-18 15:34:40.048  2275  2275 I Media_MMService:: MMS: IAP1 restore on exit set done :
04-18 15:34:40.048  2275  2275 D Media_MMService:: MMS: getConfigValue() Entry
04-18 15:34:40.048  2275  2275 D Media_MMService:: MMS: getConfigValue() configname = iAPTransportString , configValue = ?ffs_path = /dev/ffs&ncm_interface=1
04-18 15:34:40.048  2275  2275 I CinemoMediaEngine: L2 19:34:40.048 Z0 T2275 SDK::CinemoOption [0x00007F4661B7E8B0]->SetOption() =>: szid=iAP/Transport/OptionString, szvalue=?ffs_path = /dev/ffs&ncm_interface=1
04-18 15:34:40.049  2275  2275 V CinemoMediaEngine: L0 19:34:40.049 Z3 T2275 NmeApp NMECTL_SET_OPTION
04-18 15:34:40.049  2275  2275 I CinemoMediaEngine: L2 19:34:40.049 Z0 T2275 SDK::CinemoOption [0x00007F4661B7E8B0]->SetOption() <=: CinemoNoError
04-18 15:34:40.049  2275  2275 I Media_MMService:: MMS: IAP2 NCM configuration 0 set done :
04-18 15:34:40.049  2275  2275 D Media_MMService:: MMS: getConfigValue() Entry
04-18 15:34:40.049  2275  2275 D Media_MMService:: MMS: getConfigValue() configname = indexTimeOut , configValue = 10000
04-18 15:34:40.049  2275  2275 I CinemoMediaEngine: L2 19:34:40.049 Z0 T2275 SDK::CinemoOption [0x00007F4661B7E8B0]->SetOption() =>: szid=MM/Indexer/iAP2Timeout, szvalue=10000
04-18 15:34:40.049  2275  2275 V CinemoMediaEngine: L0 19:34:40.049 Z3 T2275 NmeApp NMECTL_SET_OPTION
04-18 15:34:40.049  2275  2275 I CinemoMediaEngine: L2 19:34:40.049 Z0 T2275 SDK::CinemoOption [0x00007F4661B7E8B0]->SetOption() <=: CinemoNoError
04-18 15:34:40.049  2275  2275 I Media_MMService:: MMS: indexing time out[10sec] done :
04-18 15:34:40.049  2275  2275 D Media_MMService:: MMS: getConfigValue() Entry
04-18 15:34:40.049  2275  2275 D Media_MMService:: MMS: getConfigValue() configname = appleAuthenticationUrl , configValue = i2c:///dev/i2c-2:16
04-18 15:34:40.049  2275  2275 I CinemoMediaEngine: L2 19:34:40.049 Z0 T2275 SDK::CinemoOption [0x00007F4661B7E8B0]->SetOption() =>: szid=AppleAuth/URL, szvalue=i2c:///dev/i2c-2:16
04-18 15:34:40.049  2275  2275 V CinemoMediaEngine: L0 19:34:40.049 Z3 T2275 NmeApp NMECTL_SET_OPTION
04-18 15:34:40.049  2275  2275 I CinemoMediaEngine: L2 19:34:40.049 Z0 T2275 SDK::CinemoOption [0x00007F4661B7E8B0]->SetOption() <=: CinemoNoError
04-18 15:34:40.049  2275  2275 I Media_MMService:: MMS: Apple authentication URL set done :
04-18 15:34:40.049  2275  2275 D Media_MMService:: MMS: getConfigValue() Entry
04-18 15:34:40.049  2275  2275 D Media_MMService:: MMS: getConfigValue() configname = iapTBTTimeout , configValue = 3000
04-18 15:34:40.049  2275  2275 I CinemoMediaEngine: L2 19:34:40.049 Z0 T2275 SDK::CinemoOption [0x00007F4661B7E8B0]->SetOption() =>: szid=iAP/TrackByTrackTimeout, szvalue=3000
04-18 15:34:40.049  2275  2275 V CinemoMediaEngine: L0 19:34:40.049 Z3 T2275 NmeApp NMECTL_SET_OPTION
04-18 15:34:40.049  2275  2275 I CinemoMediaEngine: L2 19:34:40.049 Z0 T2275 SDK::CinemoOption [0x00007F4661B7E8B0]->SetOption() <=: CinemoNoError
04-18 15:34:40.049  2275  2275 I Media_MMService:: MMS: iap time out [3sec] :
