04-20 07:29:52.272  2812  2812 I auditd  : type=1400 audit(0.0:2696710): avc: denied { sys_ptrace } for comm="ps" capability=19 scontext=u:r:gmloggerd:s0 tcontext=u:r:gmloggerd:s0 tclass=capability permissive=0
04-20 07:29:52.272  2812  2812 I auditd  : type=1400 audit(0.0:2696711): avc: denied { sys_ptrace } for comm="ps" capability=19 scontext=u:r:gmloggerd:s0 tcontext=u:r:gmloggerd:s0 tclass=capability permissive=0
04-20 07:29:52.273  2812  2812 I auditd  : type=1400 audit(0.0:2696712): avc: denied { sys_ptrace } for comm="ps" capability=19 scontext=u:r:gmloggerd:s0 tcontext=u:r:gmloggerd:s0 tclass=capability permissive=0
04-20 07:29:52.273  2812  2812 I auditd  : type=1400 audit(0.0:2696713): avc: denied { sys_ptrace } for comm="ps" capability=19 scontext=u:r:gmloggerd:s0 tcontext=u:r:gmloggerd:s0 tclass=capability permissive=0
04-20 07:29:52.273  2812  2812 I auditd  : type=1400 audit(0.0:2696714): avc: denied { sys_ptrace } for comm="ps" capability=19 scontext=u:r:gmloggerd:s0 tcontext=u:r:gmloggerd:s0 tclass=capability permissive=0
04-20 07:29:52.273  2812  2812 I auditd  : type=1400 audit(0.0:2696715): avc: denied { sys_ptrace } for comm="ps" capability=19 scontext=u:r:gmloggerd:s0 tcontext=u:r:gmloggerd:s0 tclass=capability permissive=0
04-20 07:29:52.273  2812  2812 I auditd  : type=1400 audit(0.0:2696716): avc: denied { sys_ptrace } for comm="ps" capability=19 scontext=u:r:gmloggerd:s0 tcontext=u:r:gmloggerd:s0 tclass=capability permissive=0
04-20 07:29:52.273  2812  2812 I auditd  : type=1400 audit(0.0:2696717): avc: denied { sys_ptrace } for comm="ps" capability=19 scontext=u:r:gmloggerd:s0 tcontext=u:r:gmloggerd:s0 tclass=capability permissive=0
04-20 07:29:52.273  2812  2812 I auditd  : type=1400 audit(0.0:2696718): avc: denied { sys_ptrace } for comm="ps" capability=19 scontext=u:r:gmloggerd:s0 tcontext=u:r:gmloggerd:s0 tclass=capability permissive=0
04-20 07:29:52.273  2812  2812 I auditd  : type=1400 audit(0.0:2696719): avc: denied { sys_ptrace } for comm="ps" capability=19 scontext=u:r:gmloggerd:s0 tcontext=u:r:gmloggerd:s0 tclass=capability permissive=0
04-20 07:29:52.274  2812  2812 I auditd  : type=1400 audit(0.0:2696720): avc: denied { sys_ptrace } for comm="ps" capability=19 scontext=u:r:gmloggerd:s0 tcontext=u:r:gmloggerd:s0 tclass=capability permissive=0
04-20 07:29:52.274  2812  2812 I auditd  : type=1400 audit(0.0:2696721): avc: denied { sys_ptrace } for comm="ps" capability=19 scontext=u:r:gmloggerd:s0 tcontext=u:r:gmloggerd:s0 tclass=capability permissive=0
04-20 07:29:52.274  2812  2812 I auditd  : type=1400 audit(0.0:2696722): avc: denied { sys_ptrace } for comm="ps" capability=19 scontext=u:r:gmloggerd:s0 tcontext=u:r:gmloggerd:s0 tclass=capability permissive=0
04-20 07:29:52.274  2812  2812 I auditd  : type=1400 audit(0.0:2696723): avc: denied { sys_ptrace } for comm="ps" capability=19 scontext=u:r:gmloggerd:s0 tcontext=u:r:gmloggerd:s0 tclass=capability permissive=0
04-20 07:29:52.274  2812  2812 I auditd  : type=1400 audit(0.0:2696724): avc: denied { sys_ptrace } for comm="ps" capability=19 scontext=u:r:gmloggerd:s0 tcontext=u:r:gmloggerd:s0 tclass=capability permissive=0
04-20 07:29:52.274  2812  2812 I auditd  : type=1400 audit(0.0:2696725): avc: denied { sys_ptrace } for comm="ps" capability=19 scontext=u:r:gmloggerd:s0 tcontext=u:r:gmloggerd:s0 tclass=capability permissive=0
04-20 07:29:52.275  2812  2812 I auditd  : type=1400 audit(0.0:2696726): avc: denied { sys_ptrace } for comm="ps" capability=19 scontext=u:r:gmloggerd:s0 tcontext=u:r:gmloggerd:s0 tclass=capability permissive=0
04-20 07:29:52.275  2812  2812 I auditd  : type=1400 audit(0.0:2696727): avc: denied { sys_ptrace } for comm="ps" capability=19 scontext=u:r:gmloggerd:s0 tcontext=u:r:gmloggerd:s0 tclass=capability permissive=0
04-20 07:29:52.276  2812  2812 I auditd  : type=1400 audit(0.0:2696728): avc: denied { sys_ptrace } for comm="ps" capability=19 scontext=u:r:gmloggerd:s0 tcontext=u:r:gmloggerd:s0 tclass=capability permissive=0
04-20 07:29:53.603  4413  4460 V OnStarCommands: onCellNetInfo: cellNetworkName:AT&T cellNetworkSignal:2 cellNetworkState:0 cellNetworkType: 7
04-20 07:29:53.603  4413  4460 D OnStarCommands: getSignalLevel: 2 -> 6
04-20 07:29:53.603  4413  4460 D OnStarCommands: getVoiceRegState: state = 1
04-20 07:29:53.603  4413  4460 D OnStarCommands: onCellNetInfo: No mVoiceNetworkStateRegistrants to notify
04-20 07:29:53.607  4413  4413 V OnStarServiceStateTracker: handleMessage: SIGNAL STRENGTH event = 12  current phone is not OnStar
04-20 07:29:53.607  4413  4413 V OnStarServiceStateTracker: handleMessage: EVENT_NETWORK_STATE_CHANGED: polling states...
04-20 07:29:53.607  4413  4413 V OnStarServiceStateTracker: pollState
04-20 07:29:53.607  4413  4413 D OnStarCommands: getVoiceRegState: state = 1
04-20 07:29:53.607  4413  4413 D OnStarCommands: getOperator: operatorName = AT&T
04-20 07:29:53.607  4413  4413 V OnStarServiceStateTracker: handleMessage: EVENT_POLL_STATE_REGISTRATION: processing...
04-20 07:29:53.607  4413  4413 D OnStarServiceStateTracker: handlePollStateResult: EVENT_POLL_STATE_REGISTRATION: regCode:1, serviceState:0
04-20 07:29:53.607  4413  4413 D PHONE   : [ServiceState] setVoiceRegState=0
04-20 07:29:53.607  4413  4413 V OnStarServiceStateTracker: handleMessage: EVENT_POLL_STATE_OPERATOR: processing...
04-20 07:29:53.607  4413  4413 D OnStarServiceStateTracker: handlePollStateResult: EVENT_POLL_STATE_OPERATOR: opNames[0]: 'AT&T' opNames[1]: '' opNames[2]: ''
04-20 07:29:53.613  4413  4413 D OnStarServiceStateTracker: pollStateDone: oldSS=[0 1 voice home data home AT&T   AT&T    Unknown Unknown CSS not supported -1 -1 RoamInd=-1 DefRoamInd=-1 EmergOnly=false IsDataRoamingFromRegistration=false] newSS=[0 1 voice home data home AT&T   AT&T    Unknown Unknown CSS not supported -1 -1 RoamInd=-1 DefRoamInd=-1 EmergOnly=false IsDataRoamingFromRegistration=false]
04-20 07:29:53.613  4413  4413 D PHONE   : [ServiceState] setNullState=1
04-20 07:29:53.614  4413  4413 D OnStarServiceStateTracker: pollStateDone: Current OutgoingPhone is not OnStar.
04-20 07:29:55.829  4413  4713 V OnStarCommands: onCellNetInfo: cellNetworkName:AT&T cellNetworkSignal:3 cellNetworkState:0 cellNetworkType: 7
04-20 07:29:55.829  4413  4713 D OnStarCommands: getSignalLevel: 3 -> 8
04-20 07:29:55.829  4413  4713 D OnStarCommands: getVoiceRegState: state = 1
04-20 07:29:55.829  4413  4713 D OnStarCommands: onCellNetInfo: No mVoiceNetworkStateRegistrants to notify
04-20 07:29:55.830  4413  4413 V OnStarServiceStateTracker: handleMessage: SIGNAL STRENGTH event = 12  current phone is not OnStar
04-20 07:29:55.830  4413  4413 V OnStarServiceStateTracker: handleMessage: EVENT_NETWORK_STATE_CHANGED: polling states...
04-20 07:29:55.830  4413  4413 V OnStarServiceStateTracker: pollState
04-20 07:29:55.830  4413  4413 D OnStarCommands: getVoiceRegState: state = 1
04-20 07:29:55.830  4413  4413 D OnStarCommands: getOperator: operatorName = AT&T
04-20 07:29:55.830  4413  4413 V OnStarServiceStateTracker: handleMessage: EVENT_POLL_STATE_REGISTRATION: processing...
04-20 07:29:55.830  4413  4413 D OnStarServiceStateTracker: handlePollStateResult: EVENT_POLL_STATE_REGISTRATION: regCode:1, serviceState:0
04-20 07:29:55.830  4413  4413 D PHONE   : [ServiceState] setVoiceRegState=0
04-20 07:29:55.830  4413  4413 V OnStarServiceStateTracker: handleMessage: EVENT_POLL_STATE_OPERATOR: processing...
04-20 07:29:55.830  4413  4413 D OnStarServiceStateTracker: handlePollStateResult: EVENT_POLL_STATE_OPERATOR: opNames[0]: 'AT&T' opNames[1]: '' opNames[2]: ''
04-20 07:29:55.834  4413  4413 D OnStarServiceStateTracker: pollStateDone: oldSS=[0 1 voice home data home AT&T   AT&T    Unknown Unknown CSS not supported -1 -1 RoamInd=-1 DefRoamInd=-1 EmergOnly=false IsDataRoamingFromRegistration=false] newSS=[0 1 voice home data home AT&T   AT&T    Unknown Unknown CSS not supported -1 -1 RoamInd=-1 DefRoamInd=-1 EmergOnly=false IsDataRoamingFromRegistration=false]
04-20 07:29:55.834  4413  4413 D PHONE   : [ServiceState] setNullState=1
04-20 07:29:55.835  4413  4413 D OnStarServiceStateTracker: pollStateDone: Current OutgoingPhone is not OnStar.
04-20 07:29:58.085  4413  4907 V OnStarCommands: onCellNetInfo: cellNetworkName:AT&T cellNetworkSignal:2 cellNetworkState:0 cellNetworkType: 7
04-20 07:29:58.086  4413  4907 D OnStarCommands: getSignalLevel: 2 -> 6
04-20 07:29:58.086  4413  4907 D OnStarCommands: getVoiceRegState: state = 1
04-20 07:29:58.086  4413  4907 D OnStarCommands: onCellNetInfo: No mVoiceNetworkStateRegistrants to notify
04-20 07:29:58.089  4413  4413 V OnStarServiceStateTracker: handleMessage: SIGNAL STRENGTH event = 12  current phone is not OnStar
04-20 07:29:58.089  4413  4413 V OnStarServiceStateTracker: handleMessage: EVENT_NETWORK_STATE_CHANGED: polling states...
04-20 07:29:58.089  4413  4413 V OnStarServiceStateTracker: pollState
04-20 07:29:58.089  4413  4413 D OnStarCommands: getVoiceRegState: state = 1
04-20 07:29:58.089  4413  4413 D OnStarCommands: getOperator: operatorName = AT&T
04-20 07:29:58.089  4413  4413 V OnStarServiceStateTracker: handleMessage: EVENT_POLL_STATE_REGISTRATION: processing...
04-20 07:29:58.089  4413  4413 D OnStarServiceStateTracker: handlePollStateResult: EVENT_POLL_STATE_REGISTRATION: regCode:1, serviceState:0
04-20 07:29:58.089  4413  4413 D PHONE   : [ServiceState] setVoiceRegState=0
04-20 07:29:58.089  4413  4413 V OnStarServiceStateTracker: handleMessage: EVENT_POLL_STATE_OPERATOR: processing...
04-20 07:29:58.089  4413  4413 D OnStarServiceStateTracker: handlePollStateResult: EVENT_POLL_STATE_OPERATOR: opNames[0]: 'AT&T' opNames[1]: '' opNames[2]: ''
04-20 07:29:58.090  4413  4413 D OnStarServiceStateTracker: pollStateDone: oldSS=[0 1 voice home data home AT&T   AT&T    Unknown Unknown CSS not supported -1 -1 RoamInd=-1 DefRoamInd=-1 EmergOnly=false IsDataRoamingFromRegistration=false] newSS=[0 1 voice home data home AT&T   AT&T    Unknown Unknown CSS not supported -1 -1 RoamInd=-1 DefRoamInd=-1 EmergOnly=false IsDataRoamingFromRegistration=false]
04-20 07:29:58.090  4413  4413 D PHONE   : [ServiceState] setNullState=1
04-20 07:29:58.090  4413  4413 D OnStarServiceStateTracker: pollStateDone: Current OutgoingPhone is not OnStar.
04-20 07:30:00.050  2754  2833 I am_pss  : [4102,1010016,com.gm.subscriptionmanager,13065216,10027008]
04-20 07:30:00.181  2754  2833 I am_pss  : [4008,1001000,com.gm.gmhomescreen,188598272,181690368]
04-20 07:30:04.365  2321  2355 I liblog  : 1
04-20 07:30:04.372  2321  2355 I liblog  : 66
04-20 07:30:04.377  2321  2355 I liblog  : 46
04-20 07:30:04.379  2321  2355 I liblog  : 21
04-20 07:30:04.380  2321  2355 I liblog  : 22
04-20 07:30:04.382  2321  2355 I liblog  : 21
04-20 07:30:04.384  2321  2355 I liblog  : 20
04-20 07:30:04.388  2321  2355 I liblog  : 44
04-20 07:30:04.390  2321  2355 I liblog  : 24
04-20 07:30:04.393  2321  2355 I liblog  : 48
04-20 07:30:04.395  2321  2355 I liblog  : 23
04-20 07:30:04.396  2321  2355 I liblog  : 23
04-20 07:30:04.398  2321  2355 I liblog  : 20
04-20 07:30:04.401  2321  2355 I liblog  : 45
04-20 07:30:04.401  2321  2321 I liblog  : 3
04-20 07:30:04.401  2321  2321 I liblog  : 19
04-20 07:30:04.402  2321  2355 I liblog  : 1
04-20 07:30:04.403  2321  2321 I liblog  : 14
04-20 07:30:04.403  2321  2321 I liblog  : 4
04-20 07:30:04.403  2321  2321 I liblog  : 3
04-20 07:30:04.404  2321  2355 I liblog  : 1
04-20 07:30:04.406  2321  2355 I liblog  : 24
04-20 07:30:04.408  2321  2355 I liblog  : 20
04-20 07:30:04.410  2321  2321 I liblog  : 14
04-20 07:30:04.410  2321  2321 I liblog  : 2
04-20 07:30:04.411  2321  2321 I liblog  : 2
04-20 07:30:04.427  2321  2321 I liblog  : 6
04-20 07:30:04.427  2321  2321 I liblog  : 1
04-20 07:30:04.429  2321  2355 I liblog  : 1
04-20 07:30:04.431  2321  2321 I liblog  : 10
04-20 07:30:04.431  2321  2321 I liblog  : 11
04-20 07:30:04.432  2321  2355 I liblog  : 2
04-20 07:30:04.434  2321  2355 I liblog  : 10
04-20 07:30:04.434  2321  2321 I liblog  : 1
04-20 07:30:04.434  2321  2321 I liblog  : 8
04-20 07:30:04.434  2321  2321 I liblog  : 2
04-20 07:30:04.434  2321  2321 I liblog  : 7
04-20 07:30:04.805  4413  5095 V OnStarCommands: onCellNetInfo: cellNetworkName:AT&T cellNetworkSignal:3 cellNetworkState:0 cellNetworkType: 7
04-20 07:30:04.805  4413  5095 D OnStarCommands: getSignalLevel: 3 -> 8
04-20 07:30:04.805  4413  5095 D OnStarCommands: getVoiceRegState: state = 1
04-20 07:30:04.805  4413  5095 D OnStarCommands: onCellNetInfo: No mVoiceNetworkStateRegistrants to notify
04-20 07:30:04.808  4413  4413 V OnStarServiceStateTracker: handleMessage: SIGNAL STRENGTH event = 12  current phone is not OnStar
04-20 07:30:04.808  4413  4413 V OnStarServiceStateTracker: handleMessage: EVENT_NETWORK_STATE_CHANGED: polling states...
04-20 07:30:04.808  4413  4413 V OnStarServiceStateTracker: pollState
04-20 07:30:04.808  4413  4413 D OnStarCommands: getVoiceRegState: state = 1
04-20 07:30:04.808  4413  4413 D OnStarCommands: getOperator: operatorName = AT&T
04-20 07:30:04.808  4413  4413 V OnStarServiceStateTracker: handleMessage: EVENT_POLL_STATE_REGISTRATION: processing...
04-20 07:30:04.808  4413  4413 D OnStarServiceStateTracker: handlePollStateResult: EVENT_POLL_STATE_REGISTRATION: regCode:1, serviceState:0
04-20 07:30:04.808  4413  4413 D PHONE   : [ServiceState] setVoiceRegState=0
04-20 07:30:04.808  4413  4413 V OnStarServiceStateTracker: handleMessage: EVENT_POLL_STATE_OPERATOR: processing...
04-20 07:30:04.808  4413  4413 D OnStarServiceStateTracker: handlePollStateResult: EVENT_POLL_STATE_OPERATOR: opNames[0]: 'AT&T' opNames[1]: '' opNames[2]: ''
04-20 07:30:04.813  4413  4413 D OnStarServiceStateTracker: pollStateDone: oldSS=[0 1 voice home data home AT&T   AT&T    Unknown Unknown CSS not supported -1 -1 RoamInd=-1 DefRoamInd=-1 EmergOnly=false IsDataRoamingFromRegistration=false] newSS=[0 1 voice home data home AT&T   AT&T    Unknown Unknown CSS not supported -1 -1 RoamInd=-1 DefRoamInd=-1 EmergOnly=false IsDataRoamingFromRegistration=false]
04-20 07:30:04.813  4413  4413 D PHONE   : [ServiceState] setNullState=1
04-20 07:30:04.814  4413  4413 D OnStarServiceStateTracker: pollStateDone: Current OutgoingPhone is not OnStar.
04-20 07:30:05.841  3200  3200 I auditd  : type=1400 audit(0.0:2698432): avc: denied { sys_ptrace } for comm="ps" capability=19 scontext=u:r:gmloggerd:s0 tcontext=u:r:gmloggerd:s0 tclass=capability permissive=0
04-20 07:30:05.849  3200  3200 I auditd  : type=1400 audit(0.0:2698433): avc: denied { sys_ptrace } for comm="ps" capability=19 scontext=u:r:gmloggerd:s0 tcontext=u:r:gmloggerd:s0 tclass=capability permissive=0
04-20 07:30:05.849  3200  3200 I auditd  : type=1400 audit(0.0:2698434): avc: denied { sys_ptrace } for comm="ps" capability=19 scontext=u:r:gmloggerd:s0 tcontext=u:r:gmloggerd:s0 tclass=capability permissive=0
04-20 07:30:05.849  3200  3200 I auditd  : type=1400 audit(0.0:2698435): avc: denied { sys_ptrace } for comm="ps" capability=19 scontext=u:r:gmloggerd:s0 tcontext=u:r:gmloggerd:s0 tclass=capability permissive=0
04-20 07:30:05.850  3200  3200 I auditd  : type=1400 audit(0.0:2698436): avc: denied { sys_ptrace } for comm="ps" capability=19 scontext=u:r:gmloggerd:s0 tcontext=u:r:gmloggerd:s0 tclass=capability permissive=0
04-20 07:30:05.850  3200  3200 I auditd  : type=1400 audit(0.0:2698437): avc: denied { sys_ptrace } for comm="ps" capability=19 scontext=u:r:gmloggerd:s0 tcontext=u:r:gmloggerd:s0 tclass=capability permissive=0
04-20 07:30:05.850  3200  3200 I auditd  : type=1400 audit(0.0:2698438): avc: denied { sys_ptrace } for comm="ps" capability=19 scontext=u:r:gmloggerd:s0 tcontext=u:r:gmloggerd:s0 tclass=capability permissive=0
04-20 07:30:05.851  3200  3200 I auditd  : type=1400 audit(0.0:2698439): avc: denied { sys_ptrace } for comm="ps" capability=19 scontext=u:r:gmloggerd:s0 tcontext=u:r:gmloggerd:s0 tclass=capability permissive=0
04-20 07:30:05.851  3200  3200 I auditd  : type=1400 audit(0.0:2698440): avc: denied { sys_ptrace } for comm="ps" capability=19 scontext=u:r:gmloggerd:s0 tcontext=u:r:gmloggerd:s0 tclass=capability permissive=0
04-20 07:30:05.851  3200  3200 I auditd  : type=1400 audit(0.0:2698441): avc: denied { sys_ptrace } for comm="ps" capability=19 scontext=u:r:gmloggerd:s0 tcontext=u:r:gmloggerd:s0 tclass=capability permissive=0
04-20 07:30:05.851  3200  3200 I auditd  : type=1400 audit(0.0:2698442): avc: denied { sys_ptrace } for comm="ps" capability=19 scontext=u:r:gmloggerd:s0 tcontext=u:r:gmloggerd:s0 tclass=capability permissive=0
04-20 07:30:05.851  3200  3200 I auditd  : type=1400 audit(0.0:2698443): avc: denied { sys_ptrace } for comm="ps" capability=19 scontext=u:r:gmloggerd:s0 tcontext=u:r:gmloggerd:s0 tclass=capability permissive=0
04-20 07:30:05.851  3200  3200 I auditd  : type=1400 audit(0.0:2698444): avc: denied { sys_ptrace } for comm="ps" capability=19 scontext=u:r:gmloggerd:s0 tcontext=u:r:gmloggerd:s0 tclass=capability permissive=0
04-20 07:30:05.851  3200  3200 I auditd  : type=1400 audit(0.0:2698445): avc: denied { sys_ptrace } for comm="ps" capability=19 scontext=u:r:gmloggerd:s0 tcontext=u:r:gmloggerd:s0 tclass=capability permissive=0
04-20 07:30:05.851  3200  3200 I auditd  : type=1400 audit(0.0:2698446): avc: denied { sys_ptrace } for comm="ps" capability=19 scontext=u:r:gmloggerd:s0 tcontext=u:r:gmloggerd:s0 tclass=capability permissive=0
04-20 07:30:05.851  3200  3200 I auditd  : type=1400 audit(0.0:2698447): avc: denied { sys_ptrace } for comm="ps" capability=19 scontext=u:r:gmloggerd:s0 tcontext=u:r:gmloggerd:s0 tclass=capability permissive=0
04-20 07:30:05.852  3200  3200 I auditd  : type=1400 audit(0.0:2698448): avc: denied { sys_ptrace } for comm="ps" capability=19 scontext=u:r:gmloggerd:s0 tcontext=u:r:gmloggerd:s0 tclass=capability permissive=0
04-20 07:30:05.852  3200  3200 I auditd  : type=1400 audit(0.0:2698449): avc: denied { sys_ptrace } for comm="ps" capability=19 scontext=u:r:gmloggerd:s0 tcontext=u:r:gmloggerd:s0 tclass=capability permissive=0
04-20 07:30:05.853  3200  3200 I auditd  : type=1400 audit(0.0:2698450): avc: denied { sys_ptrace } for comm="ps" capability=19 scontext=u:r:gmloggerd:s0 tcontext=u:r:gmloggerd:s0 tclass=capability permissive=0
04-20 07:30:05.853  3200  3200 I auditd  : type=1400 audit(0.0:2698451): avc: denied { sys_ptrace } for comm="ps" capability=19 scontext=u:r:gmloggerd:s0 tcontext=u:r:gmloggerd:s0 tclass=capability permissive=0
04-20 07:30:16.428  2321  2355 I liblog  : 5
04-20 07:30:16.428  2321  2321 I liblog  : 17
04-20 07:30:16.430  2321  2355 I liblog  : 3
04-20 07:30:16.432  2321  2355 I liblog  : 15
04-20 07:30:16.434  2321  2355 I liblog  : 22
04-20 07:30:16.440  2321  2321 I liblog  : 22
04-20 07:30:16.443  2321  2355 I liblog  : 7
04-20 07:30:16.449  2321  2355 I liblog  : 44
04-20 07:30:19.457  3409  3409 I auditd  : type=1400 audit(0.0:2700159): avc: denied { sys_ptrace } for comm="ps" capability=19 scontext=u:r:gmloggerd:s0 tcontext=u:r:gmloggerd:s0 tclass=capability permissive=0
04-20 07:30:19.468  3409  3409 I auditd  : type=1400 audit(0.0:2700160): avc: denied { sys_ptrace } for comm="ps" capability=19 scontext=u:r:gmloggerd:s0 tcontext=u:r:gmloggerd:s0 tclass=capability permissive=0
04-20 07:30:19.468  3409  3409 I auditd  : type=1400 audit(0.0:2700161): avc: denied { sys_ptrace } for comm="ps" capability=19 scontext=u:r:gmloggerd:s0 tcontext=u:r:gmloggerd:s0 tclass=capability permissive=0
04-20 07:30:19.469  3409  3409 I auditd  : type=1400 audit(0.0:2700162): avc: denied { sys_ptrace } for comm="ps" capability=19 scontext=u:r:gmloggerd:s0 tcontext=u:r:gmloggerd:s0 tclass=capability permissive=0
04-20 07:30:19.469  3409  3409 I auditd  : type=1400 audit(0.0:2700163): avc: denied { sys_ptrace } for comm="ps" capability=19 scontext=u:r:gmloggerd:s0 tcontext=u:r:gmloggerd:s0 tclass=capability permissive=0
04-20 07:30:19.469  3409  3409 I auditd  : type=1400 audit(0.0:2700164): avc: denied { sys_ptrace } for comm="ps" capability=19 scontext=u:r:gmloggerd:s0 tcontext=u:r:gmloggerd:s0 tclass=capability permissive=0
04-20 07:30:19.469  3409  3409 I auditd  : type=1400 audit(0.0:2700165): avc: denied { sys_ptrace } for comm="ps" capability=19 scontext=u:r:gmloggerd:s0 tcontext=u:r:gmloggerd:s0 tclass=capability permissive=0
04-20 07:30:19.470  3409  3409 I auditd  : type=1400 audit(0.0:2700166): avc: denied { sys_ptrace } for comm="ps" capability=19 scontext=u:r:gmloggerd:s0 tcontext=u:r:gmloggerd:s0 tclass=capability permissive=0
04-20 07:30:19.471  3409  3409 I auditd  : type=1400 audit(0.0:2700167): avc: denied { sys_ptrace } for comm="ps" capability=19 scontext=u:r:gmloggerd:s0 tcontext=u:r:gmloggerd:s0 tclass=capability permissive=0
04-20 07:30:19.471  3409  3409 I auditd  : type=1400 audit(0.0:2700168): avc: denied { sys_ptrace } for comm="ps" capability=19 scontext=u:r:gmloggerd:s0 tcontext=u:r:gmloggerd:s0 tclass=capability permissive=0
04-20 07:30:19.471  3409  3409 I auditd  : type=1400 audit(0.0:2700169): avc: denied { sys_ptrace } for comm="ps" capability=19 scontext=u:r:gmloggerd:s0 tcontext=u:r:gmloggerd:s0 tclass=capability permissive=0
04-20 07:30:19.472  3409  3409 I auditd  : type=1400 audit(0.0:2700170): avc: denied { sys_ptrace } for comm="ps" capability=19 scontext=u:r:gmloggerd:s0 tcontext=u:r:gmloggerd:s0 tclass=capability permissive=0
04-20 07:30:19.477  3409  3409 I auditd  : type=1400 audit(0.0:2700171): avc: denied { sys_ptrace } for comm="ps" capability=19 scontext=u:r:gmloggerd:s0 tcontext=u:r:gmloggerd:s0 tclass=capability permissive=0
04-20 07:30:19.477  3409  3409 I auditd  : type=1400 audit(0.0:2700172): avc: denied { sys_ptrace } for comm="ps" capability=19 scontext=u:r:gmloggerd:s0 tcontext=u:r:gmloggerd:s0 tclass=capability permissive=0
04-20 07:30:19.477  3409  3409 I auditd  : type=1400 audit(0.0:2700173): avc: denied { sys_ptrace } for comm="ps" capability=19 scontext=u:r:gmloggerd:s0 tcontext=u:r:gmloggerd:s0 tclass=capability permissive=0
04-20 07:30:19.477  3409  3409 I auditd  : type=1400 audit(0.0:2700174): avc: denied { sys_ptrace } for comm="ps" capability=19 scontext=u:r:gmloggerd:s0 tcontext=u:r:gmloggerd:s0 tclass=capability permissive=0
04-20 07:30:19.477  3409  3409 I auditd  : type=1400 audit(0.0:2700175): avc: denied { sys_ptrace } for comm="ps" capability=19 scontext=u:r:gmloggerd:s0 tcontext=u:r:gmloggerd:s0 tclass=capability permissive=0
04-20 07:30:19.477  3409  3409 I auditd  : type=1400 audit(0.0:2700176): avc: denied { sys_ptrace } for comm="ps" capability=19 scontext=u:r:gmloggerd:s0 tcontext=u:r:gmloggerd:s0 tclass=capability permissive=0
04-20 07:30:19.477  3409  3409 I auditd  : type=1400 audit(0.0:2700177): avc: denied { sys_ptrace } for comm="ps" capability=19 scontext=u:r:gmloggerd:s0 tcontext=u:r:gmloggerd:s0 tclass=capability permissive=0
04-20 07:30:19.477  3409  3409 I auditd  : type=1400 audit(0.0:2700178): avc: denied { sys_ptrace } for comm="ps" capability=19 scontext=u:r:gmloggerd:s0 tcontext=u:r:gmloggerd:s0 tclass=capability permissive=0
04-20 07:30:22.715  4413  4450 V OnStarCommands: onCellNetInfo: cellNetworkName:AT&T cellNetworkSignal:2 cellNetworkState:0 cellNetworkType: 7
04-20 07:30:22.715  4413  4450 D OnStarCommands: getSignalLevel: 2 -> 6
04-20 07:30:22.715  4413  4450 D OnStarCommands: getVoiceRegState: state = 1
04-20 07:30:22.715  4413  4450 D OnStarCommands: onCellNetInfo: No mVoiceNetworkStateRegistrants to notify
04-20 07:30:22.720  4413  4413 V OnStarServiceStateTracker: handleMessage: SIGNAL STRENGTH event = 12  current phone is not OnStar
04-20 07:30:22.720  4413  4413 V OnStarServiceStateTracker: handleMessage: EVENT_NETWORK_STATE_CHANGED: polling states...
04-20 07:30:22.720  4413  4413 V OnStarServiceStateTracker: pollState
04-20 07:30:22.720  4413  4413 D OnStarCommands: getVoiceRegState: state = 1
04-20 07:30:22.721  4413  4413 D OnStarCommands: getOperator: operatorName = AT&T
04-20 07:30:22.721  4413  4413 V OnStarServiceStateTracker: handleMessage: EVENT_POLL_STATE_REGISTRATION: processing...
04-20 07:30:22.721  4413  4413 D OnStarServiceStateTracker: handlePollStateResult: EVENT_POLL_STATE_REGISTRATION: regCode:1, serviceState:0
04-20 07:30:22.721  4413  4413 D PHONE   : [ServiceState] setVoiceRegState=0
04-20 07:30:22.721  4413  4413 V OnStarServiceStateTracker: handleMessage: EVENT_POLL_STATE_OPERATOR: processing...
04-20 07:30:22.721  4413  4413 D OnStarServiceStateTracker: handlePollStateResult: EVENT_POLL_STATE_OPERATOR: opNames[0]: 'AT&T' opNames[1]: '' opNames[2]: ''
04-20 07:30:22.722  4413  4413 D OnStarServiceStateTracker: pollStateDone: oldSS=[0 1 voice home data home AT&T   AT&T    Unknown Unknown CSS not supported -1 -1 RoamInd=-1 DefRoamInd=-1 EmergOnly=false IsDataRoamingFromRegistration=false] newSS=[0 1 voice home data home AT&T   AT&T    Unknown Unknown CSS not supported -1 -1 RoamInd=-1 DefRoamInd=-1 EmergOnly=false IsDataRoamingFromRegistration=false]
04-20 07:30:22.722  4413  4413 D PHONE   : [ServiceState] setNullState=1
04-20 07:30:22.722  4413  4413 D OnStarServiceStateTracker: pollStateDone: Current OutgoingPhone is not OnStar.
04-20 07:30:24.296  2321  2321 I liblog  : 16
04-20 07:30:24.307  2321  2321 I liblog  : 116
04-20 07:30:24.309  2321  2355 I liblog  : 1
04-20 07:30:24.315  2321  2321 I liblog  : 47
04-20 07:30:24.315  2321  2321 I liblog  : 3
04-20 07:30:24.315  2321  2321 I liblog  : 2
04-20 07:30:24.315  2321  2321 I liblog  : 1
04-20 07:30:24.315  2321  2321 I liblog  : 2
04-20 07:30:24.315  2321  2321 I liblog  : 3
04-20 07:30:24.316  2321  2321 I liblog  : 1
04-20 07:30:24.322  2321  2321 I liblog  : 10
04-20 07:30:24.322  2321  2321 I liblog  : 4
04-20 07:30:24.322  2321  2321 I liblog  : 2
04-20 07:30:24.324  2321  2321 I liblog  : 30
04-20 07:30:24.326  2321  2321 I liblog  : 11
04-20 07:30:24.326  2321  2321 I liblog  : 3
04-20 07:30:24.334  2321  2355 I liblog  : 15
04-20 07:30:26.861  4413  4460 V OnStarCommands: onCellNetInfo: cellNetworkName:AT&T cellNetworkSignal:3 cellNetworkState:0 cellNetworkType: 7
04-20 07:30:26.861  4413  4460 D OnStarCommands: getSignalLevel: 3 -> 8
04-20 07:30:26.861  4413  4460 D OnStarCommands: getVoiceRegState: state = 1
04-20 07:30:26.861  4413  4460 D OnStarCommands: onCellNetInfo: No mVoiceNetworkStateRegistrants to notify
04-20 07:30:26.864  4413  4413 V OnStarServiceStateTracker: handleMessage: SIGNAL STRENGTH event = 12  current phone is not OnStar
04-20 07:30:26.864  4413  4413 V OnStarServiceStateTracker: handleMessage: EVENT_NETWORK_STATE_CHANGED: polling states...
04-20 07:30:26.864  4413  4413 V OnStarServiceStateTracker: pollState
04-20 07:30:26.865  4413  4413 D OnStarCommands: getVoiceRegState: state = 1
04-20 07:30:26.865  4413  4413 D OnStarCommands: getOperator: operatorName = AT&T
04-20 07:30:26.865  4413  4413 V OnStarServiceStateTracker: handleMessage: EVENT_POLL_STATE_REGISTRATION: processing...
04-20 07:30:26.865  4413  4413 D OnStarServiceStateTracker: handlePollStateResult: EVENT_POLL_STATE_REGISTRATION: regCode:1, serviceState:0
04-20 07:30:26.865  4413  4413 D PHONE   : [ServiceState] setVoiceRegState=0
04-20 07:30:26.865  4413  4413 V OnStarServiceStateTracker: handleMessage: EVENT_POLL_STATE_OPERATOR: processing...
04-20 07:30:26.865  4413  4413 D OnStarServiceStateTracker: handlePollStateResult: EVENT_POLL_STATE_OPERATOR: opNames[0]: 'AT&T' opNames[1]: '' opNames[2]: ''
04-20 07:30:26.866  4413  4413 D OnStarServiceStateTracker: pollStateDone: oldSS=[0 1 voice home data home AT&T   AT&T    Unknown Unknown CSS not supported -1 -1 RoamInd=-1 DefRoamInd=-1 EmergOnly=false IsDataRoamingFromRegistration=false] newSS=[0 1 voice home data home AT&T   AT&T    Unknown Unknown CSS not supported -1 -1 RoamInd=-1 DefRoamInd=-1 EmergOnly=false IsDataRoamingFromRegistration=false]
04-20 07:30:26.866  4413  4413 D PHONE   : [ServiceState] setNullState=1
04-20 07:30:26.867  4413  4413 D OnStarServiceStateTracker: pollStateDone: Current OutgoingPhone is not OnStar.
04-20 07:30:28.469  2321  2321 I liblog  : 23
04-20 07:30:28.469  2321  2321 I liblog  : 1
04-20 07:30:28.470  2321  2355 I liblog  : 1
04-20 07:30:33.061  3637  3637 I auditd  : type=1400 audit(0.0:2701883): avc: denied { sys_ptrace } for comm="ps" capability=19 scontext=u:r:gmloggerd:s0 tcontext=u:r:gmloggerd:s0 tclass=capability permissive=0
04-20 07:30:33.068  3637  3637 I auditd  : type=1400 audit(0.0:2701884): avc: denied { sys_ptrace } for comm="ps" capability=19 scontext=u:r:gmloggerd:s0 tcontext=u:r:gmloggerd:s0 tclass=capability permissive=0
04-20 07:30:33.068  3637  3637 I auditd  : type=1400 audit(0.0:2701885): avc: denied { sys_ptrace } for comm="ps" capability=19 scontext=u:r:gmloggerd:s0 tcontext=u:r:gmloggerd:s0 tclass=capability permissive=0
04-20 07:30:33.068  3637  3637 I auditd  : type=1400 audit(0.0:2701886): avc: denied { sys_ptrace } for comm="ps" capability=19 scontext=u:r:gmloggerd:s0 tcontext=u:r:gmloggerd:s0 tclass=capability permissive=0
04-20 07:30:33.069  3637  3637 I auditd  : type=1400 audit(0.0:2701887): avc: denied { sys_ptrace } for comm="ps" capability=19 scontext=u:r:gmloggerd:s0 tcontext=u:r:gmloggerd:s0 tclass=capability permissive=0
04-20 07:30:33.069  3637  3637 I auditd  : type=1400 audit(0.0:2701888): avc: denied { sys_ptrace } for comm="ps" capability=19 scontext=u:r:gmloggerd:s0 tcontext=u:r:gmloggerd:s0 tclass=capability permissive=0
04-20 07:30:33.069  3637  3637 I auditd  : type=1400 audit(0.0:2701889): avc: denied { sys_ptrace } for comm="ps" capability=19 scontext=u:r:gmloggerd:s0 tcontext=u:r:gmloggerd:s0 tclass=capability permissive=0
04-20 07:30:33.069  3637  3637 I auditd  : type=1400 audit(0.0:2701890): avc: denied { sys_ptrace } for comm="ps" capability=19 scontext=u:r:gmloggerd:s0 tcontext=u:r:gmloggerd:s0 tclass=capability permissive=0
04-20 07:30:33.069  3637  3637 I auditd  : type=1400 audit(0.0:2701891): avc: denied { sys_ptrace } for comm="ps" capability=19 scontext=u:r:gmloggerd:s0 tcontext=u:r:gmloggerd:s0 tclass=capability permissive=0
04-20 07:30:33.069  3637  3637 I auditd  : type=1400 audit(0.0:2701892): avc: denied { sys_ptrace } for comm="ps" capability=19 scontext=u:r:gmloggerd:s0 tcontext=u:r:gmloggerd:s0 tclass=capability permissive=0
04-20 07:30:33.069  3637  3637 I auditd  : type=1400 audit(0.0:2701893): avc: denied { sys_ptrace } for comm="ps" capability=19 scontext=u:r:gmloggerd:s0 tcontext=u:r:gmloggerd:s0 tclass=capability permissive=0
04-20 07:30:33.069  3637  3637 I auditd  : type=1400 audit(0.0:2701894): avc: denied { sys_ptrace } for comm="ps" capability=19 scontext=u:r:gmloggerd:s0 tcontext=u:r:gmloggerd:s0 tclass=capability permissive=0
04-20 07:30:33.070  3637  3637 I auditd  : type=1400 audit(0.0:2701895): avc: denied { sys_ptrace } for comm="ps" capability=19 scontext=u:r:gmloggerd:s0 tcontext=u:r:gmloggerd:s0 tclass=capability permissive=0
04-20 07:30:33.070  3637  3637 I auditd  : type=1400 audit(0.0:2701896): avc: denied { sys_ptrace } for comm="ps" capability=19 scontext=u:r:gmloggerd:s0 tcontext=u:r:gmloggerd:s0 tclass=capability permissive=0
04-20 07:30:33.070  3637  3637 I auditd  : type=1400 audit(0.0:2701897): avc: denied { sys_ptrace } for comm="ps" capability=19 scontext=u:r:gmloggerd:s0 tcontext=u:r:gmloggerd:s0 tclass=capability permissive=0
04-20 07:30:33.070  3637  3637 I auditd  : type=1400 audit(0.0:2701898): avc: denied { sys_ptrace } for comm="ps" capability=19 scontext=u:r:gmloggerd:s0 tcontext=u:r:gmloggerd:s0 tclass=capability permissive=0
04-20 07:30:33.071  3637  3637 I auditd  : type=1400 audit(0.0:2701899): avc: denied { sys_ptrace } for comm="ps" capability=19 scontext=u:r:gmloggerd:s0 tcontext=u:r:gmloggerd:s0 tclass=capability permissive=0
04-20 07:30:33.072  3637  3637 I auditd  : type=1400 audit(0.0:2701900): avc: denied { sys_ptrace } for comm="ps" capability=19 scontext=u:r:gmloggerd:s0 tcontext=u:r:gmloggerd:s0 tclass=capability permissive=0
04-20 07:30:33.072  3637  3637 I auditd  : type=1400 audit(0.0:2701901): avc: denied { sys_ptrace } for comm="ps" capability=19 scontext=u:r:gmloggerd:s0 tcontext=u:r:gmloggerd:s0 tclass=capability permissive=0
04-20 07:30:33.072  3637  3637 I auditd  : type=1400 audit(0.0:2701902): avc: denied { sys_ptrace } for comm="ps" capability=19 scontext=u:r:gmloggerd:s0 tcontext=u:r:gmloggerd:s0 tclass=capability permissive=0
04-20 07:30:35.863  4413  4713 V OnStarCommands: onCellNetInfo: cellNetworkName:AT&T cellNetworkSignal:2 cellNetworkState:0 cellNetworkType: 7
04-20 07:30:35.863  4413  4713 D OnStarCommands: getSignalLevel: 2 -> 6
04-20 07:30:35.863  4413  4713 D OnStarCommands: getVoiceRegState: state = 1
04-20 07:30:35.863  4413  4713 D OnStarCommands: onCellNetInfo: No mVoiceNetworkStateRegistrants to notify
04-20 07:30:35.867  4413  4413 V OnStarServiceStateTracker: handleMessage: SIGNAL STRENGTH event = 12  current phone is not OnStar
04-20 07:30:35.867  4413  4413 V OnStarServiceStateTracker: handleMessage: EVENT_NETWORK_STATE_CHANGED: polling states...
04-20 07:30:35.867  4413  4413 V OnStarServiceStateTracker: pollState
04-20 07:30:35.867  4413  4413 D OnStarCommands: getVoiceRegState: state = 1
04-20 07:30:35.867  4413  4413 D OnStarCommands: getOperator: operatorName = AT&T
04-20 07:30:35.867  4413  4413 V OnStarServiceStateTracker: handleMessage: EVENT_POLL_STATE_REGISTRATION: processing...
04-20 07:30:35.867  4413  4413 D OnStarServiceStateTracker: handlePollStateResult: EVENT_POLL_STATE_REGISTRATION: regCode:1, serviceState:0
04-20 07:30:35.867  4413  4413 D PHONE   : [ServiceState] setVoiceRegState=0
04-20 07:30:35.867  4413  4413 V OnStarServiceStateTracker: handleMessage: EVENT_POLL_STATE_OPERATOR: processing...
04-20 07:30:35.867  4413  4413 D OnStarServiceStateTracker: handlePollStateResult: EVENT_POLL_STATE_OPERATOR: opNames[0]: 'AT&T' opNames[1]: '' opNames[2]: ''
04-20 07:30:35.871  4413  4413 D OnStarServiceStateTracker: pollStateDone: oldSS=[0 1 voice home data home AT&T   AT&T    Unknown Unknown CSS not supported -1 -1 RoamInd=-1 DefRoamInd=-1 EmergOnly=false IsDataRoamingFromRegistration=false] newSS=[0 1 voice home data home AT&T   AT&T    Unknown Unknown CSS not supported -1 -1 RoamInd=-1 DefRoamInd=-1 EmergOnly=false IsDataRoamingFromRegistration=false]
04-20 07:30:35.871  4413  4413 D PHONE   : [ServiceState] setNullState=1
04-20 07:30:35.882  4413  4413 D OnStarServiceStateTracker: pollStateDone: Current OutgoingPhone is not OnStar.
04-20 07:30:38.402  4413  4907 V OnStarCommands: onCellNetInfo: cellNetworkName:AT&T cellNetworkSignal:3 cellNetworkState:0 cellNetworkType: 7
04-20 07:30:38.402  4413  4907 D OnStarCommands: getSignalLevel: 3 -> 8
04-20 07:30:38.402  4413  4907 D OnStarCommands: getVoiceRegState: state = 1
04-20 07:30:38.402  4413  4907 D OnStarCommands: onCellNetInfo: No mVoiceNetworkStateRegistrants to notify
04-20 07:30:38.403  4413  4413 V OnStarServiceStateTracker: handleMessage: SIGNAL STRENGTH event = 12  current phone is not OnStar
04-20 07:30:38.403  4413  4413 V OnStarServiceStateTracker: handleMessage: EVENT_NETWORK_STATE_CHANGED: polling states...
04-20 07:30:38.403  4413  4413 V OnStarServiceStateTracker: pollState
04-20 07:30:38.404  4413  4413 D OnStarCommands: getVoiceRegState: state = 1
04-20 07:30:38.404  4413  4413 D OnStarCommands: getOperator: operatorName = AT&T
04-20 07:30:38.404  4413  4413 V OnStarServiceStateTracker: handleMessage: EVENT_POLL_STATE_REGISTRATION: processing...
04-20 07:30:38.404  4413  4413 D OnStarServiceStateTracker: handlePollStateResult: EVENT_POLL_STATE_REGISTRATION: regCode:1, serviceState:0
04-20 07:30:38.404  4413  4413 D PHONE   : [ServiceState] setVoiceRegState=0
04-20 07:30:38.404  4413  4413 V OnStarServiceStateTracker: handleMessage: EVENT_POLL_STATE_OPERATOR: processing...
04-20 07:30:38.404  4413  4413 D OnStarServiceStateTracker: handlePollStateResult: EVENT_POLL_STATE_OPERATOR: opNames[0]: 'AT&T' opNames[1]: '' opNames[2]: ''
04-20 07:30:38.405  4413  4413 D OnStarServiceStateTracker: pollStateDone: oldSS=[0 1 voice home data home AT&T   AT&T    Unknown Unknown CSS not supported -1 -1 RoamInd=-1 DefRoamInd=-1 EmergOnly=false IsDataRoamingFromRegistration=false] newSS=[0 1 voice home data home AT&T   AT&T    Unknown Unknown CSS not supported -1 -1 RoamInd=-1 DefRoamInd=-1 EmergOnly=false IsDataRoamingFromRegistration=false]
04-20 07:30:38.405  4413  4413 D PHONE   : [ServiceState] setNullState=1
04-20 07:30:38.406  4413  4413 D OnStarServiceStateTracker: pollStateDone: Current OutgoingPhone is not OnStar.
04-20 07:30:42.576  2754  2754 I free_storage_changed: 2993729536
04-20 07:30:46.584  3915  3915 I auditd  : type=1400 audit(0.0:2703606): avc: denied { sys_ptrace } for comm="ps" capability=19 scontext=u:r:gmloggerd:s0 tcontext=u:r:gmloggerd:s0 tclass=capability permissive=0
04-20 07:30:46.590  3915  3915 I auditd  : type=1400 audit(0.0:2703607): avc: denied { sys_ptrace } for comm="ps" capability=19 scontext=u:r:gmloggerd:s0 tcontext=u:r:gmloggerd:s0 tclass=capability permissive=0
04-20 07:30:46.590  3915  3915 I auditd  : type=1400 audit(0.0:2703608): avc: denied { sys_ptrace } for comm="ps" capability=19 scontext=u:r:gmloggerd:s0 tcontext=u:r:gmloggerd:s0 tclass=capability permissive=0
04-20 07:30:46.590  3915  3915 I auditd  : type=1400 audit(0.0:2703609): avc: denied { sys_ptrace } for comm="ps" capability=19 scontext=u:r:gmloggerd:s0 tcontext=u:r:gmloggerd:s0 tclass=capability permissive=0
04-20 07:30:46.590  3915  3915 I auditd  : type=1400 audit(0.0:2703610): avc: denied { sys_ptrace } for comm="ps" capability=19 scontext=u:r:gmloggerd:s0 tcontext=u:r:gmloggerd:s0 tclass=capability permissive=0
04-20 07:30:46.590  3915  3915 I auditd  : type=1400 audit(0.0:2703611): avc: denied { sys_ptrace } for comm="ps" capability=19 scontext=u:r:gmloggerd:s0 tcontext=u:r:gmloggerd:s0 tclass=capability permissive=0
04-20 07:30:46.590  3915  3915 I auditd  : type=1400 audit(0.0:2703612): avc: denied { sys_ptrace } for comm="ps" capability=19 scontext=u:r:gmloggerd:s0 tcontext=u:r:gmloggerd:s0 tclass=capability permissive=0
04-20 07:30:46.590  3915  3915 I auditd  : type=1400 audit(0.0:2703613): avc: denied { sys_ptrace } for comm="ps" capability=19 scontext=u:r:gmloggerd:s0 tcontext=u:r:gmloggerd:s0 tclass=capability permissive=0
04-20 07:30:46.592  3915  3915 I auditd  : type=1400 audit(0.0:2703614): avc: denied { sys_ptrace } for comm="ps" capability=19 scontext=u:r:gmloggerd:s0 tcontext=u:r:gmloggerd:s0 tclass=capability permissive=0
04-20 07:30:46.592  3915  3915 I auditd  : type=1400 audit(0.0:2703615): avc: denied { sys_ptrace } for comm="ps" capability=19 scontext=u:r:gmloggerd:s0 tcontext=u:r:gmloggerd:s0 tclass=capability permissive=0
04-20 07:30:46.592  3915  3915 I auditd  : type=1400 audit(0.0:2703616): avc: denied { sys_ptrace } for comm="ps" capability=19 scontext=u:r:gmloggerd:s0 tcontext=u:r:gmloggerd:s0 tclass=capability permissive=0
04-20 07:30:46.592  3915  3915 I auditd  : type=1400 audit(0.0:2703617): avc: denied { sys_ptrace } for comm="ps" capability=19 scontext=u:r:gmloggerd:s0 tcontext=u:r:gmloggerd:s0 tclass=capability permissive=0
04-20 07:30:46.592  3915  3915 I auditd  : type=1400 audit(0.0:2703618): avc: denied { sys_ptrace } for comm="ps" capability=19 scontext=u:r:gmloggerd:s0 tcontext=u:r:gmloggerd:s0 tclass=capability permissive=0
04-20 07:30:46.592  3915  3915 I auditd  : type=1400 audit(0.0:2703619): avc: denied { sys_ptrace } for comm="ps" capability=19 scontext=u:r:gmloggerd:s0 tcontext=u:r:gmloggerd:s0 tclass=capability permissive=0
04-20 07:30:46.592  3915  3915 I auditd  : type=1400 audit(0.0:2703620): avc: denied { sys_ptrace } for comm="ps" capability=19 scontext=u:r:gmloggerd:s0 tcontext=u:r:gmloggerd:s0 tclass=capability permissive=0
04-20 07:30:46.592  3915  3915 I auditd  : type=1400 audit(0.0:2703621): avc: denied { sys_ptrace } for comm="ps" capability=19 scontext=u:r:gmloggerd:s0 tcontext=u:r:gmloggerd:s0 tclass=capability permissive=0
04-20 07:30:46.592  3915  3915 I auditd  : type=1400 audit(0.0:2703622): avc: denied { sys_ptrace } for comm="ps" capability=19 scontext=u:r:gmloggerd:s0 tcontext=u:r:gmloggerd:s0 tclass=capability permissive=0
04-20 07:30:46.593  3915  3915 I auditd  : type=1400 audit(0.0:2703623): avc: denied { sys_ptrace } for comm="ps" capability=19 scontext=u:r:gmloggerd:s0 tcontext=u:r:gmloggerd:s0 tclass=capability permissive=0
04-20 07:30:46.593  3915  3915 I auditd  : type=1400 audit(0.0:2703624): avc: denied { sys_ptrace } for comm="ps" capability=19 scontext=u:r:gmloggerd:s0 tcontext=u:r:gmloggerd:s0 tclass=capability permissive=0
04-20 07:30:46.593  3915  3915 I auditd  : type=1400 audit(0.0:2703625): avc: denied { sys_ptrace } for comm="ps" capability=19 scontext=u:r:gmloggerd:s0 tcontext=u:r:gmloggerd:s0 tclass=capability permissive=0
04-20 07:30:47.353  4413  5095 V OnStarCommands: onCellNetInfo: cellNetworkName:AT&T cellNetworkSignal:2 cellNetworkState:0 cellNetworkType: 7
04-20 07:30:47.353  4413  5095 D OnStarCommands: getSignalLevel: 2 -> 6
04-20 07:30:47.353  4413  5095 D OnStarCommands: getVoiceRegState: state = 1
04-20 07:30:47.353  4413  5095 D OnStarCommands: onCellNetInfo: No mVoiceNetworkStateRegistrants to notify
04-20 07:30:47.356  4413  4413 V OnStarServiceStateTracker: handleMessage: SIGNAL STRENGTH event = 12  current phone is not OnStar
04-20 07:30:47.356  4413  4413 V OnStarServiceStateTracker: handleMessage: EVENT_NETWORK_STATE_CHANGED: polling states...
04-20 07:30:47.356  4413  4413 V OnStarServiceStateTracker: pollState
04-20 07:30:47.356  4413  4413 D OnStarCommands: getVoiceRegState: state = 1
04-20 07:30:47.356  4413  4413 D OnStarCommands: getOperator: operatorName = AT&T
04-20 07:30:47.356  4413  4413 V OnStarServiceStateTracker: handleMessage: EVENT_POLL_STATE_REGISTRATION: processing...
04-20 07:30:47.356  4413  4413 D OnStarServiceStateTracker: handlePollStateResult: EVENT_POLL_STATE_REGISTRATION: regCode:1, serviceState:0
04-20 07:30:47.356  4413  4413 D PHONE   : [ServiceState] setVoiceRegState=0
04-20 07:30:47.356  4413  4413 V OnStarServiceStateTracker: handleMessage: EVENT_POLL_STATE_OPERATOR: processing...
04-20 07:30:47.356  4413  4413 D OnStarServiceStateTracker: handlePollStateResult: EVENT_POLL_STATE_OPERATOR: opNames[0]: 'AT&T' opNames[1]: '' opNames[2]: ''
04-20 07:30:47.357  4413  4413 D OnStarServiceStateTracker: pollStateDone: oldSS=[0 1 voice home data home AT&T   AT&T    Unknown Unknown CSS not supported -1 -1 RoamInd=-1 DefRoamInd=-1 EmergOnly=false IsDataRoamingFromRegistration=false] newSS=[0 1 voice home data home AT&T   AT&T    Unknown Unknown CSS not supported -1 -1 RoamInd=-1 DefRoamInd=-1 EmergOnly=false IsDataRoamingFromRegistration=false]
04-20 07:30:47.357  4413  4413 D PHONE   : [ServiceState] setNullState=1
04-20 07:30:47.358  4413  4413 D OnStarServiceStateTracker: pollStateDone: Current OutgoingPhone is not OnStar.
04-20 07:30:49.604  4413  4450 V OnStarCommands: onCellNetInfo: cellNetworkName:AT&T cellNetworkSignal:3 cellNetworkState:0 cellNetworkType: 7
04-20 07:30:49.604  4413  4450 D OnStarCommands: getSignalLevel: 3 -> 8
04-20 07:30:49.604  4413  4450 D OnStarCommands: getVoiceRegState: state = 1
04-20 07:30:49.604  4413  4450 D OnStarCommands: onCellNetInfo: No mVoiceNetworkStateRegistrants to notify
04-20 07:30:49.606  4413  4413 V OnStarServiceStateTracker: handleMessage: SIGNAL STRENGTH event = 12  current phone is not OnStar
04-20 07:30:49.606  4413  4413 V OnStarServiceStateTracker: handleMessage: EVENT_NETWORK_STATE_CHANGED: polling states...
04-20 07:30:49.606  4413  4413 V OnStarServiceStateTracker: pollState
04-20 07:30:49.606  4413  4413 D OnStarCommands: getVoiceRegState: state = 1
04-20 07:30:49.606  4413  4413 D OnStarCommands: getOperator: operatorName = AT&T
04-20 07:30:49.606  4413  4413 V OnStarServiceStateTracker: handleMessage: EVENT_POLL_STATE_REGISTRATION: processing...
04-20 07:30:49.606  4413  4413 D OnStarServiceStateTracker: handlePollStateResult: EVENT_POLL_STATE_REGISTRATION: regCode:1, serviceState:0
04-20 07:30:49.606  4413  4413 D PHONE   : [ServiceState] setVoiceRegState=0
04-20 07:30:49.606  4413  4413 V OnStarServiceStateTracker: handleMessage: EVENT_POLL_STATE_OPERATOR: processing...
04-20 07:30:49.606  4413  4413 D OnStarServiceStateTracker: handlePollStateResult: EVENT_POLL_STATE_OPERATOR: opNames[0]: 'AT&T' opNames[1]: '' opNames[2]: ''
04-20 07:30:49.614  4413  4413 D OnStarServiceStateTracker: pollStateDone: oldSS=[0 1 voice home data home AT&T   AT&T    Unknown Unknown CSS not supported -1 -1 RoamInd=-1 DefRoamInd=-1 EmergOnly=false IsDataRoamingFromRegistration=false] newSS=[0 1 voice home data home AT&T   AT&T    Unknown Unknown CSS not supported -1 -1 RoamInd=-1 DefRoamInd=-1 EmergOnly=false IsDataRoamingFromRegistration=false]
04-20 07:30:49.614  4413  4413 D PHONE   : [ServiceState] setNullState=1
04-20 07:30:49.615  4413  4413 D OnStarServiceStateTracker: pollStateDone: Current OutgoingPhone is not OnStar.
04-20 07:30:53.878  4413  4460 V OnStarCommands: onCellNetInfo: cellNetworkName:AT&T cellNetworkSignal:2 cellNetworkState:0 cellNetworkType: 7
04-20 07:30:53.878  4413  4460 D OnStarCommands: getSignalLevel: 2 -> 6
04-20 07:30:53.878  4413  4460 D OnStarCommands: getVoiceRegState: state = 1
04-20 07:30:53.878  4413  4460 D OnStarCommands: onCellNetInfo: No mVoiceNetworkStateRegistrants to notify
04-20 07:30:53.884  4413  4413 V OnStarServiceStateTracker: handleMessage: SIGNAL STRENGTH event = 12  current phone is not OnStar
04-20 07:30:53.884  4413  4413 V OnStarServiceStateTracker: handleMessage: EVENT_NETWORK_STATE_CHANGED: polling states...
04-20 07:30:53.884  4413  4413 V OnStarServiceStateTracker: pollState
04-20 07:30:53.884  4413  4413 D OnStarCommands: getVoiceRegState: state = 1
04-20 07:30:53.884  4413  4413 D OnStarCommands: getOperator: operatorName = AT&T
04-20 07:30:53.884  4413  4413 V OnStarServiceStateTracker: handleMessage: EVENT_POLL_STATE_REGISTRATION: processing...
04-20 07:30:53.885  4413  4413 D OnStarServiceStateTracker: handlePollStateResult: EVENT_POLL_STATE_REGISTRATION: regCode:1, serviceState:0
04-20 07:30:53.885  4413  4413 D PHONE   : [ServiceState] setVoiceRegState=0
04-20 07:30:53.885  4413  4413 V OnStarServiceStateTracker: handleMessage: EVENT_POLL_STATE_OPERATOR: processing...
04-20 07:30:53.885  4413  4413 D OnStarServiceStateTracker: handlePollStateResult: EVENT_POLL_STATE_OPERATOR: opNames[0]: 'AT&T' opNames[1]: '' opNames[2]: ''
04-20 07:30:53.886  4413  4413 D OnStarServiceStateTracker: pollStateDone: oldSS=[0 1 voice home data home AT&T   AT&T    Unknown Unknown CSS not supported -1 -1 RoamInd=-1 DefRoamInd=-1 EmergOnly=false IsDataRoamingFromRegistration=false] newSS=[0 1 voice home data home AT&T   AT&T    Unknown Unknown CSS not supported -1 -1 RoamInd=-1 DefRoamInd=-1 EmergOnly=false IsDataRoamingFromRegistration=false]
04-20 07:30:53.886  4413  4413 D PHONE   : [ServiceState] setNullState=1
04-20 07:30:53.886  4413  4413 D OnStarServiceStateTracker: pollStateDone: Current OutgoingPhone is not OnStar.
04-20 07:30:56.240  2321  2355 I liblog  : 99
04-20 07:30:56.242  2321  2355 I liblog  : 2
04-20 07:30:56.245  2321  2355 I liblog  : 18
04-20 07:30:56.245  2321  2321 I liblog  : 3
04-20 07:31:00.204  4195  4195 I auditd  : type=1400 audit(0.0:2705329): avc: denied { sys_ptrace } for comm="ps" capability=19 scontext=u:r:gmloggerd:s0 tcontext=u:r:gmloggerd:s0 tclass=capability permissive=0
04-20 07:31:00.210  4195  4195 I auditd  : type=1400 audit(0.0:2705330): avc: denied { sys_ptrace } for comm="ps" capability=19 scontext=u:r:gmloggerd:s0 tcontext=u:r:gmloggerd:s0 tclass=capability permissive=0
04-20 07:31:00.210  4195  4195 I auditd  : type=1400 audit(0.0:2705331): avc: denied { sys_ptrace } for comm="ps" capability=19 scontext=u:r:gmloggerd:s0 tcontext=u:r:gmloggerd:s0 tclass=capability permissive=0
04-20 07:31:00.210  4195  4195 I auditd  : type=1400 audit(0.0:2705332): avc: denied { sys_ptrace } for comm="ps" capability=19 scontext=u:r:gmloggerd:s0 tcontext=u:r:gmloggerd:s0 tclass=capability permissive=0
04-20 07:31:00.210  4195  4195 I auditd  : type=1400 audit(0.0:2705333): avc: denied { sys_ptrace } for comm="ps" capability=19 scontext=u:r:gmloggerd:s0 tcontext=u:r:gmloggerd:s0 tclass=capability permissive=0
04-20 07:31:00.210  4195  4195 I auditd  : type=1400 audit(0.0:2705334): avc: denied { sys_ptrace } for comm="ps" capability=19 scontext=u:r:gmloggerd:s0 tcontext=u:r:gmloggerd:s0 tclass=capability permissive=0
04-20 07:31:00.210  4195  4195 I auditd  : type=1400 audit(0.0:2705335): avc: denied { sys_ptrace } for comm="ps" capability=19 scontext=u:r:gmloggerd:s0 tcontext=u:r:gmloggerd:s0 tclass=capability permissive=0
04-20 07:31:00.211  4195  4195 I auditd  : type=1400 audit(0.0:2705336): avc: denied { sys_ptrace } for comm="ps" capability=19 scontext=u:r:gmloggerd:s0 tcontext=u:r:gmloggerd:s0 tclass=capability permissive=0
04-20 07:31:00.211  4195  4195 I auditd  : type=1400 audit(0.0:2705337): avc: denied { sys_ptrace } for comm="ps" capability=19 scontext=u:r:gmloggerd:s0 tcontext=u:r:gmloggerd:s0 tclass=capability permissive=0
04-20 07:31:00.211  4195  4195 I auditd  : type=1400 audit(0.0:2705338): avc: denied { sys_ptrace } for comm="ps" capability=19 scontext=u:r:gmloggerd:s0 tcontext=u:r:gmloggerd:s0 tclass=capability permissive=0
04-20 07:31:00.212  4195  4195 I auditd  : type=1400 audit(0.0:2705339): avc: denied { sys_ptrace } for comm="ps" capability=19 scontext=u:r:gmloggerd:s0 tcontext=u:r:gmloggerd:s0 tclass=capability permissive=0
04-20 07:31:00.212  4195  4195 I auditd  : type=1400 audit(0.0:2705340): avc: denied { sys_ptrace } for comm="ps" capability=19 scontext=u:r:gmloggerd:s0 tcontext=u:r:gmloggerd:s0 tclass=capability permissive=0
04-20 07:31:00.212  4195  4195 I auditd  : type=1400 audit(0.0:2705341): avc: denied { sys_ptrace } for comm="ps" capability=19 scontext=u:r:gmloggerd:s0 tcontext=u:r:gmloggerd:s0 tclass=capability permissive=0
