04-20 07:35:13.930  4413  4413 D OnStarServiceStateTracker: pollStateDone: oldSS=[0 1 voice home data home AT&T   AT&T    Unknown Unknown CSS not supported -1 -1 RoamInd=-1 DefRoamInd=-1 EmergOnly=false IsDataRoamingFromRegistration=false] newSS=[0 1 voice home data home AT&T   AT&T    Unknown Unknown CSS not supported -1 -1 RoamInd=-1 DefRoamInd=-1 EmergOnly=false IsDataRoamingFromRegistration=false]
04-20 07:35:13.930  4413  4413 D PHONE   : [ServiceState] setNullState=1
04-20 07:35:13.934  4413  4413 D OnStarServiceStateTracker: pollStateDone: Current OutgoingPhone is not OnStar.
04-20 07:35:18.120  8949  8949 I auditd  : type=1400 audit(0.0:2738098): avc: denied { sys_ptrace } for comm="ps" capability=19 scontext=u:r:gmloggerd:s0 tcontext=u:r:gmloggerd:s0 tclass=capability permissive=0
04-20 07:35:18.136  8949  8949 I auditd  : type=1400 audit(0.0:2738099): avc: denied { sys_ptrace } for comm="ps" capability=19 scontext=u:r:gmloggerd:s0 tcontext=u:r:gmloggerd:s0 tclass=capability permissive=0
04-20 07:35:18.136  8949  8949 I auditd  : type=1400 audit(0.0:2738100): avc: denied { sys_ptrace } for comm="ps" capability=19 scontext=u:r:gmloggerd:s0 tcontext=u:r:gmloggerd:s0 tclass=capability permissive=0
04-20 07:35:18.136  8949  8949 I auditd  : type=1400 audit(0.0:2738101): avc: denied { sys_ptrace } for comm="ps" capability=19 scontext=u:r:gmloggerd:s0 tcontext=u:r:gmloggerd:s0 tclass=capability permissive=0
04-20 07:35:18.136  8949  8949 I auditd  : type=1400 audit(0.0:2738102): avc: denied { sys_ptrace } for comm="ps" capability=19 scontext=u:r:gmloggerd:s0 tcontext=u:r:gmloggerd:s0 tclass=capability permissive=0
04-20 07:35:18.137  8949  8949 I auditd  : type=1400 audit(0.0:2738103): avc: denied { sys_ptrace } for comm="ps" capability=19 scontext=u:r:gmloggerd:s0 tcontext=u:r:gmloggerd:s0 tclass=capability permissive=0
04-20 07:35:18.137  8949  8949 I auditd  : type=1400 audit(0.0:2738104): avc: denied { sys_ptrace } for comm="ps" capability=19 scontext=u:r:gmloggerd:s0 tcontext=u:r:gmloggerd:s0 tclass=capability permissive=0
04-20 07:35:18.137  8949  8949 I auditd  : type=1400 audit(0.0:2738105): avc: denied { sys_ptrace } for comm="ps" capability=19 scontext=u:r:gmloggerd:s0 tcontext=u:r:gmloggerd:s0 tclass=capability permissive=0
04-20 07:35:18.137  8949  8949 I auditd  : type=1400 audit(0.0:2738106): avc: denied { sys_ptrace } for comm="ps" capability=19 scontext=u:r:gmloggerd:s0 tcontext=u:r:gmloggerd:s0 tclass=capability permissive=0
04-20 07:35:18.137  8949  8949 I auditd  : type=1400 audit(0.0:2738107): avc: denied { sys_ptrace } for comm="ps" capability=19 scontext=u:r:gmloggerd:s0 tcontext=u:r:gmloggerd:s0 tclass=capability permissive=0
04-20 07:35:18.137  8949  8949 I auditd  : type=1400 audit(0.0:2738108): avc: denied { sys_ptrace } for comm="ps" capability=19 scontext=u:r:gmloggerd:s0 tcontext=u:r:gmloggerd:s0 tclass=capability permissive=0
04-20 07:35:18.137  8949  8949 I auditd  : type=1400 audit(0.0:2738109): avc: denied { sys_ptrace } for comm="ps" capability=19 scontext=u:r:gmloggerd:s0 tcontext=u:r:gmloggerd:s0 tclass=capability permissive=0
04-20 07:35:18.137  8949  8949 I auditd  : type=1400 audit(0.0:2738110): avc: denied { sys_ptrace } for comm="ps" capability=19 scontext=u:r:gmloggerd:s0 tcontext=u:r:gmloggerd:s0 tclass=capability permissive=0
04-20 07:35:18.137  8949  8949 I auditd  : type=1400 audit(0.0:2738111): avc: denied { sys_ptrace } for comm="ps" capability=19 scontext=u:r:gmloggerd:s0 tcontext=u:r:gmloggerd:s0 tclass=capability permissive=0
04-20 07:35:18.138  8949  8949 I auditd  : type=1400 audit(0.0:2738112): avc: denied { sys_ptrace } for comm="ps" capability=19 scontext=u:r:gmloggerd:s0 tcontext=u:r:gmloggerd:s0 tclass=capability permissive=0
04-20 07:35:18.138  8949  8949 I auditd  : type=1400 audit(0.0:2738113): avc: denied { sys_ptrace } for comm="ps" capability=19 scontext=u:r:gmloggerd:s0 tcontext=u:r:gmloggerd:s0 tclass=capability permissive=0
04-20 07:35:18.138  8949  8949 I auditd  : type=1400 audit(0.0:2738114): avc: denied { sys_ptrace } for comm="ps" capability=19 scontext=u:r:gmloggerd:s0 tcontext=u:r:gmloggerd:s0 tclass=capability permissive=0
04-20 07:35:18.138  8949  8949 I auditd  : type=1400 audit(0.0:2738115): avc: denied { sys_ptrace } for comm="ps" capability=19 scontext=u:r:gmloggerd:s0 tcontext=u:r:gmloggerd:s0 tclass=capability permissive=0
04-20 07:35:18.139  8949  8949 I auditd  : type=1400 audit(0.0:2738116): avc: denied { sys_ptrace } for comm="ps" capability=19 scontext=u:r:gmloggerd:s0 tcontext=u:r:gmloggerd:s0 tclass=capability permissive=0
04-20 07:35:18.139  8949  8949 I auditd  : type=1400 audit(0.0:2738117): avc: denied { sys_ptrace } for comm="ps" capability=19 scontext=u:r:gmloggerd:s0 tcontext=u:r:gmloggerd:s0 tclass=capability permissive=0
04-20 07:35:20.164  2321  2355 I liblog  : 23
04-20 07:35:20.179  2321  2355 I liblog  : 110
04-20 07:35:20.193  2321  2355 I liblog  : 67
04-20 07:35:20.196  2321  2355 I liblog  : 1
04-20 07:35:20.200  2321  2355 I liblog  : 23
04-20 07:35:20.208  2321  2355 I liblog  : 54
04-20 07:35:20.210  2321  2355 I liblog  : 23
04-20 07:35:20.652  4413  4460 V OnStarCommands: onCellNetInfo: cellNetworkName:AT&T cellNetworkSignal:2 cellNetworkState:0 cellNetworkType: 7
04-20 07:35:20.652  4413  4460 D OnStarCommands: getSignalLevel: 2 -> 6
04-20 07:35:20.653  4413  4460 D OnStarCommands: getVoiceRegState: state = 1
04-20 07:35:20.653  4413  4460 D OnStarCommands: onCellNetInfo: No mVoiceNetworkStateRegistrants to notify
04-20 07:35:20.654  4413  4413 V OnStarServiceStateTracker: handleMessage: SIGNAL STRENGTH event = 12  current phone is not OnStar
04-20 07:35:20.654  4413  4413 V OnStarServiceStateTracker: handleMessage: EVENT_NETWORK_STATE_CHANGED: polling states...
04-20 07:35:20.654  4413  4413 V OnStarServiceStateTracker: pollState
04-20 07:35:20.654  4413  4413 D OnStarCommands: getVoiceRegState: state = 1
04-20 07:35:20.654  4413  4413 D OnStarCommands: getOperator: operatorName = AT&T
04-20 07:35:20.654  4413  4413 V OnStarServiceStateTracker: handleMessage: EVENT_POLL_STATE_REGISTRATION: processing...
04-20 07:35:20.654  4413  4413 D OnStarServiceStateTracker: handlePollStateResult: EVENT_POLL_STATE_REGISTRATION: regCode:1, serviceState:0
04-20 07:35:20.654  4413  4413 D PHONE   : [ServiceState] setVoiceRegState=0
04-20 07:35:20.654  4413  4413 V OnStarServiceStateTracker: handleMessage: EVENT_POLL_STATE_OPERATOR: processing...
04-20 07:35:20.654  4413  4413 D OnStarServiceStateTracker: handlePollStateResult: EVENT_POLL_STATE_OPERATOR: opNames[0]: 'AT&T' opNames[1]: '' opNames[2]: ''
04-20 07:35:20.655  4413  4413 D OnStarServiceStateTracker: pollStateDone: oldSS=[0 1 voice home data home AT&T   AT&T    Unknown Unknown CSS not supported -1 -1 RoamInd=-1 DefRoamInd=-1 EmergOnly=false IsDataRoamingFromRegistration=false] newSS=[0 1 voice home data home AT&T   AT&T    Unknown Unknown CSS not supported -1 -1 RoamInd=-1 DefRoamInd=-1 EmergOnly=false IsDataRoamingFromRegistration=false]
04-20 07:35:20.655  4413  4413 D PHONE   : [ServiceState] setNullState=1
04-20 07:35:20.659  4413  4413 D OnStarServiceStateTracker: pollStateDone: Current OutgoingPhone is not OnStar.
04-20 07:35:24.375  2321  2355 I liblog  : 84
04-20 07:35:24.380  2321  2355 I liblog  : 21
04-20 07:35:24.382  2321  2355 I liblog  : 2
04-20 07:35:24.385  2321  2355 I liblog  : 24
04-20 07:35:24.415  2321  2355 I liblog  : 52
04-20 07:35:24.428  2321  2355 I liblog  : 137
04-20 07:35:24.436  2321  2355 I liblog  : 86
04-20 07:35:25.123  4413  4713 V OnStarCommands: onCellNetInfo: cellNetworkName:AT&T cellNetworkSignal:3 cellNetworkState:0 cellNetworkType: 7
04-20 07:35:25.123  4413  4713 D OnStarCommands: getSignalLevel: 3 -> 8
04-20 07:35:25.123  4413  4713 D OnStarCommands: getVoiceRegState: state = 1
04-20 07:35:25.123  4413  4713 D OnStarCommands: onCellNetInfo: No mVoiceNetworkStateRegistrants to notify
04-20 07:35:25.125  4413  4413 V OnStarServiceStateTracker: handleMessage: SIGNAL STRENGTH event = 12  current phone is not OnStar
04-20 07:35:25.125  4413  4413 V OnStarServiceStateTracker: handleMessage: EVENT_NETWORK_STATE_CHANGED: polling states...
04-20 07:35:25.125  4413  4413 V OnStarServiceStateTracker: pollState
04-20 07:35:25.125  4413  4413 D OnStarCommands: getVoiceRegState: state = 1
04-20 07:35:25.126  4413  4413 D OnStarCommands: getOperator: operatorName = AT&T
04-20 07:35:25.126  4413  4413 V OnStarServiceStateTracker: handleMessage: EVENT_POLL_STATE_REGISTRATION: processing...
04-20 07:35:25.126  4413  4413 D OnStarServiceStateTracker: handlePollStateResult: EVENT_POLL_STATE_REGISTRATION: regCode:1, serviceState:0
04-20 07:35:25.126  4413  4413 D PHONE   : [ServiceState] setVoiceRegState=0
04-20 07:35:25.126  4413  4413 V OnStarServiceStateTracker: handleMessage: EVENT_POLL_STATE_OPERATOR: processing...
04-20 07:35:25.126  4413  4413 D OnStarServiceStateTracker: handlePollStateResult: EVENT_POLL_STATE_OPERATOR: opNames[0]: 'AT&T' opNames[1]: '' opNames[2]: ''
04-20 07:35:25.132  4413  4413 D OnStarServiceStateTracker: pollStateDone: oldSS=[0 1 voice home data home AT&T   AT&T    Unknown Unknown CSS not supported -1 -1 RoamInd=-1 DefRoamInd=-1 EmergOnly=false IsDataRoamingFromRegistration=false] newSS=[0 1 voice home data home AT&T   AT&T    Unknown Unknown CSS not supported -1 -1 RoamInd=-1 DefRoamInd=-1 EmergOnly=false IsDataRoamingFromRegistration=false]
04-20 07:35:25.132  4413  4413 D PHONE   : [ServiceState] setNullState=1
04-20 07:35:25.137  4413  4413 D OnStarServiceStateTracker: pollStateDone: Current OutgoingPhone is not OnStar.
04-20 07:35:31.625  9119  9119 I auditd  : type=1400 audit(0.0:2739822): avc: denied { sys_ptrace } for comm="ps" capability=19 scontext=u:r:gmloggerd:s0 tcontext=u:r:gmloggerd:s0 tclass=capability permissive=0
04-20 07:35:31.634  9119  9119 I auditd  : type=1400 audit(0.0:2739823): avc: denied { sys_ptrace } for comm="ps" capability=19 scontext=u:r:gmloggerd:s0 tcontext=u:r:gmloggerd:s0 tclass=capability permissive=0
04-20 07:35:31.634  9119  9119 I auditd  : type=1400 audit(0.0:2739824): avc: denied { sys_ptrace } for comm="ps" capability=19 scontext=u:r:gmloggerd:s0 tcontext=u:r:gmloggerd:s0 tclass=capability permissive=0
04-20 07:35:31.634  9119  9119 I auditd  : type=1400 audit(0.0:2739825): avc: denied { sys_ptrace } for comm="ps" capability=19 scontext=u:r:gmloggerd:s0 tcontext=u:r:gmloggerd:s0 tclass=capability permissive=0
04-20 07:35:31.634  9119  9119 I auditd  : type=1400 audit(0.0:2739826): avc: denied { sys_ptrace } for comm="ps" capability=19 scontext=u:r:gmloggerd:s0 tcontext=u:r:gmloggerd:s0 tclass=capability permissive=0
04-20 07:35:31.634  9119  9119 I auditd  : type=1400 audit(0.0:2739827): avc: denied { sys_ptrace } for comm="ps" capability=19 scontext=u:r:gmloggerd:s0 tcontext=u:r:gmloggerd:s0 tclass=capability permissive=0
04-20 07:35:31.634  9119  9119 I auditd  : type=1400 audit(0.0:2739828): avc: denied { sys_ptrace } for comm="ps" capability=19 scontext=u:r:gmloggerd:s0 tcontext=u:r:gmloggerd:s0 tclass=capability permissive=0
04-20 07:35:31.635  9119  9119 I auditd  : type=1400 audit(0.0:2739829): avc: denied { sys_ptrace } for comm="ps" capability=19 scontext=u:r:gmloggerd:s0 tcontext=u:r:gmloggerd:s0 tclass=capability permissive=0
04-20 07:35:31.635  9119  9119 I auditd  : type=1400 audit(0.0:2739830): avc: denied { sys_ptrace } for comm="ps" capability=19 scontext=u:r:gmloggerd:s0 tcontext=u:r:gmloggerd:s0 tclass=capability permissive=0
04-20 07:35:31.635  9119  9119 I auditd  : type=1400 audit(0.0:2739831): avc: denied { sys_ptrace } for comm="ps" capability=19 scontext=u:r:gmloggerd:s0 tcontext=u:r:gmloggerd:s0 tclass=capability permissive=0
04-20 07:35:31.635  9119  9119 I auditd  : type=1400 audit(0.0:2739832): avc: denied { sys_ptrace } for comm="ps" capability=19 scontext=u:r:gmloggerd:s0 tcontext=u:r:gmloggerd:s0 tclass=capability permissive=0
04-20 07:35:31.635  9119  9119 I auditd  : type=1400 audit(0.0:2739833): avc: denied { sys_ptrace } for comm="ps" capability=19 scontext=u:r:gmloggerd:s0 tcontext=u:r:gmloggerd:s0 tclass=capability permissive=0
04-20 07:35:31.635  9119  9119 I auditd  : type=1400 audit(0.0:2739834): avc: denied { sys_ptrace } for comm="ps" capability=19 scontext=u:r:gmloggerd:s0 tcontext=u:r:gmloggerd:s0 tclass=capability permissive=0
04-20 07:35:31.635  9119  9119 I auditd  : type=1400 audit(0.0:2739835): avc: denied { sys_ptrace } for comm="ps" capability=19 scontext=u:r:gmloggerd:s0 tcontext=u:r:gmloggerd:s0 tclass=capability permissive=0
04-20 07:35:31.635  9119  9119 I auditd  : type=1400 audit(0.0:2739836): avc: denied { sys_ptrace } for comm="ps" capability=19 scontext=u:r:gmloggerd:s0 tcontext=u:r:gmloggerd:s0 tclass=capability permissive=0
04-20 07:35:31.635  9119  9119 I auditd  : type=1400 audit(0.0:2739837): avc: denied { sys_ptrace } for comm="ps" capability=19 scontext=u:r:gmloggerd:s0 tcontext=u:r:gmloggerd:s0 tclass=capability permissive=0
04-20 07:35:31.636  9119  9119 I auditd  : type=1400 audit(0.0:2739838): avc: denied { sys_ptrace } for comm="ps" capability=19 scontext=u:r:gmloggerd:s0 tcontext=u:r:gmloggerd:s0 tclass=capability permissive=0
04-20 07:35:31.637  9119  9119 I auditd  : type=1400 audit(0.0:2739839): avc: denied { sys_ptrace } for comm="ps" capability=19 scontext=u:r:gmloggerd:s0 tcontext=u:r:gmloggerd:s0 tclass=capability permissive=0
04-20 07:35:31.637  9119  9119 I auditd  : type=1400 audit(0.0:2739840): avc: denied { sys_ptrace } for comm="ps" capability=19 scontext=u:r:gmloggerd:s0 tcontext=u:r:gmloggerd:s0 tclass=capability permissive=0
04-20 07:35:31.637  9119  9119 I auditd  : type=1400 audit(0.0:2739841): avc: denied { sys_ptrace } for comm="ps" capability=19 scontext=u:r:gmloggerd:s0 tcontext=u:r:gmloggerd:s0 tclass=capability permissive=0
04-20 07:35:40.812  4413  4907 V OnStarCommands: onCellNetInfo: cellNetworkName:AT&T cellNetworkSignal:2 cellNetworkState:0 cellNetworkType: 7
04-20 07:35:40.812  4413  4907 D OnStarCommands: getSignalLevel: 2 -> 6
04-20 07:35:40.812  4413  4907 D OnStarCommands: getVoiceRegState: state = 1
04-20 07:35:40.813  4413  4907 D OnStarCommands: onCellNetInfo: No mVoiceNetworkStateRegistrants to notify
04-20 07:35:40.817  4413  4413 V OnStarServiceStateTracker: handleMessage: SIGNAL STRENGTH event = 12  current phone is not OnStar
04-20 07:35:40.817  4413  4413 V OnStarServiceStateTracker: handleMessage: EVENT_NETWORK_STATE_CHANGED: polling states...
04-20 07:35:40.817  4413  4413 V OnStarServiceStateTracker: pollState
04-20 07:35:40.817  4413  4413 D OnStarCommands: getVoiceRegState: state = 1
04-20 07:35:40.817  4413  4413 D OnStarCommands: getOperator: operatorName = AT&T
04-20 07:35:40.817  4413  4413 V OnStarServiceStateTracker: handleMessage: EVENT_POLL_STATE_REGISTRATION: processing...
04-20 07:35:40.817  4413  4413 D OnStarServiceStateTracker: handlePollStateResult: EVENT_POLL_STATE_REGISTRATION: regCode:1, serviceState:0
04-20 07:35:40.817  4413  4413 D PHONE   : [ServiceState] setVoiceRegState=0
04-20 07:35:40.817  4413  4413 V OnStarServiceStateTracker: handleMessage: EVENT_POLL_STATE_OPERATOR: processing...
04-20 07:35:40.817  4413  4413 D OnStarServiceStateTracker: handlePollStateResult: EVENT_POLL_STATE_OPERATOR: opNames[0]: 'AT&T' opNames[1]: '' opNames[2]: ''
04-20 07:35:40.817  4413  4413 D OnStarServiceStateTracker: pollStateDone: oldSS=[0 1 voice home data home AT&T   AT&T    Unknown Unknown CSS not supported -1 -1 RoamInd=-1 DefRoamInd=-1 EmergOnly=false IsDataRoamingFromRegistration=false] newSS=[0 1 voice home data home AT&T   AT&T    Unknown Unknown CSS not supported -1 -1 RoamInd=-1 DefRoamInd=-1 EmergOnly=false IsDataRoamingFromRegistration=false]
04-20 07:35:40.817  4413  4413 D PHONE   : [ServiceState] setNullState=1
04-20 07:35:40.818  4413  4413 D OnStarServiceStateTracker: pollStateDone: Current OutgoingPhone is not OnStar.
04-20 07:35:42.614  2754  2754 I free_storage_changed: 2992873472
04-20 07:35:45.034  4413  5095 V OnStarCommands: onCellNetInfo: cellNetworkName:AT&T cellNetworkSignal:3 cellNetworkState:0 cellNetworkType: 7
04-20 07:35:45.034  4413  5095 D OnStarCommands: getSignalLevel: 3 -> 8
04-20 07:35:45.034  4413  5095 D OnStarCommands: getVoiceRegState: state = 1
04-20 07:35:45.034  4413  5095 D OnStarCommands: onCellNetInfo: No mVoiceNetworkStateRegistrants to notify
04-20 07:35:45.036  4413  4413 V OnStarServiceStateTracker: handleMessage: SIGNAL STRENGTH event = 12  current phone is not OnStar
04-20 07:35:45.036  4413  4413 V OnStarServiceStateTracker: handleMessage: EVENT_NETWORK_STATE_CHANGED: polling states...
04-20 07:35:45.036  4413  4413 V OnStarServiceStateTracker: pollState
04-20 07:35:45.036  4413  4413 D OnStarCommands: getVoiceRegState: state = 1
04-20 07:35:45.036  4413  4413 D OnStarCommands: getOperator: operatorName = AT&T
04-20 07:35:45.036  4413  4413 V OnStarServiceStateTracker: handleMessage: EVENT_POLL_STATE_REGISTRATION: processing...
04-20 07:35:45.036  4413  4413 D OnStarServiceStateTracker: handlePollStateResult: EVENT_POLL_STATE_REGISTRATION: regCode:1, serviceState:0
04-20 07:35:45.036  4413  4413 D PHONE   : [ServiceState] setVoiceRegState=0
04-20 07:35:45.036  4413  4413 V OnStarServiceStateTracker: handleMessage: EVENT_POLL_STATE_OPERATOR: processing...
04-20 07:35:45.036  4413  4413 D OnStarServiceStateTracker: handlePollStateResult: EVENT_POLL_STATE_OPERATOR: opNames[0]: 'AT&T' opNames[1]: '' opNames[2]: ''
04-20 07:35:45.039  4413  4413 D OnStarServiceStateTracker: pollStateDone: oldSS=[0 1 voice home data home AT&T   AT&T    Unknown Unknown CSS not supported -1 -1 RoamInd=-1 DefRoamInd=-1 EmergOnly=false IsDataRoamingFromRegistration=false] newSS=[0 1 voice home data home AT&T   AT&T    Unknown Unknown CSS not supported -1 -1 RoamInd=-1 DefRoamInd=-1 EmergOnly=false IsDataRoamingFromRegistration=false]
04-20 07:35:45.039  4413  4413 D PHONE   : [ServiceState] setNullState=1
04-20 07:35:45.039  4413  4413 D OnStarServiceStateTracker: pollStateDone: Current OutgoingPhone is not OnStar.
04-20 07:35:45.174  9290  9290 I auditd  : type=1400 audit(0.0:2741542): avc: denied { sys_ptrace } for comm="ps" capability=19 scontext=u:r:gmloggerd:s0 tcontext=u:r:gmloggerd:s0 tclass=capability permissive=0
04-20 07:35:45.181  9290  9290 I auditd  : type=1400 audit(0.0:2741543): avc: denied { sys_ptrace } for comm="ps" capability=19 scontext=u:r:gmloggerd:s0 tcontext=u:r:gmloggerd:s0 tclass=capability permissive=0
04-20 07:35:45.181  9290  9290 I auditd  : type=1400 audit(0.0:2741544): avc: denied { sys_ptrace } for comm="ps" capability=19 scontext=u:r:gmloggerd:s0 tcontext=u:r:gmloggerd:s0 tclass=capability permissive=0
04-20 07:35:45.181  9290  9290 I auditd  : type=1400 audit(0.0:2741545): avc: denied { sys_ptrace } for comm="ps" capability=19 scontext=u:r:gmloggerd:s0 tcontext=u:r:gmloggerd:s0 tclass=capability permissive=0
04-20 07:35:45.182  9290  9290 I auditd  : type=1400 audit(0.0:2741546): avc: denied { sys_ptrace } for comm="ps" capability=19 scontext=u:r:gmloggerd:s0 tcontext=u:r:gmloggerd:s0 tclass=capability permissive=0
04-20 07:35:45.182  9290  9290 I auditd  : type=1400 audit(0.0:2741547): avc: denied { sys_ptrace } for comm="ps" capability=19 scontext=u:r:gmloggerd:s0 tcontext=u:r:gmloggerd:s0 tclass=capability permissive=0
04-20 07:35:45.183  9290  9290 I auditd  : type=1400 audit(0.0:2741548): avc: denied { sys_ptrace } for comm="ps" capability=19 scontext=u:r:gmloggerd:s0 tcontext=u:r:gmloggerd:s0 tclass=capability permissive=0
04-20 07:35:45.184  9290  9290 I auditd  : type=1400 audit(0.0:2741549): avc: denied { sys_ptrace } for comm="ps" capability=19 scontext=u:r:gmloggerd:s0 tcontext=u:r:gmloggerd:s0 tclass=capability permissive=0
04-20 07:35:45.184  9290  9290 I auditd  : type=1400 audit(0.0:2741550): avc: denied { sys_ptrace } for comm="ps" capability=19 scontext=u:r:gmloggerd:s0 tcontext=u:r:gmloggerd:s0 tclass=capability permissive=0
04-20 07:35:45.184  9290  9290 I auditd  : type=1400 audit(0.0:2741551): avc: denied { sys_ptrace } for comm="ps" capability=19 scontext=u:r:gmloggerd:s0 tcontext=u:r:gmloggerd:s0 tclass=capability permissive=0
04-20 07:35:45.185  9290  9290 I auditd  : type=1400 audit(0.0:2741552): avc: denied { sys_ptrace } for comm="ps" capability=19 scontext=u:r:gmloggerd:s0 tcontext=u:r:gmloggerd:s0 tclass=capability permissive=0
04-20 07:35:45.185  9290  9290 I auditd  : type=1400 audit(0.0:2741553): avc: denied { sys_ptrace } for comm="ps" capability=19 scontext=u:r:gmloggerd:s0 tcontext=u:r:gmloggerd:s0 tclass=capability permissive=0
04-20 07:35:45.185  9290  9290 I auditd  : type=1400 audit(0.0:2741554): avc: denied { sys_ptrace } for comm="ps" capability=19 scontext=u:r:gmloggerd:s0 tcontext=u:r:gmloggerd:s0 tclass=capability permissive=0
04-20 07:35:45.185  9290  9290 I auditd  : type=1400 audit(0.0:2741555): avc: denied { sys_ptrace } for comm="ps" capability=19 scontext=u:r:gmloggerd:s0 tcontext=u:r:gmloggerd:s0 tclass=capability permissive=0
04-20 07:35:45.185  9290  9290 I auditd  : type=1400 audit(0.0:2741556): avc: denied { sys_ptrace } for comm="ps" capability=19 scontext=u:r:gmloggerd:s0 tcontext=u:r:gmloggerd:s0 tclass=capability permissive=0
04-20 07:35:45.186  9290  9290 I auditd  : type=1400 audit(0.0:2741557): avc: denied { sys_ptrace } for comm="ps" capability=19 scontext=u:r:gmloggerd:s0 tcontext=u:r:gmloggerd:s0 tclass=capability permissive=0
04-20 07:35:45.188  9290  9290 I auditd  : type=1400 audit(0.0:2741558): avc: denied { sys_ptrace } for comm="ps" capability=19 scontext=u:r:gmloggerd:s0 tcontext=u:r:gmloggerd:s0 tclass=capability permissive=0
04-20 07:35:45.188  9290  9290 I auditd  : type=1400 audit(0.0:2741559): avc: denied { sys_ptrace } for comm="ps" capability=19 scontext=u:r:gmloggerd:s0 tcontext=u:r:gmloggerd:s0 tclass=capability permissive=0
04-20 07:35:45.188  9290  9290 I auditd  : type=1400 audit(0.0:2741560): avc: denied { sys_ptrace } for comm="ps" capability=19 scontext=u:r:gmloggerd:s0 tcontext=u:r:gmloggerd:s0 tclass=capability permissive=0
04-20 07:35:45.188  9290  9290 I auditd  : type=1400 audit(0.0:2741561): avc: denied { sys_ptrace } for comm="ps" capability=19 scontext=u:r:gmloggerd:s0 tcontext=u:r:gmloggerd:s0 tclass=capability permissive=0
04-20 07:35:54.048  4413  4450 V OnStarCommands: onCellNetInfo: cellNetworkName:AT&T cellNetworkSignal:2 cellNetworkState:0 cellNetworkType: 7
04-20 07:35:54.048  4413  4450 D OnStarCommands: getSignalLevel: 2 -> 6
04-20 07:35:54.049  4413  4450 D OnStarCommands: getVoiceRegState: state = 1
04-20 07:35:54.049  4413  4450 D OnStarCommands: onCellNetInfo: No mVoiceNetworkStateRegistrants to notify
04-20 07:35:54.050  4413  4413 V OnStarServiceStateTracker: handleMessage: SIGNAL STRENGTH event = 12  current phone is not OnStar
04-20 07:35:54.050  4413  4413 V OnStarServiceStateTracker: handleMessage: EVENT_NETWORK_STATE_CHANGED: polling states...
04-20 07:35:54.050  4413  4413 V OnStarServiceStateTracker: pollState
04-20 07:35:54.050  4413  4413 D OnStarCommands: getVoiceRegState: state = 1
04-20 07:35:54.050  4413  4413 D OnStarCommands: getOperator: operatorName = AT&T
04-20 07:35:54.050  4413  4413 V OnStarServiceStateTracker: handleMessage: EVENT_POLL_STATE_REGISTRATION: processing...
04-20 07:35:54.050  4413  4413 D OnStarServiceStateTracker: handlePollStateResult: EVENT_POLL_STATE_REGISTRATION: regCode:1, serviceState:0
04-20 07:35:54.050  4413  4413 D PHONE   : [ServiceState] setVoiceRegState=0
04-20 07:35:54.050  4413  4413 V OnStarServiceStateTracker: handleMessage: EVENT_POLL_STATE_OPERATOR: processing...
04-20 07:35:54.050  4413  4413 D OnStarServiceStateTracker: handlePollStateResult: EVENT_POLL_STATE_OPERATOR: opNames[0]: 'AT&T' opNames[1]: '' opNames[2]: ''
04-20 07:35:54.051  4413  4413 D OnStarServiceStateTracker: pollStateDone: oldSS=[0 1 voice home data home AT&T   AT&T    Unknown Unknown CSS not supported -1 -1 RoamInd=-1 DefRoamInd=-1 EmergOnly=false IsDataRoamingFromRegistration=false] newSS=[0 1 voice home data home AT&T   AT&T    Unknown Unknown CSS not supported -1 -1 RoamInd=-1 DefRoamInd=-1 EmergOnly=false IsDataRoamingFromRegistration=false]
04-20 07:35:54.051  4413  4413 D PHONE   : [ServiceState] setNullState=1
04-20 07:35:54.052  4413  4413 D OnStarServiceStateTracker: pollStateDone: Current OutgoingPhone is not OnStar.
04-20 07:35:56.445  2321  2355 I liblog  : 8
04-20 07:35:58.710  9457  9457 I auditd  : type=1400 audit(0.0:2743264): avc: denied { sys_ptrace } for comm="ps" capability=19 scontext=u:r:gmloggerd:s0 tcontext=u:r:gmloggerd:s0 tclass=capability permissive=0
04-20 07:35:58.716  9457  9457 I auditd  : type=1400 audit(0.0:2743265): avc: denied { sys_ptrace } for comm="ps" capability=19 scontext=u:r:gmloggerd:s0 tcontext=u:r:gmloggerd:s0 tclass=capability permissive=0
04-20 07:35:58.716  9457  9457 I auditd  : type=1400 audit(0.0:2743266): avc: denied { sys_ptrace } for comm="ps" capability=19 scontext=u:r:gmloggerd:s0 tcontext=u:r:gmloggerd:s0 tclass=capability permissive=0
04-20 07:35:58.716  9457  9457 I auditd  : type=1400 audit(0.0:2743267): avc: denied { sys_ptrace } for comm="ps" capability=19 scontext=u:r:gmloggerd:s0 tcontext=u:r:gmloggerd:s0 tclass=capability permissive=0
04-20 07:35:58.716  9457  9457 I auditd  : type=1400 audit(0.0:2743268): avc: denied { sys_ptrace } for comm="ps" capability=19 scontext=u:r:gmloggerd:s0 tcontext=u:r:gmloggerd:s0 tclass=capability permissive=0
04-20 07:35:58.716  9457  9457 I auditd  : type=1400 audit(0.0:2743269): avc: denied { sys_ptrace } for comm="ps" capability=19 scontext=u:r:gmloggerd:s0 tcontext=u:r:gmloggerd:s0 tclass=capability permissive=0
04-20 07:35:58.716  9457  9457 I auditd  : type=1400 audit(0.0:2743270): avc: denied { sys_ptrace } for comm="ps" capability=19 scontext=u:r:gmloggerd:s0 tcontext=u:r:gmloggerd:s0 tclass=capability permissive=0
04-20 07:35:58.716  9457  9457 I auditd  : type=1400 audit(0.0:2743271): avc: denied { sys_ptrace } for comm="ps" capability=19 scontext=u:r:gmloggerd:s0 tcontext=u:r:gmloggerd:s0 tclass=capability permissive=0
04-20 07:35:58.717  9457  9457 I auditd  : type=1400 audit(0.0:2743272): avc: denied { sys_ptrace } for comm="ps" capability=19 scontext=u:r:gmloggerd:s0 tcontext=u:r:gmloggerd:s0 tclass=capability permissive=0
04-20 07:35:58.717  9457  9457 I auditd  : type=1400 audit(0.0:2743273): avc: denied { sys_ptrace } for comm="ps" capability=19 scontext=u:r:gmloggerd:s0 tcontext=u:r:gmloggerd:s0 tclass=capability permissive=0
04-20 07:35:58.717  9457  9457 I auditd  : type=1400 audit(0.0:2743274): avc: denied { sys_ptrace } for comm="ps" capability=19 scontext=u:r:gmloggerd:s0 tcontext=u:r:gmloggerd:s0 tclass=capability permissive=0
04-20 07:35:58.717  9457  9457 I auditd  : type=1400 audit(0.0:2743275): avc: denied { sys_ptrace } for comm="ps" capability=19 scontext=u:r:gmloggerd:s0 tcontext=u:r:gmloggerd:s0 tclass=capability permissive=0
04-20 07:35:58.718  9457  9457 I auditd  : type=1400 audit(0.0:2743276): avc: denied { sys_ptrace } for comm="ps" capability=19 scontext=u:r:gmloggerd:s0 tcontext=u:r:gmloggerd:s0 tclass=capability permissive=0
04-20 07:35:58.718  9457  9457 I auditd  : type=1400 audit(0.0:2743277): avc: denied { sys_ptrace } for comm="ps" capability=19 scontext=u:r:gmloggerd:s0 tcontext=u:r:gmloggerd:s0 tclass=capability permissive=0
04-20 07:35:58.718  9457  9457 I auditd  : type=1400 audit(0.0:2743278): avc: denied { sys_ptrace } for comm="ps" capability=19 scontext=u:r:gmloggerd:s0 tcontext=u:r:gmloggerd:s0 tclass=capability permissive=0
04-20 07:35:58.718  9457  9457 I auditd  : type=1400 audit(0.0:2743279): avc: denied { sys_ptrace } for comm="ps" capability=19 scontext=u:r:gmloggerd:s0 tcontext=u:r:gmloggerd:s0 tclass=capability permissive=0
04-20 07:35:58.718  9457  9457 I auditd  : type=1400 audit(0.0:2743280): avc: denied { sys_ptrace } for comm="ps" capability=19 scontext=u:r:gmloggerd:s0 tcontext=u:r:gmloggerd:s0 tclass=capability permissive=0
04-20 07:35:58.718  9457  9457 I auditd  : type=1400 audit(0.0:2743281): avc: denied { sys_ptrace } for comm="ps" capability=19 scontext=u:r:gmloggerd:s0 tcontext=u:r:gmloggerd:s0 tclass=capability permissive=0
04-20 07:35:58.719  9457  9457 I auditd  : type=1400 audit(0.0:2743282): avc: denied { sys_ptrace } for comm="ps" capability=19 scontext=u:r:gmloggerd:s0 tcontext=u:r:gmloggerd:s0 tclass=capability permissive=0
04-20 07:35:58.720  9457  9457 I auditd  : type=1400 audit(0.0:2743283): avc: denied { sys_ptrace } for comm="ps" capability=19 scontext=u:r:gmloggerd:s0 tcontext=u:r:gmloggerd:s0 tclass=capability permissive=0
04-20 07:36:05.447  4413  4460 V OnStarCommands: onCellNetInfo: cellNetworkName:AT&T cellNetworkSignal:3 cellNetworkState:0 cellNetworkType: 7
04-20 07:36:05.447  4413  4460 D OnStarCommands: getSignalLevel: 3 -> 8
04-20 07:36:05.447  4413  4460 D OnStarCommands: getVoiceRegState: state = 1
04-20 07:36:05.447  4413  4460 D OnStarCommands: onCellNetInfo: No mVoiceNetworkStateRegistrants to notify
04-20 07:36:05.451  4413  4413 V OnStarServiceStateTracker: handleMessage: SIGNAL STRENGTH event = 12  current phone is not OnStar
04-20 07:36:05.451  4413  4413 V OnStarServiceStateTracker: handleMessage: EVENT_NETWORK_STATE_CHANGED: polling states...
04-20 07:36:05.451  4413  4413 V OnStarServiceStateTracker: pollState
04-20 07:36:05.451  4413  4413 D OnStarCommands: getVoiceRegState: state = 1
04-20 07:36:05.451  4413  4413 D OnStarCommands: getOperator: operatorName = AT&T
04-20 07:36:05.458  4413  4413 V OnStarServiceStateTracker: handleMessage: EVENT_POLL_STATE_REGISTRATION: processing...
04-20 07:36:05.458  4413  4413 D OnStarServiceStateTracker: handlePollStateResult: EVENT_POLL_STATE_REGISTRATION: regCode:1, serviceState:0
04-20 07:36:05.458  4413  4413 D PHONE   : [ServiceState] setVoiceRegState=0
04-20 07:36:05.458  4413  4413 V OnStarServiceStateTracker: handleMessage: EVENT_POLL_STATE_OPERATOR: processing...
04-20 07:36:05.458  4413  4413 D OnStarServiceStateTracker: handlePollStateResult: EVENT_POLL_STATE_OPERATOR: opNames[0]: 'AT&T' opNames[1]: '' opNames[2]: ''
04-20 07:36:05.460  4413  4413 D OnStarServiceStateTracker: pollStateDone: oldSS=[0 1 voice home data home AT&T   AT&T    Unknown Unknown CSS not supported -1 -1 RoamInd=-1 DefRoamInd=-1 EmergOnly=false IsDataRoamingFromRegistration=false] newSS=[0 1 voice home data home AT&T   AT&T    Unknown Unknown CSS not supported -1 -1 RoamInd=-1 DefRoamInd=-1 EmergOnly=false IsDataRoamingFromRegistration=false]
04-20 07:36:05.460  4413  4413 D PHONE   : [ServiceState] setNullState=1
04-20 07:36:05.463  4413  4413 D OnStarServiceStateTracker: pollStateDone: Current OutgoingPhone is not OnStar.
04-20 07:36:07.699  4413  4713 V OnStarCommands: onCellNetInfo: cellNetworkName:AT&T cellNetworkSignal:2 cellNetworkState:0 cellNetworkType: 7
04-20 07:36:07.699  4413  4713 D OnStarCommands: getSignalLevel: 2 -> 6
04-20 07:36:07.699  4413  4713 D OnStarCommands: getVoiceRegState: state = 1
04-20 07:36:07.699  4413  4713 D OnStarCommands: onCellNetInfo: No mVoiceNetworkStateRegistrants to notify
04-20 07:36:07.707  4413  4413 V OnStarServiceStateTracker: handleMessage: SIGNAL STRENGTH event = 12  current phone is not OnStar
04-20 07:36:07.707  4413  4413 V OnStarServiceStateTracker: handleMessage: EVENT_NETWORK_STATE_CHANGED: polling states...
04-20 07:36:07.707  4413  4413 V OnStarServiceStateTracker: pollState
04-20 07:36:07.707  4413  4413 D OnStarCommands: getVoiceRegState: state = 1
04-20 07:36:07.707  4413  4413 D OnStarCommands: getOperator: operatorName = AT&T
04-20 07:36:07.707  4413  4413 V OnStarServiceStateTracker: handleMessage: EVENT_POLL_STATE_REGISTRATION: processing...
04-20 07:36:07.707  4413  4413 D OnStarServiceStateTracker: handlePollStateResult: EVENT_POLL_STATE_REGISTRATION: regCode:1, serviceState:0
04-20 07:36:07.707  4413  4413 D PHONE   : [ServiceState] setVoiceRegState=0
04-20 07:36:07.707  4413  4413 V OnStarServiceStateTracker: handleMessage: EVENT_POLL_STATE_OPERATOR: processing...
04-20 07:36:07.707  4413  4413 D OnStarServiceStateTracker: handlePollStateResult: EVENT_POLL_STATE_OPERATOR: opNames[0]: 'AT&T' opNames[1]: '' opNames[2]: ''
04-20 07:36:07.709  4413  4413 D OnStarServiceStateTracker: pollStateDone: oldSS=[0 1 voice home data home AT&T   AT&T    Unknown Unknown CSS not supported -1 -1 RoamInd=-1 DefRoamInd=-1 EmergOnly=false IsDataRoamingFromRegistration=false] newSS=[0 1 voice home data home AT&T   AT&T    Unknown Unknown CSS not supported -1 -1 RoamInd=-1 DefRoamInd=-1 EmergOnly=false IsDataRoamingFromRegistration=false]
04-20 07:36:07.709  4413  4413 D PHONE   : [ServiceState] setNullState=1
04-20 07:36:07.710  4413  4413 D OnStarServiceStateTracker: pollStateDone: Current OutgoingPhone is not OnStar.
04-20 07:36:08.443  2321  2321 I liblog  : 37
04-20 07:36:08.444  2321  2355 I liblog  : 16
04-20 07:36:12.105  2321  2355 I liblog  : 19
04-20 07:36:12.112  2321  2355 I liblog  : 58
04-20 07:36:12.116  2321  2355 I liblog  : 30
04-20 07:36:12.118  2321  2355 I liblog  : 7
04-20 07:36:12.123  2321  2355 I liblog  : 25
04-20 07:36:12.125  2321  2355 I liblog  : 17
04-20 07:36:12.137  2321  2355 I liblog  : 15
04-20 07:36:12.212  9635  9635 I auditd  : type=1400 audit(0.0:2744986): avc: denied { sys_ptrace } for comm="ps" capability=19 scontext=u:r:gmloggerd:s0 tcontext=u:r:gmloggerd:s0 tclass=capability permissive=0
04-20 07:36:12.216  9635  9635 I auditd  : type=1400 audit(0.0:2744987): avc: denied { sys_ptrace } for comm="ps" capability=19 scontext=u:r:gmloggerd:s0 tcontext=u:r:gmloggerd:s0 tclass=capability permissive=0
04-20 07:36:12.216  9635  9635 I auditd  : type=1400 audit(0.0:2744988): avc: denied { sys_ptrace } for comm="ps" capability=19 scontext=u:r:gmloggerd:s0 tcontext=u:r:gmloggerd:s0 tclass=capability permissive=0
04-20 07:36:12.217  9635  9635 I auditd  : type=1400 audit(0.0:2744989): avc: denied { sys_ptrace } for comm="ps" capability=19 scontext=u:r:gmloggerd:s0 tcontext=u:r:gmloggerd:s0 tclass=capability permissive=0
04-20 07:36:12.217  9635  9635 I auditd  : type=1400 audit(0.0:2744990): avc: denied { sys_ptrace } for comm="ps" capability=19 scontext=u:r:gmloggerd:s0 tcontext=u:r:gmloggerd:s0 tclass=capability permissive=0
04-20 07:36:12.217  9635  9635 I auditd  : type=1400 audit(0.0:2744991): avc: denied { sys_ptrace } for comm="ps" capability=19 scontext=u:r:gmloggerd:s0 tcontext=u:r:gmloggerd:s0 tclass=capability permissive=0
04-20 07:36:12.217  9635  9635 I auditd  : type=1400 audit(0.0:2744992): avc: denied { sys_ptrace } for comm="ps" capability=19 scontext=u:r:gmloggerd:s0 tcontext=u:r:gmloggerd:s0 tclass=capability permissive=0
04-20 07:36:12.217  9635  9635 I auditd  : type=1400 audit(0.0:2744993): avc: denied { sys_ptrace } for comm="ps" capability=19 scontext=u:r:gmloggerd:s0 tcontext=u:r:gmloggerd:s0 tclass=capability permissive=0
04-20 07:36:12.217  9635  9635 I auditd  : type=1400 audit(0.0:2744994): avc: denied { sys_ptrace } for comm="ps" capability=19 scontext=u:r:gmloggerd:s0 tcontext=u:r:gmloggerd:s0 tclass=capability permissive=0
04-20 07:36:12.217  9635  9635 I auditd  : type=1400 audit(0.0:2744995): avc: denied { sys_ptrace } for comm="ps" capability=19 scontext=u:r:gmloggerd:s0 tcontext=u:r:gmloggerd:s0 tclass=capability permissive=0
04-20 07:36:12.217  9635  9635 I auditd  : type=1400 audit(0.0:2744996): avc: denied { sys_ptrace } for comm="ps" capability=19 scontext=u:r:gmloggerd:s0 tcontext=u:r:gmloggerd:s0 tclass=capability permissive=0
04-20 07:36:12.218  9635  9635 I auditd  : type=1400 audit(0.0:2744997): avc: denied { sys_ptrace } for comm="ps" capability=19 scontext=u:r:gmloggerd:s0 tcontext=u:r:gmloggerd:s0 tclass=capability permissive=0
04-20 07:36:12.218  9635  9635 I auditd  : type=1400 audit(0.0:2744998): avc: denied { sys_ptrace } for comm="ps" capability=19 scontext=u:r:gmloggerd:s0 tcontext=u:r:gmloggerd:s0 tclass=capability permissive=0
04-20 07:36:12.218  9635  9635 I auditd  : type=1400 audit(0.0:2744999): avc: denied { sys_ptrace } for comm="ps" capability=19 scontext=u:r:gmloggerd:s0 tcontext=u:r:gmloggerd:s0 tclass=capability permissive=0
04-20 07:36:12.218  9635  9635 I auditd  : type=1400 audit(0.0:2745000): avc: denied { sys_ptrace } for comm="ps" capability=19 scontext=u:r:gmloggerd:s0 tcontext=u:r:gmloggerd:s0 tclass=capability permissive=0
04-20 07:36:12.218  9635  9635 I auditd  : type=1400 audit(0.0:2745001): avc: denied { sys_ptrace } for comm="ps" capability=19 scontext=u:r:gmloggerd:s0 tcontext=u:r:gmloggerd:s0 tclass=capability permissive=0
04-20 07:36:12.219  9635  9635 I auditd  : type=1400 audit(0.0:2745002): avc: denied { sys_ptrace } for comm="ps" capability=19 scontext=u:r:gmloggerd:s0 tcontext=u:r:gmloggerd:s0 tclass=capability permissive=0
04-20 07:36:12.219  9635  9635 I auditd  : type=1400 audit(0.0:2745003): avc: denied { sys_ptrace } for comm="ps" capability=19 scontext=u:r:gmloggerd:s0 tcontext=u:r:gmloggerd:s0 tclass=capability permissive=0
04-20 07:36:12.219  9635  9635 I auditd  : type=1400 audit(0.0:2745004): avc: denied { sys_ptrace } for comm="ps" capability=19 scontext=u:r:gmloggerd:s0 tcontext=u:r:gmloggerd:s0 tclass=capability permissive=0
04-20 07:36:12.219  9635  9635 I auditd  : type=1400 audit(0.0:2745005): avc: denied { sys_ptrace } for comm="ps" capability=19 scontext=u:r:gmloggerd:s0 tcontext=u:r:gmloggerd:s0 tclass=capability permissive=0
04-20 07:36:20.457  2321  2355 I liblog  : 9
04-20 07:36:20.461  2321  2321 I liblog  : 2
04-20 07:36:20.461  2321  2321 I liblog  : 3
04-20 07:36:20.461  2321  2321 I liblog  : 2
04-20 07:36:20.461  2321  2321 I liblog  : 1
04-20 07:36:20.461  2321  2321 I liblog  : 1
04-20 07:36:20.461  2321  2321 I liblog  : 1
04-20 07:36:20.461  2321  2321 I liblog  : 1
04-20 07:36:20.461  2321  2321 I liblog  : 2
04-20 07:36:20.461  2321  2321 I liblog  : 1
04-20 07:36:20.461  2321  2321 I liblog  : 1
04-20 07:36:20.461  2321  2321 I liblog  : 1
04-20 07:36:20.464  2321  2355 I liblog  : 9
04-20 07:36:20.466  2321  2355 I liblog  : 8
04-20 07:36:20.469  2321  2355 I liblog  : 13
04-20 07:36:20.470  2321  2355 I liblog  : 12
04-20 07:36:20.473  2321  2355 I liblog  : 4
04-20 07:36:20.474  2321  2321 I liblog  : 9
04-20 07:36:24.117  2321  2355 I liblog  : 317
04-20 07:36:24.119  2321  2355 I liblog  : 24
04-20 07:36:24.121  2321  2355 I liblog  : 24
04-20 07:36:24.127  2321  2355 I liblog  : 60
04-20 07:36:24.128  2321  2355 I liblog  : 19
04-20 07:36:24.134  2321  2355 I liblog  : 61
04-20 07:36:24.147  2321  2355 I liblog  : 127
04-20 07:36:24.149  2321  2355 I liblog  : 12
04-20 07:36:25.617  4413  4907 V OnStarCommands: onCellNetInfo: cellNetworkName:AT&T cellNetworkSignal:3 cellNetworkState:0 cellNetworkType: 7
04-20 07:36:25.617  4413  4907 D OnStarCommands: getSignalLevel: 3 -> 8
04-20 07:36:25.617  4413  4907 D OnStarCommands: getVoiceRegState: state = 1
04-20 07:36:25.617  4413  4907 D OnStarCommands: onCellNetInfo: No mVoiceNetworkStateRegistrants to notify
04-20 07:36:25.619  4413  4413 V OnStarServiceStateTracker: handleMessage: SIGNAL STRENGTH event = 12  current phone is not OnStar
04-20 07:36:25.619  4413  4413 V OnStarServiceStateTracker: handleMessage: EVENT_NETWORK_STATE_CHANGED: polling states...
04-20 07:36:25.619  4413  4413 V OnStarServiceStateTracker: pollState
04-20 07:36:25.619  4413  4413 D OnStarCommands: getVoiceRegState: state = 1
04-20 07:36:25.619  4413  4413 D OnStarCommands: getOperator: operatorName = AT&T
04-20 07:36:25.619  4413  4413 V OnStarServiceStateTracker: handleMessage: EVENT_POLL_STATE_REGISTRATION: processing...
04-20 07:36:25.619  4413  4413 D OnStarServiceStateTracker: handlePollStateResult: EVENT_POLL_STATE_REGISTRATION: regCode:1, serviceState:0
04-20 07:36:25.619  4413  4413 D PHONE   : [ServiceState] setVoiceRegState=0
04-20 07:36:25.619  4413  4413 V OnStarServiceStateTracker: handleMessage: EVENT_POLL_STATE_OPERATOR: processing...
04-20 07:36:25.619  4413  4413 D OnStarServiceStateTracker: handlePollStateResult: EVENT_POLL_STATE_OPERATOR: opNames[0]: 'AT&T' opNames[1]: '' opNames[2]: ''
04-20 07:36:25.619  4413  4413 D OnStarServiceStateTracker: pollStateDone: oldSS=[0 1 voice home data home AT&T   AT&T    Unknown Unknown CSS not supported -1 -1 RoamInd=-1 DefRoamInd=-1 EmergOnly=false IsDataRoamingFromRegistration=false] newSS=[0 1 voice home data home AT&T   AT&T    Unknown Unknown CSS not supported -1 -1 RoamInd=-1 DefRoamInd=-1 EmergOnly=false IsDataRoamingFromRegistration=false]
04-20 07:36:25.620  4413  4413 D PHONE   : [ServiceState] setNullState=1
04-20 07:36:25.624  4413  4413 D OnStarServiceStateTracker: pollStateDone: Current OutgoingPhone is not OnStar.
04-20 07:36:25.811  9806  9806 I auditd  : type=1400 audit(0.0:2746706): avc: denied { sys_ptrace } for comm="ps" capability=19 scontext=u:r:gmloggerd:s0 tcontext=u:r:gmloggerd:s0 tclass=capability permissive=0
04-20 07:36:25.816  9806  9806 I auditd  : type=1400 audit(0.0:2746707): avc: denied { sys_ptrace } for comm="ps" capability=19 scontext=u:r:gmloggerd:s0 tcontext=u:r:gmloggerd:s0 tclass=capability permissive=0
04-20 07:36:25.816  9806  9806 I auditd  : type=1400 audit(0.0:2746708): avc: denied { sys_ptrace } for comm="ps" capability=19 scontext=u:r:gmloggerd:s0 tcontext=u:r:gmloggerd:s0 tclass=capability permissive=0
04-20 07:36:25.816  9806  9806 I auditd  : type=1400 audit(0.0:2746709): avc: denied { sys_ptrace } for comm="ps" capability=19 scontext=u:r:gmloggerd:s0 tcontext=u:r:gmloggerd:s0 tclass=capability permissive=0
04-20 07:36:25.816  9806  9806 I auditd  : type=1400 audit(0.0:2746710): avc: denied { sys_ptrace } for comm="ps" capability=19 scontext=u:r:gmloggerd:s0 tcontext=u:r:gmloggerd:s0 tclass=capability permissive=0
04-20 07:36:25.816  9806  9806 I auditd  : type=1400 audit(0.0:2746711): avc: denied { sys_ptrace } for comm="ps" capability=19 scontext=u:r:gmloggerd:s0 tcontext=u:r:gmloggerd:s0 tclass=capability permissive=0
04-20 07:36:25.817  9806  9806 I auditd  : type=1400 audit(0.0:2746712): avc: denied { sys_ptrace } for comm="ps" capability=19 scontext=u:r:gmloggerd:s0 tcontext=u:r:gmloggerd:s0 tclass=capability permissive=0
04-20 07:36:25.817  9806  9806 I auditd  : type=1400 audit(0.0:2746713): avc: denied { sys_ptrace } for comm="ps" capability=19 scontext=u:r:gmloggerd:s0 tcontext=u:r:gmloggerd:s0 tclass=capability permissive=0
04-20 07:36:25.817  9806  9806 I auditd  : type=1400 audit(0.0:2746714): avc: denied { sys_ptrace } for comm="ps" capability=19 scontext=u:r:gmloggerd:s0 tcontext=u:r:gmloggerd:s0 tclass=capability permissive=0
04-20 07:36:25.817  9806  9806 I auditd  : type=1400 audit(0.0:2746715): avc: denied { sys_ptrace } for comm="ps" capability=19 scontext=u:r:gmloggerd:s0 tcontext=u:r:gmloggerd:s0 tclass=capability permissive=0
04-20 07:36:25.817  9806  9806 I auditd  : type=1400 audit(0.0:2746716): avc: denied { sys_ptrace } for comm="ps" capability=19 scontext=u:r:gmloggerd:s0 tcontext=u:r:gmloggerd:s0 tclass=capability permissive=0
04-20 07:36:25.817  9806  9806 I auditd  : type=1400 audit(0.0:2746717): avc: denied { sys_ptrace } for comm="ps" capability=19 scontext=u:r:gmloggerd:s0 tcontext=u:r:gmloggerd:s0 tclass=capability permissive=0
04-20 07:36:25.817  9806  9806 I auditd  : type=1400 audit(0.0:2746718): avc: denied { sys_ptrace } for comm="ps" capability=19 scontext=u:r:gmloggerd:s0 tcontext=u:r:gmloggerd:s0 tclass=capability permissive=0
04-20 07:36:25.817  9806  9806 I auditd  : type=1400 audit(0.0:2746719): avc: denied { sys_ptrace } for comm="ps" capability=19 scontext=u:r:gmloggerd:s0 tcontext=u:r:gmloggerd:s0 tclass=capability permissive=0
04-20 07:36:25.818  9806  9806 I auditd  : type=1400 audit(0.0:2746720): avc: denied { sys_ptrace } for comm="ps" capability=19 scontext=u:r:gmloggerd:s0 tcontext=u:r:gmloggerd:s0 tclass=capability permissive=0
04-20 07:36:25.818  9806  9806 I auditd  : type=1400 audit(0.0:2746721): avc: denied { sys_ptrace } for comm="ps" capability=19 scontext=u:r:gmloggerd:s0 tcontext=u:r:gmloggerd:s0 tclass=capability permissive=0
04-20 07:36:25.818  9806  9806 I auditd  : type=1400 audit(0.0:2746722): avc: denied { sys_ptrace } for comm="ps" capability=19 scontext=u:r:gmloggerd:s0 tcontext=u:r:gmloggerd:s0 tclass=capability permissive=0
04-20 07:36:25.818  9806  9806 I auditd  : type=1400 audit(0.0:2746723): avc: denied { sys_ptrace } for comm="ps" capability=19 scontext=u:r:gmloggerd:s0 tcontext=u:r:gmloggerd:s0 tclass=capability permissive=0
04-20 07:36:25.819  9806  9806 I auditd  : type=1400 audit(0.0:2746724): avc: denied { sys_ptrace } for comm="ps" capability=19 scontext=u:r:gmloggerd:s0 tcontext=u:r:gmloggerd:s0 tclass=capability permissive=0
04-20 07:36:25.819  9806  9806 I auditd  : type=1400 audit(0.0:2746725): avc: denied { sys_ptrace } for comm="ps" capability=19 scontext=u:r:gmloggerd:s0 tcontext=u:r:gmloggerd:s0 tclass=capability permissive=0
04-20 07:36:30.062  4413  5095 V OnStarCommands: onCellNetInfo: cellNetworkName:AT&T cellNetworkSignal:2 cellNetworkState:0 cellNetworkType: 7
04-20 07:36:30.062  4413  5095 D OnStarCommands: getSignalLevel: 2 -> 6
04-20 07:36:30.062  4413  5095 D OnStarCommands: getVoiceRegState: state = 1
04-20 07:36:30.062  4413  5095 D OnStarCommands: onCellNetInfo: No mVoiceNetworkStateRegistrants to notify
04-20 07:36:30.068  4413  4413 V OnStarServiceStateTracker: handleMessage: SIGNAL STRENGTH event = 12  current phone is not OnStar
04-20 07:36:30.068  4413  4413 V OnStarServiceStateTracker: handleMessage: EVENT_NETWORK_STATE_CHANGED: polling states...
04-20 07:36:30.068  4413  4413 V OnStarServiceStateTracker: pollState
04-20 07:36:30.068  4413  4413 D OnStarCommands: getVoiceRegState: state = 1
04-20 07:36:30.068  4413  4413 D OnStarCommands: getOperator: operatorName = AT&T
04-20 07:36:30.068  4413  4413 V OnStarServiceStateTracker: handleMessage: EVENT_POLL_STATE_REGISTRATION: processing...
04-20 07:36:30.068  4413  4413 D OnStarServiceStateTracker: handlePollStateResult: EVENT_POLL_STATE_REGISTRATION: regCode:1, serviceState:0
04-20 07:36:30.068  4413  4413 D PHONE   : [ServiceState] setVoiceRegState=0
04-20 07:36:30.068  4413  4413 V OnStarServiceStateTracker: handleMessage: EVENT_POLL_STATE_OPERATOR: processing...
04-20 07:36:30.068  4413  4413 D OnStarServiceStateTracker: handlePollStateResult: EVENT_POLL_STATE_OPERATOR: opNames[0]: 'AT&T' opNames[1]: '' opNames[2]: ''
04-20 07:36:30.069  4413  4413 D OnStarServiceStateTracker: pollStateDone: oldSS=[0 1 voice home data home AT&T   AT&T    Unknown Unknown CSS not supported -1 -1 RoamInd=-1 DefRoamInd=-1 EmergOnly=false IsDataRoamingFromRegistration=false] newSS=[0 1 voice home data home AT&T   AT&T    Unknown Unknown CSS not supported -1 -1 RoamInd=-1 DefRoamInd=-1 EmergOnly=false IsDataRoamingFromRegistration=false]
04-20 07:36:30.069  4413  4413 D PHONE   : [ServiceState] setNullState=1
04-20 07:36:30.070  4413  4413 D OnStarServiceStateTracker: pollStateDone: Current OutgoingPhone is not OnStar.
04-20 07:36:32.329  4413  4450 V OnStarCommands: onCellNetInfo: cellNetworkName:AT&T cellNetworkSignal:3 cellNetworkState:0 cellNetworkType: 7
04-20 07:36:32.329  4413  4450 D OnStarCommands: getSignalLevel: 3 -> 8
04-20 07:36:32.329  4413  4450 D OnStarCommands: getVoiceRegState: state = 1
04-20 07:36:32.329  4413  4450 D OnStarCommands: onCellNetInfo: No mVoiceNetworkStateRegistrants to notify
04-20 07:36:32.330  4413  4413 V OnStarServiceStateTracker: handleMessage: SIGNAL STRENGTH event = 12  current phone is not OnStar
04-20 07:36:32.330  4413  4413 V OnStarServiceStateTracker: handleMessage: EVENT_NETWORK_STATE_CHANGED: polling states...
04-20 07:36:32.330  4413  4413 V OnStarServiceStateTracker: pollState
04-20 07:36:32.330  4413  4413 D OnStarCommands: getVoiceRegState: state = 1
04-20 07:36:32.330  4413  4413 D OnStarCommands: getOperator: operatorName = AT&T
04-20 07:36:32.331  4413  4413 V OnStarServiceStateTracker: handleMessage: EVENT_POLL_STATE_REGISTRATION: processing...
04-20 07:36:32.331  4413  4413 D OnStarServiceStateTracker: handlePollStateResult: EVENT_POLL_STATE_REGISTRATION: regCode:1, serviceState:0
04-20 07:36:32.331  4413  4413 D PHONE   : [ServiceState] setVoiceRegState=0
04-20 07:36:32.331  4413  4413 V OnStarServiceStateTracker: handleMessage: EVENT_POLL_STATE_OPERATOR: processing...
04-20 07:36:32.331  4413  4413 D OnStarServiceStateTracker: handlePollStateResult: EVENT_POLL_STATE_OPERATOR: opNames[0]: 'AT&T' opNames[1]: '' opNames[2]: ''
04-20 07:36:32.332  4413  4413 D OnStarServiceStateTracker: pollStateDone: oldSS=[0 1 voice home data home AT&T   AT&T    Unknown Unknown CSS not supported -1 -1 RoamInd=-1 DefRoamInd=-1 EmergOnly=false IsDataRoamingFromRegistration=false] newSS=[0 1 voice home data home AT&T   AT&T    Unknown Unknown CSS not supported -1 -1 RoamInd=-1 DefRoamInd=-1 EmergOnly=false IsDataRoamingFromRegistration=false]
04-20 07:36:32.332  4413  4413 D PHONE   : [ServiceState] setNullState=1
04-20 07:36:32.333  4413  4413 D OnStarServiceStateTracker: pollStateDone: Current OutgoingPhone is not OnStar.
04-20 07:36:32.470  2321  2355 I liblog  : 6
04-20 07:36:32.472  2321  2355 I liblog  : 1
04-20 07:36:32.474  2321  2355 I liblog  : 22
04-20 07:36:32.477  2321  2355 I liblog  : 5
04-20 07:36:32.478  2321  2355 I liblog  : 9
04-20 07:36:36.164  2321  2355 I liblog  : 488
04-20 07:36:36.165  2321  2355 I liblog  : 2
04-20 07:36:36.231  2321  2321 I liblog  : 589
04-20 07:36:36.236  2321  2355 I liblog  : 67
04-20 07:36:36.238  2321  2355 I liblog  : 34
04-20 07:36:39.377  9982  9982 I auditd  : type=1400 audit(0.0:2748429): avc: denied { sys_ptrace } for comm="ps" capability=19 scontext=u:r:gmloggerd:s0 tcontext=u:r:gmloggerd:s0 tclass=capability permissive=0
04-20 07:36:39.384  9982  9982 I auditd  : type=1400 audit(0.0:2748430): avc: denied { sys_ptrace } for comm="ps" capability=19 scontext=u:r:gmloggerd:s0 tcontext=u:r:gmloggerd:s0 tclass=capability permissive=0
