04-20 07:26:47.663  4413  4450 V OnStarCommands: onCellNetInfo: cellNetworkName:AT&T cellNetworkSignal:2 cellNetworkState:0 cellNetworkType: 7
04-20 07:26:47.663  4413  4450 D OnStarCommands: getSignalLevel: 2 -> 6
04-20 07:26:47.663  4413  4450 D OnStarCommands: getVoiceRegState: state = 1
04-20 07:26:47.663  4413  4450 D OnStarCommands: onCellNetInfo: No mVoiceNetworkStateRegistrants to notify
04-20 07:26:47.670  4413  4413 V OnStarServiceStateTracker: handleMessage: SIGNAL STRENGTH event = 12  current phone is not OnStar
04-20 07:26:47.670  4413  4413 V OnStarServiceStateTracker: handleMessage: EVENT_NETWORK_STATE_CHANGED: polling states...
04-20 07:26:47.670  4413  4413 V OnStarServiceStateTracker: pollState
04-20 07:26:47.670  4413  4413 D OnStarCommands: getVoiceRegState: state = 1
04-20 07:26:47.670  4413  4413 D OnStarCommands: getOperator: operatorName = AT&T
04-20 07:26:47.670  4413  4413 V OnStarServiceStateTracker: handleMessage: EVENT_POLL_STATE_REGISTRATION: processing...
04-20 07:26:47.670  4413  4413 D OnStarServiceStateTracker: handlePollStateResult: EVENT_POLL_STATE_REGISTRATION: regCode:1, serviceState:0
04-20 07:26:47.670  4413  4413 D PHONE   : [ServiceState] setVoiceRegState=0
04-20 07:26:47.670  4413  4413 V OnStarServiceStateTracker: handleMessage: EVENT_POLL_STATE_OPERATOR: processing...
04-20 07:26:47.670  4413  4413 D OnStarServiceStateTracker: handlePollStateResult: EVENT_POLL_STATE_OPERATOR: opNames[0]: 'AT&T' opNames[1]: '' opNames[2]: ''
04-20 07:26:47.679  4413  4413 D OnStarServiceStateTracker: pollStateDone: oldSS=[0 1 voice home data home AT&T   AT&T    Unknown Unknown CSS not supported -1 -1 RoamInd=-1 DefRoamInd=-1 EmergOnly=false IsDataRoamingFromRegistration=false] newSS=[0 1 voice home data home AT&T   AT&T    Unknown Unknown CSS not supported -1 -1 RoamInd=-1 DefRoamInd=-1 EmergOnly=false IsDataRoamingFromRegistration=false]
04-20 07:26:47.679  4413  4413 D PHONE   : [ServiceState] setNullState=1
04-20 07:26:47.685  4413  4413 D OnStarServiceStateTracker: pollStateDone: Current OutgoingPhone is not OnStar.
04-20 07:26:49.911  4413  4460 V OnStarCommands: onCellNetInfo: cellNetworkName:AT&T cellNetworkSignal:3 cellNetworkState:0 cellNetworkType: 7
04-20 07:26:49.911  4413  4460 D OnStarCommands: getSignalLevel: 3 -> 8
04-20 07:26:49.911  4413  4460 D OnStarCommands: getVoiceRegState: state = 1
04-20 07:26:49.911  4413  4460 D OnStarCommands: onCellNetInfo: No mVoiceNetworkStateRegistrants to notify
04-20 07:26:49.914  4413  4413 V OnStarServiceStateTracker: handleMessage: SIGNAL STRENGTH event = 12  current phone is not OnStar
04-20 07:26:49.914  4413  4413 V OnStarServiceStateTracker: handleMessage: EVENT_NETWORK_STATE_CHANGED: polling states...
04-20 07:26:49.914  4413  4413 V OnStarServiceStateTracker: pollState
04-20 07:26:49.914  4413  4413 D OnStarCommands: getVoiceRegState: state = 1
04-20 07:26:49.915  4413  4413 D OnStarCommands: getOperator: operatorName = AT&T
04-20 07:26:49.915  4413  4413 V OnStarServiceStateTracker: handleMessage: EVENT_POLL_STATE_REGISTRATION: processing...
04-20 07:26:49.915  4413  4413 D OnStarServiceStateTracker: handlePollStateResult: EVENT_POLL_STATE_REGISTRATION: regCode:1, serviceState:0
04-20 07:26:49.915  4413  4413 D PHONE   : [ServiceState] setVoiceRegState=0
04-20 07:26:49.915  4413  4413 V OnStarServiceStateTracker: handleMessage: EVENT_POLL_STATE_OPERATOR: processing...
04-20 07:26:49.915  4413  4413 D OnStarServiceStateTracker: handlePollStateResult: EVENT_POLL_STATE_OPERATOR: opNames[0]: 'AT&T' opNames[1]: '' opNames[2]: ''
04-20 07:26:49.915  4413  4413 D OnStarServiceStateTracker: pollStateDone: oldSS=[0 1 voice home data home AT&T   AT&T    Unknown Unknown CSS not supported -1 -1 RoamInd=-1 DefRoamInd=-1 EmergOnly=false IsDataRoamingFromRegistration=false] newSS=[0 1 voice home data home AT&T   AT&T    Unknown Unknown CSS not supported -1 -1 RoamInd=-1 DefRoamInd=-1 EmergOnly=false IsDataRoamingFromRegistration=false]
04-20 07:26:49.915  4413  4413 D PHONE   : [ServiceState] setNullState=1
04-20 07:26:49.917  4413  4413 D OnStarServiceStateTracker: pollStateDone: Current OutgoingPhone is not OnStar.
04-20 07:26:58.881  4413  4713 V OnStarCommands: onCellNetInfo: cellNetworkName:AT&T cellNetworkSignal:2 cellNetworkState:0 cellNetworkType: 7
04-20 07:26:58.881  4413  4713 D OnStarCommands: getSignalLevel: 2 -> 6
04-20 07:26:58.881  4413  4713 D OnStarCommands: getVoiceRegState: state = 1
04-20 07:26:58.881  4413  4713 D OnStarCommands: onCellNetInfo: No mVoiceNetworkStateRegistrants to notify
04-20 07:26:58.883  4413  4413 V OnStarServiceStateTracker: handleMessage: SIGNAL STRENGTH event = 12  current phone is not OnStar
04-20 07:26:58.883  4413  4413 V OnStarServiceStateTracker: handleMessage: EVENT_NETWORK_STATE_CHANGED: polling states...
04-20 07:26:58.883  4413  4413 V OnStarServiceStateTracker: pollState
04-20 07:26:58.883  4413  4413 D OnStarCommands: getVoiceRegState: state = 1
04-20 07:26:58.883  4413  4413 D OnStarCommands: getOperator: operatorName = AT&T
04-20 07:26:58.883  4413  4413 V OnStarServiceStateTracker: handleMessage: EVENT_POLL_STATE_REGISTRATION: processing...
04-20 07:26:58.883  4413  4413 D OnStarServiceStateTracker: handlePollStateResult: EVENT_POLL_STATE_REGISTRATION: regCode:1, serviceState:0
04-20 07:26:58.883  4413  4413 D PHONE   : [ServiceState] setVoiceRegState=0
04-20 07:26:58.883  4413  4413 V OnStarServiceStateTracker: handleMessage: EVENT_POLL_STATE_OPERATOR: processing...
04-20 07:26:58.883  4413  4413 D OnStarServiceStateTracker: handlePollStateResult: EVENT_POLL_STATE_OPERATOR: opNames[0]: 'AT&T' opNames[1]: '' opNames[2]: ''
04-20 07:26:58.884  4413  4413 D OnStarServiceStateTracker: pollStateDone: oldSS=[0 1 voice home data home AT&T   AT&T    Unknown Unknown CSS not supported -1 -1 RoamInd=-1 DefRoamInd=-1 EmergOnly=false IsDataRoamingFromRegistration=false] newSS=[0 1 voice home data home AT&T   AT&T    Unknown Unknown CSS not supported -1 -1 RoamInd=-1 DefRoamInd=-1 EmergOnly=false IsDataRoamingFromRegistration=false]
04-20 07:26:58.884  4413  4413 D PHONE   : [ServiceState] setNullState=1
04-20 07:26:58.886  4413  4413 D OnStarServiceStateTracker: pollStateDone: Current OutgoingPhone is not OnStar.
04-20 07:27:01.111  4413  4907 V OnStarCommands: onCellNetInfo: cellNetworkName:AT&T cellNetworkSignal:3 cellNetworkState:0 cellNetworkType: 7
04-20 07:27:01.111  4413  4907 D OnStarCommands: getSignalLevel: 3 -> 8
04-20 07:27:01.112  4413  4907 D OnStarCommands: getVoiceRegState: state = 1
04-20 07:27:01.112  4413  4907 D OnStarCommands: onCellNetInfo: No mVoiceNetworkStateRegistrants to notify
04-20 07:27:01.118  4413  4413 V OnStarServiceStateTracker: handleMessage: SIGNAL STRENGTH event = 12  current phone is not OnStar
04-20 07:27:01.118  4413  4413 V OnStarServiceStateTracker: handleMessage: EVENT_NETWORK_STATE_CHANGED: polling states...
04-20 07:27:01.118  4413  4413 V OnStarServiceStateTracker: pollState
04-20 07:27:01.118  4413  4413 D OnStarCommands: getVoiceRegState: state = 1
04-20 07:27:01.118  4413  4413 D OnStarCommands: getOperator: operatorName = AT&T
04-20 07:27:01.118  4413  4413 V OnStarServiceStateTracker: handleMessage: EVENT_POLL_STATE_REGISTRATION: processing...
04-20 07:27:01.118  4413  4413 D OnStarServiceStateTracker: handlePollStateResult: EVENT_POLL_STATE_REGISTRATION: regCode:1, serviceState:0
04-20 07:27:01.118  4413  4413 D PHONE   : [ServiceState] setVoiceRegState=0
04-20 07:27:01.118  4413  4413 V OnStarServiceStateTracker: handleMessage: EVENT_POLL_STATE_OPERATOR: processing...
04-20 07:27:01.118  4413  4413 D OnStarServiceStateTracker: handlePollStateResult: EVENT_POLL_STATE_OPERATOR: opNames[0]: 'AT&T' opNames[1]: '' opNames[2]: ''
04-20 07:27:01.123  4413  4413 D OnStarServiceStateTracker: pollStateDone: oldSS=[0 1 voice home data home AT&T   AT&T    Unknown Unknown CSS not supported -1 -1 RoamInd=-1 DefRoamInd=-1 EmergOnly=false IsDataRoamingFromRegistration=false] newSS=[0 1 voice home data home AT&T   AT&T    Unknown Unknown CSS not supported -1 -1 RoamInd=-1 DefRoamInd=-1 EmergOnly=false IsDataRoamingFromRegistration=false]
04-20 07:27:01.123  4413  4413 D PHONE   : [ServiceState] setNullState=1
04-20 07:27:01.125  4413  4413 D OnStarServiceStateTracker: pollStateDone: Current OutgoingPhone is not OnStar.
04-20 07:27:05.586  4413  5095 V OnStarCommands: onCellNetInfo: cellNetworkName:AT&T cellNetworkSignal:2 cellNetworkState:0 cellNetworkType: 7
04-20 07:27:05.586  4413  5095 D OnStarCommands: getSignalLevel: 2 -> 6
04-20 07:27:05.586  4413  5095 D OnStarCommands: getVoiceRegState: state = 1
04-20 07:27:05.586  4413  5095 D OnStarCommands: onCellNetInfo: No mVoiceNetworkStateRegistrants to notify
04-20 07:27:05.587  4413  4413 V OnStarServiceStateTracker: handleMessage: SIGNAL STRENGTH event = 12  current phone is not OnStar
04-20 07:27:05.587  4413  4413 V OnStarServiceStateTracker: handleMessage: EVENT_NETWORK_STATE_CHANGED: polling states...
04-20 07:27:05.587  4413  4413 V OnStarServiceStateTracker: pollState
04-20 07:27:05.587  4413  4413 D OnStarCommands: getVoiceRegState: state = 1
04-20 07:27:05.587  4413  4413 D OnStarCommands: getOperator: operatorName = AT&T
04-20 07:27:05.587  4413  4413 V OnStarServiceStateTracker: handleMessage: EVENT_POLL_STATE_REGISTRATION: processing...
04-20 07:27:05.587  4413  4413 D OnStarServiceStateTracker: handlePollStateResult: EVENT_POLL_STATE_REGISTRATION: regCode:1, serviceState:0
04-20 07:27:05.587  4413  4413 D PHONE   : [ServiceState] setVoiceRegState=0
04-20 07:27:05.587  4413  4413 V OnStarServiceStateTracker: handleMessage: EVENT_POLL_STATE_OPERATOR: processing...
04-20 07:27:05.587  4413  4413 D OnStarServiceStateTracker: handlePollStateResult: EVENT_POLL_STATE_OPERATOR: opNames[0]: 'AT&T' opNames[1]: '' opNames[2]: ''
04-20 07:27:05.588  4413  4413 D OnStarServiceStateTracker: pollStateDone: oldSS=[0 1 voice home data home AT&T   AT&T    Unknown Unknown CSS not supported -1 -1 RoamInd=-1 DefRoamInd=-1 EmergOnly=false IsDataRoamingFromRegistration=false] newSS=[0 1 voice home data home AT&T   AT&T    Unknown Unknown CSS not supported -1 -1 RoamInd=-1 DefRoamInd=-1 EmergOnly=false IsDataRoamingFromRegistration=false]
04-20 07:27:05.589  4413  4413 D PHONE   : [ServiceState] setNullState=1
04-20 07:27:05.591  4413  4413 D OnStarServiceStateTracker: pollStateDone: Current OutgoingPhone is not OnStar.
04-20 07:27:10.074  4413  4450 V OnStarCommands: onCellNetInfo: cellNetworkName:AT&T cellNetworkSignal:3 cellNetworkState:0 cellNetworkType: 7
04-20 07:27:10.075  4413  4450 D OnStarCommands: getSignalLevel: 3 -> 8
04-20 07:27:10.075  4413  4450 D OnStarCommands: getVoiceRegState: state = 1
04-20 07:27:10.075  4413  4450 D OnStarCommands: onCellNetInfo: No mVoiceNetworkStateRegistrants to notify
04-20 07:27:10.078  4413  4413 V OnStarServiceStateTracker: handleMessage: SIGNAL STRENGTH event = 12  current phone is not OnStar
04-20 07:27:10.078  4413  4413 V OnStarServiceStateTracker: handleMessage: EVENT_NETWORK_STATE_CHANGED: polling states...
04-20 07:27:10.078  4413  4413 V OnStarServiceStateTracker: pollState
04-20 07:27:10.078  4413  4413 D OnStarCommands: getVoiceRegState: state = 1
04-20 07:27:10.078  4413  4413 D OnStarCommands: getOperator: operatorName = AT&T
04-20 07:27:10.078  4413  4413 V OnStarServiceStateTracker: handleMessage: EVENT_POLL_STATE_REGISTRATION: processing...
04-20 07:27:10.078  4413  4413 D OnStarServiceStateTracker: handlePollStateResult: EVENT_POLL_STATE_REGISTRATION: regCode:1, serviceState:0
04-20 07:27:10.078  4413  4413 D PHONE   : [ServiceState] setVoiceRegState=0
04-20 07:27:10.078  4413  4413 V OnStarServiceStateTracker: handleMessage: EVENT_POLL_STATE_OPERATOR: processing...
04-20 07:27:10.078  4413  4413 D OnStarServiceStateTracker: handlePollStateResult: EVENT_POLL_STATE_OPERATOR: opNames[0]: 'AT&T' opNames[1]: '' opNames[2]: ''
04-20 07:27:10.079  4413  4413 D OnStarServiceStateTracker: pollStateDone: oldSS=[0 1 voice home data home AT&T   AT&T    Unknown Unknown CSS not supported -1 -1 RoamInd=-1 DefRoamInd=-1 EmergOnly=false IsDataRoamingFromRegistration=false] newSS=[0 1 voice home data home AT&T   AT&T    Unknown Unknown CSS not supported -1 -1 RoamInd=-1 DefRoamInd=-1 EmergOnly=false IsDataRoamingFromRegistration=false]
04-20 07:27:10.079  4413  4413 D PHONE   : [ServiceState] setNullState=1
04-20 07:27:10.081  4413  4413 D OnStarServiceStateTracker: pollStateDone: Current OutgoingPhone is not OnStar.
04-20 07:27:34.707  4413  4460 V OnStarCommands: onCellNetInfo: cellNetworkName:AT&T cellNetworkSignal:2 cellNetworkState:0 cellNetworkType: 7
04-20 07:27:34.707  4413  4460 D OnStarCommands: getSignalLevel: 2 -> 6
04-20 07:27:34.707  4413  4460 D OnStarCommands: getVoiceRegState: state = 1
04-20 07:27:34.707  4413  4460 D OnStarCommands: onCellNetInfo: No mVoiceNetworkStateRegistrants to notify
04-20 07:27:34.709  4413  4413 V OnStarServiceStateTracker: handleMessage: SIGNAL STRENGTH event = 12  current phone is not OnStar
04-20 07:27:34.710  4413  4413 V OnStarServiceStateTracker: handleMessage: EVENT_NETWORK_STATE_CHANGED: polling states...
04-20 07:27:34.710  4413  4413 V OnStarServiceStateTracker: pollState
04-20 07:27:34.710  4413  4413 D OnStarCommands: getVoiceRegState: state = 1
04-20 07:27:34.710  4413  4413 D OnStarCommands: getOperator: operatorName = AT&T
04-20 07:27:34.710  4413  4413 V OnStarServiceStateTracker: handleMessage: EVENT_POLL_STATE_REGISTRATION: processing...
04-20 07:27:34.710  4413  4413 D OnStarServiceStateTracker: handlePollStateResult: EVENT_POLL_STATE_REGISTRATION: regCode:1, serviceState:0
04-20 07:27:34.710  4413  4413 D PHONE   : [ServiceState] setVoiceRegState=0
04-20 07:27:34.710  4413  4413 V OnStarServiceStateTracker: handleMessage: EVENT_POLL_STATE_OPERATOR: processing...
04-20 07:27:34.710  4413  4413 D OnStarServiceStateTracker: handlePollStateResult: EVENT_POLL_STATE_OPERATOR: opNames[0]: 'AT&T' opNames[1]: '' opNames[2]: ''
04-20 07:27:34.713  4413  4413 D OnStarServiceStateTracker: pollStateDone: oldSS=[0 1 voice home data home AT&T   AT&T    Unknown Unknown CSS not supported -1 -1 RoamInd=-1 DefRoamInd=-1 EmergOnly=false IsDataRoamingFromRegistration=false] newSS=[0 1 voice home data home AT&T   AT&T    Unknown Unknown CSS not supported -1 -1 RoamInd=-1 DefRoamInd=-1 EmergOnly=false IsDataRoamingFromRegistration=false]
04-20 07:27:34.713  4413  4413 D PHONE   : [ServiceState] setNullState=1
04-20 07:27:34.715  4413  4413 D OnStarServiceStateTracker: pollStateDone: Current OutgoingPhone is not OnStar.
04-20 07:27:38.778  4413  4713 V OnStarCommands: onCellNetInfo: cellNetworkName:AT&T cellNetworkSignal:3 cellNetworkState:0 cellNetworkType: 7
04-20 07:27:38.778  4413  4713 D OnStarCommands: getSignalLevel: 3 -> 8
04-20 07:27:38.778  4413  4713 D OnStarCommands: getVoiceRegState: state = 1
04-20 07:27:38.778  4413  4713 D OnStarCommands: onCellNetInfo: No mVoiceNetworkStateRegistrants to notify
04-20 07:27:38.779  4413  4413 V OnStarServiceStateTracker: handleMessage: SIGNAL STRENGTH event = 12  current phone is not OnStar
04-20 07:27:38.779  4413  4413 V OnStarServiceStateTracker: handleMessage: EVENT_NETWORK_STATE_CHANGED: polling states...
04-20 07:27:38.779  4413  4413 V OnStarServiceStateTracker: pollState
04-20 07:27:38.779  4413  4413 D OnStarCommands: getVoiceRegState: state = 1
04-20 07:27:38.779  4413  4413 D OnStarCommands: getOperator: operatorName = AT&T
04-20 07:27:38.779  4413  4413 V OnStarServiceStateTracker: handleMessage: EVENT_POLL_STATE_REGISTRATION: processing...
04-20 07:27:38.779  4413  4413 D OnStarServiceStateTracker: handlePollStateResult: EVENT_POLL_STATE_REGISTRATION: regCode:1, serviceState:0
04-20 07:27:38.779  4413  4413 D PHONE   : [ServiceState] setVoiceRegState=0
04-20 07:27:38.779  4413  4413 V OnStarServiceStateTracker: handleMessage: EVENT_POLL_STATE_OPERATOR: processing...
04-20 07:27:38.779  4413  4413 D OnStarServiceStateTracker: handlePollStateResult: EVENT_POLL_STATE_OPERATOR: opNames[0]: 'AT&T' opNames[1]: '' opNames[2]: ''
04-20 07:27:38.787  4413  4413 D OnStarServiceStateTracker: pollStateDone: oldSS=[0 1 voice home data home AT&T   AT&T    Unknown Unknown CSS not supported -1 -1 RoamInd=-1 DefRoamInd=-1 EmergOnly=false IsDataRoamingFromRegistration=false] newSS=[0 1 voice home data home AT&T   AT&T    Unknown Unknown CSS not supported -1 -1 RoamInd=-1 DefRoamInd=-1 EmergOnly=false IsDataRoamingFromRegistration=false]
04-20 07:27:38.787  4413  4413 D PHONE   : [ServiceState] setNullState=1
04-20 07:27:38.790  4413  4413 D OnStarServiceStateTracker: pollStateDone: Current OutgoingPhone is not OnStar.
04-20 07:27:41.434  4413  4907 V OnStarCommands: onCellNetInfo: cellNetworkName:AT&T cellNetworkSignal:2 cellNetworkState:0 cellNetworkType: 7
04-20 07:27:41.434  4413  4907 D OnStarCommands: getSignalLevel: 2 -> 6
04-20 07:27:41.434  4413  4907 D OnStarCommands: getVoiceRegState: state = 1
04-20 07:27:41.434  4413  4907 D OnStarCommands: onCellNetInfo: No mVoiceNetworkStateRegistrants to notify
04-20 07:27:41.443  4413  4413 V OnStarServiceStateTracker: handleMessage: SIGNAL STRENGTH event = 12  current phone is not OnStar
04-20 07:27:41.443  4413  4413 V OnStarServiceStateTracker: handleMessage: EVENT_NETWORK_STATE_CHANGED: polling states...
04-20 07:27:41.443  4413  4413 V OnStarServiceStateTracker: pollState
04-20 07:27:41.443  4413  4413 D OnStarCommands: getVoiceRegState: state = 1
04-20 07:27:41.443  4413  4413 D OnStarCommands: getOperator: operatorName = AT&T
04-20 07:27:41.443  4413  4413 V OnStarServiceStateTracker: handleMessage: EVENT_POLL_STATE_REGISTRATION: processing...
04-20 07:27:41.443  4413  4413 D OnStarServiceStateTracker: handlePollStateResult: EVENT_POLL_STATE_REGISTRATION: regCode:1, serviceState:0
04-20 07:27:41.443  4413  4413 D PHONE   : [ServiceState] setVoiceRegState=0
04-20 07:27:41.443  4413  4413 V OnStarServiceStateTracker: handleMessage: EVENT_POLL_STATE_OPERATOR: processing...
04-20 07:27:41.443  4413  4413 D OnStarServiceStateTracker: handlePollStateResult: EVENT_POLL_STATE_OPERATOR: opNames[0]: 'AT&T' opNames[1]: '' opNames[2]: ''
04-20 07:27:41.444  4413  4413 D OnStarServiceStateTracker: pollStateDone: oldSS=[0 1 voice home data home AT&T   AT&T    Unknown Unknown CSS not supported -1 -1 RoamInd=-1 DefRoamInd=-1 EmergOnly=false IsDataRoamingFromRegistration=false] newSS=[0 1 voice home data home AT&T   AT&T    Unknown Unknown CSS not supported -1 -1 RoamInd=-1 DefRoamInd=-1 EmergOnly=false IsDataRoamingFromRegistration=false]
04-20 07:27:41.444  4413  4413 D PHONE   : [ServiceState] setNullState=1
04-20 07:27:41.445  4413  4413 D OnStarServiceStateTracker: pollStateDone: Current OutgoingPhone is not OnStar.
04-20 07:27:43.683  4413  5095 V OnStarCommands: onCellNetInfo: cellNetworkName:AT&T cellNetworkSignal:3 cellNetworkState:0 cellNetworkType: 7
04-20 07:27:43.683  4413  5095 D OnStarCommands: getSignalLevel: 3 -> 8
04-20 07:27:43.683  4413  5095 D OnStarCommands: getVoiceRegState: state = 1
04-20 07:27:43.683  4413  5095 D OnStarCommands: onCellNetInfo: No mVoiceNetworkStateRegistrants to notify
04-20 07:27:43.687  4413  4413 V OnStarServiceStateTracker: handleMessage: SIGNAL STRENGTH event = 12  current phone is not OnStar
04-20 07:27:43.689  4413  4413 V OnStarServiceStateTracker: handleMessage: EVENT_NETWORK_STATE_CHANGED: polling states...
04-20 07:27:43.689  4413  4413 V OnStarServiceStateTracker: pollState
04-20 07:27:43.689  4413  4413 D OnStarCommands: getVoiceRegState: state = 1
04-20 07:27:43.689  4413  4413 D OnStarCommands: getOperator: operatorName = AT&T
04-20 07:27:43.689  4413  4413 V OnStarServiceStateTracker: handleMessage: EVENT_POLL_STATE_REGISTRATION: processing...
04-20 07:27:43.689  4413  4413 D OnStarServiceStateTracker: handlePollStateResult: EVENT_POLL_STATE_REGISTRATION: regCode:1, serviceState:0
04-20 07:27:43.689  4413  4413 D PHONE   : [ServiceState] setVoiceRegState=0
04-20 07:27:43.689  4413  4413 V OnStarServiceStateTracker: handleMessage: EVENT_POLL_STATE_OPERATOR: processing...
04-20 07:27:43.689  4413  4413 D OnStarServiceStateTracker: handlePollStateResult: EVENT_POLL_STATE_OPERATOR: opNames[0]: 'AT&T' opNames[1]: '' opNames[2]: ''
04-20 07:27:43.694  4413  4413 D OnStarServiceStateTracker: pollStateDone: oldSS=[0 1 voice home data home AT&T   AT&T    Unknown Unknown CSS not supported -1 -1 RoamInd=-1 DefRoamInd=-1 EmergOnly=false IsDataRoamingFromRegistration=false] newSS=[0 1 voice home data home AT&T   AT&T    Unknown Unknown CSS not supported -1 -1 RoamInd=-1 DefRoamInd=-1 EmergOnly=false IsDataRoamingFromRegistration=false]
04-20 07:27:43.694  4413  4413 D PHONE   : [ServiceState] setNullState=1
04-20 07:27:43.698  4413  4413 D OnStarServiceStateTracker: pollStateDone: Current OutgoingPhone is not OnStar.
--------- beginning of events
04-20 07:27:50.197   370   370 I auditd  : type=1400 audit(0.0:2681200): avc: denied { sys_ptrace } for comm="ps" capability=19 scontext=u:r:gmloggerd:s0 tcontext=u:r:gmloggerd:s0 tclass=capability permissive=0
04-20 07:27:50.197   370   370 I auditd  : type=1400 audit(0.0:2681201): avc: denied { sys_ptrace } for comm="ps" capability=19 scontext=u:r:gmloggerd:s0 tcontext=u:r:gmloggerd:s0 tclass=capability permissive=0
04-20 07:27:50.197   370   370 I auditd  : type=1400 audit(0.0:2681202): avc: denied { sys_ptrace } for comm="ps" capability=19 scontext=u:r:gmloggerd:s0 tcontext=u:r:gmloggerd:s0 tclass=capability permissive=0
04-20 07:27:50.197   370   370 I auditd  : type=1400 audit(0.0:2681203): avc: denied { sys_ptrace } for comm="ps" capability=19 scontext=u:r:gmloggerd:s0 tcontext=u:r:gmloggerd:s0 tclass=capability permissive=0
04-20 07:27:50.197   370   370 I auditd  : type=1400 audit(0.0:2681204): avc: denied { sys_ptrace } for comm="ps" capability=19 scontext=u:r:gmloggerd:s0 tcontext=u:r:gmloggerd:s0 tclass=capability permissive=0
04-20 07:27:50.197   370   370 I auditd  : type=1400 audit(0.0:2681205): avc: denied { sys_ptrace } for comm="ps" capability=19 scontext=u:r:gmloggerd:s0 tcontext=u:r:gmloggerd:s0 tclass=capability permissive=0
04-20 07:27:50.198   370   370 I auditd  : type=1400 audit(0.0:2681206): avc: denied { sys_ptrace } for comm="ps" capability=19 scontext=u:r:gmloggerd:s0 tcontext=u:r:gmloggerd:s0 tclass=capability permissive=0
04-20 07:27:50.198   370   370 I auditd  : type=1400 audit(0.0:2681207): avc: denied { sys_ptrace } for comm="ps" capability=19 scontext=u:r:gmloggerd:s0 tcontext=u:r:gmloggerd:s0 tclass=capability permissive=0
04-20 07:27:50.200   370   370 I auditd  : type=1400 audit(0.0:2681208): avc: denied { sys_ptrace } for comm="ps" capability=19 scontext=u:r:gmloggerd:s0 tcontext=u:r:gmloggerd:s0 tclass=capability permissive=0
04-20 07:27:50.200   370   370 I auditd  : type=1400 audit(0.0:2681209): avc: denied { sys_ptrace } for comm="ps" capability=19 scontext=u:r:gmloggerd:s0 tcontext=u:r:gmloggerd:s0 tclass=capability permissive=0
04-20 07:27:50.200   370   370 I auditd  : type=1400 audit(0.0:2681210): avc: denied { sys_ptrace } for comm="ps" capability=19 scontext=u:r:gmloggerd:s0 tcontext=u:r:gmloggerd:s0 tclass=capability permissive=0
04-20 07:27:50.201   370   370 I auditd  : type=1400 audit(0.0:2681211): avc: denied { sys_ptrace } for comm="ps" capability=19 scontext=u:r:gmloggerd:s0 tcontext=u:r:gmloggerd:s0 tclass=capability permissive=0
04-20 07:27:50.201   370   370 I auditd  : type=1400 audit(0.0:2681212): avc: denied { sys_ptrace } for comm="ps" capability=19 scontext=u:r:gmloggerd:s0 tcontext=u:r:gmloggerd:s0 tclass=capability permissive=0
04-20 07:27:52.038  2321  2355 I liblog  : 1
04-20 07:27:52.040  2321  2355 I liblog  : 21
04-20 07:27:52.046  2321  2355 I liblog  : 21
04-20 07:27:52.049  2321  2355 I liblog  : 42
04-20 07:27:52.057  2321  2355 I liblog  : 46
04-20 07:27:52.060  2321  2355 I liblog  : 20
04-20 07:27:52.064  2321  2355 I liblog  : 47
04-20 07:27:52.071  2321  2355 I liblog  : 72
04-20 07:27:52.074  2321  2355 I liblog  : 36
04-20 07:27:52.086  2321  2355 I liblog  : 72
04-20 07:27:52.094  2321  2355 I liblog  : 53
04-20 07:27:52.096  2321  2355 I liblog  : 24
04-20 07:27:52.098  2321  2355 I liblog  : 21
04-20 07:27:52.103  2321  2355 I liblog  : 48
04-20 07:27:52.105  2321  2355 I liblog  : 22
04-20 07:27:52.114  2321  2355 I liblog  : 49
04-20 07:27:52.114  2321  2355 I liblog  : 1
04-20 07:27:52.116  2321  2355 I liblog  : 23
04-20 07:27:52.118  2321  2355 I liblog  : 17
04-20 07:27:52.120  2321  2355 I liblog  : 19
04-20 07:27:52.121  2321  2321 I liblog  : 7
04-20 07:27:52.121  2321  2321 I liblog  : 1
04-20 07:27:52.121  2321  2321 I liblog  : 2
04-20 07:27:52.121  2321  2321 I liblog  : 1
04-20 07:27:52.121  2321  2321 I liblog  : 4
04-20 07:27:52.122  2321  2355 I liblog  : 1
04-20 07:27:52.122  2321  2321 I liblog  : 1
04-20 07:27:52.122  2321  2321 I liblog  : 2
04-20 07:27:52.124  2321  2355 I liblog  : 2
04-20 07:27:52.128  2321  2355 I liblog  : 18
04-20 07:27:52.128  2321  2321 I liblog  : 1
04-20 07:27:52.128  2321  2321 I liblog  : 2
04-20 07:27:52.128  2321  2321 I liblog  : 1
04-20 07:27:52.128  2321  2321 I liblog  : 7
04-20 07:27:52.128  2321  2321 I liblog  : 1
04-20 07:27:52.128  2321  2321 I liblog  : 1
04-20 07:27:52.128  2321  2321 I liblog  : 1
04-20 07:27:52.129  2321  2321 I liblog  : 6
04-20 07:27:52.130  2321  2355 I liblog  : 1
04-20 07:27:56.780  4413  4450 V OnStarCommands: onCellNetInfo: cellNetworkName:AT&T cellNetworkSignal:2 cellNetworkState:0 cellNetworkType: 7
04-20 07:27:56.780  4413  4450 D OnStarCommands: getSignalLevel: 2 -> 6
04-20 07:27:56.780  4413  4450 D OnStarCommands: getVoiceRegState: state = 1
04-20 07:27:56.780  4413  4450 D OnStarCommands: onCellNetInfo: No mVoiceNetworkStateRegistrants to notify
04-20 07:27:56.781  4413  4413 V OnStarServiceStateTracker: handleMessage: SIGNAL STRENGTH event = 12  current phone is not OnStar
04-20 07:27:56.781  4413  4413 V OnStarServiceStateTracker: handleMessage: EVENT_NETWORK_STATE_CHANGED: polling states...
04-20 07:27:56.781  4413  4413 V OnStarServiceStateTracker: pollState
04-20 07:27:56.781  4413  4413 D OnStarCommands: getVoiceRegState: state = 1
04-20 07:27:56.782  4413  4413 D OnStarCommands: getOperator: operatorName = AT&T
04-20 07:27:56.782  4413  4413 V OnStarServiceStateTracker: handleMessage: EVENT_POLL_STATE_REGISTRATION: processing...
04-20 07:27:56.782  4413  4413 D OnStarServiceStateTracker: handlePollStateResult: EVENT_POLL_STATE_REGISTRATION: regCode:1, serviceState:0
04-20 07:27:56.782  4413  4413 D PHONE   : [ServiceState] setVoiceRegState=0
04-20 07:27:56.782  4413  4413 V OnStarServiceStateTracker: handleMessage: EVENT_POLL_STATE_OPERATOR: processing...
04-20 07:27:56.782  4413  4413 D OnStarServiceStateTracker: handlePollStateResult: EVENT_POLL_STATE_OPERATOR: opNames[0]: 'AT&T' opNames[1]: '' opNames[2]: ''
04-20 07:27:56.782  4413  4413 D OnStarServiceStateTracker: pollStateDone: oldSS=[0 1 voice home data home AT&T   AT&T    Unknown Unknown CSS not supported -1 -1 RoamInd=-1 DefRoamInd=-1 EmergOnly=false IsDataRoamingFromRegistration=false] newSS=[0 1 voice home data home AT&T   AT&T    Unknown Unknown CSS not supported -1 -1 RoamInd=-1 DefRoamInd=-1 EmergOnly=false IsDataRoamingFromRegistration=false]
04-20 07:27:56.782  4413  4413 D PHONE   : [ServiceState] setNullState=1
04-20 07:27:56.783  4413  4413 D OnStarServiceStateTracker: pollStateDone: Current OutgoingPhone is not OnStar.
04-20 07:27:59.349  4413  4460 V OnStarCommands: onCellNetInfo: cellNetworkName:AT&T cellNetworkSignal:3 cellNetworkState:0 cellNetworkType: 7
04-20 07:27:59.349  4413  4460 D OnStarCommands: getSignalLevel: 3 -> 8
04-20 07:27:59.349  4413  4460 D OnStarCommands: getVoiceRegState: state = 1
04-20 07:27:59.349  4413  4460 D OnStarCommands: onCellNetInfo: No mVoiceNetworkStateRegistrants to notify
04-20 07:27:59.351  4413  4413 V OnStarServiceStateTracker: handleMessage: SIGNAL STRENGTH event = 12  current phone is not OnStar
04-20 07:27:59.351  4413  4413 V OnStarServiceStateTracker: handleMessage: EVENT_NETWORK_STATE_CHANGED: polling states...
04-20 07:27:59.351  4413  4413 V OnStarServiceStateTracker: pollState
04-20 07:27:59.351  4413  4413 D OnStarCommands: getVoiceRegState: state = 1
04-20 07:27:59.351  4413  4413 D OnStarCommands: getOperator: operatorName = AT&T
04-20 07:27:59.351  4413  4413 V OnStarServiceStateTracker: handleMessage: EVENT_POLL_STATE_REGISTRATION: processing...
04-20 07:27:59.351  4413  4413 D OnStarServiceStateTracker: handlePollStateResult: EVENT_POLL_STATE_REGISTRATION: regCode:1, serviceState:0
04-20 07:27:59.351  4413  4413 D PHONE   : [ServiceState] setVoiceRegState=0
04-20 07:27:59.351  4413  4413 V OnStarServiceStateTracker: handleMessage: EVENT_POLL_STATE_OPERATOR: processing...
04-20 07:27:59.351  4413  4413 D OnStarServiceStateTracker: handlePollStateResult: EVENT_POLL_STATE_OPERATOR: opNames[0]: 'AT&T' opNames[1]: '' opNames[2]: ''
04-20 07:27:59.353  4413  4413 D OnStarServiceStateTracker: pollStateDone: oldSS=[0 1 voice home data home AT&T   AT&T    Unknown Unknown CSS not supported -1 -1 RoamInd=-1 DefRoamInd=-1 EmergOnly=false IsDataRoamingFromRegistration=false] newSS=[0 1 voice home data home AT&T   AT&T    Unknown Unknown CSS not supported -1 -1 RoamInd=-1 DefRoamInd=-1 EmergOnly=false IsDataRoamingFromRegistration=false]
04-20 07:27:59.353  4413  4413 D PHONE   : [ServiceState] setNullState=1
04-20 07:27:59.359  4413  4413 D OnStarServiceStateTracker: pollStateDone: Current OutgoingPhone is not OnStar.
04-20 07:28:03.681   761   761 I auditd  : type=1400 audit(0.0:2682914): avc: denied { sys_ptrace } for comm="ps" capability=19 scontext=u:r:gmloggerd:s0 tcontext=u:r:gmloggerd:s0 tclass=capability permissive=0
04-20 07:28:03.686   761   761 I auditd  : type=1400 audit(0.0:2682915): avc: denied { sys_ptrace } for comm="ps" capability=19 scontext=u:r:gmloggerd:s0 tcontext=u:r:gmloggerd:s0 tclass=capability permissive=0
04-20 07:28:03.686   761   761 I auditd  : type=1400 audit(0.0:2682916): avc: denied { sys_ptrace } for comm="ps" capability=19 scontext=u:r:gmloggerd:s0 tcontext=u:r:gmloggerd:s0 tclass=capability permissive=0
04-20 07:28:03.686   761   761 I auditd  : type=1400 audit(0.0:2682917): avc: denied { sys_ptrace } for comm="ps" capability=19 scontext=u:r:gmloggerd:s0 tcontext=u:r:gmloggerd:s0 tclass=capability permissive=0
04-20 07:28:03.686   761   761 I auditd  : type=1400 audit(0.0:2682918): avc: denied { sys_ptrace } for comm="ps" capability=19 scontext=u:r:gmloggerd:s0 tcontext=u:r:gmloggerd:s0 tclass=capability permissive=0
04-20 07:28:03.686   761   761 I auditd  : type=1400 audit(0.0:2682919): avc: denied { sys_ptrace } for comm="ps" capability=19 scontext=u:r:gmloggerd:s0 tcontext=u:r:gmloggerd:s0 tclass=capability permissive=0
04-20 07:28:03.686   761   761 I auditd  : type=1400 audit(0.0:2682920): avc: denied { sys_ptrace } for comm="ps" capability=19 scontext=u:r:gmloggerd:s0 tcontext=u:r:gmloggerd:s0 tclass=capability permissive=0
04-20 07:28:03.687   761   761 I auditd  : type=1400 audit(0.0:2682921): avc: denied { sys_ptrace } for comm="ps" capability=19 scontext=u:r:gmloggerd:s0 tcontext=u:r:gmloggerd:s0 tclass=capability permissive=0
04-20 07:28:03.687   761   761 I auditd  : type=1400 audit(0.0:2682922): avc: denied { sys_ptrace } for comm="ps" capability=19 scontext=u:r:gmloggerd:s0 tcontext=u:r:gmloggerd:s0 tclass=capability permissive=0
04-20 07:28:03.687   761   761 I auditd  : type=1400 audit(0.0:2682923): avc: denied { sys_ptrace } for comm="ps" capability=19 scontext=u:r:gmloggerd:s0 tcontext=u:r:gmloggerd:s0 tclass=capability permissive=0
04-20 07:28:03.687   761   761 I auditd  : type=1400 audit(0.0:2682924): avc: denied { sys_ptrace } for comm="ps" capability=19 scontext=u:r:gmloggerd:s0 tcontext=u:r:gmloggerd:s0 tclass=capability permissive=0
04-20 07:28:03.687   761   761 I auditd  : type=1400 audit(0.0:2682925): avc: denied { sys_ptrace } for comm="ps" capability=19 scontext=u:r:gmloggerd:s0 tcontext=u:r:gmloggerd:s0 tclass=capability permissive=0
04-20 07:28:03.687   761   761 I auditd  : type=1400 audit(0.0:2682926): avc: denied { sys_ptrace } for comm="ps" capability=19 scontext=u:r:gmloggerd:s0 tcontext=u:r:gmloggerd:s0 tclass=capability permissive=0
04-20 07:28:03.687   761   761 I auditd  : type=1400 audit(0.0:2682927): avc: denied { sys_ptrace } for comm="ps" capability=19 scontext=u:r:gmloggerd:s0 tcontext=u:r:gmloggerd:s0 tclass=capability permissive=0
04-20 07:28:03.687   761   761 I auditd  : type=1400 audit(0.0:2682928): avc: denied { sys_ptrace } for comm="ps" capability=19 scontext=u:r:gmloggerd:s0 tcontext=u:r:gmloggerd:s0 tclass=capability permissive=0
04-20 07:28:03.688   761   761 I auditd  : type=1400 audit(0.0:2682929): avc: denied { sys_ptrace } for comm="ps" capability=19 scontext=u:r:gmloggerd:s0 tcontext=u:r:gmloggerd:s0 tclass=capability permissive=0
04-20 07:28:03.688   761   761 I auditd  : type=1400 audit(0.0:2682930): avc: denied { sys_ptrace } for comm="ps" capability=19 scontext=u:r:gmloggerd:s0 tcontext=u:r:gmloggerd:s0 tclass=capability permissive=0
04-20 07:28:03.690   761   761 I auditd  : type=1400 audit(0.0:2682931): avc: denied { sys_ptrace } for comm="ps" capability=19 scontext=u:r:gmloggerd:s0 tcontext=u:r:gmloggerd:s0 tclass=capability permissive=0
04-20 07:28:03.690   761   761 I auditd  : type=1400 audit(0.0:2682932): avc: denied { sys_ptrace } for comm="ps" capability=19 scontext=u:r:gmloggerd:s0 tcontext=u:r:gmloggerd:s0 tclass=capability permissive=0
04-20 07:28:03.690   761   761 I auditd  : type=1400 audit(0.0:2682933): avc: denied { sys_ptrace } for comm="ps" capability=19 scontext=u:r:gmloggerd:s0 tcontext=u:r:gmloggerd:s0 tclass=capability permissive=0
04-20 07:28:04.087  2321  2355 I liblog  : 52
04-20 07:28:04.102  2321  2355 I liblog  : 102
04-20 07:28:04.108  2321  2355 I liblog  : 57
04-20 07:28:04.108  2321  2355 I liblog  : 1
04-20 07:28:04.108  2321  2355 I liblog  : 1
04-20 07:28:04.110  2321  2355 I liblog  : 22
04-20 07:28:04.119  2321  2355 I liblog  : 77
04-20 07:28:04.125  2321  2355 I liblog  : 26
04-20 07:28:04.127  2321  2355 I liblog  : 20
04-20 07:28:08.260  2321  2355 I liblog  : 6
04-20 07:28:08.261  2321  2321 I liblog  : 1
04-20 07:28:08.262  2321  2321 I liblog  : 3
04-20 07:28:08.263  2321  2355 I liblog  : 4
04-20 07:28:08.314  4413  4713 V OnStarCommands: onCellNetInfo: cellNetworkName:AT&T cellNetworkSignal:2 cellNetworkState:0 cellNetworkType: 7
04-20 07:28:08.314  4413  4713 D OnStarCommands: getSignalLevel: 2 -> 6
04-20 07:28:08.314  4413  4713 D OnStarCommands: getVoiceRegState: state = 1
04-20 07:28:08.314  4413  4713 D OnStarCommands: onCellNetInfo: No mVoiceNetworkStateRegistrants to notify
04-20 07:28:08.317  4413  4413 V OnStarServiceStateTracker: handleMessage: SIGNAL STRENGTH event = 12  current phone is not OnStar
04-20 07:28:08.317  4413  4413 V OnStarServiceStateTracker: handleMessage: EVENT_NETWORK_STATE_CHANGED: polling states...
04-20 07:28:08.317  4413  4413 V OnStarServiceStateTracker: pollState
04-20 07:28:08.317  4413  4413 D OnStarCommands: getVoiceRegState: state = 1
04-20 07:28:08.317  4413  4413 D OnStarCommands: getOperator: operatorName = AT&T
04-20 07:28:08.317  4413  4413 V OnStarServiceStateTracker: handleMessage: EVENT_POLL_STATE_REGISTRATION: processing...
04-20 07:28:08.317  4413  4413 D OnStarServiceStateTracker: handlePollStateResult: EVENT_POLL_STATE_REGISTRATION: regCode:1, serviceState:0
04-20 07:28:08.317  4413  4413 D PHONE   : [ServiceState] setVoiceRegState=0
04-20 07:28:08.317  4413  4413 V OnStarServiceStateTracker: handleMessage: EVENT_POLL_STATE_OPERATOR: processing...
04-20 07:28:08.317  4413  4413 D OnStarServiceStateTracker: handlePollStateResult: EVENT_POLL_STATE_OPERATOR: opNames[0]: 'AT&T' opNames[1]: '' opNames[2]: ''
04-20 07:28:08.317  4413  4413 D OnStarServiceStateTracker: pollStateDone: oldSS=[0 1 voice home data home AT&T   AT&T    Unknown Unknown CSS not supported -1 -1 RoamInd=-1 DefRoamInd=-1 EmergOnly=false IsDataRoamingFromRegistration=false] newSS=[0 1 voice home data home AT&T   AT&T    Unknown Unknown CSS not supported -1 -1 RoamInd=-1 DefRoamInd=-1 EmergOnly=false IsDataRoamingFromRegistration=false]
04-20 07:28:08.317  4413  4413 D PHONE   : [ServiceState] setNullState=1
04-20 07:28:08.320  4413  4413 D OnStarServiceStateTracker: pollStateDone: Current OutgoingPhone is not OnStar.
04-20 07:28:10.554  4413  4907 V OnStarCommands: onCellNetInfo: cellNetworkName:AT&T cellNetworkSignal:3 cellNetworkState:0 cellNetworkType: 7
04-20 07:28:10.554  4413  4907 D OnStarCommands: getSignalLevel: 3 -> 8
04-20 07:28:10.554  4413  4907 D OnStarCommands: getVoiceRegState: state = 1
04-20 07:28:10.554  4413  4907 D OnStarCommands: onCellNetInfo: No mVoiceNetworkStateRegistrants to notify
04-20 07:28:10.556  4413  4413 V OnStarServiceStateTracker: handleMessage: SIGNAL STRENGTH event = 12  current phone is not OnStar
04-20 07:28:10.556  4413  4413 V OnStarServiceStateTracker: handleMessage: EVENT_NETWORK_STATE_CHANGED: polling states...
04-20 07:28:10.556  4413  4413 V OnStarServiceStateTracker: pollState
04-20 07:28:10.556  4413  4413 D OnStarCommands: getVoiceRegState: state = 1
04-20 07:28:10.556  4413  4413 D OnStarCommands: getOperator: operatorName = AT&T
04-20 07:28:10.556  4413  4413 V OnStarServiceStateTracker: handleMessage: EVENT_POLL_STATE_REGISTRATION: processing...
04-20 07:28:10.556  4413  4413 D OnStarServiceStateTracker: handlePollStateResult: EVENT_POLL_STATE_REGISTRATION: regCode:1, serviceState:0
04-20 07:28:10.556  4413  4413 D PHONE   : [ServiceState] setVoiceRegState=0
04-20 07:28:10.556  4413  4413 V OnStarServiceStateTracker: handleMessage: EVENT_POLL_STATE_OPERATOR: processing...
04-20 07:28:10.556  4413  4413 D OnStarServiceStateTracker: handlePollStateResult: EVENT_POLL_STATE_OPERATOR: opNames[0]: 'AT&T' opNames[1]: '' opNames[2]: ''
04-20 07:28:10.559  4413  4413 D OnStarServiceStateTracker: pollStateDone: oldSS=[0 1 voice home data home AT&T   AT&T    Unknown Unknown CSS not supported -1 -1 RoamInd=-1 DefRoamInd=-1 EmergOnly=false IsDataRoamingFromRegistration=false] newSS=[0 1 voice home data home AT&T   AT&T    Unknown Unknown CSS not supported -1 -1 RoamInd=-1 DefRoamInd=-1 EmergOnly=false IsDataRoamingFromRegistration=false]
04-20 07:28:10.559  4413  4413 D PHONE   : [ServiceState] setNullState=1
04-20 07:28:10.561  4413  4413 D OnStarServiceStateTracker: pollStateDone: Current OutgoingPhone is not OnStar.
04-20 07:28:12.451  2321  2355 I liblog  : 2
04-20 07:28:12.454  2321  2355 I liblog  : 12
04-20 07:28:12.456  2321  2355 I liblog  : 20
04-20 07:28:12.460  2321  2355 I liblog  : 38
04-20 07:28:12.466  2321  2355 I liblog  : 67
04-20 07:28:12.470  2321  2355 I liblog  : 45
04-20 07:28:12.472  2321  2355 I liblog  : 24
04-20 07:28:12.474  2321  2355 I liblog  : 21
04-20 07:28:12.476  2321  2355 I liblog  : 22
04-20 07:28:12.478  2321  2355 I liblog  : 21
04-20 07:28:12.482  2321  2355 I liblog  : 43
04-20 07:28:12.486  2321  2355 I liblog  : 39
04-20 07:28:12.488  2321  2355 I liblog  : 23
04-20 07:28:12.490  2321  2355 I liblog  : 22
04-20 07:28:12.493  2321  2355 I liblog  : 19
04-20 07:28:12.494  2321  2355 I liblog  : 21
04-20 07:28:12.498  2321  2355 I liblog  : 41
04-20 07:28:12.500  2321  2355 I liblog  : 23
04-20 07:28:12.502  2321  2355 I liblog  : 23
04-20 07:28:12.506  2321  2355 I liblog  : 42
04-20 07:28:12.508  2321  2355 I liblog  : 21
04-20 07:28:12.510  2321  2355 I liblog  : 24
04-20 07:28:12.518  2321  2355 I liblog  : 22
04-20 07:28:16.152  2321  2355 I liblog  : 8
04-20 07:28:16.154  2321  2355 I liblog  : 10
04-20 07:28:16.157  2321  2355 I liblog  : 21
04-20 07:28:16.170  2321  2355 I liblog  : 79
04-20 07:28:16.171  2321  2355 I liblog  : 22
04-20 07:28:16.175  2321  2355 I liblog  : 11
04-20 07:28:16.182  2321  2355 I liblog  : 33
04-20 07:28:16.187  2321  2355 I liblog  : 42
04-20 07:28:16.192  2321  2355 I liblog  : 11
04-20 07:28:16.198  2321  2355 I liblog  : 6
04-20 07:28:16.202  2321  2355 I liblog  : 5
04-20 07:28:17.324   979   979 I auditd  : type=1400 audit(0.0:2684639): avc: denied { sys_ptrace } for comm="ps" capability=19 scontext=u:r:gmloggerd:s0 tcontext=u:r:gmloggerd:s0 tclass=capability permissive=0
04-20 07:28:17.336   979   979 I auditd  : type=1400 audit(0.0:2684640): avc: denied { sys_ptrace } for comm="ps" capability=19 scontext=u:r:gmloggerd:s0 tcontext=u:r:gmloggerd:s0 tclass=capability permissive=0
04-20 07:28:17.336   979   979 I auditd  : type=1400 audit(0.0:2684641): avc: denied { sys_ptrace } for comm="ps" capability=19 scontext=u:r:gmloggerd:s0 tcontext=u:r:gmloggerd:s0 tclass=capability permissive=0
04-20 07:28:17.336   979   979 I auditd  : type=1400 audit(0.0:2684642): avc: denied { sys_ptrace } for comm="ps" capability=19 scontext=u:r:gmloggerd:s0 tcontext=u:r:gmloggerd:s0 tclass=capability permissive=0
04-20 07:28:17.337   979   979 I auditd  : type=1400 audit(0.0:2684643): avc: denied { sys_ptrace } for comm="ps" capability=19 scontext=u:r:gmloggerd:s0 tcontext=u:r:gmloggerd:s0 tclass=capability permissive=0
04-20 07:28:17.337   979   979 I auditd  : type=1400 audit(0.0:2684644): avc: denied { sys_ptrace } for comm="ps" capability=19 scontext=u:r:gmloggerd:s0 tcontext=u:r:gmloggerd:s0 tclass=capability permissive=0
04-20 07:28:17.337   979   979 I auditd  : type=1400 audit(0.0:2684645): avc: denied { sys_ptrace } for comm="ps" capability=19 scontext=u:r:gmloggerd:s0 tcontext=u:r:gmloggerd:s0 tclass=capability permissive=0
04-20 07:28:17.337   979   979 I auditd  : type=1400 audit(0.0:2684646): avc: denied { sys_ptrace } for comm="ps" capability=19 scontext=u:r:gmloggerd:s0 tcontext=u:r:gmloggerd:s0 tclass=capability permissive=0
04-20 07:28:17.337   979   979 I auditd  : type=1400 audit(0.0:2684647): avc: denied { sys_ptrace } for comm="ps" capability=19 scontext=u:r:gmloggerd:s0 tcontext=u:r:gmloggerd:s0 tclass=capability permissive=0
04-20 07:28:17.337   979   979 I auditd  : type=1400 audit(0.0:2684648): avc: denied { sys_ptrace } for comm="ps" capability=19 scontext=u:r:gmloggerd:s0 tcontext=u:r:gmloggerd:s0 tclass=capability permissive=0
04-20 07:28:17.338   979   979 I auditd  : type=1400 audit(0.0:2684649): avc: denied { sys_ptrace } for comm="ps" capability=19 scontext=u:r:gmloggerd:s0 tcontext=u:r:gmloggerd:s0 tclass=capability permissive=0
04-20 07:28:17.338   979   979 I auditd  : type=1400 audit(0.0:2684650): avc: denied { sys_ptrace } for comm="ps" capability=19 scontext=u:r:gmloggerd:s0 tcontext=u:r:gmloggerd:s0 tclass=capability permissive=0
04-20 07:28:17.338   979   979 I auditd  : type=1400 audit(0.0:2684651): avc: denied { sys_ptrace } for comm="ps" capability=19 scontext=u:r:gmloggerd:s0 tcontext=u:r:gmloggerd:s0 tclass=capability permissive=0
04-20 07:28:17.338   979   979 I auditd  : type=1400 audit(0.0:2684652): avc: denied { sys_ptrace } for comm="ps" capability=19 scontext=u:r:gmloggerd:s0 tcontext=u:r:gmloggerd:s0 tclass=capability permissive=0
04-20 07:28:17.338   979   979 I auditd  : type=1400 audit(0.0:2684653): avc: denied { sys_ptrace } for comm="ps" capability=19 scontext=u:r:gmloggerd:s0 tcontext=u:r:gmloggerd:s0 tclass=capability permissive=0
04-20 07:28:17.338   979   979 I auditd  : type=1400 audit(0.0:2684654): avc: denied { sys_ptrace } for comm="ps" capability=19 scontext=u:r:gmloggerd:s0 tcontext=u:r:gmloggerd:s0 tclass=capability permissive=0
04-20 07:28:17.340   979   979 I auditd  : type=1400 audit(0.0:2684655): avc: denied { sys_ptrace } for comm="ps" capability=19 scontext=u:r:gmloggerd:s0 tcontext=u:r:gmloggerd:s0 tclass=capability permissive=0
04-20 07:28:17.340   979   979 I auditd  : type=1400 audit(0.0:2684656): avc: denied { sys_ptrace } for comm="ps" capability=19 scontext=u:r:gmloggerd:s0 tcontext=u:r:gmloggerd:s0 tclass=capability permissive=0
04-20 07:28:17.340   979   979 I auditd  : type=1400 audit(0.0:2684657): avc: denied { sys_ptrace } for comm="ps" capability=19 scontext=u:r:gmloggerd:s0 tcontext=u:r:gmloggerd:s0 tclass=capability permissive=0
04-20 07:28:17.340   979   979 I auditd  : type=1400 audit(0.0:2684658): avc: denied { sys_ptrace } for comm="ps" capability=19 scontext=u:r:gmloggerd:s0 tcontext=u:r:gmloggerd:s0 tclass=capability permissive=0
04-20 07:28:24.494  2321  2355 I liblog  : 37
04-20 07:28:24.496  2321  2355 I liblog  : 17
04-20 07:28:24.498  2321  2355 I liblog  : 22
04-20 07:28:24.500  2321  2355 I liblog  : 16
04-20 07:28:24.502  2321  2355 I liblog  : 23
04-20 07:28:24.506  2321  2355 I liblog  : 40
04-20 07:28:24.508  2321  2355 I liblog  : 22
04-20 07:28:24.510  2321  2355 I liblog  : 21
04-20 07:28:24.512  2321  2355 I liblog  : 16
04-20 07:28:24.514  2321  2355 I liblog  : 23
04-20 07:28:24.516  2321  2355 I liblog  : 17
04-20 07:28:24.518  2321  2355 I liblog  : 22
04-20 07:28:24.520  2321  2355 I liblog  : 23
04-20 07:28:24.522  2321  2355 I liblog  : 21
04-20 07:28:24.524  2321  2355 I liblog  : 19
04-20 07:28:24.526  2321  2355 I liblog  : 18
04-20 07:28:24.528  2321  2355 I liblog  : 22
04-20 07:28:24.530  2321  2355 I liblog  : 19
04-20 07:28:24.551  2321  2321 I liblog  : 187
04-20 07:28:24.551  2321  2321 I liblog  : 1
04-20 07:28:24.552  2321  2355 I liblog  : 12
04-20 07:28:24.554  2321  2355 I liblog  : 20
04-20 07:28:24.555  2321  2321 I liblog  : 5
04-20 07:28:24.555  2321  2321 I liblog  : 4
04-20 07:28:24.557  2321  2321 I liblog  : 1
04-20 07:28:24.557  2321  2321 I liblog  : 2
04-20 07:28:24.558  2321  2321 I liblog  : 1
04-20 07:28:24.558  2321  2321 I liblog  : 15
04-20 07:28:24.559  2321  2355 I liblog  : 1
04-20 07:28:24.561  2321  2355 I liblog  : 18
04-20 07:28:24.565  2321  2355 I liblog  : 4
04-20 07:28:28.182  2321  2355 I liblog  : 93
04-20 07:28:28.185  2321  2355 I liblog  : 12
04-20 07:28:28.187  2321  2355 I liblog  : 13
04-20 07:28:28.190  2321  2355 I liblog  : 18
04-20 07:28:28.192  2321  2355 I liblog  : 6
04-20 07:28:28.198  2321  2355 I liblog  : 28
04-20 07:28:28.203  2321  2355 I liblog  : 23
04-20 07:28:28.211  2321  2355 I liblog  : 37
04-20 07:28:28.214  2321  2355 I liblog  : 7
04-20 07:28:28.216  2321  2355 I liblog  : 19
04-20 07:28:28.222  2321  2355 I liblog  : 32
04-20 07:28:28.226  2321  2355 I liblog  : 20
04-20 07:28:28.227  2321  2355 I liblog  : 22
04-20 07:28:28.230  2321  2355 I liblog  : 3
04-20 07:28:28.235  2321  2355 I liblog  : 35
04-20 07:28:28.242  2321  2355 I liblog  : 22
04-20 07:28:30.837  1152  1152 I auditd  : type=1400 audit(0.0:2686362): avc: denied { sys_ptrace } for comm="ps" capability=19 scontext=u:r:gmloggerd:s0 tcontext=u:r:gmloggerd:s0 tclass=capability permissive=0
04-20 07:28:30.845  1152  1152 I auditd  : type=1400 audit(0.0:2686363): avc: denied { sys_ptrace } for comm="ps" capability=19 scontext=u:r:gmloggerd:s0 tcontext=u:r:gmloggerd:s0 tclass=capability permissive=0
04-20 07:28:30.845  1152  1152 I auditd  : type=1400 audit(0.0:2686364): avc: denied { sys_ptrace } for comm="ps" capability=19 scontext=u:r:gmloggerd:s0 tcontext=u:r:gmloggerd:s0 tclass=capability permissive=0
04-20 07:28:30.846  1152  1152 I auditd  : type=1400 audit(0.0:2686365): avc: denied { sys_ptrace } for comm="ps" capability=19 scontext=u:r:gmloggerd:s0 tcontext=u:r:gmloggerd:s0 tclass=capability permissive=0
04-20 07:28:30.846  1152  1152 I auditd  : type=1400 audit(0.0:2686366): avc: denied { sys_ptrace } for comm="ps" capability=19 scontext=u:r:gmloggerd:s0 tcontext=u:r:gmloggerd:s0 tclass=capability permissive=0
04-20 07:28:30.846  1152  1152 I auditd  : type=1400 audit(0.0:2686367): avc: denied { sys_ptrace } for comm="ps" capability=19 scontext=u:r:gmloggerd:s0 tcontext=u:r:gmloggerd:s0 tclass=capability permissive=0
04-20 07:28:30.847  1152  1152 I auditd  : type=1400 audit(0.0:2686368): avc: denied { sys_ptrace } for comm="ps" capability=19 scontext=u:r:gmloggerd:s0 tcontext=u:r:gmloggerd:s0 tclass=capability permissive=0
04-20 07:28:30.847  1152  1152 I auditd  : type=1400 audit(0.0:2686369): avc: denied { sys_ptrace } for comm="ps" capability=19 scontext=u:r:gmloggerd:s0 tcontext=u:r:gmloggerd:s0 tclass=capability permissive=0
04-20 07:28:30.847  1152  1152 I auditd  : type=1400 audit(0.0:2686370): avc: denied { sys_ptrace } for comm="ps" capability=19 scontext=u:r:gmloggerd:s0 tcontext=u:r:gmloggerd:s0 tclass=capability permissive=0
04-20 07:28:30.847  1152  1152 I auditd  : type=1400 audit(0.0:2686371): avc: denied { sys_ptrace } for comm="ps" capability=19 scontext=u:r:gmloggerd:s0 tcontext=u:r:gmloggerd:s0 tclass=capability permissive=0
04-20 07:28:30.847  1152  1152 I auditd  : type=1400 audit(0.0:2686372): avc: denied { sys_ptrace } for comm="ps" capability=19 scontext=u:r:gmloggerd:s0 tcontext=u:r:gmloggerd:s0 tclass=capability permissive=0
04-20 07:28:30.847  1152  1152 I auditd  : type=1400 audit(0.0:2686373): avc: denied { sys_ptrace } for comm="ps" capability=19 scontext=u:r:gmloggerd:s0 tcontext=u:r:gmloggerd:s0 tclass=capability permissive=0
04-20 07:28:30.847  1152  1152 I auditd  : type=1400 audit(0.0:2686374): avc: denied { sys_ptrace } for comm="ps" capability=19 scontext=u:r:gmloggerd:s0 tcontext=u:r:gmloggerd:s0 tclass=capability permissive=0
04-20 07:28:30.847  1152  1152 I auditd  : type=1400 audit(0.0:2686375): avc: denied { sys_ptrace } for comm="ps" capability=19 scontext=u:r:gmloggerd:s0 tcontext=u:r:gmloggerd:s0 tclass=capability permissive=0
04-20 07:28:30.848  1152  1152 I auditd  : type=1400 audit(0.0:2686376): avc: denied { sys_ptrace } for comm="ps" capability=19 scontext=u:r:gmloggerd:s0 tcontext=u:r:gmloggerd:s0 tclass=capability permissive=0
04-20 07:28:30.848  1152  1152 I auditd  : type=1400 audit(0.0:2686377): avc: denied { sys_ptrace } for comm="ps" capability=19 scontext=u:r:gmloggerd:s0 tcontext=u:r:gmloggerd:s0 tclass=capability permissive=0
