04-20 07:32:21.729  6152  6152 I auditd  : type=1400 audit(0.0:2715696): avc: denied { sys_ptrace } for comm="ps" capability=19 scontext=u:r:gmloggerd:s0 tcontext=u:r:gmloggerd:s0 tclass=capability permissive=0
04-20 07:32:21.729  6152  6152 I auditd  : type=1400 audit(0.0:2715697): avc: denied { sys_ptrace } for comm="ps" capability=19 scontext=u:r:gmloggerd:s0 tcontext=u:r:gmloggerd:s0 tclass=capability permissive=0
04-20 07:32:21.729  6152  6152 I auditd  : type=1400 audit(0.0:2715698): avc: denied { sys_ptrace } for comm="ps" capability=19 scontext=u:r:gmloggerd:s0 tcontext=u:r:gmloggerd:s0 tclass=capability permissive=0
04-20 07:32:21.730  6152  6152 I auditd  : type=1400 audit(0.0:2715699): avc: denied { sys_ptrace } for comm="ps" capability=19 scontext=u:r:gmloggerd:s0 tcontext=u:r:gmloggerd:s0 tclass=capability permissive=0
04-20 07:32:21.730  6152  6152 I auditd  : type=1400 audit(0.0:2715700): avc: denied { sys_ptrace } for comm="ps" capability=19 scontext=u:r:gmloggerd:s0 tcontext=u:r:gmloggerd:s0 tclass=capability permissive=0
04-20 07:32:28.162  4413  4460 V OnStarCommands: onCellNetInfo: cellNetworkName:AT&T cellNetworkSignal:2 cellNetworkState:0 cellNetworkType: 7
04-20 07:32:28.162  4413  4460 D OnStarCommands: getSignalLevel: 2 -> 6
04-20 07:32:28.162  4413  4460 D OnStarCommands: getVoiceRegState: state = 1
04-20 07:32:28.162  4413  4460 D OnStarCommands: onCellNetInfo: No mVoiceNetworkStateRegistrants to notify
04-20 07:32:28.162  4413  4413 V OnStarServiceStateTracker: handleMessage: SIGNAL STRENGTH event = 12  current phone is not OnStar
04-20 07:32:28.162  4413  4413 V OnStarServiceStateTracker: handleMessage: EVENT_NETWORK_STATE_CHANGED: polling states...
04-20 07:32:28.162  4413  4413 V OnStarServiceStateTracker: pollState
04-20 07:32:28.162  4413  4413 D OnStarCommands: getVoiceRegState: state = 1
04-20 07:32:28.162  4413  4413 D OnStarCommands: getOperator: operatorName = AT&T
04-20 07:32:28.162  4413  4413 V OnStarServiceStateTracker: handleMessage: EVENT_POLL_STATE_REGISTRATION: processing...
04-20 07:32:28.162  4413  4413 D OnStarServiceStateTracker: handlePollStateResult: EVENT_POLL_STATE_REGISTRATION: regCode:1, serviceState:0
04-20 07:32:28.162  4413  4413 D PHONE   : [ServiceState] setVoiceRegState=0
04-20 07:32:28.162  4413  4413 V OnStarServiceStateTracker: handleMessage: EVENT_POLL_STATE_OPERATOR: processing...
04-20 07:32:28.162  4413  4413 D OnStarServiceStateTracker: handlePollStateResult: EVENT_POLL_STATE_OPERATOR: opNames[0]: 'AT&T' opNames[1]: '' opNames[2]: ''
04-20 07:32:28.167  4413  4413 D OnStarServiceStateTracker: pollStateDone: oldSS=[0 1 voice home data home AT&T   AT&T    Unknown Unknown CSS not supported -1 -1 RoamInd=-1 DefRoamInd=-1 EmergOnly=false IsDataRoamingFromRegistration=false] newSS=[0 1 voice home data home AT&T   AT&T    Unknown Unknown CSS not supported -1 -1 RoamInd=-1 DefRoamInd=-1 EmergOnly=false IsDataRoamingFromRegistration=false]
04-20 07:32:28.167  4413  4413 D PHONE   : [ServiceState] setNullState=1
04-20 07:32:28.168  4413  4413 D OnStarServiceStateTracker: pollStateDone: Current OutgoingPhone is not OnStar.
04-20 07:32:32.477  2321  2355 I liblog  : 11
04-20 07:32:32.479  2321  2355 I liblog  : 23
04-20 07:32:32.483  2321  2355 I liblog  : 36
04-20 07:32:32.484  2321  2355 I liblog  : 16
04-20 07:32:32.486  2321  2355 I liblog  : 21
04-20 07:32:32.488  2321  2355 I liblog  : 16
04-20 07:32:32.490  2321  2355 I liblog  : 22
04-20 07:32:32.491  2321  2355 I liblog  : 16
04-20 07:32:32.494  2321  2355 I liblog  : 22
04-20 07:32:32.495  2321  2355 I liblog  : 19
04-20 07:32:32.498  2321  2355 I liblog  : 16
04-20 07:32:32.499  2321  2355 I liblog  : 19
04-20 07:32:32.502  2321  2355 I liblog  : 38
04-20 07:32:32.506  2321  2355 I liblog  : 40
04-20 07:32:32.508  2321  2355 I liblog  : 15
04-20 07:32:32.510  2321  2355 I liblog  : 21
04-20 07:32:32.511  2321  2355 I liblog  : 19
04-20 07:32:32.514  2321  2355 I liblog  : 19
04-20 07:32:32.517  2321  2355 I liblog  : 28
04-20 07:32:32.519  2321  2355 I liblog  : 10
04-20 07:32:32.566  2321  2321 I liblog  : 14
04-20 07:32:32.566  2321  2321 I liblog  : 1
04-20 07:32:32.566  2321  2321 I liblog  : 4
04-20 07:32:32.566  2321  2321 I liblog  : 1
04-20 07:32:32.566  2321  2321 I liblog  : 2
04-20 07:32:32.566  2321  2321 I liblog  : 3
04-20 07:32:32.566  2321  2321 I liblog  : 2
04-20 07:32:32.567  2321  2321 I liblog  : 1
04-20 07:32:32.586  2321  2355 I liblog  : 147
04-20 07:32:32.649  4413  4713 V OnStarCommands: onCellNetInfo: cellNetworkName:AT&T cellNetworkSignal:3 cellNetworkState:0 cellNetworkType: 7
04-20 07:32:32.649  4413  4713 D OnStarCommands: getSignalLevel: 3 -> 8
04-20 07:32:32.649  4413  4713 D OnStarCommands: getVoiceRegState: state = 1
04-20 07:32:32.649  4413  4713 D OnStarCommands: onCellNetInfo: No mVoiceNetworkStateRegistrants to notify
04-20 07:32:32.651  4413  4413 V OnStarServiceStateTracker: handleMessage: SIGNAL STRENGTH event = 12  current phone is not OnStar
04-20 07:32:32.651  4413  4413 V OnStarServiceStateTracker: handleMessage: EVENT_NETWORK_STATE_CHANGED: polling states...
04-20 07:32:32.651  4413  4413 V OnStarServiceStateTracker: pollState
04-20 07:32:32.651  4413  4413 D OnStarCommands: getVoiceRegState: state = 1
04-20 07:32:32.651  4413  4413 D OnStarCommands: getOperator: operatorName = AT&T
04-20 07:32:32.651  4413  4413 V OnStarServiceStateTracker: handleMessage: EVENT_POLL_STATE_REGISTRATION: processing...
04-20 07:32:32.651  4413  4413 D OnStarServiceStateTracker: handlePollStateResult: EVENT_POLL_STATE_REGISTRATION: regCode:1, serviceState:0
04-20 07:32:32.651  4413  4413 D PHONE   : [ServiceState] setVoiceRegState=0
04-20 07:32:32.651  4413  4413 V OnStarServiceStateTracker: handleMessage: EVENT_POLL_STATE_OPERATOR: processing...
04-20 07:32:32.651  4413  4413 D OnStarServiceStateTracker: handlePollStateResult: EVENT_POLL_STATE_OPERATOR: opNames[0]: 'AT&T' opNames[1]: '' opNames[2]: ''
04-20 07:32:32.653  4413  4413 D OnStarServiceStateTracker: pollStateDone: oldSS=[0 1 voice home data home AT&T   AT&T    Unknown Unknown CSS not supported -1 -1 RoamInd=-1 DefRoamInd=-1 EmergOnly=false IsDataRoamingFromRegistration=false] newSS=[0 1 voice home data home AT&T   AT&T    Unknown Unknown CSS not supported -1 -1 RoamInd=-1 DefRoamInd=-1 EmergOnly=false IsDataRoamingFromRegistration=false]
04-20 07:32:32.653  4413  4413 D PHONE   : [ServiceState] setNullState=1
04-20 07:32:32.653  4413  4413 D OnStarServiceStateTracker: pollStateDone: Current OutgoingPhone is not OnStar.
04-20 07:32:35.266  6355  6355 I auditd  : type=1400 audit(0.0:2717409): avc: denied { sys_ptrace } for comm="ps" capability=19 scontext=u:r:gmloggerd:s0 tcontext=u:r:gmloggerd:s0 tclass=capability permissive=0
04-20 07:32:35.273  6355  6355 I auditd  : type=1400 audit(0.0:2717410): avc: denied { sys_ptrace } for comm="ps" capability=19 scontext=u:r:gmloggerd:s0 tcontext=u:r:gmloggerd:s0 tclass=capability permissive=0
04-20 07:32:35.273  6355  6355 I auditd  : type=1400 audit(0.0:2717411): avc: denied { sys_ptrace } for comm="ps" capability=19 scontext=u:r:gmloggerd:s0 tcontext=u:r:gmloggerd:s0 tclass=capability permissive=0
04-20 07:32:35.273  6355  6355 I auditd  : type=1400 audit(0.0:2717412): avc: denied { sys_ptrace } for comm="ps" capability=19 scontext=u:r:gmloggerd:s0 tcontext=u:r:gmloggerd:s0 tclass=capability permissive=0
04-20 07:32:35.274  6355  6355 I auditd  : type=1400 audit(0.0:2717413): avc: denied { sys_ptrace } for comm="ps" capability=19 scontext=u:r:gmloggerd:s0 tcontext=u:r:gmloggerd:s0 tclass=capability permissive=0
04-20 07:32:35.274  6355  6355 I auditd  : type=1400 audit(0.0:2717414): avc: denied { sys_ptrace } for comm="ps" capability=19 scontext=u:r:gmloggerd:s0 tcontext=u:r:gmloggerd:s0 tclass=capability permissive=0
04-20 07:32:35.274  6355  6355 I auditd  : type=1400 audit(0.0:2717415): avc: denied { sys_ptrace } for comm="ps" capability=19 scontext=u:r:gmloggerd:s0 tcontext=u:r:gmloggerd:s0 tclass=capability permissive=0
04-20 07:32:35.274  6355  6355 I auditd  : type=1400 audit(0.0:2717416): avc: denied { sys_ptrace } for comm="ps" capability=19 scontext=u:r:gmloggerd:s0 tcontext=u:r:gmloggerd:s0 tclass=capability permissive=0
04-20 07:32:35.274  6355  6355 I auditd  : type=1400 audit(0.0:2717417): avc: denied { sys_ptrace } for comm="ps" capability=19 scontext=u:r:gmloggerd:s0 tcontext=u:r:gmloggerd:s0 tclass=capability permissive=0
04-20 07:32:35.276  6355  6355 I auditd  : type=1400 audit(0.0:2717418): avc: denied { sys_ptrace } for comm="ps" capability=19 scontext=u:r:gmloggerd:s0 tcontext=u:r:gmloggerd:s0 tclass=capability permissive=0
04-20 07:32:35.285  6355  6355 I auditd  : type=1400 audit(0.0:2717419): avc: denied { sys_ptrace } for comm="ps" capability=19 scontext=u:r:gmloggerd:s0 tcontext=u:r:gmloggerd:s0 tclass=capability permissive=0
04-20 07:32:35.285  6355  6355 I auditd  : type=1400 audit(0.0:2717420): avc: denied { sys_ptrace } for comm="ps" capability=19 scontext=u:r:gmloggerd:s0 tcontext=u:r:gmloggerd:s0 tclass=capability permissive=0
04-20 07:32:35.285  6355  6355 I auditd  : type=1400 audit(0.0:2717421): avc: denied { sys_ptrace } for comm="ps" capability=19 scontext=u:r:gmloggerd:s0 tcontext=u:r:gmloggerd:s0 tclass=capability permissive=0
04-20 07:32:35.285  6355  6355 I auditd  : type=1400 audit(0.0:2717422): avc: denied { sys_ptrace } for comm="ps" capability=19 scontext=u:r:gmloggerd:s0 tcontext=u:r:gmloggerd:s0 tclass=capability permissive=0
04-20 07:32:35.285  6355  6355 I auditd  : type=1400 audit(0.0:2717423): avc: denied { sys_ptrace } for comm="ps" capability=19 scontext=u:r:gmloggerd:s0 tcontext=u:r:gmloggerd:s0 tclass=capability permissive=0
04-20 07:32:35.285  6355  6355 I auditd  : type=1400 audit(0.0:2717424): avc: denied { sys_ptrace } for comm="ps" capability=19 scontext=u:r:gmloggerd:s0 tcontext=u:r:gmloggerd:s0 tclass=capability permissive=0
04-20 07:32:35.285  6355  6355 I auditd  : type=1400 audit(0.0:2717425): avc: denied { sys_ptrace } for comm="ps" capability=19 scontext=u:r:gmloggerd:s0 tcontext=u:r:gmloggerd:s0 tclass=capability permissive=0
04-20 07:32:35.286  6355  6355 I auditd  : type=1400 audit(0.0:2717426): avc: denied { sys_ptrace } for comm="ps" capability=19 scontext=u:r:gmloggerd:s0 tcontext=u:r:gmloggerd:s0 tclass=capability permissive=0
04-20 07:32:35.286  6355  6355 I auditd  : type=1400 audit(0.0:2717427): avc: denied { sys_ptrace } for comm="ps" capability=19 scontext=u:r:gmloggerd:s0 tcontext=u:r:gmloggerd:s0 tclass=capability permissive=0
04-20 07:32:35.286  6355  6355 I auditd  : type=1400 audit(0.0:2717428): avc: denied { sys_ptrace } for comm="ps" capability=19 scontext=u:r:gmloggerd:s0 tcontext=u:r:gmloggerd:s0 tclass=capability permissive=0
04-20 07:32:40.339  2321  2355 I liblog  : 6
04-20 07:32:40.343  2321  2355 I liblog  : 12
04-20 07:32:40.352  2321  2355 I liblog  : 18
04-20 07:32:40.355  2321  2355 I liblog  : 17
04-20 07:32:40.359  2321  2355 I liblog  : 26
04-20 07:32:40.360  2321  2355 I liblog  : 21
04-20 07:32:40.365  2321  2355 I liblog  : 36
04-20 07:32:42.585  2754  2754 I free_storage_changed: 2981289984
04-20 07:32:44.574  2321  2355 I liblog  : 15
04-20 07:32:44.576  2321  2355 I liblog  : 24
04-20 07:32:44.578  2321  2355 I liblog  : 13
04-20 07:32:44.586  2321  2321 I liblog  : 42
04-20 07:32:44.586  2321  2321 I liblog  : 2
04-20 07:32:44.586  2321  2321 I liblog  : 1
04-20 07:32:44.586  2321  2321 I liblog  : 1
04-20 07:32:44.587  2321  2321 I liblog  : 2
04-20 07:32:48.777  6581  6581 I auditd  : type=1400 audit(0.0:2719134): avc: denied { sys_ptrace } for comm="ps" capability=19 scontext=u:r:gmloggerd:s0 tcontext=u:r:gmloggerd:s0 tclass=capability permissive=0
04-20 07:32:48.785  6581  6581 I auditd  : type=1400 audit(0.0:2719135): avc: denied { sys_ptrace } for comm="ps" capability=19 scontext=u:r:gmloggerd:s0 tcontext=u:r:gmloggerd:s0 tclass=capability permissive=0
04-20 07:32:48.786  6581  6581 I auditd  : type=1400 audit(0.0:2719136): avc: denied { sys_ptrace } for comm="ps" capability=19 scontext=u:r:gmloggerd:s0 tcontext=u:r:gmloggerd:s0 tclass=capability permissive=0
04-20 07:32:48.786  6581  6581 I auditd  : type=1400 audit(0.0:2719137): avc: denied { sys_ptrace } for comm="ps" capability=19 scontext=u:r:gmloggerd:s0 tcontext=u:r:gmloggerd:s0 tclass=capability permissive=0
04-20 07:32:48.786  6581  6581 I auditd  : type=1400 audit(0.0:2719138): avc: denied { sys_ptrace } for comm="ps" capability=19 scontext=u:r:gmloggerd:s0 tcontext=u:r:gmloggerd:s0 tclass=capability permissive=0
04-20 07:32:48.786  6581  6581 I auditd  : type=1400 audit(0.0:2719139): avc: denied { sys_ptrace } for comm="ps" capability=19 scontext=u:r:gmloggerd:s0 tcontext=u:r:gmloggerd:s0 tclass=capability permissive=0
04-20 07:32:48.786  6581  6581 I auditd  : type=1400 audit(0.0:2719140): avc: denied { sys_ptrace } for comm="ps" capability=19 scontext=u:r:gmloggerd:s0 tcontext=u:r:gmloggerd:s0 tclass=capability permissive=0
04-20 07:32:48.786  6581  6581 I auditd  : type=1400 audit(0.0:2719141): avc: denied { sys_ptrace } for comm="ps" capability=19 scontext=u:r:gmloggerd:s0 tcontext=u:r:gmloggerd:s0 tclass=capability permissive=0
04-20 07:32:48.786  6581  6581 I auditd  : type=1400 audit(0.0:2719142): avc: denied { sys_ptrace } for comm="ps" capability=19 scontext=u:r:gmloggerd:s0 tcontext=u:r:gmloggerd:s0 tclass=capability permissive=0
04-20 07:32:48.786  6581  6581 I auditd  : type=1400 audit(0.0:2719143): avc: denied { sys_ptrace } for comm="ps" capability=19 scontext=u:r:gmloggerd:s0 tcontext=u:r:gmloggerd:s0 tclass=capability permissive=0
04-20 07:32:48.786  6581  6581 I auditd  : type=1400 audit(0.0:2719144): avc: denied { sys_ptrace } for comm="ps" capability=19 scontext=u:r:gmloggerd:s0 tcontext=u:r:gmloggerd:s0 tclass=capability permissive=0
04-20 07:32:48.787  6581  6581 I auditd  : type=1400 audit(0.0:2719145): avc: denied { sys_ptrace } for comm="ps" capability=19 scontext=u:r:gmloggerd:s0 tcontext=u:r:gmloggerd:s0 tclass=capability permissive=0
04-20 07:32:48.787  6581  6581 I auditd  : type=1400 audit(0.0:2719146): avc: denied { sys_ptrace } for comm="ps" capability=19 scontext=u:r:gmloggerd:s0 tcontext=u:r:gmloggerd:s0 tclass=capability permissive=0
04-20 07:32:48.787  6581  6581 I auditd  : type=1400 audit(0.0:2719147): avc: denied { sys_ptrace } for comm="ps" capability=19 scontext=u:r:gmloggerd:s0 tcontext=u:r:gmloggerd:s0 tclass=capability permissive=0
04-20 07:32:48.787  6581  6581 I auditd  : type=1400 audit(0.0:2719148): avc: denied { sys_ptrace } for comm="ps" capability=19 scontext=u:r:gmloggerd:s0 tcontext=u:r:gmloggerd:s0 tclass=capability permissive=0
04-20 07:32:48.787  6581  6581 I auditd  : type=1400 audit(0.0:2719149): avc: denied { sys_ptrace } for comm="ps" capability=19 scontext=u:r:gmloggerd:s0 tcontext=u:r:gmloggerd:s0 tclass=capability permissive=0
04-20 07:32:48.788  6581  6581 I auditd  : type=1400 audit(0.0:2719150): avc: denied { sys_ptrace } for comm="ps" capability=19 scontext=u:r:gmloggerd:s0 tcontext=u:r:gmloggerd:s0 tclass=capability permissive=0
04-20 07:32:48.789  6581  6581 I auditd  : type=1400 audit(0.0:2719151): avc: denied { sys_ptrace } for comm="ps" capability=19 scontext=u:r:gmloggerd:s0 tcontext=u:r:gmloggerd:s0 tclass=capability permissive=0
04-20 07:32:48.789  6581  6581 I auditd  : type=1400 audit(0.0:2719152): avc: denied { sys_ptrace } for comm="ps" capability=19 scontext=u:r:gmloggerd:s0 tcontext=u:r:gmloggerd:s0 tclass=capability permissive=0
04-20 07:32:48.789  6581  6581 I auditd  : type=1400 audit(0.0:2719153): avc: denied { sys_ptrace } for comm="ps" capability=19 scontext=u:r:gmloggerd:s0 tcontext=u:r:gmloggerd:s0 tclass=capability permissive=0
04-20 07:32:52.550  2321  2355 I liblog  : 82
04-20 07:32:52.553  2321  2355 I liblog  : 29
04-20 07:32:52.558  2321  2355 I liblog  : 8
04-20 07:32:59.527  4413  4907 V OnStarCommands: onCellNetInfo: cellNetworkName:AT&T cellNetworkSignal:2 cellNetworkState:0 cellNetworkType: 7
04-20 07:32:59.527  4413  4907 D OnStarCommands: getSignalLevel: 2 -> 6
04-20 07:32:59.527  4413  4907 D OnStarCommands: getVoiceRegState: state = 1
04-20 07:32:59.528  4413  4907 D OnStarCommands: onCellNetInfo: No mVoiceNetworkStateRegistrants to notify
04-20 07:32:59.539  4413  4413 V OnStarServiceStateTracker: handleMessage: SIGNAL STRENGTH event = 12  current phone is not OnStar
04-20 07:32:59.539  4413  4413 V OnStarServiceStateTracker: handleMessage: EVENT_NETWORK_STATE_CHANGED: polling states...
04-20 07:32:59.539  4413  4413 V OnStarServiceStateTracker: pollState
04-20 07:32:59.539  4413  4413 D OnStarCommands: getVoiceRegState: state = 1
04-20 07:32:59.539  4413  4413 D OnStarCommands: getOperator: operatorName = AT&T
04-20 07:32:59.539  4413  4413 V OnStarServiceStateTracker: handleMessage: EVENT_POLL_STATE_REGISTRATION: processing...
04-20 07:32:59.539  4413  4413 D OnStarServiceStateTracker: handlePollStateResult: EVENT_POLL_STATE_REGISTRATION: regCode:1, serviceState:0
04-20 07:32:59.539  4413  4413 D PHONE   : [ServiceState] setVoiceRegState=0
04-20 07:32:59.539  4413  4413 V OnStarServiceStateTracker: handleMessage: EVENT_POLL_STATE_OPERATOR: processing...
04-20 07:32:59.539  4413  4413 D OnStarServiceStateTracker: handlePollStateResult: EVENT_POLL_STATE_OPERATOR: opNames[0]: 'AT&T' opNames[1]: '' opNames[2]: ''
04-20 07:32:59.545  4413  4413 D OnStarServiceStateTracker: pollStateDone: oldSS=[0 1 voice home data home AT&T   AT&T    Unknown Unknown CSS not supported -1 -1 RoamInd=-1 DefRoamInd=-1 EmergOnly=false IsDataRoamingFromRegistration=false] newSS=[0 1 voice home data home AT&T   AT&T    Unknown Unknown CSS not supported -1 -1 RoamInd=-1 DefRoamInd=-1 EmergOnly=false IsDataRoamingFromRegistration=false]
04-20 07:32:59.545  4413  4413 D PHONE   : [ServiceState] setNullState=1
04-20 07:32:59.546  4413  4413 D OnStarServiceStateTracker: pollStateDone: Current OutgoingPhone is not OnStar.
04-20 07:33:00.308  2321  2355 I liblog  : 4
04-20 07:33:00.314  2321  2355 I liblog  : 69
04-20 07:33:00.316  2321  2355 I liblog  : 24
04-20 07:33:00.320  2321  2321 I liblog  : 57
04-20 07:33:00.320  2321  2321 I liblog  : 1
04-20 07:33:00.323  2321  2355 I liblog  : 34
04-20 07:33:00.324  2321  2321 I liblog  : 22
04-20 07:33:00.331  2321  2355 I liblog  : 14
04-20 07:33:00.339  2321  2355 I liblog  : 11
04-20 07:33:01.766  4413  5095 V OnStarCommands: onCellNetInfo: cellNetworkName:AT&T cellNetworkSignal:3 cellNetworkState:0 cellNetworkType: 7
04-20 07:33:01.766  4413  5095 D OnStarCommands: getSignalLevel: 3 -> 8
04-20 07:33:01.766  4413  5095 D OnStarCommands: getVoiceRegState: state = 1
04-20 07:33:01.766  4413  5095 D OnStarCommands: onCellNetInfo: No mVoiceNetworkStateRegistrants to notify
04-20 07:33:01.775  4413  4413 V OnStarServiceStateTracker: handleMessage: SIGNAL STRENGTH event = 12  current phone is not OnStar
04-20 07:33:01.775  4413  4413 V OnStarServiceStateTracker: handleMessage: EVENT_NETWORK_STATE_CHANGED: polling states...
04-20 07:33:01.775  4413  4413 V OnStarServiceStateTracker: pollState
04-20 07:33:01.775  4413  4413 D OnStarCommands: getVoiceRegState: state = 1
04-20 07:33:01.775  4413  4413 D OnStarCommands: getOperator: operatorName = AT&T
04-20 07:33:01.775  4413  4413 V OnStarServiceStateTracker: handleMessage: EVENT_POLL_STATE_REGISTRATION: processing...
04-20 07:33:01.775  4413  4413 D OnStarServiceStateTracker: handlePollStateResult: EVENT_POLL_STATE_REGISTRATION: regCode:1, serviceState:0
04-20 07:33:01.775  4413  4413 D PHONE   : [ServiceState] setVoiceRegState=0
04-20 07:33:01.775  4413  4413 V OnStarServiceStateTracker: handleMessage: EVENT_POLL_STATE_OPERATOR: processing...
04-20 07:33:01.775  4413  4413 D OnStarServiceStateTracker: handlePollStateResult: EVENT_POLL_STATE_OPERATOR: opNames[0]: 'AT&T' opNames[1]: '' opNames[2]: ''
04-20 07:33:01.777  4413  4413 D OnStarServiceStateTracker: pollStateDone: oldSS=[0 1 voice home data home AT&T   AT&T    Unknown Unknown CSS not supported -1 -1 RoamInd=-1 DefRoamInd=-1 EmergOnly=false IsDataRoamingFromRegistration=false] newSS=[0 1 voice home data home AT&T   AT&T    Unknown Unknown CSS not supported -1 -1 RoamInd=-1 DefRoamInd=-1 EmergOnly=false IsDataRoamingFromRegistration=false]
04-20 07:33:01.777  4413  4413 D PHONE   : [ServiceState] setNullState=1
04-20 07:33:01.781  4413  4413 D OnStarServiceStateTracker: pollStateDone: Current OutgoingPhone is not OnStar.
04-20 07:33:02.347  7006  7006 I auditd  : type=1400 audit(0.0:2720858): avc: denied { sys_ptrace } for comm="ps" capability=19 scontext=u:r:gmloggerd:s0 tcontext=u:r:gmloggerd:s0 tclass=capability permissive=0
04-20 07:33:02.356  7006  7006 I auditd  : type=1400 audit(0.0:2720859): avc: denied { sys_ptrace } for comm="ps" capability=19 scontext=u:r:gmloggerd:s0 tcontext=u:r:gmloggerd:s0 tclass=capability permissive=0
04-20 07:33:02.356  7006  7006 I auditd  : type=1400 audit(0.0:2720860): avc: denied { sys_ptrace } for comm="ps" capability=19 scontext=u:r:gmloggerd:s0 tcontext=u:r:gmloggerd:s0 tclass=capability permissive=0
04-20 07:33:02.356  7006  7006 I auditd  : type=1400 audit(0.0:2720861): avc: denied { sys_ptrace } for comm="ps" capability=19 scontext=u:r:gmloggerd:s0 tcontext=u:r:gmloggerd:s0 tclass=capability permissive=0
04-20 07:33:02.356  7006  7006 I auditd  : type=1400 audit(0.0:2720862): avc: denied { sys_ptrace } for comm="ps" capability=19 scontext=u:r:gmloggerd:s0 tcontext=u:r:gmloggerd:s0 tclass=capability permissive=0
04-20 07:33:02.356  7006  7006 I auditd  : type=1400 audit(0.0:2720863): avc: denied { sys_ptrace } for comm="ps" capability=19 scontext=u:r:gmloggerd:s0 tcontext=u:r:gmloggerd:s0 tclass=capability permissive=0
04-20 07:33:02.357  7006  7006 I auditd  : type=1400 audit(0.0:2720864): avc: denied { sys_ptrace } for comm="ps" capability=19 scontext=u:r:gmloggerd:s0 tcontext=u:r:gmloggerd:s0 tclass=capability permissive=0
04-20 07:33:02.357  7006  7006 I auditd  : type=1400 audit(0.0:2720865): avc: denied { sys_ptrace } for comm="ps" capability=19 scontext=u:r:gmloggerd:s0 tcontext=u:r:gmloggerd:s0 tclass=capability permissive=0
04-20 07:33:02.357  7006  7006 I auditd  : type=1400 audit(0.0:2720866): avc: denied { sys_ptrace } for comm="ps" capability=19 scontext=u:r:gmloggerd:s0 tcontext=u:r:gmloggerd:s0 tclass=capability permissive=0
04-20 07:33:02.357  7006  7006 I auditd  : type=1400 audit(0.0:2720867): avc: denied { sys_ptrace } for comm="ps" capability=19 scontext=u:r:gmloggerd:s0 tcontext=u:r:gmloggerd:s0 tclass=capability permissive=0
04-20 07:33:02.357  7006  7006 I auditd  : type=1400 audit(0.0:2720868): avc: denied { sys_ptrace } for comm="ps" capability=19 scontext=u:r:gmloggerd:s0 tcontext=u:r:gmloggerd:s0 tclass=capability permissive=0
04-20 07:33:02.357  7006  7006 I auditd  : type=1400 audit(0.0:2720869): avc: denied { sys_ptrace } for comm="ps" capability=19 scontext=u:r:gmloggerd:s0 tcontext=u:r:gmloggerd:s0 tclass=capability permissive=0
04-20 07:33:02.357  7006  7006 I auditd  : type=1400 audit(0.0:2720870): avc: denied { sys_ptrace } for comm="ps" capability=19 scontext=u:r:gmloggerd:s0 tcontext=u:r:gmloggerd:s0 tclass=capability permissive=0
04-20 07:33:02.357  7006  7006 I auditd  : type=1400 audit(0.0:2720871): avc: denied { sys_ptrace } for comm="ps" capability=19 scontext=u:r:gmloggerd:s0 tcontext=u:r:gmloggerd:s0 tclass=capability permissive=0
04-20 07:33:02.357  7006  7006 I auditd  : type=1400 audit(0.0:2720872): avc: denied { sys_ptrace } for comm="ps" capability=19 scontext=u:r:gmloggerd:s0 tcontext=u:r:gmloggerd:s0 tclass=capability permissive=0
04-20 07:33:02.357  7006  7006 I auditd  : type=1400 audit(0.0:2720873): avc: denied { sys_ptrace } for comm="ps" capability=19 scontext=u:r:gmloggerd:s0 tcontext=u:r:gmloggerd:s0 tclass=capability permissive=0
04-20 07:33:02.358  7006  7006 I auditd  : type=1400 audit(0.0:2720874): avc: denied { sys_ptrace } for comm="ps" capability=19 scontext=u:r:gmloggerd:s0 tcontext=u:r:gmloggerd:s0 tclass=capability permissive=0
04-20 07:33:02.358  7006  7006 I auditd  : type=1400 audit(0.0:2720875): avc: denied { sys_ptrace } for comm="ps" capability=19 scontext=u:r:gmloggerd:s0 tcontext=u:r:gmloggerd:s0 tclass=capability permissive=0
04-20 07:33:02.359  7006  7006 I auditd  : type=1400 audit(0.0:2720876): avc: denied { sys_ptrace } for comm="ps" capability=19 scontext=u:r:gmloggerd:s0 tcontext=u:r:gmloggerd:s0 tclass=capability permissive=0
04-20 07:33:02.359  7006  7006 I auditd  : type=1400 audit(0.0:2720877): avc: denied { sys_ptrace } for comm="ps" capability=19 scontext=u:r:gmloggerd:s0 tcontext=u:r:gmloggerd:s0 tclass=capability permissive=0
04-20 07:33:08.208  2321  2355 I liblog  : 8
04-20 07:33:08.210  2321  2355 I liblog  : 11
04-20 07:33:08.214  2321  2321 I liblog  : 7
04-20 07:33:08.216  2321  2321 I liblog  : 13
04-20 07:33:08.221  2321  2355 I liblog  : 9
04-20 07:33:15.932  7189  7189 I auditd  : type=1400 audit(0.0:2722583): avc: denied { sys_ptrace } for comm="ps" capability=19 scontext=u:r:gmloggerd:s0 tcontext=u:r:gmloggerd:s0 tclass=capability permissive=0
04-20 07:33:15.937  7189  7189 I auditd  : type=1400 audit(0.0:2722584): avc: denied { sys_ptrace } for comm="ps" capability=19 scontext=u:r:gmloggerd:s0 tcontext=u:r:gmloggerd:s0 tclass=capability permissive=0
04-20 07:33:15.937  7189  7189 I auditd  : type=1400 audit(0.0:2722585): avc: denied { sys_ptrace } for comm="ps" capability=19 scontext=u:r:gmloggerd:s0 tcontext=u:r:gmloggerd:s0 tclass=capability permissive=0
04-20 07:33:15.938  7189  7189 I auditd  : type=1400 audit(0.0:2722586): avc: denied { sys_ptrace } for comm="ps" capability=19 scontext=u:r:gmloggerd:s0 tcontext=u:r:gmloggerd:s0 tclass=capability permissive=0
04-20 07:33:15.938  7189  7189 I auditd  : type=1400 audit(0.0:2722587): avc: denied { sys_ptrace } for comm="ps" capability=19 scontext=u:r:gmloggerd:s0 tcontext=u:r:gmloggerd:s0 tclass=capability permissive=0
04-20 07:33:15.938  7189  7189 I auditd  : type=1400 audit(0.0:2722588): avc: denied { sys_ptrace } for comm="ps" capability=19 scontext=u:r:gmloggerd:s0 tcontext=u:r:gmloggerd:s0 tclass=capability permissive=0
04-20 07:33:15.938  7189  7189 I auditd  : type=1400 audit(0.0:2722589): avc: denied { sys_ptrace } for comm="ps" capability=19 scontext=u:r:gmloggerd:s0 tcontext=u:r:gmloggerd:s0 tclass=capability permissive=0
04-20 07:33:15.938  7189  7189 I auditd  : type=1400 audit(0.0:2722590): avc: denied { sys_ptrace } for comm="ps" capability=19 scontext=u:r:gmloggerd:s0 tcontext=u:r:gmloggerd:s0 tclass=capability permissive=0
04-20 07:33:15.938  7189  7189 I auditd  : type=1400 audit(0.0:2722591): avc: denied { sys_ptrace } for comm="ps" capability=19 scontext=u:r:gmloggerd:s0 tcontext=u:r:gmloggerd:s0 tclass=capability permissive=0
04-20 07:33:15.938  7189  7189 I auditd  : type=1400 audit(0.0:2722592): avc: denied { sys_ptrace } for comm="ps" capability=19 scontext=u:r:gmloggerd:s0 tcontext=u:r:gmloggerd:s0 tclass=capability permissive=0
04-20 07:33:15.938  7189  7189 I auditd  : type=1400 audit(0.0:2722593): avc: denied { sys_ptrace } for comm="ps" capability=19 scontext=u:r:gmloggerd:s0 tcontext=u:r:gmloggerd:s0 tclass=capability permissive=0
04-20 07:33:15.938  7189  7189 I auditd  : type=1400 audit(0.0:2722594): avc: denied { sys_ptrace } for comm="ps" capability=19 scontext=u:r:gmloggerd:s0 tcontext=u:r:gmloggerd:s0 tclass=capability permissive=0
04-20 07:33:15.939  7189  7189 I auditd  : type=1400 audit(0.0:2722595): avc: denied { sys_ptrace } for comm="ps" capability=19 scontext=u:r:gmloggerd:s0 tcontext=u:r:gmloggerd:s0 tclass=capability permissive=0
04-20 07:33:15.939  7189  7189 I auditd  : type=1400 audit(0.0:2722596): avc: denied { sys_ptrace } for comm="ps" capability=19 scontext=u:r:gmloggerd:s0 tcontext=u:r:gmloggerd:s0 tclass=capability permissive=0
04-20 07:33:15.939  7189  7189 I auditd  : type=1400 audit(0.0:2722597): avc: denied { sys_ptrace } for comm="ps" capability=19 scontext=u:r:gmloggerd:s0 tcontext=u:r:gmloggerd:s0 tclass=capability permissive=0
04-20 07:33:15.939  7189  7189 I auditd  : type=1400 audit(0.0:2722598): avc: denied { sys_ptrace } for comm="ps" capability=19 scontext=u:r:gmloggerd:s0 tcontext=u:r:gmloggerd:s0 tclass=capability permissive=0
04-20 07:33:15.939  7189  7189 I auditd  : type=1400 audit(0.0:2722599): avc: denied { sys_ptrace } for comm="ps" capability=19 scontext=u:r:gmloggerd:s0 tcontext=u:r:gmloggerd:s0 tclass=capability permissive=0
04-20 07:33:15.939  7189  7189 I auditd  : type=1400 audit(0.0:2722600): avc: denied { sys_ptrace } for comm="ps" capability=19 scontext=u:r:gmloggerd:s0 tcontext=u:r:gmloggerd:s0 tclass=capability permissive=0
04-20 07:33:15.941  7189  7189 I auditd  : type=1400 audit(0.0:2722601): avc: denied { sys_ptrace } for comm="ps" capability=19 scontext=u:r:gmloggerd:s0 tcontext=u:r:gmloggerd:s0 tclass=capability permissive=0
04-20 07:33:15.941  7189  7189 I auditd  : type=1400 audit(0.0:2722602): avc: denied { sys_ptrace } for comm="ps" capability=19 scontext=u:r:gmloggerd:s0 tcontext=u:r:gmloggerd:s0 tclass=capability permissive=0
04-20 07:33:29.520  7359  7359 I auditd  : type=1400 audit(0.0:2724303): avc: denied { sys_ptrace } for comm="ps" capability=19 scontext=u:r:gmloggerd:s0 tcontext=u:r:gmloggerd:s0 tclass=capability permissive=0
04-20 07:33:29.527  7359  7359 I auditd  : type=1400 audit(0.0:2724304): avc: denied { sys_ptrace } for comm="ps" capability=19 scontext=u:r:gmloggerd:s0 tcontext=u:r:gmloggerd:s0 tclass=capability permissive=0
04-20 07:33:29.528  7359  7359 I auditd  : type=1400 audit(0.0:2724305): avc: denied { sys_ptrace } for comm="ps" capability=19 scontext=u:r:gmloggerd:s0 tcontext=u:r:gmloggerd:s0 tclass=capability permissive=0
04-20 07:33:29.528  7359  7359 I auditd  : type=1400 audit(0.0:2724306): avc: denied { sys_ptrace } for comm="ps" capability=19 scontext=u:r:gmloggerd:s0 tcontext=u:r:gmloggerd:s0 tclass=capability permissive=0
04-20 07:33:29.528  7359  7359 I auditd  : type=1400 audit(0.0:2724307): avc: denied { sys_ptrace } for comm="ps" capability=19 scontext=u:r:gmloggerd:s0 tcontext=u:r:gmloggerd:s0 tclass=capability permissive=0
04-20 07:33:29.528  7359  7359 I auditd  : type=1400 audit(0.0:2724308): avc: denied { sys_ptrace } for comm="ps" capability=19 scontext=u:r:gmloggerd:s0 tcontext=u:r:gmloggerd:s0 tclass=capability permissive=0
04-20 07:33:29.528  7359  7359 I auditd  : type=1400 audit(0.0:2724309): avc: denied { sys_ptrace } for comm="ps" capability=19 scontext=u:r:gmloggerd:s0 tcontext=u:r:gmloggerd:s0 tclass=capability permissive=0
04-20 07:33:29.529  7359  7359 I auditd  : type=1400 audit(0.0:2724310): avc: denied { sys_ptrace } for comm="ps" capability=19 scontext=u:r:gmloggerd:s0 tcontext=u:r:gmloggerd:s0 tclass=capability permissive=0
04-20 07:33:29.529  7359  7359 I auditd  : type=1400 audit(0.0:2724311): avc: denied { sys_ptrace } for comm="ps" capability=19 scontext=u:r:gmloggerd:s0 tcontext=u:r:gmloggerd:s0 tclass=capability permissive=0
04-20 07:33:29.533  7359  7359 I auditd  : type=1400 audit(0.0:2724312): avc: denied { sys_ptrace } for comm="ps" capability=19 scontext=u:r:gmloggerd:s0 tcontext=u:r:gmloggerd:s0 tclass=capability permissive=0
04-20 07:33:29.533  7359  7359 I auditd  : type=1400 audit(0.0:2724313): avc: denied { sys_ptrace } for comm="ps" capability=19 scontext=u:r:gmloggerd:s0 tcontext=u:r:gmloggerd:s0 tclass=capability permissive=0
04-20 07:33:29.533  7359  7359 I auditd  : type=1400 audit(0.0:2724314): avc: denied { sys_ptrace } for comm="ps" capability=19 scontext=u:r:gmloggerd:s0 tcontext=u:r:gmloggerd:s0 tclass=capability permissive=0
04-20 07:33:29.533  7359  7359 I auditd  : type=1400 audit(0.0:2724315): avc: denied { sys_ptrace } for comm="ps" capability=19 scontext=u:r:gmloggerd:s0 tcontext=u:r:gmloggerd:s0 tclass=capability permissive=0
04-20 07:33:29.533  7359  7359 I auditd  : type=1400 audit(0.0:2724316): avc: denied { sys_ptrace } for comm="ps" capability=19 scontext=u:r:gmloggerd:s0 tcontext=u:r:gmloggerd:s0 tclass=capability permissive=0
04-20 07:33:29.534  7359  7359 I auditd  : type=1400 audit(0.0:2724317): avc: denied { sys_ptrace } for comm="ps" capability=19 scontext=u:r:gmloggerd:s0 tcontext=u:r:gmloggerd:s0 tclass=capability permissive=0
04-20 07:33:29.534  7359  7359 I auditd  : type=1400 audit(0.0:2724318): avc: denied { sys_ptrace } for comm="ps" capability=19 scontext=u:r:gmloggerd:s0 tcontext=u:r:gmloggerd:s0 tclass=capability permissive=0
04-20 07:33:29.534  7359  7359 I auditd  : type=1400 audit(0.0:2724319): avc: denied { sys_ptrace } for comm="ps" capability=19 scontext=u:r:gmloggerd:s0 tcontext=u:r:gmloggerd:s0 tclass=capability permissive=0
04-20 07:33:29.534  7359  7359 I auditd  : type=1400 audit(0.0:2724320): avc: denied { sys_ptrace } for comm="ps" capability=19 scontext=u:r:gmloggerd:s0 tcontext=u:r:gmloggerd:s0 tclass=capability permissive=0
04-20 07:33:29.534  7359  7359 I auditd  : type=1400 audit(0.0:2724321): avc: denied { sys_ptrace } for comm="ps" capability=19 scontext=u:r:gmloggerd:s0 tcontext=u:r:gmloggerd:s0 tclass=capability permissive=0
04-20 07:33:29.534  7359  7359 I auditd  : type=1400 audit(0.0:2724322): avc: denied { sys_ptrace } for comm="ps" capability=19 scontext=u:r:gmloggerd:s0 tcontext=u:r:gmloggerd:s0 tclass=capability permissive=0
04-20 07:33:32.962  4413  4450 V OnStarCommands: onCellNetInfo: cellNetworkName:AT&T cellNetworkSignal:2 cellNetworkState:0 cellNetworkType: 7
04-20 07:33:32.962  4413  4450 D OnStarCommands: getSignalLevel: 2 -> 6
04-20 07:33:32.962  4413  4450 D OnStarCommands: getVoiceRegState: state = 1
04-20 07:33:32.962  4413  4450 D OnStarCommands: onCellNetInfo: No mVoiceNetworkStateRegistrants to notify
04-20 07:33:32.963  4413  4413 V OnStarServiceStateTracker: handleMessage: SIGNAL STRENGTH event = 12  current phone is not OnStar
04-20 07:33:32.963  4413  4413 V OnStarServiceStateTracker: handleMessage: EVENT_NETWORK_STATE_CHANGED: polling states...
04-20 07:33:32.963  4413  4413 V OnStarServiceStateTracker: pollState
04-20 07:33:32.963  4413  4413 D OnStarCommands: getVoiceRegState: state = 1
04-20 07:33:32.963  4413  4413 D OnStarCommands: getOperator: operatorName = AT&T
04-20 07:33:32.963  4413  4413 V OnStarServiceStateTracker: handleMessage: EVENT_POLL_STATE_REGISTRATION: processing...
04-20 07:33:32.963  4413  4413 D OnStarServiceStateTracker: handlePollStateResult: EVENT_POLL_STATE_REGISTRATION: regCode:1, serviceState:0
04-20 07:33:32.963  4413  4413 D PHONE   : [ServiceState] setVoiceRegState=0
04-20 07:33:32.963  4413  4413 V OnStarServiceStateTracker: handleMessage: EVENT_POLL_STATE_OPERATOR: processing...
04-20 07:33:32.963  4413  4413 D OnStarServiceStateTracker: handlePollStateResult: EVENT_POLL_STATE_OPERATOR: opNames[0]: 'AT&T' opNames[1]: '' opNames[2]: ''
04-20 07:33:32.965  4413  4413 D OnStarServiceStateTracker: pollStateDone: oldSS=[0 1 voice home data home AT&T   AT&T    Unknown Unknown CSS not supported -1 -1 RoamInd=-1 DefRoamInd=-1 EmergOnly=false IsDataRoamingFromRegistration=false] newSS=[0 1 voice home data home AT&T   AT&T    Unknown Unknown CSS not supported -1 -1 RoamInd=-1 DefRoamInd=-1 EmergOnly=false IsDataRoamingFromRegistration=false]
04-20 07:33:32.965  4413  4413 D PHONE   : [ServiceState] setNullState=1
04-20 07:33:32.965  4413  4413 D OnStarServiceStateTracker: pollStateDone: Current OutgoingPhone is not OnStar.
04-20 07:33:35.387  4413  4460 V OnStarCommands: onCellNetInfo: cellNetworkName:AT&T cellNetworkSignal:3 cellNetworkState:0 cellNetworkType: 7
04-20 07:33:35.387  4413  4460 D OnStarCommands: getSignalLevel: 3 -> 8
04-20 07:33:35.387  4413  4460 D OnStarCommands: getVoiceRegState: state = 1
04-20 07:33:35.387  4413  4460 D OnStarCommands: onCellNetInfo: No mVoiceNetworkStateRegistrants to notify
04-20 07:33:35.396  4413  4413 V OnStarServiceStateTracker: handleMessage: SIGNAL STRENGTH event = 12  current phone is not OnStar
04-20 07:33:35.396  4413  4413 V OnStarServiceStateTracker: handleMessage: EVENT_NETWORK_STATE_CHANGED: polling states...
04-20 07:33:35.396  4413  4413 V OnStarServiceStateTracker: pollState
04-20 07:33:35.396  4413  4413 D OnStarCommands: getVoiceRegState: state = 1
04-20 07:33:35.396  4413  4413 D OnStarCommands: getOperator: operatorName = AT&T
04-20 07:33:35.396  4413  4413 V OnStarServiceStateTracker: handleMessage: EVENT_POLL_STATE_REGISTRATION: processing...
04-20 07:33:35.396  4413  4413 D OnStarServiceStateTracker: handlePollStateResult: EVENT_POLL_STATE_REGISTRATION: regCode:1, serviceState:0
04-20 07:33:35.396  4413  4413 D PHONE   : [ServiceState] setVoiceRegState=0
04-20 07:33:35.396  4413  4413 V OnStarServiceStateTracker: handleMessage: EVENT_POLL_STATE_OPERATOR: processing...
04-20 07:33:35.396  4413  4413 D OnStarServiceStateTracker: handlePollStateResult: EVENT_POLL_STATE_OPERATOR: opNames[0]: 'AT&T' opNames[1]: '' opNames[2]: ''
04-20 07:33:35.398  4413  4413 D OnStarServiceStateTracker: pollStateDone: oldSS=[0 1 voice home data home AT&T   AT&T    Unknown Unknown CSS not supported -1 -1 RoamInd=-1 DefRoamInd=-1 EmergOnly=false IsDataRoamingFromRegistration=false] newSS=[0 1 voice home data home AT&T   AT&T    Unknown Unknown CSS not supported -1 -1 RoamInd=-1 DefRoamInd=-1 EmergOnly=false IsDataRoamingFromRegistration=false]
04-20 07:33:35.398  4413  4413 D PHONE   : [ServiceState] setNullState=1
04-20 07:33:35.404  4413  4413 D OnStarServiceStateTracker: pollStateDone: Current OutgoingPhone is not OnStar.
04-20 07:33:42.598  2754  2754 I free_storage_changed: 3000967168
04-20 07:33:43.101  7534  7534 I auditd  : type=1400 audit(0.0:2726024): avc: denied { sys_ptrace } for comm="ps" capability=19 scontext=u:r:gmloggerd:s0 tcontext=u:r:gmloggerd:s0 tclass=capability permissive=0
04-20 07:33:43.109  7534  7534 I auditd  : type=1400 audit(0.0:2726025): avc: denied { sys_ptrace } for comm="ps" capability=19 scontext=u:r:gmloggerd:s0 tcontext=u:r:gmloggerd:s0 tclass=capability permissive=0
04-20 07:33:43.110  7534  7534 I auditd  : type=1400 audit(0.0:2726026): avc: denied { sys_ptrace } for comm="ps" capability=19 scontext=u:r:gmloggerd:s0 tcontext=u:r:gmloggerd:s0 tclass=capability permissive=0
04-20 07:33:43.110  7534  7534 I auditd  : type=1400 audit(0.0:2726027): avc: denied { sys_ptrace } for comm="ps" capability=19 scontext=u:r:gmloggerd:s0 tcontext=u:r:gmloggerd:s0 tclass=capability permissive=0
04-20 07:33:43.110  7534  7534 I auditd  : type=1400 audit(0.0:2726028): avc: denied { sys_ptrace } for comm="ps" capability=19 scontext=u:r:gmloggerd:s0 tcontext=u:r:gmloggerd:s0 tclass=capability permissive=0
04-20 07:33:43.110  7534  7534 I auditd  : type=1400 audit(0.0:2726029): avc: denied { sys_ptrace } for comm="ps" capability=19 scontext=u:r:gmloggerd:s0 tcontext=u:r:gmloggerd:s0 tclass=capability permissive=0
04-20 07:33:43.110  7534  7534 I auditd  : type=1400 audit(0.0:2726030): avc: denied { sys_ptrace } for comm="ps" capability=19 scontext=u:r:gmloggerd:s0 tcontext=u:r:gmloggerd:s0 tclass=capability permissive=0
04-20 07:33:43.111  7534  7534 I auditd  : type=1400 audit(0.0:2726031): avc: denied { sys_ptrace } for comm="ps" capability=19 scontext=u:r:gmloggerd:s0 tcontext=u:r:gmloggerd:s0 tclass=capability permissive=0
04-20 07:33:43.111  7534  7534 I auditd  : type=1400 audit(0.0:2726032): avc: denied { sys_ptrace } for comm="ps" capability=19 scontext=u:r:gmloggerd:s0 tcontext=u:r:gmloggerd:s0 tclass=capability permissive=0
04-20 07:33:43.111  7534  7534 I auditd  : type=1400 audit(0.0:2726033): avc: denied { sys_ptrace } for comm="ps" capability=19 scontext=u:r:gmloggerd:s0 tcontext=u:r:gmloggerd:s0 tclass=capability permissive=0
04-20 07:33:43.111  7534  7534 I auditd  : type=1400 audit(0.0:2726034): avc: denied { sys_ptrace } for comm="ps" capability=19 scontext=u:r:gmloggerd:s0 tcontext=u:r:gmloggerd:s0 tclass=capability permissive=0
04-20 07:33:43.111  7534  7534 I auditd  : type=1400 audit(0.0:2726035): avc: denied { sys_ptrace } for comm="ps" capability=19 scontext=u:r:gmloggerd:s0 tcontext=u:r:gmloggerd:s0 tclass=capability permissive=0
04-20 07:33:43.111  7534  7534 I auditd  : type=1400 audit(0.0:2726036): avc: denied { sys_ptrace } for comm="ps" capability=19 scontext=u:r:gmloggerd:s0 tcontext=u:r:gmloggerd:s0 tclass=capability permissive=0
04-20 07:33:43.112  7534  7534 I auditd  : type=1400 audit(0.0:2726037): avc: denied { sys_ptrace } for comm="ps" capability=19 scontext=u:r:gmloggerd:s0 tcontext=u:r:gmloggerd:s0 tclass=capability permissive=0
04-20 07:33:43.112  7534  7534 I auditd  : type=1400 audit(0.0:2726038): avc: denied { sys_ptrace } for comm="ps" capability=19 scontext=u:r:gmloggerd:s0 tcontext=u:r:gmloggerd:s0 tclass=capability permissive=0
04-20 07:33:43.112  7534  7534 I auditd  : type=1400 audit(0.0:2726039): avc: denied { sys_ptrace } for comm="ps" capability=19 scontext=u:r:gmloggerd:s0 tcontext=u:r:gmloggerd:s0 tclass=capability permissive=0
04-20 07:33:43.112  7534  7534 I auditd  : type=1400 audit(0.0:2726040): avc: denied { sys_ptrace } for comm="ps" capability=19 scontext=u:r:gmloggerd:s0 tcontext=u:r:gmloggerd:s0 tclass=capability permissive=0
04-20 07:33:43.112  7534  7534 I auditd  : type=1400 audit(0.0:2726041): avc: denied { sys_ptrace } for comm="ps" capability=19 scontext=u:r:gmloggerd:s0 tcontext=u:r:gmloggerd:s0 tclass=capability permissive=0
04-20 07:33:43.113  7534  7534 I auditd  : type=1400 audit(0.0:2726042): avc: denied { sys_ptrace } for comm="ps" capability=19 scontext=u:r:gmloggerd:s0 tcontext=u:r:gmloggerd:s0 tclass=capability permissive=0
04-20 07:33:43.113  7534  7534 I auditd  : type=1400 audit(0.0:2726043): avc: denied { sys_ptrace } for comm="ps" capability=19 scontext=u:r:gmloggerd:s0 tcontext=u:r:gmloggerd:s0 tclass=capability permissive=0
04-20 07:33:44.308  2321  2355 I liblog  : 10
04-20 07:33:44.311  2321  2355 I liblog  : 13
04-20 07:33:44.313  2321  2355 I liblog  : 17
04-20 07:33:44.314  2321  2355 I liblog  : 4
04-20 07:33:44.316  2321  2355 I liblog  : 2
04-20 07:33:44.320  4413  4713 V OnStarCommands: onCellNetInfo: cellNetworkName:AT&T cellNetworkSignal:2 cellNetworkState:0 cellNetworkType: 7
04-20 07:33:44.320  4413  4713 D OnStarCommands: getSignalLevel: 2 -> 6
04-20 07:33:44.320  4413  4713 D OnStarCommands: getVoiceRegState: state = 1
04-20 07:33:44.320  4413  4713 D OnStarCommands: onCellNetInfo: No mVoiceNetworkStateRegistrants to notify
04-20 07:33:44.324  4413  4413 V OnStarServiceStateTracker: handleMessage: SIGNAL STRENGTH event = 12  current phone is not OnStar
04-20 07:33:44.324  4413  4413 V OnStarServiceStateTracker: handleMessage: EVENT_NETWORK_STATE_CHANGED: polling states...
04-20 07:33:44.324  4413  4413 V OnStarServiceStateTracker: pollState
04-20 07:33:44.324  4413  4413 D OnStarCommands: getVoiceRegState: state = 1
04-20 07:33:44.324  4413  4413 D OnStarCommands: getOperator: operatorName = AT&T
04-20 07:33:44.324  4413  4413 V OnStarServiceStateTracker: handleMessage: EVENT_POLL_STATE_REGISTRATION: processing...
04-20 07:33:44.324  4413  4413 D OnStarServiceStateTracker: handlePollStateResult: EVENT_POLL_STATE_REGISTRATION: regCode:1, serviceState:0
04-20 07:33:44.324  4413  4413 D PHONE   : [ServiceState] setVoiceRegState=0
04-20 07:33:44.324  4413  4413 V OnStarServiceStateTracker: handleMessage: EVENT_POLL_STATE_OPERATOR: processing...
04-20 07:33:44.324  4413  4413 D OnStarServiceStateTracker: handlePollStateResult: EVENT_POLL_STATE_OPERATOR: opNames[0]: 'AT&T' opNames[1]: '' opNames[2]: ''
04-20 07:33:44.325  4413  4413 D OnStarServiceStateTracker: pollStateDone: oldSS=[0 1 voice home data home AT&T   AT&T    Unknown Unknown CSS not supported -1 -1 RoamInd=-1 DefRoamInd=-1 EmergOnly=false IsDataRoamingFromRegistration=false] newSS=[0 1 voice home data home AT&T   AT&T    Unknown Unknown CSS not supported -1 -1 RoamInd=-1 DefRoamInd=-1 EmergOnly=false IsDataRoamingFromRegistration=false]
04-20 07:33:44.326  4413  4413 D PHONE   : [ServiceState] setNullState=1
04-20 07:33:44.329  4413  4413 D OnStarServiceStateTracker: pollStateDone: Current OutgoingPhone is not OnStar.
04-20 07:33:44.330  2321  2321 I liblog  : 40
04-20 07:33:44.346  2321  2355 I liblog  : 157
04-20 07:33:44.348  2321  2355 I liblog  : 1
04-20 07:33:50.972  4413  4907 V OnStarCommands: onCellNetInfo: cellNetworkName:AT&T cellNetworkSignal:3 cellNetworkState:0 cellNetworkType: 7
04-20 07:33:50.972  4413  4907 D OnStarCommands: getSignalLevel: 3 -> 8
04-20 07:33:50.972  4413  4907 D OnStarCommands: getVoiceRegState: state = 1
04-20 07:33:50.972  4413  4907 D OnStarCommands: onCellNetInfo: No mVoiceNetworkStateRegistrants to notify
04-20 07:33:50.981  4413  4413 V OnStarServiceStateTracker: handleMessage: SIGNAL STRENGTH event = 12  current phone is not OnStar
04-20 07:33:50.981  4413  4413 V OnStarServiceStateTracker: handleMessage: EVENT_NETWORK_STATE_CHANGED: polling states...
04-20 07:33:50.981  4413  4413 V OnStarServiceStateTracker: pollState
04-20 07:33:50.981  4413  4413 D OnStarCommands: getVoiceRegState: state = 1
04-20 07:33:50.981  4413  4413 D OnStarCommands: getOperator: operatorName = AT&T
04-20 07:33:50.981  4413  4413 V OnStarServiceStateTracker: handleMessage: EVENT_POLL_STATE_REGISTRATION: processing...
04-20 07:33:50.981  4413  4413 D OnStarServiceStateTracker: handlePollStateResult: EVENT_POLL_STATE_REGISTRATION: regCode:1, serviceState:0
04-20 07:33:50.981  4413  4413 D PHONE   : [ServiceState] setVoiceRegState=0
04-20 07:33:50.981  4413  4413 V OnStarServiceStateTracker: handleMessage: EVENT_POLL_STATE_OPERATOR: processing...
04-20 07:33:50.981  4413  4413 D OnStarServiceStateTracker: handlePollStateResult: EVENT_POLL_STATE_OPERATOR: opNames[0]: 'AT&T' opNames[1]: '' opNames[2]: ''
04-20 07:33:50.986  4413  4413 D OnStarServiceStateTracker: pollStateDone: oldSS=[0 1 voice home data home AT&T   AT&T    Unknown Unknown CSS not supported -1 -1 RoamInd=-1 DefRoamInd=-1 EmergOnly=false IsDataRoamingFromRegistration=false] newSS=[0 1 voice home data home AT&T   AT&T    Unknown Unknown CSS not supported -1 -1 RoamInd=-1 DefRoamInd=-1 EmergOnly=false IsDataRoamingFromRegistration=false]
04-20 07:33:50.986  4413  4413 D PHONE   : [ServiceState] setNullState=1
04-20 07:33:50.986  4413  4413 D OnStarServiceStateTracker: pollStateDone: Current OutgoingPhone is not OnStar.
04-20 07:33:55.529  4413  5095 V OnStarCommands: onCellNetInfo: cellNetworkName:AT&T cellNetworkSignal:2 cellNetworkState:0 cellNetworkType: 7
04-20 07:33:55.529  4413  5095 D OnStarCommands: getSignalLevel: 2 -> 6
04-20 07:33:55.529  4413  5095 D OnStarCommands: getVoiceRegState: state = 1
04-20 07:33:55.529  4413  5095 D OnStarCommands: onCellNetInfo: No mVoiceNetworkStateRegistrants to notify
04-20 07:33:55.530  4413  4413 V OnStarServiceStateTracker: handleMessage: SIGNAL STRENGTH event = 12  current phone is not OnStar
04-20 07:33:55.530  4413  4413 V OnStarServiceStateTracker: handleMessage: EVENT_NETWORK_STATE_CHANGED: polling states...
04-20 07:33:55.530  4413  4413 V OnStarServiceStateTracker: pollState
04-20 07:33:55.530  4413  4413 D OnStarCommands: getVoiceRegState: state = 1
04-20 07:33:55.530  4413  4413 D OnStarCommands: getOperator: operatorName = AT&T
04-20 07:33:55.530  4413  4413 V OnStarServiceStateTracker: handleMessage: EVENT_POLL_STATE_REGISTRATION: processing...
04-20 07:33:55.530  4413  4413 D OnStarServiceStateTracker: handlePollStateResult: EVENT_POLL_STATE_REGISTRATION: regCode:1, serviceState:0
04-20 07:33:55.530  4413  4413 D PHONE   : [ServiceState] setVoiceRegState=0
04-20 07:33:55.530  4413  4413 V OnStarServiceStateTracker: handleMessage: EVENT_POLL_STATE_OPERATOR: processing...
04-20 07:33:55.530  4413  4413 D OnStarServiceStateTracker: handlePollStateResult: EVENT_POLL_STATE_OPERATOR: opNames[0]: 'AT&T' opNames[1]: '' opNames[2]: ''
04-20 07:33:55.533  4413  4413 D OnStarServiceStateTracker: pollStateDone: oldSS=[0 1 voice home data home AT&T   AT&T    Unknown Unknown CSS not supported -1 -1 RoamInd=-1 DefRoamInd=-1 EmergOnly=false IsDataRoamingFromRegistration=false] newSS=[0 1 voice home data home AT&T   AT&T    Unknown Unknown CSS not supported -1 -1 RoamInd=-1 DefRoamInd=-1 EmergOnly=false IsDataRoamingFromRegistration=false]
04-20 07:33:55.533  4413  4413 D PHONE   : [ServiceState] setNullState=1
04-20 07:33:55.540  4413  4413 D OnStarServiceStateTracker: pollStateDone: Current OutgoingPhone is not OnStar.
04-20 07:33:56.584  7705  7705 I auditd  : type=1400 audit(0.0:2727748): avc: denied { sys_ptrace } for comm="ps" capability=19 scontext=u:r:gmloggerd:s0 tcontext=u:r:gmloggerd:s0 tclass=capability permissive=0
04-20 07:33:56.592  7705  7705 I auditd  : type=1400 audit(0.0:2727749): avc: denied { sys_ptrace } for comm="ps" capability=19 scontext=u:r:gmloggerd:s0 tcontext=u:r:gmloggerd:s0 tclass=capability permissive=0
04-20 07:33:56.592  7705  7705 I auditd  : type=1400 audit(0.0:2727750): avc: denied { sys_ptrace } for comm="ps" capability=19 scontext=u:r:gmloggerd:s0 tcontext=u:r:gmloggerd:s0 tclass=capability permissive=0
04-20 07:33:56.592  7705  7705 I auditd  : type=1400 audit(0.0:2727751): avc: denied { sys_ptrace } for comm="ps" capability=19 scontext=u:r:gmloggerd:s0 tcontext=u:r:gmloggerd:s0 tclass=capability permissive=0
04-20 07:33:56.592  7705  7705 I auditd  : type=1400 audit(0.0:2727752): avc: denied { sys_ptrace } for comm="ps" capability=19 scontext=u:r:gmloggerd:s0 tcontext=u:r:gmloggerd:s0 tclass=capability permissive=0
04-20 07:33:56.592  7705  7705 I auditd  : type=1400 audit(0.0:2727753): avc: denied { sys_ptrace } for comm="ps" capability=19 scontext=u:r:gmloggerd:s0 tcontext=u:r:gmloggerd:s0 tclass=capability permissive=0
04-20 07:33:56.592  7705  7705 I auditd  : type=1400 audit(0.0:2727754): avc: denied { sys_ptrace } for comm="ps" capability=19 scontext=u:r:gmloggerd:s0 tcontext=u:r:gmloggerd:s0 tclass=capability permissive=0
