04-18 15:37:57.892  2358  2358 I pulseaudio: [pulseaudio] client.c: Created 0 "Native client (UNIX socket client)"
04-18 15:37:57.897  2358  2358 D pulseaudio: [pulseaudio] protocol-native.c: Protocol version: remote 30, local 30
04-18 15:37:57.897  2358  2358 I pulseaudio: [pulseaudio] protocol-native.c: Got credentials: uid=1013 gid=1005 success=1
04-18 15:37:57.897  2358  2358 D pulseaudio: [pulseaudio] protocol-native.c: SHM possible: no
04-18 15:37:57.897  2358  2358 D pulseaudio: [pulseaudio] protocol-native.c: Negotiated SHM: no
04-18 15:37:57.897  2358  2358 D pulseaudio: [pulseaudio] protocol-native.c: Disabling srbchannel, reason: Must be enabled by module parameter
04-18 15:37:57.899  2569  2569 I libpal_audio: pa_ac_create_connection success!
04-18 15:37:57.899  2569  2569 I libpal_audio: audio_initDiranaSystem audioCfgPath = /etc/diranaCfg.xml
04-18 15:37:57.899  2569  2569 I libpal_audio: libPROAUDIO BUILD DATE Apr 17 2019 BUILD TIME 23:03:22 
04-18 15:37:57.899  2569  2569 I libpal_audio: audio_init_config_params Entered!
04-18 15:37:57.899  2569  2569 D libpal_audio: open_i2c_dev i2cbus=3
04-18 15:37:57.899  2569  2569 D libpal_audio: i2c_direct_send file=9, chipAdrress=28, size=2
04-18 15:37:57.899  2569  2569 D libpal_audio: i2c_direct_send value[0]=0x00
04-18 15:37:57.899  2569  2569 D libpal_audio: i2c_direct_send value[1]=0x10
04-18 15:37:57.901  2569  2569 D libpal_audio: i2c_direct_send file=9, chipAdrress=28, size=2
04-18 15:37:57.901  2569  2569 D libpal_audio: i2c_direct_send value[0]=0x3F
04-18 15:37:57.901  2569  2569 D libpal_audio: i2c_direct_send value[1]=0x0D
04-18 15:37:57.901  2569  2569 I libpal_audio: i2c device: successfully opened
04-18 15:37:57.901  2569  2569 I libpal_audio: audio_initGmDirana Entered!
04-18 15:37:57.901  2569  2569 D libpal_audio: i2c_direct_send file=9, chipAdrress=28, size=6
04-18 15:37:57.901  2569  2569 D libpal_audio: i2c_direct_send value[0]=0xF4
04-18 15:37:57.901  2569  2569 D libpal_audio: i2c_direct_send value[1]=0x03
04-18 15:37:57.901  2569  2569 D libpal_audio: i2c_direct_send value[2]=0x82
04-18 15:37:57.901  2569  2569 D libpal_audio: i2c_direct_send value[3]=0x80
04-18 15:37:57.901  2569  2569 D libpal_audio: i2c_direct_send value[4]=0x00
04-18 15:37:57.901  2569  2569 D libpal_audio: i2c_direct_send value[5]=0x00
04-18 15:37:57.902  2569  2569 D libpal_audio: sucess: Updating X-Memory or relative address 
04-18 15:37:57.902  2569  2569 D libpal_audio: i2c_direct_send file=9, chipAdrress=28, size=6
04-18 15:37:57.902  2569  2569 D libpal_audio: i2c_direct_send value[0]=0xF4
04-18 15:37:57.902  2569  2569 D libpal_audio: i2c_direct_send value[1]=0x03
04-18 15:37:57.902  2569  2569 D libpal_audio: i2c_direct_send value[2]=0x85
04-18 15:37:57.902  2569  2569 D libpal_audio: i2c_direct_send value[3]=0x80
04-18 15:37:57.902  2569  2569 D libpal_audio: i2c_direct_send value[4]=0x00
04-18 15:37:57.902  2569  2569 D libpal_audio: i2c_direct_send value[5]=0x00
04-18 15:37:57.902  2569  2569 D libpal_audio: sucess: Updating X-Memory or relative address 
04-18 15:37:57.902  2569  2569 D libpal_audio: i2c_direct_send file=9, chipAdrress=28, size=6
04-18 15:37:57.902  2569  2569 D libpal_audio: i2c_direct_send value[0]=0xF4
04-18 15:37:57.902  2569  2569 D libpal_audio: i2c_direct_send value[1]=0x03
04-18 15:37:57.902  2569  2569 D libpal_audio: i2c_direct_send value[2]=0x86
04-18 15:37:57.902  2569  2569 D libpal_audio: i2c_direct_send value[3]=0x80
04-18 15:37:57.902  2569  2569 D libpal_audio: i2c_direct_send value[4]=0x00
04-18 15:37:57.902  2569  2569 D libpal_audio: i2c_direct_send value[5]=0x00
04-18 15:37:57.903  2569  2569 D libpal_audio: sucess: Updating X-Memory or relative address 
04-18 15:37:57.903  2569  2569 D libpal_audio: i2c_direct_send file=9, chipAdrress=28, size=6
04-18 15:37:57.903  2569  2569 D libpal_audio: i2c_direct_send value[0]=0xF4
04-18 15:37:57.903  2569  2569 D libpal_audio: i2c_direct_send value[1]=0x03
04-18 15:37:57.903  2569  2569 D libpal_audio: i2c_direct_send value[2]=0x87
04-18 15:37:57.903  2569  2569 D libpal_audio: i2c_direct_send value[3]=0x80
04-18 15:37:57.903  2569  2569 D libpal_audio: i2c_direct_send value[4]=0x00
04-18 15:37:57.903  2569  2569 D libpal_audio: i2c_direct_send value[5]=0x00
04-18 15:37:57.903  2569  2569 D libpal_audio: sucess: Updating X-Memory or relative address 
04-18 15:37:57.903  2569  2569 D libpal_audio: i2c_direct_send file=9, chipAdrress=28, size=6
04-18 15:37:57.903  2569  2569 D libpal_audio: i2c_direct_send value[0]=0xF4
04-18 15:37:57.903  2569  2569 D libpal_audio: i2c_direct_send value[1]=0x03
04-18 15:37:57.903  2569  2569 D libpal_audio: i2c_direct_send value[2]=0x88
04-18 15:37:57.903  2569  2569 D libpal_audio: i2c_direct_send value[3]=0x80
04-18 15:37:57.903  2569  2569 D libpal_audio: i2c_direct_send value[4]=0x00
04-18 15:37:57.903  2569  2569 D libpal_audio: i2c_direct_send value[5]=0x00
04-18 15:37:57.904  2569  2569 D libpal_audio: sucess: Updating X-Memory or relative address 
04-18 15:37:57.904  2569  2569 D libpal_audio: i2c_direct_send file=9, chipAdrress=28, size=6
04-18 15:37:57.904  2569  2569 D libpal_audio: i2c_direct_send value[0]=0xF4
04-18 15:37:57.904  2569  2569 D libpal_audio: i2c_direct_send value[1]=0x03
04-18 15:37:57.904  2569  2569 D libpal_audio: i2c_direct_send value[2]=0x89
04-18 15:37:57.904  2569  2569 D libpal_audio: i2c_direct_send value[3]=0x80
04-18 15:37:57.904  2569  2569 D libpal_audio: i2c_direct_send value[4]=0x00
04-18 15:37:57.904  2569  2569 D libpal_audio: i2c_direct_send value[5]=0x00
04-18 15:37:57.904  2569  2569 D libpal_audio: sucess: Updating X-Memory or relative address 
04-18 15:37:57.904  2569  2569 D libpal_audio: i2c_direct_send file=9, chipAdrress=28, size=3
04-18 15:37:57.904  2569  2569 D libpal_audio: i2c_direct_send value[0]=0xA9
04-18 15:37:57.904  2569  2569 D libpal_audio: i2c_direct_send value[1]=0x28
04-18 15:37:57.904  2569  2569 D libpal_audio: i2c_direct_send value[2]=0x00
04-18 15:37:57.904  2569  2569 D libpal_audio: i2c_direct_send file=9, chipAdrress=28, size=3
04-18 15:37:57.904  2569  2569 D libpal_audio: i2c_direct_send value[0]=0xA9
04-18 15:37:57.904  2569  2569 D libpal_audio: i2c_direct_send value[1]=0x32
04-18 15:37:57.904  2569  2569 D libpal_audio: i2c_direct_send value[2]=0x00
04-18 15:37:57.905  2569  2569 D libpal_audio: i2c_direct_send file=9, chipAdrress=28, size=3
04-18 15:37:57.905  2569  2569 D libpal_audio: i2c_direct_send value[0]=0xA9
04-18 15:37:57.905  2569  2569 D libpal_audio: i2c_direct_send value[1]=0x33
04-18 15:37:57.905  2569  2569 D libpal_audio: i2c_direct_send value[2]=0x00
04-18 15:37:57.905  2569  2569 D libpal_audio: i2c_direct_send file=9, chipAdrress=28, size=3
04-18 15:37:57.905  2569  2569 D libpal_audio: i2c_direct_send value[0]=0xA9
04-18 15:37:57.905  2569  2569 D libpal_audio: i2c_direct_send value[1]=0x00
04-18 15:37:57.905  2569  2569 D libpal_audio: i2c_direct_send value[2]=0x02
04-18 15:37:57.905  2569  2569 D libpal_audio: i2c_direct_send file=9, chipAdrress=28, size=3
04-18 15:37:57.905  2569  2569 D libpal_audio: i2c_direct_send value[0]=0xA9
04-18 15:37:57.905  2569  2569 D libpal_audio: i2c_direct_send value[1]=0x01
04-18 15:37:57.905  2569  2569 D libpal_audio: i2c_direct_send value[2]=0x02
04-18 15:37:57.906  2569  2569 D libpal_audio: i2c_direct_send file=9, chipAdrress=28, size=3
04-18 15:37:57.906  2569  2569 D libpal_audio: i2c_direct_send value[0]=0xA9
04-18 15:37:57.906  2569  2569 D libpal_audio: i2c_direct_send value[1]=0x02
04-18 15:37:57.906  2569  2569 D libpal_audio: i2c_direct_send value[2]=0x00
04-18 15:37:57.906  2569  2569 D libpal_audio: i2c_direct_send file=9, chipAdrress=28, size=3
04-18 15:37:57.906  2569  2569 D libpal_audio: i2c_direct_send value[0]=0xA9
04-18 15:37:57.906  2569  2569 D libpal_audio: i2c_direct_send value[1]=0x03
04-18 15:37:57.906  2569  2569 D libpal_audio: i2c_direct_send value[2]=0x00
04-18 15:37:57.906  1965  2129 E vehicle_abstraction: CGlobalASignalMappings::signalInfoForAbstractionSignalID unmapped  abstractionID 4359
04-18 15:37:57.906  2569  2569 D libpal_audio: i2c_direct_send file=9, chipAdrress=28, size=3
04-18 15:37:57.906  2569  2569 D libpal_audio: i2c_direct_send value[0]=0xA9
04-18 15:37:57.906  2569  2569 D libpal_audio: i2c_direct_send value[1]=0x30
04-18 15:37:57.906  2569  2569 D libpal_audio: i2c_direct_send value[2]=0x01
04-18 15:37:57.907  2569  2569 D libpal_audio: i2c_direct_send file=9, chipAdrress=28, size=3
04-18 15:37:57.907  2569  2569 D libpal_audio: i2c_direct_send value[0]=0xA9
04-18 15:37:57.907  2569  2569 D libpal_audio: i2c_direct_send value[1]=0x35
04-18 15:37:57.907  2569  2569 D libpal_audio: i2c_direct_send value[2]=0x01
04-18 15:37:57.907  2569  2569 D libpal_audio: i2c_direct_send file=9, chipAdrress=28, size=3
04-18 15:37:57.907  2569  2569 D libpal_audio: i2c_direct_send value[0]=0xA9
04-18 15:37:57.907  2569  2569 D libpal_audio: i2c_direct_send value[1]=0x2A
04-18 15:37:57.907  2569  2569 D libpal_audio: i2c_direct_send value[2]=0x03
04-18 15:37:57.908  2569  2569 D libpal_audio: i2c_direct_send file=9, chipAdrress=28, size=3
04-18 15:37:57.908  2569  2569 D libpal_audio: i2c_direct_send value[0]=0xA9
04-18 15:37:57.908  2569  2569 D libpal_audio: i2c_direct_send value[1]=0x2B
04-18 15:37:57.908  2569  2569 D libpal_audio: i2c_direct_send value[2]=0x03
04-18 15:37:57.908  2569  2569 D libpal_audio: i2c_direct_send file=9, chipAdrress=28, size=3
04-18 15:37:57.908  2569  2569 D libpal_audio: i2c_direct_send value[0]=0xA9
04-18 15:37:57.908  2569  2569 D libpal_audio: i2c_direct_send value[1]=0x2C
04-18 15:37:57.908  2569  2569 D libpal_audio: i2c_direct_send value[2]=0x02
04-18 15:37:57.908  2569  2569 D libpal_audio: i2c_direct_send file=9, chipAdrress=28, size=3
04-18 15:37:57.908  2569  2569 D libpal_audio: i2c_direct_send value[0]=0xA9
04-18 15:37:57.908  2569  2569 D libpal_audio: i2c_direct_send value[1]=0x37
04-18 15:37:57.908  2569  2569 D libpal_audio: i2c_direct_send value[2]=0x01
04-18 15:37:57.908  2569  2569 D libpal_audio: i2c_direct_send file=9, chipAdrress=28, size=3
04-18 15:37:57.908  2569  2569 D libpal_audio: i2c_direct_send value[0]=0xA9
04-18 15:37:57.908  2569  2569 D libpal_audio: i2c_direct_send value[1]=0x40
04-18 15:37:57.908  2569  2569 D libpal_audio: i2c_direct_send value[2]=0x00
04-18 15:37:57.909  2569  2569 D libpal_audio: i2c_direct_send file=9, chipAdrress=28, size=3
04-18 15:37:57.909  2569  2569 D libpal_audio: i2c_direct_send value[0]=0xA9
04-18 15:37:57.909  2569  2569 D libpal_audio: i2c_direct_send value[1]=0x41
04-18 15:37:57.909  2569  2569 D libpal_audio: i2c_direct_send value[2]=0x00
04-18 15:37:57.909  2569  2569 D libpal_audio: i2c_direct_send file=9, chipAdrress=28, size=3
04-18 15:37:57.909  2569  2569 D libpal_audio: i2c_direct_send value[0]=0xA9
04-18 15:37:57.909  2569  2569 D libpal_audio: i2c_direct_send value[1]=0x46
04-18 15:37:57.909  2569  2569 D libpal_audio: i2c_direct_send value[2]=0x00
04-18 15:37:57.909  2569  2569 D libpal_audio: i2c_direct_send file=9, chipAdrress=28, size=3
04-18 15:37:57.909  2569  2569 D libpal_audio: i2c_direct_send value[0]=0xA9
04-18 15:37:57.909  2569  2569 D libpal_audio: i2c_direct_send value[1]=0x47
04-18 15:37:57.909  2569  2569 D libpal_audio: i2c_direct_send value[2]=0x00
04-18 15:37:57.910  2569  2569 D libpal_audio: i2c_direct_send file=9, chipAdrress=28, size=3
04-18 15:37:57.910  2569  2569 D libpal_audio: i2c_direct_send value[0]=0xA9
04-18 15:37:57.910  2569  2569 D libpal_audio: i2c_direct_send value[1]=0x50
04-18 15:37:57.910  2569  2569 D libpal_audio: i2c_direct_send value[2]=0x00
04-18 15:37:57.910  2569  2569 D libpal_audio: i2c_direct_send file=9, chipAdrress=28, size=3
04-18 15:37:57.910  2569  2569 D libpal_audio: i2c_direct_send value[0]=0xA9
04-18 15:37:57.910  2569  2569 D libpal_audio: i2c_direct_send value[1]=0x54
04-18 15:37:57.910  2569  2569 D libpal_audio: i2c_direct_send value[2]=0x00
04-18 15:37:57.910  2569  2569 D libpal_audio: i2c_direct_send file=9, chipAdrress=28, size=3
04-18 15:37:57.910  2569  2569 D libpal_audio: i2c_direct_send value[0]=0xA9
04-18 15:37:57.910  2569  2569 D libpal_audio: i2c_direct_send value[1]=0x55
04-18 15:37:57.910  2569  2569 D libpal_audio: i2c_direct_send value[2]=0x00
04-18 15:37:57.911  2569  2569 D libpal_audio: i2c_direct_send file=9, chipAdrress=28, size=3
04-18 15:37:57.911  2569  2569 D libpal_audio: i2c_direct_send value[0]=0xA9
04-18 15:37:57.911  2569  2569 D libpal_audio: i2c_direct_send value[1]=0x56
04-18 15:37:57.911  2569  2569 D libpal_audio: i2c_direct_send value[2]=0x00
04-18 15:37:57.911  2569  2569 D libpal_audio: i2c_direct_send file=9, chipAdrress=28, size=3
04-18 15:37:57.911  2569  2569 D libpal_audio: i2c_direct_send value[0]=0xC9
04-18 15:37:57.911  2569  2569 D libpal_audio: i2c_direct_send value[1]=0x01
04-18 15:37:57.911  2569  2569 D libpal_audio: i2c_direct_send value[2]=0x01
04-18 15:37:57.911  2569  2569 D libpal_audio: i2c_direct_send file=9, chipAdrress=28, size=3
04-18 15:37:57.911  2569  2569 D libpal_audio: i2c_direct_send value[0]=0xA9
04-18 15:37:57.911  2569  2569 D libpal_audio: i2c_direct_send value[1]=0x68
04-18 15:37:57.911  2569  2569 D libpal_audio: i2c_direct_send value[2]=0x01
04-18 15:37:57.912  2569  2569 D libpal_audio: i2c_direct_send file=9, chipAdrress=28, size=2
04-18 15:37:57.912  2569  2569 D libpal_audio: i2c_direct_send value[0]=0xA8
04-18 15:37:57.912  2569  2569 D libpal_audio: i2c_direct_send value[1]=0x05
04-18 15:37:57.912  2569  2569 I libpal_audio: audio_init_commands Entered!
04-18 15:37:57.912  2569  2569 D libpal_audio: i2c_direct_send file=9, chipAdrress=28, size=6
04-18 15:37:57.912  2569  2569 D libpal_audio: i2c_direct_send value[0]=0xF4
04-18 15:37:57.912  2569  2569 D libpal_audio: i2c_direct_send value[1]=0x00
04-18 15:37:57.912  2569  2569 D libpal_audio: i2c_direct_send value[2]=0x4D
04-18 15:37:57.912  2569  2569 D libpal_audio: i2c_direct_send value[3]=0x00
04-18 15:37:57.912  2569  2569 D libpal_audio: i2c_direct_send value[4]=0x00
04-18 15:37:57.912  2569  2569 D libpal_audio: i2c_direct_send value[5]=0x00
04-18 15:37:57.913  2569  2569 D libpal_audio: sucess: Updating X-Memory or relative address 
04-18 15:37:57.913  2569  2569 I libpal_audio: audio_parEQ_pre_scale outChannel = 1, gain = 12.000000
04-18 15:37:57.913  2569  2569 I libpal_audio: audioInitStatus: INITIALIZING
04-18 15:37:57.913  2569  2569 D libpal_audio: i2c_direct_send file=9, chipAdrress=28, size=5
04-18 15:37:57.913  2569  2569 D libpal_audio: i2c_direct_send value[0]=0xF4
04-18 15:37:57.913  2569  2569 D libpal_audio: i2c_direct_send value[1]=0x40
04-18 15:37:57.914  2569  2569 D libpal_audio: i2c_direct_send value[2]=0x6F
04-18 15:37:57.914  2569  2569 D libpal_audio: i2c_direct_send value[3]=0x02
04-18 15:37:57.914  2569  2569 D libpal_audio: i2c_direct_send value[4]=0x02
04-18 15:37:57.916  2497  2497 I GMCRASHLOG: copy_log: Logs /proc/cmdline copied to : /data/data/gmlogger/gmcrashlogs/stats3_d15b61d43dd31ded9c81/cmdline
04-18 15:37:57.916  2497  2497 I GMCRASHLOG: run_command:  /system/bin/logcat -b all -v threadtime -d -f /data/data/gmlogger/gmcrashlogs/aplog_boot timeout=45
04-18 15:37:57.925  1947  1947 D ICU     : No timezone override file found: /data/misc/zoneinfo/current/icu/icu_tzdata.dat
04-18 15:37:57.930  2210  2284 D GMLoggerd::VIPLogger: VIPLogger: Started Logging VIP Messages
04-18 15:37:57.943  2210  2589 D GMLoggerService: Monitor thread instantiated.
04-18 15:37:57.952  2210  2587 I ipcLib  : ipcLib:pathname = /dev/ipc/ipc20
04-18 15:37:57.952  2210  2587 W ipcLib  : ipcLib:libipc version=3.0_22Aug2017
04-18 15:37:57.952  2210  2587 I ipcLib  : ipcLib:Connect to Server Socket: /dev/ipc/ipc20
04-18 15:37:57.952  2210  2587 I ipcLib  : ipcLib:Wait for Ack from the Server : Hello Mesage
04-18 15:37:57.952  1964  2023 W IPC     : IPC: CH-20: New connection request
04-18 15:37:57.952  1964  2023 W IPC     : IPC: 
04-18 15:37:57.952  1964  2023 W IPC     : CH-20: New connection Accepted.  pDeviceAttr->clientFd = 36
04-18 15:37:57.953  1964  2023 E IPC     : IPC: CH-20: F_SETFL flags = 0x2 
04-18 15:37:57.953  1964  2023 W IPC     : IPC: CH-20: Control Message Received '0x8001'
04-18 15:37:57.953  1964  2023 W IPC     : IPC: CH-20: Idx=0 Send Hello to the Client application 
04-18 15:37:57.953  1964  2023 W IPC     : IPC: CH-20: ClientCnt=1
04-18 15:37:57.953  2210  2587 I ipcLib  : ipcLib:Message(6 bytes) received from Server : Hello
04-18 15:37:57.953  2210  2587 I ipcLib  : ipcLib:channel = 20
04-18 15:37:57.955  1965  2129 E vehicle_abstraction: CODIDynamicDataGroup::processRxGroupSignal ODI data (dataID = 15) not mapped (fucID = 7) 
04-18 15:37:57.969  2569  2569 D libpal_audio: Successful to do pre-scaling for Parametric Equalizer, set gain to 12.000000 dB for channel 1
04-18 15:37:57.969  2569  2569 I libpal_audio: audio_parEQ_pre_scale outChannel = 3, gain = 12.000000
04-18 15:37:57.969  2569  2569 I libpal_audio: audioInitStatus: INITIALIZING
04-18 15:37:57.969  2569  2569 D libpal_audio: i2c_direct_send file=9, chipAdrress=28, size=5
04-18 15:37:57.969  2569  2569 D libpal_audio: i2c_direct_send value[0]=0xF4
04-18 15:37:57.969  2569  2569 D libpal_audio: i2c_direct_send value[1]=0x40
04-18 15:37:57.969  2569  2569 D libpal_audio: i2c_direct_send value[2]=0x70
04-18 15:37:57.969  2569  2569 D libpal_audio: i2c_direct_send value[3]=0x02
04-18 15:37:57.969  2569  2569 D libpal_audio: i2c_direct_send value[4]=0x02
04-18 15:37:57.970  2569  2569 D libpal_audio: Successful to do pre-scaling for Parametric Equalizer, set gain to 12.000000 dB for channel 3
04-18 15:37:57.970  2569  2569 D libpal_audio: i2c_direct_send file=9, chipAdrress=28, size=6
04-18 15:37:57.970  2569  2569 D libpal_audio: i2c_direct_send value[0]=0xF4
04-18 15:37:57.970  2569  2569 D libpal_audio: i2c_direct_send value[1]=0x00
04-18 15:37:57.970  2569  2569 D libpal_audio: i2c_direct_send value[2]=0x50
04-18 15:37:57.970  2569  2569 D libpal_audio: i2c_direct_send value[3]=0x08
04-18 15:37:57.970  2569  2569 D libpal_audio: i2c_direct_send value[4]=0x13
04-18 15:37:57.970  2569  2569 D libpal_audio: i2c_direct_send value[5]=0x85
04-18 15:37:57.970  2569  2569 D libpal_audio: sucess: Updating X-Memory or relative address 
04-18 15:37:57.970  2569  2569 D libpal_audio: i2c_direct_send file=9, chipAdrress=28, size=5
04-18 15:37:57.970  2569  2569 D libpal_audio: i2c_direct_send value[0]=0xF4
04-18 15:37:57.970  2569  2569 D libpal_audio: i2c_direct_send value[1]=0x40
04-18 15:37:57.970  2569  2569 D libpal_audio: i2c_direct_send value[2]=0xA5
04-18 15:37:57.970  2569  2569 D libpal_audio: i2c_direct_send value[3]=0x07
04-18 15:37:57.970  2569  2569 D libpal_audio: i2c_direct_send value[4]=0xFF
04-18 15:37:57.971  2569  2569 D libpal_audio: i2c_direct_send file=9, chipAdrress=28, size=5
04-18 15:37:57.971  2569  2569 D libpal_audio: i2c_direct_send value[0]=0xF4
04-18 15:37:57.971  2569  2569 D libpal_audio: i2c_direct_send value[1]=0x40
04-18 15:37:57.971  2569  2569 D libpal_audio: i2c_direct_send value[2]=0x73
04-18 15:37:57.971  2569  2569 D libpal_audio: i2c_direct_send value[3]=0x01
04-18 15:37:57.971  2569  2569 D libpal_audio: i2c_direct_send value[4]=0xF9
04-18 15:37:57.971  2569  2569 D libpal_audio: i2c_direct_send file=9, chipAdrress=28, size=5
04-18 15:37:57.971  2569  2569 D libpal_audio: i2c_direct_send value[0]=0xF4
04-18 15:37:57.971  2569  2569 D libpal_audio: i2c_direct_send value[1]=0x40
04-18 15:37:57.971  2569  2569 D libpal_audio: i2c_direct_send value[2]=0x74
04-18 15:37:57.971  2569  2569 D libpal_audio: i2c_direct_send value[3]=0x01
04-18 15:37:57.971  2569  2569 D libpal_audio: i2c_direct_send value[4]=0xF9
04-18 15:37:57.972  2569  2569 I libpal_audio: audio_set_channel_gain sink = 8, channel = 1, gain = 0.000000
04-18 15:37:57.972  2569  2569 I libpal_audio: audioInitStatus: INITIALIZING
04-18 15:37:57.972  2569  2569 I libpal_audio: Navigation channel ui8MaxBoost/attenuation 0.000000 dB
04-18 15:37:57.972  2569  2569 D libpal_audio: i2c_direct_send file=9, chipAdrress=28, size=5
04-18 15:37:57.972  2569  2569 D libpal_audio: i2c_direct_send value[0]=0xF4
04-18 15:37:57.972  2569  2569 D libpal_audio: i2c_direct_send value[1]=0x40
04-18 15:37:57.972  2569  2569 D libpal_audio: i2c_direct_send value[2]=0xBE
04-18 15:37:57.972  2569  2569 D libpal_audio: i2c_direct_send value[3]=0x00
04-18 15:37:57.972  2569  2569 D libpal_audio: i2c_direct_send value[4]=0x80
04-18 15:37:57.972  2569  2569 I libpal_audio: audio_set_channel_gain sink = 16, channel = 1, gain = 0.000000
04-18 15:37:57.972  2569  2569 I libpal_audio: audioInitStatus: INITIALIZING
04-18 15:37:57.972  2569  2569 I libpal_audio: Telephone channel ui8MaxBoost/attenuation 0.000000 dB
04-18 15:37:57.972  2569  2569 D libpal_audio: i2c_direct_send file=9, chipAdrress=28, size=5
04-18 15:37:57.972  2569  2569 D libpal_audio: i2c_direct_send value[0]=0xF4
04-18 15:37:57.972  2569  2569 D libpal_audio: i2c_direct_send value[1]=0x40
04-18 15:37:57.972  2569  2569 D libpal_audio: i2c_direct_send value[2]=0xC3
04-18 15:37:57.972  2569  2569 D libpal_audio: i2c_direct_send value[3]=0x00
04-18 15:37:57.972  2569  2569 D libpal_audio: i2c_direct_send value[4]=0x80
04-18 15:37:57.973  2569  2569 I libpal_audio: audio_set_audio_path Entered!
04-18 15:37:57.973  2569  2569 I libpal_audio: audioInitStatus: INITIALIZING
04-18 15:37:57.973  2569  2569 D libpal_audio: i2c_direct_send file=9, chipAdrress=28, size=6
04-18 15:37:57.973  2569  2569 D libpal_audio: i2c_direct_send value[0]=0xF4
04-18 15:37:57.973  2569  2569 D libpal_audio: i2c_direct_send value[1]=0x00
04-18 15:37:57.973  2569  2569 D libpal_audio: i2c_direct_send value[2]=0x93
04-18 15:37:57.973  2569  2569 D libpal_audio: i2c_direct_send value[3]=0x00
04-18 15:37:57.973  2569  2569 D libpal_audio: i2c_direct_send value[4]=0x00
04-18 15:37:57.973  2569  2569 D libpal_audio: i2c_direct_send value[5]=0x70
04-18 15:37:57.974  2569  2569 D libpal_audio: sucess: Updating X-Memory or relative address 
04-18 15:37:57.974  2569  2569 D libpal_audio: i2c_direct_send file=9, chipAdrress=28, size=6
04-18 15:37:57.974  2569  2569 D libpal_audio: i2c_direct_send value[0]=0xF4
04-18 15:37:57.974  2569  2569 D libpal_audio: i2c_direct_send value[1]=0x05
04-18 15:37:57.974  2569  2569 D libpal_audio: i2c_direct_send value[2]=0x68
04-18 15:37:57.974  2569  2569 D libpal_audio: i2c_direct_send value[3]=0x00
04-18 15:37:57.974  2569  2569 D libpal_audio: i2c_direct_send value[4]=0x01
04-18 15:37:57.974  2569  2569 D libpal_audio: i2c_direct_send value[5]=0xA7
04-18 15:37:57.975  2569  2569 D libpal_audio: sucess: Updating X-Memory or relative address 
04-18 15:37:57.975  2569  2569 D libpal_audio: i2c_direct_send file=9, chipAdrress=28, size=6
04-18 15:37:57.975  2569  2569 D libpal_audio: i2c_direct_send value[0]=0xF4
04-18 15:37:57.975  2569  2569 D libpal_audio: i2c_direct_send value[1]=0x05
04-18 15:37:57.975  2569  2569 D libpal_audio: i2c_direct_send value[2]=0x8C
04-18 15:37:57.975  2569  2569 D libpal_audio: i2c_direct_send value[3]=0x00
04-18 15:37:57.975  2569  2569 D libpal_audio: i2c_direct_send value[4]=0x01
04-18 15:37:57.975  2569  2569 D libpal_audio: i2c_direct_send value[5]=0xCF
04-18 15:37:57.975  2569  2569 D libpal_audio: sucess: Updating X-Memory or relative address 
04-18 15:37:57.975  2569  2569 D libpal_audio: i2c_direct_send file=9, chipAdrress=28, size=6
04-18 15:37:57.975  2569  2569 D libpal_audio: i2c_direct_send value[0]=0xF4
04-18 15:37:57.975  2569  2569 D libpal_audio: i2c_direct_send value[1]=0x05
04-18 15:37:57.975  2569  2569 D libpal_audio: i2c_direct_send value[2]=0x73
04-18 15:37:57.975  2569  2569 D libpal_audio: i2c_direct_send value[3]=0x00
04-18 15:37:57.975  2569  2569 D libpal_audio: i2c_direct_send value[4]=0x01
04-18 15:37:57.975  2569  2569 D libpal_audio: i2c_direct_send value[5]=0x7B
04-18 15:37:57.976  2569  2569 D libpal_audio: sucess: Updating X-Memory or relative address 
04-18 15:37:57.976  2569  2569 D libpal_audio: i2c_direct_send file=9, chipAdrress=28, size=6
04-18 15:37:57.976  2569  2569 D libpal_audio: i2c_direct_send value[0]=0xF4
04-18 15:37:57.976  2569  2569 D libpal_audio: i2c_direct_send value[1]=0x05
04-18 15:37:57.976  2569  2569 D libpal_audio: i2c_direct_send value[2]=0x74
04-18 15:37:57.976  2569  2569 D libpal_audio: i2c_direct_send value[3]=0x00
04-18 15:37:57.976  2569  2569 D libpal_audio: i2c_direct_send value[4]=0x01
04-18 15:37:57.976  2569  2569 D libpal_audio: i2c_direct_send value[5]=0x7D
04-18 15:37:57.976  2569  2569 D libpal_audio: sucess: Updating X-Memory or relative address 
04-18 15:37:57.976  2569  2569 D libpal_audio: i2c_direct_send file=9, chipAdrress=28, size=6
04-18 15:37:57.976  2569  2569 D libpal_audio: i2c_direct_send value[0]=0xF4
04-18 15:37:57.976  2569  2569 D libpal_audio: i2c_direct_send value[1]=0x0E
04-18 15:37:57.976  2569  2569 D libpal_audio: i2c_direct_send value[2]=0x4C
04-18 15:37:57.976  2569  2569 D libpal_audio: i2c_direct_send value[3]=0x00
04-18 15:37:57.976  2569  2569 D libpal_audio: i2c_direct_send value[4]=0x00
04-18 15:37:57.976  2569  2569 D libpal_audio: i2c_direct_send value[5]=0x01
04-18 15:37:57.977  2569  2569 D libpal_audio: sucess: Updating X-Memory or relative address 
04-18 15:37:57.977  2569  2569 D libpal_audio: i2c_direct_send file=9, chipAdrress=28, size=6
04-18 15:37:57.977  2569  2569 D libpal_audio: i2c_direct_send value[0]=0xF4
04-18 15:37:57.977  2569  2569 D libpal_audio: i2c_direct_send value[1]=0x00
04-18 15:37:57.977  2569  2569 D libpal_audio: i2c_direct_send value[2]=0x93
04-18 15:37:57.977  2569  2569 D libpal_audio: i2c_direct_send value[3]=0x00
04-18 15:37:57.977  2569  2569 D libpal_audio: i2c_direct_send value[4]=0x00
04-18 15:37:57.977  2569  2569 D libpal_audio: i2c_direct_send value[5]=0x45
04-18 15:37:57.977  2569  2569 D libpal_audio: sucess: Updating X-Memory or relative address 
04-18 15:37:57.977  2569  2569 D libpal_audio: i2c_direct_send file=9, chipAdrress=28, size=6
04-18 15:37:57.977  2569  2569 D libpal_audio: i2c_direct_send value[0]=0xF4
04-18 15:37:57.977  2569  2569 D libpal_audio: i2c_direct_send value[1]=0x0E
04-18 15:37:57.977  2569  2569 D libpal_audio: i2c_direct_send value[2]=0x4D
04-18 15:37:57.977  2569  2569 D libpal_audio: i2c_direct_send value[3]=0x00
04-18 15:37:57.977  2569  2569 D libpal_audio: i2c_direct_send value[4]=0x01
04-18 15:37:57.977  2569  2569 D libpal_audio: i2c_direct_send value[5]=0x6A
04-18 15:37:57.978  2569  2569 D libpal_audio: sucess: Updating X-Memory or relative address 
04-18 15:37:57.979  2569  2569 D libpal_audio: i2c_direct_send file=9, chipAdrress=28, size=6
04-18 15:37:57.979  2569  2569 D libpal_audio: i2c_direct_send value[0]=0xF4
04-18 15:37:57.979  2569  2569 D libpal_audio: i2c_direct_send value[1]=0x0E
04-18 15:37:57.979  2569  2569 D libpal_audio: i2c_direct_send value[2]=0x4E
04-18 15:37:57.979  2569  2569 D libpal_audio: i2c_direct_send value[3]=0x00
04-18 15:37:57.979  2569  2569 D libpal_audio: i2c_direct_send value[4]=0x01
04-18 15:37:57.979  2569  2569 D libpal_audio: i2c_direct_send value[5]=0x68
04-18 15:37:57.980  2569  2569 D libpal_audio: sucess: Updating X-Memory or relative address 
04-18 15:37:57.980  2569  2569 D libpal_audio: i2c_direct_send file=9, chipAdrress=28, size=6
04-18 15:37:57.980  2569  2569 D libpal_audio: i2c_direct_send value[0]=0xF4
04-18 15:37:57.980  2569  2569 D libpal_audio: i2c_direct_send value[1]=0x02
04-18 15:37:57.980  2569  2569 D libpal_audio: i2c_direct_send value[2]=0xC2
04-18 15:37:57.980  2569  2569 D libpal_audio: i2c_direct_send value[3]=0x00
04-18 15:37:57.980  2569  2569 D libpal_audio: i2c_direct_send value[4]=0x0E
04-18 15:37:57.980  2569  2569 D libpal_audio: i2c_direct_send value[5]=0x65
04-18 15:37:57.980  2569  2569 D libpal_audio: sucess: Updating X-Memory or relative address 
04-18 15:37:57.980  2569  2569 D libpal_audio: i2c_direct_send file=9, chipAdrress=28, size=6
04-18 15:37:57.980  2569  2569 D libpal_audio: i2c_direct_send value[0]=0xF4
04-18 15:37:57.980  2569  2569 D libpal_audio: i2c_direct_send value[1]=0x0E
04-18 15:37:57.980  2569  2569 D libpal_audio: i2c_direct_send value[2]=0x4C
04-18 15:37:57.980  2569  2569 D libpal_audio: i2c_direct_send value[3]=0x00
04-18 15:37:57.980  2569  2569 D libpal_audio: i2c_direct_send value[4]=0x00
04-18 15:37:57.980  2569  2569 D libpal_audio: i2c_direct_send value[5]=0x02
04-18 15:37:57.981  2569  2569 D libpal_audio: sucess: Updating X-Memory or relative address 
04-18 15:37:57.981  2569  2569 D libpal_audio: i2c_direct_send file=9, chipAdrress=28, size=6
04-18 15:37:57.981  2569  2569 D libpal_audio: i2c_direct_send value[0]=0xF4
04-18 15:37:57.981  2569  2569 D libpal_audio: i2c_direct_send value[1]=0x00
04-18 15:37:57.981  2569  2569 D libpal_audio: i2c_direct_send value[2]=0x93
04-18 15:37:57.981  2569  2569 D libpal_audio: i2c_direct_send value[3]=0x00
04-18 15:37:57.981  2569  2569 D libpal_audio: i2c_direct_send value[4]=0x00
04-18 15:37:57.981  2569  2569 D libpal_audio: i2c_direct_send value[5]=0x45
04-18 15:37:57.983  2569  2569 D libpal_audio: sucess: Updating X-Memory or relative address 
04-18 15:37:57.983  2569  2569 D libpal_audio: i2c_direct_send file=9, chipAdrress=28, size=6
04-18 15:37:57.983  2569  2569 D libpal_audio: i2c_direct_send value[0]=0xF4
04-18 15:37:57.983  2569  2569 D libpal_audio: i2c_direct_send value[1]=0x0E
04-18 15:37:57.983  2569  2569 D libpal_audio: i2c_direct_send value[2]=0x4F
04-18 15:37:57.983  2569  2569 D libpal_audio: i2c_direct_send value[3]=0x00
04-18 15:37:57.983  2569  2569 D libpal_audio: i2c_direct_send value[4]=0x01
04-18 15:37:57.983  2569  2569 D libpal_audio: i2c_direct_send value[5]=0x67
04-18 15:37:57.984  2569  2569 D libpal_audio: sucess: Updating X-Memory or relative address 
04-18 15:37:57.984  2569  2569 D libpal_audio: i2c_direct_send file=9, chipAdrress=28, size=6
04-18 15:37:57.984  2569  2569 D libpal_audio: i2c_direct_send value[0]=0xF4
04-18 15:37:57.984  2569  2569 D libpal_audio: i2c_direct_send value[1]=0x0E
04-18 15:37:57.984  2569  2569 D libpal_audio: i2c_direct_send value[2]=0x50
04-18 15:37:57.984  2569  2569 D libpal_audio: i2c_direct_send value[3]=0x00
04-18 15:37:57.984  2569  2569 D libpal_audio: i2c_direct_send value[4]=0x01
04-18 15:37:57.984  2569  2569 D libpal_audio: i2c_direct_send value[5]=0x69
04-18 15:37:57.984  2569  2569 D libpal_audio: sucess: Updating X-Memory or relative address 
04-18 15:37:57.984  2569  2569 D libpal_audio: i2c_direct_send file=9, chipAdrress=28, size=6
04-18 15:37:57.984  2569  2569 D libpal_audio: i2c_direct_send value[0]=0xF4
04-18 15:37:57.984  2569  2569 D libpal_audio: i2c_direct_send value[1]=0x02
04-18 15:37:57.984  2569  2569 D libpal_audio: i2c_direct_send value[2]=0xC3
04-18 15:37:57.984  2569  2569 D libpal_audio: i2c_direct_send value[3]=0x00
04-18 15:37:57.984  2569  2569 D libpal_audio: i2c_direct_send value[4]=0x0E
04-18 15:37:57.984  2569  2569 D libpal_audio: i2c_direct_send value[5]=0x67
04-18 15:37:57.988  2569  2569 D libpal_audio: sucess: Updating X-Memory or relative address 
04-18 15:37:57.988  2569  2569 D libpal_audio: i2c_direct_send file=9, chipAdrress=28, size=6
04-18 15:37:57.988  2569  2569 D libpal_audio: i2c_direct_send value[0]=0xF4
04-18 15:37:57.988  2569  2569 D libpal_audio: i2c_direct_send value[1]=0x00
04-18 15:37:57.988  2569  2569 D libpal_audio: i2c_direct_send value[2]=0x93
04-18 15:37:57.988  2569  2569 D libpal_audio: i2c_direct_send value[3]=0x00
04-18 15:37:57.988  2569  2569 D libpal_audio: i2c_direct_send value[4]=0x00
04-18 15:37:57.988  2569  2569 D libpal_audio: i2c_direct_send value[5]=0xCC
04-18 15:37:57.988  2569  2569 D libpal_audio: sucess: Updating X-Memory or relative address 
04-18 15:37:57.988  2569  2569 D libpal_audio: i2c_direct_send file=9, chipAdrress=28, size=6
04-18 15:37:57.988  2569  2569 D libpal_audio: i2c_direct_send value[0]=0xF4
04-18 15:37:57.988  2569  2569 D libpal_audio: i2c_direct_send value[1]=0x02
04-18 15:37:57.988  2569  2569 D libpal_audio: i2c_direct_send value[2]=0xB2
04-18 15:37:57.988  2569  2569 D libpal_audio: i2c_direct_send value[3]=0x00
04-18 15:37:57.988  2569  2569 D libpal_audio: i2c_direct_send value[4]=0x05
04-18 15:37:57.988  2569  2569 D libpal_audio: i2c_direct_send value[5]=0xEA
04-18 15:37:57.989  2569  2569 D libpal_audio: sucess: Updating X-Memory or relative address 
04-18 15:37:57.989  2569  2569 D libpal_audio: i2c_direct_send file=9, chipAdrress=28, size=5
04-18 15:37:57.989  2569  2569 D libpal_audio: i2c_direct_send value[0]=0xF4
04-18 15:37:57.989  2569  2569 D libpal_audio: i2c_direct_send value[1]=0x40
04-18 15:37:57.989  2569  2569 D libpal_audio: i2c_direct_send value[2]=0xE5
04-18 15:37:57.989  2569  2569 D libpal_audio: i2c_direct_send value[3]=0x07
04-18 15:37:57.989  2569  2569 D libpal_audio: i2c_direct_send value[4]=0xFF
04-18 15:37:57.990  2569  2569 D libpal_audio: i2c_direct_send file=9, chipAdrress=28, size=6
04-18 15:37:57.990  2569  2569 D libpal_audio: i2c_direct_send value[0]=0xF4
04-18 15:37:57.990  2569  2569 D libpal_audio: i2c_direct_send value[1]=0x02
04-18 15:37:57.990  2569  2569 D libpal_audio: i2c_direct_send value[2]=0xB0
04-18 15:37:57.990  2569  2569 D libpal_audio: i2c_direct_send value[3]=0x00
04-18 15:37:57.990  2569  2569 D libpal_audio: i2c_direct_send value[4]=0x05
04-18 15:37:57.990  2569  2569 D libpal_audio: i2c_direct_send value[5]=0xE4
04-18 15:37:57.991  2569  2569 D libpal_audio: sucess: Updating X-Memory or relative address 
04-18 15:37:57.991  2569  2569 D libpal_audio: i2c_direct_send file=9, chipAdrress=28, size=2
04-18 15:37:57.991  2569  2569 D libpal_audio: i2c_direct_send value[0]=0x28
04-18 15:37:57.991  2569  2569 D libpal_audio: i2c_direct_send value[1]=0x10
04-18 15:37:57.991  1965  2129 E vehicle_abstraction: CODIDynamicDataGroup::processRxGroupSignal ODI data (dataID = 16) not mapped (fucID = 7) 
04-18 15:37:57.992  2569  2569 D libpal_audio: i2c_direct_send file=9, chipAdrress=28, size=6
04-18 15:37:57.992  2569  2569 D libpal_audio: i2c_direct_send value[0]=0xF4
04-18 15:37:57.992  2569  2569 D libpal_audio: i2c_direct_send value[1]=0x02
04-18 15:37:57.992  2569  2569 D libpal_audio: i2c_direct_send value[2]=0xB3
04-18 15:37:57.992  2569  2569 D libpal_audio: i2c_direct_send value[3]=0x00
04-18 15:37:57.992  2569  2569 D libpal_audio: i2c_direct_send value[4]=0x00
04-18 15:37:57.992  2569  2569 D libpal_audio: i2c_direct_send value[5]=0xA4
04-18 15:37:57.994  2569  2569 D libpal_audio: sucess: Updating X-Memory or relative address 
04-18 15:37:57.994  2569  2569 D libpal_audio: i2c_direct_recv file=9, chipAdrress=28, size=3
04-18 15:37:57.994  2569  2569 D libpal_audio: i2c_direct_recv reg[0]=0xF4
04-18 15:37:57.994  2569  2569 D libpal_audio: i2c_direct_recv reg[1]=0x05
04-18 15:37:57.994  2569  2569 D libpal_audio: i2c_direct_recv reg[2]=0x5F
04-18 15:37:57.995  2569  2569 D libpal_audio: i2c_direct_recv value[0]=0x00
04-18 15:37:57.995  2569  2569 D libpal_audio: i2c_direct_recv value[1]=0x00
04-18 15:37:57.995  2569  2569 D libpal_audio: i2c_direct_recv value[2]=0xA6
04-18 15:37:57.995  2569  2569 D libpal_audio: i2c_direct_send file=9, chipAdrress=28, size=6
04-18 15:37:57.995  2569  2569 D libpal_audio: i2c_direct_send value[0]=0xF4
04-18 15:37:57.995  2569  2569 D libpal_audio: i2c_direct_send value[1]=0x05
04-18 15:37:57.995  2569  2569 D libpal_audio: i2c_direct_send value[2]=0xBD
04-18 15:37:57.995  2569  2569 D libpal_audio: i2c_direct_send value[3]=0x00
04-18 15:37:57.995  2569  2569 D libpal_audio: i2c_direct_send value[4]=0x00
04-18 15:37:57.995  2569  2569 D libpal_audio: i2c_direct_send value[5]=0xAC
04-18 15:37:57.996  2569  2569 D libpal_audio: sucess: Updating X-Memory or relative address 
04-18 15:37:57.996  2569  2569 D libpal_audio: i2c_direct_send file=9, chipAdrress=28, size=6
04-18 15:37:57.996  2569  2569 D libpal_audio: i2c_direct_send value[0]=0xF4
04-18 15:37:57.996  2569  2569 D libpal_audio: i2c_direct_send value[1]=0x02
04-18 15:37:57.996  2569  2569 D libpal_audio: i2c_direct_send value[2]=0xB4
04-18 15:37:57.996  2569  2569 D libpal_audio: i2c_direct_send value[3]=0x00
04-18 15:37:57.996  2569  2569 D libpal_audio: i2c_direct_send value[4]=0x05
04-18 15:37:57.996  2569  2569 D libpal_audio: i2c_direct_send value[5]=0xE8
04-18 15:37:57.997  2569  2569 D libpal_audio: sucess: Updating X-Memory or relative address 
04-18 15:37:57.997  2569  2569 D libpal_audio: i2c_direct_send file=9, chipAdrress=28, size=5
04-18 15:37:57.997  2569  2569 D libpal_audio: i2c_direct_send value[0]=0xF4
04-18 15:37:57.997  2569  2569 D libpal_audio: i2c_direct_send value[1]=0x40
04-18 15:37:57.997  2569  2569 D libpal_audio: i2c_direct_send value[2]=0xE4
04-18 15:37:57.997  2569  2569 D libpal_audio: i2c_direct_send value[3]=0x07
04-18 15:37:57.997  2569  2569 D libpal_audio: i2c_direct_send value[4]=0xFF
04-18 15:37:57.997  2569  2569 D libpal_audio: i2c_direct_send file=9, chipAdrress=28, size=6
04-18 15:37:57.997  2569  2569 D libpal_audio: i2c_direct_send value[0]=0xF4
04-18 15:37:57.997  2569  2569 D libpal_audio: i2c_direct_send value[1]=0x05
04-18 15:37:57.997  2569  2569 D libpal_audio: i2c_direct_send value[2]=0xBC
04-18 15:37:57.997  2569  2569 D libpal_audio: i2c_direct_send value[3]=0x00
04-18 15:37:57.997  2569  2569 D libpal_audio: i2c_direct_send value[4]=0x00
04-18 15:37:57.997  2569  2569 D libpal_audio: i2c_direct_send value[5]=0xB0
04-18 15:37:57.998  2569  2569 D libpal_audio: sucess: Updating X-Memory or relative address 
04-18 15:37:57.998  2569  2569 D libpal_audio: i2c_direct_send file=9, chipAdrress=28, size=6
04-18 15:37:57.998  2569  2569 D libpal_audio: i2c_direct_send value[0]=0xF4
04-18 15:37:57.998  2569  2569 D libpal_audio: i2c_direct_send value[1]=0x02
04-18 15:37:57.998  2569  2569 D libpal_audio: i2c_direct_send value[2]=0xB5
04-18 15:37:57.998  2569  2569 D libpal_audio: i2c_direct_send value[3]=0x00
04-18 15:37:57.999  2569  2569 D libpal_audio: i2c_direct_send value[4]=0x05
04-18 15:37:57.999  2569  2569 D libpal_audio: i2c_direct_send value[5]=0xE6
04-18 15:37:57.999  2569  2569 D libpal_audio: sucess: Updating X-Memory or relative address 
04-18 15:37:57.999  2569  2569 D libpal_audio: i2c_direct_send file=9, chipAdrress=28, size=5
04-18 15:37:57.999  2569  2569 D libpal_audio: i2c_direct_send value[0]=0xF4
04-18 15:37:57.999  2569  2569 D libpal_audio: i2c_direct_send value[1]=0x40
04-18 15:37:57.999  2569  2569 D libpal_audio: i2c_direct_send value[2]=0xE3
04-18 15:37:57.999  2569  2569 D libpal_audio: i2c_direct_send value[3]=0x07
04-18 15:37:58.000  2569  2569 D libpal_audio: i2c_direct_send value[4]=0xFF
04-18 15:37:58.000  2569  2569 D libpal_audio: i2c_direct_send file=9, chipAdrress=28, size=6
04-18 15:37:58.000  2569  2569 D libpal_audio: i2c_direct_send value[0]=0xF4
04-18 15:37:58.000  2569  2569 D libpal_audio: i2c_direct_send value[1]=0x02
04-18 15:37:58.000  2569  2569 D libpal_audio: i2c_direct_send value[2]=0xBA
04-18 15:37:58.000  2569  2569 D libpal_audio: i2c_direct_send value[3]=0x00
04-18 15:37:58.000  2569  2569 D libpal_audio: i2c_direct_send value[4]=0x00
04-18 15:37:58.000  2569  2569 D libpal_audio: i2c_direct_send value[5]=0xAE
04-18 15:37:58.001  2569  2569 D libpal_audio: sucess: Updating X-Memory or relative address 
04-18 15:37:58.001  2569  2569 D libpal_audio: i2c_direct_send file=9, chipAdrress=28, size=6
04-18 15:37:58.001  2569  2569 D libpal_audio: i2c_direct_send value[0]=0xF4
04-18 15:37:58.004  2569  2569 I liblog  : 72
04-18 15:37:58.004  2569  2569 D libpal_audio: sucess: Updating X-Memory or relative address 
04-18 15:37:58.004  2569  2569 I libpal_audio: audio_disable_limiter limiterType = 4
04-18 15:37:58.004  2569  2569 I libpal_audio: audioInitStatus: INITIALIZING
04-18 15:37:58.004  2569  2569 D libpal_audio: i2c_direct_send file=9, chipAdrress=28, size=6
04-18 15:37:58.004  2569  2569 D libpal_audio: i2c_direct_send value[0]=0xF4
04-18 15:37:58.004  2569  2569 D libpal_audio: i2c_direct_send value[1]=0x01
04-18 15:37:58.004  2569  2569 D libpal_audio: i2c_direct_send value[2]=0x25
04-18 15:37:58.004  2569  2569 D libpal_audio: i2c_direct_send value[3]=0x80
04-18 15:37:58.004  2569  2569 D libpal_audio: i2c_direct_send value[4]=0x00
04-18 15:37:58.004  2569  2569 D libpal_audio: i2c_direct_send value[5]=0x00
04-18 15:37:58.005  2569  2569 D libpal_audio: sucess: Updating X-Memory or relative address 
04-18 15:37:58.005  2569  2569 I libpal_audio: audio_set_volume sink = 1, volume = -127.000000 dB 
04-18 15:37:58.005  2569  2569 I libpal_audio: audioInitStatus: INITIALIZING
04-18 15:37:58.005  2569  2569 D libpal_audio: channel volume2 : -127.000000 dB 
04-18 15:37:58.026  1976  2157 I [PLSS]PMSvc: got unchanged system state: 1
04-18 15:37:58.027  2358  2358 D pulseaudio: [pulseaudio] module-combine-sink.c: extension_cb()
04-18 15:37:58.027  2358  2358 D pulseaudio: [pulseaudio] module-combine-sink.c: e_AC_Destination    : 0x0
04-18 15:37:58.027  2358  2358 D pulseaudio: [pulseaudio] module-combine-sink.c: e_Msg_Destination   : 0x5
04-18 15:37:58.027  2358  2358 D pulseaudio: [pulseaudio] module-combine-sink.c: e_Asp_Module        : 0x0
04-18 15:37:58.027  2358  2358 D pulseaudio: [pulseaudio] module-combine-sink.c: SessionID : 0x1
04-18 15:37:58.027  2358  2358 D pulseaudio: [pulseaudio] module-combine-sink.c: CmdID     : 0x201
04-18 15:37:58.027  2358  2358 D pulseaudio: [pulseaudio] module-combine-sink.c: CmdType   : 0x2
04-18 15:37:58.027  2358  2358 D pulseaudio: [pulseaudio] module-combine-sink.c: InstID    : 0x0
04-18 15:37:58.027  2358  2358 D pulseaudio: [pulseaudio] module-combine-sink.c: Length    : 0x3
04-18 15:37:58.027  2358  2358 D pulseaudio: [pulseaudio] module-combine-sink.c: msg.x_AM_Params.Data[0]    : 0x2
04-18 15:37:58.027  2358  2358 D pulseaudio: [pulseaudio] module-combine-sink.c: msg.x_AM_Params.Data[1]    : 0x0
04-18 15:37:58.027  2358  2358 D pulseaudio: [pulseaudio] module-combine-sink.c: msg.x_AM_Params.Data[2]    : 0x1
04-18 15:37:58.028  2358  2358 I AudioProcessing: write Msg to Queue done!
04-18 15:37:58.028  2358  2358 D pulseaudio: [pulseaudio] module-combine-sink.c: send command status 0 back
04-18 15:37:58.030  2358  2358 D pulseaudio: [pulseaudio] module-combine-sink.c: extension_cb()
04-18 15:37:58.030  2358  2358 D pulseaudio: [pulseaudio] module-combine-sink.c: e_AC_Destination    : 0x0
04-18 15:37:58.030  2358  2358 D pulseaudio: [pulseaudio] module-combine-sink.c: e_Msg_Destination   : 0x5
04-18 15:37:58.030  2358  2358 D pulseaudio: [pulseaudio] module-combine-sink.c: e_Asp_Module        : 0x0
04-18 15:37:58.030  2358  2358 D pulseaudio: [pulseaudio] module-combine-sink.c: SessionID : 0x2
04-18 15:37:58.030  2358  2358 D pulseaudio: [pulseaudio] module-combine-sink.c: CmdID     : 0x201
04-18 15:37:58.030  2358  2358 D pulseaudio: [pulseaudio] module-combine-sink.c: CmdType   : 0x2
04-18 15:37:58.030  2358  2358 D pulseaudio: [pulseaudio] module-combine-sink.c: InstID    : 0x0
04-18 15:37:58.030  2358  2358 D pulseaudio: [pulseaudio] module-combine-sink.c: Length    : 0x3
04-18 15:37:58.030  2358  2358 D pulseaudio: [pulseaudio] module-combine-sink.c: msg.x_AM_Params.Data[0]    : 0x2
04-18 15:37:58.030  2358  2358 D pulseaudio: [pulseaudio] module-combine-sink.c: msg.x_AM_Params.Data[1]    : 0x0
04-18 15:37:58.030  2358  2358 D pulseaudio: [pulseaudio] module-combine-sink.c: msg.x_AM_Params.Data[2]    : 0x7
04-18 15:37:58.030  2358  2358 I AudioProcessing: write Msg to Queue done!
04-18 15:37:58.030  2358  2358 D pulseaudio: [pulseaudio] module-combine-sink.c: send command status 0 back
04-18 15:37:58.038  1965  2129 E vehicle_abstraction: CODIDynamicDataGroup::processRxGroupSignal ODI data (dataID = 17) not mapped (fucID = 7) 
04-18 15:37:58.066  1965  2129 E vehicle_abstraction: CODIDynamicDataGroup::processRxGroupSignal ODI data (dataID = 18) not mapped (fucID = 7) 
04-18 15:37:58.070  1788  1788 E Netd    : cannot find interface dummy0
04-18 15:37:58.080  2208  2208 D GM_PROTO_KEY: detected security state preboot
04-18 15:37:58.084  2569  2569 I liblog  : 407
04-18 15:37:58.084  2569  2569 I VAS/EQTool: addEQUpdateListener() EQUpdate listeners updated
04-18 15:37:58.084  2569  2569 I VAS/EQTool: addEQUpdateListener() EQUpdate listeners updated
04-18 15:37:58.087  2569  2569 I VAS/HandsfreeBSDGen: IsCalUpdated() isCalUpdated 0, lastStoredCount 15, calUpdateCount 15
04-18 15:37:58.093  2209  2209 D GMSecurity: waiting for preboot complete
04-18 15:37:58.093  1788  1788 E Netd    : Unable to create netlink socket: Protocol not supported
04-18 15:37:58.093  1788  1788 E Netd    : Unable to open quota socket
04-18 15:37:58.094  1788  1788 D MDnsDS  : MDnsSdListener::Hander starting up
04-18 15:37:58.095  1788  2620 D MDnsDS  : MDnsSdListener starting to monitor
04-18 15:37:58.095  1788  2620 D MDnsDS  : Going to poll with pollCount 1
04-18 15:37:58.098  2569  2569 I VAS/HandsfreeBSDGen: WriteCalUpdateCount() calupdate count from CalSvc: 15
04-18 15:37:58.098  2569  2569 I VAS/HandsfreeBSDGen: AddHandsfreeListener() BSD listener added to calibration
04-18 15:37:58.099  1974  1974 W CalSvcd_B:  ListenerManager.cpp(88): listener-id(com.gm.calibration.callback.bsdgen)  not exist!
04-18 15:37:58.099  1974  1974 I CalSvcd_B:  ListenerManager.cpp(121): added listener for com.gm.calibration.callback.bsdgen
04-18 15:37:58.101  2209  2282 D GMSecurity: waiting for boot complete
04-18 15:37:58.101  2569  2569 I VAS/AudioDriverInterface: setVolume() sinkType 1, volDb -127.00
04-18 15:37:58.102  2569  2569 I VAS/ExternalAmpIface: update() attrName MtxSnkLvl, rawValue -127.00
04-18 15:37:58.102  2569  2569 I VAS/AudioDriverInterface: setVolume() sinkType 2, volDb -127.00
04-18 15:37:58.102  1965  2129 E vehicle_abstraction: CODIDynamicDataGroup::processRxGroupSignal ODI data (dataID = 19) not mapped (fucID = 7) 
04-18 15:37:58.102  2569  2569 I VAS/ExternalAmpIface: update() attrName MxPrmtSnkLvl, rawValue -127.00
04-18 15:37:58.102  2569  2569 I VAS/AudioDriverInterface: setVolume() sinkType 3, volDb -22.00
04-18 15:37:58.103  2569  2569 I VAS/ExternalAmpIface: update() attrName AudFdbkSnkLvl, rawValue -22.00
04-18 15:37:58.103  2569  2569 I VAS/AudioDriverInterface: setVolume() sinkType 4, volDb -35.00
04-18 15:37:58.103  2569  2569 I VAS/ExternalAmpIface: update() attrName ChimSnkLvl, rawValue -35.00
04-18 15:37:58.103  2569  2569 E pal_vehicle: [VDATA:VEHICLE_CLIENT] setVehicleServiceData:[pal_vehicle_client.cpp:613] Error, Binder Service is not connected
04-18 15:37:58.103  2569  2569 E pal_vehicle: [VDATA:VEHICLE_COMMON] pal_vdata_set_signal_value:[pal_vehicle_data.cpp:310] Error, Set data sig=4072 AMPLIFIER_SETTINGS_TONE_CONTROL
04-18 15:37:58.103  2569  2569 E pal_vehicle: [VDATA:VEHICLE_COMMON] convert_result:[pal_vehicle_data.cpp:113] API: set_amplifier_settings_tone_control FAILED pal_vdata_convert_result() is 6
04-18 15:37:58.103  2569  2569 E pal_vehicle: [VDATA:VEHICLE_CLIENT] setVehicleServiceData:[pal_vehicle_client.cpp:613] Error, Binder Service is not connected
04-18 15:37:58.103  2569  2569 E pal_vehicle: [VDATA:VEHICLE_COMMON] pal_vdata_set_signal_value:[pal_vehicle_data.cpp:310] Error, Set data sig=4071 AMPLIFIER_SETTINGS_SINK_LEVEL_CONTROL
04-18 15:37:58.103  2569  2569 E pal_vehicle: [VDATA:VEHICLE_COMMON] convert_result:[pal_vehicle_data.cpp:113] API: set_amplifier_settings_sink_level_control FAILED pal_vdata_convert_result() is 6
04-18 15:37:58.103  2569  2569 I VAS/AudioCtrlSvcImpl: updateChimeVolume() Set Chime Volume Step: 20 from property persist.sys.chime.volume
04-18 15:37:58.103  2569  2569 I VAS/AudioCtrlSvcImpl: connectVehicleBus() entry
04-18 15:37:58.103  2569  2569 I KPI     : PAL_VEHICLE_CLIENT_INIT_START
04-18 15:37:58.104  2569  2569 I KPI     : PAL_VEHICLE_CLIENT_INIT_READY
04-18 15:37:58.104  2222  2222 D CoLibry : application TunerApp started (watchdog is enabled)
04-18 15:37:58.120  2569  2569 I VAS/AudioCtrlSvcImpl: connectVehicleBus() Registered speed changed callback
04-18 15:37:58.120  2569  2630 I VAS/AudioCtrlSvcImpl: vehicleSpeedChangeProc() Thread Started
04-18 15:37:58.121  2569  2569 I VAS/AudioCtrlSvcImpl: updateAudioCueVolume() entry
04-18 15:37:58.121  2569  2569 I VAS/AudioCtrlSvcImpl: updateAudioCueVolume() Set CUE_VOL 22
04-18 15:37:58.121  2222  2222 D CoLibry : starting startup sequence
04-18 15:37:58.121  2222  2222 D CoLibry : starting watchdog thread
04-18 15:37:58.122  1976  2163 I [PLSS]PMSvc: animation already ready, so report animation ready
04-18 15:37:58.122  1976  2163 E BOOT-TIME|:  Send Anim Ready at |4749 
04-18 15:37:58.122  1976  2163 I KPI     : PAL_PM_ANIMATION_READY
04-18 15:37:58.122  2569  2569 I VAS/AudioCtrlSvcImpl: updateAudioCueVolume() ReportAudioCueReady sent to PowerManager, return 0
04-18 15:37:58.122  2569  2569 I VAS/AudioCtrlSvcImpl: updateAudioCueVolume() Setting property veh.audioservice.audiocueready
04-18 15:37:58.122  2569  2569 I VAS/AudioCtrlSvcImpl: CAudioCtrlSvcImpl() VehicleAudioService initialized at 5
04-18 15:37:58.122  2569  2569 D BOOT-TIME|:  VehicleAudioService initialized at 4750
04-18 15:37:58.123  2222  2222 D CoLibry : initializing trace environment
04-18 15:37:58.123  2569  2630 I VAS/AudioCtrlSvcImpl: handleVehicleSpeedChange() entry
04-18 15:37:58.124  1960  2205 D AnimEngine: AnimEngine - animation state change - 3 (@0x7efc6f7e9000)
04-18 15:37:58.124  1960  2205 D AnimEngine: |OnSystemStateChange| event is : 2
04-18 15:37:58.124  1960  2205 D AnimEngine: |EVENT-Q|
04-18 15:37:58.124  1960  2206 D AnimEngine: |EVENT-Q| Popped event : 2
04-18 15:37:58.124  1960  2206 W AnimEngine: Animation thread coming out of wait
04-18 15:37:58.124  1960  2206 W AnimEngine: Animation going to execute event: SHOW_STARTUP_ANIM at 4751
--------- beginning of kpi
