04-18 15:37:57.037  1964  2019 W IPC     : IPC: CH-17: New connection request
04-18 15:37:57.037  1964  2019 W IPC     : IPC: 
04-18 15:37:57.037  1964  2019 W IPC     : CH-17: New connection Accepted.  pDeviceAttr->clientFd = 33
04-18 15:37:57.037  1964  2019 E IPC     : IPC: CH-17: F_SETFL flags = 0x2 
04-18 15:37:57.038  1964  2019 W IPC     : IPC: CH-17: Control Message Received '0x8003'
04-18 15:37:57.038  1964  2019 W IPC     : IPC: CH-17: Idx=0 Send Hello to the Client application 
04-18 15:37:57.038  1964  2019 W IPC     : IPC: CH-17: ClientCnt=1
04-18 15:37:57.038  2153  2153 I ipcLib  : ipcLib:Wait for Ack from the Server : Hello Mesage
04-18 15:37:57.038  2153  2153 I ipcLib  : ipcLib:Message(6 bytes) received from Server : Hello
04-18 15:37:57.038  2153  2153 I ipcLib  : ipcLib:channel = 17
04-18 15:37:57.038  2153  2153 I libipc_utils: Successfully opened the device: /dev/ipc/ipc17
04-18 15:37:57.038  2153  2153 I lvds_device: device /dev/ipc17 opened successfully
04-18 15:37:57.038  2153  2153 I libipc_utils: starting IPC reader thread
04-18 15:37:57.038  2153  2153 I lvds_device: Starting thread
04-18 15:37:57.038  2153  2153 I lvds_device: Starting power button thread
04-18 15:37:57.038  2224  2224 D MSYNC_SERVICE: MSyncService - Begin MSyncService instantiation
04-18 15:37:57.038  2224  2224 D MSYNC_SERVICE: createLRSharedMemory - Begin creating shared ashmem memory
04-18 15:37:57.038  2224  2224 D MSYNC_SERVICE: createLRSharedMemory - Shared ashmem size = 44
04-18 15:37:57.038  2224  2224 D MSYNC_SERVICE: createLRSharedMemory - Completed creating shared ashmem memory
04-18 15:37:57.038  2224  2224 I MSYNC_SERVICE: SwitchUser - StorageSize = 1024
04-18 15:37:57.038  2224  2224 I MSYNC_SERVICE: MSyncService - Completed MSyncService instantiation
04-18 15:37:57.039  2153  2153 I lvds_device: I2C read data :0x09 size : 2
04-18 15:37:57.039  2153  2153 I lvds_device: Display Hardware version 9
04-18 15:37:57.040  1960  2206 I         : GL_VERSION: OpenGL ES-CM 1.1 - Build 5.61.61923-R
04-18 15:37:57.040  1960  2206 I         : GL_SHADING_LANGUAGE_VERSION: 1.50 - Build 5.61.61923-R
04-18 15:37:57.040  1960  2206 D AnimEngine:  [ANIMTHREAD] Display Query Width 1280
04-18 15:37:57.040  1960  2206 D AnimEngine:  [ANIMTHREAD] Display Query Height 768
04-18 15:37:57.040  2153  2153 I lvds_device: I2C read data :0x0e size : 2
04-18 15:37:57.040  2153  2153 I lvds_device: Display Firmware version 14
04-18 15:37:57.045  2182  2182 I _ENV    : IasAvbStreamHandlerEnvironment::IasMediaTransportAvb::IasAvbProcessingResult IasMediaTransportAvb::IasAvbStreamHandlerEnvironment::setTxRingSize()(317): Current ring sizes on  eth0 , TX max = 4096 , TX current = 512 , RX max = 4096 , RX current = 256
04-18 15:37:57.045  2182  2182 I _ENV    : IasAvbStreamHandlerEnvironment::IasMediaTransportAvb::IasAvbProcessingResult IasMediaTransportAvb::IasAvbStreamHandlerEnvironment::openRawSocket()(1059): Testing Profile Enable config value not set, DiaLogger disabled as default.
04-18 15:37:57.045  2182  2182 I _ENV    : IasAvbStreamHandlerEnvironment::IasMediaTransportAvb::IasAvbProcessingResult IasMediaTransportAvb::IasAvbStreamHandlerEnvironment::createIgbDevice()(418): igb_attach OK
04-18 15:37:57.046  2238  2238 D NetworkBridgeServer: Network Bridge Server is starting
04-18 15:37:57.047  2153  2153 I lvds_device: I2C read data :0x4b size : 1
04-18 15:37:57.048  2153  2153 I lvds_device: touch controller ID : 75
04-18 15:37:57.049  2218  2218 I ethctrlmgr: ethctrl-server: Verbose: 3
04-18 15:37:57.049  2218  2218 I ethctrlmgr: ethctrl-server: Verbose: 2
04-18 15:37:57.049  2218  2218 I ethctrlmgr: ethctrl-server: Verbose: 1
04-18 15:37:57.049  2218  2218 I ethctrlmgr: Options: Verbose: 1 Configfile: '/system/etc/ethctrl_globalA.cfg'
04-18 15:37:57.049  2218  2218 I ethctrlmgr: ETHCTRL MANAGER VERSION: 035218A
04-18 15:37:57.049  2218  2218 D ethctrlmgr: LEOSwitch: parseXmlConfig
04-18 15:37:57.050  2153  2153 I lvds_device: I2C read data :0x00 size : 1
04-18 15:37:57.050  2153  2153 I lvds_device: display ID : 0
04-18 15:37:57.051  2153  2153 I lvds_device: DIAGNOSTICS timer created successfully
04-18 15:37:57.051  2153  2153 D lvds_device: DIAGNOSTICS timer started successfully
04-18 15:37:57.051  2153  2153 I lvds_device: persist low brightness value: 0
04-18 15:37:57.051  2153  2153 I lvds_device: setting maximum brightness value to 0xFFFF
04-18 15:37:57.051  2153  2153 E lvds_device: failed to open /sys/class/gpio/gpio465/value
04-18 15:37:57.051  2153  2153 I lvds_device: Successfully initialized LVDS DEVICE
04-18 15:37:57.051  2153  2153 I lvds_device: successfully enabled functionality : 8
04-18 15:37:57.051  2153  2153 I lvds_device: Power button value : 0
04-18 15:37:57.051  2153  2241 I libipc_utils: writeData
04-18 15:37:57.052  2153  2241 I ioc_device: power button state has been sent: 0x02 0x00
04-18 15:37:57.054  2182  2182 I _ASH    : IasAvbStreamHandler::IasMediaTransportAvb::IasAvbProcessingResult IasMediaTransportAvb::IasAvbStreamHandler::init(const Ias::String &, Bool, Int32, Char **, const Char *)(385):  local MAC address = 08:02:ca:fe:ba:be
04-18 15:37:57.056  1960  2206 D ufo     : Detected device 5A84:10 family 21:12
04-18 15:37:57.056  2238  2238 D NetworkBridgeServer: Successfully register service: networkBridge
04-18 15:37:57.056  2238  2238 D NetworkBridgeServer: Ready to joinThreadPool
04-18 15:37:57.057  1960  2206 D AnimEngine: Now checking if the files exists 
04-18 15:37:57.057  1960  2206 D AnimEngine: Welcome anim file path /resource/ro/anim/1/graphics/1/welcomeanim.zip
04-18 15:37:57.057  1960  2206 D AnimEngine: Startup anim file path /resource/ro/anim/1/graphics/1/startupanim.zip
04-18 15:37:57.057  1960  2206 D AnimEngine: Shutdown anim file path /resource/ro/anim/0/graphics/1/shutdownanim.zip
04-18 15:37:57.057  1960  2206 D AnimEngine: Welcome Video anim file path /resource/ro/anim/1/graphics/1/welcomeanim.mp4
04-18 15:37:57.057  2208  2208 D GM_PROTO_KEY: gm_protokey deamon started (b773c4c7, simulator on)
04-18 15:37:57.057  2208  2208 D GM_PROTO_KEY: simulated protokey available
04-18 15:37:57.058  2182  2182 I _ASH    : IasAvbStreamHandler::IasMediaTransportAvb::IasAvbProcessingResult IasMediaTransportAvb::IasAvbStreamHandler::init(const Ias::String &, Bool, Int32, Char **, const Char *)(468):  IasAvbHwCaptureClockDomain is disabled!
04-18 15:37:57.058  2212  2212 I lowmemorykiller: Using in-kernel low memory killer interface
04-18 15:37:57.059  2182  2182 I _ASH    : IasAvbStreamHandler::virtual IasAvbResult IasMediaTransportAvb::IasAvbStreamHandler::createTransmitClockReferenceStream(IasAvbSrClass, IasAvbClockReferenceStreamType, Ias::UInt16, Ias::UInt16, Ias::UInt32, IasAvbClockMultiplier, Ias::UInt32, IasAvbIdAssignMode, Ias::UInt64 &, Ias::UInt64 &, Ias::Bool)(2063):  Transmit clock reference stream 0x91e0f000fe810000 created
04-18 15:37:57.059  2182  2182 I _RXE    : IasAvbReceiveEngine::IasMediaTransportAvb::IasAvbProcessingResult IasMediaTransportAvb::IasAvbReceiveEngine::openReceiveSocket()(786): flags:  PROMISC OFF MULTICAST ON ALLMULTI OFF
04-18 15:37:57.059  2218  2218 I ethctrlmgr: LEOSwitch: Number of bytes read from configfile /system/etc/ethctrl_globalA.cfg : 823
04-18 15:37:57.059  2218  2218 D ethctrlmgr: LEOSwitch: XML_ELEMENT_NODE: switchconfig
04-18 15:37:57.059  2218  2218 D ethctrlmgr: LEOSwitch: XML_ELEMENT_NODE: switch
04-18 15:37:57.059  2218  2218 D ethctrlmgr: LEOSwitch: XML_ELEMENT_TEXT: name=bcm8953x
04-18 15:37:57.059  2218  2218 D ethctrlmgr: LEOSwitch: XML_ELEMENT_TEXT: id=1
04-18 15:37:57.059  2218  2218 D ethctrlmgr: LEOSwitch: XML_ELEMENT_NODE: config
04-18 15:37:57.059  2218  2218 D ethctrlmgr: LEOSwitch: XML_ELEMENT_TEXT: port0=name=RSI
04-18 15:37:57.060  2218  2218 D ethctrlmgr: LEOSwitch: XML_ELEMENT_TEXT: port1=name=AMP
04-18 15:37:57.060  2218  2218 D ethctrlmgr: LEOSwitch: XML_ELEMENT_TEXT: port2=name=IPC
04-18 15:37:57.060  2218  2218 D ethctrlmgr: LEOSwitch: XML_ELEMENT_TEXT: port3=name=TCP
04-18 15:37:57.060  2218  2218 D ethctrlmgr: LEOSwitch: XML_ELEMENT_TEXT: port5=name=host
04-18 15:37:57.060  2218  2218 D ethctrlmgr: LEOSwitch: XML_ELEMENT_TEXT: regset=0x0b000b20=0xff,0x01,0x00,0x00,0x00,0x00,0x00,0x00
04-18 15:37:57.060  2218  2218 D ethctrlmgr: LEOSwitch: XML_ELEMENT_TEXT: regset=0x0b000b22=0xff,0x01,0x00,0x00,0x00,0x00,0x00,0x00
04-18 15:37:57.060  2218  2218 D ethctrlmgr: LEOSwitch: XML_ELEMENT_TEXT: regset=0x0b000b50=0xff,0x02,0x00,0x00,0x00,0x00,0x00,0x00
04-18 15:37:57.060  2218  2218 D ethctrlmgr: LEOSwitch: XML_ELEMENT_TEXT: regset=0x0b000b52=0xff,0x02,0x00,0x00,0x00,0x00,0x00,0x00
04-18 15:37:57.060  2218  2218 I ipcLib  : ipcLib:pathname = /dev/ipc/ipc10
04-18 15:37:57.060  2218  2218 W ipcLib  : ipcLib:libipc version=3.0_22Aug2017
04-18 15:37:57.060  2218  2218 I ipcLib  : ipcLib:'O_TRUNC' flag is set!
04-18 15:37:57.060  2218  2218 I ipcLib  : ipcLib:Connect to Server Socket: /dev/ipc/ipc10
04-18 15:37:57.060  2218  2218 I ipcLib  : ipcLib:Wait for Ack from the Server : Hello Mesage
04-18 15:37:57.061  1964  2005 W IPC     : IPC: CH-10: New connection request
04-18 15:37:57.061  1964  2005 W IPC     : IPC: 
04-18 15:37:57.061  1964  2005 W IPC     : CH-10: New connection Accepted.  pDeviceAttr->clientFd = 34
04-18 15:37:57.061  1964  2005 E IPC     : IPC: CH-10: F_SETFL flags = 0x2 
04-18 15:37:57.061  1964  2005 W IPC     : IPC: CH-10: Control Message Received '0x8003'
04-18 15:37:57.061  1964  2005 W IPC     : IPC: CH-10: Idx=0 Send Hello to the Client application 
04-18 15:37:57.061  1964  2005 W IPC     : IPC: CH-10: ClientCnt=1
04-18 15:37:57.062  2256  2256 I recovery: Starting recovery image service 
04-18 15:37:57.065  1960  2206 D AnimEngine: Final File Paths are --- 
04-18 15:37:57.065  1960  2206 D AnimEngine: Welcome anim file path /resource/ro/anim/1/graphics/1/welcomeanim.zip
04-18 15:37:57.065  1960  2206 D AnimEngine: Startup anim file path /resource/ro/anim/1/graphics/1/startupanim.zip
04-18 15:37:57.066  1960  2206 D AnimEngine: Shutdown anim file path /resource/ro/anim/0/graphics/1/shutdownanim.zip
04-18 15:37:57.066  1960  2206 D AnimEngine: Welcome Video anim file path /resource/ro/anim/1/graphics/1/welcomeanim.mp4
04-18 15:37:57.068  2153  2153 I mfc_input_mfcDevice: Entering MfcDevice constructor
04-18 15:37:57.069  2218  2218 I ipcLib  : ipcLib:Message(6 bytes) received from Server : Hello
04-18 15:37:57.069  2218  2218 I ipcLib  : ipcLib:channel = 10
04-18 15:37:57.069  2218  2218 I ethctrlmgr: openIocIpcConn():IOC IPC(/dev/ipc/ipc10) connection successful
04-18 15:37:57.069  2218  2218 I ethctrlmgr: reOpenIpcServer(): Success: IPC channel /dev/ipc/ipc10 is reopen 
04-18 15:37:57.069  2218  2218 I ethctrlmgr: initConnToIocIpcSrvr():IOC IPC initilization successful 
04-18 15:37:57.069  2218  2218 V ethctrlmgr: LEOSwitch: parseConfig
04-18 15:37:57.069  2218  2218 I ethctrlmgr: optInitConfig: LEOSwitch:configurationFile: /system/etc/ethctrl_globalA.cfg
04-18 15:37:57.069  2218  2218 D ethctrlmgr: LEOSwitch: optInitConfig::switchConfig name: 'bcm8953x'
04-18 15:37:57.069  2218  2218 D ethctrlmgr: optInitSwitch Config size =1
04-18 15:37:57.069  2218  2218 D ethctrlmgr: LEOSwitch: init
04-18 15:37:57.069  2218  2218 D ethctrlmgr: LEOSwitch: port_map: switchId = 1 , portId = 0, portname is:                      configured RSI
04-18 15:37:57.069  2218  2218 D ethctrlmgr: LEOSwitch: port_map: switchId = 1 , portId = 1, portname is:                      configured AMP
04-18 15:37:57.069  2218  2218 D ethctrlmgr: LEOSwitch: port_map: switchId = 1 , portId = 2, portname is:                      configured IPC
04-18 15:37:57.069  2218  2218 D ethctrlmgr: LEOSwitch: port_map: switchId = 1 , portId = 3, portname is:                      configured TCP
04-18 15:37:57.069  2218  2218 D ethctrlmgr: LEOSwitch: port_map: switchId = 1 , portId = 5, portname is:                      configured host
04-18 15:37:57.069  2218  2218 D ethctrlmgr: regset: 0x0b000b20=0xff,0x01,0x00,0x00,0x00,0x00,0x00,0x00
04-18 15:37:57.069  2218  2218 D ethctrlmgr: Config regAddr: 0x0b000b20
04-18 15:37:57.069  2218  2218 D ethctrlmgr: regVal[0]: FF	
04-18 15:37:57.069  2218  2218 D ethctrlmgr: regVal[1]: 01	
04-18 15:37:57.069  2218  2218 D ethctrlmgr: regVal[2]: 00	
04-18 15:37:57.069  2218  2218 D ethctrlmgr: regVal[3]: 00	
04-18 15:37:57.069  2218  2218 D ethctrlmgr: regVal[4]: 00	
04-18 15:37:57.069  2218  2218 D ethctrlmgr: regVal[5]: 00	
04-18 15:37:57.069  2218  2218 D ethctrlmgr: regVal[6]: 00	
04-18 15:37:57.069  2218  2218 D ethctrlmgr: regVal[7]: 00	
04-18 15:37:57.069  2218  2218 V ethctrlmgr: iocIpcFd : 4  len : 8
04-18 15:37:57.069  2218  2218 D ethctrlmgr: SPI command len is:13
04-18 15:37:57.069  2218  2218 D ethctrlmgr: SPI write cmd in hex:0x
04-18 15:37:57.069  2218  2218 D ethctrlmgr: 23  
04-18 15:37:57.069  2218  2218 D ethctrlmgr: 0b  
04-18 15:37:57.069  2218  2218 D ethctrlmgr: 00  
04-18 15:37:57.069  2218  2218 D ethctrlmgr: 0b  
04-18 15:37:57.069  2218  2218 D ethctrlmgr: 20  
04-18 15:37:57.069  2218  2218 D ethctrlmgr: 00  
04-18 15:37:57.069  2218  2218 D ethctrlmgr: 00  
04-18 15:37:57.069  2218  2218 D ethctrlmgr: 00  
04-18 15:37:57.069  2218  2218 D ethctrlmgr: 00  
04-18 15:37:57.069  2218  2218 D ethctrlmgr: 00  
04-18 15:37:57.069  2218  2218 D ethctrlmgr: 00  
04-18 15:37:57.069  2218  2218 D ethctrlmgr: 01  
04-18 15:37:57.069  2218  2218 D ethctrlmgr: ff  
04-18 15:37:57.069  2218  2218 D ethctrlmgr: data len to send IPC is 21
04-18 15:37:57.069  2218  2218 D ethctrlmgr: executeSwitchCmd:sent cmd req 21 bytes
04-18 15:37:57.069  2218  2218 D ethctrlmgr: executeSwitchCmd() diag command waiting for response from server 
04-18 15:37:57.075  2240  2240 I ethctrlmgr: ETHCTRL CLIENT VERSION: 035218A
04-18 15:37:57.076  2240  2240 E ethctrlmgr: connectSvr():connect Failed, Error Name:No such file or directory
04-18 15:37:57.076  2240  2240 E ethctrlmgr: ethCtrlInitDiagSrvc() ERROR: Connection to ethctrl server[/dev/switchsocket] failed
04-18 15:37:57.076  2240  2240 E GMEthMgr: HarmanEthCtrl connection to server failed or already exists, status 2
04-18 15:37:57.077  1960  2206 D AnimEngine: AnimThread threadLoop entered
04-18 15:37:57.077  1960  2206 D AnimEngine: AnimThread is first run after boot
04-18 15:37:57.077  2182  2182 I _RXE    : IasAvbReceiveEngine::IasMediaTransportAvb::IasAvbProcessingResult IasMediaTransportAvb::IasAvbReceiveEngine::openReceiveSocket()(845): bound socket to if 5 ( eth0 )
04-18 15:37:57.077  2182  2182 I _RXE    : IasAvbReceiveEngine::IasMediaTransportAvb::IasAvbProcessingResult IasMediaTransportAvb::IasAvbReceiveEngine::createReceiveAudioStream(IasAvbSrClass, const UInt16, const UInt32, const IasAvbAudioFormat, const IasMediaTransportAvb::IasAvbStreamId &, const IasAvbMacAddress &, Bool)(346):
04-18 15:37:57.078  2182  2182 I _RXE    : IasAvbReceiveEngine::IasMediaTransportAvb::IasAvbProcessingResult IasMediaTransportAvb::IasAvbReceiveEngine::bindMcastAddr(const IasAvbMacAddress &, Bool)(1830): successfully set multicast address for if 5 ( eth0 ) bind = 1 mac = 91:e0:f0:00:fe:04
04-18 15:37:57.078  2182  2182 I _ASH    : IasAvbStreamHandler::virtual IasAvbResult IasMediaTransportAvb::IasAvbStreamHandler::createReceiveAudioStream(IasAvbSrClass, UInt16, UInt32, AvbStreamId, MacAddress)(792):  AVB receive stream 0x91e0f000fe820001 created
04-18 15:37:57.078  2182  2182 I _RXE    : IasAvbReceiveEngine::IasMediaTransportAvb::IasAvbProcessingResult IasMediaTransportAvb::IasAvbReceiveEngine::createReceiveAudioStream(IasAvbSrClass, const UInt16, const UInt32, const IasAvbAudioFormat, const IasMediaTransportAvb::IasAvbStreamId &, const IasAvbMacAddress &, Bool)(346):
04-18 15:37:57.078  2182  2182 I _RXE    : IasAvbReceiveEngine::IasMediaTransportAvb::IasAvbProcessingResult IasMediaTransportAvb::IasAvbReceiveEngine::bindMcastAddr(const IasAvbMacAddress &, Bool)(1830): successfully set multicast address for if 5 ( eth0 ) bind = 1 mac = 91:e0:f0:00:fe:07
04-18 15:37:57.078  2182  2182 I _ASH    : IasAvbStreamHandler::virtual IasAvbResult IasMediaTransportAvb::IasAvbStreamHandler::createReceiveAudioStream(IasAvbSrClass, UInt16, UInt32, AvbStreamId, MacAddress)(792):  AVB receive stream 0x91e0f000fe850001 created
04-18 15:37:57.078  2182  2182 I _RXE    : IasAvbReceiveEngine::IasMediaTransportAvb::IasAvbProcessingResult IasMediaTransportAvb::IasAvbReceiveEngine::createReceiveAudioStream(IasAvbSrClass, const UInt16, const UInt32, const IasAvbAudioFormat, const IasMediaTransportAvb::IasAvbStreamId &, const IasAvbMacAddress &, Bool)(346):
04-18 15:37:57.078  2182  2182 I _RXE    : IasAvbReceiveEngine::IasMediaTransportAvb::IasAvbProcessingResult IasMediaTransportAvb::IasAvbReceiveEngine::bindMcastAddr(const IasAvbMacAddress &, Bool)(1830): successfully set multicast address for if 5 ( eth0 ) bind = 1 mac = 91:e0:f0:00:fe:05
04-18 15:37:57.078  2182  2182 I _ASH    : IasAvbStreamHandler::virtual IasAvbResult IasMediaTransportAvb::IasAvbStreamHandler::createReceiveAudioStream(IasAvbSrClass, UInt16, UInt32, AvbStreamId, MacAddress)(792):  AVB receive stream 0x91e0f000fe840001 created
04-18 15:37:57.078  1965  2129 E vehicle_abstraction: CODIDynamicDataGroupTemperatureMap::updatePALAbstractionData VDATA failed mapping conversion for 0
04-18 15:37:57.078  2182  2182 I _ASH    : IasAvbStreamHandler::virtual IasAvbResult IasMediaTransportAvb::IasAvbStreamHandler::createTransmitAudioStream(IasAvbSrClass, UInt16, UInt32, IasAvbAudioFormat, UInt32, IasAvbIdAssignMode, AvbStreamId &, MacAddress &, Ias::Bool)(887):  AVB transmit audio stream 0x91e0f000fe810001 created (active)
04-18 15:37:57.079  1960  2206 D AnimEngine: Black Animation Window
04-18 15:37:57.079  2182  2182 I _ASH    : IasAvbStreamHandler::virtual IasAvbResult IasMediaTransportAvb::IasAvbStreamHandler::createTransmitAudioStream(IasAvbSrClass, UInt16, UInt32, IasAvbAudioFormat, UInt32, IasAvbIdAssignMode, AvbStreamId &, MacAddress &, Ias::Bool)(887):  AVB transmit audio stream 0x91e0f000fe810002 created (active)
04-18 15:37:57.079  2182  2182 I _ASH    : IasAvbStreamHandler::virtual IasAvbResult IasMediaTransportAvb::IasAvbStreamHandler::createTransmitAudioStream(IasAvbSrClass, UInt16, UInt32, IasAvbAudioFormat, UInt32, IasAvbIdAssignMode, AvbStreamId &, MacAddress &, Ias::Bool)(887):  AVB transmit audio stream 0x91e0f000fe810003 created (active)
04-18 15:37:57.079  2209  2209 D GMSecurity: gm_security deamon started (a82e4a43)
04-18 15:37:57.079  2208  2208 D GM_PROTO_KEY: sending correct simulated protokey
04-18 15:37:57.080  2208  2208 D GM_PROTO_KEY: Message cmd(setKey) size(272) sent to kernel(unit 22)
04-18 15:37:57.080  1959  1959 D HarmanHal: : Audio HAL Source Code Checksum: CHKSUM_1c1fdcfa4f42d66ef69741260c67125b
04-18 15:37:57.080  2208  2208 D GM_PROTO_KEY: detected security state init
04-18 15:37:57.080  1959  1959 I AudioFlinger: loadHwModule() Loaded primary audio interface from Harman Audio HW HAL (audio) handle 1
04-18 15:37:57.080  1959  1959 I AudioFlinger: openOutput(), module 1 Device 20000000, SamplingRate 48000, Format 0x000001, Channels 3, flags 2
04-18 15:37:57.083  2182  2182 I _ASH    : IasAvbStreamHandler::virtual IasAvbResult IasMediaTransportAvb::IasAvbStreamHandler::createAlsaStream(IasAvbStreamDirection, Ias::UInt16, Ias::UInt32, IasAvbAudioFormat, Ias::UInt32, Ias::UInt32, Ias::UInt32, Ias::UInt8, Ias::Bool, const Ias::String &, Ias::UInt16 &)(1131):  Alsa stream 1 created
04-18 15:37:57.084  2182  2182 I _ASH    : IasAvbStreamHandler::virtual IasAvbResult IasMediaTransportAvb::IasAvbStreamHandler::createAlsaStream(IasAvbStreamDirection, Ias::UInt16, Ias::UInt32, IasAvbAudioFormat, Ias::UInt32, Ias::UInt32, Ias::UInt32, Ias::UInt8, Ias::Bool, const Ias::String &, Ias::UInt16 &)(1131):  Alsa stream 2 created
04-18 15:37:57.084  2182  2182 I _ASH    : IasAvbStreamHandler::virtual IasAvbResult IasMediaTransportAvb::IasAvbStreamHandler::createAlsaStream(IasAvbStreamDirection, Ias::UInt16, Ias::UInt32, IasAvbAudioFormat, Ias::UInt32, Ias::UInt32, Ias::UInt32, Ias::UInt8, Ias::Bool, const Ias::String &, Ias::UInt16 &)(1131):  Alsa stream 3 created
04-18 15:37:57.086  2209  2209 D GMSecurity: service running
04-18 15:37:57.086  2182  2182 I _ASH    : IasAvbStreamHandler::virtual IasAvbResult IasMediaTransportAvb::IasAvbStreamHandler::createAlsaStream(IasAvbStreamDirection, Ias::UInt16, Ias::UInt32, IasAvbAudioFormat, Ias::UInt32, Ias::UInt32, Ias::UInt32, Ias::UInt8, Ias::Bool, const Ias::String &, Ias::UInt16 &)(1131):  Alsa stream 4 created
04-18 15:37:57.087  1960  2206 D AnimEngine: AnimEngine::animThreadState : state: 1
04-18 15:37:57.088  1976  1976 I [PLSS]PMSvc: only animation client ready
04-18 15:37:57.088  1960  2206 D AnimEngine: |EVENT-Q| Popped event : 0
04-18 15:37:57.088  1960  2206 W AnimEngine: Animation thread going into wait
04-18 15:37:57.089  2209  2209 D GMSecurity: Current security state : (null) => running
04-18 15:37:57.089  2209  2209 D GMEncryptionExt: Message cmd(getPasscode) size(272) sent to kernel(unit 22)
04-18 15:37:57.089  2209  2209 D GMEncryptionExt: Waiting for message from kernel(unit 22)
04-18 15:37:57.089  2182  2182 I _ASH    : IasAvbStreamHandler::virtual IasAvbResult IasMediaTransportAvb::IasAvbStreamHandler::createAlsaStream(IasAvbStreamDirection, Ias::UInt16, Ias::UInt32, IasAvbAudioFormat, Ias::UInt32, Ias::UInt32, Ias::UInt32, Ias::UInt8, Ias::Bool, const Ias::String &, Ias::UInt16 &)(1131):  Alsa stream 5 created
04-18 15:37:57.089  1959  1959 D HarmanHal: openOutputStream: handle=2, flags=2, devices: 0x20000000
04-18 15:37:57.089  1959  1959 E HarmanHal: openOutputStream: flags = 0x2
04-18 15:37:57.090  2182  2182 I _ASH    : IasAvbStreamHandler::virtual IasAvbResult IasMediaTransportAvb::IasAvbStreamHandler::createAlsaStream(IasAvbStreamDirection, Ias::UInt16, Ias::UInt32, IasAvbAudioFormat, Ias::UInt32, Ias::UInt32, Ias::UInt32, Ias::UInt8, Ias::Bool, const Ias::String &, Ias::UInt16 &)(1131):  Alsa stream 6 created
04-18 15:37:57.090  2182  2182 I _ASH    : IasAvbStreamHandler::virtual IasAvbResult IasMediaTransportAvb::IasAvbStreamHandler::connectStreams(AvbStreamId, UInt16)(1444):  Streams connected: 0x91e0f000fe820001 - 4
04-18 15:37:57.090  2182  2182 I _ASH    : IasAvbStreamHandler::virtual IasAvbResult IasMediaTransportAvb::IasAvbStreamHandler::connectStreams(AvbStreamId, UInt16)(1444):  Streams connected: 0x91e0f000fe850001 - 5
04-18 15:37:57.090  2182  2182 I _ASH    : IasAvbStreamHandler::virtual IasAvbResult IasMediaTransportAvb::IasAvbStreamHandler::connectStreams(AvbStreamId, UInt16)(1444):  Streams connected: 0x91e0f000fe840001 - 6
04-18 15:37:57.090  2182  2182 I _ASH    : IasAvbStreamHandler::virtual IasAvbResult IasMediaTransportAvb::IasAvbStreamHandler::connectStreams(AvbStreamId, UInt16)(1444):  Streams connected: 0x91e0f000fe810001 - 1
04-18 15:37:57.091  2182  2182 I _ASH    : IasAvbStreamHandler::virtual IasAvbResult IasMediaTransportAvb::IasAvbStreamHandler::connectStreams(AvbStreamId, UInt16)(1444):  Streams connected: 0x91e0f000fe810002 - 2
04-18 15:37:57.091  2182  2182 I _ASH    : IasAvbStreamHandler::virtual IasAvbResult IasMediaTransportAvb::IasAvbStreamHandler::connectStreams(AvbStreamId, UInt16)(1444):  Streams connected: 0x91e0f000fe810003 - 3
04-18 15:37:57.092  2209  2209 D GMSecurity: GM Security validation passed
04-18 15:37:57.092  2239  2239 I gatekeeperd: Starting gatekeeperd...
04-18 15:37:57.093  2209  2209 D GMSecurity: setting state to preboot. need to broadcast state change intent.
04-18 15:37:57.093  2209  2209 D GMSecurity: boot not completed. Sending security state change intent later.
04-18 15:37:57.093  2209  2209 D GMSecurity: Current security state : running => preboot
04-18 15:37:57.093  2209  2209 D GMSecurity: waiting for preboot complete
04-18 15:37:57.094  1959  1959 D HarmanHal: openPcmOut: new PcmWrapper, dev = 1
04-18 15:37:57.094  1959  1959 E HarmanHal: open: flag = 2, device = 1
04-18 15:37:57.095  2182  2182 I _TXE    : IasAvbTransmitEngine::IasMediaTransportAvb::IasAvbProcessingResult IasMediaTransportAvb::IasAvbTransmitEngine::start()(306):
04-18 15:37:57.097  1959  1959 E ALSALIB : snd_pcm_open(): opening PCM name: pcmMutex_p
04-18 15:37:57.101  2209  2282 D GMSecurity: starting broadcasting thread
04-18 15:37:57.101  2209  2282 D GMSecurity: waiting for boot complete
04-18 15:37:57.112  2182  2182 I _RXE    : IasAvbReceiveEngine::IasMediaTransportAvb::IasAvbProcessingResult IasMediaTransportAvb::IasAvbReceiveEngine::startIgbReceiveEngine()(1731): Rx Overrun Drop: off
04-18 15:37:57.116  2182  2287 I _RXE    : IasAvbReceiveEngine::virtual Ias::IasResult IasMediaTransportAvb::IasAvbReceiveEngine::run()(874):
04-18 15:37:57.116  2182  2287 I _RXE    : IasAvbReceiveEngine::virtual Ias::IasResult IasMediaTransportAvb::IasAvbReceiveEngine::run()(893): Parameter of ReceiveEngineThread set to policy  1  / prio  50
04-18 15:37:57.120  2218  2218 D ethctrlmgr:  executeSwitchCmd(): pthread_cond_timedwait Ret Val = 110  
04-18 15:37:57.120  2218  2218 E ethctrlmgr: executeSwitchCmd(): request timed out
04-18 15:37:57.120  2218  2218 V ethctrlmgr: executeSwitchCmd:completion time:50.742287 msec 
04-18 15:37:57.120  2218  2218 D ethctrlmgr: SPI write command execution successful
04-18 15:37:57.120  2218  2218 D ethctrlmgr: regset: 0x0b000b22=0xff,0x01,0x00,0x00,0x00,0x00,0x00,0x00
04-18 15:37:57.120  2218  2218 D ethctrlmgr: Config regAddr: 0x0b000b22
04-18 15:37:57.120  2218  2218 D ethctrlmgr: regVal[0]: FF	
04-18 15:37:57.120  2218  2218 D ethctrlmgr: regVal[1]: 01	
04-18 15:37:57.120  2218  2218 D ethctrlmgr: regVal[2]: 00	
04-18 15:37:57.120  2218  2218 D ethctrlmgr: regVal[3]: 00	
04-18 15:37:57.120  2218  2218 D ethctrlmgr: regVal[4]: 00	
04-18 15:37:57.120  2218  2218 D ethctrlmgr: regVal[5]: 00	
04-18 15:37:57.120  2218  2218 D ethctrlmgr: regVal[6]: 00	
04-18 15:37:57.120  2218  2218 D ethctrlmgr: regVal[7]: 00	
04-18 15:37:57.120  2218  2218 V ethctrlmgr: iocIpcFd : 4  len : 8
04-18 15:37:57.120  2218  2218 D ethctrlmgr: SPI command len is:13
04-18 15:37:57.120  2218  2218 D ethctrlmgr: SPI write cmd in hex:0x
04-18 15:37:57.120  2218  2218 D ethctrlmgr: 23  
04-18 15:37:57.120  2218  2218 D ethctrlmgr: 0b  
04-18 15:37:57.120  2218  2218 D ethctrlmgr: 00  
04-18 15:37:57.120  2218  2218 D ethctrlmgr: 0b  
04-18 15:37:57.120  2218  2218 D ethctrlmgr: 22  
04-18 15:37:57.120  2218  2218 D ethctrlmgr: 00  
04-18 15:37:57.120  2218  2218 D ethctrlmgr: 00  
04-18 15:37:57.120  2218  2218 D ethctrlmgr: 00  
04-18 15:37:57.120  2218  2218 D ethctrlmgr: 00  
04-18 15:37:57.120  2218  2218 D ethctrlmgr: 00  
04-18 15:37:57.120  2218  2218 D ethctrlmgr: 00  
04-18 15:37:57.120  2218  2218 D ethctrlmgr: 01  
04-18 15:37:57.120  2218  2218 D ethctrlmgr: ff  
04-18 15:37:57.120  2218  2218 D ethctrlmgr: data len to send IPC is 21
04-18 15:37:57.120  2218  2218 D ethctrlmgr: executeSwitchCmd:sent cmd req 21 bytes
04-18 15:37:57.120  2218  2218 D ethctrlmgr: executeSwitchCmd() diag command waiting for response from server 
04-18 15:37:57.123  2218  2272 D ethctrlmgr: readDataFromIocIpc spawned. Waiting to read data
04-18 15:37:57.123  2218  2272 V ethctrlmgr: readDataFromIocIpc():data avlbl from ioc ipc
04-18 15:37:57.123  2218  2272 D ethctrlmgr: readDataFromIocIpc():read data from IOC IPC
04-18 15:37:57.123  2218  2272 I ethctrlmgr: EThCtrl Server recieved Link Loss message
04-18 15:37:57.123  2218  2272 D ethctrlmgr: Link Status summary :00 ab
04-18 15:37:57.123  2218  2272 I ethctrlmgr: LinkStatus:002b
04-18 15:37:57.123  2218  2272 D ethctrlmgr: setLinkLossSts:found link change for:0
04-18 15:37:57.123  2218  2272 D ethctrlmgr: LEOSwitch: port 0 up 
04-18 15:37:57.123  2218  2272 D ethctrlmgr: setLinkLossSts:found link change for:1
04-18 15:37:57.123  2218  2272 D ethctrlmgr: LEOSwitch: port 1 up 
04-18 15:37:57.123  2218  2272 D ethctrlmgr: setLinkLossSts:found link change for:3
04-18 15:37:57.123  2218  2272 D ethctrlmgr: LEOSwitch: port 3 up 
04-18 15:37:57.123  2218  2272 D ethctrlmgr: setLinkLossSts:found link change for:5
04-18 15:37:57.123  2218  2272 D ethctrlmgr: LEOSwitch: port 5 up 
04-18 15:37:57.123  2218  2272 I ethctrlmgr: sndLnkLossMsgToDiagClnt():Diag Service is not avalible to recieve Link Loss notification
04-18 15:37:57.123  2218  2272 D ethctrlmgr: readDataFromIocIpc spawned. Waiting to read data
04-18 15:37:57.123  2218  2272 V ethctrlmgr: readDataFromIocIpc():data avlbl from ioc ipc
04-18 15:37:57.123  2218  2272 D ethctrlmgr: readDataFromIocIpc():read data from IOC IPC
04-18 15:37:57.123  2218  2272 D ethctrlmgr: readDataFromIocIpc spawned. Waiting to read data
04-18 15:37:57.123  2218  2272 V ethctrlmgr: readDataFromIocIpc():data avlbl from ioc ipc
04-18 15:37:57.123  2218  2272 D ethctrlmgr: readDataFromIocIpc():read data from IOC IPC
04-18 15:37:57.123  2218  2272 D ethctrlmgr: readDataFromIocIpc spawned. Waiting to read data
04-18 15:37:57.125  2218  2218 D ethctrlmgr:  executeSwitchCmd(): pthread_cond_timedwait Ret Val = 0  
04-18 15:37:57.125  2218  2218 D ethctrlmgr: executeSwitchCmd(): response available for requested command 
04-18 15:37:57.125  2218  2218 V ethctrlmgr: executeSwitchCmd:completion time:4.648457 msec 
04-18 15:37:57.125  2218  2218 D ethctrlmgr: SPI write command execution successful
04-18 15:37:57.125  2218  2218 D ethctrlmgr: read success data bytes:0
04-18 15:37:57.125  2218  2218 D ethctrlmgr: SPI Read Bytes in hex:
04-18 15:37:57.125  2218  2218 D ethctrlmgr: regset: 0x0b000b50=0xff,0x02,0x00,0x00,0x00,0x00,0x00,0x00
04-18 15:37:57.125  2218  2218 D ethctrlmgr: Config regAddr: 0x0b000b50
04-18 15:37:57.125  2218  2218 D ethctrlmgr: regVal[0]: FF	
04-18 15:37:57.125  2218  2218 D ethctrlmgr: regVal[1]: 02	
04-18 15:37:57.125  2218  2218 D ethctrlmgr: regVal[2]: 00	
04-18 15:37:57.125  2218  2218 D ethctrlmgr: regVal[3]: 00	
04-18 15:37:57.125  2218  2218 D ethctrlmgr: regVal[4]: 00	
04-18 15:37:57.125  2218  2218 D ethctrlmgr: regVal[5]: 00	
04-18 15:37:57.125  2218  2218 D ethctrlmgr: regVal[6]: 00	
04-18 15:37:57.125  2218  2218 D ethctrlmgr: regVal[7]: 00	
04-18 15:37:57.125  2218  2218 V ethctrlmgr: iocIpcFd : 4  len : 8
04-18 15:37:57.125  2218  2218 D ethctrlmgr: SPI command len is:13
04-18 15:37:57.125  2218  2218 D ethctrlmgr: SPI write cmd in hex:0x
04-18 15:37:57.125  2218  2218 D ethctrlmgr: 23  
04-18 15:37:57.125  2218  2218 D ethctrlmgr: 0b  
04-18 15:37:57.125  2218  2218 D ethctrlmgr: 00  
04-18 15:37:57.125  2218  2218 D ethctrlmgr: 0b  
04-18 15:37:57.125  2218  2218 D ethctrlmgr: 50  
04-18 15:37:57.125  2218  2218 D ethctrlmgr: 00  
04-18 15:37:57.125  2218  2218 D ethctrlmgr: 00  
04-18 15:37:57.125  2218  2218 D ethctrlmgr: 00  
04-18 15:37:57.125  2218  2218 D ethctrlmgr: 00  
04-18 15:37:57.125  2218  2218 D ethctrlmgr: 00  
04-18 15:37:57.125  2218  2218 D ethctrlmgr: 00  
04-18 15:37:57.125  2218  2218 D ethctrlmgr: 02  
04-18 15:37:57.125  2218  2218 D ethctrlmgr: ff  
04-18 15:37:57.125  2218  2218 D ethctrlmgr: data len to send IPC is 21
04-18 15:37:57.125  2218  2218 D ethctrlmgr: executeSwitchCmd:sent cmd req 21 bytes
04-18 15:37:57.125  2218  2218 D ethctrlmgr: executeSwitchCmd() diag command waiting for response from server 
04-18 15:37:57.128  2218  2272 V ethctrlmgr: readDataFromIocIpc():data avlbl from ioc ipc
04-18 15:37:57.129  2218  2272 D ethctrlmgr: readDataFromIocIpc():read data from IOC IPC
04-18 15:37:57.129  2218  2272 D ethctrlmgr: readDataFromIocIpc spawned. Waiting to read data
04-18 15:37:57.129  2218  2218 D ethctrlmgr:  executeSwitchCmd(): pthread_cond_timedwait Ret Val = 0  
04-18 15:37:57.129  2218  2218 D ethctrlmgr: executeSwitchCmd(): response available for requested command 
04-18 15:37:57.129  2218  2218 V ethctrlmgr: executeSwitchCmd:completion time:3.628773 msec 
04-18 15:37:57.129  2218  2218 D ethctrlmgr: SPI write command execution successful
04-18 15:37:57.129  2218  2218 D ethctrlmgr: read success data bytes:0
04-18 15:37:57.129  2218  2218 D ethctrlmgr: SPI Read Bytes in hex:
04-18 15:37:57.129  2218  2218 D ethctrlmgr: regset: 0x0b000b52=0xff,0x02,0x00,0x00,0x00,0x00,0x00,0x00
04-18 15:37:57.129  2218  2218 D ethctrlmgr: Config regAddr: 0x0b000b52
04-18 15:37:57.129  2218  2218 D ethctrlmgr: regVal[0]: FF	
04-18 15:37:57.129  2218  2218 D ethctrlmgr: regVal[1]: 02	
04-18 15:37:57.129  2218  2218 D ethctrlmgr: regVal[2]: 00	
04-18 15:37:57.129  2218  2218 D ethctrlmgr: regVal[3]: 00	
04-18 15:37:57.129  2218  2218 D ethctrlmgr: regVal[4]: 00	
04-18 15:37:57.129  2218  2218 D ethctrlmgr: regVal[5]: 00	
04-18 15:37:57.129  2218  2218 D ethctrlmgr: regVal[6]: 00	
04-18 15:37:57.129  2218  2218 D ethctrlmgr: regVal[7]: 00	
04-18 15:37:57.129  2218  2218 V ethctrlmgr: iocIpcFd : 4  len : 8
04-18 15:37:57.129  2218  2218 D ethctrlmgr: SPI command len is:13
04-18 15:37:57.129  2218  2218 D ethctrlmgr: SPI write cmd in hex:0x
04-18 15:37:57.129  2218  2218 D ethctrlmgr: 23  
04-18 15:37:57.129  2218  2218 D ethctrlmgr: 0b  
04-18 15:37:57.129  2218  2218 D ethctrlmgr: 00  
04-18 15:37:57.129  2218  2218 D ethctrlmgr: 0b  
04-18 15:37:57.129  2218  2218 D ethctrlmgr: 52  
04-18 15:37:57.129  2218  2218 D ethctrlmgr: 00  
04-18 15:37:57.129  2218  2218 D ethctrlmgr: 00  
04-18 15:37:57.129  2218  2218 D ethctrlmgr: 00  
04-18 15:37:57.129  2218  2218 D ethctrlmgr: 00  
04-18 15:37:57.129  2218  2218 D ethctrlmgr: 00  
04-18 15:37:57.129  2218  2218 D ethctrlmgr: 00  
04-18 15:37:57.129  2218  2218 D ethctrlmgr: 02  
04-18 15:37:57.129  2218  2218 D ethctrlmgr: ff  
04-18 15:37:57.129  2218  2218 D ethctrlmgr: data len to send IPC is 21
04-18 15:37:57.129  2218  2218 D ethctrlmgr: executeSwitchCmd:sent cmd req 21 bytes
04-18 15:37:57.129  2218  2218 D ethctrlmgr: executeSwitchCmd() diag command waiting for response from server 
04-18 15:37:57.129  2210  2284 D GMLoggerService: Creating GMLogger
04-18 15:37:57.129  2210  2284 I GMLoggerd: Starting
04-18 15:37:57.131  2218  2272 V ethctrlmgr: readDataFromIocIpc():data avlbl from ioc ipc
04-18 15:37:57.131  2218  2272 D ethctrlmgr: readDataFromIocIpc():read data from IOC IPC
04-18 15:37:57.131  2218  2272 D ethctrlmgr: readDataFromIocIpc spawned. Waiting to read data
04-18 15:37:57.131  2218  2218 D ethctrlmgr:  executeSwitchCmd(): pthread_cond_timedwait Ret Val = 0  
04-18 15:37:57.131  2218  2218 D ethctrlmgr: executeSwitchCmd(): response available for requested command 
04-18 15:37:57.131  2218  2218 V ethctrlmgr: executeSwitchCmd:completion time:2.022701 msec 
04-18 15:37:57.131  2218  2218 D ethctrlmgr: SPI write command execution successful
04-18 15:37:57.131  2218  2218 D ethctrlmgr: read success data bytes:0
04-18 15:37:57.131  2218  2218 D ethctrlmgr: SPI Read Bytes in hex:
04-18 15:37:57.136  2227  2227 E DPTF    : ERROR:[<CONJURE>EsifConjureStart@esif_uf_conjure.c#217]<1555616277136 ms>: esif_ccb_library_load() upe_java.so failed [ESIF_E_NOT_FOUND (3000)]: dlopen failed: library "upe_java.so" not found
04-18 15:37:57.145  2229  2229 I ServiceManager: Waiting for service android.hardware.intel.coreu...
04-18 15:37:57.155  2210  2284 D GMLoggerService: not check mec 
04-18 15:37:57.155  2210  2284 D GMLoggerService: Beg...GMLogger::launch()...
04-18 15:37:57.155  2210  2284 I GMLoggerService: LogMonitor re-inits.
04-18 15:37:57.155  2210  2284 D GMLoggerService: LogMonitor::registerLogUpdates for "main" (listener: 1db16010 vector: 1db28078)
04-18 15:37:57.155  2210  2284 D GMLoggerService: LogMonitor::registerLogUpdates for "crash" (listener: 1db16010 vector: 1db280c0)
04-18 15:37:57.155  2210  2284 D GMLoggerService: LogMonitor::registerLogUpdates for "radio" (listener: 1db16010 vector: 1db280d8)
04-18 15:37:57.155  2210  2284 D GMLoggerService: LogMonitor::registerLogUpdates for "events" (listener: 1db16010 vector: 1db28090)
04-18 15:37:57.155  2210  2284 D GMLoggerService: LogMonitor::registerLogUpdates for "system" (listener: 1db16010 vector: 1db280a8)
04-18 15:37:57.155  2210  2284 D GMLoggerService: LogMonitor::registerLogUpdates for "radio" (listener: 1db160d0 vector: 1db280d8)
04-18 15:37:57.155  2210  2284 D GMLoggerService: LogMonitor::registerLogUpdates for "events" (listener: 1db16190 vector: 1db28090)
04-18 15:37:57.155  2210  2284 D GMLoggerService: LogMonitor::registerLogUpdates for "system" (listener: 1db16250 vector: 1db280a8)
04-18 15:37:57.155  2210  2284 D GMLoggerService: LogMonitor::registerLogUpdates for "crash" (listener: 1db16310 vector: 1db280c0)
04-18 15:37:57.155  2210  2284 D GMLoggerService: GMLogger: createLoggers() for GMCRASH 11: gmcrash
04-18 15:37:57.155  2210  2284 D GMLoggerService: GMLogger: createLoggers() for GHS 12: ghs
04-18 15:37:57.160  2231  2231 E vip2nav : init() $ERR no such a file /data/nav/calibration.txt =NULL. 
04-18 15:37:57.160  2231  2231 I ipcLib  : ipcLib:pathname = /dev/ipc/ipc4
04-18 15:37:57.160  2231  2231 W ipcLib  : ipcLib:libipc version=3.0_22Aug2017
04-18 15:37:57.160  2231  2231 I ipcLib  : ipcLib:'O_TRUNC' flag is set!
04-18 15:37:57.160  2231  2231 I ipcLib  : ipcLib:Connect to Server Socket: /dev/ipc/ipc4
04-18 15:37:57.160  2231  2231 I ipcLib  : ipcLib:Wait for Ack from the Server : Hello Mesage
04-18 15:37:57.160  1964  1993 W IPC     : IPC: CH-4: New connection request
04-18 15:37:57.160  1964  1993 W IPC     : IPC: 
04-18 15:37:57.160  1964  1993 W IPC     : CH-4: New connection Accepted.  pDeviceAttr->clientFd = 35
04-18 15:37:57.160  1964  1993 E IPC     : IPC: CH-4: F_SETFL flags = 0x2 
04-18 15:37:57.160  1964  1993 W IPC     : IPC: CH-4: Control Message Received '0x8003'
04-18 15:37:57.160  1964  1993 W IPC     : IPC: CH-4: Idx=0 Send Hello to the Client application 
04-18 15:37:57.160  1964  1993 W IPC     : IPC: CH-4: ClientCnt=1
04-18 15:37:57.163  2231  2231 I ipcLib  : ipcLib:Message(6 bytes) received from Server : Hello
04-18 15:37:57.163  2231  2231 I ipcLib  : ipcLib:channel = 4
04-18 15:37:57.163  2231  2231 E vip2nav : main(): MAIN: Successfully opened IPC channel :/dev/ipc/ipc4
04-18 15:37:57.165  1965  2129 E vehicle_abstraction: CODIDynamicDataGroupTemperatureMap::updatePALAbstractionData VDATA failed mapping conversion for 0
04-18 15:37:57.171  2230  2230 W vdev-flexgps: use default gps sio devicename /dev/ttyACM0
04-18 15:37:57.171  2230  2230 E vdev-flexgps: main() GPS configuration file </system/etc/m8_gm20_ADR_v1.cfg> opened 
04-18 15:37:57.171  2230  2230 E vdev-flexgps: vdev-flexpgs: waiting for open Gps sio - device /dev/ttyACM0
04-18 15:37:57.171  2231  2299 E vip2nav : no valid msg ID! 15
04-18 15:37:57.171  2231  2299 E vip2nav : 
04-18 15:37:57.171  2231  2299 E vip2nav :  IPC Read: msgID=15 MSG length=16 
04-18 15:37:57.171  2231  2299 E vip2nav : 0xf 0x5 0x10 0x0 0xfc 0x8 0x0 0x0
04-18 15:37:57.171  2231  2299 E vip2nav : 0xe 0x1 0x0 0x0 0x0 0x0 0x0 0x0
04-18 15:37:57.171  2231  2299 E vip2nav : 0x0 0x0 0x0 0x0 0x3a 0x14 0x0 0x0
04-18 15:37:57.171  2231  2299 E vip2nav : 0x0 0x0 0x0 0x0 0x0 0x0 0x0 0x0
04-18 15:37:57.171  2231  2299 E vip2nav : 0x0 0x0 0x0 0x0 0x0 0x0 0x0 0x0
04-18 15:37:57.171  2231  2299 E vip2nav : 0x0 0x0 0x0 0x0 0x0 0x0 0x0 0x0
04-18 15:37:57.171  2231  2299 E vip2nav : 0x0 0x0 0x0 0x0 0x0 0x0 0x0 0x0
04-18 15:37:57.171  2231  2299 E vip2nav : 0x0 0x0 0x0 0x0 0x0 0x0 0x0 0x0
04-18 15:37:57.171  2231  2299 E vip2nav : 0x0 0x0 0x0 0x0 0x0 0x0 0x0 0x0
04-18 15:37:57.171  2231  2299 E vip2nav : 0x0 0x0 0x0 0x0 0x0 0x0 0x0 0x0
04-18 15:37:57.171  2231  2299 E vip2nav : 0x0 0x0 0x0 0x0 0x0 0x0 0x0 0x0
04-18 15:37:57.171  2231  2299 E vip2nav : 0x0 0x0 0x0 0x0 0x0 0x0 0x0 0x0
04-18 15:37:57.171  2231  2299 E vip2nav : 0x0 0x0 0x0 0x0 0x0 0x0 0x0 0x0
04-18 15:37:57.171  2231  2299 E vip2nav : 0x0 0x0 0x0 0x0 0x0 0x0 0x0 0x0
04-18 15:37:57.171  2231  2299 E vip2nav : 0x0 0x0 0x0 0x0 0x0 0x0 0x0 0x0
04-18 15:37:57.171  2231  2299 E vip2nav : 0x0 0x0 0x0 0x0 0x0 0x0 0x0 0x0
04-18 15:37:57.171  2231  2299 E vip2nav : 0x0 0x0 0x0 0x0 0x0 0x0 0x0 0x0
04-18 15:37:57.171  2231  2299 E vip2nav : 0x0 0x0 0x0 0x0 0x0 0x0 0x0 0x0
04-18 15:37:57.171  2231  2299 E vip2nav : 0x0 0x0 0x0 0x0 0x0 0x0 0x0 0x0
04-18 15:37:57.171  2231  2299 E vip2nav : 0x0 0x0 0x0 0x0 0x0 0x0 0x0 0x0
04-18 15:37:57.171  2231  2299 E vip2nav : 0x0 0x0 0x0 0x0 0x0 0x0 0x0 0x0
04-18 15:37:57.171  2231  2299 E vip2nav : 0x0 0x0 0x0 0x0 0x0 0x0 0x0 0x0
04-18 15:37:57.171  2231  2299 E vip2nav : 0x0 0x0 0x0 0x0 0x0 0x0 0x0 0x0
04-18 15:37:57.171  2231  2299 E vip2nav : 0x0 0x0 0x0 0x0 0x0 0x0 0x0 0x0
04-18 15:37:57.171  2231  2299 E vip2nav : 0x0 0x0 0x0 0x0 0x0 0x0 0x0 0x0
04-18 15:37:57.171  2231  2299 E vip2nav : 0x0 0x0 0x0 0x0 0x0 0x0 0x0 0x0
04-18 15:37:57.171  2231  2299 E vip2nav : 0x0 0x0 0x0 0x0 0x0 0x0 0x0 0x0
04-18 15:37:57.171  2231  2299 E vip2nav : 0x0 0x0 0x0 0x0 0x0 0x0 0x0 0x0
04-18 15:37:57.171  2231  2299 E vip2nav : 0x0 0x0 0x0 0x0 0x0 0x0 0x0 0x0
04-18 15:37:57.171  2231  2299 E vip2nav : 0x0 0x0 0x0 0x0 0x0 0x0 0x0 0x0
04-18 15:37:57.171  2231  2299 E vip2nav : 0x0 0x0 0x0 0x0 0x0 0x0 0x0 0x0
04-18 15:37:57.171  2231  2299 E vip2nav : 0x0 0x0 0x0 0x0 0x0 0x0 0x0 0x0
04-18 15:37:57.171  2231  2299 E vip2nav : ... skipping 4 bytes
04-18 15:37:57.172  2231  2301 D vip2nav : qualifiedServerNameToMap(): 9406:2231 written to /dev/nav_server_map/9406
04-18 15:37:57.174  2231  2302 D vip2nav : qualifiedServerNameToMap(): 9402:2231 written to /dev/nav_server_map/9402
04-18 15:37:57.176  2240  2240 I ethctrlmgr: ETHCTRL CLIENT VERSION: 035218A
04-18 15:37:57.176  2240  2240 I ethctrlmgr: ethCtrlInitDiagSrvc():Connection to ethctrl server[/dev/switchsocket] success and clientFd is 4
04-18 15:37:57.176  2240  2240 I ethctrlmgr: ethCtrlInitDiagSrvc():worker thread  for read creation success  and client Fd is 4
04-18 15:37:57.176  2240  2240 I GMEthMgr: HarmanEthCtrl connection to server success
04-18 15:37:57.176  2240  2240 I GMEthMgr: LinkLossMonitor callback assigned
04-18 15:37:57.176  2240  2240 I GMEthMgr: LinkLossMonitor starting
04-18 15:37:57.176  2240  2240 I GMEthMgr: LinkLossMonitor started
04-18 15:37:57.176  2240  2240 I GMEthMgr: Initializing DTC Calibration values for Leo switch Ports
04-18 15:37:57.176  2218  2218 D ethctrlmgr: clientReqHandler():Server  Get request from client 
04-18 15:37:57.176  2218  2218 I ethctrlmgr: setClientEntry():Server connection establishd for client /dev/diag 
04-18 15:37:57.176  2218  2218 V ethctrlmgr: displayClientFd():Connected Client Info: 
04-18 15:37:57.176  2218  2218 V ethctrlmgr:  Entry   Name     Fd 
04-18 15:37:57.176  2218  2218 V ethctrlmgr: 0: /dev/diag  6 
04-18 15:37:57.177  2240  2240 I GMEthMgr: Value returned by getCalibration on key: _Q_2NEJKGEeOH48DtJo_c7Q is 0, of length 1
04-18 15:37:57.177  2240  2240 I GMEthMgr: DTC Calibration retrieved successfully for DTC _Q_2NEJKGEeOH48DtJo_c7Q
04-18 15:37:57.177  2240  2240 I GMEthMgr: DTC Calibration retrieved for DTC _Q_2NEJKGEeOH48DtJo_c7Q, parsed to : false
04-18 15:37:57.177  2240  2240 I GMEthMgr: DTC Calibration result returned  for DTC _Q_2NEJKGEeOH48DtJo_c7Q, result : 0 
04-18 15:37:57.177  1684  1714 V vold    : ----------------
04-18 15:37:57.177  2240  2240 I GMEthMgr: Value returned by getCalibration on key: _-GB3YLbNEeSqYowDGAuOkA is 0, of length 1
04-18 15:37:57.177  1684  1714 D NetlinkEvent: NL param 'DEVPATH=/devices/pci0000:00/0000:00:15.0/usb1/1-4'
04-18 15:37:57.177  2240  2240 I GMEthMgr: DTC Calibration retrieved successfully for DTC _-GB3YLbNEeSqYowDGAuOkA
04-18 15:37:57.177  1684  1714 D NetlinkEvent: NL param 'MAJOR=189'
04-18 15:37:57.177  2240  2240 I GMEthMgr: DTC Calibration retrieved for DTC _-GB3YLbNEeSqYowDGAuOkA, parsed to : false
04-18 15:37:57.177  1684  1714 D NetlinkEvent: NL param 'MINOR=1'
04-18 15:37:57.177  2240  2240 I GMEthMgr: DTC Calibration result returned  for DTC _-GB3YLbNEeSqYowDGAuOkA, result : 0 
04-18 15:37:57.177  1684  1714 D NetlinkEvent: NL param 'DEVNAME=bus/usb/001/002'
04-18 15:37:57.177  1684  1714 D NetlinkEvent: NL param 'DEVTYPE=usb_device'
04-18 15:37:57.177  1684  1714 D NetlinkEvent: NL param 'PRODUCT=4d8/df/101'
04-18 15:37:57.177  1684  1714 D NetlinkEvent: NL param 'TYPE=239/2/1'
04-18 15:37:57.177  1684  1714 D NetlinkEvent: NL param 'BUSNUM=001'
04-18 15:37:57.177  1684  1714 D NetlinkEvent: NL param 'DEVNUM=002'
04-18 15:37:57.178  1684  1714 D Vold    : logvold : 1 bus/usb/001/002  : 3 : /devices/pci0000:00/0000:00:15.0/usb1/1-4 
04-18 15:37:57.178  2240  2240 I GMEthMgr: Value returned by getCalibration on key: _S4rm8LbOEeSqYowDGAuOkA is 0, of length 1
04-18 15:37:57.178  2240  2240 I GMEthMgr: DTC Calibration retrieved successfully for DTC _S4rm8LbOEeSqYowDGAuOkA
04-18 15:37:57.178  2240  2240 I GMEthMgr: DTC Calibration retrieved for DTC _S4rm8LbOEeSqYowDGAuOkA, parsed to : false
04-18 15:37:57.178  2240  2240 I GMEthMgr: DTC Calibration result returned  for DTC _S4rm8LbOEeSqYowDGAuOkA, result : 0 
04-18 15:37:57.178  2240  2240 I GMEthMgr: Calibration for DTC of port 0 is disabled
04-18 15:37:57.178  2240  2240 I GMEthMgr: Value returned by getCalibration on key: _P74OoJKGEeOH48DtJo_c7Q is 1, of length 1
04-18 15:37:57.178  2240  2240 I GMEthMgr: DTC Calibration retrieved successfully for DTC _P74OoJKGEeOH48DtJo_c7Q
04-18 15:37:57.178  2240  2240 I GMEthMgr: DTC Calibration retrieved for DTC _P74OoJKGEeOH48DtJo_c7Q, parsed to : true
04-18 15:37:57.178  2240  2240 I GMEthMgr: DTC Calibration result returned  for DTC _P74OoJKGEeOH48DtJo_c7Q, result : 1 
04-18 15:37:57.178  2240  2240 I GMEthMgr: Calibration for DTC of port 1 is enabled
04-18 15:37:57.179  2268  2268 I IRS     : setSecureBootProperty: ABL.secureboot is 0
04-18 15:37:57.179  2240  2240 I GMEthMgr: Value returned by getCalibration on key: _PEvLQJKGEeOH48DtJo_c7Q is 1, of length 1
04-18 15:37:57.179  2240  2240 I GMEthMgr: DTC Calibration retrieved successfully for DTC _PEvLQJKGEeOH48DtJo_c7Q
04-18 15:37:57.179  2240  2240 I GMEthMgr: DTC Calibration retrieved for DTC _PEvLQJKGEeOH48DtJo_c7Q, parsed to : true
04-18 15:37:57.179  2240  2240 I GMEthMgr: DTC Calibration result returned  for DTC _PEvLQJKGEeOH48DtJo_c7Q, result : 1 
04-18 15:37:57.179  2240  2240 I GMEthMgr: Calibration for DTC of port 2 is enabled
04-18 15:37:57.179  2240  2240 I GMEthMgr: Value returned by getCalibration on key: _OQTdoJKGEeOH48DtJo_c7Q is 1, of length 1
04-18 15:37:57.179  2240  2240 I GMEthMgr: DTC Calibration retrieved successfully for DTC _OQTdoJKGEeOH48DtJo_c7Q
04-18 15:37:57.179  2240  2240 I GMEthMgr: DTC Calibration retrieved for DTC _OQTdoJKGEeOH48DtJo_c7Q, parsed to : true
04-18 15:37:57.179  2240  2240 I GMEthMgr: DTC Calibration result returned  for DTC _OQTdoJKGEeOH48DtJo_c7Q, result : 1 
04-18 15:37:57.179  2240  2240 I GMEthMgr: Calibration for DTC of port 3 is enabled
04-18 15:37:57.180  2268  2268 I IRS     : main: binder thread starting.
04-18 15:37:57.180  1974  2204 W CalSvcd_B:  CalibrationService.cpp(432): getCalibration - CalID: DTC_UNKNOWN, not found! callerPID=2240
04-18 15:37:57.180  2240  2240 I GMEthMgr: Value returned by getCalibration on key: DTC_UNKNOWN is , of length 0
04-18 15:37:57.180  2240  2240 I GMEthMgr: DTC Calibration retrieved failed for DTC DTC_UNKNOWN, GMCalibrationManager->getCalibration returned: -22 
04-18 15:37:57.180  2240  2240 I GMEthMgr: DTC Calibration result returned  for DTC DTC_UNKNOWN, result : 0 
04-18 15:37:57.180  1974  1974 W CalSvcd_B:  CalibrationService.cpp(432): getCalibration - CalID: DTC_UNKNOWN, not found! callerPID=2240
04-18 15:37:57.180  2240  2240 I GMEthMgr: Value returned by getCalibration on key: DTC_UNKNOWN is , of length 0
04-18 15:37:57.180  2240  2240 I GMEthMgr: DTC Calibration retrieved failed for DTC DTC_UNKNOWN, GMCalibrationManager->getCalibration returned: -22 
04-18 15:37:57.180  2240  2240 I GMEthMgr: DTC Calibration result returned  for DTC DTC_UNKNOWN, result : 0 
04-18 15:37:57.180  1974  2216 W CalSvcd_B:  CalibrationService.cpp(432): getCalibration - CalID: DTC_UNKNOWN, not found! callerPID=2240
04-18 15:37:57.180  2240  2240 I GMEthMgr: Value returned by getCalibration on key: DTC_UNKNOWN is , of length 0
04-18 15:37:57.180  2240  2240 I GMEthMgr: DTC Calibration retrieved failed for DTC DTC_UNKNOWN, GMCalibrationManager->getCalibration returned: -22 
04-18 15:37:57.180  2240  2240 I GMEthMgr: DTC Calibration result returned  for DTC DTC_UNKNOWN, result : 0 
04-18 15:37:57.180  2240  2240 I GMEthMgr: Calibration for DTC of port 4 is disabled
04-18 15:37:57.181  1974  2204 W CalSvcd_B:  CalibrationService.cpp(432): getCalibration - CalID: DTC_UNKNOWN, not found! callerPID=2240
04-18 15:37:57.181  2240  2240 I GMEthMgr: Value returned by getCalibration on key: DTC_UNKNOWN is , of length 0
04-18 15:37:57.181  2240  2240 I GMEthMgr: DTC Calibration retrieved failed for DTC DTC_UNKNOWN, GMCalibrationManager->getCalibration returned: -22 
04-18 15:37:57.181  2240  2240 I GMEthMgr: DTC Calibration result returned  for DTC DTC_UNKNOWN, result : 0 
04-18 15:37:57.181  1974  1974 W CalSvcd_B:  CalibrationService.cpp(432): getCalibration - CalID: DTC_UNKNOWN, not found! callerPID=2240
04-18 15:37:57.181  2240  2240 I GMEthMgr: Value returned by getCalibration on key: DTC_UNKNOWN is , of length 0
04-18 15:37:57.181  2240  2240 I GMEthMgr: DTC Calibration retrieved failed for DTC DTC_UNKNOWN, GMCalibrationManager->getCalibration returned: -22 
04-18 15:37:57.181  2240  2240 I GMEthMgr: DTC Calibration result returned  for DTC DTC_UNKNOWN, result : 0 
04-18 15:37:57.181  1974  2216 W CalSvcd_B:  CalibrationService.cpp(432): getCalibration - CalID: DTC_UNKNOWN, not found! callerPID=2240
04-18 15:37:57.181  2240  2240 I GMEthMgr: Value returned by getCalibration on key: DTC_UNKNOWN is , of length 0
04-18 15:37:57.181  2240  2240 I GMEthMgr: DTC Calibration retrieved failed for DTC DTC_UNKNOWN, GMCalibrationManager->getCalibration returned: -22 
04-18 15:37:57.181  2240  2240 I GMEthMgr: DTC Calibration result returned  for DTC DTC_UNKNOWN, result : 0 
04-18 15:37:57.181  2240  2240 I GMEthMgr: Calibration for DTC of port 5 is disabled
