04-18 15:37:57.675  2497  2497 D GMLoggerService: GMLog: in daemon
04-18 15:37:57.675  2358  2358 I pulseaudio: [pulseaudio] pcm.c: snd_pcm_open_noupdate(): RET snd_pcm_open_conf, err=0
04-18 15:37:57.675  2358  2358 I pulseaudio: [pulseaudio] pcm.c: snd_pcm_open_noupdate(): RET snd_pcm_open_conf, err=0
04-18 15:37:57.675  2358  2358 I pulseaudio: [pulseaudio] pcm.c: snd_pcm_open(): RET snd_pcm_open_noupdate(), err=0
04-18 15:37:57.675  2358  2358 E ALSALIB : snd_pcm_open() open avb_tcp_csm done, ret=0
04-18 15:37:57.675  2358  2358 D pulseaudio: [pulseaudio] alsa-util.c: Managed to open avb_tcp_csm
04-18 15:37:57.675  2358  2358 D pulseaudio: [pulseaudio] alsa-util.c: Maximum hw buffer size is 12 ms
04-18 15:37:57.678  2358  2358 D pulseaudio: [pulseaudio] alsa-util.c: Set buffer size first (to 4800 samples), period size second (to 1200 samples).
04-18 15:37:57.678  2358  2358 I pulseaudio: [pulseaudio] alsa-source.c: Successfully opened device avb_tcp_csm.
04-18 15:37:57.678  2358  2358 I pulseaudio: [pulseaudio] alsa-source.c: Successfully enabled mmap() mode.
04-18 15:37:57.678  2358  2358 W pulseaudio: [pulseaudio] source.c: Default and alternate sample rates are the same.
04-18 15:37:57.678  2358  2358 I pulseaudio: [pulseaudio] source.c: Created source 7 "alsa_input.avb.tcp_csm" with sample spec s16le 2ch 48000Hz and channel map aux0,aux1
04-18 15:37:57.678  2358  2358 I pulseaudio: [pulseaudio] source.c:     alsa.resolution_bits = "16"
04-18 15:37:57.678  2358  2358 I pulseaudio: [pulseaudio] source.c:     device.api = "alsa"
04-18 15:37:57.678  2358  2358 I pulseaudio: [pulseaudio] source.c:     device.class = "sound"
04-18 15:37:57.678  2358  2358 I pulseaudio: [pulseaudio] source.c:     alsa.class = "generic"
04-18 15:37:57.678  2358  2358 I pulseaudio: [pulseaudio] source.c:     alsa.subclass = "generic-mix"
04-18 15:37:57.679  2358  2358 I pulseaudio: [pulseaudio] source.c:     alsa.name = "tcp_csm"
04-18 15:37:57.679  2358  2358 I pulseaudio: [pulseaudio] source.c:     alsa.id = "tcp_csm"
04-18 15:37:57.679  2358  2358 I pulseaudio: [pulseaudio] source.c:     alsa.subdevice = "0"
04-18 15:37:57.679  2358  2358 I pulseaudio: [pulseaudio] source.c:     alsa.subdevice_name = "tcp_csm"
04-18 15:37:57.679  2358  2358 I pulseaudio: [pulseaudio] source.c:     alsa.device = "0"
04-18 15:37:57.679  2358  2358 I pulseaudio: [pulseaudio] source.c:     device.string = "avb_tcp_csm"
04-18 15:37:57.679  2358  2358 I pulseaudio: [pulseaudio] source.c:     device.buffering.buffer_size = "2304"
04-18 15:37:57.679  2358  2358 I pulseaudio: [pulseaudio] source.c:     device.buffering.fragment_size = "768"
04-18 15:37:57.679  2358  2358 I pulseaudio: [pulseaudio] source.c:     device.access_mode = "mmap"
04-18 15:37:57.679  2358  2358 I pulseaudio: [pulseaudio] source.c:     device.description = "tcp_csm"
04-18 15:37:57.679  2358  2358 I pulseaudio: [pulseaudio] source.c:     device.icon_name = "audio-input-microphone"
04-18 15:37:57.679  2358  2358 I pulseaudio: [pulseaudio] alsa-source.c: Using 3.0 fragments of size 768 bytes (4.00ms), buffer size is 2304 bytes (12.00ms)
04-18 15:37:57.679  2358  2358 D pulseaudio: [pulseaudio] alsa-source.c: hwbuf_unused=0
04-18 15:37:57.679  2358  2358 D pulseaudio: [pulseaudio] alsa-source.c: setting avail_min=1
04-18 15:37:57.679  2153  2153 I tlin_device: mIsTlinSUpported : 0
04-18 15:37:57.679  2153  2153 E tlin_device: Not a Global A panel
04-18 15:37:57.679  2358  2358 D pulseaudio: [pulseaudio] alsa-util.c: snd_pcm_dump():
04-18 15:37:57.679  2153  2153 E tlin_HAL: Failed to init the tlin device
04-18 15:37:57.679  2153  2153 I tlin_device: closing Instance mEventLoopStarted
04-18 15:37:57.679  2358  2358 D pulseaudio: [pulseaudio] alsa-util.c: SmartX IO Plugin
04-18 15:37:57.679  2358  2358 D pulseaudio: [pulseaudio] alsa-util.c: Its setup is:
04-18 15:37:57.679  2358  2358 D pulseaudio: [pulseaudio] alsa-util.c:   stream       : CAPTURE
04-18 15:37:57.679  2358  2358 D pulseaudio: [pulseaudio] alsa-util.c:   access       : MMAP_INTERLEAVED
04-18 15:37:57.679  2358  2358 D pulseaudio: [pulseaudio] alsa-util.c:   format       : S16_LE
04-18 15:37:57.679  2358  2358 D pulseaudio: [pulseaudio] alsa-util.c:   subformat    : STD
04-18 15:37:57.679  2358  2358 D pulseaudio: [pulseaudio] alsa-util.c:   channels     : 2
04-18 15:37:57.679  2358  2358 D pulseaudio: [pulseaudio] alsa-util.c:   rate         : 48000
04-18 15:37:57.679  2358  2358 D pulseaudio: [pulseaudio] alsa-util.c:   exact rate   : 48000 (48000/1)
04-18 15:37:57.680  2358  2358 D pulseaudio: [pulseaudio] alsa-util.c:   msbits       : 16
04-18 15:37:57.680  2358  2358 D pulseaudio: [pulseaudio] alsa-util.c:   buffer_size  : 576
04-18 15:37:57.680  2358  2358 D pulseaudio: [pulseaudio] alsa-util.c:   period_size  : 192
04-18 15:37:57.680  2358  2358 D pulseaudio: [pulseaudio] alsa-util.c:   period_time  : 4000
04-18 15:37:57.680  2358  2358 D pulseaudio: [pulseaudio] alsa-util.c:   tstamp_mode  : ENABLE
04-18 15:37:57.680  2358  2358 D pulseaudio: [pulseaudio] alsa-util.c:   tstamp_type  : GETTIMEOFDAY
04-18 15:37:57.680  2358  2358 D pulseaudio: [pulseaudio] alsa-util.c:   period_step  : 1
04-18 15:37:57.680  2358  2358 D pulseaudio: [pulseaudio] alsa-util.c:   avail_min    : 192
04-18 15:37:57.680  2358  2358 D pulseaudio: [pulseaudio] alsa-util.c:   period_event : 1
04-18 15:37:57.680  2358  2358 D pulseaudio: [pulseaudio] alsa-util.c:   start_threshold  : -1
04-18 15:37:57.680  2358  2358 D pulseaudio: [pulseaudio] alsa-util.c:   stop_threshold   : 1207959552
04-18 15:37:57.680  2358  2358 D pulseaudio: [pulseaudio] alsa-util.c:   silence_threshold: 0
04-18 15:37:57.680  2358  2358 D pulseaudio: [pulseaudio] alsa-util.c:   silence_size : 0
04-18 15:37:57.680  2358  2358 D pulseaudio: [pulseaudio] alsa-util.c:   boundary     : 1207959552
04-18 15:37:57.680  2210  2284 D GMLoggerService: GHSLogger: launch ghslogger daemon...
04-18 15:37:57.680  2210  2284 D GMLoggerService: GMLog: run_daemon() /system/bin/ghslogger
04-18 15:37:57.681  2210  2284 D GMLoggerService: GMLog: run_daemon() done! daemon pid=2506
04-18 15:37:57.681  2210  2284 D GMLoggerService: GHSLogger: ghslogger launched! pid=2506
04-18 15:37:57.681  2210  2284 D GMLoggerService: GMLoggerd : invoking startLog of CinemoLogger
04-18 15:37:57.684  2227  2352 E DPTF    : ERROR:[<DPTF>]<1555616277684 ms>: DPTF Build Version:  8.3.8888.9999	DPTF Build Date:  Feb 28 2018 22:36:14	Source File:  vendor/intel/dptf/DPTF/Androidx86/jni/Policies/CriticalPolicy/../../../../Sources/Policies/CriticalPolicy/CriticalPolicy.cpp @ line 200	Executing Function:  void CriticalPolicy::takePowerActionBasedOnThermalState(ParticipantProxyInterface*)	Message:  Considering actions based on temperature of 36.0.	Policy:  Critical Policy [2]	
04-18 15:37:57.689  2227  2352 E DPTF    : ERROR:[<DPTF>]<1555616277689 ms>: DPTF Build Version:  8.3.8888.9999	DPTF Build Date:  Feb 28 2018 22:36:14	Source File:  vendor/intel/dptf/DPTF/Androidx86/jni/Policies/CriticalPolicy/../../../../Sources/Policies/CriticalPolicy/CriticalPolicy.cpp @ line 200	Executing Function:  void CriticalPolicy::takePowerActionBasedOnThermalState(ParticipantProxyInterface*)	Message:  Considering actions based on temperature of 35.0.	Policy:  Critical Policy [2]	
04-18 15:37:57.696  2227  2352 E DPTF    : ERROR:[<DPTF>]<1555616277696 ms>: DPTF Build Version:  8.3.8888.9999	DPTF Build Date:  Feb 28 2018 22:36:14	Source File:  vendor/intel/dptf/DPTF/Androidx86/jni/Policies/CriticalPolicy/../../../../Sources/Policies/CriticalPolicy/CriticalPolicy.cpp @ line 200	Executing Function:  void CriticalPolicy::takePowerActionBasedOnThermalState(ParticipantProxyInterface*)	Message:  Considering actions based on temperature of 36.0.	Policy:  Critical Policy [2]	
04-18 15:37:57.696  2358  2505 D pulseaudio: [alsa-source-tcp_csm] alsa-source.c: Thread starting up
04-18 15:37:57.696  2358  2505 D pulseaudio: [alsa-source-tcp_csm] core-util.c: SCHED_RR|SCHED_RESET_ON_FORK worked.
04-18 15:37:57.696  2358  2505 I pulseaudio: [alsa-source-tcp_csm] core-util.c: Successfully enabled SCHED_RR scheduling for thread, with priority 50.
04-18 15:37:57.697  2358  2505 I pulseaudio: [alsa-source-tcp_csm] alsa-source.c: Starting capture.
04-18 15:37:57.697  2358  2358 I pulseaudio: [pulseaudio] module.c: Loaded "module-alsa-source" (index: #7; argument: "device=avb_tcp_csm tsched=0 source_name=alsa_input.avb.tcp_csm channels=2 channel_map=aux0,aux1").
04-18 15:37:57.697  2222  2222 D CoLibry : Binary persistence for 'TunerMain' is empty. Expected 2795 scopes.
04-18 15:37:57.698  1974  2180 W CalSvcd_B:  ListenerManager.cpp(88): listener-id(VIPCALPAL)  not exist!
04-18 15:37:57.698  1974  2180 I CalSvcd_B:  ListenerManager.cpp(121): added listener for VIPCALPAL
04-18 15:37:57.698  1974  2180 I KPI     : CALSERVICED_START
04-18 15:37:57.698  1974  2180 I ipcLib  : ipcLib:pathname = /dev/ipc/ipc8
04-18 15:37:57.698  1974  2180 W ipcLib  : ipcLib:libipc version=3.0_22Aug2017
04-18 15:37:57.698  1974  2180 I ipcLib  : ipcLib:'O_TRUNC' flag is set!
04-18 15:37:57.698  1974  2180 I ipcLib  : ipcLib:Connect to Server Socket: /dev/ipc/ipc8
04-18 15:37:57.698  1974  2180 I ipcLib  : ipcLib:Wait for Ack from the Server : Hello Mesage
04-18 15:37:57.698  1964  2001 W IPC     : IPC: CH-8: New connection request
04-18 15:37:57.698  1964  2001 W IPC     : IPC: 
04-18 15:37:57.698  1964  2001 W IPC     : CH-8: New connection Accepted.  pDeviceAttr->clientFd = 26
04-18 15:37:57.698  1964  2001 E IPC     : IPC: CH-8: F_SETFL flags = 0x2 
04-18 15:37:57.698  1964  2001 W IPC     : IPC: CH-8: Control Message Received '0x8003'
04-18 15:37:57.698  1964  2001 W IPC     : IPC: CH-8: Idx=0 Send Hello to the Client application 
04-18 15:37:57.698  1964  2001 W IPC     : IPC: CH-8: ClientCnt=1
04-18 15:37:57.698  1974  2180 I ipcLib  : ipcLib:Message(6 bytes) received from Server : Hello
04-18 15:37:57.699  1974  2180 I ipcLib  : ipcLib:channel = 8
04-18 15:37:57.699  2506  2506 D GMLoggerService: GMLog: in daemon
04-18 15:37:57.701  2358  2358 W pulseaudio: [pulseaudio] authkey.c: Failed to open cookie file '/cache/pulseaudio/.config/pulse/cookie': No such file or directory
04-18 15:37:57.701  2358  2358 W pulseaudio: [pulseaudio] authkey.c: Failed to load authentication key '/cache/pulseaudio/.config/pulse/cookie': No such file or directory
04-18 15:37:57.701  2358  2358 W pulseaudio: [pulseaudio] authkey.c: Failed to open cookie file '/cache/pulseaudio/.pulse-cookie': No such file or directory
04-18 15:37:57.701  2358  2358 W pulseaudio: [pulseaudio] authkey.c: Failed to load authentication key '/cache/pulseaudio/.pulse-cookie': No such file or directory
04-18 15:37:57.701  2358  2358 D pulseaudio: [pulseaudio] authkey.c: Got 0 bytes from cookie file '/cache/pulseaudio/.config/pulse/cookie', expected 256
04-18 15:37:57.703  2358  2358 I pulseaudio: [pulseaudio] module.c: Loaded "module-native-protocol-unix" (index: #8; argument: "").
04-18 15:37:57.706  2227  2352 E DPTF    : ERROR:[<DPTF>]<1555616277706 ms>: DPTF Build Version:  8.3.8888.9999	DPTF Build Date:  Feb 28 2018 22:36:14	Source File:  vendor/intel/dptf/DPTF/Androidx86/jni/Policies/CriticalPolicy/../../../../Sources/Policies/CriticalPolicy/CriticalPolicy.cpp @ line 200	Executing Function:  void CriticalPolicy::takePowerActionBasedOnThermalState(ParticipantProxyInterface*)	Message:  Considering actions based on temperature of 35.0.	Policy:  Critical Policy [2]	
04-18 15:37:57.706  2182  2287 I _RXE    : IasAvbReceiveEngine::Bool IasMediaTransportAvb::IasAvbReceiveEngine::checkStreamState(IasMediaTransportAvb::IasAvbReceiveEngine::StreamData &)(1375): state change for stream  0x91e0f000fe850001 :  0 -> 3
04-18 15:37:57.712  1974  2180 I CalSvcd_B:  calserviced.c(150): binder_status_thread exit...
04-18 15:37:57.712  1974  2532 I KPI     : CALSERVICED_READY
04-18 15:37:57.712  2358  2358 D pulseaudio: [pulseaudio] module-suspend-on-idle.c: Sink combined becomes idle, timeout in 10 seconds.
04-18 15:37:57.712  2358  2358 D pulseaudio: [pulseaudio] module-suspend-on-idle.c: Source alsa_input.TDM3RX_Tuner becomes idle, timeout in 10 seconds.
04-18 15:37:57.712  2358  2358 D pulseaudio: [pulseaudio] module-suspend-on-idle.c: Source alsa_input.TDM3RX_Chime becomes idle, timeout in 10 seconds.
04-18 15:37:57.712  2358  2358 D pulseaudio: [pulseaudio] module-suspend-on-idle.c: Source alsa_input.TDM3RX_Sxm becomes idle, timeout in 10 seconds.
04-18 15:37:57.712  2358  2358 D pulseaudio: [pulseaudio] module-suspend-on-idle.c: Source alsa_input.TDM3RX_Aux becomes idle, timeout in 10 seconds.
04-18 15:37:57.712  2358  2358 D pulseaudio: [pulseaudio] module-suspend-on-idle.c: Source alsa_input.avb.rsi_csm becomes idle, timeout in 10 seconds.
04-18 15:37:57.712  2358  2358 D pulseaudio: [pulseaudio] module-suspend-on-idle.c: Source alsa_input.avb.tcp_csm becomes idle, timeout in 10 seconds.
04-18 15:37:57.712  2358  2358 I pulseaudio: [pulseaudio] module.c: Loaded "module-suspend-on-idle" (index: #9; argument: "timeout=10").
04-18 15:37:57.715  2358  2358 D pulseaudio: [pulseaudio] alsa-util.c: Trying avb_csm_amp with SND_PCM_NO_AUTO_FORMAT ...
04-18 15:37:57.715  2358  2358 I pulseaudio: [pulseaudio] pcm.c: snd_pcm_open(), name=avb_csm_amp
04-18 15:37:57.715  2358  2358 E ALSALIB : snd_pcm_open(): opening PCM name: avb_csm_amp
04-18 15:37:57.715  2358  2358 I pulseaudio: [pulseaudio] conf.c: snd_config_update_ref()
04-18 15:37:57.715  2358  2358 I pulseaudio: [pulseaudio] conf.c: snd_config_update_r()
04-18 15:37:57.715  2358  2358 I pulseaudio: [pulseaudio] conf.c: snd_config_update_r():  configs=/system/usr/share/alsa/alsa.conf
04-18 15:37:57.715  2358  2358 I pulseaudio: [pulseaudio] conf.c: snd_config_update_r():  local->finfo[0].name=/system/usr/share/alsa/alsa.conf
04-18 15:37:57.715  2358  2358 I pulseaudio: [pulseaudio] conf.c: snd_config_update_r(), err=0
04-18 15:37:57.715  2358  2358 I pulseaudio: [pulseaudio] conf.c: snd_config_update_ref(): RET snd_config_update_r(), err=0
04-18 15:37:57.715  2358  2358 I pulseaudio: [pulseaudio] conf.c: snd_config_update_ref(), err=0
04-18 15:37:57.715  2358  2358 I pulseaudio: [pulseaudio] pcm.c: snd_pcm_open_noupdate(), name=avb_csm_amp
04-18 15:37:57.715  2358  2358 I pulseaudio: [pulseaudio] conf.c: snd_config_search_definition()
04-18 15:37:57.715  2358  2358 I pulseaudio: [pulseaudio] conf.c: snd_config_search_definition(): RET snd_config_search_alias_hooks(), err=0
04-18 15:37:57.715  2358  2358 I pulseaudio: [pulseaudio] pcm.c: snd_pcm_open_conf(), name=avb_csm_amp
04-18 15:37:57.715  2358  2358 I pulseaudio: [pulseaudio] conf.c: snd_config_search_definition()
04-18 15:37:57.715  2358  2358 I pulseaudio: [pulseaudio] conf.c: snd_config_search_definition(): RET snd_config_search_alias_hooks(), err=-2
04-18 15:37:57.715  2358  2358 I pulseaudio: [pulseaudio] pcm.c: snd_pcm_open_conf(): lib=, open_name=_snd_pcm_empty_open
04-18 15:37:57.715  2358  2358 I pulseaudio: [pulseaudio] pcm.c: snd_pcm_open_noupdate(), name=avb:csm_amp
04-18 15:37:57.715  2358  2358 I pulseaudio: [pulseaudio] conf.c: snd_config_search_definition()
04-18 15:37:57.715  2358  2358 I pulseaudio: [pulseaudio] conf.c: snd_config_search_definition(): RET snd_config_search_alias_hooks(), err=0
04-18 15:37:57.715  2358  2358 I pulseaudio: [pulseaudio] pcm.c: snd_pcm_open_conf(), name=avb:csm_amp
04-18 15:37:57.716  2358  2358 I pulseaudio: [pulseaudio] conf.c: snd_config_search_definition()
04-18 15:37:57.716  2358  2358 I pulseaudio: [pulseaudio] conf.c: snd_config_search_definition(): RET snd_config_search_alias_hooks(), err=-2
04-18 15:37:57.716  2358  2358 I pulseaudio: [pulseaudio] pcm.c: snd_pcm_open_conf(): lib=/system/lib/libasound_module_pcm_smartx.so, open_name=_snd_pcm_smartx_open
04-18 15:37:57.716  2358  2358 I pulseaudio: [pulseaudio] pcm.c: snd_pcm_open_noupdate(): RET snd_pcm_open_conf, err=0
04-18 15:37:57.716  2358  2358 I pulseaudio: [pulseaudio] pcm.c: snd_pcm_open_noupdate(): RET snd_pcm_open_conf, err=0
04-18 15:37:57.716  2358  2358 I pulseaudio: [pulseaudio] pcm.c: snd_pcm_open(): RET snd_pcm_open_noupdate(), err=0
04-18 15:37:57.716  2358  2358 E ALSALIB : snd_pcm_open() open avb_csm_amp done, ret=0
04-18 15:37:57.716  2358  2358 D pulseaudio: [pulseaudio] alsa-util.c: Managed to open avb_csm_amp
04-18 15:37:57.716  2358  2358 D pulseaudio: [pulseaudio] alsa-util.c: Maximum hw buffer size is 12 ms
04-18 15:37:57.719  2358  2358 D pulseaudio: [pulseaudio] alsa-util.c: Set buffer size first (to 4800 samples), period size second (to 1200 samples).
04-18 15:37:57.719  2358  2358 I pulseaudio: [pulseaudio] alsa-sink.c: Successfully opened device avb_csm_amp.
04-18 15:37:57.719  2358  2358 I pulseaudio: [pulseaudio] alsa-sink.c: Successfully enabled mmap() mode.
04-18 15:37:57.719  2358  2358 W pulseaudio: [pulseaudio] sink.c: Default and alternate sample rates are the same.
04-18 15:37:57.719  2358  2358 I pulseaudio: [pulseaudio] sink.c: Created sink 2 "alsa_output.avb.csm_amp" with sample spec s16le 6ch 48000Hz and channel map aux0,aux1,aux2,aux3,aux4,aux5
04-18 15:37:57.719  2358  2358 I pulseaudio: [pulseaudio] sink.c:     alsa.resolution_bits = "16"
04-18 15:37:57.719  2358  2358 I pulseaudio: [pulseaudio] sink.c:     device.api = "alsa"
04-18 15:37:57.719  2358  2358 I pulseaudio: [pulseaudio] sink.c:     device.class = "sound"
04-18 15:37:57.719  2358  2358 I pulseaudio: [pulseaudio] sink.c:     alsa.class = "generic"
04-18 15:37:57.720  2358  2358 I pulseaudio: [pulseaudio] sink.c:     alsa.subclass = "generic-mix"
04-18 15:37:57.720  2358  2358 I pulseaudio: [pulseaudio] sink.c:     alsa.name = "csm_amp"
04-18 15:37:57.720  2358  2358 I pulseaudio: [pulseaudio] sink.c:     alsa.id = "csm_amp"
04-18 15:37:57.720  2358  2358 I pulseaudio: [pulseaudio] sink.c:     alsa.subdevice = "0"
04-18 15:37:57.720  2358  2358 I pulseaudio: [pulseaudio] sink.c:     alsa.subdevice_name = "csm_amp"
04-18 15:37:57.720  2358  2358 I pulseaudio: [pulseaudio] sink.c:     alsa.device = "0"
04-18 15:37:57.720  2358  2358 I pulseaudio: [pulseaudio] sink.c:     device.string = "avb_csm_amp"
04-18 15:37:57.720  2358  2358 I pulseaudio: [pulseaudio] sink.c:     device.buffering.buffer_size = "6912"
04-18 15:37:57.720  2358  2358 I pulseaudio: [pulseaudio] sink.c:     device.buffering.fragment_size = "2304"
04-18 15:37:57.720  2358  2358 I pulseaudio: [pulseaudio] sink.c:     device.access_mode = "mmap"
04-18 15:37:57.720  2358  2358 I pulseaudio: [pulseaudio] sink.c:     device.description = "csm_amp"
04-18 15:37:57.720  2358  2358 I pulseaudio: [pulseaudio] sink.c:     device.icon_name = "audio-card"
04-18 15:37:57.720  2358  2358 I pulseaudio: [pulseaudio] source.c: Created source 8 "alsa_output.avb.csm_amp.monitor" with sample spec s16le 6ch 48000Hz and channel map aux0,aux1,aux2,aux3,aux4,aux5
04-18 15:37:57.720  2358  2358 I pulseaudio: [pulseaudio] source.c:     device.description = "Monitor of csm_amp"
04-18 15:37:57.720  2358  2358 I pulseaudio: [pulseaudio] source.c:     device.class = "monitor"
04-18 15:37:57.720  2358  2358 I pulseaudio: [pulseaudio] source.c:     device.icon_name = "audio-input-microphone"
04-18 15:37:57.720  2358  2358 I pulseaudio: [pulseaudio] alsa-sink.c: Using 3.0 fragments of size 2304 bytes (4.00ms), buffer size is 6912 bytes (12.00ms)
04-18 15:37:57.720  2358  2358 I pulseaudio: [pulseaudio] alsa-sink.c: Disabling rewind for device avb_csm_amp
04-18 15:37:57.720  2358  2358 D pulseaudio: [pulseaudio] alsa-sink.c: hwbuf_unused=0
04-18 15:37:57.720  2358  2358 D pulseaudio: [pulseaudio] alsa-sink.c: setting avail_min=1
04-18 15:37:57.720  2358  2358 I pulseaudio: [pulseaudio] alsa-sink.c: Disabling rewind_within_thread for device avb_csm_amp
04-18 15:37:57.720  2358  2358 D pulseaudio: [pulseaudio] alsa-util.c: snd_pcm_dump():
04-18 15:37:57.720  2358  2358 D pulseaudio: [pulseaudio] alsa-util.c: SmartX IO Plugin
04-18 15:37:57.720  2358  2358 D pulseaudio: [pulseaudio] alsa-util.c: Its setup is:
04-18 15:37:57.720  2358  2358 D pulseaudio: [pulseaudio] alsa-util.c:   stream       : PLAYBACK
04-18 15:37:57.720  2358  2358 D pulseaudio: [pulseaudio] alsa-util.c:   access       : MMAP_INTERLEAVED
04-18 15:37:57.720  2358  2358 D pulseaudio: [pulseaudio] alsa-util.c:   format       : S16_LE
04-18 15:37:57.720  2358  2358 D pulseaudio: [pulseaudio] alsa-util.c:   subformat    : STD
04-18 15:37:57.720  2358  2358 D pulseaudio: [pulseaudio] alsa-util.c:   channels     : 6
04-18 15:37:57.720  2358  2358 D pulseaudio: [pulseaudio] alsa-util.c:   rate         : 48000
04-18 15:37:57.720  2358  2358 D pulseaudio: [pulseaudio] alsa-util.c:   exact rate   : 48000 (48000/1)
04-18 15:37:57.721  2358  2358 D pulseaudio: [pulseaudio] alsa-util.c:   msbits       : 16
04-18 15:37:57.721  2358  2358 D pulseaudio: [pulseaudio] alsa-util.c:   buffer_size  : 576
04-18 15:37:57.721  2358  2358 D pulseaudio: [pulseaudio] alsa-util.c:   period_size  : 192
04-18 15:37:57.721  2358  2358 D pulseaudio: [pulseaudio] alsa-util.c:   period_time  : 4000
04-18 15:37:57.721  2358  2358 D pulseaudio: [pulseaudio] alsa-util.c:   tstamp_mode  : ENABLE
04-18 15:37:57.721  2358  2358 D pulseaudio: [pulseaudio] alsa-util.c:   tstamp_type  : GETTIMEOFDAY
04-18 15:37:57.721  2358  2358 D pulseaudio: [pulseaudio] alsa-util.c:   period_step  : 1
04-18 15:37:57.721  2358  2358 D pulseaudio: [pulseaudio] alsa-util.c:   avail_min    : 192
04-18 15:37:57.721  2358  2358 D pulseaudio: [pulseaudio] alsa-util.c:   period_event : 1
04-18 15:37:57.721  2358  2358 D pulseaudio: [pulseaudio] alsa-util.c:   start_threshold  : -1
04-18 15:37:57.721  2358  2358 D pulseaudio: [pulseaudio] alsa-util.c:   stop_threshold   : 1207959552
04-18 15:37:57.721  2358  2358 D pulseaudio: [pulseaudio] alsa-util.c:   silence_threshold: 0
04-18 15:37:57.721  2358  2358 D pulseaudio: [pulseaudio] alsa-util.c:   silence_size : 0
04-18 15:37:57.721  2358  2358 D pulseaudio: [pulseaudio] alsa-util.c:   boundary     : 1207959552
04-18 15:37:57.724  2358  2557 D pulseaudio: [alsa-sink-csm_amp] alsa-sink.c: Thread starting up
04-18 15:37:57.724  2358  2557 D pulseaudio: [alsa-sink-csm_amp] core-util.c: SCHED_RR|SCHED_RESET_ON_FORK worked.
04-18 15:37:57.724  2358  2557 I pulseaudio: [alsa-sink-csm_amp] core-util.c: Successfully enabled SCHED_RR scheduling for thread, with priority 50.
04-18 15:37:57.724  2358  2557 I pulseaudio: [alsa-sink-csm_amp] alsa-sink.c: Starting playback.
04-18 15:37:57.724  2358  2358 D pulseaudio: [pulseaudio] module-suspend-on-idle.c: Sink alsa_output.avb.csm_amp becomes idle, timeout in 10 seconds.
04-18 15:37:57.724  2358  2358 D pulseaudio: [pulseaudio] module-combine-sink.c: sink name alsa_output.avb.csm_amp match with crossbar config
04-18 15:37:57.724  2358  2358 I pulseaudio: [pulseaudio] module-combine-sink.c: Configuring new sink: alsa_output.avb.csm_amp
04-18 15:37:57.727  1965  2129 E vehicle_abstraction: CGlobalASignalMappings::setIPCReadSignalWithSignalInfo error 7 processing data for global A signal 0x0A74
04-18 15:37:57.727  2227  2352 E DPTF    : ERROR:[<DPTF>]<1555616277725 ms>: DPTF Build Version:  8.3.8888.9999	DPTF Build Date:  Feb 28 2018 22:36:14	Source File:  vendor/intel/dptf/DPTF/Androidx86/jni/Manager/../../../Sources/Manager/DomainWorkItem.cpp @ line 56	Executing Function:  void DomainWorkItem::writeDomainWorkItemErrorMessage(const std::exception&, const string&) const	Message:  Unhandled exception caught during execution of work item	Framework Event:  DptfParticipantActivityLoggingEnabled [6]	Participant:  TDSP [3]	Domain:  DFL [0]	Exception Function:  Participant::activityLoggingEnabled	Exception Text:  		DPTF Build Version:  8.3.8888.9999	DPTF Build Date:  Feb 28 2018 22:36:14	Source File:  vendor/intel/dptf/DPTF/Androidx86/jni/Manager/../../../Sources/Manager/EsifServices.cpp @ line 206	Executing Function:  virtual UInt32 EsifServices::primitiveExecuteGetAsUInt32(esif_primitive_type, UIntN, UIntN, UInt8)	Message:  Error returned from ESIF services interface function call	Participant:  TDSP [3]	Domain:  DFL [0]	ESIF Primitive:  GET_DISPLAY_DEPTH_LIMIT [160]	ESIF Instance:  255	ESIF Return Code:  ESIF_E_NO_LOWER_FRAMEWORK [1001]			
04-18 15:37:57.727  1965  2129 E vehicle_abstraction: CGlobalASignalMappings::setIPCReadSignalWithSignalInfo error 7 processing data for global A signal 0x0A73
04-18 15:37:57.727  1965  2129 E vehicle_abstraction: CGlobalASignalMappings::setIPCReadSignalWithSignalInfo error 7 processing data for global A signal 0x0A72
04-18 15:37:57.727  1965  2129 E vehicle_abstraction: CGlobalASignalMappings::signalInfoForAbstractionSignalID unmapped  abstractionID 1189
04-18 15:37:57.727  1965  2129 E vehicle_abstraction: CGlobalASignalMappings::setIPCReadSignalWithSignalInfo error 7 processing data for global A signal 0x0A70
04-18 15:37:57.727  1965  2129 E vehicle_abstraction: CGlobalASignalMappings::setIPCReadSignalWithSignalInfo error 7 processing data for global A signal 0x0A6F
04-18 15:37:57.727  1965  2129 E vehicle_abstraction: CGlobalASignalMappings::signalInfoForAbstractionSignalID unmapped  abstractionID 1037
04-18 15:37:57.727  1965  2129 E vehicle_abstraction: CGlobalASignalMappings::signalInfoForAbstractionSignalID unmapped  abstractionID 1418
04-18 15:37:57.728  2358  2358 D pulseaudio: [pulseaudio] module-combine-sink.c: new output memblockq size 15360
04-18 15:37:57.728  2358  2358 D pulseaudio: [pulseaudio] memblockq.c: memblockq requested: maxlength=15360, tlength=15360, base=16, prebuf=1, minreq=0 maxrewind=0
04-18 15:37:57.729  2358  2358 D pulseaudio: [pulseaudio] memblockq.c: memblockq sanitized: maxlength=15360, tlength=15360, base=16, prebuf=16, minreq=16 maxrewind=0
04-18 15:37:57.729  2358  2358 D pulseaudio: [pulseaudio] sink-input.c: Negotiated format: pcm, format.sample_format = "\"s16le\""  format.rate = "48000"  format.channels = "8"  format.channel_map = "\"aux0,aux1,aux2,aux3,aux4,aux5,aux6,aux7\""
04-18 15:37:57.729  2358  2358 D pulseaudio: [pulseaudio] module-suspend-on-idle.c: Sink alsa_output.avb.csm_amp becomes busy, resuming.
04-18 15:37:57.729  2358  2358 D pulseaudio: [pulseaudio] module-suspend-on-idle.c: Sink alsa_output.avb.csm_amp becomes idle, timeout in 10 seconds.
04-18 15:37:57.729  2358  2358 D pulseaudio: [pulseaudio] resampler.c: Resampler:
04-18 15:37:57.729  2358  2358 D pulseaudio: [pulseaudio] resampler.c:   rate 48000 -> 48000 (method trivial)
04-18 15:37:57.729  2358  2358 D pulseaudio: [pulseaudio] resampler.c:   format s16le -> s16le (intermediate s16le)
04-18 15:37:57.729  2358  2358 D pulseaudio: [pulseaudio] resampler.c:   channels 8 -> 6 (resampling 6)
04-18 15:37:57.729  2358  2358 D pulseaudio: [pulseaudio] resampler.c: Channel matrix:
04-18 15:37:57.729  2358  2358 D pulseaudio: [pulseaudio] resampler.c:        I00   I01   I02   I03   I04   I05   I06   I07 
04-18 15:37:57.729  2358  2358 D pulseaudio: [pulseaudio] resampler.c:     +------------------------------------------------
04-18 15:37:57.729  2358  2358 D pulseaudio: [pulseaudio] resampler.c: O00 | 1.000 0.000 0.000 0.000 0.000 0.000 0.000 0.000
04-18 15:37:57.729  2358  2358 D pulseaudio: [pulseaudio] resampler.c: O01 | 0.000 1.000 0.000 0.000 0.000 0.000 0.000 0.000
04-18 15:37:57.729  2358  2358 D pulseaudio: [pulseaudio] resampler.c: O02 | 0.000 0.000 1.000 0.000 0.000 0.000 0.000 0.000
04-18 15:37:57.729  2358  2358 D pulseaudio: [pulseaudio] resampler.c: O03 | 0.000 0.000 0.000 1.000 0.000 0.000 0.000 0.000
04-18 15:37:57.729  2358  2358 D pulseaudio: [pulseaudio] resampler.c: O04 | 0.000 0.000 0.000 0.000 1.000 0.000 0.000 0.000
04-18 15:37:57.729  2358  2358 D pulseaudio: [pulseaudio] resampler.c: O05 | 0.000 0.000 0.000 0.000 0.000 1.000 0.000 0.000
04-18 15:37:57.729  2358  2358 I pulseaudio: [pulseaudio] remap.c: Using generic matrix remapping
04-18 15:37:57.729  2358  2358 D pulseaudio: [pulseaudio] memblockq.c: memblockq requested: maxlength=33554432, tlength=0, base=12, prebuf=0, minreq=1 maxrewind=0
04-18 15:37:57.729  2358  2358 D pulseaudio: [pulseaudio] memblockq.c: memblockq sanitized: maxlength=33554436, tlength=33554436, base=12, prebuf=0, minreq=12 maxrewind=0
04-18 15:37:57.729  2358  2358 I pulseaudio: [pulseaudio] sink-input.c: Created input 1 "Simultaneous output on csm_amp" on alsa_output.avb.csm_amp with sample spec s16le 8ch 48000Hz and channel map aux0,aux1,aux2,aux3,aux4,aux5,aux6,aux7
04-18 15:37:57.729  2358  2358 I pulseaudio: [pulseaudio] sink-input.c:     media.name = "Simultaneous output on csm_amp"
04-18 15:37:57.729  2358  2358 I pulseaudio: [pulseaudio] sink-input.c:     media.role = "filter"
04-18 15:37:57.730  2358  2557 D pulseaudio: [alsa-sink-csm_amp] module-combine-sink.c: attach max request 9216
04-18 15:37:57.730  2358  2557 D pulseaudio: [alsa-sink-csm_amp] module-combine-sink.c: attach latency range 12000 12000
04-18 15:37:57.730  2358  2421 D pulseaudio: [combine] module-combine-sink.c: Sink update max request 9216
04-18 15:37:57.730  2358  2421 D pulseaudio: [combine] module-combine-sink.c: Sink update latency range 12000 12000
04-18 15:37:57.730  2358  2557 D pulseaudio: [alsa-sink-csm_amp] alsa-sink.c: Requested to rewind 0 bytes.
04-18 15:37:57.730  2358  2557 D pulseaudio: [alsa-sink-csm_amp] alsa-sink.c: Mhmm, actually there is nothing to rewind.
04-18 15:37:57.730  2358  2358 I pulseaudio: [pulseaudio] module.c: Loaded "module-alsa-sink" (index: #10; argument: "device=avb_csm_amp sink_name=alsa_output.avb.csm_amp tsched=0 channels=6 rewind_safeguard=20480 format=s16le channel_map=aux0,aux1,aux2,aux3,aux4,aux5 mmap=1").
04-18 15:37:57.732  2358  2358 D pulseaudio: [pulseaudio] alsa-util.c: Trying avb_csm_rsi with SND_PCM_NO_AUTO_FORMAT ...
04-18 15:37:57.732  2358  2358 I pulseaudio: [pulseaudio] pcm.c: snd_pcm_open(), name=avb_csm_rsi
04-18 15:37:57.732  2358  2358 E ALSALIB : snd_pcm_open(): opening PCM name: avb_csm_rsi
04-18 15:37:57.732  2358  2358 I pulseaudio: [pulseaudio] conf.c: snd_config_update_ref()
04-18 15:37:57.732  2358  2358 I pulseaudio: [pulseaudio] conf.c: snd_config_update_r()
04-18 15:37:57.732  2358  2358 I pulseaudio: [pulseaudio] conf.c: snd_config_update_r():  configs=/system/usr/share/alsa/alsa.conf
04-18 15:37:57.732  2358  2358 I pulseaudio: [pulseaudio] conf.c: snd_config_update_r():  local->finfo[0].name=/system/usr/share/alsa/alsa.conf
04-18 15:37:57.732  2358  2358 I pulseaudio: [pulseaudio] conf.c: snd_config_update_r(), err=0
04-18 15:37:57.732  2358  2358 I pulseaudio: [pulseaudio] conf.c: snd_config_update_ref(): RET snd_config_update_r(), err=0
04-18 15:37:57.732  2358  2358 I pulseaudio: [pulseaudio] conf.c: snd_config_update_ref(), err=0
04-18 15:37:57.732  2358  2358 I pulseaudio: [pulseaudio] pcm.c: snd_pcm_open_noupdate(), name=avb_csm_rsi
04-18 15:37:57.733  2358  2358 I pulseaudio: [pulseaudio] conf.c: snd_config_search_definition()
04-18 15:37:57.733  2358  2358 I pulseaudio: [pulseaudio] conf.c: snd_config_search_definition(): RET snd_config_search_alias_hooks(), err=0
04-18 15:37:57.733  2358  2358 I pulseaudio: [pulseaudio] pcm.c: snd_pcm_open_conf(), name=avb_csm_rsi
04-18 15:37:57.733  2358  2358 I pulseaudio: [pulseaudio] conf.c: snd_config_search_definition()
04-18 15:37:57.733  2358  2358 I pulseaudio: [pulseaudio] conf.c: snd_config_search_definition(): RET snd_config_search_alias_hooks(), err=-2
04-18 15:37:57.733  2358  2358 I pulseaudio: [pulseaudio] pcm.c: snd_pcm_open_conf(): lib=, open_name=_snd_pcm_empty_open
04-18 15:37:57.733  2358  2358 I pulseaudio: [pulseaudio] pcm.c: snd_pcm_open_noupdate(), name=avb:csm_rsi
04-18 15:37:57.733  2358  2358 I pulseaudio: [pulseaudio] conf.c: snd_config_search_definition()
04-18 15:37:57.733  2358  2358 I pulseaudio: [pulseaudio] conf.c: snd_config_search_definition(): RET snd_config_search_alias_hooks(), err=0
04-18 15:37:57.733  2358  2358 I pulseaudio: [pulseaudio] pcm.c: snd_pcm_open_conf(), name=avb:csm_rsi
04-18 15:37:57.733  2358  2358 I pulseaudio: [pulseaudio] conf.c: snd_config_search_definition()
04-18 15:37:57.733  2358  2358 I pulseaudio: [pulseaudio] conf.c: snd_config_search_definition(): RET snd_config_search_alias_hooks(), err=-2
04-18 15:37:57.733  2358  2358 I pulseaudio: [pulseaudio] pcm.c: snd_pcm_open_conf(): lib=/system/lib/libasound_module_pcm_smartx.so, open_name=_snd_pcm_smartx_open
04-18 15:37:57.733  2358  2358 I pulseaudio: [pulseaudio] pcm.c: snd_pcm_open_noupdate(): RET snd_pcm_open_conf, err=0
04-18 15:37:57.733  2358  2358 I pulseaudio: [pulseaudio] pcm.c: snd_pcm_open_noupdate(): RET snd_pcm_open_conf, err=0
04-18 15:37:57.733  2358  2358 I pulseaudio: [pulseaudio] pcm.c: snd_pcm_open(): RET snd_pcm_open_noupdate(), err=0
04-18 15:37:57.733  2358  2358 E ALSALIB : snd_pcm_open() open avb_csm_rsi done, ret=0
04-18 15:37:57.733  2358  2358 D pulseaudio: [pulseaudio] alsa-util.c: Managed to open avb_csm_rsi
04-18 15:37:57.733  2358  2358 D pulseaudio: [pulseaudio] alsa-util.c: Maximum hw buffer size is 12 ms
04-18 15:37:57.735  2358  2358 D pulseaudio: [pulseaudio] alsa-util.c: Set buffer size first (to 4800 samples), period size second (to 1200 samples).
04-18 15:37:57.735  2358  2358 I pulseaudio: [pulseaudio] alsa-sink.c: Successfully opened device avb_csm_rsi.
04-18 15:37:57.735  2358  2358 I pulseaudio: [pulseaudio] alsa-sink.c: Successfully enabled mmap() mode.
04-18 15:37:57.735  2358  2358 W pulseaudio: [pulseaudio] sink.c: Default and alternate sample rates are the same.
04-18 15:37:57.735  2358  2358 I pulseaudio: [pulseaudio] sink.c: Created sink 3 "alsa_output.avb.csm_rsi" with sample spec s16le 4ch 48000Hz and channel map aux0,aux1,aux2,aux3
04-18 15:37:57.735  2358  2358 I pulseaudio: [pulseaudio] sink.c:     alsa.resolution_bits = "16"
04-18 15:37:57.735  2358  2358 I pulseaudio: [pulseaudio] sink.c:     device.api = "alsa"
04-18 15:37:57.735  2358  2358 I pulseaudio: [pulseaudio] sink.c:     device.class = "sound"
04-18 15:37:57.735  2358  2358 I pulseaudio: [pulseaudio] sink.c:     alsa.class = "generic"
04-18 15:37:57.735  2358  2358 I pulseaudio: [pulseaudio] sink.c:     alsa.subclass = "generic-mix"
04-18 15:37:57.735  2358  2358 I pulseaudio: [pulseaudio] sink.c:     alsa.name = "csm_rsi"
04-18 15:37:57.735  2358  2358 I pulseaudio: [pulseaudio] sink.c:     alsa.id = "csm_rsi"
04-18 15:37:57.735  2358  2358 I pulseaudio: [pulseaudio] sink.c:     alsa.subdevice = "0"
04-18 15:37:57.735  2358  2358 I pulseaudio: [pulseaudio] sink.c:     alsa.subdevice_name = "csm_rsi"
04-18 15:37:57.735  2358  2358 I pulseaudio: [pulseaudio] sink.c:     alsa.device = "0"
04-18 15:37:57.735  2358  2358 I pulseaudio: [pulseaudio] sink.c:     device.string = "avb_csm_rsi"
04-18 15:37:57.735  2358  2358 I pulseaudio: [pulseaudio] sink.c:     device.buffering.buffer_size = "4608"
04-18 15:37:57.735  2358  2358 I pulseaudio: [pulseaudio] sink.c:     device.buffering.fragment_size = "1536"
04-18 15:37:57.735  2358  2358 I pulseaudio: [pulseaudio] sink.c:     device.access_mode = "mmap"
04-18 15:37:57.735  2358  2358 I pulseaudio: [pulseaudio] sink.c:     device.description = "csm_rsi"
04-18 15:37:57.735  2358  2358 I pulseaudio: [pulseaudio] sink.c:     device.icon_name = "audio-card"
04-18 15:37:57.743  2358  2358 I pulseaudio: [pulseaudio] source.c: Created source 9 "alsa_output.avb.csm_rsi.monitor" with sample spec s16le 4ch 48000Hz and channel map aux0,aux1,aux2,aux3
04-18 15:37:57.743  2358  2358 I pulseaudio: [pulseaudio] source.c:     device.description = "Monitor of csm_rsi"
04-18 15:37:57.743  2358  2358 I pulseaudio: [pulseaudio] source.c:     device.class = "monitor"
04-18 15:37:57.743  2358  2358 I pulseaudio: [pulseaudio] source.c:     device.icon_name = "audio-input-microphone"
04-18 15:37:57.743  2358  2358 I pulseaudio: [pulseaudio] alsa-sink.c: Using 3.0 fragments of size 1536 bytes (4.00ms), buffer size is 4608 bytes (12.00ms)
04-18 15:37:57.743  2358  2358 I pulseaudio: [pulseaudio] alsa-sink.c: Disabling rewind for device avb_csm_rsi
04-18 15:37:57.743  2358  2358 D pulseaudio: [pulseaudio] alsa-sink.c: hwbuf_unused=0
04-18 15:37:57.743  2358  2358 D pulseaudio: [pulseaudio] alsa-sink.c: setting avail_min=1
04-18 15:37:57.743  2358  2358 I pulseaudio: [pulseaudio] alsa-sink.c: Disabling rewind_within_thread for device avb_csm_rsi
04-18 15:37:57.743  2358  2358 D pulseaudio: [pulseaudio] alsa-util.c: snd_pcm_dump():
04-18 15:37:57.743  2358  2358 D pulseaudio: [pulseaudio] alsa-util.c: SmartX IO Plugin
04-18 15:37:57.743  2358  2358 D pulseaudio: [pulseaudio] alsa-util.c: Its setup is:
04-18 15:37:57.743  2358  2358 D pulseaudio: [pulseaudio] alsa-util.c:   stream       : PLAYBACK
04-18 15:37:57.743  2358  2358 D pulseaudio: [pulseaudio] alsa-util.c:   access       : MMAP_INTERLEAVED
04-18 15:37:57.743  2358  2358 D pulseaudio: [pulseaudio] alsa-util.c:   format       : S16_LE
04-18 15:37:57.743  2358  2358 D pulseaudio: [pulseaudio] alsa-util.c:   subformat    : STD
04-18 15:37:57.743  2358  2358 D pulseaudio: [pulseaudio] alsa-util.c:   channels     : 4
04-18 15:37:57.743  2358  2358 D pulseaudio: [pulseaudio] alsa-util.c:   rate         : 48000
04-18 15:37:57.743  2358  2358 D pulseaudio: [pulseaudio] alsa-util.c:   exact rate   : 48000 (48000/1)
04-18 15:37:57.743  2358  2358 D pulseaudio: [pulseaudio] alsa-util.c:   msbits       : 16
04-18 15:37:57.743  2358  2358 D pulseaudio: [pulseaudio] alsa-util.c:   buffer_size  : 576
04-18 15:37:57.743  2358  2358 D pulseaudio: [pulseaudio] alsa-util.c:   period_size  : 192
04-18 15:37:57.743  2358  2358 D pulseaudio: [pulseaudio] alsa-util.c:   period_time  : 4000
04-18 15:37:57.743  2358  2358 D pulseaudio: [pulseaudio] alsa-util.c:   tstamp_mode  : ENABLE
04-18 15:37:57.743  2358  2358 D pulseaudio: [pulseaudio] alsa-util.c:   tstamp_type  : GETTIMEOFDAY
04-18 15:37:57.743  2358  2358 D pulseaudio: [pulseaudio] alsa-util.c:   period_step  : 1
04-18 15:37:57.743  2358  2358 D pulseaudio: [pulseaudio] alsa-util.c:   avail_min    : 192
04-18 15:37:57.743  2358  2358 D pulseaudio: [pulseaudio] alsa-util.c:   period_event : 1
04-18 15:37:57.743  2358  2358 D pulseaudio: [pulseaudio] alsa-util.c:   start_threshold  : -1
04-18 15:37:57.743  2358  2358 D pulseaudio: [pulseaudio] alsa-util.c:   stop_threshold   : 1207959552
04-18 15:37:57.743  2358  2358 D pulseaudio: [pulseaudio] alsa-util.c:   silence_threshold: 0
04-18 15:37:57.743  2358  2358 D pulseaudio: [pulseaudio] alsa-util.c:   silence_size : 0
04-18 15:37:57.743  2358  2358 D pulseaudio: [pulseaudio] alsa-util.c:   boundary     : 1207959552
04-18 15:37:57.753  2358  2561 D pulseaudio: [alsa-sink-csm_rsi] alsa-sink.c: Thread starting up
04-18 15:37:57.753  2358  2561 D pulseaudio: [alsa-sink-csm_rsi] core-util.c: SCHED_RR|SCHED_RESET_ON_FORK worked.
04-18 15:37:57.753  2358  2561 I pulseaudio: [alsa-sink-csm_rsi] core-util.c: Successfully enabled SCHED_RR scheduling for thread, with priority 50.
04-18 15:37:57.754  2358  2561 I pulseaudio: [alsa-sink-csm_rsi] alsa-sink.c: Starting playback.
04-18 15:37:57.755  2358  2358 D pulseaudio: [pulseaudio] module-suspend-on-idle.c: Sink alsa_output.avb.csm_rsi becomes idle, timeout in 10 seconds.
04-18 15:37:57.755  2358  2358 D pulseaudio: [pulseaudio] module-combine-sink.c: sink name alsa_output.avb.csm_rsi match with crossbar config
04-18 15:37:57.755  2358  2358 I pulseaudio: [pulseaudio] module-combine-sink.c: Configuring new sink: alsa_output.avb.csm_rsi
04-18 15:37:57.755  2358  2358 D pulseaudio: [pulseaudio] module-combine-sink.c: new output memblockq size 15360
04-18 15:37:57.755  2358  2358 D pulseaudio: [pulseaudio] memblockq.c: memblockq requested: maxlength=15360, tlength=15360, base=16, prebuf=1, minreq=0 maxrewind=0
04-18 15:37:57.755  2358  2358 D pulseaudio: [pulseaudio] memblockq.c: memblockq sanitized: maxlength=15360, tlength=15360, base=16, prebuf=16, minreq=16 maxrewind=0
04-18 15:37:57.755  2358  2358 D pulseaudio: [pulseaudio] sink-input.c: Negotiated format: pcm, format.sample_format = "\"s16le\""  format.rate = "48000"  format.channels = "8"  format.channel_map = "\"aux0,aux1,aux2,aux3,aux4,aux5,aux6,aux7\""
04-18 15:37:57.755  2358  2358 D pulseaudio: [pulseaudio] module-suspend-on-idle.c: Sink alsa_output.avb.csm_rsi becomes busy, resuming.
04-18 15:37:57.755  2358  2358 D pulseaudio: [pulseaudio] module-suspend-on-idle.c: Sink alsa_output.avb.csm_rsi becomes idle, timeout in 10 seconds.
04-18 15:37:57.755  2358  2358 D pulseaudio: [pulseaudio] resampler.c: Resampler:
04-18 15:37:57.755  2358  2358 D pulseaudio: [pulseaudio] resampler.c:   rate 48000 -> 48000 (method trivial)
04-18 15:37:57.755  2358  2358 D pulseaudio: [pulseaudio] resampler.c:   format s16le -> s16le (intermediate s16le)
04-18 15:37:57.755  2358  2358 D pulseaudio: [pulseaudio] resampler.c:   channels 8 -> 4 (resampling 4)
04-18 15:37:57.756  2358  2358 D pulseaudio: [pulseaudio] resampler.c: Channel matrix:
04-18 15:37:57.756  2358  2358 D pulseaudio: [pulseaudio] resampler.c:        I00   I01   I02   I03   I04   I05   I06   I07 
04-18 15:37:57.756  2358  2358 D pulseaudio: [pulseaudio] resampler.c:     +------------------------------------------------
04-18 15:37:57.756  2358  2358 D pulseaudio: [pulseaudio] resampler.c: O00 | 1.000 0.000 0.000 0.000 0.000 0.000 0.000 0.000
04-18 15:37:57.756  2358  2358 D pulseaudio: [pulseaudio] resampler.c: O01 | 0.000 1.000 0.000 0.000 0.000 0.000 0.000 0.000
04-18 15:37:57.756  2358  2358 D pulseaudio: [pulseaudio] resampler.c: O02 | 0.000 0.000 1.000 0.000 0.000 0.000 0.000 0.000
04-18 15:37:57.756  2358  2358 D pulseaudio: [pulseaudio] resampler.c: O03 | 0.000 0.000 0.000 1.000 0.000 0.000 0.000 0.000
04-18 15:37:57.756  2358  2358 I pulseaudio: [pulseaudio] remap.c: Using 4-channel arrange remapping
04-18 15:37:57.756  2358  2358 D pulseaudio: [pulseaudio] memblockq.c: memblockq requested: maxlength=33554432, tlength=0, base=8, prebuf=0, minreq=1 maxrewind=0
04-18 15:37:57.756  2358  2358 D pulseaudio: [pulseaudio] memblockq.c: memblockq sanitized: maxlength=33554432, tlength=33554432, base=8, prebuf=0, minreq=8 maxrewind=0
04-18 15:37:57.756  2358  2358 I pulseaudio: [pulseaudio] sink-input.c: Created input 2 "Simultaneous output on csm_rsi" on alsa_output.avb.csm_rsi with sample spec s16le 8ch 48000Hz and channel map aux0,aux1,aux2,aux3,aux4,aux5,aux6,aux7
04-18 15:37:57.756  2358  2358 I pulseaudio: [pulseaudio] sink-input.c:     media.name = "Simultaneous output on csm_rsi"
04-18 15:37:57.756  2358  2358 I pulseaudio: [pulseaudio] sink-input.c:     media.role = "filter"
04-18 15:37:57.756  2358  2561 D pulseaudio: [alsa-sink-csm_rsi] module-combine-sink.c: attach max request 9216
04-18 15:37:57.756  2358  2561 D pulseaudio: [alsa-sink-csm_rsi] module-combine-sink.c: attach latency range 12000 12000
04-18 15:37:57.756  2358  2421 D pulseaudio: [combine] module-combine-sink.c: Sink update max request 9216
04-18 15:37:57.756  2358  2421 D pulseaudio: [combine] module-combine-sink.c: Sink update latency range 12000 12000
04-18 15:37:57.756  2358  2561 D pulseaudio: [alsa-sink-csm_rsi] alsa-sink.c: Requested to rewind 0 bytes.
04-18 15:37:57.756  2358  2561 D pulseaudio: [alsa-sink-csm_rsi] alsa-sink.c: Mhmm, actually there is nothing to rewind.
04-18 15:37:57.757  2358  2358 I pulseaudio: [pulseaudio] module.c: Loaded "module-alsa-sink" (index: #11; argument: "device=avb_csm_rsi sink_name=alsa_output.avb.csm_rsi tsched=0 channels=4 rewind_safeguard=20480 format=s16le channel_map=aux0,aux1,aux2,aux3 mmap=1").
04-18 15:37:57.757  2358  2358 D pulseaudio: [pulseaudio] core-util.c: SCHED_RR|SCHED_RESET_ON_FORK worked.
04-18 15:37:57.757  2358  2358 I pulseaudio: [pulseaudio] core-util.c: Successfully enabled SCHED_RR scheduling for thread, with priority 50.
04-18 15:37:57.757  2358  2358 I pulseaudio: [pulseaudio] main.c: Daemon startup complete.
04-18 15:37:57.762  1965  2129 E vehicle_abstraction: CODIDynamicDataGroup::processRxGroupSignal ODI data (dataID = 10) not mapped (fucID = 7) 
04-18 15:37:57.775  2153  2367 I tlin_device: tlin_read error reading : 0x00 0x55 0x1f 
04-18 15:37:57.775  2153  2153 I tlin_device: TlinDevice Destructor
04-18 15:37:57.775  2153  2153 E pal_input: [INPUT:TLIN] open:[pal_input_tlin.cpp:66] TLIN Device interface failed to open
04-18 15:37:57.775  2153  2153 E VehiclePanelService: init lvm interface failed: -1
04-18 15:37:57.775  2153  2153 E pal_input: [INPUT:CORE] register_touch_velocity:[pal_input_core.cpp:923] work mode module is 'ICS_SRC_I2C' , can not register touch velocity 
04-18 15:37:57.775  2153  2153 I VehiclePanelService: VehiclePanelService constructor done
04-18 15:37:57.775  2497  2497 I GMCRASHLOG: Logs root property set: [persist.crashlogd.root]: [/data/data/gmlogger/gmcrashlogs]
04-18 15:37:57.780  2497  2497 I GMCRASHLOG: umask: 0002 -> 0002
04-18 15:37:57.780  2497  2497 I GMCRASHLOG: no specific config: /system/etc/gmcrashlog.conf
04-18 15:37:57.780  2497  2497 I GMCRASHLOG: get_build_board_versions: /system/build.prop: buildversion=284, boardversion=gminfo36
04-18 15:37:57.780  2497  2497 D GMCRASHLOG: sdcard_allowed : Current crashlog mode is NOMINAL MODE - SDCard storage disabled.
04-18 15:37:57.780  2497  2497 I GMCRASHLOG: get_crash_env: ro.boot.mode=, ro.crypto.state=encrypted, vold.encrypt_progress=, vold.decrypt=, crashlogd.token=
04-18 15:37:57.780  2497  2497 E GMCRASHLOG: get_device_id: Could not read /proc/emmc0_id_entry (No such file or directory)
04-18 15:37:57.780  2497  2497 I GMCRASHLOG: read /sys/block/mmcblk0/device/cid: , ret=-2
04-18 15:37:57.780  2497  2497 E GMCRASHLOG: get_device_id: Could not get mmc id: -2 (No such file or directory)
04-18 15:37:57.780  2497  2497 I GMCRASHLOG: save UUID R1J56L39eda8d6 to /data/data/gmlogger/gmcrashlogs/uuid.txt
04-18 15:37:57.781  2210  2284 D GMLoggerService: GMLoggerd : mLogLevelCinemo = -1 setLogLevel
04-18 15:37:57.783  1682  1682 I ServiceManager: service 'media.audio_flinger' died
04-18 15:37:57.783  1682  1682 I ServiceManager: service 'media.player' died
04-18 15:37:57.783  1682  1682 I ServiceManager: service 'media.resource_manager' died
04-18 15:37:57.783  1682  1682 I ServiceManager: service 'media.camera' died
04-18 15:37:57.783  1682  1682 I ServiceManager: service 'media.audio_policy' died
04-18 15:37:57.783  1682  1682 I ServiceManager: service 'media.sound_trigger_hw' died
04-18 15:37:57.783  1682  1682 I ServiceManager: service 'media.radio' died
04-18 15:37:57.785  2497  2497 I GMCRASHLOG: Current crashlogd mode is NOMINAL MODE
04-18 15:37:57.798  2497  2497 E GMCRASHLOG: phone enter state: unknown.
04-18 15:37:57.798  2497  2497 I GMCRASHLOG: early_check: read_startupreason: POWER-ON
04-18 15:37:57.801  1965  2129 E vehicle_abstraction: CODIDynamicDataGroup::processRxGroupSignal ODI data (dataID = 11) not mapped (fucID = 7) 
04-18 15:37:57.824  2497  2497 W GMCRASHLOG: notify_crashreport: Crashreport notification (CRASH_NOTIFY) skipped!
04-18 15:37:57.824  2497  2497 E GMCRASHLOG: REBOOT  e63bb3ea3f48bd0695dc  2019-04-18/15:37:57  POWER-ON
04-18 15:37:57.824  2497  2497 D GMCRASHLOG: sdcard_allowed : Current crashlog mode is NOMINAL MODE - SDCard storage disabled.
04-18 15:37:57.830  1946  1946 D ICU     : No timezone override file found: /data/misc/zoneinfo/current/icu/icu_tzdata.dat
04-18 15:37:57.866  1965  2129 E vehicle_abstraction: setIPCReadGlobalAGroupSignalData Signal not found (groupSignal = 0x809F) 
04-18 15:37:57.880  2569  2569 I VAS/VehicleAudioService: VehicleAudioService() constructor
04-18 15:37:57.889  2569  2569 I VAS/EQTool: CEQToolInterface() constructor
04-18 15:37:57.889  2569  2569 I VAS/AudioCtrlSvcImpl: CAudioCtrlSvcImpl() VehicleAudioService starts initialization at 5
04-18 15:37:57.889  2569  2569 D BOOT-TIME|:  VehicleAudioService start initialization at 4516
04-18 15:37:57.889  2569  2569 I VAS/AudioCtrlSvcImpl: CAudioCtrlSvcImpl() AmplifierType set to 3
04-18 15:37:57.890  2569  2569 I VAS/ExternalAmpIface: update() attrName AutoLdnsCmpnAct, rawValue 1.00
04-18 15:37:57.890  2569  2569 E pal_vehicle: [VDATA:VEHICLE_CLIENT] setVehicleServiceData:[pal_vehicle_client.cpp:613] Error, Binder Service is not connected
04-18 15:37:57.890  2569  2569 E pal_vehicle: [VDATA:VEHICLE_COMMON] pal_vdata_set_signal_value:[pal_vehicle_data.cpp:310] Error, Set data sig=4071 AMPLIFIER_SETTINGS_SINK_LEVEL_CONTROL
04-18 15:37:57.890  2569  2569 E pal_vehicle: [VDATA:VEHICLE_COMMON] convert_result:[pal_vehicle_data.cpp:113] API: set_amplifier_settings_sink_level_control FAILED pal_vdata_convert_result() is 6
04-18 15:37:57.890  2569  2569 I VAS/ExternalAmpIface: update() attrName MtxSnkBass, rawValue 0.00
04-18 15:37:57.890  2569  2569 E pal_vehicle: [VDATA:VEHICLE_CLIENT] setVehicleServiceData:[pal_vehicle_client.cpp:613] Error, Binder Service is not connected
04-18 15:37:57.890  2569  2569 E pal_vehicle: [VDATA:VEHICLE_COMMON] pal_vdata_set_signal_value:[pal_vehicle_data.cpp:310] Error, Set data sig=4071 AMPLIFIER_SETTINGS_SINK_LEVEL_CONTROL
04-18 15:37:57.890  2569  2569 E pal_vehicle: [VDATA:VEHICLE_COMMON] convert_result:[pal_vehicle_data.cpp:113] API: set_amplifier_settings_sink_level_control FAILED pal_vdata_convert_result() is 6
04-18 15:37:57.890  2569  2569 E VAS/AudioDriverInterface: setBass() Dirana is NOT ready to use => skipping
04-18 15:37:57.890  2569  2569 I VAS/AudioDriverInterface: initAudio() entry
04-18 15:37:57.890  2569  2569 E VAS/AudioDriverInterface: initAudio() chime_pal_init() successful
04-18 15:37:57.890  2569  2569 E VAS/AudioDriverInterface: initAudio() chime_pal_set_audio_standby_unmute successful
04-18 15:37:57.890  2569  2569 E KPI     : PAL_AUDIO_INIT START
04-18 15:37:57.890  2569  2569 I libpal_audio: audio_init Entered!
04-18 15:37:57.891  2569  2569 I libpal_audio: Audio PAL Source Code Checksum: CHKSUM_a7a8117b7243694440f94392bdc367ad 
04-18 15:37:57.891  2569  2569 I libpal_audio: audio_initHarmanCrossBar Entered!
