12-31 20:00:00.299  1965  1965 E pal_vehicle: [VDATA:HANDLE_SRV] palVdataStorageInit:[pal_handle_service.cpp:645] ERROR, Get for initialize unorder map is invalid for sig=4468
12-31 20:00:00.299  1965  1965 E pal_vehicle: [VDATA:HANDLE_SRV] vdataGetSignalData:[pal_handle_service.cpp:262] ERROR, palVdata.returned_value=6
12-31 20:00:00.299  1965  1965 E pal_vehicle: [VDATA:HANDLE_SRV] palVdataStorageInit:[pal_handle_service.cpp:645] ERROR, Get for initialize unorder map is invalid for sig=4469
12-31 20:00:00.299  1965  1965 E pal_vehicle: [VDATA:HANDLE_SRV] vdataGetSignalData:[pal_handle_service.cpp:262] ERROR, palVdata.returned_value=6
12-31 20:00:00.299  1965  1965 E pal_vehicle: [VDATA:HANDLE_SRV] palVdataStorageInit:[pal_handle_service.cpp:645] ERROR, Get for initialize unorder map is invalid for sig=4470
12-31 20:00:00.299  1965  1965 E pal_vehicle: [VDATA:HANDLE_SRV] vdataGetSignalData:[pal_handle_service.cpp:262] ERROR, palVdata.returned_value=6
12-31 20:00:00.299  1965  1965 E pal_vehicle: [VDATA:HANDLE_SRV] palVdataStorageInit:[pal_handle_service.cpp:645] ERROR, Get for initialize unorder map is invalid for sig=4471
12-31 20:00:00.300  1965  1965 E pal_vehicle: [VDATA:HANDLE_SRV] vdataGetSignalData:[pal_handle_service.cpp:262] ERROR, palVdata.returned_value=6
12-31 20:00:00.300  1965  1965 E pal_vehicle: [VDATA:HANDLE_SRV] palVdataStorageInit:[pal_handle_service.cpp:645] ERROR, Get for initialize unorder map is invalid for sig=4472
12-31 20:00:00.300  1965  1965 E pal_vehicle: [VDATA:HANDLE_SRV] vdataGetSignalData:[pal_handle_service.cpp:262] ERROR, palVdata.returned_value=6
12-31 20:00:00.300  1965  1965 E pal_vehicle: [VDATA:HANDLE_SRV] palVdataStorageInit:[pal_handle_service.cpp:645] ERROR, Get for initialize unorder map is invalid for sig=4473
12-31 20:00:00.300  1965  1965 E pal_vehicle: [VDATA:HANDLE_SRV] vdataGetSignalData:[pal_handle_service.cpp:262] ERROR, palVdata.returned_value=6
12-31 20:00:00.300  1965  1965 E pal_vehicle: [VDATA:HANDLE_SRV] palVdataStorageInit:[pal_handle_service.cpp:645] ERROR, Get for initialize unorder map is invalid for sig=4474
12-31 20:00:00.300  1965  1965 E pal_vehicle: [VDATA:HANDLE_SRV] vdataGetSignalData:[pal_handle_service.cpp:262] ERROR, palVdata.returned_value=6
12-31 20:00:00.300  1965  1965 E pal_vehicle: [VDATA:HANDLE_SRV] palVdataStorageInit:[pal_handle_service.cpp:645] ERROR, Get for initialize unorder map is invalid for sig=4483
12-31 20:00:00.300  1965  1965 E pal_vehicle: [VDATA:HANDLE_SRV] vdataGetSignalData:[pal_handle_service.cpp:262] ERROR, palVdata.returned_value=6
12-31 20:00:00.300  1965  1965 E pal_vehicle: [VDATA:HANDLE_SRV] palVdataStorageInit:[pal_handle_service.cpp:645] ERROR, Get for initialize unorder map is invalid for sig=4484
12-31 20:00:00.300  1965  1965 E pal_vehicle: [VDATA:HANDLE_SRV] vdataGetSignalData:[pal_handle_service.cpp:262] ERROR, palVdata.returned_value=6
12-31 20:00:00.300  1965  1965 E pal_vehicle: [VDATA:HANDLE_SRV] palVdataStorageInit:[pal_handle_service.cpp:645] ERROR, Get for initialize unorder map is invalid for sig=4485
12-31 20:00:00.300  1965  1965 E pal_vehicle: [VDATA:HANDLE_SRV] vdataGetSignalData:[pal_handle_service.cpp:262] ERROR, palVdata.returned_value=6
12-31 20:00:00.301  1965  1965 E pal_vehicle: [VDATA:HANDLE_SRV] palVdataStorageInit:[pal_handle_service.cpp:645] ERROR, Get for initialize unorder map is invalid for sig=4486
12-31 20:00:00.301  1965  1965 E pal_vehicle: [VDATA:HANDLE_SRV] vdataGetSignalData:[pal_handle_service.cpp:262] ERROR, palVdata.returned_value=6
12-31 20:00:00.301  1965  1965 E pal_vehicle: [VDATA:HANDLE_SRV] palVdataStorageInit:[pal_handle_service.cpp:645] ERROR, Get for initialize unorder map is invalid for sig=4487
12-31 20:00:00.301  1965  1965 E pal_vehicle: [VDATA:HANDLE_SRV] vdataGetSignalData:[pal_handle_service.cpp:262] ERROR, palVdata.returned_value=6
12-31 20:00:00.301  1965  1965 E pal_vehicle: [VDATA:HANDLE_SRV] palVdataStorageInit:[pal_handle_service.cpp:645] ERROR, Get for initialize unorder map is invalid for sig=4488
12-31 20:00:00.301  1965  1965 E pal_vehicle: [VDATA:HANDLE_SRV] vdataGetSignalData:[pal_handle_service.cpp:262] ERROR, palVdata.returned_value=6
12-31 20:00:00.301  1965  1965 E pal_vehicle: [VDATA:HANDLE_SRV] palVdataStorageInit:[pal_handle_service.cpp:645] ERROR, Get for initialize unorder map is invalid for sig=4489
12-31 20:00:00.301  1965  1965 E pal_vehicle: [VDATA:HANDLE_SRV] vdataGetSignalData:[pal_handle_service.cpp:262] ERROR, palVdata.returned_value=6
12-31 20:00:00.301  1965  1965 E pal_vehicle: [VDATA:HANDLE_SRV] palVdataStorageInit:[pal_handle_service.cpp:645] ERROR, Get for initialize unorder map is invalid for sig=4513
12-31 20:00:00.301  1965  1965 E pal_vehicle: [VDATA:HANDLE_SRV] vdataGetSignalData:[pal_handle_service.cpp:262] ERROR, palVdata.returned_value=6
12-31 20:00:00.301  1965  1965 E pal_vehicle: [VDATA:HANDLE_SRV] palVdataStorageInit:[pal_handle_service.cpp:645] ERROR, Get for initialize unorder map is invalid for sig=4514
12-31 20:00:00.301  1965  1965 E pal_vehicle: [VDATA:HANDLE_SRV] vdataGetSignalData:[pal_handle_service.cpp:262] ERROR, palVdata.returned_value=6
12-31 20:00:00.301  1965  1965 E pal_vehicle: [VDATA:HANDLE_SRV] palVdataStorageInit:[pal_handle_service.cpp:645] ERROR, Get for initialize unorder map is invalid for sig=4515
12-31 20:00:00.301  1965  1965 E pal_vehicle: [VDATA:HANDLE_SRV] vdataGetSignalData:[pal_handle_service.cpp:262] ERROR, palVdata.returned_value=6
12-31 20:00:00.301  1965  1965 E pal_vehicle: [VDATA:HANDLE_SRV] palVdataStorageInit:[pal_handle_service.cpp:645] ERROR, Get for initialize unorder map is invalid for sig=4516
12-31 20:00:00.301  1965  1965 E pal_vehicle: [VDATA:HANDLE_SRV] vdataGetSignalData:[pal_handle_service.cpp:262] ERROR, palVdata.returned_value=6
12-31 20:00:00.301  1965  1965 E pal_vehicle: [VDATA:HANDLE_SRV] palVdataStorageInit:[pal_handle_service.cpp:645] ERROR, Get for initialize unorder map is invalid for sig=4517
12-31 20:00:00.301  1965  1965 E pal_vehicle: [VDATA:HANDLE_SRV] vdataGetSignalData:[pal_handle_service.cpp:262] ERROR, palVdata.returned_value=6
12-31 20:00:00.301  1965  1965 E pal_vehicle: [VDATA:HANDLE_SRV] palVdataStorageInit:[pal_handle_service.cpp:645] ERROR, Get for initialize unorder map is invalid for sig=4518
12-31 20:00:00.301  1965  1965 E pal_vehicle: [VDATA:HANDLE_SRV] vdataGetSignalData:[pal_handle_service.cpp:262] ERROR, palVdata.returned_value=6
12-31 20:00:00.301  1965  1965 E pal_vehicle: [VDATA:HANDLE_SRV] palVdataStorageInit:[pal_handle_service.cpp:645] ERROR, Get for initialize unorder map is invalid for sig=4520
12-31 20:00:00.301  1965  1965 E pal_vehicle: [VDATA:HANDLE_SRV] vdataGetSignalData:[pal_handle_service.cpp:262] ERROR, palVdata.returned_value=6
12-31 20:00:00.301  1965  1965 E pal_vehicle: [VDATA:HANDLE_SRV] palVdataStorageInit:[pal_handle_service.cpp:645] ERROR, Get for initialize unorder map is invalid for sig=4521
12-31 20:00:00.301  1965  1965 E pal_vehicle: [VDATA:HANDLE_SRV] vdataGetSignalData:[pal_handle_service.cpp:262] ERROR, palVdata.returned_value=6
12-31 20:00:00.302  1965  1965 E pal_vehicle: [VDATA:HANDLE_SRV] palVdataStorageInit:[pal_handle_service.cpp:645] ERROR, Get for initialize unorder map is invalid for sig=4522
12-31 20:00:00.302  1965  1965 E pal_vehicle: [VDATA:HANDLE_SRV] vdataGetSignalData:[pal_handle_service.cpp:262] ERROR, palVdata.returned_value=6
12-31 20:00:00.302  1965  1965 E pal_vehicle: [VDATA:HANDLE_SRV] palVdataStorageInit:[pal_handle_service.cpp:645] ERROR, Get for initialize unorder map is invalid for sig=4523
12-31 20:00:00.302  1965  1965 E pal_vehicle: [VDATA:HANDLE_SRV] vdataGetSignalData:[pal_handle_service.cpp:262] ERROR, palVdata.returned_value=6
12-31 20:00:00.302  1965  1965 E pal_vehicle: [VDATA:HANDLE_SRV] palVdataStorageInit:[pal_handle_service.cpp:645] ERROR, Get for initialize unorder map is invalid for sig=4525
12-31 20:00:00.302  1965  1965 E pal_vehicle: [VDATA:HANDLE_SRV] vdataGetSignalData:[pal_handle_service.cpp:262] ERROR, palVdata.returned_value=6
12-31 20:00:00.302  1965  1965 E pal_vehicle: [VDATA:HANDLE_SRV] palVdataStorageInit:[pal_handle_service.cpp:645] ERROR, Get for initialize unorder map is invalid for sig=4526
12-31 20:00:00.302  1965  1965 E pal_vehicle: [VDATA:HANDLE_SRV] vdataGetSignalData:[pal_handle_service.cpp:262] ERROR, palVdata.returned_value=6
12-31 20:00:00.302  1965  1965 E pal_vehicle: [VDATA:HANDLE_SRV] palVdataStorageInit:[pal_handle_service.cpp:645] ERROR, Get for initialize unorder map is invalid for sig=4527
12-31 20:00:00.302  1965  1965 E pal_vehicle: [VDATA:HANDLE_SRV] vdataGetSignalData:[pal_handle_service.cpp:262] ERROR, palVdata.returned_value=6
12-31 20:00:00.302  1965  1965 E pal_vehicle: [VDATA:HANDLE_SRV] palVdataStorageInit:[pal_handle_service.cpp:645] ERROR, Get for initialize unorder map is invalid for sig=4529
12-31 20:00:00.302  1965  1965 E pal_vehicle: [VDATA:HANDLE_SRV] vdataGetSignalData:[pal_handle_service.cpp:262] ERROR, palVdata.returned_value=6
12-31 20:00:00.302  1965  1965 E pal_vehicle: [VDATA:HANDLE_SRV] palVdataStorageInit:[pal_handle_service.cpp:645] ERROR, Get for initialize unorder map is invalid for sig=4530
12-31 20:00:00.302  1965  1965 E pal_vehicle: [VDATA:HANDLE_SRV] vdataGetSignalData:[pal_handle_service.cpp:262] ERROR, palVdata.returned_value=6
12-31 20:00:00.302  1965  1965 E pal_vehicle: [VDATA:HANDLE_SRV] palVdataStorageInit:[pal_handle_service.cpp:645] ERROR, Get for initialize unorder map is invalid for sig=4531
12-31 20:00:00.302  1965  1965 E pal_vehicle: [VDATA:HANDLE_SRV] vdataGetSignalData:[pal_handle_service.cpp:262] ERROR, palVdata.returned_value=6
12-31 20:00:00.302  1965  1965 E pal_vehicle: [VDATA:HANDLE_SRV] palVdataStorageInit:[pal_handle_service.cpp:645] ERROR, Get for initialize unorder map is invalid for sig=4534
12-31 20:00:00.302  1965  1965 E pal_vehicle: [VDATA:HANDLE_SRV] vdataGetSignalData:[pal_handle_service.cpp:262] ERROR, palVdata.returned_value=6
12-31 20:00:00.302  1965  1965 E pal_vehicle: [VDATA:HANDLE_SRV] palVdataStorageInit:[pal_handle_service.cpp:645] ERROR, Get for initialize unorder map is invalid for sig=4539
12-31 20:00:00.302  1965  1965 E pal_vehicle: [VDATA:HANDLE_SRV] vdataGetSignalData:[pal_handle_service.cpp:262] ERROR, palVdata.returned_value=6
12-31 20:00:00.302  1965  1965 E pal_vehicle: [VDATA:HANDLE_SRV] palVdataStorageInit:[pal_handle_service.cpp:645] ERROR, Get for initialize unorder map is invalid for sig=4544
12-31 20:00:00.302  1965  1965 E pal_vehicle: [VDATA:HANDLE_SRV] vdataGetSignalData:[pal_handle_service.cpp:262] ERROR, palVdata.returned_value=6
12-31 20:00:00.302  1965  1965 E pal_vehicle: [VDATA:HANDLE_SRV] palVdataStorageInit:[pal_handle_service.cpp:645] ERROR, Get for initialize unorder map is invalid for sig=4545
12-31 20:00:00.302  1965  1965 E pal_vehicle: [VDATA:HANDLE_SRV] vdataGetSignalData:[pal_handle_service.cpp:262] ERROR, palVdata.returned_value=6
12-31 20:00:00.302  1965  1965 E pal_vehicle: [VDATA:HANDLE_SRV] palVdataStorageInit:[pal_handle_service.cpp:645] ERROR, Get for initialize unorder map is invalid for sig=4547
12-31 20:00:00.302  1965  1965 E pal_vehicle: [VDATA:HANDLE_SRV] vdataGetSignalData:[pal_handle_service.cpp:262] ERROR, palVdata.returned_value=6
12-31 20:00:00.302  1965  1965 E pal_vehicle: [VDATA:HANDLE_SRV] palVdataStorageInit:[pal_handle_service.cpp:645] ERROR, Get for initialize unorder map is invalid for sig=4549
12-31 20:00:00.302  1965  1965 E pal_vehicle: [VDATA:HANDLE_SRV] vdataGetSignalData:[pal_handle_service.cpp:262] ERROR, palVdata.returned_value=6
12-31 20:00:00.302  1965  1965 E pal_vehicle: [VDATA:HANDLE_SRV] palVdataStorageInit:[pal_handle_service.cpp:645] ERROR, Get for initialize unorder map is invalid for sig=4550
12-31 20:00:00.302  1965  1965 E pal_vehicle: [VDATA:HANDLE_SRV] vdataGetSignalData:[pal_handle_service.cpp:262] ERROR, palVdata.returned_value=6
12-31 20:00:00.302  1965  1965 E pal_vehicle: [VDATA:HANDLE_SRV] palVdataStorageInit:[pal_handle_service.cpp:645] ERROR, Get for initialize unorder map is invalid for sig=4551
12-31 20:00:00.302  1965  1965 E pal_vehicle: [VDATA:HANDLE_SRV] vdataGetSignalData:[pal_handle_service.cpp:262] ERROR, palVdata.returned_value=6
12-31 20:00:00.302  1965  1965 E pal_vehicle: [VDATA:HANDLE_SRV] palVdataStorageInit:[pal_handle_service.cpp:645] ERROR, Get for initialize unorder map is invalid for sig=4552
12-31 20:00:00.302  1965  1965 E pal_vehicle: [VDATA:HANDLE_SRV] vdataGetSignalData:[pal_handle_service.cpp:262] ERROR, palVdata.returned_value=6
12-31 20:00:00.302  1965  1965 E pal_vehicle: [VDATA:HANDLE_SRV] palVdataStorageInit:[pal_handle_service.cpp:645] ERROR, Get for initialize unorder map is invalid for sig=4553
12-31 20:00:00.302  1965  1965 E pal_vehicle: [VDATA:HANDLE_SRV] vdataGetSignalData:[pal_handle_service.cpp:262] ERROR, palVdata.returned_value=6
12-31 20:00:00.302  1965  1965 E pal_vehicle: [VDATA:HANDLE_SRV] palVdataStorageInit:[pal_handle_service.cpp:645] ERROR, Get for initialize unorder map is invalid for sig=4554
12-31 20:00:00.302  1965  1965 E pal_vehicle: [VDATA:HANDLE_SRV] vdataGetSignalData:[pal_handle_service.cpp:262] ERROR, palVdata.returned_value=6
12-31 20:00:00.302  1965  1965 E pal_vehicle: [VDATA:HANDLE_SRV] palVdataStorageInit:[pal_handle_service.cpp:645] ERROR, Get for initialize unorder map is invalid for sig=4557
12-31 20:00:00.302  1965  1965 E pal_vehicle: [VDATA:HANDLE_SRV] vdataGetSignalData:[pal_handle_service.cpp:262] ERROR, palVdata.returned_value=6
12-31 20:00:00.302  1965  1965 E pal_vehicle: [VDATA:HANDLE_SRV] palVdataStorageInit:[pal_handle_service.cpp:645] ERROR, Get for initialize unorder map is invalid for sig=4560
12-31 20:00:00.302  1965  1965 E pal_vehicle: [VDATA:HANDLE_SRV] vdataGetSignalData:[pal_handle_service.cpp:262] ERROR, palVdata.returned_value=6
12-31 20:00:00.302  1965  1965 E pal_vehicle: [VDATA:HANDLE_SRV] palVdataStorageInit:[pal_handle_service.cpp:645] ERROR, Get for initialize unorder map is invalid for sig=4561
12-31 20:00:00.302  1965  1965 E pal_vehicle: [VDATA:HANDLE_SRV] vdataGetSignalData:[pal_handle_service.cpp:262] ERROR, palVdata.returned_value=6
12-31 20:00:00.302  1965  1965 E pal_vehicle: [VDATA:HANDLE_SRV] palVdataStorageInit:[pal_handle_service.cpp:645] ERROR, Get for initialize unorder map is invalid for sig=4562
12-31 20:00:00.302  1965  1965 E pal_vehicle: [VDATA:HANDLE_SRV] vdataGetSignalData:[pal_handle_service.cpp:262] ERROR, palVdata.returned_value=6
12-31 20:00:00.302  1965  1965 E pal_vehicle: [VDATA:HANDLE_SRV] palVdataStorageInit:[pal_handle_service.cpp:645] ERROR, Get for initialize unorder map is invalid for sig=4563
12-31 20:00:00.303  1965  1965 E pal_vehicle: [VDATA:HANDLE_SRV] vdataGetSignalData:[pal_handle_service.cpp:262] ERROR, palVdata.returned_value=6
12-31 20:00:00.303  1965  1965 E pal_vehicle: [VDATA:HANDLE_SRV] palVdataStorageInit:[pal_handle_service.cpp:645] ERROR, Get for initialize unorder map is invalid for sig=4564
12-31 20:00:00.303  1965  1965 E pal_vehicle: [VDATA:HANDLE_SRV] vdataGetSignalData:[pal_handle_service.cpp:262] ERROR, palVdata.returned_value=6
12-31 20:00:00.303  1965  1965 E pal_vehicle: [VDATA:HANDLE_SRV] palVdataStorageInit:[pal_handle_service.cpp:645] ERROR, Get for initialize unorder map is invalid for sig=4565
12-31 20:00:00.303  1965  1965 E pal_vehicle: [VDATA:HANDLE_SRV] vdataGetSignalData:[pal_handle_service.cpp:262] ERROR, palVdata.returned_value=6
12-31 20:00:00.303  1965  1965 E pal_vehicle: [VDATA:HANDLE_SRV] palVdataStorageInit:[pal_handle_service.cpp:645] ERROR, Get for initialize unorder map is invalid for sig=4566
12-31 20:00:00.303  1965  1965 E pal_vehicle: [VDATA:HANDLE_SRV] vdataGetSignalData:[pal_handle_service.cpp:262] ERROR, palVdata.returned_value=6
12-31 20:00:00.303  1965  1965 E pal_vehicle: [VDATA:HANDLE_SRV] palVdataStorageInit:[pal_handle_service.cpp:645] ERROR, Get for initialize unorder map is invalid for sig=4567
12-31 20:00:00.303  1965  1965 E pal_vehicle: [VDATA:HANDLE_SRV] vdataGetSignalData:[pal_handle_service.cpp:262] ERROR, palVdata.returned_value=6
12-31 20:00:00.303  1965  1965 E pal_vehicle: [VDATA:HANDLE_SRV] palVdataStorageInit:[pal_handle_service.cpp:645] ERROR, Get for initialize unorder map is invalid for sig=4568
12-31 20:00:00.303  1965  1965 E pal_vehicle: [VDATA:HANDLE_SRV] vdataGetSignalData:[pal_handle_service.cpp:262] ERROR, palVdata.returned_value=6
12-31 20:00:00.303  1965  1965 E pal_vehicle: [VDATA:HANDLE_SRV] palVdataStorageInit:[pal_handle_service.cpp:645] ERROR, Get for initialize unorder map is invalid for sig=4569
12-31 20:00:00.303  1965  1965 E pal_vehicle: [VDATA:HANDLE_SRV] vdataGetSignalData:[pal_handle_service.cpp:262] ERROR, palVdata.returned_value=6
12-31 20:00:00.303  1965  1965 E pal_vehicle: [VDATA:HANDLE_SRV] palVdataStorageInit:[pal_handle_service.cpp:645] ERROR, Get for initialize unorder map is invalid for sig=4570
12-31 20:00:00.303  1965  1965 E pal_vehicle: [VDATA:HANDLE_SRV] vdataGetSignalData:[pal_handle_service.cpp:262] ERROR, palVdata.returned_value=6
12-31 20:00:00.303  1965  1965 E pal_vehicle: [VDATA:HANDLE_SRV] palVdataStorageInit:[pal_handle_service.cpp:645] ERROR, Get for initialize unorder map is invalid for sig=4573
12-31 20:00:00.303  1965  1965 E pal_vehicle: [VDATA:HANDLE_SRV] vdataGetSignalData:[pal_handle_service.cpp:262] ERROR, palVdata.returned_value=6
12-31 20:00:00.303  1965  1965 E pal_vehicle: [VDATA:HANDLE_SRV] palVdataStorageInit:[pal_handle_service.cpp:645] ERROR, Get for initialize unorder map is invalid for sig=4574
12-31 20:00:00.303  1965  1965 E pal_vehicle: [VDATA:HANDLE_SRV] vdataGetSignalData:[pal_handle_service.cpp:262] ERROR, palVdata.returned_value=6
12-31 20:00:00.303  1965  1965 E pal_vehicle: [VDATA:HANDLE_SRV] palVdataStorageInit:[pal_handle_service.cpp:645] ERROR, Get for initialize unorder map is invalid for sig=4575
12-31 20:00:00.303  1965  1965 E pal_vehicle: [VDATA:HANDLE_SRV] vdataGetSignalData:[pal_handle_service.cpp:262] ERROR, palVdata.returned_value=6
12-31 20:00:00.303  1965  1965 E pal_vehicle: [VDATA:HANDLE_SRV] palVdataStorageInit:[pal_handle_service.cpp:645] ERROR, Get for initialize unorder map is invalid for sig=4576
12-31 20:00:00.303  1965  1965 E pal_vehicle: [VDATA:HANDLE_SRV] vdataGetSignalData:[pal_handle_service.cpp:262] ERROR, palVdata.returned_value=6
12-31 20:00:00.303  1965  1965 E pal_vehicle: [VDATA:HANDLE_SRV] palVdataStorageInit:[pal_handle_service.cpp:645] ERROR, Get for initialize unorder map is invalid for sig=4577
12-31 20:00:00.303  1965  1965 E pal_vehicle: [VDATA:HANDLE_SRV] vdataGetSignalData:[pal_handle_service.cpp:262] ERROR, palVdata.returned_value=6
12-31 20:00:00.303  1965  1965 E pal_vehicle: [VDATA:HANDLE_SRV] palVdataStorageInit:[pal_handle_service.cpp:645] ERROR, Get for initialize unorder map is invalid for sig=4578
12-31 20:00:00.303  1965  1965 E pal_vehicle: [VDATA:HANDLE_SRV] vdataGetSignalData:[pal_handle_service.cpp:262] ERROR, palVdata.returned_value=6
12-31 20:00:00.303  1965  1965 E pal_vehicle: [VDATA:HANDLE_SRV] palVdataStorageInit:[pal_handle_service.cpp:645] ERROR, Get for initialize unorder map is invalid for sig=4586
12-31 20:00:00.303  1965  1965 E pal_vehicle: [VDATA:HANDLE_SRV] vdataGetSignalData:[pal_handle_service.cpp:262] ERROR, palVdata.returned_value=6
12-31 20:00:00.303  1965  1965 E pal_vehicle: [VDATA:HANDLE_SRV] palVdataStorageInit:[pal_handle_service.cpp:645] ERROR, Get for initialize unorder map is invalid for sig=4588
12-31 20:00:00.303  1965  1965 E pal_vehicle: [VDATA:HANDLE_SRV] vdataGetSignalData:[pal_handle_service.cpp:262] ERROR, palVdata.returned_value=6
12-31 20:00:00.303  1965  1965 E pal_vehicle: [VDATA:HANDLE_SRV] palVdataStorageInit:[pal_handle_service.cpp:645] ERROR, Get for initialize unorder map is invalid for sig=4591
12-31 20:00:00.303  1965  1965 E pal_vehicle: [VDATA:HANDLE_SRV] vdataGetSignalData:[pal_handle_service.cpp:262] ERROR, palVdata.returned_value=6
12-31 20:00:00.303  1965  1965 E pal_vehicle: [VDATA:HANDLE_SRV] palVdataStorageInit:[pal_handle_service.cpp:645] ERROR, Get for initialize unorder map is invalid for sig=4597
12-31 20:00:00.305  1965  1965 I KPI     : VehicleAbstraction is initialized and threadLoop is launched
12-31 20:00:00.305  1965  1965 I KPI     : VDATA_DAEMON_READY
12-31 20:00:00.306  1965  2129 E vehicle_abstraction: setIPCReadGlobalAGroupSignalData Signal not found (groupSignal = 0x809F) 
12-31 20:00:00.306  1965  2129 E vehicle_abstraction: setIPCReadGlobalAGroupSignalData Signal not found (groupSignal = 0x809C) 
12-31 20:00:00.306  1965  2129 E vehicle_abstraction: setIPCReadGlobalAGroupSignalData Signal not found (groupSignal = 0x809E) 
12-31 20:00:00.306  1976  2157 I [PLSS]PMSvc: HW Variant received 255
12-31 20:00:00.306  1976  2157 D [PLSS]PMSvc: Drop invalid hw variant value 0xFFFFFFFF.
12-31 20:00:00.306  1976  2157 E pal_pm  : [PM] pm_mgr_parse_message:[pal_pm_mgr.cpp:319] Unknown message type = 81
12-31 20:00:00.307  1976  2159 I [PLSS]PMSvc: Read shutdown reason log response received
12-31 20:00:00.307  1976  2159 E [PLSS]PMSvc: last_power_cycle_reason: 0, timestamp: 2019/04/18 19:37:53
12-31 20:00:00.307  1976  2159 E pal_pm  : [PM] pm_mgr_parse_message:[pal_pm_mgr.cpp:398] Unknown message type = 65
12-31 20:00:00.344  1974  1974 I CalSvcd_B:  overrides_to_database.c(1445): process_dir_members(ovride_path_str=/cache/calibrations/, filter=, move_to_perm=0)
12-31 20:00:00.350  1974  2104 E CalSvcd_B:  Monitor.cpp(289): Change Detected (256) - File: 23505752.AA.calovride
12-31 20:00:00.356  1974  1974 E CalSvcd_B:  calserviced.c(837): unzip: Could not unzip file
12-31 20:00:00.356  1974  1974 E CalSvcd_B:  calserviced.c(812): unzip: no data left
12-31 20:00:00.356  1974  1974 E CalSvcd_B:  overrides_to_database.c(1802): processZippedModFile: Unzip (/cache/calibrations/23505752.AA) failed - no overrides applied
12-31 20:00:00.357  1965  2129 D vehicle_abstraction: Vehicle Architecure is --> GA
12-31 20:00:00.357  1965  2129 E vehicle_abstraction: setIPCReadGlobalAGroupSignalData Signal not found (groupSignal = 0x8045) 
12-31 20:00:00.357  2151  2151 I GPTP    : gPTP starting
12-31 20:00:00.357  1965  2129 E vehicle_abstraction: setIPCReadGlobalAGroupSignalData Signal not found (groupSignal = 0x8091) 
12-31 20:00:00.357  1965  2129 E vehicle_abstraction: setIPCReadGlobalAGroupSignalData Signal not found (groupSignal = 0x8092) 
12-31 20:00:00.358  1965  2129 E vehicle_abstraction: CGlobalASignalMappings::signalInfoForAbstractionSignalID unmapped  abstractionID 4359
12-31 20:00:00.358  2151  2151 D GPTP    : AsCapable: Enabled
12-31 20:00:00.358  2151  2151 E GPTP    : Using clock device: /dev/ptp0
12-31 20:00:00.359  2151  2151 D GPTP    : Switching to Master
12-31 20:00:00.359  1965  2129 E vehicle_abstraction: setIPCReadGlobalAGroupSignalData Signal not found (groupSignal = 0x805F) 
12-31 20:00:00.359  1965  2129 E vehicle_abstraction: setIPCReadGlobalAGroupSignalData Signal not found (groupSignal = 0x8035) 
12-31 20:00:00.359  1965  2129 E vehicle_abstraction: setIPCReadGlobalAGroupSignalData Signal not found (groupSignal = 0x80C5) 
12-31 20:00:00.359  1965  2129 E vehicle_abstraction: setIPCReadGlobalAGroupSignalData Signal not found (groupSignal = 0x80C6) 
12-31 20:00:00.359  2151  2151 D GPTP    : AVnu AP Status : STATION_STATE_ETHERNET_READY
12-31 20:00:00.360  1965  2129 E vehicle_abstraction: setIPCReadGlobalAGroupSignalData Signal not found (groupSignal = 0x8046) 
12-31 20:00:00.360  2151  2178 D GPTP    : Link Speed: 1000000 kb/sec
12-31 20:00:00.360  1974  1974 E CalSvcd_B:  calserviced.c(837): unzip: Could not unzip file
12-31 20:00:00.360  1974  1974 E CalSvcd_B:  calserviced.c(812): unzip: no data left
12-31 20:00:00.360  1974  1974 E CalSvcd_B:  overrides_to_database.c(1802): processZippedModFile: Unzip (/cache/calibrations/KRLN1097_CSM-1.tbl) failed - no overrides applied
12-31 20:00:00.361  1974  1974 I CalSvcd_B:  calserviced.c(463): set_update_J5: Created Persistent J5 Indicator.
12-31 20:00:00.361  1974  1974 I CalSvcd_B:  CalibrationService.cpp(1407): CalibrationService: Binder API Instance Created.
12-31 20:00:00.362  1974  1974 I CalSvcd_B:  CalibrationService.cpp(1226): Eanble TEMP TABLE optimization in sqlite for cal DB
12-31 20:00:00.364  1965  2129 E vehicle_abstraction: setIPCReadGlobalAGroupSignalData Signal not found (groupSignal = 0x801E) 
12-31 20:00:00.364  1965  2129 E vehicle_abstraction: CGlobalASignalMappings::signalInfoForAbstractionSignalID unmapped  abstractionID 142
12-31 20:00:00.366  1965  2129 E vehicle_abstraction: setIPCReadGlobalAGroupSignalData Signal not found (groupSignal = 0x8029) 
12-31 20:00:00.366  1965  2129 E vehicle_abstraction: CGlobalASignalMappings::setIPCReadSignalWithSignalInfo error 7 processing data for global A signal 0x05D5
12-31 20:00:00.366  1965  2129 E vehicle_abstraction: setIPCReadGlobalAGroupSignalData Signal not found (groupSignal = 0x80A4) 
12-31 20:00:00.369  1965  2129 E vehicle_abstraction: CGlobalASignalMappings::setIPCReadSignalWithSignalInfo error 7 processing data for global A signal 0x06B0
12-31 20:00:00.369  1965  2129 E vehicle_abstraction: CGlobalASignalMappings::setIPCReadSignalWithSignalInfo error 7 processing data for global A signal 0x06B1
12-31 20:00:00.369  1965  2129 E vehicle_abstraction: CGlobalASignalMappings::setIPCReadSignalWithSignalInfo error 7 processing data for global A signal 0x06B2
12-31 20:00:00.369  1965  2129 E vehicle_abstraction: CGlobalASignalMappings::setIPCReadSignalWithSignalInfo error 7 processing data for global A signal 0x06B3
12-31 20:00:00.369  1965  2129 E vehicle_abstraction: CGlobalASignalMappings::setIPCReadSignalWithSignalInfo error 7 processing data for global A signal 0x06B4
12-31 20:00:00.369  1965  2129 E vehicle_abstraction: CGlobalASignalMappings::setIPCReadSignalWithSignalInfo error 7 processing data for global A signal 0x06B6
12-31 20:00:00.369  1965  2129 E vehicle_abstraction: setIPCReadGlobalAGroupSignalData Signal not found (groupSignal = 0x8062) 
12-31 20:00:00.369  1965  2129 E vehicle_abstraction: setIPCReadGlobalAGroupSignalData Signal not found (groupSignal = 0x8063) 
12-31 20:00:00.369  1965  2129 E vehicle_abstraction: setIPCReadGlobalAGroupSignalData Signal not found (groupSignal = 0x8064) 
12-31 20:00:00.369  1965  2129 E vehicle_abstraction: setIPCReadGlobalAGroupSignalData Signal not found (groupSignal = 0x8065) 
12-31 20:00:00.369  1965  2129 E vehicle_abstraction: CGlobalASignalMappings::signalInfoForAbstractionSignalID unmapped  abstractionID 1252
12-31 20:00:00.369  1965  2129 E vehicle_abstraction: CGlobalASignalMappings::signalInfoForAbstractionSignalID unmapped  abstractionID 1152
12-31 20:00:00.369  1965  2129 E vehicle_abstraction: CGlobalASignalMappings::signalInfoForAbstractionSignalID unmapped  abstractionID 1225
12-31 20:00:00.369  1965  2129 E vehicle_abstraction: CGlobalASignalMappings::signalInfoForAbstractionSignalID unmapped  abstractionID 2345
12-31 20:00:00.369  1965  2129 E vehicle_abstraction: CGlobalASignalMappings::signalInfoForAbstractionSignalID unmapped  abstractionID 1526
12-31 20:00:00.369  1965  2129 E vehicle_abstraction: CGlobalASignalMappings::signalInfoForAbstractionSignalID unmapped  abstractionID 1363
12-31 20:00:00.370  1965  2129 E vehicle_abstraction: setIPCReadGlobalAGroupSignalData Signal not found (groupSignal = 0x8052) 
12-31 20:00:00.370  1965  2129 E vehicle_abstraction: CGlobalASignalMappings::setIPCReadSignalWithSignalInfo error 7 processing data for global A signal 0x0B06
12-31 20:00:00.370  1965  2129 E vehicle_abstraction: setIPCReadGlobalAGroupSignalData Signal not found (groupSignal = 0x80F6) 
12-31 20:00:00.370  1965  2129 E vehicle_abstraction: setIPCReadGlobalAGroupSignalData Signal not found (groupSignal = 0x80F7) 
12-31 20:00:00.370  1965  2129 E vehicle_abstraction: setIPCReadGlobalAGroupSignalData Signal not found (groupSignal = 0x80F8) 
12-31 20:00:00.370  1965  2129 E vehicle_abstraction: setIPCReadGlobalAGroupSignalData Signal not found (groupSignal = 0x80F9) 
12-31 20:00:00.370  1965  2129 E vehicle_abstraction: setIPCReadGlobalAGroupSignalData Signal not found (groupSignal = 0x80FA) 
12-31 20:00:00.371  1965  2129 E vehicle_abstraction: CGlobalASignalMappings::setIPCReadSignalWithSignalInfo error 7 processing data for global A signal 0x0BCF
12-31 20:00:00.371  1965  2129 E vehicle_abstraction: CGlobalASignalMappings::setIPCReadSignalWithSignalInfo error 7 processing data for global A signal 0x0813
12-31 20:00:00.374  1974  2180 I ServiceManager: Waiting for service gm.calibrations.ICalibrationService...
12-31 20:00:00.378  2151  2176 D GPTP    : AVnu AP Status : STATION_STATE_AVB_SYNC
12-31 20:00:00.385  2153  2153 I VehicleInputKeyHandler: VehicleInputKeyHandler constructor
12-31 20:00:00.387  2153  2153 I VehicleInputService: main: instantiated the vehicle input service
12-31 20:00:00.388  2153  2153 I VehicleInputService: Waiting for ICalibrationService
12-31 20:00:00.398  2153  2153 I VehicleInputService: Waiting for ICalibrationService
12-31 20:00:00.410  2153  2153 I VehicleInputService: Waiting for ICalibrationService
12-31 20:00:00.420  2153  2153 I VehicleInputService: Waiting for ICalibrationService
12-31 20:00:00.430  2153  2153 I VehicleInputService: Waiting for ICalibrationService
12-31 20:00:00.443  2153  2153 I VehicleInputService: Waiting for ICalibrationService
12-31 20:00:00.453  2153  2153 I VehicleInputService: Waiting for ICalibrationService
12-31 20:00:00.463  2153  2153 I VehicleInputService: Waiting for ICalibrationService
12-31 20:00:00.473  2153  2153 I VehicleInputService: Waiting for ICalibrationService
12-31 20:00:00.475  1683  1709 D hwc     : Persistent registry save /cache/hwc.reg x146 chars OK
12-31 20:00:00.485  1788  1788 V NatController: runCmd(/system/bin/iptables -w -F natctrl_FORWARD) res=0
12-31 20:00:00.485  2153  2153 I VehicleInputService: Waiting for ICalibrationService
12-31 20:00:00.496  2153  2153 I VehicleInputService: Waiting for ICalibrationService
12-31 20:00:00.496  1788  1788 V NatController: runCmd(/system/bin/iptables -w -A natctrl_FORWARD -j DROP) res=0
12-31 20:00:00.506  2153  2153 I VehicleInputService: Waiting for ICalibrationService
12-31 20:00:00.512  1788  1788 V NatController: runCmd(/system/bin/iptables -w -t nat -F natctrl_nat_POSTROUTING) res=0
12-31 20:00:00.516  2153  2153 I VehicleInputService: Waiting for ICalibrationService
12-31 20:00:00.526  2153  2153 I VehicleInputService: Waiting for ICalibrationService
12-31 20:00:00.529  1788  1788 V NatController: runCmd(/system/bin/iptables -w -F inatctrl_FORWARD) res=0
12-31 20:00:00.536  2153  2153 I VehicleInputService: Waiting for ICalibrationService
12-31 20:00:00.541  1788  1788 V NatController: runCmd(/system/bin/iptables -w -t nat -F inatctrl_nat_POSTROUTING) res=0
12-31 20:00:00.547  2153  2153 I VehicleInputService: Waiting for ICalibrationService
12-31 20:00:00.550  1788  1788 V NatController: runCmd(/system/bin/iptables -w -F natctrl_tether_counters) res=1
12-31 20:00:00.557  2153  2153 I VehicleInputService: Waiting for ICalibrationService
12-31 20:00:00.558  1788  1788 V NatController: runCmd(/system/bin/iptables -w -X natctrl_tether_counters) res=1
12-31 20:00:00.567  2153  2153 I VehicleInputService: Waiting for ICalibrationService
12-31 20:00:00.577  2153  2153 I VehicleInputService: Waiting for ICalibrationService
12-31 20:00:00.578  1965  2129 E vehicle_abstraction: setIPCReadGlobalAGroupSignalData Signal not found (groupSignal = 0x809F) 
12-31 20:00:00.588  2153  2153 I VehicleInputService: Waiting for ICalibrationService
12-31 20:00:00.598  2153  2153 I VehicleInputService: Waiting for ICalibrationService
12-31 20:00:00.598  1788  1788 V NatController: runCmd(/system/bin/iptables -w -N natctrl_tether_counters) res=0
12-31 20:00:00.599  1974  1974 I CalSvcd_B:  CalibrationService.cpp(1255): create temp table spend 237 msec
12-31 20:00:00.601  1960  1960 I auditd  : type=1400 audit(0.0:43): avc: denied { open } for comm="animengine" path="/cache/data/anim/anim.cals" dev="vda12" ino=97158 scontext=u:r:bootanim:s0 tcontext=u:object_r:cache_file:s0 tclass=file permissive=0
12-31 20:00:00.601  1960  1960 W animengine: type=1400 audit(0.0:43): avc: denied { open } for path="/cache/data/anim/anim.cals" dev="vda12" ino=97158 scontext=u:r:bootanim:s0 tcontext=u:object_r:cache_file:s0 tclass=file permissive=0
12-31 20:00:00.601  1960  1960 I auditd  : type=1400 audit(0.0:44): avc: denied { write } for comm="animengine" name="anim" dev="vda12" ino=97157 scontext=u:r:bootanim:s0 tcontext=u:object_r:cache_file:s0 tclass=dir permissive=0
12-31 20:00:00.601  1960  1960 W animengine: type=1400 audit(0.0:44): avc: denied { write } for name="anim" dev="vda12" ino=97157 scontext=u:r:bootanim:s0 tcontext=u:object_r:cache_file:s0 tclass=dir permissive=0
12-31 20:00:00.602  1960  1960 I AnimEngine: check /cache/data/anim/anim.cals for update
12-31 20:00:00.602  1974  1974 I CalSvcd_B:  CalibrationService.cpp(1437): CalibrationService: System has been calibrated!
12-31 20:00:00.603  1976  1976 I [PLSS]PMSvc:  CalibrationState report 2
12-31 20:00:00.603  1960  1960 W AnimEngine: update!!!!
12-31 20:00:00.603  1960  1960 W AnimEngine: cannot open file!
12-31 20:00:00.603  1960  1960 E AnimEngine: remove error: 13
12-31 20:00:00.603  1960  1960 D BOOT-TIME|:  AnimEngine: started at |3550 
12-31 20:00:00.603  1974  1974 I CalSvcd_B:  CalibrationService.cpp(1175): sendCalNoCalState: Calibration state sent to the VIP!
12-31 20:00:00.605  1965  2129 E vehicle_abstraction: CGlobalASignalMappings::signalInfoForAbstractionSignalID unmapped  abstractionID 4359
12-31 20:00:00.607  1976  2163 I [PLSS]PMSvc: Animation Control (0x7f5d34c63000) registered
12-31 20:00:00.607  1960  2203 D AnimEngine: Last saved Calibration TS is 15
12-31 20:00:00.607  1960  2203 D AnimEngine: GM Welcome Anim Brand set to 1
12-31 20:00:00.607  1960  2203 D AnimEngine:  Resource Raw Path /resource/ro/anim/1/
12-31 20:00:00.607  1960  2203 D AnimEngine:  AnimEngine: Resources PAth is  /resource/ro/anim/1/ 
12-31 20:00:00.607  1960  2203 D AnimEngine: GM Startup Anim Brand set to 1
12-31 20:00:00.607  1960  2203 D AnimEngine:  Resource Raw Path /resource/ro/anim/1/
12-31 20:00:00.607  1960  2203 D AnimEngine:  AnimEngine: Resources PAth is  /resource/ro/anim/1/ 
12-31 20:00:00.607  1960  2203 D AnimEngine:  Resource Raw Path /resource/ro/anim/0/
12-31 20:00:00.607  1960  2203 D AnimEngine:  AnimEngine: Resources PAth is  /resource/ro/anim/0/ 
12-31 20:00:00.607  1960  2203 D AnimEngine: GM welcome audiocue Brand set to 1
12-31 20:00:00.607  1960  2203 D AnimEngine:  Resource Raw Path /resource/ro/anim/1/
12-31 20:00:00.607  1960  2203 D AnimEngine:  AnimEngine: Resources PAth is  /resource/ro/anim/1/ 
12-31 20:00:00.607  1960  2203 D AnimEngine: GM startup audiocue Brand set to 1
12-31 20:00:00.607  1960  2203 D AnimEngine:  Resource Raw Path /resource/ro/anim/1/
12-31 20:00:00.607  1960  2203 D AnimEngine:  AnimEngine: Resources PAth is  /resource/ro/anim/1/ 
12-31 20:00:00.607  1960  2203 D AnimEngine: GM shutdown audiocue Brand set to 1
12-31 20:00:00.607  1960  2203 D AnimEngine:  Resource Raw Path /resource/ro/anim/1/
12-31 20:00:00.607  1960  2203 D AnimEngine:  AnimEngine: Resources PAth is  /resource/ro/anim/1/ 
12-31 20:00:00.607  1960  2203 D AnimEngine: GM welcome anim enable/disable set to 1
12-31 20:00:00.607  1960  2203 D AnimEngine: Audio Cue settings: 0
12-31 20:00:00.607  1960  2203 D AnimEngine: AnimEngine::initWorkers
12-31 20:00:00.610  2153  2153 D VehicleInputService: Calibrated ics Switch 1 -> 23
12-31 20:00:00.611  2153  2153 D VehicleInputService: Calibrated ics Switch 2 -> 31
12-31 20:00:00.611  2153  2153 D VehicleInputService: Calibrated ics Switch 3 -> 9
12-31 20:00:00.611  2153  2153 D VehicleInputService: Calibrated ics Switch 4 -> 21
12-31 20:00:00.613  2153  2153 D VehicleInputService: Calibrated ics Switch 5 -> 20
12-31 20:00:00.614  2153  2153 D VehicleInputService: Calibrated ics Switch 6 -> 8
12-31 20:00:00.614  2153  2153 D VehicleInputService: Calibrated ics Switch 7 -> 22
12-31 20:00:00.614  2153  2153 D VehicleInputService: Calibrated ics Switch 8 -> 10
12-31 20:00:00.614  1960  2203 D AnimEngine: AnimEngine::initWorkers done
12-31 20:00:00.614  1960  2203 W AnimEngine: try to add listener
12-31 20:00:00.615  1788  1788 V NatController: runCmd(/system/bin/iptables -w -t mangle -A natctrl_mangle_FORWARD -p tcp --tcp-flags SYN SYN -j TCPMSS --clamp-mss-to-pmtu) res=0
12-31 20:00:00.615  2153  2153 D VehicleInputService: Calibrated ics Switch 10 -> 28
12-31 20:00:00.616  1974  2204 W CalSvcd_B:  ListenerManager.cpp(88): listener-id(AnimEngine)  not exist!
12-31 20:00:00.616  1974  2204 I CalSvcd_B:  ListenerManager.cpp(121): added listener for AnimEngine
12-31 20:00:00.617  1960  2203 I AnimEngine: added Cal change listener!
12-31 20:00:00.618  1974  1974 I CalSvcd_B:  overrides_to_database.c(2309): getCurrentUpdateIndicator: Indicator = 15
12-31 20:00:00.619  2153  2153 I VehicleInputService: Calibrated ics Slider 1 -> 1
12-31 20:00:00.619  2153  2153 I VehicleInputService: Calibrated ics Slider 2 -> 2
12-31 20:00:00.619  2153  2153 D VehicleInputService: Calibrated swc 0 -> 11
12-31 20:00:00.619  2153  2153 D VehicleInputService: Calibrated swc 1 -> 12
12-31 20:00:00.619  2153  2153 D VehicleInputService: Calibrated swc 2 -> 13
12-31 20:00:00.619  2153  2153 D VehicleInputService: Calibrated swc 3 -> 14
12-31 20:00:00.619  2153  2153 D VehicleInputService: Calibrated swc 4 -> 21
12-31 20:00:00.619  2153  2153 D VehicleInputService: Calibrated swc 5 -> 22
12-31 20:00:00.620  2153  2153 D VehicleInputService: Calibrated swc 6 -> 17
12-31 20:00:00.620  2153  2153 D VehicleInputService: Calibrated swc 7 -> 18
12-31 20:00:00.620  2153  2153 D VehicleInputService: Calibrated swc 8 -> 19
12-31 20:00:00.620  2153  2153 D VehicleInputService: Calibrated swc 9 -> 15
12-31 20:00:00.620  2153  2153 D VehicleInputService: Calibrated swc 10 -> 16
12-31 20:00:00.621  2153  2153 D VehicleInputService: Calibrated swc 11 -> 23
12-31 20:00:00.621  2153  2153 D VehicleInputService: Calibrated swc 12 -> 24
12-31 20:00:00.621  1976  2157 I [PLSS]PMSvc: System state change: 1
12-31 20:00:00.621  2153  2153 D VehicleInputService: Calilbrated for mfc switch 1 -> 7
12-31 20:00:00.621  2153  2153 D VehicleInputService: Calilbrated for mfc switch 2 -> 2
12-31 20:00:00.622  2153  2153 D VehicleInputService: Calilbrated for mfc switch 3 -> 3
12-31 20:00:00.622  2153  2153 D VehicleInputService: Calilbrated for mfc switch 4 -> 1
12-31 20:00:00.622  2153  2153 D VehicleInputService: Calilbrated for mfc switch 5 -> 8
12-31 20:00:00.622  2153  2153 D VehicleInputService: Calilbrated for mfc switch 6 -> 9
12-31 20:00:00.622  2153  2153 D VehicleInputService: Calibrated for mfc indicator 1 -> 0
12-31 20:00:00.622  2153  2153 D VehicleInputService: Calibrated for mfc indicator 2 -> 0
12-31 20:00:00.622  2153  2153 D VehicleInputService: Calibrated for mfc indicator 3 -> 0
12-31 20:00:00.623  2153  2153 D VehicleInputService: Calibrated for mfc indicator 4 -> 0
12-31 20:00:00.623  2153  2153 I VehicleInputService: 
12-31 20:00:00.623  2153  2153 I VehicleInputService: CalID: _LIopQBIEEea05achkF2wgw
12-31 20:00:00.623  2153  2153 I VehicleInputService:   size: 1
12-31 20:00:00.623  2153  2153 I VehicleInputService:   fver: 5
12-31 20:00:00.623  2153  2153 I VehicleInputService:   ver: 4
12-31 20:00:00.623  2153  2153 D VehicleInputService: Calibrated for ICS_CONTROLS_ON_LVDS_I2C  1
12-31 20:00:00.623  2153  2153 D VehicleInputService: Set ICS Source to  0
12-31 20:00:00.623  2153  2153 D VehicleInputService: Calibrated for I2C_VOLUME_ENCODER_TECHNOLOGY: 0
12-31 20:00:00.624  1976  2157 I [PLSS]PMSvc: MEC Counter received : 255
12-31 20:00:00.624  1976  2157 E pal_pm  : [PM] pm_mgr_parse_message:[pal_pm_mgr.cpp:319] Unknown message type = 80
12-31 20:00:00.631  1959  1959 V MediaUtils: physMem: 3707928576
12-31 20:00:00.631  1959  1959 V MediaUtils: requested limit: 2410153525
12-31 20:00:00.631  1959  1959 V MediaUtils: actual limit: 2410153525
12-31 20:00:00.631  1959  1959 V MediaUtils: original limits: 4294967295/4294967295
12-31 20:00:00.631  1959  1959 V MediaUtils: new limits: 2410153525/4294967295
12-31 20:00:00.638  1960  2207 D AnimEngine: Check audio cue files presence 
12-31 20:00:00.638  1960  2207 D AnimEngine: Welcome audio : /resource/ro/anim/1/audio/welcomecue.wav
12-31 20:00:00.638  1960  2207 D AnimEngine: Startup audio : /resource/ro/anim/1/audio/startupcue.wav
12-31 20:00:00.638  1960  2207 D AnimEngine: Shutdown audio : /resource/ro/anim/1/audio/shutdowncue.wav
12-31 20:00:00.640  1683  1683 D SurfaceFlinger: createNormalLayer for (1280 x 768), name=AnimThread
12-31 20:00:00.642  1965  2129 E vehicle_abstraction: CGlobalASignalMappings::signalInfoForAbstractionSignalID unmapped  abstractionID 142
12-31 20:00:00.642  1960  2207 D AnimEngine: [AUDIO_RSC] : file /resource/ro/anim/1/audio/welcomecue.wav is absent checking system default now
12-31 20:00:00.642  1960  2207 D AnimEngine: string to append is default/audio/welcomecue.wav
12-31 20:00:00.642  1960  2207 D AnimEngine: changed to default file is  /resource/ro/anim/default/audio/welcomecue.wav
12-31 20:00:00.645  1960  2207 D AnimEngine: [AUDIO_RSC] : file /resource/ro/anim/1/audio/startupcue.wav is absent checking system default now
12-31 20:00:00.645  1960  2207 D AnimEngine: string to append is default/audio/startupcue.wav
12-31 20:00:00.645  1960  2207 D AnimEngine: changed to default file is  /resource/ro/anim/default/audio/startupcue.wav
12-31 20:00:00.646  1960  2207 D AnimEngine: [AUDIO_RSC] : file /resource/ro/anim/1/audio/shutdowncue.wav is absent checking system default now
12-31 20:00:00.646  1960  2207 D AnimEngine: string to append is default/audio/shutdowncue.wav
12-31 20:00:00.646  1960  2207 D AnimEngine: changed to default file is  /resource/ro/anim/default/audio/shutdowncue.wav
12-31 20:00:00.646  1960  2207 I AnimEngine: [ANIM_AUDIO] :Final audio cue files Path 
12-31 20:00:00.646  1960  2207 I AnimEngine: [ANIM_AUDIO] : Welcome audio : /resource/ro/anim/default/audio/welcomecue.wav
12-31 20:00:00.646  1960  2207 I AnimEngine: [ANIM_AUDIO] : Startup audio : /resource/ro/anim/default/audio/startupcue.wav
12-31 20:00:00.646  1960  2207 I AnimEngine: [ANIM_AUDIO] : Shutdown audio : /resource/ro/anim/default/audio/shutdowncue.wav
12-31 20:00:00.646  1960  2207 D AnimEngine: try to get VAS
12-31 20:00:00.666  1960  2206 D libEGL  : loaded /vendor/lib64/egl/libGLES_intel9.so
12-31 20:00:00.667  1959  1959 I mediaserver: ServiceManager: 0xec58c680
12-31 20:00:00.667  1959  1959 I AudioFlinger: Using default 3000 mSec as standby time.
12-31 20:00:00.668  2153  2153 I ioc_device: Entering IocDevice constructor
12-31 20:00:00.668  2153  2153 I ioc_device: IOC channel : /dev/ipc/ipc6
12-31 20:00:00.668  2153  2153 I libipc_utils: Opening ipc : /dev/ipc/ipc6
12-31 20:00:00.668  2153  2153 I ipcLib  : ipcLib:pathname = /dev/ipc/ipc6
12-31 20:00:00.668  2153  2153 W ipcLib  : ipcLib:libipc version=3.0_22Aug2017
12-31 20:00:00.668  2153  2153 I ipcLib  : ipcLib:'O_TRUNC' flag is set!
12-31 20:00:00.668  2153  2153 I ipcLib  : ipcLib:Connect to Server Socket: /dev/ipc/ipc6
12-31 20:00:00.668  2153  2153 I ipcLib  : ipcLib:Wait for Ack from the Server : Hello Mesage
12-31 20:00:00.670  1959  1959 E         : batterystats service unavailable!
12-31 20:00:00.670  1959  1959 E         : batterystats service unavailable!
12-31 20:00:00.670  1959  1959 I AudioPolicyService: AudioPolicyService CSTOR in new mode
12-31 20:00:00.676  1964  1997 W IPC     : IPC: CH-6: New connection request
12-31 20:00:00.676  1964  1997 W IPC     : IPC: 
12-31 20:00:00.676  1964  1997 W IPC     : CH-6: New connection Accepted.  pDeviceAttr->clientFd = 32
12-31 20:00:00.676  1964  1997 E IPC     : IPC: CH-6: F_SETFL flags = 0x2 
12-31 20:00:00.676  1964  1997 W IPC     : IPC: CH-6: Control Message Received '0x8003'
12-31 20:00:00.676  1964  1997 W IPC     : IPC: CH-6: Idx=0 Send Hello to the Client application 
12-31 20:00:00.676  1964  1997 W IPC     : IPC: CH-6: ClientCnt=1
12-31 20:00:00.678  2153  2153 I ipcLib  : ipcLib:Message(6 bytes) received from Server : Hello
12-31 20:00:00.678  2153  2153 I ipcLib  : ipcLib:channel = 6
12-31 20:00:00.678  2153  2153 I libipc_utils: Successfully opened the device: /dev/ipc/ipc6
12-31 20:00:00.678  2153  2153 I ioc_device: /dev/ipc/ipc6 opened successfully
12-31 20:00:00.678  2153  2153 I ioc_device: IOC Listener constructor
12-31 20:00:00.678  2153  2153 I ioc_device: Starting ListenerThread
12-31 20:00:00.678  2153  2153 I ioc_device: ILIN listener thread started
12-31 20:00:00.678  2153  2153 I ioc_device: IOC Manager Constructor
12-31 20:00:00.678  2153  2153 I KPI     : PAL_VEHICLE_CLIENT_INIT_START
04-18 15:37:57.000  1977  2046 I RemoteRtcService: System time set to 1555616277000
04-18 15:37:57.001  2153  2153 I KPI     : PAL_VEHICLE_CLIENT_INIT_READY
04-18 15:37:57.001  2153  2153 I ioc_device: starting SWC listener
04-18 15:37:57.001  2153  2153 I ioc_device: IocManager thread started
04-18 15:37:57.001  2153  2153 I libipc_utils: starting IPC reader thread
04-18 15:37:57.001  2153  2153 I ioc_device: Registering SWC event
04-18 15:37:57.002  1965  2113 E pal_vehicle: [VDATA:HANDLE_SRV] vdataGetSignalData:[pal_handle_service.cpp:262] ERROR, palVdata.returned_value=6
04-18 15:37:57.002  1965  2113 E pal_vehicle: [VDATA:HANDLE_SRV] onTransact:[pal_handle_service.cpp:1182] ERROR, GET_VALUE
04-18 15:37:57.003  1965  2110 E pal_vehicle: [VDATA:HANDLE_SRV] vdataGetSignalData:[pal_handle_service.cpp:262] ERROR, palVdata.returned_value=6
04-18 15:37:57.003  1965  2110 E pal_vehicle: [VDATA:HANDLE_SRV] onTransact:[pal_handle_service.cpp:1182] ERROR, GET_VALUE
04-18 15:37:57.004  1965  1965 E pal_vehicle: [VDATA:HANDLE_SRV] vdataGetSignalData:[pal_handle_service.cpp:262] ERROR, palVdata.returned_value=6
04-18 15:37:57.004  1965  1965 E pal_vehicle: [VDATA:HANDLE_SRV] onTransact:[pal_handle_service.cpp:1182] ERROR, GET_VALUE
04-18 15:37:57.006  1965  2113 E pal_vehicle: [VDATA:HANDLE_SRV] vdataGetSignalData:[pal_handle_service.cpp:262] ERROR, palVdata.returned_value=6
04-18 15:37:57.006  1965  2113 E pal_vehicle: [VDATA:HANDLE_SRV] onTransact:[pal_handle_service.cpp:1182] ERROR, GET_VALUE
04-18 15:37:57.007  1965  2110 E pal_vehicle: [VDATA:HANDLE_SRV] vdataGetSignalData:[pal_handle_service.cpp:262] ERROR, palVdata.returned_value=6
04-18 15:37:57.007  1965  2110 E pal_vehicle: [VDATA:HANDLE_SRV] onTransact:[pal_handle_service.cpp:1182] ERROR, GET_VALUE
04-18 15:37:57.007  1965  1965 E pal_vehicle: [VDATA:HANDLE_SRV] vdataGetSignalData:[pal_handle_service.cpp:262] ERROR, palVdata.returned_value=6
04-18 15:37:57.007  1965  1965 E pal_vehicle: [VDATA:HANDLE_SRV] onTransact:[pal_handle_service.cpp:1182] ERROR, GET_VALUE
04-18 15:37:57.008  1965  2113 E pal_vehicle: [VDATA:HANDLE_SRV] vdataGetSignalData:[pal_handle_service.cpp:262] ERROR, palVdata.returned_value=6
04-18 15:37:57.008  1965  2113 E pal_vehicle: [VDATA:HANDLE_SRV] onTransact:[pal_handle_service.cpp:1182] ERROR, GET_VALUE
04-18 15:37:57.010  1965  2110 E pal_vehicle: [VDATA:HANDLE_SRV] vdataGetSignalData:[pal_handle_service.cpp:262] ERROR, palVdata.returned_value=6
04-18 15:37:57.010  1965  2110 E pal_vehicle: [VDATA:HANDLE_SRV] onTransact:[pal_handle_service.cpp:1182] ERROR, GET_VALUE
04-18 15:37:57.016  2182  2182 W _AMN    : Create Streamhandler *** Version -P- 3.2.5.2
04-18 15:37:57.016  2182  2182 W _AMN    : Parameters:  -v -s pluginias-media_transport-avb_configuration_reference.so --fg setup -t GM3 -p CSM -k ptp.pdelaycount=0 -k ptp.synccount=0 -k sched.policy=fifo -k sched.priority=50 -k alsa.clock.threshold.reset=12000000 -k debug.loglevel._AAS=3 -k debug.loglevel._AEN=3 -k debug.loglevel._PTP=3 -k debug.loglevel._ACS=3 -k debug.loglevel._TX2=3 -k debug.loglevel._LAB=3 -k debug.loglevel._RXE=4 -k debug.loglevel._SHM=3 -k audio.tstamp.buffer=1 -k tspec.vlanprio.low=2 -k tspec.vlanprio.high=2 -n eth0 -b 1 -k alsa.groupname=audio -k compatibility.audio=d6_1722a -k local.alsa.ringbuffer=9216 -k alsa.smartx.switch=0 -k clockdomain.raw.deviation.unlock=3 -k clockdomain.raw.xtstamp=2 -k clockdomain.raw.xtstamp.threshold=3500 
04-18 15:37:57.016  1960  2206 I ufoGralloc: Hello, this is UFO GRALLOC/Intel Corporation
04-18 15:37:57.018  1965  2129 E vehicle_abstraction: setIPCReadGlobalAGroupSignalData Signal not found (groupSignal = 0x809F) 
04-18 15:37:57.018  1960  2206 I ufoGralloc:  ro.camera.pixel_format = 0x10f (271)
04-18 15:37:57.019  1960  2206 I ufoGralloc:  ro.camera.rec.pixel_format = 0x10f (271)
04-18 15:37:57.019  1960  2206 I ufoGralloc:  ro.camera.zsl.pixel_format = 0x20 (32)
04-18 15:37:57.019  1960  2206 I ufoGralloc:  ro.ycbcr.pixel_format = 0x10f (271)
04-18 15:37:57.021  1976  2157 I [PLSS]PMSvc: got unchanged system state: 1
04-18 15:37:57.024  1960  2206 D ufoEGL  : Pixel Format : GGL_PIXEL_FORMAT_RGBA_8888
04-18 15:37:57.024  1683  1704 E BufferQueueProducer: [AnimThread] connect(P): already connected (cur=1 req=1)
04-18 15:37:57.024  1960  2206 D ufoEGL  : droid_create_context : config id = 1 conf->NativeVisualID=1
04-18 15:37:57.024  1960  2206 I ufoEGL  : Requested context : GLES 1.1
04-18 15:37:57.026  1959  1959 I APM::ConfigParsingUtils: loadAudioPolicyConfig() loaded /system/etc/audio_policy.conf
04-18 15:37:57.037  2153  2153 I lvds_device: LVDS Device constructor
04-18 15:37:57.037  2153  2153 I libipc_utils: Opening ipc : /dev/ipc/ipc17
04-18 15:37:57.037  2153  2153 I ipcLib  : ipcLib:pathname = /dev/ipc/ipc17
04-18 15:37:57.037  2153  2153 W ipcLib  : ipcLib:libipc version=3.0_22Aug2017
04-18 15:37:57.037  2153  2153 I ipcLib  : ipcLib:'O_TRUNC' flag is set!
04-18 15:37:57.037  2153  2153 I ipcLib  : ipcLib:Connect to Server Socket: /dev/ipc/ipc17
