04-20 22:59:02.496  4413  4413 D OnStarCommands: getVoiceRegState: state = 1
04-20 22:59:02.496  4413  4413 D OnStarCommands: getOperator: operatorName = AT&T
04-20 22:59:02.496  4413  4413 V OnStarServiceStateTracker: handleMessage: EVENT_POLL_STATE_REGISTRATION: processing...
04-20 22:59:02.496  4413  4413 D OnStarServiceStateTracker: handlePollStateResult: EVENT_POLL_STATE_REGISTRATION: regCode:1, serviceState:0
04-20 22:59:02.496  4413  4413 D PHONE   : [ServiceState] setVoiceRegState=0
04-20 22:59:02.496  4413  4413 V OnStarServiceStateTracker: handleMessage: EVENT_POLL_STATE_OPERATOR: processing...
04-20 22:59:02.496  4413  4413 D OnStarServiceStateTracker: handlePollStateResult: EVENT_POLL_STATE_OPERATOR: opNames[0]: 'AT&T' opNames[1]: '' opNames[2]: ''
04-20 22:59:02.497  4413  4413 D OnStarServiceStateTracker: pollStateDone: oldSS=[0 1 voice home data home AT&T   AT&T    Unknown Unknown CSS not supported -1 -1 RoamInd=-1 DefRoamInd=-1 EmergOnly=false IsDataRoamingFromRegistration=false] newSS=[0 1 voice home data home AT&T   AT&T    Unknown Unknown CSS not supported -1 -1 RoamInd=-1 DefRoamInd=-1 EmergOnly=false IsDataRoamingFromRegistration=false]
04-20 22:59:02.497  4413  4413 D PHONE   : [ServiceState] setNullState=1
04-20 22:59:02.507  4413  4413 D OnStarServiceStateTracker: pollStateDone: Current OutgoingPhone is not OnStar.
04-20 22:59:04.736  4413  4450 V OnStarCommands: onCellNetInfo: cellNetworkName:AT&T cellNetworkSignal:2 cellNetworkState:0 cellNetworkType: 7
04-20 22:59:04.736  4413  4450 D OnStarCommands: getSignalLevel: 2 -> 6
04-20 22:59:04.736  4413  4450 D OnStarCommands: getVoiceRegState: state = 1
04-20 22:59:04.737  4413  4450 D OnStarCommands: onCellNetInfo: No mVoiceNetworkStateRegistrants to notify
04-20 22:59:04.740  4413  4413 V OnStarServiceStateTracker: handleMessage: SIGNAL STRENGTH event = 12  current phone is not OnStar
04-20 22:59:04.740  4413  4413 V OnStarServiceStateTracker: handleMessage: EVENT_NETWORK_STATE_CHANGED: polling states...
04-20 22:59:04.740  4413  4413 V OnStarServiceStateTracker: pollState
04-20 22:59:04.740  4413  4413 D OnStarCommands: getVoiceRegState: state = 1
04-20 22:59:04.740  4413  4413 D OnStarCommands: getOperator: operatorName = AT&T
04-20 22:59:04.740  4413  4413 V OnStarServiceStateTracker: handleMessage: EVENT_POLL_STATE_REGISTRATION: processing...
04-20 22:59:04.740  4413  4413 D OnStarServiceStateTracker: handlePollStateResult: EVENT_POLL_STATE_REGISTRATION: regCode:1, serviceState:0
04-20 22:59:04.740  4413  4413 D PHONE   : [ServiceState] setVoiceRegState=0
04-20 22:59:04.740  4413  4413 V OnStarServiceStateTracker: handleMessage: EVENT_POLL_STATE_OPERATOR: processing...
04-20 22:59:04.740  4413  4413 D OnStarServiceStateTracker: handlePollStateResult: EVENT_POLL_STATE_OPERATOR: opNames[0]: 'AT&T' opNames[1]: '' opNames[2]: ''
04-20 22:59:04.742  4413  4413 D OnStarServiceStateTracker: pollStateDone: oldSS=[0 1 voice home data home AT&T   AT&T    Unknown Unknown CSS not supported -1 -1 RoamInd=-1 DefRoamInd=-1 EmergOnly=false IsDataRoamingFromRegistration=false] newSS=[0 1 voice home data home AT&T   AT&T    Unknown Unknown CSS not supported -1 -1 RoamInd=-1 DefRoamInd=-1 EmergOnly=false IsDataRoamingFromRegistration=false]
04-20 22:59:04.742  4413  4413 D PHONE   : [ServiceState] setNullState=1
04-20 22:59:04.744  4413  4413 D OnStarServiceStateTracker: pollStateDone: Current OutgoingPhone is not OnStar.
04-20 22:59:18.172  4413  4713 V OnStarCommands: onCellNetInfo: cellNetworkName:AT&T cellNetworkSignal:3 cellNetworkState:0 cellNetworkType: 7
04-20 22:59:18.172  4413  4713 D OnStarCommands: getSignalLevel: 3 -> 8
04-20 22:59:18.172  4413  4713 D OnStarCommands: getVoiceRegState: state = 1
04-20 22:59:18.172  4413  4713 D OnStarCommands: onCellNetInfo: No mVoiceNetworkStateRegistrants to notify
04-20 22:59:18.174  4413  4413 V OnStarServiceStateTracker: handleMessage: SIGNAL STRENGTH event = 12  current phone is not OnStar
04-20 22:59:18.174  4413  4413 V OnStarServiceStateTracker: handleMessage: EVENT_NETWORK_STATE_CHANGED: polling states...
04-20 22:59:18.174  4413  4413 V OnStarServiceStateTracker: pollState
04-20 22:59:18.174  4413  4413 D OnStarCommands: getVoiceRegState: state = 1
04-20 22:59:18.174  4413  4413 D OnStarCommands: getOperator: operatorName = AT&T
04-20 22:59:18.174  4413  4413 V OnStarServiceStateTracker: handleMessage: EVENT_POLL_STATE_REGISTRATION: processing...
04-20 22:59:18.174  4413  4413 D OnStarServiceStateTracker: handlePollStateResult: EVENT_POLL_STATE_REGISTRATION: regCode:1, serviceState:0
04-20 22:59:18.174  4413  4413 D PHONE   : [ServiceState] setVoiceRegState=0
04-20 22:59:18.174  4413  4413 V OnStarServiceStateTracker: handleMessage: EVENT_POLL_STATE_OPERATOR: processing...
04-20 22:59:18.174  4413  4413 D OnStarServiceStateTracker: handlePollStateResult: EVENT_POLL_STATE_OPERATOR: opNames[0]: 'AT&T' opNames[1]: '' opNames[2]: ''
04-20 22:59:18.176  4413  4413 D OnStarServiceStateTracker: pollStateDone: oldSS=[0 1 voice home data home AT&T   AT&T    Unknown Unknown CSS not supported -1 -1 RoamInd=-1 DefRoamInd=-1 EmergOnly=false IsDataRoamingFromRegistration=false] newSS=[0 1 voice home data home AT&T   AT&T    Unknown Unknown CSS not supported -1 -1 RoamInd=-1 DefRoamInd=-1 EmergOnly=false IsDataRoamingFromRegistration=false]
04-20 22:59:18.176  4413  4413 D PHONE   : [ServiceState] setNullState=1
04-20 22:59:18.177  4413  4413 D OnStarServiceStateTracker: pollStateDone: Current OutgoingPhone is not OnStar.
04-20 22:59:20.417  4413  4460 V OnStarCommands: onCellNetInfo: cellNetworkName:AT&T cellNetworkSignal:2 cellNetworkState:0 cellNetworkType: 7
04-20 22:59:20.417  4413  4460 D OnStarCommands: getSignalLevel: 2 -> 6
04-20 22:59:20.417  4413  4460 D OnStarCommands: getVoiceRegState: state = 1
04-20 22:59:20.417  4413  4460 D OnStarCommands: onCellNetInfo: No mVoiceNetworkStateRegistrants to notify
04-20 22:59:20.420  4413  4413 V OnStarServiceStateTracker: handleMessage: SIGNAL STRENGTH event = 12  current phone is not OnStar
04-20 22:59:20.420  4413  4413 V OnStarServiceStateTracker: handleMessage: EVENT_NETWORK_STATE_CHANGED: polling states...
04-20 22:59:20.420  4413  4413 V OnStarServiceStateTracker: pollState
04-20 22:59:20.420  4413  4413 D OnStarCommands: getVoiceRegState: state = 1
04-20 22:59:20.420  4413  4413 D OnStarCommands: getOperator: operatorName = AT&T
04-20 22:59:20.420  4413  4413 V OnStarServiceStateTracker: handleMessage: EVENT_POLL_STATE_REGISTRATION: processing...
04-20 22:59:20.420  4413  4413 D OnStarServiceStateTracker: handlePollStateResult: EVENT_POLL_STATE_REGISTRATION: regCode:1, serviceState:0
04-20 22:59:20.420  4413  4413 D PHONE   : [ServiceState] setVoiceRegState=0
04-20 22:59:20.420  4413  4413 V OnStarServiceStateTracker: handleMessage: EVENT_POLL_STATE_OPERATOR: processing...
04-20 22:59:20.420  4413  4413 D OnStarServiceStateTracker: handlePollStateResult: EVENT_POLL_STATE_OPERATOR: opNames[0]: 'AT&T' opNames[1]: '' opNames[2]: ''
04-20 22:59:20.425  4413  4413 D OnStarServiceStateTracker: pollStateDone: oldSS=[0 1 voice home data home AT&T   AT&T    Unknown Unknown CSS not supported -1 -1 RoamInd=-1 DefRoamInd=-1 EmergOnly=false IsDataRoamingFromRegistration=false] newSS=[0 1 voice home data home AT&T   AT&T    Unknown Unknown CSS not supported -1 -1 RoamInd=-1 DefRoamInd=-1 EmergOnly=false IsDataRoamingFromRegistration=false]
04-20 22:59:20.425  4413  4413 D PHONE   : [ServiceState] setNullState=1
04-20 22:59:20.427  4413  4413 D OnStarServiceStateTracker: pollStateDone: Current OutgoingPhone is not OnStar.
04-20 22:59:36.089  4413  4907 V OnStarCommands: onCellNetInfo: cellNetworkName:AT&T cellNetworkSignal:3 cellNetworkState:0 cellNetworkType: 7
04-20 22:59:36.089  4413  4907 D OnStarCommands: getSignalLevel: 3 -> 8
04-20 22:59:36.089  4413  4907 D OnStarCommands: getVoiceRegState: state = 1
04-20 22:59:36.089  4413  4907 D OnStarCommands: onCellNetInfo: No mVoiceNetworkStateRegistrants to notify
04-20 22:59:36.096  4413  4413 V OnStarServiceStateTracker: handleMessage: SIGNAL STRENGTH event = 12  current phone is not OnStar
04-20 22:59:36.096  4413  4413 V OnStarServiceStateTracker: handleMessage: EVENT_NETWORK_STATE_CHANGED: polling states...
04-20 22:59:36.096  4413  4413 V OnStarServiceStateTracker: pollState
04-20 22:59:36.096  4413  4413 D OnStarCommands: getVoiceRegState: state = 1
04-20 22:59:36.096  4413  4413 D OnStarCommands: getOperator: operatorName = AT&T
04-20 22:59:36.096  4413  4413 V OnStarServiceStateTracker: handleMessage: EVENT_POLL_STATE_REGISTRATION: processing...
04-20 22:59:36.096  4413  4413 D OnStarServiceStateTracker: handlePollStateResult: EVENT_POLL_STATE_REGISTRATION: regCode:1, serviceState:0
04-20 22:59:36.096  4413  4413 D PHONE   : [ServiceState] setVoiceRegState=0
04-20 22:59:36.096  4413  4413 V OnStarServiceStateTracker: handleMessage: EVENT_POLL_STATE_OPERATOR: processing...
04-20 22:59:36.097  4413  4413 D OnStarServiceStateTracker: handlePollStateResult: EVENT_POLL_STATE_OPERATOR: opNames[0]: 'AT&T' opNames[1]: '' opNames[2]: ''
04-20 22:59:36.098  4413  4413 D OnStarServiceStateTracker: pollStateDone: oldSS=[0 1 voice home data home AT&T   AT&T    Unknown Unknown CSS not supported -1 -1 RoamInd=-1 DefRoamInd=-1 EmergOnly=false IsDataRoamingFromRegistration=false] newSS=[0 1 voice home data home AT&T   AT&T    Unknown Unknown CSS not supported -1 -1 RoamInd=-1 DefRoamInd=-1 EmergOnly=false IsDataRoamingFromRegistration=false]
04-20 22:59:36.098  4413  4413 D PHONE   : [ServiceState] setNullState=1
04-20 22:59:36.099  4413  4413 D OnStarServiceStateTracker: pollStateDone: Current OutgoingPhone is not OnStar.
04-20 22:59:38.344  4413  5095 V OnStarCommands: onCellNetInfo: cellNetworkName:AT&T cellNetworkSignal:2 cellNetworkState:0 cellNetworkType: 7
04-20 22:59:38.344  4413  5095 D OnStarCommands: getSignalLevel: 2 -> 6
04-20 22:59:38.344  4413  5095 D OnStarCommands: getVoiceRegState: state = 1
04-20 22:59:38.344  4413  5095 D OnStarCommands: onCellNetInfo: No mVoiceNetworkStateRegistrants to notify
04-20 22:59:38.350  4413  4413 V OnStarServiceStateTracker: handleMessage: SIGNAL STRENGTH event = 12  current phone is not OnStar
04-20 22:59:38.350  4413  4413 V OnStarServiceStateTracker: handleMessage: EVENT_NETWORK_STATE_CHANGED: polling states...
04-20 22:59:38.350  4413  4413 V OnStarServiceStateTracker: pollState
04-20 22:59:38.351  4413  4413 D OnStarCommands: getVoiceRegState: state = 1
04-20 22:59:38.351  4413  4413 D OnStarCommands: getOperator: operatorName = AT&T
04-20 22:59:38.351  4413  4413 V OnStarServiceStateTracker: handleMessage: EVENT_POLL_STATE_REGISTRATION: processing...
04-20 22:59:38.351  4413  4413 D OnStarServiceStateTracker: handlePollStateResult: EVENT_POLL_STATE_REGISTRATION: regCode:1, serviceState:0
04-20 22:59:38.351  4413  4413 D PHONE   : [ServiceState] setVoiceRegState=0
04-20 22:59:38.351  4413  4413 V OnStarServiceStateTracker: handleMessage: EVENT_POLL_STATE_OPERATOR: processing...
04-20 22:59:38.351  4413  4413 D OnStarServiceStateTracker: handlePollStateResult: EVENT_POLL_STATE_OPERATOR: opNames[0]: 'AT&T' opNames[1]: '' opNames[2]: ''
04-20 22:59:38.352  4413  4413 D OnStarServiceStateTracker: pollStateDone: oldSS=[0 1 voice home data home AT&T   AT&T    Unknown Unknown CSS not supported -1 -1 RoamInd=-1 DefRoamInd=-1 EmergOnly=false IsDataRoamingFromRegistration=false] newSS=[0 1 voice home data home AT&T   AT&T    Unknown Unknown CSS not supported -1 -1 RoamInd=-1 DefRoamInd=-1 EmergOnly=false IsDataRoamingFromRegistration=false]
04-20 22:59:38.352  4413  4413 D PHONE   : [ServiceState] setNullState=1
04-20 22:59:38.354  4413  4413 D OnStarServiceStateTracker: pollStateDone: Current OutgoingPhone is not OnStar.
04-20 22:59:54.017  4413  4450 V OnStarCommands: onCellNetInfo: cellNetworkName:AT&T cellNetworkSignal:3 cellNetworkState:0 cellNetworkType: 7
04-20 22:59:54.017  4413  4450 D OnStarCommands: getSignalLevel: 3 -> 8
04-20 22:59:54.017  4413  4450 D OnStarCommands: getVoiceRegState: state = 1
04-20 22:59:54.017  4413  4450 D OnStarCommands: onCellNetInfo: No mVoiceNetworkStateRegistrants to notify
04-20 22:59:54.022  4413  4413 V OnStarServiceStateTracker: handleMessage: SIGNAL STRENGTH event = 12  current phone is not OnStar
04-20 22:59:54.022  4413  4413 V OnStarServiceStateTracker: handleMessage: EVENT_NETWORK_STATE_CHANGED: polling states...
04-20 22:59:54.022  4413  4413 V OnStarServiceStateTracker: pollState
04-20 22:59:54.023  4413  4413 D OnStarCommands: getVoiceRegState: state = 1
04-20 22:59:54.023  4413  4413 D OnStarCommands: getOperator: operatorName = AT&T
04-20 22:59:54.023  4413  4413 V OnStarServiceStateTracker: handleMessage: EVENT_POLL_STATE_REGISTRATION: processing...
04-20 22:59:54.023  4413  4413 D OnStarServiceStateTracker: handlePollStateResult: EVENT_POLL_STATE_REGISTRATION: regCode:1, serviceState:0
04-20 22:59:54.023  4413  4413 D PHONE   : [ServiceState] setVoiceRegState=0
04-20 22:59:54.023  4413  4413 V OnStarServiceStateTracker: handleMessage: EVENT_POLL_STATE_OPERATOR: processing...
04-20 22:59:54.023  4413  4413 D OnStarServiceStateTracker: handlePollStateResult: EVENT_POLL_STATE_OPERATOR: opNames[0]: 'AT&T' opNames[1]: '' opNames[2]: ''
04-20 22:59:54.024  4413  4413 D OnStarServiceStateTracker: pollStateDone: oldSS=[0 1 voice home data home AT&T   AT&T    Unknown Unknown CSS not supported -1 -1 RoamInd=-1 DefRoamInd=-1 EmergOnly=false IsDataRoamingFromRegistration=false] newSS=[0 1 voice home data home AT&T   AT&T    Unknown Unknown CSS not supported -1 -1 RoamInd=-1 DefRoamInd=-1 EmergOnly=false IsDataRoamingFromRegistration=false]
04-20 22:59:54.024  4413  4413 D PHONE   : [ServiceState] setNullState=1
04-20 22:59:54.025  4413  4413 D OnStarServiceStateTracker: pollStateDone: Current OutgoingPhone is not OnStar.
04-20 22:59:56.270  4413  4713 V OnStarCommands: onCellNetInfo: cellNetworkName:AT&T cellNetworkSignal:2 cellNetworkState:0 cellNetworkType: 7
04-20 22:59:56.271  4413  4713 D OnStarCommands: getSignalLevel: 2 -> 6
04-20 22:59:56.271  4413  4713 D OnStarCommands: getVoiceRegState: state = 1
04-20 22:59:56.271  4413  4713 D OnStarCommands: onCellNetInfo: No mVoiceNetworkStateRegistrants to notify
04-20 22:59:56.276  4413  4413 V OnStarServiceStateTracker: handleMessage: SIGNAL STRENGTH event = 12  current phone is not OnStar
04-20 22:59:56.276  4413  4413 V OnStarServiceStateTracker: handleMessage: EVENT_NETWORK_STATE_CHANGED: polling states...
04-20 22:59:56.276  4413  4413 V OnStarServiceStateTracker: pollState
04-20 22:59:56.276  4413  4413 D OnStarCommands: getVoiceRegState: state = 1
04-20 22:59:56.276  4413  4413 D OnStarCommands: getOperator: operatorName = AT&T
04-20 22:59:56.276  4413  4413 V OnStarServiceStateTracker: handleMessage: EVENT_POLL_STATE_REGISTRATION: processing...
04-20 22:59:56.276  4413  4413 D OnStarServiceStateTracker: handlePollStateResult: EVENT_POLL_STATE_REGISTRATION: regCode:1, serviceState:0
04-20 22:59:56.276  4413  4413 D PHONE   : [ServiceState] setVoiceRegState=0
04-20 22:59:56.276  4413  4413 V OnStarServiceStateTracker: handleMessage: EVENT_POLL_STATE_OPERATOR: processing...
04-20 22:59:56.276  4413  4413 D OnStarServiceStateTracker: handlePollStateResult: EVENT_POLL_STATE_OPERATOR: opNames[0]: 'AT&T' opNames[1]: '' opNames[2]: ''
04-20 22:59:56.277  4413  4413 D OnStarServiceStateTracker: pollStateDone: oldSS=[0 1 voice home data home AT&T   AT&T    Unknown Unknown CSS not supported -1 -1 RoamInd=-1 DefRoamInd=-1 EmergOnly=false IsDataRoamingFromRegistration=false] newSS=[0 1 voice home data home AT&T   AT&T    Unknown Unknown CSS not supported -1 -1 RoamInd=-1 DefRoamInd=-1 EmergOnly=false IsDataRoamingFromRegistration=false]
04-20 22:59:56.277  4413  4413 D PHONE   : [ServiceState] setNullState=1
04-20 22:59:56.278  4413  4413 D OnStarServiceStateTracker: pollStateDone: Current OutgoingPhone is not OnStar.
04-20 23:00:45.536  4413  4460 V OnStarCommands: onCellNetInfo: cellNetworkName:AT&T cellNetworkSignal:1 cellNetworkState:0 cellNetworkType: 7
04-20 23:00:45.536  4413  4460 D OnStarCommands: getSignalLevel: 1 -> 4
04-20 23:00:45.536  4413  4460 D OnStarCommands: getVoiceRegState: state = 1
04-20 23:00:45.536  4413  4460 D OnStarCommands: onCellNetInfo: No mVoiceNetworkStateRegistrants to notify
04-20 23:00:45.548  4413  4413 V OnStarServiceStateTracker: handleMessage: SIGNAL STRENGTH event = 12  current phone is not OnStar
04-20 23:00:45.548  4413  4413 V OnStarServiceStateTracker: handleMessage: EVENT_NETWORK_STATE_CHANGED: polling states...
04-20 23:00:45.548  4413  4413 V OnStarServiceStateTracker: pollState
04-20 23:00:45.548  4413  4413 D OnStarCommands: getVoiceRegState: state = 1
04-20 23:00:45.548  4413  4413 D OnStarCommands: getOperator: operatorName = AT&T
04-20 23:00:45.548  4413  4413 V OnStarServiceStateTracker: handleMessage: EVENT_POLL_STATE_REGISTRATION: processing...
04-20 23:00:45.548  4413  4413 D OnStarServiceStateTracker: handlePollStateResult: EVENT_POLL_STATE_REGISTRATION: regCode:1, serviceState:0
04-20 23:00:45.548  4413  4413 D PHONE   : [ServiceState] setVoiceRegState=0
04-20 23:00:45.548  4413  4413 V OnStarServiceStateTracker: handleMessage: EVENT_POLL_STATE_OPERATOR: processing...
04-20 23:00:45.548  4413  4413 D OnStarServiceStateTracker: handlePollStateResult: EVENT_POLL_STATE_OPERATOR: opNames[0]: 'AT&T' opNames[1]: '' opNames[2]: ''
04-20 23:00:45.551  4413  4413 D OnStarServiceStateTracker: pollStateDone: oldSS=[0 1 voice home data home AT&T   AT&T    Unknown Unknown CSS not supported -1 -1 RoamInd=-1 DefRoamInd=-1 EmergOnly=false IsDataRoamingFromRegistration=false] newSS=[0 1 voice home data home AT&T   AT&T    Unknown Unknown CSS not supported -1 -1 RoamInd=-1 DefRoamInd=-1 EmergOnly=false IsDataRoamingFromRegistration=false]
04-20 23:00:45.551  4413  4413 D PHONE   : [ServiceState] setNullState=1
04-20 23:00:45.553  4413  4413 D OnStarServiceStateTracker: pollStateDone: Current OutgoingPhone is not OnStar.
04-20 23:00:47.772  4413  4907 V OnStarCommands: onCellNetInfo: cellNetworkName:AT&T cellNetworkSignal:2 cellNetworkState:0 cellNetworkType: 7
04-20 23:00:47.772  4413  4907 D OnStarCommands: getSignalLevel: 2 -> 6
04-20 23:00:47.773  4413  4907 D OnStarCommands: getVoiceRegState: state = 1
04-20 23:00:47.773  4413  4907 D OnStarCommands: onCellNetInfo: No mVoiceNetworkStateRegistrants to notify
04-20 23:00:47.776  4413  4413 V OnStarServiceStateTracker: handleMessage: SIGNAL STRENGTH event = 12  current phone is not OnStar
04-20 23:00:47.776  4413  4413 V OnStarServiceStateTracker: handleMessage: EVENT_NETWORK_STATE_CHANGED: polling states...
04-20 23:00:47.776  4413  4413 V OnStarServiceStateTracker: pollState
04-20 23:00:47.776  4413  4413 D OnStarCommands: getVoiceRegState: state = 1
04-20 23:00:47.776  4413  4413 D OnStarCommands: getOperator: operatorName = AT&T
04-20 23:00:47.776  4413  4413 V OnStarServiceStateTracker: handleMessage: EVENT_POLL_STATE_REGISTRATION: processing...
04-20 23:00:47.776  4413  4413 D OnStarServiceStateTracker: handlePollStateResult: EVENT_POLL_STATE_REGISTRATION: regCode:1, serviceState:0
04-20 23:00:47.776  4413  4413 D PHONE   : [ServiceState] setVoiceRegState=0
04-20 23:00:47.776  4413  4413 V OnStarServiceStateTracker: handleMessage: EVENT_POLL_STATE_OPERATOR: processing...
04-20 23:00:47.776  4413  4413 D OnStarServiceStateTracker: handlePollStateResult: EVENT_POLL_STATE_OPERATOR: opNames[0]: 'AT&T' opNames[1]: '' opNames[2]: ''
04-20 23:00:47.777  4413  4413 D OnStarServiceStateTracker: pollStateDone: oldSS=[0 1 voice home data home AT&T   AT&T    Unknown Unknown CSS not supported -1 -1 RoamInd=-1 DefRoamInd=-1 EmergOnly=false IsDataRoamingFromRegistration=false] newSS=[0 1 voice home data home AT&T   AT&T    Unknown Unknown CSS not supported -1 -1 RoamInd=-1 DefRoamInd=-1 EmergOnly=false IsDataRoamingFromRegistration=false]
04-20 23:00:47.777  4413  4413 D PHONE   : [ServiceState] setNullState=1
04-20 23:00:47.784  4413  4413 D OnStarServiceStateTracker: pollStateDone: Current OutgoingPhone is not OnStar.
04-20 23:00:58.976  4413  5095 V OnStarCommands: onCellNetInfo: cellNetworkName:AT&T cellNetworkSignal:3 cellNetworkState:0 cellNetworkType: 7
04-20 23:00:58.976  4413  5095 D OnStarCommands: getSignalLevel: 3 -> 8
04-20 23:00:58.977  4413  5095 D OnStarCommands: getVoiceRegState: state = 1
04-20 23:00:58.977  4413  5095 D OnStarCommands: onCellNetInfo: No mVoiceNetworkStateRegistrants to notify
04-20 23:00:58.980  4413  4413 V OnStarServiceStateTracker: handleMessage: SIGNAL STRENGTH event = 12  current phone is not OnStar
04-20 23:00:58.981  4413  4413 V OnStarServiceStateTracker: handleMessage: EVENT_NETWORK_STATE_CHANGED: polling states...
04-20 23:00:58.981  4413  4413 V OnStarServiceStateTracker: pollState
04-20 23:00:58.981  4413  4413 D OnStarCommands: getVoiceRegState: state = 1
04-20 23:00:58.981  4413  4413 D OnStarCommands: getOperator: operatorName = AT&T
04-20 23:00:58.981  4413  4413 V OnStarServiceStateTracker: handleMessage: EVENT_POLL_STATE_REGISTRATION: processing...
04-20 23:00:58.981  4413  4413 D OnStarServiceStateTracker: handlePollStateResult: EVENT_POLL_STATE_REGISTRATION: regCode:1, serviceState:0
04-20 23:00:58.981  4413  4413 D PHONE   : [ServiceState] setVoiceRegState=0
04-20 23:00:58.981  4413  4413 V OnStarServiceStateTracker: handleMessage: EVENT_POLL_STATE_OPERATOR: processing...
04-20 23:00:58.981  4413  4413 D OnStarServiceStateTracker: handlePollStateResult: EVENT_POLL_STATE_OPERATOR: opNames[0]: 'AT&T' opNames[1]: '' opNames[2]: ''
04-20 23:00:58.983  4413  4413 D OnStarServiceStateTracker: pollStateDone: oldSS=[0 1 voice home data home AT&T   AT&T    Unknown Unknown CSS not supported -1 -1 RoamInd=-1 DefRoamInd=-1 EmergOnly=false IsDataRoamingFromRegistration=false] newSS=[0 1 voice home data home AT&T   AT&T    Unknown Unknown CSS not supported -1 -1 RoamInd=-1 DefRoamInd=-1 EmergOnly=false IsDataRoamingFromRegistration=false]
04-20 23:00:58.983  4413  4413 D PHONE   : [ServiceState] setNullState=1
04-20 23:00:58.985  4413  4413 D OnStarServiceStateTracker: pollStateDone: Current OutgoingPhone is not OnStar.
04-20 23:01:03.476  4413  4450 V OnStarCommands: onCellNetInfo: cellNetworkName:AT&T cellNetworkSignal:2 cellNetworkState:0 cellNetworkType: 7
04-20 23:01:03.476  4413  4450 D OnStarCommands: getSignalLevel: 2 -> 6
04-20 23:01:03.476  4413  4450 D OnStarCommands: getVoiceRegState: state = 1
04-20 23:01:03.476  4413  4450 D OnStarCommands: onCellNetInfo: No mVoiceNetworkStateRegistrants to notify
04-20 23:01:03.492  4413  4413 V OnStarServiceStateTracker: handleMessage: SIGNAL STRENGTH event = 12  current phone is not OnStar
04-20 23:01:03.492  4413  4413 V OnStarServiceStateTracker: handleMessage: EVENT_NETWORK_STATE_CHANGED: polling states...
04-20 23:01:03.492  4413  4413 V OnStarServiceStateTracker: pollState
04-20 23:01:03.492  4413  4413 D OnStarCommands: getVoiceRegState: state = 1
04-20 23:01:03.492  4413  4413 D OnStarCommands: getOperator: operatorName = AT&T
04-20 23:01:03.492  4413  4413 V OnStarServiceStateTracker: handleMessage: EVENT_POLL_STATE_REGISTRATION: processing...
04-20 23:01:03.492  4413  4413 D OnStarServiceStateTracker: handlePollStateResult: EVENT_POLL_STATE_REGISTRATION: regCode:1, serviceState:0
04-20 23:01:03.492  4413  4413 D PHONE   : [ServiceState] setVoiceRegState=0
04-20 23:01:03.492  4413  4413 V OnStarServiceStateTracker: handleMessage: EVENT_POLL_STATE_OPERATOR: processing...
04-20 23:01:03.492  4413  4413 D OnStarServiceStateTracker: handlePollStateResult: EVENT_POLL_STATE_OPERATOR: opNames[0]: 'AT&T' opNames[1]: '' opNames[2]: ''
04-20 23:01:03.493  4413  4413 D OnStarServiceStateTracker: pollStateDone: oldSS=[0 1 voice home data home AT&T   AT&T    Unknown Unknown CSS not supported -1 -1 RoamInd=-1 DefRoamInd=-1 EmergOnly=false IsDataRoamingFromRegistration=false] newSS=[0 1 voice home data home AT&T   AT&T    Unknown Unknown CSS not supported -1 -1 RoamInd=-1 DefRoamInd=-1 EmergOnly=false IsDataRoamingFromRegistration=false]
04-20 23:01:03.493  4413  4413 D PHONE   : [ServiceState] setNullState=1
04-20 23:01:03.497  4413  4413 D OnStarServiceStateTracker: pollStateDone: Current OutgoingPhone is not OnStar.
04-20 23:01:13.807  2754  2754 D TelephonyRegistry: notifyCellLocationForSubscriber: subId=0 cellLocation=Bundle[{}]
04-20 23:01:13.824  4413  4450 D SubscriptionController: [getPhoneId]- subId=0 not found return default phoneId=2147483647
04-20 23:01:13.870  4413  4413 D BluetoothCommands: Unbinding HFService... Adapter state = 13
04-20 23:01:14.385 12974 13057 E KPI-AUDIO|: CheckAndRegisterForEntertainmentService, Service is ready |77088984 PID= 12974
04-20 23:01:14.386 12974 13056 E KPI-AUDIO|: AudioState before restored at|77088985, PID=12974
04-20 23:01:14.413 12974 13056 E KPI-AUDIO|: AudioState call setupPlaybackForMode at|77089013
04-20 23:01:14.420 12974 13056 E KPI-AUDIO|: AudioState return from restore at|77089019,isRestoreSuccess=true, PID=12974
04-20 23:01:14.711  4413  4460 V OnStarCommands: onOnStarLocationMaskingStatus
04-20 23:01:15.314  4413  4713 D SubscriptionController: [getPhoneId] asked for default subId=1
04-20 23:01:15.804  4413  4460 D SubscriptionController: [getPhoneId] asked for default subId=1
04-20 23:01:16.761  4336 21496 E KPI-BT| : Adapter enable  at|77091360
04-20 23:01:18.294  4413  4413 D BluetoothCommands: Binding HFService...
04-20 23:01:18.299  4413  4413 D BluetoothCommands: HFService proxy connected
04-20 23:01:43.777  4413  5095 V OnStarCommands: onCellNetInfo: cellNetworkName:AT&T cellNetworkSignal:3 cellNetworkState:0 cellNetworkType: 7
04-20 23:01:43.777  4413  5095 D OnStarCommands: getSignalLevel: 3 -> 8
04-20 23:01:43.777  4413  5095 D OnStarCommands: getVoiceRegState: state = 1
04-20 23:01:43.777  4413  5095 D OnStarCommands: onCellNetInfo: No mVoiceNetworkStateRegistrants to notify
04-20 23:01:43.781  4413  4413 V OnStarServiceStateTracker: handleMessage: SIGNAL STRENGTH event = 12  current phone is not OnStar
04-20 23:01:43.781  4413  4413 V OnStarServiceStateTracker: handleMessage: EVENT_NETWORK_STATE_CHANGED: polling states...
04-20 23:01:43.781  4413  4413 V OnStarServiceStateTracker: pollState
04-20 23:01:43.781  4413  4413 D OnStarCommands: getVoiceRegState: state = 1
04-20 23:01:43.781  4413  4413 D OnStarCommands: getOperator: operatorName = AT&T
04-20 23:01:43.781  4413  4413 V OnStarServiceStateTracker: handleMessage: EVENT_POLL_STATE_REGISTRATION: processing...
04-20 23:01:43.781  4413  4413 D OnStarServiceStateTracker: handlePollStateResult: EVENT_POLL_STATE_REGISTRATION: regCode:1, serviceState:0
04-20 23:01:43.781  4413  4413 D PHONE   : [ServiceState] setVoiceRegState=0
04-20 23:01:43.781  4413  4413 V OnStarServiceStateTracker: handleMessage: EVENT_POLL_STATE_OPERATOR: processing...
04-20 23:01:43.781  4413  4413 D OnStarServiceStateTracker: handlePollStateResult: EVENT_POLL_STATE_OPERATOR: opNames[0]: 'AT&T' opNames[1]: '' opNames[2]: ''
04-20 23:01:43.781  4413  4413 D OnStarServiceStateTracker: pollStateDone: oldSS=[0 1 voice home data home AT&T   AT&T    Unknown Unknown CSS not supported -1 -1 RoamInd=-1 DefRoamInd=-1 EmergOnly=false IsDataRoamingFromRegistration=false] newSS=[0 1 voice home data home AT&T   AT&T    Unknown Unknown CSS not supported -1 -1 RoamInd=-1 DefRoamInd=-1 EmergOnly=false IsDataRoamingFromRegistration=false]
04-20 23:01:43.781  4413  4413 D PHONE   : [ServiceState] setNullState=1
04-20 23:01:43.784  4413  4413 D OnStarServiceStateTracker: pollStateDone: Current OutgoingPhone is not OnStar.
04-20 23:01:48.274  4413  4460 V OnStarCommands: onCellNetInfo: cellNetworkName:AT&T cellNetworkSignal:2 cellNetworkState:0 cellNetworkType: 7
04-20 23:01:48.274  4413  4460 D OnStarCommands: getSignalLevel: 2 -> 6
04-20 23:01:48.274  4413  4460 D OnStarCommands: getVoiceRegState: state = 1
04-20 23:01:48.274  4413  4460 D OnStarCommands: onCellNetInfo: No mVoiceNetworkStateRegistrants to notify
04-20 23:01:48.281  4413  4413 V OnStarServiceStateTracker: handleMessage: SIGNAL STRENGTH event = 12  current phone is not OnStar
04-20 23:01:48.282  4413  4413 V OnStarServiceStateTracker: handleMessage: EVENT_NETWORK_STATE_CHANGED: polling states...
04-20 23:01:48.282  4413  4413 V OnStarServiceStateTracker: pollState
04-20 23:01:48.282  4413  4413 D OnStarCommands: getVoiceRegState: state = 1
04-20 23:01:48.282  4413  4413 D OnStarCommands: getOperator: operatorName = AT&T
04-20 23:01:48.282  4413  4413 V OnStarServiceStateTracker: handleMessage: EVENT_POLL_STATE_REGISTRATION: processing...
04-20 23:01:48.282  4413  4413 D OnStarServiceStateTracker: handlePollStateResult: EVENT_POLL_STATE_REGISTRATION: regCode:1, serviceState:0
04-20 23:01:48.282  4413  4413 D PHONE   : [ServiceState] setVoiceRegState=0
04-20 23:01:48.282  4413  4413 V OnStarServiceStateTracker: handleMessage: EVENT_POLL_STATE_OPERATOR: processing...
04-20 23:01:48.282  4413  4413 D OnStarServiceStateTracker: handlePollStateResult: EVENT_POLL_STATE_OPERATOR: opNames[0]: 'AT&T' opNames[1]: '' opNames[2]: ''
04-20 23:01:48.284  4413  4413 D OnStarServiceStateTracker: pollStateDone: oldSS=[0 1 voice home data home AT&T   AT&T    Unknown Unknown CSS not supported -1 -1 RoamInd=-1 DefRoamInd=-1 EmergOnly=false IsDataRoamingFromRegistration=false] newSS=[0 1 voice home data home AT&T   AT&T    Unknown Unknown CSS not supported -1 -1 RoamInd=-1 DefRoamInd=-1 EmergOnly=false IsDataRoamingFromRegistration=false]
04-20 23:01:48.284  4413  4413 D PHONE   : [ServiceState] setNullState=1
04-20 23:01:48.288  4413  4413 D OnStarServiceStateTracker: pollStateDone: Current OutgoingPhone is not OnStar.
04-20 23:01:50.506  4413  4713 V OnStarCommands: onCellNetInfo: cellNetworkName:AT&T cellNetworkSignal:3 cellNetworkState:0 cellNetworkType: 7
04-20 23:01:50.506  4413  4713 D OnStarCommands: getSignalLevel: 3 -> 8
04-20 23:01:50.506  4413  4713 D OnStarCommands: getVoiceRegState: state = 1
04-20 23:01:50.506  4413  4713 D OnStarCommands: onCellNetInfo: No mVoiceNetworkStateRegistrants to notify
04-20 23:01:50.522  4413  4413 V OnStarServiceStateTracker: handleMessage: SIGNAL STRENGTH event = 12  current phone is not OnStar
04-20 23:01:50.522  4413  4413 V OnStarServiceStateTracker: handleMessage: EVENT_NETWORK_STATE_CHANGED: polling states...
04-20 23:01:50.522  4413  4413 V OnStarServiceStateTracker: pollState
04-20 23:01:50.522  4413  4413 D OnStarCommands: getVoiceRegState: state = 1
04-20 23:01:50.522  4413  4413 D OnStarCommands: getOperator: operatorName = AT&T
04-20 23:01:50.523  4413  4413 V OnStarServiceStateTracker: handleMessage: EVENT_POLL_STATE_REGISTRATION: processing...
04-20 23:01:50.523  4413  4413 D OnStarServiceStateTracker: handlePollStateResult: EVENT_POLL_STATE_REGISTRATION: regCode:1, serviceState:0
04-20 23:01:50.523  4413  4413 D PHONE   : [ServiceState] setVoiceRegState=0
04-20 23:01:50.523  4413  4413 V OnStarServiceStateTracker: handleMessage: EVENT_POLL_STATE_OPERATOR: processing...
04-20 23:01:50.523  4413  4413 D OnStarServiceStateTracker: handlePollStateResult: EVENT_POLL_STATE_OPERATOR: opNames[0]: 'AT&T' opNames[1]: '' opNames[2]: ''
04-20 23:01:50.524  4413  4413 D OnStarServiceStateTracker: pollStateDone: oldSS=[0 1 voice home data home AT&T   AT&T    Unknown Unknown CSS not supported -1 -1 RoamInd=-1 DefRoamInd=-1 EmergOnly=false IsDataRoamingFromRegistration=false] newSS=[0 1 voice home data home AT&T   AT&T    Unknown Unknown CSS not supported -1 -1 RoamInd=-1 DefRoamInd=-1 EmergOnly=false IsDataRoamingFromRegistration=false]
04-20 23:01:50.524  4413  4413 D PHONE   : [ServiceState] setNullState=1
04-20 23:01:50.525  4413  4413 D OnStarServiceStateTracker: pollStateDone: Current OutgoingPhone is not OnStar.
04-20 23:01:52.741  4413  4907 V OnStarCommands: onCellNetInfo: cellNetworkName:AT&T cellNetworkSignal:2 cellNetworkState:0 cellNetworkType: 7
04-20 23:01:52.741  4413  4907 D OnStarCommands: getSignalLevel: 2 -> 6
04-20 23:01:52.742  4413  4907 D OnStarCommands: getVoiceRegState: state = 1
04-20 23:01:52.742  4413  4907 D OnStarCommands: onCellNetInfo: No mVoiceNetworkStateRegistrants to notify
04-20 23:01:52.750  4413  4413 V OnStarServiceStateTracker: handleMessage: SIGNAL STRENGTH event = 12  current phone is not OnStar
04-20 23:01:52.750  4413  4413 V OnStarServiceStateTracker: handleMessage: EVENT_NETWORK_STATE_CHANGED: polling states...
04-20 23:01:52.750  4413  4413 V OnStarServiceStateTracker: pollState
04-20 23:01:52.750  4413  4413 D OnStarCommands: getVoiceRegState: state = 1
04-20 23:01:52.750  4413  4413 D OnStarCommands: getOperator: operatorName = AT&T
04-20 23:01:52.750  4413  4413 V OnStarServiceStateTracker: handleMessage: EVENT_POLL_STATE_REGISTRATION: processing...
04-20 23:01:52.750  4413  4413 D OnStarServiceStateTracker: handlePollStateResult: EVENT_POLL_STATE_REGISTRATION: regCode:1, serviceState:0
04-20 23:01:52.750  4413  4413 D PHONE   : [ServiceState] setVoiceRegState=0
04-20 23:01:52.750  4413  4413 V OnStarServiceStateTracker: handleMessage: EVENT_POLL_STATE_OPERATOR: processing...
04-20 23:01:52.750  4413  4413 D OnStarServiceStateTracker: handlePollStateResult: EVENT_POLL_STATE_OPERATOR: opNames[0]: 'AT&T' opNames[1]: '' opNames[2]: ''
04-20 23:01:52.750  4413  4413 D OnStarServiceStateTracker: pollStateDone: oldSS=[0 1 voice home data home AT&T   AT&T    Unknown Unknown CSS not supported -1 -1 RoamInd=-1 DefRoamInd=-1 EmergOnly=false IsDataRoamingFromRegistration=false] newSS=[0 1 voice home data home AT&T   AT&T    Unknown Unknown CSS not supported -1 -1 RoamInd=-1 DefRoamInd=-1 EmergOnly=false IsDataRoamingFromRegistration=false]
04-20 23:01:52.750  4413  4413 D PHONE   : [ServiceState] setNullState=1
04-20 23:01:52.751  4413  4413 D OnStarServiceStateTracker: pollStateDone: Current OutgoingPhone is not OnStar.
04-20 23:01:57.224  4413  5095 V OnStarCommands: onCellNetInfo: cellNetworkName:AT&T cellNetworkSignal:3 cellNetworkState:0 cellNetworkType: 7
04-20 23:01:57.224  4413  5095 D OnStarCommands: getSignalLevel: 3 -> 8
04-20 23:01:57.228  4413  5095 D OnStarCommands: getVoiceRegState: state = 1
04-20 23:01:57.228  4413  5095 D OnStarCommands: onCellNetInfo: No mVoiceNetworkStateRegistrants to notify
04-20 23:01:57.231  4413  4413 V OnStarServiceStateTracker: handleMessage: SIGNAL STRENGTH event = 12  current phone is not OnStar
04-20 23:01:57.231  4413  4413 V OnStarServiceStateTracker: handleMessage: EVENT_NETWORK_STATE_CHANGED: polling states...
04-20 23:01:57.231  4413  4413 V OnStarServiceStateTracker: pollState
04-20 23:01:57.231  4413  4413 D OnStarCommands: getVoiceRegState: state = 1
04-20 23:01:57.231  4413  4413 D OnStarCommands: getOperator: operatorName = AT&T
04-20 23:01:57.231  4413  4413 V OnStarServiceStateTracker: handleMessage: EVENT_POLL_STATE_REGISTRATION: processing...
04-20 23:01:57.231  4413  4413 D OnStarServiceStateTracker: handlePollStateResult: EVENT_POLL_STATE_REGISTRATION: regCode:1, serviceState:0
04-20 23:01:57.231  4413  4413 D PHONE   : [ServiceState] setVoiceRegState=0
04-20 23:01:57.231  4413  4413 V OnStarServiceStateTracker: handleMessage: EVENT_POLL_STATE_OPERATOR: processing...
04-20 23:01:57.231  4413  4413 D OnStarServiceStateTracker: handlePollStateResult: EVENT_POLL_STATE_OPERATOR: opNames[0]: 'AT&T' opNames[1]: '' opNames[2]: ''
04-20 23:01:57.232  4413  4413 D OnStarServiceStateTracker: pollStateDone: oldSS=[0 1 voice home data home AT&T   AT&T    Unknown Unknown CSS not supported -1 -1 RoamInd=-1 DefRoamInd=-1 EmergOnly=false IsDataRoamingFromRegistration=false] newSS=[0 1 voice home data home AT&T   AT&T    Unknown Unknown CSS not supported -1 -1 RoamInd=-1 DefRoamInd=-1 EmergOnly=false IsDataRoamingFromRegistration=false]
04-20 23:01:57.232  4413  4413 D PHONE   : [ServiceState] setNullState=1
04-20 23:01:57.232  4413  4413 D OnStarServiceStateTracker: pollStateDone: Current OutgoingPhone is not OnStar.
04-20 23:01:59.453  4413  4450 V OnStarCommands: onCellNetInfo: cellNetworkName:AT&T cellNetworkSignal:2 cellNetworkState:0 cellNetworkType: 7
04-20 23:01:59.453  4413  4450 D OnStarCommands: getSignalLevel: 2 -> 6
04-20 23:01:59.453  4413  4450 D OnStarCommands: getVoiceRegState: state = 1
04-20 23:01:59.453  4413  4450 D OnStarCommands: onCellNetInfo: No mVoiceNetworkStateRegistrants to notify
04-20 23:01:59.454  4413  4413 V OnStarServiceStateTracker: handleMessage: SIGNAL STRENGTH event = 12  current phone is not OnStar
04-20 23:01:59.456  4413  4413 V OnStarServiceStateTracker: handleMessage: EVENT_NETWORK_STATE_CHANGED: polling states...
04-20 23:01:59.456  4413  4413 V OnStarServiceStateTracker: pollState
04-20 23:01:59.456  4413  4413 D OnStarCommands: getVoiceRegState: state = 1
04-20 23:01:59.456  4413  4413 D OnStarCommands: getOperator: operatorName = AT&T
04-20 23:01:59.456  4413  4413 V OnStarServiceStateTracker: handleMessage: EVENT_POLL_STATE_REGISTRATION: processing...
04-20 23:01:59.456  4413  4413 D OnStarServiceStateTracker: handlePollStateResult: EVENT_POLL_STATE_REGISTRATION: regCode:1, serviceState:0
04-20 23:01:59.456  4413  4413 D PHONE   : [ServiceState] setVoiceRegState=0
04-20 23:01:59.456  4413  4413 V OnStarServiceStateTracker: handleMessage: EVENT_POLL_STATE_OPERATOR: processing...
04-20 23:01:59.456  4413  4413 D OnStarServiceStateTracker: handlePollStateResult: EVENT_POLL_STATE_OPERATOR: opNames[0]: 'AT&T' opNames[1]: '' opNames[2]: ''
04-20 23:01:59.458  4413  4413 D OnStarServiceStateTracker: pollStateDone: oldSS=[0 1 voice home data home AT&T   AT&T    Unknown Unknown CSS not supported -1 -1 RoamInd=-1 DefRoamInd=-1 EmergOnly=false IsDataRoamingFromRegistration=false] newSS=[0 1 voice home data home AT&T   AT&T    Unknown Unknown CSS not supported -1 -1 RoamInd=-1 DefRoamInd=-1 EmergOnly=false IsDataRoamingFromRegistration=false]
04-20 23:01:59.458  4413  4413 D PHONE   : [ServiceState] setNullState=1
04-20 23:01:59.460  4413  4413 D OnStarServiceStateTracker: pollStateDone: Current OutgoingPhone is not OnStar.
04-20 23:02:06.177  4413  4460 V OnStarCommands: onCellNetInfo: cellNetworkName:AT&T cellNetworkSignal:3 cellNetworkState:0 cellNetworkType: 7
04-20 23:02:06.177  4413  4460 D OnStarCommands: getSignalLevel: 3 -> 8
04-20 23:02:06.177  4413  4460 D OnStarCommands: getVoiceRegState: state = 1
04-20 23:02:06.177  4413  4460 D OnStarCommands: onCellNetInfo: No mVoiceNetworkStateRegistrants to notify
04-20 23:02:06.179  4413  4413 V OnStarServiceStateTracker: handleMessage: SIGNAL STRENGTH event = 12  current phone is not OnStar
04-20 23:02:06.179  4413  4413 V OnStarServiceStateTracker: handleMessage: EVENT_NETWORK_STATE_CHANGED: polling states...
04-20 23:02:06.179  4413  4413 V OnStarServiceStateTracker: pollState
04-20 23:02:06.179  4413  4413 D OnStarCommands: getVoiceRegState: state = 1
04-20 23:02:06.179  4413  4413 D OnStarCommands: getOperator: operatorName = AT&T
04-20 23:02:06.179  4413  4413 V OnStarServiceStateTracker: handleMessage: EVENT_POLL_STATE_REGISTRATION: processing...
04-20 23:02:06.179  4413  4413 D OnStarServiceStateTracker: handlePollStateResult: EVENT_POLL_STATE_REGISTRATION: regCode:1, serviceState:0
04-20 23:02:06.179  4413  4413 D PHONE   : [ServiceState] setVoiceRegState=0
04-20 23:02:06.180  4413  4413 V OnStarServiceStateTracker: handleMessage: EVENT_POLL_STATE_OPERATOR: processing...
04-20 23:02:06.180  4413  4413 D OnStarServiceStateTracker: handlePollStateResult: EVENT_POLL_STATE_OPERATOR: opNames[0]: 'AT&T' opNames[1]: '' opNames[2]: ''
04-20 23:02:06.183  4413  4413 D OnStarServiceStateTracker: pollStateDone: oldSS=[0 1 voice home data home AT&T   AT&T    Unknown Unknown CSS not supported -1 -1 RoamInd=-1 DefRoamInd=-1 EmergOnly=false IsDataRoamingFromRegistration=false] newSS=[0 1 voice home data home AT&T   AT&T    Unknown Unknown CSS not supported -1 -1 RoamInd=-1 DefRoamInd=-1 EmergOnly=false IsDataRoamingFromRegistration=false]
04-20 23:02:06.183  4413  4413 D PHONE   : [ServiceState] setNullState=1
04-20 23:02:06.185  4413  4413 D OnStarServiceStateTracker: pollStateDone: Current OutgoingPhone is not OnStar.
04-20 23:02:08.416  4413  4713 V OnStarCommands: onCellNetInfo: cellNetworkName:AT&T cellNetworkSignal:2 cellNetworkState:0 cellNetworkType: 7
04-20 23:02:08.417  4413  4713 D OnStarCommands: getSignalLevel: 2 -> 6
04-20 23:02:08.417  4413  4713 D OnStarCommands: getVoiceRegState: state = 1
04-20 23:02:08.417  4413  4713 D OnStarCommands: onCellNetInfo: No mVoiceNetworkStateRegistrants to notify
04-20 23:02:08.420  4413  4413 V OnStarServiceStateTracker: handleMessage: SIGNAL STRENGTH event = 12  current phone is not OnStar
04-20 23:02:08.420  4413  4413 V OnStarServiceStateTracker: handleMessage: EVENT_NETWORK_STATE_CHANGED: polling states...
04-20 23:02:08.420  4413  4413 V OnStarServiceStateTracker: pollState
04-20 23:02:08.420  4413  4413 D OnStarCommands: getVoiceRegState: state = 1
04-20 23:02:08.420  4413  4413 D OnStarCommands: getOperator: operatorName = AT&T
04-20 23:02:08.421  4413  4413 V OnStarServiceStateTracker: handleMessage: EVENT_POLL_STATE_REGISTRATION: processing...
04-20 23:02:08.421  4413  4413 D OnStarServiceStateTracker: handlePollStateResult: EVENT_POLL_STATE_REGISTRATION: regCode:1, serviceState:0
04-20 23:02:08.421  4413  4413 D PHONE   : [ServiceState] setVoiceRegState=0
04-20 23:02:08.421  4413  4413 V OnStarServiceStateTracker: handleMessage: EVENT_POLL_STATE_OPERATOR: processing...
04-20 23:02:08.421  4413  4413 D OnStarServiceStateTracker: handlePollStateResult: EVENT_POLL_STATE_OPERATOR: opNames[0]: 'AT&T' opNames[1]: '' opNames[2]: ''
04-20 23:02:08.422  4413  4413 D OnStarServiceStateTracker: pollStateDone: oldSS=[0 1 voice home data home AT&T   AT&T    Unknown Unknown CSS not supported -1 -1 RoamInd=-1 DefRoamInd=-1 EmergOnly=false IsDataRoamingFromRegistration=false] newSS=[0 1 voice home data home AT&T   AT&T    Unknown Unknown CSS not supported -1 -1 RoamInd=-1 DefRoamInd=-1 EmergOnly=false IsDataRoamingFromRegistration=false]
04-20 23:02:08.422  4413  4413 D PHONE   : [ServiceState] setNullState=1
04-20 23:02:08.426  4413  4413 D OnStarServiceStateTracker: pollStateDone: Current OutgoingPhone is not OnStar.
04-20 23:02:59.951  4413  5095 V OnStarCommands: onCellNetInfo: cellNetworkName:AT&T cellNetworkSignal:3 cellNetworkState:0 cellNetworkType: 7
04-20 23:02:59.951  4413  5095 D OnStarCommands: getSignalLevel: 3 -> 8
04-20 23:02:59.951  4413  5095 D OnStarCommands: getVoiceRegState: state = 1
04-20 23:02:59.951  4413  5095 D OnStarCommands: onCellNetInfo: No mVoiceNetworkStateRegistrants to notify
04-20 23:02:59.959  4413  4413 V OnStarServiceStateTracker: handleMessage: SIGNAL STRENGTH event = 12  current phone is not OnStar
04-20 23:02:59.959  4413  4413 V OnStarServiceStateTracker: handleMessage: EVENT_NETWORK_STATE_CHANGED: polling states...
04-20 23:02:59.959  4413  4413 V OnStarServiceStateTracker: pollState
04-20 23:02:59.959  4413  4413 D OnStarCommands: getVoiceRegState: state = 1
04-20 23:02:59.959  4413  4413 D OnStarCommands: getOperator: operatorName = AT&T
04-20 23:02:59.959  4413  4413 V OnStarServiceStateTracker: handleMessage: EVENT_POLL_STATE_REGISTRATION: processing...
04-20 23:02:59.959  4413  4413 D OnStarServiceStateTracker: handlePollStateResult: EVENT_POLL_STATE_REGISTRATION: regCode:1, serviceState:0
04-20 23:02:59.959  4413  4413 D PHONE   : [ServiceState] setVoiceRegState=0
04-20 23:02:59.959  4413  4413 V OnStarServiceStateTracker: handleMessage: EVENT_POLL_STATE_OPERATOR: processing...
04-20 23:02:59.959  4413  4413 D OnStarServiceStateTracker: handlePollStateResult: EVENT_POLL_STATE_OPERATOR: opNames[0]: 'AT&T' opNames[1]: '' opNames[2]: ''
04-20 23:02:59.963  4413  4413 D OnStarServiceStateTracker: pollStateDone: oldSS=[0 1 voice home data home AT&T   AT&T    Unknown Unknown CSS not supported -1 -1 RoamInd=-1 DefRoamInd=-1 EmergOnly=false IsDataRoamingFromRegistration=false] newSS=[0 1 voice home data home AT&T   AT&T    Unknown Unknown CSS not supported -1 -1 RoamInd=-1 DefRoamInd=-1 EmergOnly=false IsDataRoamingFromRegistration=false]
04-20 23:02:59.963  4413  4413 D PHONE   : [ServiceState] setNullState=1
04-20 23:02:59.964  4413  4413 D OnStarServiceStateTracker: pollStateDone: Current OutgoingPhone is not OnStar.
04-20 23:03:01.799  4413  5095 W OnStarPhone: getVoiceMailNumber() -> 16195818012
04-20 23:03:01.816  4413  4907 W OnStarPhone: getVoiceMailNumber() -> 16195818012
04-20 23:03:01.824  4413  4450 W OnStarPhone: getVoiceMailNumber() -> 16195818012
04-20 23:03:01.828  4413  4713 W OnStarPhone: getVoiceMailNumber() -> 16195818012
04-20 23:03:01.831  4413  4907 D SubscriptionController: [getPhoneId] asked for default subId=1
04-20 23:03:01.844  4413  4713 W OnStarPhone: getVoiceMailNumber() -> 16195818012
04-20 23:03:01.848  4413  5095 W OnStarPhone: getVoiceMailNumber() -> 16195818012
04-20 23:03:01.891  4413  4713 W OnStarPhone: getVoiceMailNumber() -> 16195818012
04-20 23:03:01.905  4413  4907 W OnStarPhone: getVoiceMailNumber() -> 16195818012
04-20 23:03:02.182  4413  4713 V OnStarCommands: onCellNetInfo: cellNetworkName:AT&T cellNetworkSignal:2 cellNetworkState:0 cellNetworkType: 7
04-20 23:03:02.182  4413  4713 D OnStarCommands: getSignalLevel: 2 -> 6
04-20 23:03:02.182  4413  4713 D OnStarCommands: getVoiceRegState: state = 1
04-20 23:03:02.182  4413  4713 D OnStarCommands: onCellNetInfo: No mVoiceNetworkStateRegistrants to notify
04-20 23:03:02.184  4413  4413 V OnStarServiceStateTracker: handleMessage: SIGNAL STRENGTH event = 12  current phone is not OnStar
04-20 23:03:02.184  4413  4413 V OnStarServiceStateTracker: handleMessage: EVENT_NETWORK_STATE_CHANGED: polling states...
04-20 23:03:02.184  4413  4413 V OnStarServiceStateTracker: pollState
04-20 23:03:02.184  4413  4413 D OnStarCommands: getVoiceRegState: state = 1
04-20 23:03:02.184  4413  4413 D OnStarCommands: getOperator: operatorName = AT&T
04-20 23:03:02.184  4413  4413 V OnStarServiceStateTracker: handleMessage: EVENT_POLL_STATE_REGISTRATION: processing...
04-20 23:03:02.184  4413  4413 D OnStarServiceStateTracker: handlePollStateResult: EVENT_POLL_STATE_REGISTRATION: regCode:1, serviceState:0
04-20 23:03:02.184  4413  4413 D PHONE   : [ServiceState] setVoiceRegState=0
04-20 23:03:02.184  4413  4413 V OnStarServiceStateTracker: handleMessage: EVENT_POLL_STATE_OPERATOR: processing...
04-20 23:03:02.184  4413  4413 D OnStarServiceStateTracker: handlePollStateResult: EVENT_POLL_STATE_OPERATOR: opNames[0]: 'AT&T' opNames[1]: '' opNames[2]: ''
04-20 23:03:02.185  4413  4413 D OnStarServiceStateTracker: pollStateDone: oldSS=[0 1 voice home data home AT&T   AT&T    Unknown Unknown CSS not supported -1 -1 RoamInd=-1 DefRoamInd=-1 EmergOnly=false IsDataRoamingFromRegistration=false] newSS=[0 1 voice home data home AT&T   AT&T    Unknown Unknown CSS not supported -1 -1 RoamInd=-1 DefRoamInd=-1 EmergOnly=false IsDataRoamingFromRegistration=false]
04-20 23:03:02.185  4413  4413 D PHONE   : [ServiceState] setNullState=1
04-20 23:03:02.188  4413  4413 D OnStarServiceStateTracker: pollStateDone: Current OutgoingPhone is not OnStar.
04-20 23:03:02.254  4413  4907 W OnStarPhone: getVoiceMailNumber() -> 16195818012
04-20 23:03:02.259  4413  4450 W OnStarPhone: getVoiceMailNumber() -> 16195818012
04-20 23:03:02.264  4413  4460 W OnStarPhone: getVoiceMailNumber() -> 16195818012
04-20 23:03:02.269  4413  5095 W OnStarPhone: getVoiceMailNumber() -> 16195818012
04-20 23:03:02.273  4413  4713 W OnStarPhone: getVoiceMailNumber() -> 16195818012
04-20 23:03:02.280  4413  4907 W OnStarPhone: getVoiceMailNumber() -> 16195818012
04-20 23:03:02.291  4413  4450 W OnStarPhone: getVoiceMailNumber() -> 16195818012
04-20 23:03:02.296  4413  4460 W OnStarPhone: getVoiceMailNumber() -> 16195818012
04-20 23:03:02.335  4413  5095 W OnStarPhone: getVoiceMailNumber() -> 16195818012
04-20 23:03:02.340  4413  4713 W OnStarPhone: getVoiceMailNumber() -> 16195818012
04-20 23:03:02.344  4413  4907 W OnStarPhone: getVoiceMailNumber() -> 16195818012
04-20 23:03:02.351  4413  4450 W OnStarPhone: getVoiceMailNumber() -> 16195818012
04-20 23:03:02.363  4413  4460 W OnStarPhone: getVoiceMailNumber() -> 16195818012
04-20 23:03:02.368  4413  5095 W OnStarPhone: getVoiceMailNumber() -> 16195818012
04-20 23:03:02.374  4413  4713 W OnStarPhone: getVoiceMailNumber() -> 16195818012
04-20 23:03:02.376  4413  4907 W OnStarPhone: getVoiceMailNumber() -> 16195818012
04-20 23:03:02.453  4413  4450 W OnStarPhone: getVoiceMailNumber() -> 16195818012
04-20 23:03:02.461  4413  4460 W OnStarPhone: getVoiceMailNumber() -> 16195818012
04-20 23:03:02.465  4413  5095 W OnStarPhone: getVoiceMailNumber() -> 16195818012
04-20 23:03:02.469  4413  4713 W OnStarPhone: getVoiceMailNumber() -> 16195818012
04-20 23:03:02.475  4413  4907 W OnStarPhone: getVoiceMailNumber() -> 16195818012
04-20 23:03:02.478  4413  4450 W OnStarPhone: getVoiceMailNumber() -> 16195818012
04-20 23:03:02.482  4413  4460 W OnStarPhone: getVoiceMailNumber() -> 16195818012
04-20 23:03:02.486  4413  5095 W OnStarPhone: getVoiceMailNumber() -> 16195818012
04-20 23:03:02.501  4413  4713 W OnStarPhone: getVoiceMailNumber() -> 16195818012
04-20 23:03:02.506  4413  4907 W OnStarPhone: getVoiceMailNumber() -> 16195818012
04-20 23:03:02.509  4413  4450 W OnStarPhone: getVoiceMailNumber() -> 16195818012
04-20 23:03:02.512  4413  4460 W OnStarPhone: getVoiceMailNumber() -> 16195818012
04-20 23:03:02.516  4413  5095 W OnStarPhone: getVoiceMailNumber() -> 16195818012
04-20 23:03:02.521  4413  4713 W OnStarPhone: getVoiceMailNumber() -> 16195818012
04-20 23:03:02.526  4413  4907 W OnStarPhone: getVoiceMailNumber() -> 16195818012
04-20 23:03:02.529  4413  4450 W OnStarPhone: getVoiceMailNumber() -> 16195818012
04-20 23:03:02.558  4413  4460 W OnStarPhone: getVoiceMailNumber() -> 16195818012
04-20 23:03:02.562  4413  5095 W OnStarPhone: getVoiceMailNumber() -> 16195818012
04-20 23:03:02.565  4413  4713 W OnStarPhone: getVoiceMailNumber() -> 16195818012
