04-20 23:05:32.280  4413  4413 V OnStarServiceStateTracker: handleMessage: EVENT_NETWORK_STATE_CHANGED: polling states...
04-20 23:05:32.280  4413  4413 V OnStarServiceStateTracker: pollState
04-20 23:05:32.280  4413  4413 D OnStarCommands: getVoiceRegState: state = 1
04-20 23:05:32.280  4413  4413 D OnStarCommands: getOperator: operatorName = AT&T
04-20 23:05:32.280  4413  4413 V OnStarServiceStateTracker: handleMessage: EVENT_POLL_STATE_REGISTRATION: processing...
04-20 23:05:32.280  4413  4413 D OnStarServiceStateTracker: handlePollStateResult: EVENT_POLL_STATE_REGISTRATION: regCode:1, serviceState:0
04-20 23:05:32.280  4413  4413 D PHONE   : [ServiceState] setVoiceRegState=0
04-20 23:05:32.280  4413  4413 V OnStarServiceStateTracker: handleMessage: EVENT_POLL_STATE_OPERATOR: processing...
04-20 23:05:32.280  4413  4413 D OnStarServiceStateTracker: handlePollStateResult: EVENT_POLL_STATE_OPERATOR: opNames[0]: 'AT&T' opNames[1]: '' opNames[2]: ''
04-20 23:05:32.283  4413  4413 D OnStarServiceStateTracker: pollStateDone: oldSS=[0 1 voice home data home AT&T   AT&T    Unknown Unknown CSS not supported -1 -1 RoamInd=-1 DefRoamInd=-1 EmergOnly=false IsDataRoamingFromRegistration=false] newSS=[0 1 voice home data home AT&T   AT&T    Unknown Unknown CSS not supported -1 -1 RoamInd=-1 DefRoamInd=-1 EmergOnly=false IsDataRoamingFromRegistration=false]
04-20 23:05:32.283  4413  4413 D PHONE   : [ServiceState] setNullState=1
04-20 23:05:32.287  4413  4413 D OnStarServiceStateTracker: pollStateDone: Current OutgoingPhone is not OnStar.
04-20 23:05:33.637  4413  4450 D SubscriptionController: [getPhoneId] asked for default subId=1
04-20 23:05:41.229  4413  4907 V OnStarCommands: onCellNetInfo: cellNetworkName:AT&T cellNetworkSignal:3 cellNetworkState:0 cellNetworkType: 7
04-20 23:05:41.229  4413  4907 D OnStarCommands: getSignalLevel: 3 -> 8
04-20 23:05:41.229  4413  4907 D OnStarCommands: getVoiceRegState: state = 1
04-20 23:05:41.229  4413  4907 D OnStarCommands: onCellNetInfo: No mVoiceNetworkStateRegistrants to notify
04-20 23:05:41.232  4413  4413 V OnStarServiceStateTracker: handleMessage: SIGNAL STRENGTH event = 12  current phone is not OnStar
04-20 23:05:41.232  4413  4413 V OnStarServiceStateTracker: handleMessage: EVENT_NETWORK_STATE_CHANGED: polling states...
04-20 23:05:41.232  4413  4413 V OnStarServiceStateTracker: pollState
04-20 23:05:41.232  4413  4413 D OnStarCommands: getVoiceRegState: state = 1
04-20 23:05:41.232  4413  4413 D OnStarCommands: getOperator: operatorName = AT&T
04-20 23:05:41.232  4413  4413 V OnStarServiceStateTracker: handleMessage: EVENT_POLL_STATE_REGISTRATION: processing...
04-20 23:05:41.232  4413  4413 D OnStarServiceStateTracker: handlePollStateResult: EVENT_POLL_STATE_REGISTRATION: regCode:1, serviceState:0
04-20 23:05:41.232  4413  4413 D PHONE   : [ServiceState] setVoiceRegState=0
04-20 23:05:41.232  4413  4413 V OnStarServiceStateTracker: handleMessage: EVENT_POLL_STATE_OPERATOR: processing...
04-20 23:05:41.232  4413  4413 D OnStarServiceStateTracker: handlePollStateResult: EVENT_POLL_STATE_OPERATOR: opNames[0]: 'AT&T' opNames[1]: '' opNames[2]: ''
04-20 23:05:41.234  4413  4413 D OnStarServiceStateTracker: pollStateDone: oldSS=[0 1 voice home data home AT&T   AT&T    Unknown Unknown CSS not supported -1 -1 RoamInd=-1 DefRoamInd=-1 EmergOnly=false IsDataRoamingFromRegistration=false] newSS=[0 1 voice home data home AT&T   AT&T    Unknown Unknown CSS not supported -1 -1 RoamInd=-1 DefRoamInd=-1 EmergOnly=false IsDataRoamingFromRegistration=false]
04-20 23:05:41.234  4413  4413 D PHONE   : [ServiceState] setNullState=1
04-20 23:05:41.239  4413  4413 D OnStarServiceStateTracker: pollStateDone: Current OutgoingPhone is not OnStar.
04-20 23:05:43.464  4413  4907 V OnStarCommands: onCellNetInfo: cellNetworkName:AT&T cellNetworkSignal:2 cellNetworkState:0 cellNetworkType: 7
04-20 23:05:43.464  4413  4907 D OnStarCommands: getSignalLevel: 2 -> 6
04-20 23:05:43.464  4413  4907 D OnStarCommands: getVoiceRegState: state = 1
04-20 23:05:43.464  4413  4907 D OnStarCommands: onCellNetInfo: No mVoiceNetworkStateRegistrants to notify
04-20 23:05:43.487  4413  4413 V OnStarServiceStateTracker: handleMessage: SIGNAL STRENGTH event = 12  current phone is not OnStar
04-20 23:05:43.487  4413  4413 V OnStarServiceStateTracker: handleMessage: EVENT_NETWORK_STATE_CHANGED: polling states...
04-20 23:05:43.487  4413  4413 V OnStarServiceStateTracker: pollState
04-20 23:05:43.487  4413  4413 D OnStarCommands: getVoiceRegState: state = 1
04-20 23:05:43.487  4413  4413 D OnStarCommands: getOperator: operatorName = AT&T
04-20 23:05:43.487  4413  4413 V OnStarServiceStateTracker: handleMessage: EVENT_POLL_STATE_REGISTRATION: processing...
04-20 23:05:43.487  4413  4413 D OnStarServiceStateTracker: handlePollStateResult: EVENT_POLL_STATE_REGISTRATION: regCode:1, serviceState:0
04-20 23:05:43.487  4413  4413 D PHONE   : [ServiceState] setVoiceRegState=0
04-20 23:05:43.487  4413  4413 V OnStarServiceStateTracker: handleMessage: EVENT_POLL_STATE_OPERATOR: processing...
04-20 23:05:43.487  4413  4413 D OnStarServiceStateTracker: handlePollStateResult: EVENT_POLL_STATE_OPERATOR: opNames[0]: 'AT&T' opNames[1]: '' opNames[2]: ''
04-20 23:05:43.488  4413  4413 D OnStarServiceStateTracker: pollStateDone: oldSS=[0 1 voice home data home AT&T   AT&T    Unknown Unknown CSS not supported -1 -1 RoamInd=-1 DefRoamInd=-1 EmergOnly=false IsDataRoamingFromRegistration=false] newSS=[0 1 voice home data home AT&T   AT&T    Unknown Unknown CSS not supported -1 -1 RoamInd=-1 DefRoamInd=-1 EmergOnly=false IsDataRoamingFromRegistration=false]
04-20 23:05:43.488  4413  4413 D PHONE   : [ServiceState] setNullState=1
04-20 23:05:43.493  4413  4413 D OnStarServiceStateTracker: pollStateDone: Current OutgoingPhone is not OnStar.
04-20 23:05:59.141  4413  5095 V OnStarCommands: onCellNetInfo: cellNetworkName:AT&T cellNetworkSignal:3 cellNetworkState:0 cellNetworkType: 7
04-20 23:05:59.141  4413  5095 D OnStarCommands: getSignalLevel: 3 -> 8
04-20 23:05:59.141  4413  5095 D OnStarCommands: getVoiceRegState: state = 1
04-20 23:05:59.141  4413  5095 D OnStarCommands: onCellNetInfo: No mVoiceNetworkStateRegistrants to notify
04-20 23:05:59.159  4413  4413 V OnStarServiceStateTracker: handleMessage: SIGNAL STRENGTH event = 12  current phone is not OnStar
04-20 23:05:59.159  4413  4413 V OnStarServiceStateTracker: handleMessage: EVENT_NETWORK_STATE_CHANGED: polling states...
04-20 23:05:59.159  4413  4413 V OnStarServiceStateTracker: pollState
04-20 23:05:59.159  4413  4413 D OnStarCommands: getVoiceRegState: state = 1
04-20 23:05:59.159  4413  4413 D OnStarCommands: getOperator: operatorName = AT&T
04-20 23:05:59.159  4413  4413 V OnStarServiceStateTracker: handleMessage: EVENT_POLL_STATE_REGISTRATION: processing...
04-20 23:05:59.159  4413  4413 D OnStarServiceStateTracker: handlePollStateResult: EVENT_POLL_STATE_REGISTRATION: regCode:1, serviceState:0
04-20 23:05:59.159  4413  4413 D PHONE   : [ServiceState] setVoiceRegState=0
04-20 23:05:59.159  4413  4413 V OnStarServiceStateTracker: handleMessage: EVENT_POLL_STATE_OPERATOR: processing...
04-20 23:05:59.159  4413  4413 D OnStarServiceStateTracker: handlePollStateResult: EVENT_POLL_STATE_OPERATOR: opNames[0]: 'AT&T' opNames[1]: '' opNames[2]: ''
04-20 23:05:59.160  4413  4413 D OnStarServiceStateTracker: pollStateDone: oldSS=[0 1 voice home data home AT&T   AT&T    Unknown Unknown CSS not supported -1 -1 RoamInd=-1 DefRoamInd=-1 EmergOnly=false IsDataRoamingFromRegistration=false] newSS=[0 1 voice home data home AT&T   AT&T    Unknown Unknown CSS not supported -1 -1 RoamInd=-1 DefRoamInd=-1 EmergOnly=false IsDataRoamingFromRegistration=false]
04-20 23:05:59.160  4413  4413 D PHONE   : [ServiceState] setNullState=1
04-20 23:05:59.161  4413  4413 D OnStarServiceStateTracker: pollStateDone: Current OutgoingPhone is not OnStar.
04-20 23:05:59.280  4413  4460 D SubscriptionController: [getPhoneId] asked for default subId=1
04-20 23:06:03.630  4413  4907 V OnStarCommands: onCellNetInfo: cellNetworkName:AT&T cellNetworkSignal:2 cellNetworkState:0 cellNetworkType: 7
04-20 23:06:03.630  4413  4907 D OnStarCommands: getSignalLevel: 2 -> 6
04-20 23:06:03.630  4413  4907 D OnStarCommands: getVoiceRegState: state = 1
04-20 23:06:03.630  4413  4907 D OnStarCommands: onCellNetInfo: No mVoiceNetworkStateRegistrants to notify
04-20 23:06:03.634  4413  4413 V OnStarServiceStateTracker: handleMessage: SIGNAL STRENGTH event = 12  current phone is not OnStar
04-20 23:06:03.634  4413  4413 V OnStarServiceStateTracker: handleMessage: EVENT_NETWORK_STATE_CHANGED: polling states...
04-20 23:06:03.634  4413  4413 V OnStarServiceStateTracker: pollState
04-20 23:06:03.634  4413  4413 D OnStarCommands: getVoiceRegState: state = 1
04-20 23:06:03.634  4413  4413 D OnStarCommands: getOperator: operatorName = AT&T
04-20 23:06:03.634  4413  4413 V OnStarServiceStateTracker: handleMessage: EVENT_POLL_STATE_REGISTRATION: processing...
04-20 23:06:03.634  4413  4413 D OnStarServiceStateTracker: handlePollStateResult: EVENT_POLL_STATE_REGISTRATION: regCode:1, serviceState:0
04-20 23:06:03.634  4413  4413 D PHONE   : [ServiceState] setVoiceRegState=0
04-20 23:06:03.634  4413  4413 V OnStarServiceStateTracker: handleMessage: EVENT_POLL_STATE_OPERATOR: processing...
04-20 23:06:03.634  4413  4413 D OnStarServiceStateTracker: handlePollStateResult: EVENT_POLL_STATE_OPERATOR: opNames[0]: 'AT&T' opNames[1]: '' opNames[2]: ''
04-20 23:06:03.637  4413  4413 D OnStarServiceStateTracker: pollStateDone: oldSS=[0 1 voice home data home AT&T   AT&T    Unknown Unknown CSS not supported -1 -1 RoamInd=-1 DefRoamInd=-1 EmergOnly=false IsDataRoamingFromRegistration=false] newSS=[0 1 voice home data home AT&T   AT&T    Unknown Unknown CSS not supported -1 -1 RoamInd=-1 DefRoamInd=-1 EmergOnly=false IsDataRoamingFromRegistration=false]
04-20 23:06:03.637  4413  4413 D PHONE   : [ServiceState] setNullState=1
04-20 23:06:03.642  4413  4413 D OnStarServiceStateTracker: pollStateDone: Current OutgoingPhone is not OnStar.
04-20 23:06:06.990  4413  4713 D SubscriptionController: [getPhoneId] asked for default subId=1
04-20 23:06:20.136  4413  4450 D SubscriptionController: [getPhoneId] asked for default subId=1
04-20 23:06:23.068  2933  4066 E KPI-ONSTAR|: Advisor call dialed out by CSM at |77397668
04-20 23:06:23.130  4413  4460 D OnStarCommands: onCallSessionStatus:  callSession:1,  hasCallSession:true
04-20 23:06:23.133  4413  4907 V OnStarCommands: onCallSessionStarted: callSession:1, hasCallSession:true
04-20 23:06:23.133  4413  4907 I OnStarCommands: onCallSessionStarted: Ignoring non-personal call: callsession:1
04-20 23:06:23.141  4413  4713 V OnStarCommands: onCallState: callState:CALL_STATE_DIALING, hasCallState:true
04-20 23:06:23.141  4413  4713 I OnStarCommands: onCallState: No active personal call session, ignoring state event...
04-20 23:06:23.141  4413  4450 V OnStarCommands: onLocationShared
04-20 23:06:32.750  4413  4713 V OnStarCommands: onCellNetInfo: cellNetworkName:AT&T cellNetworkSignal:3 cellNetworkState:0 cellNetworkType: 7
04-20 23:06:32.750  4413  4713 D OnStarCommands: getSignalLevel: 3 -> 8
04-20 23:06:32.750  4413  4713 D OnStarCommands: getVoiceRegState: state = 1
04-20 23:06:32.750  4413  4713 D OnStarCommands: onCellNetInfo: No mVoiceNetworkStateRegistrants to notify
04-20 23:06:32.755  4413  4413 V OnStarServiceStateTracker: handleMessage: SIGNAL STRENGTH event = 12  current phone is not OnStar
04-20 23:06:32.756  4413  4413 V OnStarServiceStateTracker: handleMessage: EVENT_NETWORK_STATE_CHANGED: polling states...
04-20 23:06:32.756  4413  4413 V OnStarServiceStateTracker: pollState
04-20 23:06:32.756  4413  4413 D OnStarCommands: getVoiceRegState: state = 1
04-20 23:06:32.756  4413  4413 D OnStarCommands: getOperator: operatorName = AT&T
04-20 23:06:32.756  4413  4413 V OnStarServiceStateTracker: handleMessage: EVENT_POLL_STATE_REGISTRATION: processing...
04-20 23:06:32.756  4413  4413 D OnStarServiceStateTracker: handlePollStateResult: EVENT_POLL_STATE_REGISTRATION: regCode:1, serviceState:0
04-20 23:06:32.756  4413  4413 D PHONE   : [ServiceState] setVoiceRegState=0
04-20 23:06:32.756  4413  4413 V OnStarServiceStateTracker: handleMessage: EVENT_POLL_STATE_OPERATOR: processing...
04-20 23:06:32.756  4413  4413 D OnStarServiceStateTracker: handlePollStateResult: EVENT_POLL_STATE_OPERATOR: opNames[0]: 'AT&T' opNames[1]: '' opNames[2]: ''
04-20 23:06:32.757  4413  4413 D OnStarServiceStateTracker: pollStateDone: oldSS=[0 1 voice home data home AT&T   AT&T    Unknown Unknown CSS not supported -1 -1 RoamInd=-1 DefRoamInd=-1 EmergOnly=false IsDataRoamingFromRegistration=false] newSS=[0 1 voice home data home AT&T   AT&T    Unknown Unknown CSS not supported -1 -1 RoamInd=-1 DefRoamInd=-1 EmergOnly=false IsDataRoamingFromRegistration=false]
04-20 23:06:32.757  4413  4413 D PHONE   : [ServiceState] setNullState=1
04-20 23:06:32.758  4413  4413 D OnStarServiceStateTracker: pollStateDone: Current OutgoingPhone is not OnStar.
04-20 23:06:34.991  4413  4450 V OnStarCommands: onCellNetInfo: cellNetworkName:AT&T cellNetworkSignal:2 cellNetworkState:0 cellNetworkType: 7
04-20 23:06:34.991  4413  4450 D OnStarCommands: getSignalLevel: 2 -> 6
04-20 23:06:34.991  4413  4450 D OnStarCommands: getVoiceRegState: state = 1
04-20 23:06:34.991  4413  4450 D OnStarCommands: onCellNetInfo: No mVoiceNetworkStateRegistrants to notify
04-20 23:06:34.995  4413  4413 V OnStarServiceStateTracker: handleMessage: SIGNAL STRENGTH event = 12  current phone is not OnStar
04-20 23:06:34.995  4413  4413 V OnStarServiceStateTracker: handleMessage: EVENT_NETWORK_STATE_CHANGED: polling states...
04-20 23:06:34.995  4413  4413 V OnStarServiceStateTracker: pollState
04-20 23:06:34.995  4413  4413 D OnStarCommands: getVoiceRegState: state = 1
04-20 23:06:34.995  4413  4413 D OnStarCommands: getOperator: operatorName = AT&T
04-20 23:06:34.995  4413  4413 V OnStarServiceStateTracker: handleMessage: EVENT_POLL_STATE_REGISTRATION: processing...
04-20 23:06:34.995  4413  4413 D OnStarServiceStateTracker: handlePollStateResult: EVENT_POLL_STATE_REGISTRATION: regCode:1, serviceState:0
04-20 23:06:34.995  4413  4413 D PHONE   : [ServiceState] setVoiceRegState=0
04-20 23:06:34.995  4413  4413 V OnStarServiceStateTracker: handleMessage: EVENT_POLL_STATE_OPERATOR: processing...
04-20 23:06:34.995  4413  4413 D OnStarServiceStateTracker: handlePollStateResult: EVENT_POLL_STATE_OPERATOR: opNames[0]: 'AT&T' opNames[1]: '' opNames[2]: ''
04-20 23:06:34.999  4413  4413 D OnStarServiceStateTracker: pollStateDone: oldSS=[0 1 voice home data home AT&T   AT&T    Unknown Unknown CSS not supported -1 -1 RoamInd=-1 DefRoamInd=-1 EmergOnly=false IsDataRoamingFromRegistration=false] newSS=[0 1 voice home data home AT&T   AT&T    Unknown Unknown CSS not supported -1 -1 RoamInd=-1 DefRoamInd=-1 EmergOnly=false IsDataRoamingFromRegistration=false]
04-20 23:06:34.999  4413  4413 D PHONE   : [ServiceState] setNullState=1
04-20 23:06:35.004  4413  4413 D OnStarServiceStateTracker: pollStateDone: Current OutgoingPhone is not OnStar.
04-20 23:06:37.872  4413  5095 D SubscriptionController: [getPhoneId] asked for default subId=1
04-20 23:06:38.513  4413  4460 V OnStarCommands: onCellNetInfo: cellNetworkName:AT&T cellNetworkSignal:0 cellNetworkState:0 cellNetworkType: 0
04-20 23:06:38.513  4413  4460 D OnStarCommands: getSignalLevel: 0 -> 99
04-20 23:06:38.513  4413  4460 D OnStarCommands: getVoiceRegState: state = 1
04-20 23:06:38.513  4413  4460 D OnStarCommands: onCellNetInfo: No mVoiceNetworkStateRegistrants to notify
04-20 23:06:38.515  4413  4413 V OnStarServiceStateTracker: handleMessage: SIGNAL STRENGTH event = 12  current phone is not OnStar
04-20 23:06:38.515  4413  4413 V OnStarServiceStateTracker: handleMessage: EVENT_NETWORK_STATE_CHANGED: polling states...
04-20 23:06:38.515  4413  4413 V OnStarServiceStateTracker: pollState
04-20 23:06:38.515  4413  4413 D OnStarCommands: getVoiceRegState: state = 1
04-20 23:06:38.515  4413  4413 D OnStarCommands: getOperator: operatorName = AT&T
04-20 23:06:38.515  4413  4413 V OnStarServiceStateTracker: handleMessage: EVENT_POLL_STATE_REGISTRATION: processing...
04-20 23:06:38.515  4413  4413 D OnStarServiceStateTracker: handlePollStateResult: EVENT_POLL_STATE_REGISTRATION: regCode:1, serviceState:0
04-20 23:06:38.515  4413  4413 D PHONE   : [ServiceState] setVoiceRegState=0
04-20 23:06:38.515  4413  4413 V OnStarServiceStateTracker: handleMessage: EVENT_POLL_STATE_OPERATOR: processing...
04-20 23:06:38.515  4413  4413 D OnStarServiceStateTracker: handlePollStateResult: EVENT_POLL_STATE_OPERATOR: opNames[0]: 'AT&T' opNames[1]: '' opNames[2]: ''
04-20 23:06:38.516  4413  4413 D OnStarServiceStateTracker: pollStateDone: oldSS=[0 1 voice home data home AT&T   AT&T    Unknown Unknown CSS not supported -1 -1 RoamInd=-1 DefRoamInd=-1 EmergOnly=false IsDataRoamingFromRegistration=false] newSS=[0 1 voice home data home AT&T   AT&T    Unknown Unknown CSS not supported -1 -1 RoamInd=-1 DefRoamInd=-1 EmergOnly=false IsDataRoamingFromRegistration=false]
04-20 23:06:38.516  4413  4413 D PHONE   : [ServiceState] setNullState=1
04-20 23:06:38.517  4413  4413 D OnStarServiceStateTracker: pollStateDone: Current OutgoingPhone is not OnStar.
04-20 23:06:38.610  4413  4907 V OnStarCommands: onCellNetInfo: cellNetworkName:AT&T cellNetworkSignal:0 cellNetworkState:1 cellNetworkType: 0
04-20 23:06:38.610  4413  4907 D OnStarCommands: getSignalLevel: 0 -> 99
04-20 23:06:38.610  4413  4907 D OnStarCommands: getVoiceRegState: state = 0
04-20 23:06:38.610  4413  4907 D OnStarCommands: onCellNetInfo: No mVoiceNetworkStateRegistrants to notify
04-20 23:06:38.616  4413  4413 V OnStarServiceStateTracker: handleMessage: SIGNAL STRENGTH event = 12  current phone is not OnStar
04-20 23:06:38.616  4413  4413 V OnStarServiceStateTracker: handleMessage: EVENT_NETWORK_STATE_CHANGED: polling states...
04-20 23:06:38.616  4413  4413 V OnStarServiceStateTracker: pollState
04-20 23:06:38.616  4413  4413 D OnStarCommands: getVoiceRegState: state = 0
04-20 23:06:38.616  4413  4413 D OnStarCommands: getOperator: operatorName = AT&T
04-20 23:06:38.616  4413  4413 V OnStarServiceStateTracker: handleMessage: EVENT_POLL_STATE_REGISTRATION: processing...
04-20 23:06:38.616  4413  4413 D OnStarServiceStateTracker: handlePollStateResult: EVENT_POLL_STATE_REGISTRATION: regCode:0, serviceState:1
04-20 23:06:38.616  4413  4413 D PHONE   : [ServiceState] setVoiceRegState=1
04-20 23:06:38.616  4413  4413 V OnStarServiceStateTracker: handleMessage: EVENT_POLL_STATE_OPERATOR: processing...
04-20 23:06:38.616  4413  4413 D OnStarServiceStateTracker: handlePollStateResult: EVENT_POLL_STATE_OPERATOR: opNames[0]: 'AT&T' opNames[1]: '' opNames[2]: ''
04-20 23:06:38.618  4413  4413 D OnStarServiceStateTracker: pollStateDone: oldSS=[0 1 voice home data home AT&T   AT&T    Unknown Unknown CSS not supported -1 -1 RoamInd=-1 DefRoamInd=-1 EmergOnly=false IsDataRoamingFromRegistration=false] newSS=[1 1 voice home data home AT&T   AT&T    Unknown Unknown CSS not supported -1 -1 RoamInd=-1 DefRoamInd=-1 EmergOnly=false IsDataRoamingFromRegistration=false]
04-20 23:06:38.618  4413  4413 D PHONE   : [ServiceState] setNullState=1
04-20 23:06:38.619  4413  4413 D OnStarServiceStateTracker: pollStateDone: Current OutgoingPhone is not OnStar.
04-20 23:06:38.713  4413  4713 V OnStarCommands: onCellNetInfo: cellNetworkName:AT&T cellNetworkSignal:0 cellNetworkState:1 cellNetworkType: 0
04-20 23:06:38.713  4413  4713 D OnStarCommands: getSignalLevel: 0 -> 99
04-20 23:06:38.713  4413  4713 D OnStarCommands: getVoiceRegState: state = 0
04-20 23:06:38.713  4413  4713 D OnStarCommands: onCellNetInfo: No mVoiceNetworkStateRegistrants to notify
04-20 23:06:38.713  4413  4413 V OnStarServiceStateTracker: handleMessage: SIGNAL STRENGTH event = 12  current phone is not OnStar
04-20 23:06:38.713  4413  4413 V OnStarServiceStateTracker: handleMessage: EVENT_NETWORK_STATE_CHANGED: polling states...
04-20 23:06:38.713  4413  4413 V OnStarServiceStateTracker: pollState
04-20 23:06:38.713  4413  4413 D OnStarCommands: getVoiceRegState: state = 0
04-20 23:06:38.713  4413  4413 D OnStarCommands: getOperator: operatorName = AT&T
04-20 23:06:38.713  4413  4413 V OnStarServiceStateTracker: handleMessage: EVENT_POLL_STATE_REGISTRATION: processing...
04-20 23:06:38.713  4413  4413 D OnStarServiceStateTracker: handlePollStateResult: EVENT_POLL_STATE_REGISTRATION: regCode:0, serviceState:1
04-20 23:06:38.713  4413  4413 D PHONE   : [ServiceState] setVoiceRegState=1
04-20 23:06:38.713  4413  4413 V OnStarServiceStateTracker: handleMessage: EVENT_POLL_STATE_OPERATOR: processing...
04-20 23:06:38.713  4413  4413 D OnStarServiceStateTracker: handlePollStateResult: EVENT_POLL_STATE_OPERATOR: opNames[0]: 'AT&T' opNames[1]: '' opNames[2]: ''
04-20 23:06:38.714  4413  4413 D OnStarServiceStateTracker: pollStateDone: oldSS=[1 1 voice home data home AT&T   AT&T    Unknown Unknown CSS not supported -1 -1 RoamInd=-1 DefRoamInd=-1 EmergOnly=false IsDataRoamingFromRegistration=false] newSS=[1 1 voice home data home AT&T   AT&T    Unknown Unknown CSS not supported -1 -1 RoamInd=-1 DefRoamInd=-1 EmergOnly=false IsDataRoamingFromRegistration=false]
04-20 23:06:38.714  4413  4413 D PHONE   : [ServiceState] setNullState=1
04-20 23:06:38.715  4413  4413 D OnStarServiceStateTracker: pollStateDone: Current OutgoingPhone is not OnStar.
04-20 23:06:38.769  4413  4450 V OnStarCommands: onCellNetInfo: cellNetworkName:AT&T cellNetworkSignal:0 cellNetworkState:1 cellNetworkType: 0
04-20 23:06:38.769  4413  4450 D OnStarCommands: getSignalLevel: 0 -> 99
04-20 23:06:38.769  4413  4450 D OnStarCommands: getVoiceRegState: state = 0
04-20 23:06:38.769  4413  4450 D OnStarCommands: onCellNetInfo: No mVoiceNetworkStateRegistrants to notify
04-20 23:06:38.773  4413  4413 V OnStarServiceStateTracker: handleMessage: SIGNAL STRENGTH event = 12  current phone is not OnStar
04-20 23:06:38.774  4413  4413 V OnStarServiceStateTracker: handleMessage: EVENT_NETWORK_STATE_CHANGED: polling states...
04-20 23:06:38.774  4413  4413 V OnStarServiceStateTracker: pollState
04-20 23:06:38.774  4413  4413 D OnStarCommands: getVoiceRegState: state = 0
04-20 23:06:38.774  4413  4413 D OnStarCommands: getOperator: operatorName = AT&T
04-20 23:06:38.774  4413  4413 V OnStarServiceStateTracker: handleMessage: EVENT_POLL_STATE_REGISTRATION: processing...
04-20 23:06:38.774  4413  4413 D OnStarServiceStateTracker: handlePollStateResult: EVENT_POLL_STATE_REGISTRATION: regCode:0, serviceState:1
04-20 23:06:38.774  4413  4413 D PHONE   : [ServiceState] setVoiceRegState=1
04-20 23:06:38.774  4413  4413 V OnStarServiceStateTracker: handleMessage: EVENT_POLL_STATE_OPERATOR: processing...
04-20 23:06:38.774  4413  4413 D OnStarServiceStateTracker: handlePollStateResult: EVENT_POLL_STATE_OPERATOR: opNames[0]: 'AT&T' opNames[1]: '' opNames[2]: ''
04-20 23:06:38.775  4413  4413 D OnStarServiceStateTracker: pollStateDone: oldSS=[1 1 voice home data home AT&T   AT&T    Unknown Unknown CSS not supported -1 -1 RoamInd=-1 DefRoamInd=-1 EmergOnly=false IsDataRoamingFromRegistration=false] newSS=[1 1 voice home data home AT&T   AT&T    Unknown Unknown CSS not supported -1 -1 RoamInd=-1 DefRoamInd=-1 EmergOnly=false IsDataRoamingFromRegistration=false]
04-20 23:06:38.776  4413  4413 D PHONE   : [ServiceState] setNullState=1
04-20 23:06:38.780  4413  4413 D OnStarServiceStateTracker: pollStateDone: Current OutgoingPhone is not OnStar.
04-20 23:06:38.804  4413  5095 V OnStarCommands: onCellNetInfo: cellNetworkName:AT&T cellNetworkSignal:0 cellNetworkState:2 cellNetworkType: 0
04-20 23:06:38.804  4413  5095 D OnStarCommands: getSignalLevel: 0 -> 99
04-20 23:06:38.804  4413  5095 D OnStarCommands: getVoiceRegState: state = 2
04-20 23:06:38.804  4413  5095 D OnStarCommands: onCellNetInfo: No mVoiceNetworkStateRegistrants to notify
04-20 23:06:38.805  4413  4413 V OnStarServiceStateTracker: handleMessage: SIGNAL STRENGTH event = 12  current phone is not OnStar
04-20 23:06:38.806  4413  4413 V OnStarServiceStateTracker: handleMessage: EVENT_NETWORK_STATE_CHANGED: polling states...
04-20 23:06:38.806  4413  4413 V OnStarServiceStateTracker: pollState
04-20 23:06:38.806  4413  4413 D OnStarCommands: getVoiceRegState: state = 2
04-20 23:06:38.806  4413  4413 D OnStarCommands: getOperator: operatorName = AT&T
04-20 23:06:38.806  4413  4413 V OnStarServiceStateTracker: handleMessage: EVENT_POLL_STATE_REGISTRATION: processing...
04-20 23:06:38.806  4413  4413 D OnStarServiceStateTracker: handlePollStateResult: EVENT_POLL_STATE_REGISTRATION: regCode:2, serviceState:1
04-20 23:06:38.806  4413  4413 D PHONE   : [ServiceState] setVoiceRegState=1
04-20 23:06:38.806  4413  4413 V OnStarServiceStateTracker: handleMessage: EVENT_POLL_STATE_OPERATOR: processing...
04-20 23:06:38.806  4413  4413 D OnStarServiceStateTracker: handlePollStateResult: EVENT_POLL_STATE_OPERATOR: opNames[0]: 'AT&T' opNames[1]: '' opNames[2]: ''
04-20 23:06:38.807  4413  4413 D OnStarServiceStateTracker: pollStateDone: oldSS=[1 1 voice home data home AT&T   AT&T    Unknown Unknown CSS not supported -1 -1 RoamInd=-1 DefRoamInd=-1 EmergOnly=false IsDataRoamingFromRegistration=false] newSS=[1 1 voice home data home AT&T   AT&T    Unknown Unknown CSS not supported -1 -1 RoamInd=-1 DefRoamInd=-1 EmergOnly=false IsDataRoamingFromRegistration=false]
04-20 23:06:38.807  4413  4413 D PHONE   : [ServiceState] setNullState=1
04-20 23:06:38.807  4413  5095 V OnStarCommands: onCellNetInfo: cellNetworkName:000 00 cellNetworkSignal:0 cellNetworkState:2 cellNetworkType: 0
04-20 23:06:38.807  4413  5095 D OnStarCommands: getSignalLevel: 0 -> 99
04-20 23:06:38.807  4413  5095 D OnStarCommands: getVoiceRegState: state = 2
04-20 23:06:38.807  4413  5095 D OnStarCommands: onCellNetInfo: No mVoiceNetworkStateRegistrants to notify
04-20 23:06:38.808  4413  4413 D OnStarServiceStateTracker: pollStateDone: Current OutgoingPhone is not OnStar.
04-20 23:06:38.809  4413  4413 V OnStarServiceStateTracker: handleMessage: SIGNAL STRENGTH event = 12  current phone is not OnStar
04-20 23:06:38.809  4413  4413 V OnStarServiceStateTracker: handleMessage: EVENT_NETWORK_STATE_CHANGED: polling states...
04-20 23:06:38.809  4413  4413 V OnStarServiceStateTracker: pollState
04-20 23:06:38.809  4413  4413 D OnStarCommands: getVoiceRegState: state = 2
04-20 23:06:38.809  4413  4413 D OnStarCommands: getOperator: operatorName = 000 00
04-20 23:06:38.809  4413  4413 V OnStarServiceStateTracker: handleMessage: EVENT_POLL_STATE_REGISTRATION: processing...
04-20 23:06:38.809  4413  4413 D OnStarServiceStateTracker: handlePollStateResult: EVENT_POLL_STATE_REGISTRATION: regCode:2, serviceState:1
04-20 23:06:38.809  4413  4413 D PHONE   : [ServiceState] setVoiceRegState=1
04-20 23:06:38.809  4413  4413 V OnStarServiceStateTracker: handleMessage: EVENT_POLL_STATE_OPERATOR: processing...
04-20 23:06:38.809  4413  4413 D OnStarServiceStateTracker: handlePollStateResult: EVENT_POLL_STATE_OPERATOR: opNames[0]: '000 00' opNames[1]: '' opNames[2]: ''
04-20 23:06:38.810  4413  4413 D OnStarServiceStateTracker: pollStateDone: oldSS=[1 1 voice home data home AT&T   AT&T    Unknown Unknown CSS not supported -1 -1 RoamInd=-1 DefRoamInd=-1 EmergOnly=false IsDataRoamingFromRegistration=false] newSS=[1 1 voice home data home 000 00   000 00    Unknown Unknown CSS not supported -1 -1 RoamInd=-1 DefRoamInd=-1 EmergOnly=false IsDataRoamingFromRegistration=false]
04-20 23:06:38.810  4413  4413 D PHONE   : [ServiceState] setNullState=1
04-20 23:06:38.813  4413  4413 D OnStarServiceStateTracker: pollStateDone: Current OutgoingPhone is not OnStar.
04-20 23:06:39.264  4413  4460 V OnStarCommands: onCellNetInfo: cellNetworkName:000 00 cellNetworkSignal:0 cellNetworkState:2 cellNetworkType: 0
04-20 23:06:39.264  4413  4460 D OnStarCommands: getSignalLevel: 0 -> 99
04-20 23:06:39.264  4413  4460 D OnStarCommands: getVoiceRegState: state = 2
04-20 23:06:39.264  4413  4460 D OnStarCommands: onCellNetInfo: No mVoiceNetworkStateRegistrants to notify
04-20 23:06:39.265  4413  4413 V OnStarServiceStateTracker: handleMessage: SIGNAL STRENGTH event = 12  current phone is not OnStar
04-20 23:06:39.265  4413  4413 V OnStarServiceStateTracker: handleMessage: EVENT_NETWORK_STATE_CHANGED: polling states...
04-20 23:06:39.265  4413  4413 V OnStarServiceStateTracker: pollState
04-20 23:06:39.265  4413  4413 D OnStarCommands: getVoiceRegState: state = 2
04-20 23:06:39.265  4413  4413 D OnStarCommands: getOperator: operatorName = 000 00
04-20 23:06:39.265  4413  4413 V OnStarServiceStateTracker: handleMessage: EVENT_POLL_STATE_REGISTRATION: processing...
04-20 23:06:39.265  4413  4413 D OnStarServiceStateTracker: handlePollStateResult: EVENT_POLL_STATE_REGISTRATION: regCode:2, serviceState:1
04-20 23:06:39.265  4413  4413 D PHONE   : [ServiceState] setVoiceRegState=1
04-20 23:06:39.265  4413  4413 V OnStarServiceStateTracker: handleMessage: EVENT_POLL_STATE_OPERATOR: processing...
04-20 23:06:39.265  4413  4413 D OnStarServiceStateTracker: handlePollStateResult: EVENT_POLL_STATE_OPERATOR: opNames[0]: '000 00' opNames[1]: '' opNames[2]: ''
04-20 23:06:39.266  4413  4413 D OnStarServiceStateTracker: pollStateDone: oldSS=[1 1 voice home data home 000 00   000 00    Unknown Unknown CSS not supported -1 -1 RoamInd=-1 DefRoamInd=-1 EmergOnly=false IsDataRoamingFromRegistration=false] newSS=[1 1 voice home data home 000 00   000 00    Unknown Unknown CSS not supported -1 -1 RoamInd=-1 DefRoamInd=-1 EmergOnly=false IsDataRoamingFromRegistration=false]
04-20 23:06:39.266  4413  4413 D PHONE   : [ServiceState] setNullState=1
04-20 23:06:39.269  4413  4413 D OnStarServiceStateTracker: pollStateDone: Current OutgoingPhone is not OnStar.
04-20 23:06:39.353  4413  4907 V OnStarCommands: onCellNetInfo: cellNetworkName:000 00 cellNetworkSignal:0 cellNetworkState:2 cellNetworkType: 0
04-20 23:06:39.353  4413  4907 D OnStarCommands: getSignalLevel: 0 -> 99
04-20 23:06:39.353  4413  4907 D OnStarCommands: getVoiceRegState: state = 2
04-20 23:06:39.353  4413  4907 D OnStarCommands: onCellNetInfo: No mVoiceNetworkStateRegistrants to notify
04-20 23:06:39.355  4413  4413 V OnStarServiceStateTracker: handleMessage: SIGNAL STRENGTH event = 12  current phone is not OnStar
04-20 23:06:39.355  4413  4413 V OnStarServiceStateTracker: handleMessage: EVENT_NETWORK_STATE_CHANGED: polling states...
04-20 23:06:39.355  4413  4413 V OnStarServiceStateTracker: pollState
04-20 23:06:39.355  4413  4413 D OnStarCommands: getVoiceRegState: state = 2
04-20 23:06:39.355  4413  4413 D OnStarCommands: getOperator: operatorName = 000 00
04-20 23:06:39.355  4413  4413 V OnStarServiceStateTracker: handleMessage: EVENT_POLL_STATE_REGISTRATION: processing...
04-20 23:06:39.355  4413  4413 D OnStarServiceStateTracker: handlePollStateResult: EVENT_POLL_STATE_REGISTRATION: regCode:2, serviceState:1
04-20 23:06:39.355  4413  4413 D PHONE   : [ServiceState] setVoiceRegState=1
04-20 23:06:39.355  4413  4413 V OnStarServiceStateTracker: handleMessage: EVENT_POLL_STATE_OPERATOR: processing...
04-20 23:06:39.355  4413  4413 D OnStarServiceStateTracker: handlePollStateResult: EVENT_POLL_STATE_OPERATOR: opNames[0]: '000 00' opNames[1]: '' opNames[2]: ''
04-20 23:06:39.358  4413  4413 D OnStarServiceStateTracker: pollStateDone: oldSS=[1 1 voice home data home 000 00   000 00    Unknown Unknown CSS not supported -1 -1 RoamInd=-1 DefRoamInd=-1 EmergOnly=false IsDataRoamingFromRegistration=false] newSS=[1 1 voice home data home 000 00   000 00    Unknown Unknown CSS not supported -1 -1 RoamInd=-1 DefRoamInd=-1 EmergOnly=false IsDataRoamingFromRegistration=false]
04-20 23:06:39.358  4413  4413 D PHONE   : [ServiceState] setNullState=1
04-20 23:06:39.360  4413  4413 D OnStarServiceStateTracker: pollStateDone: Current OutgoingPhone is not OnStar.
04-20 23:06:39.362  4413  4713 V OnStarCommands: onCellNetInfo: cellNetworkName:AT&T cellNetworkSignal:0 cellNetworkState:2 cellNetworkType: 0
04-20 23:06:39.362  4413  4713 D OnStarCommands: getSignalLevel: 0 -> 99
04-20 23:06:39.362  4413  4713 D OnStarCommands: getVoiceRegState: state = 2
04-20 23:06:39.362  4413  4713 D OnStarCommands: onCellNetInfo: No mVoiceNetworkStateRegistrants to notify
04-20 23:06:39.365  4413  4413 V OnStarServiceStateTracker: handleMessage: SIGNAL STRENGTH event = 12  current phone is not OnStar
04-20 23:06:39.365  4413  4413 V OnStarServiceStateTracker: handleMessage: EVENT_NETWORK_STATE_CHANGED: polling states...
04-20 23:06:39.365  4413  4413 V OnStarServiceStateTracker: pollState
04-20 23:06:39.365  4413  4413 D OnStarCommands: getVoiceRegState: state = 2
04-20 23:06:39.365  4413  4413 D OnStarCommands: getOperator: operatorName = AT&T
04-20 23:06:39.365  4413  4413 V OnStarServiceStateTracker: handleMessage: EVENT_POLL_STATE_REGISTRATION: processing...
04-20 23:06:39.365  4413  4413 D OnStarServiceStateTracker: handlePollStateResult: EVENT_POLL_STATE_REGISTRATION: regCode:2, serviceState:1
04-20 23:06:39.365  4413  4413 D PHONE   : [ServiceState] setVoiceRegState=1
04-20 23:06:39.365  4413  4413 V OnStarServiceStateTracker: handleMessage: EVENT_POLL_STATE_OPERATOR: processing...
04-20 23:06:39.365  4413  4413 D OnStarServiceStateTracker: handlePollStateResult: EVENT_POLL_STATE_OPERATOR: opNames[0]: 'AT&T' opNames[1]: '' opNames[2]: ''
04-20 23:06:39.367  4413  4413 D OnStarServiceStateTracker: pollStateDone: oldSS=[1 1 voice home data home 000 00   000 00    Unknown Unknown CSS not supported -1 -1 RoamInd=-1 DefRoamInd=-1 EmergOnly=false IsDataRoamingFromRegistration=false] newSS=[1 1 voice home data home AT&T   AT&T    Unknown Unknown CSS not supported -1 -1 RoamInd=-1 DefRoamInd=-1 EmergOnly=false IsDataRoamingFromRegistration=false]
04-20 23:06:39.367  4413  4413 D PHONE   : [ServiceState] setNullState=1
04-20 23:06:39.370  4413  4413 D OnStarServiceStateTracker: pollStateDone: Current OutgoingPhone is not OnStar.
04-20 23:06:39.764  4413  4450 V OnStarCommands: onCellNetInfo: cellNetworkName:AT&T cellNetworkSignal:0 cellNetworkState:0 cellNetworkType: 0
04-20 23:06:39.764  4413  4450 D OnStarCommands: getSignalLevel: 0 -> 99
04-20 23:06:39.764  4413  4450 D OnStarCommands: getVoiceRegState: state = 1
04-20 23:06:39.764  4413  4450 D OnStarCommands: onCellNetInfo: No mVoiceNetworkStateRegistrants to notify
04-20 23:06:39.773  4413  4413 V OnStarServiceStateTracker: handleMessage: SIGNAL STRENGTH event = 12  current phone is not OnStar
04-20 23:06:39.773  4413  4413 V OnStarServiceStateTracker: handleMessage: EVENT_NETWORK_STATE_CHANGED: polling states...
04-20 23:06:39.773  4413  4413 V OnStarServiceStateTracker: pollState
04-20 23:06:39.773  4413  4413 D OnStarCommands: getVoiceRegState: state = 1
04-20 23:06:39.773  4413  4413 D OnStarCommands: getOperator: operatorName = AT&T
04-20 23:06:39.773  4413  4413 V OnStarServiceStateTracker: handleMessage: EVENT_POLL_STATE_REGISTRATION: processing...
04-20 23:06:39.773  4413  4413 D OnStarServiceStateTracker: handlePollStateResult: EVENT_POLL_STATE_REGISTRATION: regCode:1, serviceState:0
04-20 23:06:39.773  4413  4413 D PHONE   : [ServiceState] setVoiceRegState=0
04-20 23:06:39.773  4413  4413 V OnStarServiceStateTracker: handleMessage: EVENT_POLL_STATE_OPERATOR: processing...
04-20 23:06:39.773  4413  4413 D OnStarServiceStateTracker: handlePollStateResult: EVENT_POLL_STATE_OPERATOR: opNames[0]: 'AT&T' opNames[1]: '' opNames[2]: ''
04-20 23:06:39.774  4413  4413 D OnStarServiceStateTracker: pollStateDone: oldSS=[1 1 voice home data home AT&T   AT&T    Unknown Unknown CSS not supported -1 -1 RoamInd=-1 DefRoamInd=-1 EmergOnly=false IsDataRoamingFromRegistration=false] newSS=[0 1 voice home data home AT&T   AT&T    Unknown Unknown CSS not supported -1 -1 RoamInd=-1 DefRoamInd=-1 EmergOnly=false IsDataRoamingFromRegistration=false]
04-20 23:06:39.774  4413  4413 D PHONE   : [ServiceState] setNullState=1
04-20 23:06:39.787  4413  4413 D OnStarServiceStateTracker: pollStateDone: Current OutgoingPhone is not OnStar.
04-20 23:06:40.325  4413  5095 V OnStarCommands: onLocationShared
04-20 23:06:41.702  4413  4907 V OnStarCommands: onCellNetInfo: cellNetworkName:AT&T cellNetworkSignal:2 cellNetworkState:0 cellNetworkType: 7
04-20 23:06:41.702  4413  4907 D OnStarCommands: getSignalLevel: 2 -> 6
04-20 23:06:41.702  4413  4907 D OnStarCommands: getVoiceRegState: state = 1
04-20 23:06:41.702  4413  4907 D OnStarCommands: onCellNetInfo: No mVoiceNetworkStateRegistrants to notify
04-20 23:06:41.703  4413  4413 V OnStarServiceStateTracker: handleMessage: SIGNAL STRENGTH event = 12  current phone is not OnStar
04-20 23:06:41.703  4413  4413 V OnStarServiceStateTracker: handleMessage: EVENT_NETWORK_STATE_CHANGED: polling states...
04-20 23:06:41.703  4413  4413 V OnStarServiceStateTracker: pollState
04-20 23:06:41.703  4413  4413 D OnStarCommands: getVoiceRegState: state = 1
04-20 23:06:41.703  4413  4413 D OnStarCommands: getOperator: operatorName = AT&T
04-20 23:06:41.703  4413  4413 V OnStarServiceStateTracker: handleMessage: EVENT_POLL_STATE_REGISTRATION: processing...
04-20 23:06:41.703  4413  4413 D OnStarServiceStateTracker: handlePollStateResult: EVENT_POLL_STATE_REGISTRATION: regCode:1, serviceState:0
04-20 23:06:41.703  4413  4413 D PHONE   : [ServiceState] setVoiceRegState=0
04-20 23:06:41.703  4413  4413 V OnStarServiceStateTracker: handleMessage: EVENT_POLL_STATE_OPERATOR: processing...
04-20 23:06:41.703  4413  4413 D OnStarServiceStateTracker: handlePollStateResult: EVENT_POLL_STATE_OPERATOR: opNames[0]: 'AT&T' opNames[1]: '' opNames[2]: ''
04-20 23:06:41.704  4413  4413 D OnStarServiceStateTracker: pollStateDone: oldSS=[0 1 voice home data home AT&T   AT&T    Unknown Unknown CSS not supported -1 -1 RoamInd=-1 DefRoamInd=-1 EmergOnly=false IsDataRoamingFromRegistration=false] newSS=[0 1 voice home data home AT&T   AT&T    Unknown Unknown CSS not supported -1 -1 RoamInd=-1 DefRoamInd=-1 EmergOnly=false IsDataRoamingFromRegistration=false]
04-20 23:06:41.704  4413  4413 D PHONE   : [ServiceState] setNullState=1
04-20 23:06:41.709  4413  4413 D OnStarServiceStateTracker: pollStateDone: Current OutgoingPhone is not OnStar.
04-20 23:06:55.065  4413  4713 V OnStarCommands: onCellNetInfo: cellNetworkName:AT&T cellNetworkSignal:3 cellNetworkState:0 cellNetworkType: 7
04-20 23:06:55.065  4413  4713 D OnStarCommands: getSignalLevel: 3 -> 8
04-20 23:06:55.065  4413  4713 D OnStarCommands: getVoiceRegState: state = 1
04-20 23:06:55.065  4413  4713 D OnStarCommands: onCellNetInfo: No mVoiceNetworkStateRegistrants to notify
04-20 23:06:55.072  4413  4413 V OnStarServiceStateTracker: handleMessage: SIGNAL STRENGTH event = 12  current phone is not OnStar
04-20 23:06:55.072  4413  4413 V OnStarServiceStateTracker: handleMessage: EVENT_NETWORK_STATE_CHANGED: polling states...
04-20 23:06:55.072  4413  4413 V OnStarServiceStateTracker: pollState
04-20 23:06:55.072  4413  4413 D OnStarCommands: getVoiceRegState: state = 1
04-20 23:06:55.072  4413  4413 D OnStarCommands: getOperator: operatorName = AT&T
04-20 23:06:55.072  4413  4413 V OnStarServiceStateTracker: handleMessage: EVENT_POLL_STATE_REGISTRATION: processing...
04-20 23:06:55.072  4413  4413 D OnStarServiceStateTracker: handlePollStateResult: EVENT_POLL_STATE_REGISTRATION: regCode:1, serviceState:0
04-20 23:06:55.072  4413  4413 D PHONE   : [ServiceState] setVoiceRegState=0
04-20 23:06:55.072  4413  4413 V OnStarServiceStateTracker: handleMessage: EVENT_POLL_STATE_OPERATOR: processing...
04-20 23:06:55.072  4413  4413 D OnStarServiceStateTracker: handlePollStateResult: EVENT_POLL_STATE_OPERATOR: opNames[0]: 'AT&T' opNames[1]: '' opNames[2]: ''
04-20 23:06:55.077  4413  4413 D OnStarServiceStateTracker: pollStateDone: oldSS=[0 1 voice home data home AT&T   AT&T    Unknown Unknown CSS not supported -1 -1 RoamInd=-1 DefRoamInd=-1 EmergOnly=false IsDataRoamingFromRegistration=false] newSS=[0 1 voice home data home AT&T   AT&T    Unknown Unknown CSS not supported -1 -1 RoamInd=-1 DefRoamInd=-1 EmergOnly=false IsDataRoamingFromRegistration=false]
04-20 23:06:55.077  4413  4413 D PHONE   : [ServiceState] setNullState=1
04-20 23:06:55.078  4413  4413 D OnStarServiceStateTracker: pollStateDone: Current OutgoingPhone is not OnStar.
04-20 23:06:55.384  4413  4450 V OnStarCommands: onLocationShared
04-20 23:06:58.460  4413  5095 V OnStarCommands: onCellNetInfo: cellNetworkName:AT&T cellNetworkSignal:3 cellNetworkState:0 cellNetworkType: 8
04-20 23:06:58.460  4413  5095 D OnStarCommands: getSignalLevel: 3 -> 8
04-20 23:06:58.460  4413  5095 D OnStarCommands: getVoiceRegState: state = 1
04-20 23:06:58.460  4413  5095 D OnStarCommands: onCellNetInfo: No mVoiceNetworkStateRegistrants to notify
04-20 23:06:58.461  4413  4413 V OnStarServiceStateTracker: handleMessage: SIGNAL STRENGTH event = 12  current phone is not OnStar
04-20 23:06:58.461  4413  4413 V OnStarServiceStateTracker: handleMessage: EVENT_NETWORK_STATE_CHANGED: polling states...
04-20 23:06:58.461  4413  4413 V OnStarServiceStateTracker: pollState
04-20 23:06:58.462  4413  4413 D OnStarCommands: getVoiceRegState: state = 1
04-20 23:06:58.462  4413  4413 D OnStarCommands: getOperator: operatorName = AT&T
04-20 23:06:58.462  4413  4413 V OnStarServiceStateTracker: handleMessage: EVENT_POLL_STATE_REGISTRATION: processing...
04-20 23:06:58.462  4413  4413 D OnStarServiceStateTracker: handlePollStateResult: EVENT_POLL_STATE_REGISTRATION: regCode:1, serviceState:0
04-20 23:06:58.462  4413  4413 D PHONE   : [ServiceState] setVoiceRegState=0
04-20 23:06:58.462  4413  4413 V OnStarServiceStateTracker: handleMessage: EVENT_POLL_STATE_OPERATOR: processing...
04-20 23:06:58.462  4413  4413 D OnStarServiceStateTracker: handlePollStateResult: EVENT_POLL_STATE_OPERATOR: opNames[0]: 'AT&T' opNames[1]: '' opNames[2]: ''
04-20 23:06:58.462  4413  4413 D OnStarServiceStateTracker: pollStateDone: oldSS=[0 1 voice home data home AT&T   AT&T    Unknown Unknown CSS not supported -1 -1 RoamInd=-1 DefRoamInd=-1 EmergOnly=false IsDataRoamingFromRegistration=false] newSS=[0 1 voice home data home AT&T   AT&T    Unknown Unknown CSS not supported -1 -1 RoamInd=-1 DefRoamInd=-1 EmergOnly=false IsDataRoamingFromRegistration=false]
04-20 23:06:58.462  4413  4413 D PHONE   : [ServiceState] setNullState=1
04-20 23:06:58.464  4413  4413 D OnStarServiceStateTracker: pollStateDone: Current OutgoingPhone is not OnStar.
04-20 23:06:58.549  4413  4460 V OnStarCommands: onCellNetInfo: cellNetworkName:AT&T cellNetworkSignal:4 cellNetworkState:0 cellNetworkType: 8
04-20 23:06:58.549  4413  4460 D OnStarCommands: getSignalLevel: 4 -> 17
04-20 23:06:58.549  4413  4460 D OnStarCommands: getVoiceRegState: state = 1
04-20 23:06:58.549  4413  4460 D OnStarCommands: onCellNetInfo: No mVoiceNetworkStateRegistrants to notify
04-20 23:06:58.555  4413  4413 V OnStarServiceStateTracker: handleMessage: SIGNAL STRENGTH event = 12  current phone is not OnStar
04-20 23:06:58.555  4413  4413 V OnStarServiceStateTracker: handleMessage: EVENT_NETWORK_STATE_CHANGED: polling states...
04-20 23:06:58.555  4413  4413 V OnStarServiceStateTracker: pollState
04-20 23:06:58.555  4413  4413 D OnStarCommands: getVoiceRegState: state = 1
04-20 23:06:58.555  4413  4413 D OnStarCommands: getOperator: operatorName = AT&T
04-20 23:06:58.555  4413  4413 V OnStarServiceStateTracker: handleMessage: EVENT_POLL_STATE_REGISTRATION: processing...
04-20 23:06:58.555  4413  4413 D OnStarServiceStateTracker: handlePollStateResult: EVENT_POLL_STATE_REGISTRATION: regCode:1, serviceState:0
04-20 23:06:58.555  4413  4413 D PHONE   : [ServiceState] setVoiceRegState=0
04-20 23:06:58.555  4413  4413 V OnStarServiceStateTracker: handleMessage: EVENT_POLL_STATE_OPERATOR: processing...
04-20 23:06:58.555  4413  4413 D OnStarServiceStateTracker: handlePollStateResult: EVENT_POLL_STATE_OPERATOR: opNames[0]: 'AT&T' opNames[1]: '' opNames[2]: ''
04-20 23:06:58.557  4413  4413 D OnStarServiceStateTracker: pollStateDone: oldSS=[0 1 voice home data home AT&T   AT&T    Unknown Unknown CSS not supported -1 -1 RoamInd=-1 DefRoamInd=-1 EmergOnly=false IsDataRoamingFromRegistration=false] newSS=[0 1 voice home data home AT&T   AT&T    Unknown Unknown CSS not supported -1 -1 RoamInd=-1 DefRoamInd=-1 EmergOnly=false IsDataRoamingFromRegistration=false]
04-20 23:06:58.557  4413  4413 D PHONE   : [ServiceState] setNullState=1
04-20 23:06:58.559  4413  4413 D OnStarServiceStateTracker: pollStateDone: Current OutgoingPhone is not OnStar.
04-20 23:07:04.597  4413  4907 V OnStarCommands: onCallState: callState:CALL_STATE_ACTIVE, hasCallState:true
04-20 23:07:04.597  4413  4907 I OnStarCommands: onCallState: No active personal call session, ignoring state event...
04-20 23:07:04.643  4413  4713 V OnStarCommands: onTTYModeStatus
04-20 23:07:24.629  4413  4907 D SubscriptionController: [getPhoneId] asked for default subId=1
04-20 23:07:51.187  4413  4450 D SubscriptionController: [getPhoneId] asked for default subId=1
04-20 23:08:11.895  4413  4460 V OnStarCommands: onCallState: callState:CALL_STATE_IDLE, hasCallState:true
04-20 23:08:11.895  4413  4460 I OnStarCommands: onCallState: No active personal call session, ignoring state event...
04-20 23:08:11.897  4413  4907 V OnStarCommands: onCallSessionEnded: callSession:1, reason:8
04-20 23:08:11.897  4413  4907 I OnStarCommands: onCallSessionEnded: Ignoring non-personal call: callsession:1
04-20 23:08:11.899  4413  4713 D OnStarCommands: onCallSessionStatus:  callSession:0,  hasCallSession:true
04-20 23:08:13.932  2933  4847 E KPI-ONSTAR|: Advisor call dialed out by CSM at |77508537
04-20 23:08:30.369  2933  3813 E KPI-ONSTAR|: Advisor call dialed out by CSM at |77524973
04-20 23:08:54.928  4413  4450 D SubscriptionController: [getPhoneId] asked for default subId=1
04-20 23:09:12.959  4413  4907 D SubscriptionController: [getPhoneId] asked for default subId=1
04-20 23:09:53.491  4413  4450 D SubscriptionController: [getPhoneId] asked for default subId=1
04-20 23:10:07.099  4413  4460 D SubscriptionController: [getPhoneId] asked for default subId=1
04-20 23:10:29.456  4413  4413 D PhoneProxyGM: SetPhoneBaseToOnStarReceiver: phoneName: OnStar
04-20 23:10:29.456  4413  4413 D PhoneProxyGM: switchPhone: phoneType:7
04-20 23:10:29.456  4413  4413 D PhoneProxyGM: handleMessage: EVENT_GM_SWITCH_PHONE_BASE: phoneType:7
04-20 23:10:29.456  4413  4413 I PhoneProxyGM: switchPhoneBase: New phone same as old phone (OnStar), ignoring phone switch
04-20 23:10:29.461  2754  2754 D PhoneNumberUtils: subId:1, defaultCountryIso:US
04-20 23:10:29.461  2754  2754 D PhoneNumberUtils: slotId:0, emergencyNumbers: 
04-20 23:10:29.461  2754  2754 D PhoneNumberUtils: System property doesn't provide any emergency numbers. Use embedded logic for determining ones.
04-20 23:10:29.461  2754  2754 D PhoneNumberUtils: Active phone base from System table: 7
04-20 23:10:29.461  2754  2754 D PhoneNumberUtils: emergencyNumbers: 112,911,000,08,110,118,119,999,120,997,998,060,061,062,063,064,065,066,067,068,069,080,081,082,083,084,085,086,087,088,089
04-20 23:10:29.485  2754  2754 D PhoneNumberUtils: subId:1, defaultCountryIso:US
04-20 23:10:29.486  2754  2754 D PhoneNumberUtils: slotId:0, emergencyNumbers: 
04-20 23:10:29.486  2754  2754 D PhoneNumberUtils: System property doesn't provide any emergency numbers. Use embedded logic for determining ones.
04-20 23:10:29.486  2754  2754 D PhoneNumberUtils: Active phone base from System table: 7
04-20 23:10:29.486  2754  2754 D PhoneNumberUtils: emergencyNumbers: 112,911,000,08,110,118,119,999,120,997,998,060,061,062,063,064,065,066,067,068,069,080,081,082,083,084,085,086,087,088,089
04-20 23:10:29.523  2754  2754 D PhoneNumberUtils: subId:1, defaultCountryIso:US
04-20 23:10:29.524  2754  2754 D PhoneNumberUtils: slotId:0, emergencyNumbers: 
04-20 23:10:29.524  2754  2754 D PhoneNumberUtils: System property doesn't provide any emergency numbers. Use embedded logic for determining ones.
04-20 23:10:29.524  2754  2754 D PhoneNumberUtils: Active phone base from System table: 7
04-20 23:10:29.524  2754  2754 D PhoneNumberUtils: emergencyNumbers: 112,911,000,08,110,118,119,999,120,997,998,060,061,062,063,064,065,066,067,068,069,080,081,082,083,084,085,086,087,088,089
04-20 23:10:29.528  4413  4450 W OnStarPhone: getVoiceMailNumber() -> 16195818012
04-20 23:10:29.723  4413  5095 D SubscriptionController: [getPhoneId] asked for default subId=1
04-20 23:10:31.812  4413  5095 D SubscriptionController: [getPhoneId] asked for default subId=1
04-20 23:10:42.236  4413  4713 D SubscriptionController: [getPhoneId] asked for default subId=1
04-20 23:10:57.636  2754  2754 D TelephonyRegistry: notifyCellLocationForSubscriber: subId=0 cellLocation=Bundle[{}]
04-20 23:10:57.651  4413  5095 D SubscriptionController: [getPhoneId]- subId=0 not found return default phoneId=2147483647
04-20 23:10:58.066  4413  4713 D SubscriptionController: [getPhoneId] asked for default subId=1
04-20 23:10:58.220  4413  4413 D BluetoothCommands: Unbinding HFService... Adapter state = 13
04-20 23:10:58.237 31934 32047 E KPI-AUDIO|: AudioState before restored at|77672841, PID=31934
04-20 23:10:58.245 31934 32048 E KPI-AUDIO|: CheckAndRegisterForEntertainmentService, Service is ready |77672840 PID= 31934
04-20 23:10:58.361 31934 32047 E KPI-AUDIO|: AudioState call setupPlaybackForMode at|77672965
04-20 23:10:58.743 31934 32047 E KPI-AUDIO|: AudioState return from restore at|77673347,isRestoreSuccess=true, PID=31934
04-20 23:11:01.316  4336 21496 E KPI-BT| : Adapter enable  at|77675921
04-20 23:11:03.372  4413  4413 D BluetoothCommands: Binding HFService...
04-20 23:11:03.378  4413  4413 D BluetoothCommands: HFService proxy connected
04-20 23:14:46.814  2754  2754 D PhoneNumberUtils: subId:1, defaultCountryIso:US
04-20 23:14:46.817  2754  2754 D PhoneNumberUtils: slotId:0, emergencyNumbers: 
