04-20 23:21:32.251  4413  4413 D OnStarCallTracker: updatePhoneState:  mPendingMO:not null mForegroundCall.isIdle:false
04-20 23:21:32.251  4413  4413 V OnStarPhone: notifyPhoneStateChanged called
04-20 23:21:32.252   395   395 D PhoneNumberUtils: slotId:0, emergencyNumbers: 
04-20 23:21:32.252   395   395 D PhoneNumberUtils: System property doesn't provide any emergency numbers. Use embedded logic for determining ones.
04-20 23:21:32.252   395   395 D PhoneNumberUtils: Active phone base from System table: 7
04-20 23:21:32.252   395   395 D PhoneNumberUtils: emergencyNumbers: 112,911,000,08,110,118,119,999,120,997,998,060,061,062,063,064,065,066,067,068,069,080,081,082,083,084,085,086,087,088,089
04-20 23:21:32.263  4413  4413 V OnStarPhone: notifyPreciseCallStateChanged called
04-20 23:21:32.267  4413  4413 D OnStarConnection: getPostDialState: post dial functionality handled by OnStar, returning COMPLETE
04-20 23:21:32.267  4413  4413 E OnStarPhone: registerForSuppServiceNotification: not implemented
04-20 23:21:32.267  4413  4413 D OnStarConnection: getPostDialState: post dial functionality handled by OnStar, returning COMPLETE
04-20 23:21:32.267  4413  4413 D OnStarConnection: getPostDialState: post dial functionality handled by OnStar, returning COMPLETE
04-20 23:21:32.267  4413  4413 D OnStarConnection: getPostDialState: post dial functionality handled by OnStar, returning COMPLETE
04-20 23:21:32.267  4413  4413 D OnStarConnection: getPostDialState: post dial functionality handled by OnStar, returning COMPLETE
04-20 23:21:32.268  4413  4413 V PhoneProxyGM: handleMessage: EVENT_GM_CALL_STATE_CHANGED: eventPhone: { Name : OnStar, State : OFFHOOK }, activePhone: { Name : OnStar, State : OFFHOOK }
04-20 23:21:32.268  4413  4413 D PhoneProxyGM: handleMessage: EVENT_GM_CALL_STATE_CHANGED: send active call information
04-20 23:21:32.268  4413  4413 D PhoneProxyGM: sendActiveCallInfo: state 3 macAddress OnStar number 5869979720 connectedTime 0 isConference = false phoneName = OnStar
04-20 23:21:32.291  2754  2754 D PhoneNumberUtils: subId:1, defaultCountryIso:US
04-20 23:21:32.295  2754  2754 D PhoneNumberUtils: slotId:0, emergencyNumbers: 
04-20 23:21:32.295  2754  2754 D PhoneNumberUtils: System property doesn't provide any emergency numbers. Use embedded logic for determining ones.
04-20 23:21:32.295  2754  2754 D PhoneNumberUtils: Active phone base from System table: 7
04-20 23:21:32.295  2754  2754 D PhoneNumberUtils: emergencyNumbers: 112,911,000,08,110,118,119,999,120,997,998,060,061,062,063,064,065,066,067,068,069,080,081,082,083,084,085,086,087,088,089
04-20 23:21:32.311  4413  4713 W OnStarPhone: getVoiceMailNumber() -> 16195818012
04-20 23:21:32.312  2754  3489 I chatty  : uid=1000(system) AsyncQueryWorke expire 2 lines
04-20 23:21:32.364  4413  4413 V OnStarCallTracker: handleMessage: EVENT_OPERATION_COMPLETE
04-20 23:21:32.364  4413  4413 D OnStarCallTracker: operationComplete: pendingOperations:0, needsPoll:true
04-20 23:21:32.364  4413  4413 V OnStarCommands: getCurrentCalls: sending call states
04-20 23:21:32.364  4413  4413 V OnStarCall: detach: conn:null
04-20 23:21:32.364  4413  4413 V OnStarCall: clearDisconnected called
04-20 23:21:32.364  4413  4413 D OnStarCallTracker: updatePhoneState:  mPendingMO:not null mForegroundCall.isIdle:false
04-20 23:21:32.364  4413  4413 V OnStarPhone: notifyPreciseCallStateChanged called
04-20 23:21:32.370  2980  4696 I chatty  : uid=1000(system) Binder_5 expire 3 lines
04-20 23:21:32.378  4413  4413 V PhoneProxyGM: handleMessage: EVENT_GM_CALL_STATE_CHANGED: eventPhone: { Name : OnStar, State : OFFHOOK }, activePhone: { Name : OnStar, State : OFFHOOK }
04-20 23:21:32.378  4413  4413 D PhoneProxyGM: handleMessage: EVENT_GM_CALL_STATE_CHANGED: send active call information
04-20 23:21:32.378  4413  4413 D PhoneProxyGM: sendActiveCallInfo: state 3 macAddress OnStar number 5869979720 connectedTime 0 isConference = false phoneName = OnStar
04-20 23:21:32.401  2754  2838 I chatty  : uid=1000(system) ActivityManager expire 1 line
04-20 23:21:32.403  2980  4694 I chatty  : uid=1000(system) Binder_4 expire 1 line
04-20 23:21:32.426  2980  4692 I chatty  : uid=1000(system) Binder_3 expire 1 line
04-20 23:21:32.431  2980  2995 I chatty  : uid=1000(system) Binder_2 expire 1 line
04-20 23:21:32.442  2980  2994 I chatty  : uid=1000(system) Binder_1 expire 1 line
04-20 23:21:32.663  4413  4413 D OnStarConnection: getPostDialState: post dial functionality handled by OnStar, returning COMPLETE
04-20 23:21:32.666  4413  4413 V OnStarCallTracker: handleMessage: EVENT_POLL_CALLS_RESULT
04-20 23:21:32.666  4413  4413 D OnStarCallTracker: handleMessage: EVENT_POLL_CALL_RESULT: set needsPoll=F
04-20 23:21:32.666  4413  4413 V OnStarCallTracker: handlePollCalls: mConnection:null
04-20 23:21:32.666  4413  4413 V OnStarCallTracker: handlePollCalls: callInfo:null
04-20 23:21:32.666  4413  4413 D OnStarCallTracker: handlePollCalls: Dropping connection: Pending outgoing call dropped before poll fg state:DIALING
04-20 23:21:32.666  4413  4413 D OnStarConnection: getPostDialState: post dial functionality handled by OnStar, returning COMPLETE
04-20 23:21:32.666  4413  4413 D OnStarCallTracker: handlePollCalls: dropping: incoming: false state: DIALING post dial state: COMPLETE
04-20 23:21:32.666  4413  4413 D OnStarCallTracker: handlePollCalls: outgoing call NOT yet dropped, isIncoming:false, connectTime:0, mCause:0
04-20 23:21:32.666  4413  4413 D OnStarCommands: getLastCallFailCause: cause = 16
04-20 23:21:32.666  4413  4413 D OnStarCallTracker: updatePhoneState:  mPendingMO:null mForegroundCall.isIdle:false
04-20 23:21:32.666  4413  4413 V OnStarCallTracker: ------OnStarCallTracker----------------------------------
04-20 23:21:32.666  4413  4413 V OnStarCallTracker: mConnection: null
04-20 23:21:32.666  4413  4413 V OnStarCallTracker: mVoiceCallEndedRegistrants: android.os.RegistrantList@214f8a0
04-20 23:21:32.666  4413  4413 V OnStarCallTracker: mVoiceCallStartedRegistrants: android.os.RegistrantList@26ecc59
04-20 23:21:32.666  4413  4413 V OnStarCallTracker: mDroppedDuringPoll: size=1
04-20 23:21:32.666  4413  4413 D OnStarConnection: getPostDialState: post dial functionality handled by OnStar, returning COMPLETE
04-20 23:21:32.666  4413  4413 V OnStarCallTracker: mDroppedDuringPoll[0]:  incoming: false state: DIALING post dial state: COMPLETE
04-20 23:21:32.666  4413  4413 V OnStarCallTracker: mRingingCall: IDLE
04-20 23:21:32.666  4413  4413 V OnStarCallTracker: mForegroundCall: DIALING
04-20 23:21:32.666  4413  4413 D OnStarConnection: getPostDialState: post dial functionality handled by OnStar, returning COMPLETE
04-20 23:21:32.666  4413  4413 V OnStarCallTracker: mForegroundCall.conn[0]:  incoming: false state: DIALING post dial state: COMPLETE
04-20 23:21:32.666  4413  4413 V OnStarCallTracker: mDummyCall: IDLE
04-20 23:21:32.666  4413  4413 V OnStarCallTracker: mPendingMO: null
04-20 23:21:32.666  4413  4413 V OnStarCallTracker: mHangupPendingMO: false
04-20 23:21:32.666  4413  4413 V OnStarCallTracker: mPhone: Handler (com.gm.telephony.onstar.OnStarPhone) {7929abe}
04-20 23:21:32.666  4413  4413 V OnStarCallTracker: mDesiredMute: false
04-20 23:21:32.666  4413  4413 V OnStarCallTracker: mState: OFFHOOK
04-20 23:21:32.666  4413  4413 V OnStarCallTracker: ---------------------------------------------------------
04-20 23:21:32.666  4413  4413 V PhoneProxyGM: handleMessage: EVENT_GM_CALL_STATE_CHANGED: eventPhone: { Name : OnStar, State : OFFHOOK }, activePhone: { Name : OnStar, State : OFFHOOK }
04-20 23:21:32.666  4413  4413 D PhoneProxyGM: handleMessage: EVENT_GM_CALL_STATE_CHANGED: send active call information
04-20 23:21:32.666  4413  4413 D PhoneProxyGM: sendActiveCallInfo: state 3 macAddress OnStar number 5869979720 connectedTime 0 isConference = false phoneName = OnStar
04-20 23:21:32.674  4413  4413 D OnStarConnection: getPostDialState: post dial functionality handled by OnStar, returning COMPLETE
04-20 23:21:32.675  4413  4413 V OnStarCallTracker: handleMessage: EVENT_GET_LAST_CALL_FAIL_CAUSE
04-20 23:21:32.675  4413  4413 D OnStarCallTracker: operationComplete: pendingOperations:0, needsPoll:false
04-20 23:21:32.675  4413  4413 V OnStarConnection: onRemoteDisconnect called
04-20 23:21:32.675  4413  4413 D OnStarConnection: disconnectCauseFromCode: causeCode:16 -> DisconnectCause.2
04-20 23:21:32.675  4413  4413 D OnStarConnection: onDisconnect: cause:2
04-20 23:21:32.675  4413  4413 V OnStarPhone: notifyDisconnect called
04-20 23:21:32.675  4413  4413 V OnStarCall: connectionDisconnected: hasOnlyDisconnectedConnections:true
04-20 23:21:32.675  4413  4413 V OnStarPhone: notifyPreciseCallStateChanged called
04-20 23:21:32.679  4413  4413 D OnStarConnection: getPostDialState: post dial functionality handled by OnStar, returning COMPLETE
04-20 23:21:32.679  4413  4413 V OnStarCall: detach: conn: incoming: false state: DISCONNECTED post dial state: COMPLETE
04-20 23:21:32.679  4413  4413 D OnStarCall: detach: setting mState:IDLE
04-20 23:21:32.679  4413  4413 V OnStarCall: clearDisconnected called
04-20 23:21:32.679  4413  4413 V OnStarCall: clearDisconnected: no connections, state now IDLE
04-20 23:21:32.679  4413  4413 V OnStarPhone: notifyPhoneStateChanged called
04-20 23:21:32.703  4413  4413 V OnStarPhone: notifyPreciseCallStateChanged called
04-20 23:21:32.719  4413  4413 D OnStarConnection: getPostDialState: post dial functionality handled by OnStar, returning COMPLETE
04-20 23:21:32.720  4413  4413 D OnStarConnection: getPostDialState: post dial functionality handled by OnStar, returning COMPLETE
04-20 23:21:32.720  4413  4413 E OnStarPhone: unregisterForSuppServiceNotification: not implemented
04-20 23:21:32.720  4413  4413 V PhoneProxyGM: handleMessage: EVENT_GM_CALL_STATE_CHANGED: eventPhone: { Name : OnStar, State : IDLE }, activePhone: { Name : OnStar, State : IDLE }
04-20 23:21:32.720  4413  4413 D PhoneProxyGM: handleMessage: EVENT_GM_CALL_STATE_CHANGED: send active call information
04-20 23:21:32.720  4413  4413 I PhoneProxyGM: sendActiveCallInfo: No foreground/ringing/background call at the moment.
04-20 23:21:32.720  4413  4413 I PhoneProxyGM: sendActiveCallInfo: No connection attached to call.
04-20 23:21:32.720  4413  4413 D PhoneProxyGM: sendActiveCallInfo: state 0 macAddress null number null connectedTime 0 isConference = false phoneName = 
04-20 23:21:32.728  4413  4413 V PhoneProxyGM: handleMessage: EVENT_GM_CALL_STATE_CHANGED: IDLE: No outgoing phone name
04-20 23:21:32.728  4413  4413 D PhoneProxyGM: handleMessage: EVENT_GM_CALL_STATE_CHANGED: IDLE: outgoingPhoneName = '', but is not active, switching PhoneBase to OnStar
04-20 23:21:32.728  4413  4413 D PhoneProxyGM: switchPhone: phoneType:7
04-20 23:21:32.728  4413  4413 V PhoneProxyGM: handleMessage: EVENT_GM_CALL_STATE_CHANGED: eventPhone: { Name : OnStar, State : IDLE }, activePhone: { Name : OnStar, State : IDLE }
04-20 23:21:32.728  4413  4413 D PhoneProxyGM: handleMessage: EVENT_GM_CALL_STATE_CHANGED: send active call information
04-20 23:21:32.728  4413  4413 I PhoneProxyGM: sendActiveCallInfo: No foreground/ringing/background call at the moment.
04-20 23:21:32.728  4413  4413 I PhoneProxyGM: sendActiveCallInfo: No connection attached to call.
04-20 23:21:32.728  4413  4413 D PhoneProxyGM: sendActiveCallInfo: state 0 macAddress null number null connectedTime 0 isConference = false phoneName = 
04-20 23:21:32.750  4413  4413 V PhoneProxyGM: handleMessage: EVENT_GM_CALL_STATE_CHANGED: IDLE: No outgoing phone name
04-20 23:21:32.750  4413  4413 D PhoneProxyGM: handleMessage: EVENT_GM_CALL_STATE_CHANGED: IDLE: outgoingPhoneName = '', but is not active, switching PhoneBase to OnStar
04-20 23:21:32.750  4413  4413 D PhoneProxyGM: switchPhone: phoneType:7
04-20 23:21:32.752  2754  4305 I chatty  : uid=1000(system) Binder_C expire 36 lines
04-20 23:21:32.753  2754  3449 I chatty  : uid=1000(system) Binder_7 expire 9 lines
04-20 23:21:32.759  2754 11088 I chatty  : uid=1000 system_server expire 3 lines
04-20 23:21:32.771  2754  2766 I chatty  : uid=1000(system) Binder_1 expire 19 lines
04-20 23:21:32.772  2754  2953 I chatty  : uid=1000(system) Binder_3 expire 15 lines
04-20 23:21:32.793  2754  2754 I chatty  : uid=1000 system_server expire 5 lines
04-20 23:21:32.800  2754  3072 I chatty  : uid=1000(system) Binder_5 expire 12 lines
04-20 23:21:32.802  2754  2838 I chatty  : uid=1000(system) ActivityManager expire 1 line
04-20 23:21:32.823  2754  2833 I chatty  : uid=1000(system) android.bg expire 38 lines
04-20 23:21:32.876  2754  4280 I chatty  : uid=1000(system) Binder_A expire 15 lines
04-20 23:21:32.877  2754  2767 I chatty  : uid=1000(system) Binder_2 expire 13 lines
04-20 23:21:32.983  2754  4363 I chatty  : uid=1000(system) Binder_10 expire 15 lines
04-20 23:21:33.089  2754  3450 I chatty  : uid=1000(system) Binder_8 expire 10 lines
04-20 23:21:33.090  2754  4310 I chatty  : uid=1000(system) Binder_D expire 14 lines
04-20 23:21:33.204  2754  2954 I chatty  : uid=1000(system) Binder_4 expire 6 lines
04-20 23:21:33.205  2754  3143 I chatty  : uid=1000(system) Binder_6 expire 12 lines
04-20 23:21:33.503  4413  4413 D PhoneProxyGM: handleMessage: EVENT_GM_SWITCH_PHONE_BASE: phoneType:7
04-20 23:21:33.503  4413  4413 I PhoneProxyGM: switchPhoneBase: New phone same as old phone (OnStar), ignoring phone switch
04-20 23:21:33.503  4413  4413 D PhoneProxyGM: handleMessage: EVENT_GM_SWITCH_PHONE_BASE: phoneType:7
04-20 23:21:33.503  4413  4413 I PhoneProxyGM: switchPhoneBase: New phone same as old phone (OnStar), ignoring phone switch
04-20 23:21:33.751  2754  4334 I chatty  : uid=1000(system) Binder_E expire 5 lines
04-20 23:21:33.855  2754  4341 I chatty  : uid=1000(system) Binder_F expire 10 lines
04-20 23:21:34.092  2754  3451 I chatty  : uid=1000(system) Binder_9 expire 6 lines
04-20 23:21:34.982  2754  4281 I chatty  : uid=1000(system) Binder_B expire 23 lines
04-20 23:21:38.268  2754  3451 I chatty  : uid=1000(system) Binder_9 expire 12 lines
04-20 23:21:38.270  2754  2954 I chatty  : uid=1000(system) Binder_4 expire 20 lines
04-20 23:21:38.377  2754  4334 I chatty  : uid=1000(system) Binder_E expire 19 lines
04-20 23:21:38.380  2754  2766 I chatty  : uid=1000(system) Binder_1 expire 13 lines
04-20 23:21:38.392  2754  3143 I chatty  : uid=1000(system) Binder_6 expire 14 lines
04-20 23:21:38.398  2754  4310 I chatty  : uid=1000(system) Binder_D expire 14 lines
04-20 23:21:38.502  2754  4363 I chatty  : uid=1000(system) Binder_10 expire 11 lines
04-20 23:21:38.502  2754  2953 I chatty  : uid=1000(system) Binder_3 expire 20 lines
04-20 23:21:38.523  2754  2833 I chatty  : uid=1000(system) android.bg expire 41 lines
04-20 23:21:38.607  2754  4341 I chatty  : uid=1000(system) Binder_F expire 11 lines
04-20 23:21:38.723  2754  2767 I chatty  : uid=1000(system) Binder_2 expire 13 lines
04-20 23:21:38.948  2754  4280 I chatty  : uid=1000(system) Binder_A expire 11 lines
04-20 23:21:39.076  2754  3449 I chatty  : uid=1000(system) Binder_7 expire 19 lines
04-20 23:21:39.740  2754  3450 I chatty  : uid=1000(system) Binder_8 expire 10 lines
04-20 23:21:40.080  2754  3072 I chatty  : uid=1000(system) Binder_5 expire 7 lines
04-20 23:21:42.083  2754  4305 I chatty  : uid=1000(system) Binder_C expire 6 lines
04-20 23:21:42.385  2933  3089 I chatty  : uid=1000(system) TcpInternetMana expire 2 lines
04-20 23:21:42.570 28624 28624 W StatusBarManager: enter dropFocus in StatusBarManager
04-20 23:21:43.760 28624 28624 W StatusBarManager: enter dropFocus in StatusBarManager
04-20 23:21:44.083 28624 28624 W StatusBarManager: enter dropFocus in StatusBarManager
04-20 23:21:44.538  2754  2833 I chatty  : uid=1000(system) android.bg expire 39 lines
04-20 23:21:44.542  2754  4281 I chatty  : uid=1000(system) Binder_B expire 16 lines
04-20 23:21:44.549  2754  4363 I chatty  : uid=1000(system) Binder_10 expire 11 lines
04-20 23:21:44.552  2754  4341 I chatty  : uid=1000(system) Binder_F expire 15 lines
04-20 23:21:44.561  2754  3072 I chatty  : uid=1000(system) Binder_5 expire 20 lines
04-20 23:21:44.576  2754  4280 I chatty  : uid=1000(system) Binder_A expire 13 lines
04-20 23:21:44.628  2754  2953 I chatty  : uid=1000(system) Binder_3 expire 16 lines
04-20 23:21:44.628  2754  4334 I chatty  : uid=1000(system) Binder_E expire 29 lines
04-20 23:21:44.779  2754  3449 I chatty  : uid=1000(system) Binder_7 expire 11 lines
04-20 23:21:44.783 28624 28624 W StatusBarManager: enter dropFocus in StatusBarManager
04-20 23:21:44.913  2754  4305 I chatty  : uid=1000(system) Binder_C expire 6 lines
04-20 23:21:44.990  2754  3143 I chatty  : uid=1000(system) Binder_6 expire 14 lines
04-20 23:21:45.206  2754  4310 I chatty  : uid=1000(system) Binder_D expire 13 lines
04-20 23:21:45.422  2754  2766 I chatty  : uid=1000(system) Binder_1 expire 8 lines
04-20 23:21:45.490  2754  2767 I chatty  : uid=1000(system) Binder_2 expire 12 lines
04-20 23:21:46.279  2754  3009 I chatty  : uid=1000(system) WifiStateMachin expire 2 lines
04-20 23:21:46.394  2754  3450 I chatty  : uid=1000(system) Binder_8 expire 15 lines
04-20 23:21:46.411  2754  3451 I chatty  : uid=1000(system) Binder_9 expire 9 lines
04-20 23:21:47.088  2754  2954 I chatty  : uid=1000(system) Binder_4 expire 15 lines
04-20 23:21:50.488  2754  4363 I chatty  : uid=1000(system) Binder_10 expire 19 lines
04-20 23:21:50.514  2754  2833 I chatty  : uid=1000(system) android.bg expire 42 lines
04-20 23:21:50.591  2754  2767 I chatty  : uid=1000(system) Binder_2 expire 18 lines
04-20 23:21:50.592  2754  4280 I chatty  : uid=1000(system) Binder_A expire 14 lines
04-20 23:21:50.701  2754  3451 I chatty  : uid=1000(system) Binder_9 expire 8 lines
04-20 23:21:50.708  2754  4341 I chatty  : uid=1000(system) Binder_F expire 23 lines
04-20 23:21:50.712  2754  4334 I chatty  : uid=1000(system) Binder_E expire 10 lines
04-20 23:21:50.812  2754  3450 I chatty  : uid=1000(system) Binder_8 expire 17 lines
04-20 23:21:50.812  2754  2766 I chatty  : uid=1000(system) Binder_1 expire 13 lines
04-20 23:21:50.816  2754  4305 I chatty  : uid=1000(system) Binder_C expire 5 lines
04-20 23:21:50.816  2754  2953 I chatty  : uid=1000(system) Binder_3 expire 11 lines
04-20 23:21:50.918  2754  4310 I chatty  : uid=1000(system) Binder_D expire 15 lines
04-20 23:21:50.919  2754  3449 I chatty  : uid=1000(system) Binder_7 expire 10 lines
04-20 23:21:50.926  2754  3072 I chatty  : uid=1000(system) Binder_5 expire 16 lines
04-20 23:21:50.939  2754  4281 I chatty  : uid=1000(system) Binder_B expire 13 lines
04-20 23:21:51.617  2754  3143 I chatty  : uid=1000(system) Binder_6 expire 19 lines
04-20 23:21:56.723  2754  4363 I chatty  : uid=1000(system) Binder_10 expire 18 lines
04-20 23:21:56.815  2754  2833 I chatty  : uid=1000(system) android.bg expire 34 lines
04-20 23:21:56.827  2754  2953 I chatty  : uid=1000(system) Binder_3 expire 10 lines
04-20 23:21:56.828  2754  2766 I chatty  : uid=1000(system) Binder_1 expire 25 lines
04-20 23:21:56.903 28624 28624 W StatusBarManager: enter dropFocus in StatusBarManager
04-20 23:21:56.903  2754  3450 I chatty  : uid=1000(system) Binder_8 expire 14 lines
04-20 23:21:56.974  2754  2954 I chatty  : uid=1000(system) Binder_4 expire 22 lines
04-20 23:21:56.976  2754  3451 I chatty  : uid=1000(system) Binder_9 expire 9 lines
04-20 23:21:56.978  2754  3072 I chatty  : uid=1000(system) Binder_5 expire 9 lines
04-20 23:21:57.057  2754  4341 I chatty  : uid=1000(system) Binder_F expire 11 lines
04-20 23:21:57.059  2754  4305 I chatty  : uid=1000(system) Binder_C expire 15 lines
04-20 23:21:57.063  2754  4334 I chatty  : uid=1000(system) Binder_E expire 13 lines
04-20 23:21:57.276  2754  3449 I chatty  : uid=1000(system) Binder_7 expire 8 lines
04-20 23:21:57.392  2754  4310 I chatty  : uid=1000(system) Binder_D expire 12 lines
04-20 23:21:57.714 28624 28624 W StatusBarManager: enter dropFocus in StatusBarManager
04-20 23:21:57.768  2754  2767 I chatty  : uid=1000(system) Binder_2 expire 18 lines
04-20 23:21:57.775  2754  4280 I chatty  : uid=1000(system) Binder_A expire 16 lines
04-20 23:21:57.937  2754  4281 I chatty  : uid=1000(system) Binder_B expire 6 lines
04-20 23:21:59.216  2543  2634 I VAS/VehicleAudioService: requestAudioFocus() streamType 4123, extraInfo 0, zone 8, clientId gm.media.audio.VehicleAudioManager@a96fcb1com.telenav.arp.audio.DenaliAudioManager@52db5961
04-20 23:21:59.216  2543  2634 I VAS/VehicleAudioService: setMux() name prompt_mux, input 4123, gain 0, extraInfo 0, zone 8
04-20 23:21:59.216  2543  2634 I VAS/AudioDriverInterface: setSrc() sinkType 8, streamType 4123, activationStatus 1, extraInfo 0
04-20 23:21:59.220  2543  2634 I VAS/AudioDriverInterface: setSourceScale() sinkType 8, scale value -2.34 : gain value 0.00
04-20 23:21:59.221  2543  2634 E VAS/AudioDriverInterface: setSourceScale() audio_set_dirana_source_gain() failed, ERROR -1
04-20 23:21:59.221  2543  2634 I VAS/AudioDriverInterface: setVolume() sinkType 1, volDb -49.80
04-20 23:21:59.224  2543  2634 I VAS/ExternalAmpIface: update() attrName MtxSnkLvl, rawValue -49.80
04-20 23:21:59.224  2543  2634 I VAS/AudioDriverInterface: setVolume() sinkType 2, volDb -37.50
04-20 23:21:59.225  2543  2634 I VAS/ExternalAmpIface: update() attrName MxPrmtSnkLvl, rawValue -37.50
04-20 23:21:59.225  2543  2634 I VAS/AudioCtrlSvcImpl: setMux() Non-Entertainment stream, UnMuting automatically
04-20 23:21:59.225  2543  2634 I VAS/AudioDriverInterface: setMuteRamp() sinkType 2, mute 0, time 0.00 sec
04-20 23:21:59.230  2754  3020 I chatty  : uid=1000(system) AudioService expire 2 lines
04-20 23:21:59.517  2754  2842 I chatty  : uid=1000(system) android.ui expire 1 line
04-20 23:21:59.832  2543  2639 I VAS/VehicleAudioService: abandonAudioFocus() streamType 4123, extraInfo 0, zone 8
04-20 23:21:59.832  2543  2639 I VAS/VehicleAudioService: setMux() name prompt_mux, input 4123, gain -100, extraInfo 0, zone 8
04-20 23:21:59.832  2543  2639 I VAS/AudioDriverInterface: setMuteRamp() sinkType 2, mute 1, time 0.00 sec
04-20 23:21:59.832  2543  2639 I VAS/AudioDriverInterface: setSrc() sinkType 8, streamType 4123, activationStatus 0, extraInfo 0
04-20 23:21:59.836  2543  2639 I VAS/AudioDriverInterface: setVolume() sinkType 1, volDb -39.00
04-20 23:21:59.837  2543  2639 I VAS/ExternalAmpIface: update() attrName MtxSnkLvl, rawValue -39.00
04-20 23:22:00.000  2754  2838 I chatty  : uid=1000(system) ActivityManager expire 2 lines
04-20 23:22:00.000  2754  2754 I chatty  : uid=1000 system_server expire 1 line
04-20 23:22:01.289  2754  3009 I chatty  : uid=1000(system) WifiStateMachin expire 2 lines
04-20 23:22:01.635  2754  4305 I chatty  : uid=1000(system) Binder_C expire 13 lines
04-20 23:22:01.671  2754  4280 I chatty  : uid=1000(system) Binder_A expire 13 lines
04-20 23:22:01.770  2754  4310 I chatty  : uid=1000(system) Binder_D expire 10 lines
04-20 23:22:01.771  2754  3451 I chatty  : uid=1000(system) Binder_9 expire 19 lines
04-20 23:22:01.776  2754  2766 I chatty  : uid=1000(system) Binder_1 expire 9 lines
04-20 23:22:01.783  2754  2954 I chatty  : uid=1000(system) Binder_4 expire 13 lines
04-20 23:22:01.888  2754  4334 I chatty  : uid=1000(system) Binder_E expire 21 lines
04-20 23:22:01.918  2754  2833 I chatty  : uid=1000(system) android.bg expire 36 lines
04-20 23:22:01.995  2754  4281 I chatty  : uid=1000(system) Binder_B expire 13 lines
04-20 23:22:02.099  2754  3449 I chatty  : uid=1000(system) Binder_7 expire 20 lines
04-20 23:22:02.110  2754  4341 I chatty  : uid=1000(system) Binder_F expire 12 lines
04-20 23:22:02.123  2754  3072 I chatty  : uid=1000(system) Binder_5 expire 3 lines
04-20 23:22:02.228  2754  2953 I chatty  : uid=1000(system) Binder_3 expire 12 lines
04-20 23:22:02.240  2754  3450 I chatty  : uid=1000(system) Binder_8 expire 11 lines
04-20 23:22:02.406  2933  3089 I chatty  : uid=1000(system) TcpInternetMana expire 2 lines
04-20 23:22:02.508  2754  3143 I chatty  : uid=1000(system) Binder_6 expire 13 lines
04-20 23:22:02.562  2754  2852 I chatty  : uid=1000(system) android.display expire 3 lines
04-20 23:22:02.857  2754  4363 I chatty  : uid=1000(system) Binder_10 expire 20 lines
04-20 23:22:03.048  2754  2767 I chatty  : uid=1000(system) Binder_2 expire 23 lines
04-20 23:22:03.467 28624 28624 W StatusBarManager: enter dropFocus in StatusBarManager
04-20 23:22:07.201  2754  3451 I chatty  : uid=1000(system) Binder_9 expire 24 lines
04-20 23:22:07.201  2754  4310 I chatty  : uid=1000(system) Binder_D expire 12 lines
04-20 23:22:07.211  2754  3450 I chatty  : uid=1000(system) Binder_8 expire 19 lines
04-20 23:22:07.212  2754  4280 I chatty  : uid=1000(system) Binder_A expire 11 lines
04-20 23:22:07.312  2754  3072 I chatty  : uid=1000(system) Binder_5 expire 13 lines
04-20 23:22:07.319  2754  2833 I chatty  : uid=1000(system) android.bg expire 34 lines
04-20 23:22:07.323  2754  4281 I chatty  : uid=1000(system) Binder_B expire 12 lines
04-20 23:22:07.349  2754  4305 I chatty  : uid=1000(system) Binder_C expire 17 lines
04-20 23:22:07.431  2754  4363 I chatty  : uid=1000(system) Binder_10 expire 14 lines
04-20 23:22:07.436  2754  4334 I chatty  : uid=1000(system) Binder_E expire 10 lines
04-20 23:22:07.438  2754  2953 I chatty  : uid=1000(system) Binder_3 expire 20 lines
04-20 23:22:07.462  2754  3143 I chatty  : uid=1000(system) Binder_6 expire 10 lines
04-20 23:22:07.483  2754  3449 I chatty  : uid=1000(system) Binder_7 expire 12 lines
04-20 23:22:07.652  2754  2954 I chatty  : uid=1000(system) Binder_4 expire 11 lines
04-20 23:22:07.964  2754  2766 I chatty  : uid=1000(system) Binder_1 expire 12 lines
04-20 23:22:09.274  2754  4341 I chatty  : uid=1000(system) Binder_F expire 28 lines
04-20 23:22:12.159  2754  2766 I chatty  : uid=1000(system) Binder_1 expire 7 lines
04-20 23:22:12.164  2754  4280 I chatty  : uid=1000(system) Binder_A expire 12 lines
04-20 23:22:12.267  2754  3450 I chatty  : uid=1000(system) Binder_8 expire 19 lines
04-20 23:22:12.268  2754  4334 I chatty  : uid=1000(system) Binder_E expire 14 lines
04-20 23:22:12.273  2754  3072 I chatty  : uid=1000(system) Binder_5 expire 17 lines
04-20 23:22:12.277  2754  4281 I chatty  : uid=1000(system) Binder_B expire 14 lines
04-20 23:22:12.337  2543 22558 I VAS/VehicleAudioService: abandonAudioFocus() streamType 4099, extraInfo 0, zone 1
04-20 23:22:12.337  2543 22558 I VAS/VehicleAudioService: setMux() name primary_mux, input 4099, gain -100, extraInfo 0, zone 1
04-20 23:22:12.337  2543 22558 I VAS/AudioDriverInterface: setMuteRamp() sinkType 1, mute 1, time 0.01 sec
04-20 23:22:12.339  2543 22558 I VAS/ExternalAmpIface: update() attrName MtxSnkMutRmpTm, rawValue 10.00
04-20 23:22:12.339  2543 22558 I VAS/ExternalAmpIface: update() attrName MtxSnkMut, rawValue 1.00
04-20 23:22:12.381  2754  2953 I chatty  : uid=1000(system) Binder_3 expire 12 lines
04-20 23:22:12.389  2754  3451 I chatty  : uid=1000(system) Binder_9 expire 14 lines
04-20 23:22:12.395  2754  3449 I chatty  : uid=1000(system) Binder_7 expire 7 lines
04-20 23:22:12.421  2754  2833 I chatty  : uid=1000(system) android.bg expire 28 lines
04-20 23:22:12.495  2754  2954 I chatty  : uid=1000(system) Binder_4 expire 8 lines
04-20 23:22:12.497  2754  2767 I chatty  : uid=1000(system) Binder_2 expire 12 lines
04-20 23:22:12.589  2543 22558 E VAS/AudioCtrlSvcImpl: processMuteUnmuteRamps() Mute ramp TimeOut
04-20 23:22:12.589  2543 22558 I VAS/AudioDriverInterface: setSrc() sinkType 1, streamType 4099, activationStatus 0, extraInfo 0
04-20 23:22:12.593  2543  2543 I VAS/VehicleAudioService: requestAudioFocus() streamType 4121, extraInfo 0, zone 1, clientId gm.media.audio.VehicleAudioManager@3dfc7a7com.gm.server.audioproxyservice.QueueProcessor$SpeechVAM$1@74714541
04-20 23:22:12.593  2543  2543 I VAS/VehicleAudioService: setMux() name primary_mux, input 4121, gain 0, extraInfo 0, zone 1
04-20 23:22:12.593  2543  2543 I VAS/AudioDriverInterface: setSrc() sinkType 1, streamType 4121, activationStatus 1, extraInfo 0
04-20 23:22:12.595  2543  2543 I VAS/AudioDriverInterface: setSourceScale() sinkType 1, scale value -2.34 : gain value 0.00
04-20 23:22:12.595  2543  2543 E VAS/AudioDriverInterface: setSourceScale() audio_set_dirana_source_gain() failed, ERROR -1
04-20 23:22:12.595  2543  2543 I VAS/ExternalAmpIface: update() attrName MtxSnkBal, rawValue 0.00
04-20 23:22:12.595  2543  2543 I VAS/AudioDriverInterface: setBalance() balance 0
04-20 23:22:12.596  2543  2543 I VAS/ExternalAmpIface: update() attrName MtxSnkFd, rawValue 12.00
04-20 23:22:12.596  2543  2543 I VAS/AudioDriverInterface: setFade() fade 12
04-20 23:22:12.598  2543  2543 I VAS/ExternalAmpIface: update() attrName MtxSnkBass, rawValue 0.00
04-20 23:22:12.598  2543  2543 I VAS/AudioDriverInterface: setBass() bass 0.00
04-20 23:22:12.599  2543  2543 I VAS/ExternalAmpIface: update() attrName MtxSnkMdrng, rawValue 0.00
04-20 23:22:12.599  2543  2543 I VAS/AudioDriverInterface: setMid() mid 0
04-20 23:22:12.600  2754  3143 I chatty  : uid=1000(system) Binder_6 expire 12 lines
04-20 23:22:12.600  2754  4310 I chatty  : uid=1000(system) Binder_D expire 19 lines
04-20 23:22:12.600  2543  2543 I VAS/ExternalAmpIface: update() attrName MtxSnkTrbl, rawValue 0.00
04-20 23:22:12.600  2543  2543 I VAS/AudioDriverInterface: setTreble() treble 0
04-20 23:22:12.603  2543  2543 I VAS/ExternalAmpIface: update() attrName VcSrcActOnMtx, rawValue 1.00
04-20 23:22:12.603  2543  2543 E VAS/AudioCtrlSvcImpl: setALC() Invalid AlcRange 1
04-20 23:22:12.603  2543  2543 I VAS/AudioDriverInterface: setVoiceActive() value 1
04-20 23:22:12.603  2543  2543 I VAS/ExternalAmpIface: update() attrName AutoLdnsCmpnAct, rawValue 1.00
04-20 23:22:12.603  2543  2543 I VAS/AudioDriverInterface: setBassFilterCoeffs() filterType 1, freq 100.00, QualityFactor 1.00
04-20 23:22:12.604  2543  2543 I VAS/AudioCtrlSvcImpl: setALC() alcRange -40, filter Treble, Freq 12000, Q_factor 1.0, Gain, 1.5
04-20 23:22:12.604  2543  2543 I VAS/AudioDriverInterface: setTrebleFilterCoeffs() filterType 1, freq 12000.00, QualityFactor 1.00
04-20 23:22:12.606  2543  2543 I VAS/AudioDriverInterface: setIndpBassTrebleCtrl() bassGain 5.00, trebleGain 1.50
04-20 23:22:12.608  2543  2543 I VAS/AudioDriverInterface: setVolume() sinkType 1, volDb -37.50
04-20 23:22:12.608  2543  2543 I VAS/ExternalAmpIface: update() attrName MtxSnkLvl, rawValue -37.50
04-20 23:22:12.608  2543  2543 I VAS/AudioDriverInterface: setVolume() sinkType 3, volDb -17.50
04-20 23:22:12.609  2543  2543 I VAS/ExternalAmpIface: update() attrName AudFdbkSnkLvl, rawValue -17.50
04-20 23:22:12.609  2543  2543 I VAS/AudioCtrlSvcImpl: setMux() Non-Entertainment stream, UnMuting automatically
04-20 23:22:12.609  2543  2543 I VAS/AudioDriverInterface: setMuteRamp() sinkType 1, mute 0, time 0.01 sec
04-20 23:22:12.610  2543  2543 I VAS/ExternalAmpIface: update() attrName MtxSnkMutRmpTm, rawValue 10.00
04-20 23:22:12.610  2543  2543 I VAS/ExternalAmpIface: update() attrName MtxSnkMut, rawValue 0.00
04-20 23:22:12.656  2754  3020 I chatty  : uid=1000(system) AudioService expire 1 line
04-20 23:22:12.704  2754  4363 I chatty  : uid=1000(system) Binder_10 expire 21 lines
04-20 23:22:12.837  2754  4305 I chatty  : uid=1000(system) Binder_C expire 13 lines
04-20 23:22:13.279  2754  2852 I chatty  : uid=1000(system) android.display expire 8 lines
04-20 23:22:13.697 28914 28914 W StatusBarManager: enter dropFocus in StatusBarManager
04-20 23:22:14.116 28624 28624 W StatusBarManager: enter dropFocus in StatusBarManager
04-20 23:22:16.311  2754  3009 I chatty  : uid=1000(system) WifiStateMachin expire 2 lines
04-20 23:22:16.518  2754  4363 I chatty  : uid=1000(system) Binder_10 expire 11 lines
04-20 23:22:16.622  2754  4281 I chatty  : uid=1000(system) Binder_B expire 12 lines
04-20 23:22:16.622  2754  3449 I chatty  : uid=1000(system) Binder_7 expire 8 lines
04-20 23:22:16.628  2754  2953 I chatty  : uid=1000(system) Binder_3 expire 15 lines
04-20 23:22:16.628  2754  4334 I chatty  : uid=1000(system) Binder_E expire 16 lines
04-20 23:22:16.636  2754  2833 I chatty  : uid=1000(system) android.bg expire 36 lines
04-20 23:22:16.647  2754  3450 I chatty  : uid=1000(system) Binder_8 expire 9 lines
04-20 23:22:16.649  2754  3143 I chatty  : uid=1000(system) Binder_6 expire 12 lines
04-20 23:22:16.695  2543  2634 I VAS/VehicleAudioService: abandonAudioFocus() streamType 4121, extraInfo 0, zone 1
04-20 23:22:16.695  2543  2634 I VAS/VehicleAudioService: setMux() name primary_mux, input 4121, gain -100, extraInfo 0, zone 1
04-20 23:22:16.695  2543  2634 I VAS/AudioDriverInterface: setMuteRamp() sinkType 1, mute 1, time 0.01 sec
04-20 23:22:16.698  2543  2634 I VAS/ExternalAmpIface: update() attrName MtxSnkMutRmpTm, rawValue 10.00
04-20 23:22:16.698  2543  2634 I VAS/ExternalAmpIface: update() attrName MtxSnkMut, rawValue 1.00
04-20 23:22:16.792  2754  4280 I chatty  : uid=1000(system) Binder_A expire 19 lines
04-20 23:22:16.794  2754  2954 I chatty  : uid=1000(system) Binder_4 expire 13 lines
04-20 23:22:16.900  2754  3072 I chatty  : uid=1000(system) Binder_5 expire 17 lines
04-20 23:22:16.949  2543  2634 E VAS/AudioCtrlSvcImpl: processMuteUnmuteRamps() Mute ramp TimeOut
04-20 23:22:16.949  2543  2634 I VAS/AudioDriverInterface: setSrc() sinkType 1, streamType 4121, activationStatus 0, extraInfo 0
04-20 23:22:16.951  2543  2634 I VAS/AudioDriverInterface: setVoiceActive() value 0
04-20 23:22:16.955  2543  2639 I VAS/VehicleAudioService: requestAudioFocus() streamType 4099, extraInfo 0, zone 1, clientId android.media.AudioManager@c23d6f8com.gm.a.c.c@7dee414
04-20 23:22:16.955  2543  2639 I VAS/VehicleAudioService: setMux() name primary_mux, input 4099, gain 0, extraInfo 0, zone 1
04-20 23:22:16.955  2543  2639 I VAS/AudioDriverInterface: setSrc() sinkType 1, streamType 4099, activationStatus 1, extraInfo 0
04-20 23:22:16.963  2543  2639 I VAS/AudioDriverInterface: setSourceScale() sinkType 1, scale value 0.00 : gain value 6.00
04-20 23:22:16.964  2543  2639 I VAS/ExternalAmpIface: update() attrName MtxSnkBal, rawValue 12.00
04-20 23:22:16.964  2543  2639 I VAS/AudioDriverInterface: setBalance() balance 12
04-20 23:22:16.964  2543  2639 I VAS/ExternalAmpIface: update() attrName MtxSnkFd, rawValue -4.00
04-20 23:22:16.964  2543  2639 I VAS/AudioDriverInterface: setFade() fade -4
04-20 23:22:16.965  2543  2639 I VAS/ExternalAmpIface: update() attrName MtxSnkBass, rawValue 12.00
04-20 23:22:16.965  2543  2639 I VAS/AudioDriverInterface: setBass() bass 12.00
04-20 23:22:16.967  2543  2639 I VAS/ExternalAmpIface: update() attrName MtxSnkMdrng, rawValue 9.00
04-20 23:22:16.967  2543  2639 I VAS/AudioDriverInterface: setMid() mid 9
04-20 23:22:16.969  2543  2639 I VAS/ExternalAmpIface: update() attrName MtxSnkTrbl, rawValue 12.00
04-20 23:22:16.969  2543  2639 I VAS/AudioDriverInterface: setTreble() treble 12
04-20 23:22:16.971  2543  2639 I VAS/ExternalAmpIface: update() attrName VcSrcActOnMtx, rawValue 0.00
04-20 23:22:16.971  2543  2639 I VAS/ExternalAmpIface: update() attrName AutoLdnsCmpnAct, rawValue 0.00
04-20 23:22:16.971  2543  2639 I VAS/AudioDriverInterface: disableLoudness() entry
04-20 23:22:16.972  2543  2639 I VAS/AudioDriverInterface: setVolume() sinkType 1, volDb -39.00
04-20 23:22:16.973  2543  2639 I VAS/ExternalAmpIface: update() attrName MtxSnkLvl, rawValue -39.00
04-20 23:22:16.973  2543  2639 I VAS/AudioDriverInterface: setVolume() sinkType 3, volDb -19.00
04-20 23:22:16.973  2543  2639 I VAS/ExternalAmpIface: update() attrName AudFdbkSnkLvl, rawValue -19.00
04-20 23:22:16.973  2543  2639 I VAS/AudioCtrlSvcImpl: setMux() Entertainment stream active, Not unmuting sources automatically
04-20 23:22:17.003  2754  4341 I chatty  : uid=1000(system) Binder_F expire 16 lines
04-20 23:22:17.011  2754  3020 I chatty  : uid=1000(system) AudioService expire 1 line
04-20 23:22:17.014  2543 22558 I VAS/VehicleAudioService: setSourceMute() streamType 4099, mute 0
04-20 23:22:17.015  2543 22558 I VAS/AudioDriverInterface: setMuteRamp() sinkType 1, mute 0, time 0.01 sec
04-20 23:22:17.016  2543 22558 I VAS/ExternalAmpIface: update() attrName MtxSnkMutRmpTm, rawValue 10.00
04-20 23:22:17.016  2543 22558 I VAS/ExternalAmpIface: update() attrName MtxSnkMut, rawValue 0.00
04-20 23:22:17.112  2754  4305 I chatty  : uid=1000(system) Binder_C expire 9 lines
04-20 23:22:17.227  2754  2767 I chatty  : uid=1000(system) Binder_2 expire 15 lines
04-20 23:22:17.255  2754  4310 I chatty  : uid=1000(system) Binder_D expire 12 lines
04-20 23:22:17.333  2754  3451 I chatty  : uid=1000(system) Binder_9 expire 13 lines
04-20 23:22:17.335  2754  2766 I chatty  : uid=1000(system) Binder_1 expire 35 lines
04-20 23:22:21.899  2754  4334 I chatty  : uid=1000(system) Binder_E expire 16 lines
04-20 23:22:21.901  2754  2953 I chatty  : uid=1000(system) Binder_3 expire 14 lines
04-20 23:22:21.902  2754  3143 I chatty  : uid=1000(system) Binder_6 expire 22 lines
04-20 23:22:22.003  2754  4305 I chatty  : uid=1000(system) Binder_C expire 13 lines
04-20 23:22:22.021  2754  2833 I chatty  : uid=1000(system) android.bg expire 32 lines
04-20 23:22:22.107  2754  3451 I chatty  : uid=1000(system) Binder_9 expire 13 lines
04-20 23:22:22.127  2754  3449 I chatty  : uid=1000(system) Binder_7 expire 20 lines
04-20 23:22:22.332  2754  3072 I chatty  : uid=1000(system) Binder_5 expire 13 lines
04-20 23:22:22.340  2754  2954 I chatty  : uid=1000(system) Binder_4 expire 9 lines
04-20 23:22:22.379  2754  3450 I chatty  : uid=1000(system) Binder_8 expire 13 lines
04-20 23:22:22.407  2754  4281 I chatty  : uid=1000(system) Binder_B expire 15 lines
04-20 23:22:22.427  2933  3089 I chatty  : uid=1000(system) TcpInternetMana expire 2 lines
04-20 23:22:22.439  2754  4363 I chatty  : uid=1000(system) Binder_10 expire 13 lines
04-20 23:22:22.457  2754  4310 I chatty  : uid=1000(system) Binder_D expire 9 lines
04-20 23:22:22.460  2754  2767 I chatty  : uid=1000(system) Binder_2 expire 9 lines
04-20 23:22:22.993  2754  4341 I chatty  : uid=1000(system) Binder_F expire 16 lines
04-20 23:22:23.111  2754  4280 I chatty  : uid=1000(system) Binder_A expire 23 lines
04-20 23:22:26.683  2754  3449 I chatty  : uid=1000(system) Binder_7 expire 20 lines
04-20 23:22:26.692  2754  2766 I chatty  : uid=1000(system) Binder_1 expire 14 lines
04-20 23:22:26.718  2754  3451 I chatty  : uid=1000(system) Binder_9 expire 22 lines
04-20 23:22:26.751  2754  4305 I chatty  : uid=1000(system) Binder_C expire 11 lines
04-20 23:22:26.752  2754  4341 I chatty  : uid=1000(system) Binder_F expire 20 lines
04-20 23:22:26.820  2754  2833 I chatty  : uid=1000(system) android.bg expire 40 lines
04-20 23:22:26.956  2754  2953 I chatty  : uid=1000(system) Binder_3 expire 17 lines
04-20 23:22:27.279  2754  4281 I chatty  : uid=1000(system) Binder_B expire 16 lines
04-20 23:22:27.384  2754  3072 I chatty  : uid=1000(system) Binder_5 expire 11 lines
04-20 23:22:27.384  2754  4310 I chatty  : uid=1000(system) Binder_D expire 8 lines
04-20 23:22:27.395  2754  3450 I chatty  : uid=1000(system) Binder_8 expire 4 lines
04-20 23:22:27.422  2754  4363 I chatty  : uid=1000(system) Binder_10 expire 12 lines
04-20 23:22:27.724  2754  3143 I chatty  : uid=1000(system) Binder_6 expire 15 lines
04-20 23:22:27.828  2754  4334 I chatty  : uid=1000(system) Binder_E expire 12 lines
04-20 23:22:28.607  2754  2767 I chatty  : uid=1000(system) Binder_2 expire 10 lines
04-20 23:22:28.944  2754  2954 I chatty  : uid=1000(system) Binder_4 expire 10 lines
04-20 23:22:31.314  2754  3009 I chatty  : uid=1000(system) WifiStateMachin expire 2 lines
04-20 23:22:32.612  2754  3072 I chatty  : uid=1000(system) Binder_5 expire 14 lines
04-20 23:22:32.612  2754  4334 I chatty  : uid=1000(system) Binder_E expire 19 lines
04-20 23:22:32.615  2754  3450 I chatty  : uid=1000(system) Binder_8 expire 14 lines
04-20 23:22:32.715  2754  2766 I chatty  : uid=1000(system) Binder_1 expire 14 lines
04-20 23:22:32.716  2754  3451 I chatty  : uid=1000(system) Binder_9 expire 13 lines
04-20 23:22:32.732  2754  2767 I chatty  : uid=1000(system) Binder_2 expire 16 lines
04-20 23:22:32.819  2754  3449 I chatty  : uid=1000(system) Binder_7 expire 17 lines
04-20 23:22:32.821  2754  4310 I chatty  : uid=1000(system) Binder_D expire 12 lines
04-20 23:22:32.821  2754  2833 I chatty  : uid=1000(system) android.bg expire 24 lines
04-20 23:22:32.828  2754  4341 I chatty  : uid=1000(system) Binder_F expire 12 lines
04-20 23:22:32.828  2754  4305 I chatty  : uid=1000(system) Binder_C expire 9 lines
04-20 23:22:32.965  2754  4281 I chatty  : uid=1000(system) Binder_B expire 18 lines
04-20 23:22:32.967  2754  3143 I chatty  : uid=1000(system) Binder_6 expire 13 lines
04-20 23:22:33.181  2754  2953 I chatty  : uid=1000(system) Binder_3 expire 22 lines
04-20 23:22:33.387  2754  2954 I chatty  : uid=1000(system) Binder_4 expire 17 lines
04-20 23:22:33.410  2754  4280 I chatty  : uid=1000(system) Binder_A expire 9 lines
04-20 23:22:33.620  2754  4363 I chatty  : uid=1000(system) Binder_10 expire 29 lines
04-20 23:22:36.651  2754  3143 I chatty  : uid=1000(system) Binder_6 expire 14 lines
04-20 23:22:36.652  2754  4281 I chatty  : uid=1000(system) Binder_B expire 13 lines
04-20 23:22:36.656  2754  4310 I chatty  : uid=1000(system) Binder_D expire 9 lines
04-20 23:22:36.660  2754  3450 I chatty  : uid=1000(system) Binder_8 expire 16 lines
04-20 23:22:36.666  2754  4305 I chatty  : uid=1000(system) Binder_C expire 22 lines
04-20 23:22:36.667  2754  2767 I chatty  : uid=1000(system) Binder_2 expire 13 lines
04-20 23:22:36.722  2754  3451 I chatty  : uid=1000(system) Binder_9 expire 21 lines
04-20 23:22:36.723  2754  4280 I chatty  : uid=1000(system) Binder_A expire 19 lines
04-20 23:22:36.736  2754  2766 I chatty  : uid=1000(system) Binder_1 expire 8 lines
04-20 23:22:36.744  2754  4334 I chatty  : uid=1000(system) Binder_E expire 13 lines
04-20 23:22:36.850  2754  2954 I chatty  : uid=1000(system) Binder_4 expire 12 lines
04-20 23:22:36.952  2754  4341 I chatty  : uid=1000(system) Binder_F expire 15 lines
04-20 23:22:37.195  2754  2953 I chatty  : uid=1000(system) Binder_3 expire 9 lines
04-20 23:22:37.243  2754  2833 I chatty  : uid=1000(system) android.bg expire 32 lines
04-20 23:22:37.383  2754  3072 I chatty  : uid=1000(system) Binder_5 expire 12 lines
04-20 23:22:37.834  2754  3449 I chatty  : uid=1000(system) Binder_7 expire 21 lines
04-20 23:22:41.605  2754  3450 I chatty  : uid=1000(system) Binder_8 expire 11 lines
04-20 23:22:41.644  2754  2953 I chatty  : uid=1000(system) Binder_3 expire 15 lines
04-20 23:22:41.645  2754  2954 I chatty  : uid=1000(system) Binder_4 expire 13 lines
04-20 23:22:41.749  2754  3143 I chatty  : uid=1000(system) Binder_6 expire 13 lines
04-20 23:22:41.750  2754  4341 I chatty  : uid=1000(system) Binder_F expire 20 lines
04-20 23:22:41.822  2754  2833 I chatty  : uid=1000(system) android.bg expire 32 lines
04-20 23:22:41.854  2754  2766 I chatty  : uid=1000(system) Binder_1 expire 13 lines
04-20 23:22:41.960  2754  2767 I chatty  : uid=1000(system) Binder_2 expire 16 lines
04-20 23:22:41.964  2754  4363 I chatty  : uid=1000(system) Binder_10 expire 16 lines
04-20 23:22:41.965  2754  3451 I chatty  : uid=1000(system) Binder_9 expire 11 lines
04-20 23:22:42.068  2754  4280 I chatty  : uid=1000(system) Binder_A expire 18 lines
04-20 23:22:42.195  2754  3072 I chatty  : uid=1000(system) Binder_5 expire 15 lines
04-20 23:22:42.448  2933  3089 I chatty  : uid=1000(system) TcpInternetMana expire 2 lines
04-20 23:22:42.512  2754  4305 I chatty  : uid=1000(system) Binder_C expire 15 lines
04-20 23:22:42.527  2754  4281 I chatty  : uid=1000(system) Binder_B expire 14 lines
04-20 23:22:43.292  2754  4310 I chatty  : uid=1000(system) Binder_D expire 6 lines
04-20 23:22:43.807 28624 28624 W StatusBarManager: enter dropFocus in StatusBarManager
04-20 23:22:44.085  2754  4334 I chatty  : uid=1000(system) Binder_E expire 12 lines
04-20 23:22:46.324  2754  3009 I chatty  : uid=1000(system) WifiStateMachin expire 2 lines
04-20 23:22:46.624  2754  2833 I chatty  : uid=1000(system) android.bg expire 48 lines
04-20 23:22:46.705  2754  2767 I chatty  : uid=1000(system) Binder_2 expire 11 lines
04-20 23:22:46.705  2754  3143 I chatty  : uid=1000(system) Binder_6 expire 19 lines
04-20 23:22:46.713  2754  4334 I chatty  : uid=1000(system) Binder_E expire 8 lines
04-20 23:22:46.721  2754  3072 I chatty  : uid=1000(system) Binder_5 expire 12 lines
04-20 23:22:46.823  2754  4280 I chatty  : uid=1000(system) Binder_A expire 17 lines
04-20 23:22:46.823  2754  2953 I chatty  : uid=1000(system) Binder_3 expire 16 lines
04-20 23:22:46.937  2754  4363 I chatty  : uid=1000(system) Binder_10 expire 12 lines
04-20 23:22:47.041  2754  4281 I chatty  : uid=1000(system) Binder_B expire 9 lines
04-20 23:22:47.143  2754  4310 I chatty  : uid=1000(system) Binder_D expire 18 lines
04-20 23:22:47.145  2754  3450 I chatty  : uid=1000(system) Binder_8 expire 7 lines
04-20 23:22:47.269  2754  2766 I chatty  : uid=1000(system) Binder_1 expire 16 lines
04-20 23:22:47.365  2754  2954 I chatty  : uid=1000(system) Binder_4 expire 9 lines
04-20 23:22:47.472  2754  3449 I chatty  : uid=1000(system) Binder_7 expire 16 lines
04-20 23:22:47.907  2754  4305 I chatty  : uid=1000(system) Binder_C expire 14 lines
04-20 23:22:49.002  2754  4341 I chatty  : uid=1000(system) Binder_F expire 8 lines
04-20 23:22:49.452  2754  3451 I chatty  : uid=1000(system) Binder_9 expire 31 lines
04-20 23:22:53.528  2754  3449 I chatty  : uid=1000(system) Binder_7 expire 22 lines
04-20 23:22:53.533  2754  3450 I chatty  : uid=1000(system) Binder_8 expire 11 lines
04-20 23:22:53.534  2754  2953 I chatty  : uid=1000(system) Binder_3 expire 14 lines
04-20 23:22:53.636  2754  3143 I chatty  : uid=1000(system) Binder_6 expire 12 lines
04-20 23:22:53.637  2754  4281 I chatty  : uid=1000(system) Binder_B expire 15 lines
04-20 23:22:53.643  2754  4280 I chatty  : uid=1000(system) Binder_A expire 13 lines
04-20 23:22:53.645  2754  4363 I chatty  : uid=1000(system) Binder_10 expire 8 lines
04-20 23:22:53.749  2754  2766 I chatty  : uid=1000(system) Binder_1 expire 20 lines
04-20 23:22:53.763  2754  2954 I chatty  : uid=1000(system) Binder_4 expire 8 lines
04-20 23:22:53.823  2754  2833 I chatty  : uid=1000(system) android.bg expire 36 lines
04-20 23:22:53.876  2754  4341 I chatty  : uid=1000(system) Binder_F expire 14 lines
04-20 23:22:54.086  2754  4305 I chatty  : uid=1000(system) Binder_C expire 8 lines
04-20 23:22:54.190  2754  2767 I chatty  : uid=1000(system) Binder_2 expire 17 lines
04-20 23:22:54.296  2754  4334 I chatty  : uid=1000(system) Binder_E expire 11 lines
04-20 23:22:54.825  2754  3072 I chatty  : uid=1000(system) Binder_5 expire 11 lines
04-20 23:22:55.032  2754  4310 I chatty  : uid=1000(system) Binder_D expire 32 lines
04-20 23:22:56.724 28624 28624 W StatusBarManager: enter dropFocus in StatusBarManager
04-20 23:22:57.842 28624 28624 W StatusBarManager: enter dropFocus in StatusBarManager
04-20 23:22:59.026  2754  4341 I chatty  : uid=1000(system) Binder_F expire 9 lines
04-20 23:22:59.028  2754  3450 I chatty  : uid=1000(system) Binder_8 expire 11 lines
04-20 23:22:59.031  2754  2766 I chatty  : uid=1000(system) Binder_1 expire 9 lines
04-20 23:22:59.032  2754  3449 I chatty  : uid=1000(system) Binder_7 expire 9 lines
04-20 23:22:59.032  2754  3143 I chatty  : uid=1000(system) Binder_6 expire 25 lines
04-20 23:22:59.033  2754  4363 I chatty  : uid=1000(system) Binder_10 expire 21 lines
04-20 23:22:59.043  2754  3072 I chatty  : uid=1000(system) Binder_5 expire 13 lines
04-20 23:22:59.053  2754  2767 I chatty  : uid=1000(system) Binder_2 expire 9 lines
04-20 23:22:59.054  2754  4305 I chatty  : uid=1000(system) Binder_C expire 7 lines
04-20 23:22:59.088  2754  2954 I chatty  : uid=1000(system) Binder_4 expire 11 lines
04-20 23:22:59.121  2754  2953 I chatty  : uid=1000(system) Binder_3 expire 18 lines
04-20 23:22:59.121  2754  4281 I chatty  : uid=1000(system) Binder_B expire 23 lines
04-20 23:22:59.190  2754  3451 I chatty  : uid=1000(system) Binder_9 expire 19 lines
04-20 23:22:59.225  2754  2833 I chatty  : uid=1000(system) android.bg expire 34 lines
04-20 23:22:59.764  2754  4280 I chatty  : uid=1000(system) Binder_A expire 11 lines
04-20 23:23:00.000  2754  2838 I chatty  : uid=1000(system) ActivityManager expire 2 lines
04-20 23:23:00.000  2754  2754 I chatty  : uid=1000 system_server expire 1 line
04-20 23:23:00.729  2754  4334 I chatty  : uid=1000(system) Binder_E expire 5 lines
04-20 23:23:01.346  2754  3009 I chatty  : uid=1000(system) WifiStateMachin expire 2 lines
04-20 23:23:02.470  2933  3089 I chatty  : uid=1000(system) TcpInternetMana expire 2 lines
04-20 23:23:02.494  2754  2842 I chatty  : uid=1000(system) android.ui expire 1 line
04-20 23:23:02.995 28624 28624 W StatusBarManager: enter dropFocus in StatusBarManager
04-20 23:23:04.312  2754  4305 I chatty  : uid=1000(system) Binder_C expire 12 lines
04-20 23:23:04.313  2754  4281 I chatty  : uid=1000(system) Binder_B expire 14 lines
04-20 23:23:04.326  2754  2833 I chatty  : uid=1000(system) android.bg expire 36 lines
04-20 23:23:04.367 28624 28624 W StatusBarManager: enter dropFocus in StatusBarManager
04-20 23:23:04.367  2754  3072 I chatty  : uid=1000(system) Binder_5 expire 10 lines
04-20 23:23:04.433  2754  2767 I chatty  : uid=1000(system) Binder_2 expire 12 lines
04-20 23:23:04.433  2754  3450 I chatty  : uid=1000(system) Binder_8 expire 21 lines
04-20 23:23:04.436  2754  2766 I chatty  : uid=1000(system) Binder_1 expire 16 lines
04-20 23:23:04.574  2754  4341 I chatty  : uid=1000(system) Binder_F expire 9 lines
04-20 23:23:04.576  2754  2954 I chatty  : uid=1000(system) Binder_4 expire 18 lines
04-20 23:23:04.577  2754  3143 I chatty  : uid=1000(system) Binder_6 expire 8 lines
04-20 23:23:04.636  2754  4334 I chatty  : uid=1000(system) Binder_E expire 16 lines
04-20 23:23:04.740  2754  3449 I chatty  : uid=1000(system) Binder_7 expire 14 lines
