04-20 23:24:23.796  2543 22558 I VAS/AudioDriverInterface: setSourceScale() sinkType 8, scale value -2.34 : gain value 0.00
04-20 23:24:23.796  2543 22558 E VAS/AudioDriverInterface: setSourceScale() audio_set_dirana_source_gain() failed, ERROR -1
04-20 23:24:23.796  2543 22558 I VAS/AudioDriverInterface: setVolume() sinkType 1, volDb -49.80
04-20 23:24:23.799  2543 22558 I VAS/ExternalAmpIface: update() attrName MtxSnkLvl, rawValue -49.80
04-20 23:24:23.799  2543 22558 I VAS/AudioDriverInterface: setVolume() sinkType 2, volDb -37.50
04-20 23:24:23.801  2543 22558 I VAS/ExternalAmpIface: update() attrName MxPrmtSnkLvl, rawValue -37.50
04-20 23:24:23.801  2543 22558 I VAS/AudioCtrlSvcImpl: setMux() Non-Entertainment stream, UnMuting automatically
04-20 23:24:23.801  2543 22558 I VAS/AudioDriverInterface: setMuteRamp() sinkType 2, mute 0, time 0.00 sec
04-20 23:24:23.805  2754  3020 I chatty  : uid=1000(system) AudioService expire 3 lines
04-20 23:24:24.555  2754  2842 I chatty  : uid=1000(system) android.ui expire 3 lines
04-20 23:24:25.232  2543  2543 I VAS/VehicleAudioService: abandonAudioFocus() streamType 4123, extraInfo 0, zone 8
04-20 23:24:25.232  2543  2543 I VAS/VehicleAudioService: setMux() name prompt_mux, input 4123, gain -100, extraInfo 0, zone 8
04-20 23:24:25.232  2543  2543 I VAS/AudioDriverInterface: setMuteRamp() sinkType 2, mute 1, time 0.00 sec
04-20 23:24:25.233  2543  2543 I VAS/AudioDriverInterface: setSrc() sinkType 8, streamType 4123, activationStatus 0, extraInfo 0
04-20 23:24:25.235  2543  2543 I VAS/AudioDriverInterface: setVolume() sinkType 1, volDb -39.00
04-20 23:24:25.236  2543  2543 I VAS/ExternalAmpIface: update() attrName MtxSnkLvl, rawValue -39.00
04-20 23:24:25.879  2754  2852 I chatty  : uid=1000(system) android.display expire 12 lines
04-20 23:24:27.005 28624 28624 W StatusBarManager: enter dropFocus in StatusBarManager
04-20 23:24:27.163  2543  2634 I VAS/VehicleAudioService: requestAudioFocus() streamType 4123, extraInfo 0, zone 8, clientId gm.media.audio.VehicleAudioManager@3d7286bcom.gm.server.audioproxyservice.QueueProcessor$TextToSpeechVAM$1@eaeffc81
04-20 23:24:27.163  2543  2634 I VAS/VehicleAudioService: setMux() name prompt_mux, input 4123, gain 0, extraInfo 0, zone 8
04-20 23:24:27.163  2543  2634 I VAS/AudioDriverInterface: setSrc() sinkType 8, streamType 4123, activationStatus 1, extraInfo 0
04-20 23:24:27.164  2543  2634 I VAS/AudioDriverInterface: setSourceScale() sinkType 8, scale value -2.34 : gain value 0.00
04-20 23:24:27.164  2543  2634 E VAS/AudioDriverInterface: setSourceScale() audio_set_dirana_source_gain() failed, ERROR -1
04-20 23:24:27.165  2543  2634 I VAS/AudioDriverInterface: setVolume() sinkType 1, volDb -49.80
04-20 23:24:27.166  2543  2634 I VAS/ExternalAmpIface: update() attrName MtxSnkLvl, rawValue -49.80
04-20 23:24:27.167  2543  2634 I VAS/AudioDriverInterface: setVolume() sinkType 2, volDb -37.50
04-20 23:24:27.167  2543  2634 I VAS/ExternalAmpIface: update() attrName MxPrmtSnkLvl, rawValue -37.50
04-20 23:24:27.167  2543  2634 I VAS/AudioCtrlSvcImpl: setMux() Non-Entertainment stream, UnMuting automatically
04-20 23:24:27.167  2543  2634 I VAS/AudioDriverInterface: setMuteRamp() sinkType 2, mute 0, time 0.00 sec
04-20 23:24:28.007  2754  4341 I chatty  : uid=1000(system) Binder_F expire 10 lines
04-20 23:24:28.007  2754  2766 I chatty  : uid=1000(system) Binder_1 expire 11 lines
04-20 23:24:28.009  2754  3450 I chatty  : uid=1000(system) Binder_8 expire 12 lines
04-20 23:24:28.010  2754  3072 I chatty  : uid=1000(system) Binder_5 expire 11 lines
04-20 23:24:28.011  2754  3451 I chatty  : uid=1000(system) Binder_9 expire 13 lines
04-20 23:24:28.012  2754  4334 I chatty  : uid=1000(system) Binder_E expire 18 lines
04-20 23:24:28.015  2754  2767 I chatty  : uid=1000(system) Binder_2 expire 14 lines
04-20 23:24:28.027  2754  4305 I chatty  : uid=1000(system) Binder_C expire 13 lines
04-20 23:24:28.028  2754  2833 I chatty  : uid=1000(system) android.bg expire 38 lines
04-20 23:24:28.105  2754  2954 I chatty  : uid=1000(system) Binder_4 expire 15 lines
04-20 23:24:28.293  2543  2639 I VAS/VehicleAudioService: abandonAudioFocus() streamType 4123, extraInfo 0, zone 8
04-20 23:24:28.293  2543  2639 I VAS/VehicleAudioService: setMux() name prompt_mux, input 4123, gain -100, extraInfo 0, zone 8
04-20 23:24:28.293  2543  2639 I VAS/AudioDriverInterface: setMuteRamp() sinkType 2, mute 1, time 0.00 sec
04-20 23:24:28.295  2543  2639 I VAS/AudioDriverInterface: setSrc() sinkType 8, streamType 4123, activationStatus 0, extraInfo 0
04-20 23:24:28.308  2543  2639 I VAS/AudioDriverInterface: setVolume() sinkType 1, volDb -39.00
04-20 23:24:28.309  2543  2639 I VAS/ExternalAmpIface: update() attrName MtxSnkLvl, rawValue -39.00
04-20 23:24:28.315  2754  3020 I chatty  : uid=1000(system) AudioService expire 3 lines
04-20 23:24:28.355  2754  4310 I chatty  : uid=1000(system) Binder_D expire 10 lines
04-20 23:24:28.362  2754  3143 I chatty  : uid=1000(system) Binder_6 expire 17 lines
04-20 23:24:28.365  2543 22558 I VAS/VehicleAudioService: requestAudioFocus() streamType 4123, extraInfo 0, zone 8, clientId gm.media.audio.VehicleAudioManager@3d7286bcom.gm.server.audioproxyservice.QueueProcessor$TextToSpeechVAM$1@eaeffc81
04-20 23:24:28.365  2543 22558 I VAS/VehicleAudioService: setMux() name prompt_mux, input 4123, gain 0, extraInfo 0, zone 8
04-20 23:24:28.365  2543 22558 I VAS/AudioDriverInterface: setSrc() sinkType 8, streamType 4123, activationStatus 1, extraInfo 0
04-20 23:24:28.366  2543 22558 I VAS/AudioDriverInterface: setSourceScale() sinkType 8, scale value -2.34 : gain value 0.00
04-20 23:24:28.367  2543 22558 E VAS/AudioDriverInterface: setSourceScale() audio_set_dirana_source_gain() failed, ERROR -1
04-20 23:24:28.367  2543 22558 I VAS/AudioDriverInterface: setVolume() sinkType 1, volDb -49.80
04-20 23:24:28.368  2543 22558 I VAS/ExternalAmpIface: update() attrName MtxSnkLvl, rawValue -49.80
04-20 23:24:28.368  2543 22558 I VAS/AudioDriverInterface: setVolume() sinkType 2, volDb -37.50
04-20 23:24:28.368  2543 22558 I VAS/ExternalAmpIface: update() attrName MxPrmtSnkLvl, rawValue -37.50
04-20 23:24:28.368  2543 22558 I VAS/AudioCtrlSvcImpl: setMux() Non-Entertainment stream, UnMuting automatically
04-20 23:24:28.368  2543 22558 I VAS/AudioDriverInterface: setMuteRamp() sinkType 2, mute 0, time 0.00 sec
04-20 23:24:28.408  2754  3449 I chatty  : uid=1000(system) Binder_7 expire 18 lines
04-20 23:24:28.409  2754  2842 I chatty  : uid=1000(system) android.ui expire 1 line
04-20 23:24:28.483  2754  4281 I chatty  : uid=1000(system) Binder_B expire 10 lines
04-20 23:24:28.691  2754  4363 I chatty  : uid=1000(system) Binder_10 expire 20 lines
04-20 23:24:28.944  2754  2953 I chatty  : uid=1000(system) Binder_3 expire 6 lines
04-20 23:24:29.951  2754  4280 I chatty  : uid=1000(system) Binder_A expire 7 lines
04-20 23:24:30.474  2543  2543 I VAS/VehicleAudioService: abandonAudioFocus() streamType 4123, extraInfo 0, zone 8
04-20 23:24:30.474  2543  2543 I VAS/VehicleAudioService: setMux() name prompt_mux, input 4123, gain -100, extraInfo 0, zone 8
04-20 23:24:30.474  2543  2543 I VAS/AudioDriverInterface: setMuteRamp() sinkType 2, mute 1, time 0.00 sec
04-20 23:24:30.475  2543  2543 I VAS/AudioDriverInterface: setSrc() sinkType 8, streamType 4123, activationStatus 0, extraInfo 0
04-20 23:24:30.477  2543  2543 I VAS/AudioDriverInterface: setVolume() sinkType 1, volDb -39.00
04-20 23:24:30.478  2543  2543 I VAS/ExternalAmpIface: update() attrName MtxSnkLvl, rawValue -39.00
04-20 23:24:31.419  2754  3009 I chatty  : uid=1000(system) WifiStateMachin expire 2 lines
04-20 23:24:33.709  2754  3449 I chatty  : uid=1000(system) Binder_7 expire 9 lines
04-20 23:24:33.728  2754  2833 I chatty  : uid=1000(system) android.bg expire 34 lines
04-20 23:24:33.738  2754  2766 I chatty  : uid=1000(system) Binder_1 expire 19 lines
04-20 23:24:33.739  2754  3451 I chatty  : uid=1000(system) Binder_9 expire 13 lines
04-20 23:24:33.746 28624 28624 W StatusBarManager: enter dropFocus in StatusBarManager
04-20 23:24:33.746  2754  3072 I chatty  : uid=1000(system) Binder_5 expire 11 lines
04-20 23:24:33.882  2754  2954 I chatty  : uid=1000(system) Binder_4 expire 9 lines
04-20 23:24:33.883  2754  4281 I chatty  : uid=1000(system) Binder_B expire 20 lines
04-20 23:24:33.941  2754  3450 I chatty  : uid=1000(system) Binder_8 expire 19 lines
04-20 23:24:33.952  2754  2767 I chatty  : uid=1000(system) Binder_2 expire 12 lines
04-20 23:24:33.953  2754  4280 I chatty  : uid=1000(system) Binder_A expire 8 lines
04-20 23:24:33.965  2754  4305 I chatty  : uid=1000(system) Binder_C expire 12 lines
04-20 23:24:33.977  2754  3143 I chatty  : uid=1000(system) Binder_6 expire 8 lines
04-20 23:24:33.980  2754  4363 I chatty  : uid=1000(system) Binder_10 expire 18 lines
04-20 23:24:33.983  2754  2953 I chatty  : uid=1000(system) Binder_3 expire 16 lines
04-20 23:24:34.094  2754  4310 I chatty  : uid=1000(system) Binder_D expire 19 lines
04-20 23:24:34.114  2754  4334 I chatty  : uid=1000(system) Binder_E expire 17 lines
04-20 23:24:34.395  2754  4341 I chatty  : uid=1000(system) Binder_F expire 9 lines
04-20 23:24:35.919  2754  2842 I chatty  : uid=1000(system) android.ui expire 1 line
04-20 23:24:36.974  2543  2634 I VAS/VehicleAudioService: requestAudioFocus() streamType 4123, extraInfo 0, zone 8, clientId gm.media.audio.VehicleAudioManager@3d7286bcom.gm.server.audioproxyservice.QueueProcessor$TextToSpeechVAM$1@eaeffc81
04-20 23:24:36.974  2543  2634 I VAS/VehicleAudioService: setMux() name prompt_mux, input 4123, gain 0, extraInfo 0, zone 8
04-20 23:24:36.974  2543  2634 I VAS/AudioDriverInterface: setSrc() sinkType 8, streamType 4123, activationStatus 1, extraInfo 0
04-20 23:24:36.975  2543  2634 I VAS/AudioDriverInterface: setSourceScale() sinkType 8, scale value -2.34 : gain value 0.00
04-20 23:24:36.976  2543  2634 E VAS/AudioDriverInterface: setSourceScale() audio_set_dirana_source_gain() failed, ERROR -1
04-20 23:24:36.976  2543  2634 I VAS/AudioDriverInterface: setVolume() sinkType 1, volDb -49.80
04-20 23:24:36.976  2543  2634 I VAS/ExternalAmpIface: update() attrName MtxSnkLvl, rawValue -49.80
04-20 23:24:36.976  2543  2634 I VAS/AudioDriverInterface: setVolume() sinkType 2, volDb -37.50
04-20 23:24:36.977  2543  2634 I VAS/ExternalAmpIface: update() attrName MxPrmtSnkLvl, rawValue -37.50
04-20 23:24:36.977  2543  2634 I VAS/AudioCtrlSvcImpl: setMux() Non-Entertainment stream, UnMuting automatically
04-20 23:24:36.977  2543  2634 I VAS/AudioDriverInterface: setMuteRamp() sinkType 2, mute 0, time 0.00 sec
04-20 23:24:36.979  2754  3020 I chatty  : uid=1000(system) AudioService expire 4 lines
04-20 23:24:37.242 28624 28624 W StatusBarManager: enter dropFocus in StatusBarManager
04-20 23:24:38.681  2754  3450 I chatty  : uid=1000(system) Binder_8 expire 16 lines
04-20 23:24:38.711  2754  3451 I chatty  : uid=1000(system) Binder_9 expire 15 lines
04-20 23:24:38.711  2754  2842 I chatty  : uid=1000(system) android.ui expire 3 lines
04-20 23:24:38.721  2754  4363 I chatty  : uid=1000(system) Binder_10 expire 12 lines
04-20 23:24:38.741  2754  2852 I chatty  : uid=1000(system) android.display expire 9 lines
04-20 23:24:38.745  2754  2766 I chatty  : uid=1000(system) Binder_1 expire 14 lines
04-20 23:24:38.765  2754  3449 I chatty  : uid=1000(system) Binder_7 expire 14 lines
04-20 23:24:38.833  2754  2833 I chatty  : uid=1000(system) android.bg expire 35 lines
04-20 23:24:38.888  2754  4334 I chatty  : uid=1000(system) Binder_E expire 12 lines
04-20 23:24:38.889  2754  4310 I chatty  : uid=1000(system) Binder_D expire 22 lines
04-20 23:24:38.891  2754  2767 I chatty  : uid=1000(system) Binder_2 expire 11 lines
04-20 23:24:38.891  2754  4280 I chatty  : uid=1000(system) Binder_A expire 16 lines
04-20 23:24:38.998  2754  3072 I chatty  : uid=1000(system) Binder_5 expire 11 lines
04-20 23:24:39.127  2754  2954 I chatty  : uid=1000(system) Binder_4 expire 13 lines
04-20 23:24:39.307  2754  4305 I chatty  : uid=1000(system) Binder_C expire 5 lines
04-20 23:24:39.360  2543  2639 I VAS/VehicleAudioService: abandonAudioFocus() streamType 4123, extraInfo 0, zone 8
04-20 23:24:39.360  2543  2639 I VAS/VehicleAudioService: setMux() name prompt_mux, input 4123, gain -100, extraInfo 0, zone 8
04-20 23:24:39.360  2543  2639 I VAS/AudioDriverInterface: setMuteRamp() sinkType 2, mute 1, time 0.00 sec
04-20 23:24:39.361  2543  2639 I VAS/AudioDriverInterface: setSrc() sinkType 8, streamType 4123, activationStatus 0, extraInfo 0
04-20 23:24:39.364  2543  2639 I VAS/AudioDriverInterface: setVolume() sinkType 1, volDb -39.00
04-20 23:24:39.365  2543  2639 I VAS/ExternalAmpIface: update() attrName MtxSnkLvl, rawValue -39.00
04-20 23:24:39.742  2754  2953 I chatty  : uid=1000(system) Binder_3 expire 8 lines
04-20 23:24:39.847  2754  3143 I chatty  : uid=1000(system) Binder_6 expire 12 lines
04-20 23:24:39.848  2754  4281 I chatty  : uid=1000(system) Binder_B expire 12 lines
04-20 23:24:40.663 28624 28624 W StatusBarManager: enter dropFocus in StatusBarManager
04-20 23:24:40.733  2754  4341 I chatty  : uid=1000(system) Binder_F expire 10 lines
04-20 23:24:41.262  2543 22558 I VAS/VehicleAudioService: requestAudioFocus() streamType 4123, extraInfo 0, zone 8, clientId gm.media.audio.VehicleAudioManager@3d7286bcom.gm.server.audioproxyservice.QueueProcessor$TextToSpeechVAM$1@eaeffc81
04-20 23:24:41.263  2543 22558 I VAS/VehicleAudioService: setMux() name prompt_mux, input 4123, gain 0, extraInfo 0, zone 8
04-20 23:24:41.263  2543 22558 I VAS/AudioDriverInterface: setSrc() sinkType 8, streamType 4123, activationStatus 1, extraInfo 0
04-20 23:24:41.264  2543 22558 I VAS/AudioDriverInterface: setSourceScale() sinkType 8, scale value -2.34 : gain value 0.00
04-20 23:24:41.264  2543 22558 E VAS/AudioDriverInterface: setSourceScale() audio_set_dirana_source_gain() failed, ERROR -1
04-20 23:24:41.264  2543 22558 I VAS/AudioDriverInterface: setVolume() sinkType 1, volDb -49.80
04-20 23:24:41.265  2543 22558 I VAS/ExternalAmpIface: update() attrName MtxSnkLvl, rawValue -49.80
04-20 23:24:41.265  2543 22558 I VAS/AudioDriverInterface: setVolume() sinkType 2, volDb -37.50
04-20 23:24:41.265  2543 22558 I VAS/ExternalAmpIface: update() attrName MxPrmtSnkLvl, rawValue -37.50
04-20 23:24:41.265  2543 22558 I VAS/AudioCtrlSvcImpl: setMux() Non-Entertainment stream, UnMuting automatically
04-20 23:24:41.265  2543 22558 I VAS/AudioDriverInterface: setMuteRamp() sinkType 2, mute 0, time 0.00 sec
04-20 23:24:42.575  2933  3089 I chatty  : uid=1000(system) TcpInternetMana expire 2 lines
04-20 23:24:42.709  2543  2543 I VAS/VehicleAudioService: abandonAudioFocus() streamType 4123, extraInfo 0, zone 8
04-20 23:24:42.709  2543  2543 I VAS/VehicleAudioService: setMux() name prompt_mux, input 4123, gain -100, extraInfo 0, zone 8
04-20 23:24:42.709  2543  2543 I VAS/AudioDriverInterface: setMuteRamp() sinkType 2, mute 1, time 0.00 sec
04-20 23:24:42.710  2543  2543 I VAS/AudioDriverInterface: setSrc() sinkType 8, streamType 4123, activationStatus 0, extraInfo 0
04-20 23:24:42.713  2543  2543 I VAS/AudioDriverInterface: setVolume() sinkType 1, volDb -39.00
04-20 23:24:42.715  2543  2543 I VAS/ExternalAmpIface: update() attrName MtxSnkLvl, rawValue -39.00
04-20 23:24:43.475 28624 28624 W StatusBarManager: enter dropFocus in StatusBarManager
04-20 23:24:44.232  2754  2833 I chatty  : uid=1000(system) android.bg expire 37 lines
04-20 23:24:44.279  2754  4310 I chatty  : uid=1000(system) Binder_D expire 8 lines
04-20 23:24:44.279  2754  4334 I chatty  : uid=1000(system) Binder_E expire 14 lines
04-20 23:24:44.284  2754  4305 I chatty  : uid=1000(system) Binder_C expire 14 lines
04-20 23:24:44.285  2754  3451 I chatty  : uid=1000(system) Binder_9 expire 18 lines
04-20 23:24:44.497  2754  3449 I chatty  : uid=1000(system) Binder_7 expire 6 lines
04-20 23:24:44.565 28624 28624 W StatusBarManager: enter dropFocus in StatusBarManager
04-20 23:24:44.692  2754  3072 I chatty  : uid=1000(system) Binder_5 expire 15 lines
04-20 23:24:44.692  2754  4363 I chatty  : uid=1000(system) Binder_10 expire 18 lines
04-20 23:24:44.695  2754  4341 I chatty  : uid=1000(system) Binder_F expire 10 lines
04-20 23:24:44.759  2754  2767 I chatty  : uid=1000(system) Binder_2 expire 8 lines
04-20 23:24:44.761  2754  2953 I chatty  : uid=1000(system) Binder_3 expire 8 lines
04-20 23:24:44.764  2754  3143 I chatty  : uid=1000(system) Binder_6 expire 17 lines
04-20 23:24:44.765  2754  3450 I chatty  : uid=1000(system) Binder_8 expire 18 lines
04-20 23:24:44.849  2754  4281 I chatty  : uid=1000(system) Binder_B expire 15 lines
04-20 23:24:44.911  2754  2766 I chatty  : uid=1000(system) Binder_1 expire 19 lines
04-20 23:24:44.979  2754  2954 I chatty  : uid=1000(system) Binder_4 expire 14 lines
04-20 23:24:45.379  2754  4280 I chatty  : uid=1000(system) Binder_A expire 7 lines
04-20 23:24:45.448 28624 28624 W StatusBarManager: enter dropFocus in StatusBarManager
04-20 23:24:46.160  2754  2852 I chatty  : uid=1000(system) android.display expire 3 lines
04-20 23:24:46.256 28624 28624 W StatusBarManager: enter dropFocus in StatusBarManager
04-20 23:24:46.443  2754  3009 I chatty  : uid=1000(system) WifiStateMachin expire 2 lines
04-20 23:24:47.891  2543  2634 I VAS/VehicleAudioService: requestAudioFocus() streamType 4123, extraInfo 0, zone 8, clientId gm.media.audio.VehicleAudioManager@3d7286bcom.gm.server.audioproxyservice.QueueProcessor$TextToSpeechVAM$1@eaeffc81
04-20 23:24:47.891  2543  2634 I VAS/VehicleAudioService: setMux() name prompt_mux, input 4123, gain 0, extraInfo 0, zone 8
04-20 23:24:47.891  2543  2634 I VAS/AudioDriverInterface: setSrc() sinkType 8, streamType 4123, activationStatus 1, extraInfo 0
04-20 23:24:47.892  2543  2634 I VAS/AudioDriverInterface: setSourceScale() sinkType 8, scale value -2.34 : gain value 0.00
04-20 23:24:47.893  2543  2634 E VAS/AudioDriverInterface: setSourceScale() audio_set_dirana_source_gain() failed, ERROR -1
04-20 23:24:47.893  2543  2634 I VAS/AudioDriverInterface: setVolume() sinkType 1, volDb -49.80
04-20 23:24:47.895  2543  2634 I VAS/ExternalAmpIface: update() attrName MtxSnkLvl, rawValue -49.80
04-20 23:24:47.895  2543  2634 I VAS/AudioDriverInterface: setVolume() sinkType 2, volDb -37.50
04-20 23:24:47.895  2543  2634 I VAS/ExternalAmpIface: update() attrName MxPrmtSnkLvl, rawValue -37.50
04-20 23:24:47.895  2543  2634 I VAS/AudioCtrlSvcImpl: setMux() Non-Entertainment stream, UnMuting automatically
04-20 23:24:47.895  2543  2634 I VAS/AudioDriverInterface: setMuteRamp() sinkType 2, mute 0, time 0.00 sec
04-20 23:24:47.897  2754  3020 I chatty  : uid=1000(system) AudioService expire 3 lines
04-20 23:24:48.147  2754  2842 I chatty  : uid=1000(system) android.ui expire 1 line
04-20 23:24:49.043 28624 28624 W StatusBarManager: enter dropFocus in StatusBarManager
04-20 23:24:49.355  2543  2639 I VAS/VehicleAudioService: abandonAudioFocus() streamType 4123, extraInfo 0, zone 8
04-20 23:24:49.356  2543  2639 I VAS/VehicleAudioService: setMux() name prompt_mux, input 4123, gain -100, extraInfo 0, zone 8
04-20 23:24:49.356  2543  2639 I VAS/AudioDriverInterface: setMuteRamp() sinkType 2, mute 1, time 0.00 sec
04-20 23:24:49.356  2543  2639 I VAS/AudioDriverInterface: setSrc() sinkType 8, streamType 4123, activationStatus 0, extraInfo 0
04-20 23:24:49.360  2543  2639 I VAS/AudioDriverInterface: setVolume() sinkType 1, volDb -39.00
04-20 23:24:49.362  2543  2639 I VAS/ExternalAmpIface: update() attrName MtxSnkLvl, rawValue -39.00
04-20 23:24:49.478  2543 22558 I VAS/VehicleAudioService: requestAudioFocus() streamType 4123, extraInfo 0, zone 8, clientId gm.media.audio.VehicleAudioManager@3d7286bcom.gm.server.audioproxyservice.QueueProcessor$TextToSpeechVAM$1@eaeffc81
04-20 23:24:49.478  2543 22558 I VAS/VehicleAudioService: setMux() name prompt_mux, input 4123, gain 0, extraInfo 0, zone 8
04-20 23:24:49.478  2543 22558 I VAS/AudioDriverInterface: setSrc() sinkType 8, streamType 4123, activationStatus 1, extraInfo 0
04-20 23:24:49.480  2543 22558 I VAS/AudioDriverInterface: setSourceScale() sinkType 8, scale value -2.34 : gain value 0.00
04-20 23:24:49.483  2543 22558 E VAS/AudioDriverInterface: setSourceScale() audio_set_dirana_source_gain() failed, ERROR -1
04-20 23:24:49.483  2543 22558 I VAS/AudioDriverInterface: setVolume() sinkType 1, volDb -49.80
04-20 23:24:49.484  2543 22558 I VAS/ExternalAmpIface: update() attrName MtxSnkLvl, rawValue -49.80
04-20 23:24:49.484  2543 22558 I VAS/AudioDriverInterface: setVolume() sinkType 2, volDb -37.50
04-20 23:24:49.484  2543 22558 I VAS/ExternalAmpIface: update() attrName MxPrmtSnkLvl, rawValue -37.50
04-20 23:24:49.484  2543 22558 I VAS/AudioCtrlSvcImpl: setMux() Non-Entertainment stream, UnMuting automatically
04-20 23:24:49.484  2543 22558 I VAS/AudioDriverInterface: setMuteRamp() sinkType 2, mute 0, time 0.00 sec
04-20 23:24:49.656  2754  3072 I chatty  : uid=1000(system) Binder_5 expire 14 lines
04-20 23:24:49.658  2754  4363 I chatty  : uid=1000(system) Binder_10 expire 17 lines
04-20 23:24:49.768  2754  4310 I chatty  : uid=1000(system) Binder_D expire 6 lines
04-20 23:24:49.784  2754  4281 I chatty  : uid=1000(system) Binder_B expire 16 lines
04-20 23:24:49.892  2754  4334 I chatty  : uid=1000(system) Binder_E expire 16 lines
04-20 23:24:49.899  2754  3449 I chatty  : uid=1000(system) Binder_7 expire 10 lines
04-20 23:24:49.946  2754  2833 I chatty  : uid=1000(system) android.bg expire 34 lines
04-20 23:24:50.007  2754  4341 I chatty  : uid=1000(system) Binder_F expire 18 lines
04-20 23:24:50.009  2754  4280 I chatty  : uid=1000(system) Binder_A expire 16 lines
04-20 23:24:50.010  2754  4305 I chatty  : uid=1000(system) Binder_C expire 12 lines
04-20 23:24:50.014 28624 28624 W StatusBarManager: enter dropFocus in StatusBarManager
04-20 23:24:50.186  2754  2953 I chatty  : uid=1000(system) Binder_3 expire 12 lines
04-20 23:24:50.194  2754  3450 I chatty  : uid=1000(system) Binder_8 expire 19 lines
04-20 23:24:50.275  2754  3451 I chatty  : uid=1000(system) Binder_9 expire 7 lines
04-20 23:24:50.356  2754  3143 I chatty  : uid=1000(system) Binder_6 expire 5 lines
04-20 23:24:50.495  2754  2766 I chatty  : uid=1000(system) Binder_1 expire 24 lines
04-20 23:24:50.668  2754  2767 I chatty  : uid=1000(system) Binder_2 expire 10 lines
04-20 23:24:50.954  2543  2543 I VAS/VehicleAudioService: abandonAudioFocus() streamType 4123, extraInfo 0, zone 8
04-20 23:24:50.954  2543  2543 I VAS/VehicleAudioService: setMux() name prompt_mux, input 4123, gain -100, extraInfo 0, zone 8
04-20 23:24:50.954  2543  2543 I VAS/AudioDriverInterface: setMuteRamp() sinkType 2, mute 1, time 0.00 sec
04-20 23:24:50.955  2543  2543 I VAS/AudioDriverInterface: setSrc() sinkType 8, streamType 4123, activationStatus 0, extraInfo 0
04-20 23:24:50.957  2543  2543 I VAS/AudioDriverInterface: setVolume() sinkType 1, volDb -39.00
04-20 23:24:50.958  2543  2543 I VAS/ExternalAmpIface: update() attrName MtxSnkLvl, rawValue -39.00
04-20 23:24:50.960  2754  3020 I chatty  : uid=1000(system) AudioService expire 3 lines
04-20 23:24:50.982  2543  2634 I VAS/VehicleAudioService: requestAudioFocus() streamType 4123, extraInfo 0, zone 8, clientId gm.media.audio.VehicleAudioManager@3d7286bcom.gm.server.audioproxyservice.QueueProcessor$TextToSpeechVAM$1@eaeffc81
04-20 23:24:50.982  2543  2634 I VAS/VehicleAudioService: setMux() name prompt_mux, input 4123, gain 0, extraInfo 0, zone 8
04-20 23:24:50.982  2543  2634 I VAS/AudioDriverInterface: setSrc() sinkType 8, streamType 4123, activationStatus 1, extraInfo 0
04-20 23:24:50.984  2543  2634 I VAS/AudioDriverInterface: setSourceScale() sinkType 8, scale value -2.34 : gain value 0.00
04-20 23:24:50.986  2543  2634 E VAS/AudioDriverInterface: setSourceScale() audio_set_dirana_source_gain() failed, ERROR -1
04-20 23:24:50.986  2543  2634 I VAS/AudioDriverInterface: setVolume() sinkType 1, volDb -49.80
04-20 23:24:50.988  2543  2634 I VAS/ExternalAmpIface: update() attrName MtxSnkLvl, rawValue -49.80
04-20 23:24:50.988  2543  2634 I VAS/AudioDriverInterface: setVolume() sinkType 2, volDb -37.50
04-20 23:24:50.988  2543  2634 I VAS/ExternalAmpIface: update() attrName MxPrmtSnkLvl, rawValue -37.50
04-20 23:24:50.988  2543  2634 I VAS/AudioCtrlSvcImpl: setMux() Non-Entertainment stream, UnMuting automatically
04-20 23:24:50.988  2543  2634 I VAS/AudioDriverInterface: setMuteRamp() sinkType 2, mute 0, time 0.00 sec
04-20 23:24:51.177  2754  2852 I chatty  : uid=1000(system) android.display expire 3 lines
04-20 23:24:52.369  2754  2954 I chatty  : uid=1000(system) Binder_4 expire 22 lines
04-20 23:24:52.410  2543  2639 I VAS/VehicleAudioService: abandonAudioFocus() streamType 4123, extraInfo 0, zone 8
04-20 23:24:52.410  2543  2639 I VAS/VehicleAudioService: setMux() name prompt_mux, input 4123, gain -100, extraInfo 0, zone 8
04-20 23:24:52.410  2543  2639 I VAS/AudioDriverInterface: setMuteRamp() sinkType 2, mute 1, time 0.00 sec
04-20 23:24:52.411  2543  2639 I VAS/AudioDriverInterface: setSrc() sinkType 8, streamType 4123, activationStatus 0, extraInfo 0
04-20 23:24:52.414  2543  2639 I VAS/AudioDriverInterface: setVolume() sinkType 1, volDb -39.00
04-20 23:24:52.418  2543  2639 I VAS/ExternalAmpIface: update() attrName MtxSnkLvl, rawValue -39.00
04-20 23:24:52.989 28624 28624 W StatusBarManager: enter dropFocus in StatusBarManager
04-20 23:24:54.275 28624 28624 W StatusBarManager: enter dropFocus in StatusBarManager
04-20 23:24:54.968  2754  4310 I chatty  : uid=1000(system) Binder_D expire 18 lines
04-20 23:24:55.031  2754  2833 I chatty  : uid=1000(system) android.bg expire 34 lines
04-20 23:24:55.043  2754  3072 I chatty  : uid=1000(system) Binder_5 expire 14 lines
04-20 23:24:55.146  2754  2953 I chatty  : uid=1000(system) Binder_3 expire 14 lines
04-20 23:24:55.147  2754  4280 I chatty  : uid=1000(system) Binder_A expire 14 lines
04-20 23:24:55.364  2754  2767 I chatty  : uid=1000(system) Binder_2 expire 13 lines
04-20 23:24:55.364  2754  3449 I chatty  : uid=1000(system) Binder_7 expire 17 lines
04-20 23:24:55.467  2754  3451 I chatty  : uid=1000(system) Binder_9 expire 12 lines
04-20 23:24:55.468  2754  4334 I chatty  : uid=1000(system) Binder_E expire 13 lines
04-20 23:24:55.680  2754  4305 I chatty  : uid=1000(system) Binder_C expire 12 lines
04-20 23:24:55.782  2754  4281 I chatty  : uid=1000(system) Binder_B expire 11 lines
04-20 23:24:55.888  2754  3450 I chatty  : uid=1000(system) Binder_8 expire 15 lines
04-20 23:24:55.909  2754  4341 I chatty  : uid=1000(system) Binder_F expire 12 lines
04-20 23:24:56.233  2754  4363 I chatty  : uid=1000(system) Binder_10 expire 10 lines
04-20 23:24:56.554  2754  3143 I chatty  : uid=1000(system) Binder_6 expire 14 lines
04-20 23:24:57.205  2754  2842 I chatty  : uid=1000(system) android.ui expire 2 lines
04-20 23:24:57.706  2754  2766 I chatty  : uid=1000(system) Binder_1 expire 10 lines
04-20 23:24:58.001  2754  2852 I chatty  : uid=1000(system) android.display expire 3 lines
04-20 23:24:58.442  2543 22558 I VAS/VehicleAudioService: requestAudioFocus() streamType 4123, extraInfo 0, zone 8, clientId gm.media.audio.VehicleAudioManager@3d7286bcom.gm.server.audioproxyservice.QueueProcessor$TextToSpeechVAM$1@eaeffc81
04-20 23:24:58.442  2543 22558 I VAS/VehicleAudioService: setMux() name prompt_mux, input 4123, gain 0, extraInfo 0, zone 8
04-20 23:24:58.442  2543 22558 I VAS/AudioDriverInterface: setSrc() sinkType 8, streamType 4123, activationStatus 1, extraInfo 0
04-20 23:24:58.444  2543 22558 I VAS/AudioDriverInterface: setSourceScale() sinkType 8, scale value -2.34 : gain value 0.00
04-20 23:24:58.445  2543 22558 E VAS/AudioDriverInterface: setSourceScale() audio_set_dirana_source_gain() failed, ERROR -1
04-20 23:24:58.445  2543 22558 I VAS/AudioDriverInterface: setVolume() sinkType 1, volDb -49.80
04-20 23:24:58.447  2543 22558 I VAS/ExternalAmpIface: update() attrName MtxSnkLvl, rawValue -49.80
04-20 23:24:58.447  2543 22558 I VAS/AudioDriverInterface: setVolume() sinkType 2, volDb -37.50
04-20 23:24:58.448  2543 22558 I VAS/ExternalAmpIface: update() attrName MxPrmtSnkLvl, rawValue -37.50
04-20 23:24:58.448  2543 22558 I VAS/AudioCtrlSvcImpl: setMux() Non-Entertainment stream, UnMuting automatically
04-20 23:24:58.448  2543 22558 I VAS/AudioDriverInterface: setMuteRamp() sinkType 2, mute 0, time 0.00 sec
04-20 23:24:58.453  2754  3020 I chatty  : uid=1000(system) AudioService expire 5 lines
04-20 23:24:58.868  2543  2543 I VAS/VehicleAudioService: abandonAudioFocus() streamType 4123, extraInfo 0, zone 8
04-20 23:24:58.868  2543  2543 I VAS/VehicleAudioService: setMux() name prompt_mux, input 4123, gain -100, extraInfo 0, zone 8
04-20 23:24:58.868  2543  2543 I VAS/AudioDriverInterface: setMuteRamp() sinkType 2, mute 1, time 0.00 sec
04-20 23:24:58.868  2543  2543 I VAS/AudioDriverInterface: setSrc() sinkType 8, streamType 4123, activationStatus 0, extraInfo 0
04-20 23:24:58.871  2543  2543 I VAS/AudioDriverInterface: setVolume() sinkType 1, volDb -39.00
04-20 23:24:58.872  2543  2543 I VAS/ExternalAmpIface: update() attrName MtxSnkLvl, rawValue -39.00
04-20 23:24:58.882  2543  2634 I VAS/VehicleAudioService: requestAudioFocus() streamType 4123, extraInfo 0, zone 8, clientId gm.media.audio.VehicleAudioManager@3d7286bcom.gm.server.audioproxyservice.QueueProcessor$TextToSpeechVAM$1@eaeffc81
04-20 23:24:58.882  2543  2634 I VAS/VehicleAudioService: setMux() name prompt_mux, input 4123, gain 0, extraInfo 0, zone 8
04-20 23:24:58.882  2543  2634 I VAS/AudioDriverInterface: setSrc() sinkType 8, streamType 4123, activationStatus 1, extraInfo 0
04-20 23:24:58.883  2543  2634 I VAS/AudioDriverInterface: setSourceScale() sinkType 8, scale value -2.34 : gain value 0.00
04-20 23:24:58.884  2543  2634 E VAS/AudioDriverInterface: setSourceScale() audio_set_dirana_source_gain() failed, ERROR -1
04-20 23:24:58.884  2543  2634 I VAS/AudioDriverInterface: setVolume() sinkType 1, volDb -49.80
04-20 23:24:58.884  2543  2634 I VAS/ExternalAmpIface: update() attrName MtxSnkLvl, rawValue -49.80
04-20 23:24:58.884  2543  2634 I VAS/AudioDriverInterface: setVolume() sinkType 2, volDb -37.50
04-20 23:24:58.885  2543  2634 I VAS/ExternalAmpIface: update() attrName MxPrmtSnkLvl, rawValue -37.50
04-20 23:24:58.885  2543  2634 I VAS/AudioCtrlSvcImpl: setMux() Non-Entertainment stream, UnMuting automatically
04-20 23:24:58.885  2543  2634 I VAS/AudioDriverInterface: setMuteRamp() sinkType 2, mute 0, time 0.00 sec
04-20 23:24:58.981 28624 28624 W StatusBarManager: enter dropFocus in StatusBarManager
04-20 23:24:59.341  2543  2639 I VAS/VehicleAudioService: abandonAudioFocus() streamType 4123, extraInfo 0, zone 8
04-20 23:24:59.341  2543  2639 I VAS/VehicleAudioService: setMux() name prompt_mux, input 4123, gain -100, extraInfo 0, zone 8
04-20 23:24:59.341  2543  2639 I VAS/AudioDriverInterface: setMuteRamp() sinkType 2, mute 1, time 0.00 sec
04-20 23:24:59.342  2543  2639 I VAS/AudioDriverInterface: setSrc() sinkType 8, streamType 4123, activationStatus 0, extraInfo 0
04-20 23:24:59.354  2543  2639 I VAS/AudioDriverInterface: setVolume() sinkType 1, volDb -39.00
04-20 23:24:59.355  2543  2639 I VAS/ExternalAmpIface: update() attrName MtxSnkLvl, rawValue -39.00
04-20 23:24:59.375  2543 22558 I VAS/VehicleAudioService: requestAudioFocus() streamType 4123, extraInfo 0, zone 8, clientId gm.media.audio.VehicleAudioManager@3d7286bcom.gm.server.audioproxyservice.QueueProcessor$TextToSpeechVAM$1@eaeffc81
04-20 23:24:59.375  2543 22558 I VAS/VehicleAudioService: setMux() name prompt_mux, input 4123, gain 0, extraInfo 0, zone 8
04-20 23:24:59.375  2543 22558 I VAS/AudioDriverInterface: setSrc() sinkType 8, streamType 4123, activationStatus 1, extraInfo 0
04-20 23:24:59.377  2543 22558 I VAS/AudioDriverInterface: setSourceScale() sinkType 8, scale value -2.34 : gain value 0.00
04-20 23:24:59.377  2543 22558 E VAS/AudioDriverInterface: setSourceScale() audio_set_dirana_source_gain() failed, ERROR -1
04-20 23:24:59.377  2543 22558 I VAS/AudioDriverInterface: setVolume() sinkType 1, volDb -49.80
04-20 23:24:59.378  2543 22558 I VAS/ExternalAmpIface: update() attrName MtxSnkLvl, rawValue -49.80
04-20 23:24:59.379  2543 22558 I VAS/AudioDriverInterface: setVolume() sinkType 2, volDb -37.50
04-20 23:24:59.379  2543 22558 I VAS/ExternalAmpIface: update() attrName MxPrmtSnkLvl, rawValue -37.50
04-20 23:24:59.379  2543 22558 I VAS/AudioCtrlSvcImpl: setMux() Non-Entertainment stream, UnMuting automatically
04-20 23:24:59.379  2543 22558 I VAS/AudioDriverInterface: setMuteRamp() sinkType 2, mute 0, time 0.00 sec
04-20 23:25:00.001  2754  2838 I chatty  : uid=1000(system) ActivityManager expire 2 lines
04-20 23:25:00.001  2754  2754 I chatty  : uid=1000 system_server expire 1 line
04-20 23:25:00.464  2754  3450 I chatty  : uid=1000(system) Binder_8 expire 12 lines
04-20 23:25:00.464  2754  4280 I chatty  : uid=1000(system) Binder_A expire 19 lines
04-20 23:25:00.466  2754  3143 I chatty  : uid=1000(system) Binder_6 expire 21 lines
04-20 23:25:00.468  2754  4281 I chatty  : uid=1000(system) Binder_B expire 15 lines
04-20 23:25:00.473  2754  2766 I chatty  : uid=1000(system) Binder_1 expire 11 lines
04-20 23:25:00.474  2754  3072 I chatty  : uid=1000(system) Binder_5 expire 8 lines
04-20 23:25:00.512 28624 28624 W StatusBarManager: enter dropFocus in StatusBarManager
04-20 23:25:00.596  2754  4341 I chatty  : uid=1000(system) Binder_F expire 13 lines
04-20 23:25:00.598  2754  2954 I chatty  : uid=1000(system) Binder_4 expire 12 lines
04-20 23:25:00.600  2754  3449 I chatty  : uid=1000(system) Binder_7 expire 13 lines
04-20 23:25:00.741  2754  4310 I chatty  : uid=1000(system) Binder_D expire 24 lines
04-20 23:25:00.742  2754  4305 I chatty  : uid=1000(system) Binder_C expire 20 lines
04-20 23:25:00.747  2754  4334 I chatty  : uid=1000(system) Binder_E expire 17 lines
04-20 23:25:00.807  2543  2543 I VAS/VehicleAudioService: abandonAudioFocus() streamType 4123, extraInfo 0, zone 8
04-20 23:25:00.807  2543  2543 I VAS/VehicleAudioService: setMux() name prompt_mux, input 4123, gain -100, extraInfo 0, zone 8
04-20 23:25:00.807  2543  2543 I VAS/AudioDriverInterface: setMuteRamp() sinkType 2, mute 1, time 0.00 sec
04-20 23:25:00.808  2543  2543 I VAS/AudioDriverInterface: setSrc() sinkType 8, streamType 4123, activationStatus 0, extraInfo 0
04-20 23:25:00.810  2543  2543 I VAS/AudioDriverInterface: setVolume() sinkType 1, volDb -39.00
04-20 23:25:00.811  2543  2543 I VAS/ExternalAmpIface: update() attrName MtxSnkLvl, rawValue -39.00
04-20 23:25:00.815  2754  3020 I chatty  : uid=1000(system) AudioService expire 1 line
04-20 23:25:00.853  2754  2953 I chatty  : uid=1000(system) Binder_3 expire 3 lines
04-20 23:25:00.858  2754  3451 I chatty  : uid=1000(system) Binder_9 expire 10 lines
04-20 23:25:00.914  2754  4363 I chatty  : uid=1000(system) Binder_10 expire 13 lines
04-20 23:25:01.025  2754  2852 I chatty  : uid=1000(system) android.display expire 6 lines
04-20 23:25:01.051  2754  2767 I chatty  : uid=1000(system) Binder_2 expire 9 lines
04-20 23:25:01.437  2754  3009 I chatty  : uid=1000(system) WifiStateMachin expire 2 lines
04-20 23:25:02.034  2754  2842 I chatty  : uid=1000(system) android.ui expire 2 lines
04-20 23:25:02.048  2754  2833 I chatty  : uid=1000(system) android.bg expire 22 lines
04-20 23:25:02.598  2933  3089 I chatty  : uid=1000(system) TcpInternetMana expire 2 lines
04-20 23:25:02.892 28624 28624 W StatusBarManager: enter dropFocus in StatusBarManager
04-20 23:25:03.980 28624 28624 W StatusBarManager: enter dropFocus in StatusBarManager
04-20 23:25:04.936 28624 28624 W StatusBarManager: enter dropFocus in StatusBarManager
04-20 23:25:05.194  2754  3072 I chatty  : uid=1000(system) Binder_5 expire 14 lines
04-20 23:25:05.195  2754  2767 I chatty  : uid=1000(system) Binder_2 expire 19 lines
04-20 23:25:05.198  2754  4334 I chatty  : uid=1000(system) Binder_E expire 10 lines
04-20 23:25:05.202  2754  4281 I chatty  : uid=1000(system) Binder_B expire 14 lines
04-20 23:25:05.232  2754  2833 I chatty  : uid=1000(system) android.bg expire 28 lines
04-20 23:25:05.292  2754  2954 I chatty  : uid=1000(system) Binder_4 expire 13 lines
04-20 23:25:05.292  2754  2766 I chatty  : uid=1000(system) Binder_1 expire 15 lines
04-20 23:25:05.403  2754  3143 I chatty  : uid=1000(system) Binder_6 expire 10 lines
04-20 23:25:05.413  2754  3451 I chatty  : uid=1000(system) Binder_9 expire 15 lines
04-20 23:25:05.415  2754  4305 I chatty  : uid=1000(system) Binder_C expire 14 lines
04-20 23:25:05.519  2754  4363 I chatty  : uid=1000(system) Binder_10 expire 13 lines
04-20 23:25:05.524  2754  3450 I chatty  : uid=1000(system) Binder_8 expire 12 lines
04-20 23:25:05.625  2754  2953 I chatty  : uid=1000(system) Binder_3 expire 12 lines
04-20 23:25:05.627  2754  4280 I chatty  : uid=1000(system) Binder_A expire 18 lines
04-20 23:25:05.639  2754  3449 I chatty  : uid=1000(system) Binder_7 expire 11 lines
04-20 23:25:05.709  2754  2852 I chatty  : uid=1000(system) android.display expire 6 lines
04-20 23:25:05.766  2754  4341 I chatty  : uid=1000(system) Binder_F expire 9 lines
04-20 23:25:05.990  2754  4310 I chatty  : uid=1000(system) Binder_D expire 20 lines
04-20 23:25:07.127  2754  2842 I chatty  : uid=1000(system) android.ui expire 4 lines
04-20 23:25:07.133 28624 28624 W StatusBarManager: enter dropFocus in StatusBarManager
04-20 23:25:09.168  2754  4363 I chatty  : uid=1000(system) Binder_10 expire 10 lines
04-20 23:25:09.178  2754  4310 I chatty  : uid=1000(system) Binder_D expire 15 lines
04-20 23:25:09.180  2754  3143 I chatty  : uid=1000(system) Binder_6 expire 18 lines
04-20 23:25:09.280  2754  4305 I chatty  : uid=1000(system) Binder_C expire 11 lines
04-20 23:25:09.281  2754  2766 I chatty  : uid=1000(system) Binder_1 expire 13 lines
04-20 23:25:09.434  2754  2833 I chatty  : uid=1000(system) android.bg expire 38 lines
04-20 23:25:09.446  2754  2954 I chatty  : uid=1000(system) Binder_4 expire 16 lines
04-20 23:25:09.504  2754  3451 I chatty  : uid=1000(system) Binder_9 expire 6 lines
04-20 23:25:09.506  2754  4281 I chatty  : uid=1000(system) Binder_B expire 8 lines
04-20 23:25:09.629  2754  4280 I chatty  : uid=1000(system) Binder_A expire 17 lines
04-20 23:25:09.791  2543  2634 I VAS/VehicleAudioService: requestAudioFocus() streamType 4123, extraInfo 0, zone 8, clientId gm.media.audio.VehicleAudioManager@3d7286bcom.gm.server.audioproxyservice.QueueProcessor$TextToSpeechVAM$1@eaeffc81
04-20 23:25:09.792  2543  2634 I VAS/VehicleAudioService: setMux() name prompt_mux, input 4123, gain 0, extraInfo 0, zone 8
04-20 23:25:09.792  2543  2634 I VAS/AudioDriverInterface: setSrc() sinkType 8, streamType 4123, activationStatus 1, extraInfo 0
04-20 23:25:09.793  2543  2634 I VAS/AudioDriverInterface: setSourceScale() sinkType 8, scale value -2.34 : gain value 0.00
04-20 23:25:09.793  2543  2634 E VAS/AudioDriverInterface: setSourceScale() audio_set_dirana_source_gain() failed, ERROR -1
04-20 23:25:09.793  2543  2634 I VAS/AudioDriverInterface: setVolume() sinkType 1, volDb -49.80
04-20 23:25:09.795  2543  2634 I VAS/ExternalAmpIface: update() attrName MtxSnkLvl, rawValue -49.80
04-20 23:25:09.795  2543  2634 I VAS/AudioDriverInterface: setVolume() sinkType 2, volDb -37.50
04-20 23:25:09.795  2543  2634 I VAS/ExternalAmpIface: update() attrName MxPrmtSnkLvl, rawValue -37.50
04-20 23:25:09.795  2543  2634 I VAS/AudioCtrlSvcImpl: setMux() Non-Entertainment stream, UnMuting automatically
04-20 23:25:09.795  2543  2634 I VAS/AudioDriverInterface: setMuteRamp() sinkType 2, mute 0, time 0.00 sec
04-20 23:25:09.796  2754  3020 I chatty  : uid=1000(system) AudioService expire 7 lines
04-20 23:25:09.843  2754  3449 I chatty  : uid=1000(system) Binder_7 expire 14 lines
04-20 23:25:09.952  2754  3450 I chatty  : uid=1000(system) Binder_8 expire 20 lines
04-20 23:25:10.079  2754  2852 I chatty  : uid=1000(system) android.display expire 8 lines
04-20 23:25:10.224  2754  2953 I chatty  : uid=1000(system) Binder_3 expire 7 lines
04-20 23:25:10.231  2754  4341 I chatty  : uid=1000(system) Binder_F expire 16 lines
04-20 23:25:10.348  2754  2767 I chatty  : uid=1000(system) Binder_2 expire 9 lines
04-20 23:25:10.732  2543  2639 I VAS/VehicleAudioService: abandonAudioFocus() streamType 4123, extraInfo 0, zone 8
04-20 23:25:10.732  2543  2639 I VAS/VehicleAudioService: setMux() name prompt_mux, input 4123, gain -100, extraInfo 0, zone 8
04-20 23:25:10.732  2543  2639 I VAS/AudioDriverInterface: setMuteRamp() sinkType 2, mute 1, time 0.00 sec
04-20 23:25:10.733  2543  2639 I VAS/AudioDriverInterface: setSrc() sinkType 8, streamType 4123, activationStatus 0, extraInfo 0
04-20 23:25:10.735  2543  2639 I VAS/AudioDriverInterface: setVolume() sinkType 1, volDb -39.00
04-20 23:25:10.736  2543  2639 I VAS/ExternalAmpIface: update() attrName MtxSnkLvl, rawValue -39.00
04-20 23:25:10.758  2754  3072 I chatty  : uid=1000(system) Binder_5 expire 7 lines
04-20 23:25:10.766  2543 22558 I VAS/VehicleAudioService: requestAudioFocus() streamType 4123, extraInfo 0, zone 8, clientId gm.media.audio.VehicleAudioManager@3d7286bcom.gm.server.audioproxyservice.QueueProcessor$TextToSpeechVAM$1@eaeffc81
04-20 23:25:10.766  2543 22558 I VAS/VehicleAudioService: setMux() name prompt_mux, input 4123, gain 0, extraInfo 0, zone 8
04-20 23:25:10.766  2543 22558 I VAS/AudioDriverInterface: setSrc() sinkType 8, streamType 4123, activationStatus 1, extraInfo 0
04-20 23:25:10.767  2543 22558 I VAS/AudioDriverInterface: setSourceScale() sinkType 8, scale value -2.34 : gain value 0.00
04-20 23:25:10.768  2543 22558 E VAS/AudioDriverInterface: setSourceScale() audio_set_dirana_source_gain() failed, ERROR -1
04-20 23:25:10.768  2543 22558 I VAS/AudioDriverInterface: setVolume() sinkType 1, volDb -49.80
04-20 23:25:10.768  2543 22558 I VAS/ExternalAmpIface: update() attrName MtxSnkLvl, rawValue -49.80
04-20 23:25:10.768  2543 22558 I VAS/AudioDriverInterface: setVolume() sinkType 2, volDb -37.50
04-20 23:25:10.770  2543 22558 I VAS/ExternalAmpIface: update() attrName MxPrmtSnkLvl, rawValue -37.50
04-20 23:25:10.770  2543 22558 I VAS/AudioCtrlSvcImpl: setMux() Non-Entertainment stream, UnMuting automatically
04-20 23:25:10.770  2543 22558 I VAS/AudioDriverInterface: setMuteRamp() sinkType 2, mute 0, time 0.00 sec
04-20 23:25:10.900  2754  4334 I chatty  : uid=1000(system) Binder_E expire 21 lines
04-20 23:25:11.049  2543  2543 I VAS/VehicleAudioService: abandonAudioFocus() streamType 4123, extraInfo 0, zone 8
04-20 23:25:11.049  2543  2543 I VAS/VehicleAudioService: setMux() name prompt_mux, input 4123, gain -100, extraInfo 0, zone 8
04-20 23:25:11.049  2543  2543 I VAS/AudioDriverInterface: setMuteRamp() sinkType 2, mute 1, time 0.00 sec
04-20 23:25:11.049  2543  2543 I VAS/AudioDriverInterface: setSrc() sinkType 8, streamType 4123, activationStatus 0, extraInfo 0
04-20 23:25:11.051  2543  2543 I VAS/AudioDriverInterface: setVolume() sinkType 1, volDb -39.00
04-20 23:25:11.052  2543  2543 I VAS/ExternalAmpIface: update() attrName MtxSnkLvl, rawValue -39.00
04-20 23:25:11.067  2543  2634 I VAS/VehicleAudioService: requestAudioFocus() streamType 4123, extraInfo 0, zone 8, clientId gm.media.audio.VehicleAudioManager@3d7286bcom.gm.server.audioproxyservice.QueueProcessor$TextToSpeechVAM$1@eaeffc81
04-20 23:25:11.067  2543  2634 I VAS/VehicleAudioService: setMux() name prompt_mux, input 4123, gain 0, extraInfo 0, zone 8
04-20 23:25:11.067  2543  2634 I VAS/AudioDriverInterface: setSrc() sinkType 8, streamType 4123, activationStatus 1, extraInfo 0
04-20 23:25:11.068  2543  2634 I VAS/AudioDriverInterface: setSourceScale() sinkType 8, scale value -2.34 : gain value 0.00
04-20 23:25:11.069  2543  2634 E VAS/AudioDriverInterface: setSourceScale() audio_set_dirana_source_gain() failed, ERROR -1
04-20 23:25:11.069  2543  2634 I VAS/AudioDriverInterface: setVolume() sinkType 1, volDb -49.80
04-20 23:25:11.070  2543  2634 I VAS/ExternalAmpIface: update() attrName MtxSnkLvl, rawValue -49.80
04-20 23:25:11.070  2543  2634 I VAS/AudioDriverInterface: setVolume() sinkType 2, volDb -37.50
04-20 23:25:11.072  2543  2634 I VAS/ExternalAmpIface: update() attrName MxPrmtSnkLvl, rawValue -37.50
04-20 23:25:11.073  2543  2634 I VAS/AudioCtrlSvcImpl: setMux() Non-Entertainment stream, UnMuting automatically
04-20 23:25:11.073  2543  2634 I VAS/AudioDriverInterface: setMuteRamp() sinkType 2, mute 0, time 0.00 sec
04-20 23:25:12.582  2543  2639 I VAS/VehicleAudioService: abandonAudioFocus() streamType 4123, extraInfo 0, zone 8
04-20 23:25:12.582  2543  2639 I VAS/VehicleAudioService: setMux() name prompt_mux, input 4123, gain -100, extraInfo 0, zone 8
04-20 23:25:12.582  2543  2639 I VAS/AudioDriverInterface: setMuteRamp() sinkType 2, mute 1, time 0.00 sec
04-20 23:25:12.583  2543  2639 I VAS/AudioDriverInterface: setSrc() sinkType 8, streamType 4123, activationStatus 0, extraInfo 0
04-20 23:25:12.588  2543  2639 I VAS/AudioDriverInterface: setVolume() sinkType 1, volDb -39.00
04-20 23:25:12.588  2543  2639 I VAS/ExternalAmpIface: update() attrName MtxSnkLvl, rawValue -39.00
04-20 23:25:13.568  2543 22558 I VAS/VehicleAudioService: requestAudioFocus() streamType 4123, extraInfo 0, zone 8, clientId gm.media.audio.VehicleAudioManager@3d7286bcom.gm.server.audioproxyservice.QueueProcessor$TextToSpeechVAM$1@eaeffc81
04-20 23:25:13.568  2543 22558 I VAS/VehicleAudioService: setMux() name prompt_mux, input 4123, gain 0, extraInfo 0, zone 8
04-20 23:25:13.568  2543 22558 I VAS/AudioDriverInterface: setSrc() sinkType 8, streamType 4123, activationStatus 1, extraInfo 0
04-20 23:25:13.569  2543 22558 I VAS/AudioDriverInterface: setSourceScale() sinkType 8, scale value -2.34 : gain value 0.00
04-20 23:25:13.570  2543 22558 E VAS/AudioDriverInterface: setSourceScale() audio_set_dirana_source_gain() failed, ERROR -1
04-20 23:25:13.570  2543 22558 I VAS/AudioDriverInterface: setVolume() sinkType 1, volDb -49.80
04-20 23:25:13.571  2543 22558 I VAS/ExternalAmpIface: update() attrName MtxSnkLvl, rawValue -49.80
04-20 23:25:13.571  2543 22558 I VAS/AudioDriverInterface: setVolume() sinkType 2, volDb -37.50
04-20 23:25:13.571  2543 22558 I VAS/ExternalAmpIface: update() attrName MxPrmtSnkLvl, rawValue -37.50
04-20 23:25:13.571  2543 22558 I VAS/AudioCtrlSvcImpl: setMux() Non-Entertainment stream, UnMuting automatically
04-20 23:25:13.571  2543 22558 I VAS/AudioDriverInterface: setMuteRamp() sinkType 2, mute 0, time 0.00 sec
04-20 23:25:14.908 28624 28624 W StatusBarManager: enter dropFocus in StatusBarManager
04-20 23:25:15.042  2754  2852 I chatty  : uid=1000(system) android.display expire 1 line
04-20 23:25:15.123  2754  2833 I chatty  : uid=1000(system) android.bg expire 36 lines
04-20 23:25:15.130  2754  4280 I chatty  : uid=1000(system) Binder_A expire 11 lines
04-20 23:25:15.130  2754  2954 I chatty  : uid=1000(system) Binder_4 expire 20 lines
04-20 23:25:15.135  2754  4281 I chatty  : uid=1000(system) Binder_B expire 14 lines
04-20 23:25:15.139  2754  3449 I chatty  : uid=1000(system) Binder_7 expire 20 lines
04-20 23:25:15.202  2754  3451 I chatty  : uid=1000(system) Binder_9 expire 16 lines
04-20 23:25:15.203  2754  3072 I chatty  : uid=1000(system) Binder_5 expire 19 lines
04-20 23:25:15.207  2754  2767 I chatty  : uid=1000(system) Binder_2 expire 14 lines
04-20 23:25:15.221  2754  4341 I chatty  : uid=1000(system) Binder_F expire 15 lines
04-20 23:25:15.226  2754  3143 I chatty  : uid=1000(system) Binder_6 expire 13 lines
04-20 23:25:15.236  2754  2766 I chatty  : uid=1000(system) Binder_1 expire 15 lines
04-20 23:25:15.265  2754  4305 I chatty  : uid=1000(system) Binder_C expire 12 lines
04-20 23:25:15.269  2754  2953 I chatty  : uid=1000(system) Binder_3 expire 12 lines
04-20 23:25:15.303  2754  4310 I chatty  : uid=1000(system) Binder_D expire 11 lines
04-20 23:25:15.429  2754  3450 I chatty  : uid=1000(system) Binder_8 expire 5 lines
04-20 23:25:15.551  2754  4363 I chatty  : uid=1000(system) Binder_10 expire 10 lines
04-20 23:25:15.657  2543  2543 I VAS/VehicleAudioService: abandonAudioFocus() streamType 4123, extraInfo 0, zone 8
04-20 23:25:15.657  2543  2543 I VAS/VehicleAudioService: setMux() name prompt_mux, input 4123, gain -100, extraInfo 0, zone 8
04-20 23:25:15.657  2543  2543 I VAS/AudioDriverInterface: setMuteRamp() sinkType 2, mute 1, time 0.00 sec
04-20 23:25:15.657  2543  2543 I VAS/AudioDriverInterface: setSrc() sinkType 8, streamType 4123, activationStatus 0, extraInfo 0
04-20 23:25:15.659  2543  2543 I VAS/AudioDriverInterface: setVolume() sinkType 1, volDb -39.00
04-20 23:25:15.660  2543  2543 I VAS/ExternalAmpIface: update() attrName MtxSnkLvl, rawValue -39.00
04-20 23:25:15.664  2754  3020 I chatty  : uid=1000(system) AudioService expire 1 line
04-20 23:25:16.452  2754  3009 I chatty  : uid=1000(system) WifiStateMachin expire 2 lines
04-20 23:25:20.343  2754  4334 I chatty  : uid=1000(system) Binder_E expire 19 lines
04-20 23:25:20.344  2754  4280 I chatty  : uid=1000(system) Binder_A expire 16 lines
04-20 23:25:20.356  2754  3451 I chatty  : uid=1000(system) Binder_9 expire 9 lines
04-20 23:25:20.357  2754  2766 I chatty  : uid=1000(system) Binder_1 expire 18 lines
04-20 23:25:20.410  2754  3449 I chatty  : uid=1000(system) Binder_7 expire 16 lines
04-20 23:25:20.412  2754  2954 I chatty  : uid=1000(system) Binder_4 expire 10 lines
04-20 23:25:20.436 28624 28624 W StatusBarManager: enter dropFocus in StatusBarManager
04-20 23:25:20.503  2754  4305 I chatty  : uid=1000(system) Binder_C expire 8 lines
04-20 23:25:20.520  2754  4281 I chatty  : uid=1000(system) Binder_B expire 16 lines
04-20 23:25:20.552  2754  2833 I chatty  : uid=1000(system) android.bg expire 36 lines
04-20 23:25:20.605  2754  4341 I chatty  : uid=1000(system) Binder_F expire 11 lines
04-20 23:25:20.694  2754  3072 I chatty  : uid=1000(system) Binder_5 expire 21 lines
