04-23 09:21:29.074  5015  5039 D OnStarCommands: onCellNetInfo: No mVoiceNetworkStateRegistrants to notify
04-23 09:21:29.075  5015  5015 V OnStarServiceStateTracker: handleMessage: SIGNAL STRENGTH event = 12  current phone is not OnStar
04-23 09:21:29.075  5015  5015 V OnStarServiceStateTracker: handleMessage: EVENT_NETWORK_STATE_CHANGED: polling states...
04-23 09:21:29.075  5015  5015 V OnStarServiceStateTracker: pollState
04-23 09:21:29.075  5015  5015 D OnStarCommands: getVoiceRegState: state = 1
04-23 09:21:29.075  5015  5015 D OnStarCommands: getOperator: operatorName = AT&T
04-23 09:21:29.075  5015  5015 V OnStarServiceStateTracker: handleMessage: EVENT_POLL_STATE_REGISTRATION: processing...
04-23 09:21:29.075  5015  5015 D OnStarServiceStateTracker: handlePollStateResult: EVENT_POLL_STATE_REGISTRATION: regCode:1, serviceState:0
04-23 09:21:29.075  5015  5015 D PHONE   : [ServiceState] setVoiceRegState=0
04-23 09:21:29.075  5015  5015 V OnStarServiceStateTracker: handleMessage: EVENT_POLL_STATE_OPERATOR: processing...
04-23 09:21:29.075  5015  5015 D OnStarServiceStateTracker: handlePollStateResult: EVENT_POLL_STATE_OPERATOR: opNames[0]: 'AT&T' opNames[1]: '' opNames[2]: ''
04-23 09:21:29.077  5015  5015 D OnStarServiceStateTracker: pollStateDone: oldSS=[0 1 voice home data home AT&T   AT&T    Unknown Unknown CSS not supported -1 -1 RoamInd=-1 DefRoamInd=-1 EmergOnly=false IsDataRoamingFromRegistration=false] newSS=[0 1 voice home data home AT&T   AT&T    Unknown Unknown CSS not supported -1 -1 RoamInd=-1 DefRoamInd=-1 EmergOnly=false IsDataRoamingFromRegistration=false]
04-23 09:21:29.077  5015  5015 D PHONE   : [ServiceState] setNullState=1
04-23 09:21:29.077  5015  5015 D OnStarServiceStateTracker: pollStateDone: Current OutgoingPhone is not OnStar.
04-23 09:21:33.529  5015  5345 V OnStarCommands: onCellNetInfo: cellNetworkName:AT&T cellNetworkSignal:1 cellNetworkState:0 cellNetworkType: 7
04-23 09:21:33.529  5015  5345 D OnStarCommands: getSignalLevel: 1 -> 4
04-23 09:21:33.529  5015  5345 D OnStarCommands: getVoiceRegState: state = 1
04-23 09:21:33.529  5015  5345 D OnStarCommands: onCellNetInfo: No mVoiceNetworkStateRegistrants to notify
04-23 09:21:33.530  5015  5015 V OnStarServiceStateTracker: handleMessage: SIGNAL STRENGTH event = 12  current phone is not OnStar
04-23 09:21:33.531  5015  5015 V OnStarServiceStateTracker: handleMessage: EVENT_NETWORK_STATE_CHANGED: polling states...
04-23 09:21:33.531  5015  5015 V OnStarServiceStateTracker: pollState
04-23 09:21:33.531  5015  5015 D OnStarCommands: getVoiceRegState: state = 1
04-23 09:21:33.531  5015  5015 D OnStarCommands: getOperator: operatorName = AT&T
04-23 09:21:33.531  5015  5015 V OnStarServiceStateTracker: handleMessage: EVENT_POLL_STATE_REGISTRATION: processing...
04-23 09:21:33.531  5015  5015 D OnStarServiceStateTracker: handlePollStateResult: EVENT_POLL_STATE_REGISTRATION: regCode:1, serviceState:0
04-23 09:21:33.531  5015  5015 D PHONE   : [ServiceState] setVoiceRegState=0
04-23 09:21:33.531  5015  5015 V OnStarServiceStateTracker: handleMessage: EVENT_POLL_STATE_OPERATOR: processing...
04-23 09:21:33.531  5015  5015 D OnStarServiceStateTracker: handlePollStateResult: EVENT_POLL_STATE_OPERATOR: opNames[0]: 'AT&T' opNames[1]: '' opNames[2]: ''
04-23 09:21:33.532  5015  5015 D OnStarServiceStateTracker: pollStateDone: oldSS=[0 1 voice home data home AT&T   AT&T    Unknown Unknown CSS not supported -1 -1 RoamInd=-1 DefRoamInd=-1 EmergOnly=false IsDataRoamingFromRegistration=false] newSS=[0 1 voice home data home AT&T   AT&T    Unknown Unknown CSS not supported -1 -1 RoamInd=-1 DefRoamInd=-1 EmergOnly=false IsDataRoamingFromRegistration=false]
04-23 09:21:33.532  5015  5015 D PHONE   : [ServiceState] setNullState=1
04-23 09:21:33.534  5015  5015 D OnStarServiceStateTracker: pollStateDone: Current OutgoingPhone is not OnStar.
04-23 09:21:38.015  5015  5040 V OnStarCommands: onCellNetInfo: cellNetworkName:AT&T cellNetworkSignal:2 cellNetworkState:0 cellNetworkType: 7
04-23 09:21:38.015  5015  5040 D OnStarCommands: getSignalLevel: 2 -> 6
04-23 09:21:38.015  5015  5040 D OnStarCommands: getVoiceRegState: state = 1
04-23 09:21:38.015  5015  5040 D OnStarCommands: onCellNetInfo: No mVoiceNetworkStateRegistrants to notify
04-23 09:21:38.016  5015  5015 V OnStarServiceStateTracker: handleMessage: SIGNAL STRENGTH event = 12  current phone is not OnStar
04-23 09:21:38.016  5015  5015 V OnStarServiceStateTracker: handleMessage: EVENT_NETWORK_STATE_CHANGED: polling states...
04-23 09:21:38.016  5015  5015 V OnStarServiceStateTracker: pollState
04-23 09:21:38.016  5015  5015 D OnStarCommands: getVoiceRegState: state = 1
04-23 09:21:38.016  5015  5015 D OnStarCommands: getOperator: operatorName = AT&T
04-23 09:21:38.016  5015  5015 V OnStarServiceStateTracker: handleMessage: EVENT_POLL_STATE_REGISTRATION: processing...
04-23 09:21:38.016  5015  5015 D OnStarServiceStateTracker: handlePollStateResult: EVENT_POLL_STATE_REGISTRATION: regCode:1, serviceState:0
04-23 09:21:38.016  5015  5015 D PHONE   : [ServiceState] setVoiceRegState=0
04-23 09:21:38.016  5015  5015 V OnStarServiceStateTracker: handleMessage: EVENT_POLL_STATE_OPERATOR: processing...
04-23 09:21:38.016  5015  5015 D OnStarServiceStateTracker: handlePollStateResult: EVENT_POLL_STATE_OPERATOR: opNames[0]: 'AT&T' opNames[1]: '' opNames[2]: ''
04-23 09:21:38.018  5015  5015 D OnStarServiceStateTracker: pollStateDone: oldSS=[0 1 voice home data home AT&T   AT&T    Unknown Unknown CSS not supported -1 -1 RoamInd=-1 DefRoamInd=-1 EmergOnly=false IsDataRoamingFromRegistration=false] newSS=[0 1 voice home data home AT&T   AT&T    Unknown Unknown CSS not supported -1 -1 RoamInd=-1 DefRoamInd=-1 EmergOnly=false IsDataRoamingFromRegistration=false]
04-23 09:21:38.018  5015  5015 D PHONE   : [ServiceState] setNullState=1
04-23 09:21:38.019  5015  5015 D OnStarServiceStateTracker: pollStateDone: Current OutgoingPhone is not OnStar.
04-23 09:21:44.734  5015  5256 V OnStarCommands: onCellNetInfo: cellNetworkName:AT&T cellNetworkSignal:1 cellNetworkState:0 cellNetworkType: 7
04-23 09:21:44.734  5015  5256 D OnStarCommands: getSignalLevel: 1 -> 4
04-23 09:21:44.734  5015  5256 D OnStarCommands: getVoiceRegState: state = 1
04-23 09:21:44.734  5015  5256 D OnStarCommands: onCellNetInfo: No mVoiceNetworkStateRegistrants to notify
04-23 09:21:44.741  5015  5015 V OnStarServiceStateTracker: handleMessage: SIGNAL STRENGTH event = 12  current phone is not OnStar
04-23 09:21:44.741  5015  5015 V OnStarServiceStateTracker: handleMessage: EVENT_NETWORK_STATE_CHANGED: polling states...
04-23 09:21:44.741  5015  5015 V OnStarServiceStateTracker: pollState
04-23 09:21:44.741  5015  5015 D OnStarCommands: getVoiceRegState: state = 1
04-23 09:21:44.741  5015  5015 D OnStarCommands: getOperator: operatorName = AT&T
04-23 09:21:44.742  5015  5015 V OnStarServiceStateTracker: handleMessage: EVENT_POLL_STATE_REGISTRATION: processing...
04-23 09:21:44.742  5015  5015 D OnStarServiceStateTracker: handlePollStateResult: EVENT_POLL_STATE_REGISTRATION: regCode:1, serviceState:0
04-23 09:21:44.742  5015  5015 D PHONE   : [ServiceState] setVoiceRegState=0
04-23 09:21:44.742  5015  5015 V OnStarServiceStateTracker: handleMessage: EVENT_POLL_STATE_OPERATOR: processing...
04-23 09:21:44.742  5015  5015 D OnStarServiceStateTracker: handlePollStateResult: EVENT_POLL_STATE_OPERATOR: opNames[0]: 'AT&T' opNames[1]: '' opNames[2]: ''
04-23 09:21:44.745  5015  5015 D OnStarServiceStateTracker: pollStateDone: oldSS=[0 1 voice home data home AT&T   AT&T    Unknown Unknown CSS not supported -1 -1 RoamInd=-1 DefRoamInd=-1 EmergOnly=false IsDataRoamingFromRegistration=false] newSS=[0 1 voice home data home AT&T   AT&T    Unknown Unknown CSS not supported -1 -1 RoamInd=-1 DefRoamInd=-1 EmergOnly=false IsDataRoamingFromRegistration=false]
04-23 09:21:44.745  5015  5015 D PHONE   : [ServiceState] setNullState=1
04-23 09:21:44.748  5015  5015 D OnStarServiceStateTracker: pollStateDone: Current OutgoingPhone is not OnStar.
04-23 09:21:46.970  5015  5566 V OnStarCommands: onCellNetInfo: cellNetworkName:AT&T cellNetworkSignal:2 cellNetworkState:0 cellNetworkType: 7
04-23 09:21:46.970  5015  5566 D OnStarCommands: getSignalLevel: 2 -> 6
04-23 09:21:46.970  5015  5566 D OnStarCommands: getVoiceRegState: state = 1
04-23 09:21:46.970  5015  5566 D OnStarCommands: onCellNetInfo: No mVoiceNetworkStateRegistrants to notify
04-23 09:21:46.972  5015  5015 V OnStarServiceStateTracker: handleMessage: SIGNAL STRENGTH event = 12  current phone is not OnStar
04-23 09:21:46.972  5015  5015 V OnStarServiceStateTracker: handleMessage: EVENT_NETWORK_STATE_CHANGED: polling states...
04-23 09:21:46.972  5015  5015 V OnStarServiceStateTracker: pollState
04-23 09:21:46.972  5015  5015 D OnStarCommands: getVoiceRegState: state = 1
04-23 09:21:46.972  5015  5015 D OnStarCommands: getOperator: operatorName = AT&T
04-23 09:21:46.972  5015  5015 V OnStarServiceStateTracker: handleMessage: EVENT_POLL_STATE_REGISTRATION: processing...
04-23 09:21:46.972  5015  5015 D OnStarServiceStateTracker: handlePollStateResult: EVENT_POLL_STATE_REGISTRATION: regCode:1, serviceState:0
04-23 09:21:46.972  5015  5015 D PHONE   : [ServiceState] setVoiceRegState=0
04-23 09:21:46.973  5015  5015 V OnStarServiceStateTracker: handleMessage: EVENT_POLL_STATE_OPERATOR: processing...
04-23 09:21:46.973  5015  5015 D OnStarServiceStateTracker: handlePollStateResult: EVENT_POLL_STATE_OPERATOR: opNames[0]: 'AT&T' opNames[1]: '' opNames[2]: ''
04-23 09:21:46.975  5015  5015 D OnStarServiceStateTracker: pollStateDone: oldSS=[0 1 voice home data home AT&T   AT&T    Unknown Unknown CSS not supported -1 -1 RoamInd=-1 DefRoamInd=-1 EmergOnly=false IsDataRoamingFromRegistration=false] newSS=[0 1 voice home data home AT&T   AT&T    Unknown Unknown CSS not supported -1 -1 RoamInd=-1 DefRoamInd=-1 EmergOnly=false IsDataRoamingFromRegistration=false]
04-23 09:21:46.976  5015  5015 D PHONE   : [ServiceState] setNullState=1
04-23 09:21:46.977  5015  5015 D OnStarServiceStateTracker: pollStateDone: Current OutgoingPhone is not OnStar.
04-23 09:21:51.469  5015  5039 V OnStarCommands: onCellNetInfo: cellNetworkName:AT&T cellNetworkSignal:1 cellNetworkState:0 cellNetworkType: 7
04-23 09:21:51.469  5015  5039 D OnStarCommands: getSignalLevel: 1 -> 4
04-23 09:21:51.469  5015  5039 D OnStarCommands: getVoiceRegState: state = 1
04-23 09:21:51.469  5015  5039 D OnStarCommands: onCellNetInfo: No mVoiceNetworkStateRegistrants to notify
04-23 09:21:51.470  5015  5015 V OnStarServiceStateTracker: handleMessage: SIGNAL STRENGTH event = 12  current phone is not OnStar
04-23 09:21:51.470  5015  5015 V OnStarServiceStateTracker: handleMessage: EVENT_NETWORK_STATE_CHANGED: polling states...
04-23 09:21:51.470  5015  5015 V OnStarServiceStateTracker: pollState
04-23 09:21:51.470  5015  5015 D OnStarCommands: getVoiceRegState: state = 1
04-23 09:21:51.470  5015  5015 D OnStarCommands: getOperator: operatorName = AT&T
04-23 09:21:51.470  5015  5015 V OnStarServiceStateTracker: handleMessage: EVENT_POLL_STATE_REGISTRATION: processing...
04-23 09:21:51.470  5015  5015 D OnStarServiceStateTracker: handlePollStateResult: EVENT_POLL_STATE_REGISTRATION: regCode:1, serviceState:0
04-23 09:21:51.470  5015  5015 D PHONE   : [ServiceState] setVoiceRegState=0
04-23 09:21:51.470  5015  5015 V OnStarServiceStateTracker: handleMessage: EVENT_POLL_STATE_OPERATOR: processing...
04-23 09:21:51.470  5015  5015 D OnStarServiceStateTracker: handlePollStateResult: EVENT_POLL_STATE_OPERATOR: opNames[0]: 'AT&T' opNames[1]: '' opNames[2]: ''
04-23 09:21:51.474  5015  5015 D OnStarServiceStateTracker: pollStateDone: oldSS=[0 1 voice home data home AT&T   AT&T    Unknown Unknown CSS not supported -1 -1 RoamInd=-1 DefRoamInd=-1 EmergOnly=false IsDataRoamingFromRegistration=false] newSS=[0 1 voice home data home AT&T   AT&T    Unknown Unknown CSS not supported -1 -1 RoamInd=-1 DefRoamInd=-1 EmergOnly=false IsDataRoamingFromRegistration=false]
04-23 09:21:51.474  5015  5015 D PHONE   : [ServiceState] setNullState=1
04-23 09:21:51.476  5015  5015 D OnStarServiceStateTracker: pollStateDone: Current OutgoingPhone is not OnStar.
04-23 09:22:22.811  5015  5345 V OnStarCommands: onCellNetInfo: cellNetworkName:AT&T cellNetworkSignal:2 cellNetworkState:0 cellNetworkType: 7
04-23 09:22:22.811  5015  5345 D OnStarCommands: getSignalLevel: 2 -> 6
04-23 09:22:22.812  5015  5345 D OnStarCommands: getVoiceRegState: state = 1
04-23 09:22:22.812  5015  5345 D OnStarCommands: onCellNetInfo: No mVoiceNetworkStateRegistrants to notify
04-23 09:22:22.812  5015  5015 V OnStarServiceStateTracker: handleMessage: SIGNAL STRENGTH event = 12  current phone is not OnStar
04-23 09:22:22.812  5015  5015 V OnStarServiceStateTracker: handleMessage: EVENT_NETWORK_STATE_CHANGED: polling states...
04-23 09:22:22.812  5015  5015 V OnStarServiceStateTracker: pollState
04-23 09:22:22.812  5015  5015 D OnStarCommands: getVoiceRegState: state = 1
04-23 09:22:22.812  5015  5015 D OnStarCommands: getOperator: operatorName = AT&T
04-23 09:22:22.813  5015  5015 V OnStarServiceStateTracker: handleMessage: EVENT_POLL_STATE_REGISTRATION: processing...
04-23 09:22:22.813  5015  5015 D OnStarServiceStateTracker: handlePollStateResult: EVENT_POLL_STATE_REGISTRATION: regCode:1, serviceState:0
04-23 09:22:22.813  5015  5015 D PHONE   : [ServiceState] setVoiceRegState=0
04-23 09:22:22.813  5015  5015 V OnStarServiceStateTracker: handleMessage: EVENT_POLL_STATE_OPERATOR: processing...
04-23 09:22:22.813  5015  5015 D OnStarServiceStateTracker: handlePollStateResult: EVENT_POLL_STATE_OPERATOR: opNames[0]: 'AT&T' opNames[1]: '' opNames[2]: ''
04-23 09:22:22.815  5015  5015 D OnStarServiceStateTracker: pollStateDone: oldSS=[0 1 voice home data home AT&T   AT&T    Unknown Unknown CSS not supported -1 -1 RoamInd=-1 DefRoamInd=-1 EmergOnly=false IsDataRoamingFromRegistration=false] newSS=[0 1 voice home data home AT&T   AT&T    Unknown Unknown CSS not supported -1 -1 RoamInd=-1 DefRoamInd=-1 EmergOnly=false IsDataRoamingFromRegistration=false]
04-23 09:22:22.815  5015  5015 D PHONE   : [ServiceState] setNullState=1
04-23 09:22:22.816  5015  5015 D OnStarServiceStateTracker: pollStateDone: Current OutgoingPhone is not OnStar.
04-23 09:22:27.293  5015  5040 V OnStarCommands: onCellNetInfo: cellNetworkName:AT&T cellNetworkSignal:1 cellNetworkState:0 cellNetworkType: 7
04-23 09:22:27.293  5015  5040 D OnStarCommands: getSignalLevel: 1 -> 4
04-23 09:22:27.293  5015  5040 D OnStarCommands: getVoiceRegState: state = 1
04-23 09:22:27.293  5015  5040 D OnStarCommands: onCellNetInfo: No mVoiceNetworkStateRegistrants to notify
04-23 09:22:27.295  5015  5015 V OnStarServiceStateTracker: handleMessage: SIGNAL STRENGTH event = 12  current phone is not OnStar
04-23 09:22:27.295  5015  5015 V OnStarServiceStateTracker: handleMessage: EVENT_NETWORK_STATE_CHANGED: polling states...
04-23 09:22:27.295  5015  5015 V OnStarServiceStateTracker: pollState
04-23 09:22:27.295  5015  5015 D OnStarCommands: getVoiceRegState: state = 1
04-23 09:22:27.295  5015  5015 D OnStarCommands: getOperator: operatorName = AT&T
04-23 09:22:27.295  5015  5015 V OnStarServiceStateTracker: handleMessage: EVENT_POLL_STATE_REGISTRATION: processing...
04-23 09:22:27.295  5015  5015 D OnStarServiceStateTracker: handlePollStateResult: EVENT_POLL_STATE_REGISTRATION: regCode:1, serviceState:0
04-23 09:22:27.295  5015  5015 D PHONE   : [ServiceState] setVoiceRegState=0
04-23 09:22:27.295  5015  5015 V OnStarServiceStateTracker: handleMessage: EVENT_POLL_STATE_OPERATOR: processing...
04-23 09:22:27.295  5015  5015 D OnStarServiceStateTracker: handlePollStateResult: EVENT_POLL_STATE_OPERATOR: opNames[0]: 'AT&T' opNames[1]: '' opNames[2]: ''
04-23 09:22:27.297  5015  5015 D OnStarServiceStateTracker: pollStateDone: oldSS=[0 1 voice home data home AT&T   AT&T    Unknown Unknown CSS not supported -1 -1 RoamInd=-1 DefRoamInd=-1 EmergOnly=false IsDataRoamingFromRegistration=false] newSS=[0 1 voice home data home AT&T   AT&T    Unknown Unknown CSS not supported -1 -1 RoamInd=-1 DefRoamInd=-1 EmergOnly=false IsDataRoamingFromRegistration=false]
04-23 09:22:27.297  5015  5015 D PHONE   : [ServiceState] setNullState=1
04-23 09:22:27.297  5015  5015 D OnStarServiceStateTracker: pollStateDone: Current OutgoingPhone is not OnStar.
04-23 09:23:23.295  5015  5256 V OnStarCommands: onCellNetInfo: cellNetworkName:AT&T cellNetworkSignal:2 cellNetworkState:0 cellNetworkType: 7
04-23 09:23:23.295  5015  5256 D OnStarCommands: getSignalLevel: 2 -> 6
04-23 09:23:23.296  5015  5256 D OnStarCommands: getVoiceRegState: state = 1
04-23 09:23:23.296  5015  5256 D OnStarCommands: onCellNetInfo: No mVoiceNetworkStateRegistrants to notify
04-23 09:23:23.300  5015  5015 V OnStarServiceStateTracker: handleMessage: SIGNAL STRENGTH event = 12  current phone is not OnStar
04-23 09:23:23.301  5015  5015 V OnStarServiceStateTracker: handleMessage: EVENT_NETWORK_STATE_CHANGED: polling states...
04-23 09:23:23.301  5015  5015 V OnStarServiceStateTracker: pollState
04-23 09:23:23.301  5015  5015 D OnStarCommands: getVoiceRegState: state = 1
04-23 09:23:23.301  5015  5015 D OnStarCommands: getOperator: operatorName = AT&T
04-23 09:23:23.301  5015  5015 V OnStarServiceStateTracker: handleMessage: EVENT_POLL_STATE_REGISTRATION: processing...
04-23 09:23:23.301  5015  5015 D OnStarServiceStateTracker: handlePollStateResult: EVENT_POLL_STATE_REGISTRATION: regCode:1, serviceState:0
04-23 09:23:23.301  5015  5015 D PHONE   : [ServiceState] setVoiceRegState=0
04-23 09:23:23.301  5015  5015 V OnStarServiceStateTracker: handleMessage: EVENT_POLL_STATE_OPERATOR: processing...
04-23 09:23:23.301  5015  5015 D OnStarServiceStateTracker: handlePollStateResult: EVENT_POLL_STATE_OPERATOR: opNames[0]: 'AT&T' opNames[1]: '' opNames[2]: ''
04-23 09:23:23.302  5015  5015 D OnStarServiceStateTracker: pollStateDone: oldSS=[0 1 voice home data home AT&T   AT&T    Unknown Unknown CSS not supported -1 -1 RoamInd=-1 DefRoamInd=-1 EmergOnly=false IsDataRoamingFromRegistration=false] newSS=[0 1 voice home data home AT&T   AT&T    Unknown Unknown CSS not supported -1 -1 RoamInd=-1 DefRoamInd=-1 EmergOnly=false IsDataRoamingFromRegistration=false]
04-23 09:23:23.303  5015  5015 D PHONE   : [ServiceState] setNullState=1
04-23 09:23:23.303  5015  5015 D OnStarServiceStateTracker: pollStateDone: Current OutgoingPhone is not OnStar.
04-23 09:23:27.774  5015  5566 V OnStarCommands: onCellNetInfo: cellNetworkName:AT&T cellNetworkSignal:1 cellNetworkState:0 cellNetworkType: 7
04-23 09:23:27.774  5015  5566 D OnStarCommands: getSignalLevel: 1 -> 4
04-23 09:23:27.775  5015  5566 D OnStarCommands: getVoiceRegState: state = 1
04-23 09:23:27.775  5015  5566 D OnStarCommands: onCellNetInfo: No mVoiceNetworkStateRegistrants to notify
04-23 09:23:27.776  5015  5015 V OnStarServiceStateTracker: handleMessage: SIGNAL STRENGTH event = 12  current phone is not OnStar
04-23 09:23:27.776  5015  5015 V OnStarServiceStateTracker: handleMessage: EVENT_NETWORK_STATE_CHANGED: polling states...
04-23 09:23:27.776  5015  5015 V OnStarServiceStateTracker: pollState
04-23 09:23:27.776  5015  5015 D OnStarCommands: getVoiceRegState: state = 1
04-23 09:23:27.776  5015  5015 D OnStarCommands: getOperator: operatorName = AT&T
04-23 09:23:27.776  5015  5015 V OnStarServiceStateTracker: handleMessage: EVENT_POLL_STATE_REGISTRATION: processing...
04-23 09:23:27.776  5015  5015 D OnStarServiceStateTracker: handlePollStateResult: EVENT_POLL_STATE_REGISTRATION: regCode:1, serviceState:0
04-23 09:23:27.776  5015  5015 D PHONE   : [ServiceState] setVoiceRegState=0
04-23 09:23:27.776  5015  5015 V OnStarServiceStateTracker: handleMessage: EVENT_POLL_STATE_OPERATOR: processing...
04-23 09:23:27.776  5015  5015 D OnStarServiceStateTracker: handlePollStateResult: EVENT_POLL_STATE_OPERATOR: opNames[0]: 'AT&T' opNames[1]: '' opNames[2]: ''
04-23 09:23:27.777  5015  5015 D OnStarServiceStateTracker: pollStateDone: oldSS=[0 1 voice home data home AT&T   AT&T    Unknown Unknown CSS not supported -1 -1 RoamInd=-1 DefRoamInd=-1 EmergOnly=false IsDataRoamingFromRegistration=false] newSS=[0 1 voice home data home AT&T   AT&T    Unknown Unknown CSS not supported -1 -1 RoamInd=-1 DefRoamInd=-1 EmergOnly=false IsDataRoamingFromRegistration=false]
04-23 09:23:27.777  5015  5015 D PHONE   : [ServiceState] setNullState=1
04-23 09:23:27.778  5015  5015 D OnStarServiceStateTracker: pollStateDone: Current OutgoingPhone is not OnStar.
04-23 09:25:51.141  5015  5039 V OnStarCommands: onCellNetInfo: cellNetworkName:AT&T cellNetworkSignal:2 cellNetworkState:0 cellNetworkType: 7
04-23 09:25:51.141  5015  5039 D OnStarCommands: getSignalLevel: 2 -> 6
04-23 09:25:51.142  5015  5039 D OnStarCommands: getVoiceRegState: state = 1
04-23 09:25:51.142  5015  5039 D OnStarCommands: onCellNetInfo: No mVoiceNetworkStateRegistrants to notify
04-23 09:25:51.142  5015  5015 V OnStarServiceStateTracker: handleMessage: SIGNAL STRENGTH event = 12  current phone is not OnStar
04-23 09:25:51.142  5015  5015 V OnStarServiceStateTracker: handleMessage: EVENT_NETWORK_STATE_CHANGED: polling states...
04-23 09:25:51.142  5015  5015 V OnStarServiceStateTracker: pollState
04-23 09:25:51.142  5015  5015 D OnStarCommands: getVoiceRegState: state = 1
04-23 09:25:51.142  5015  5015 D OnStarCommands: getOperator: operatorName = AT&T
04-23 09:25:51.143  5015  5015 V OnStarServiceStateTracker: handleMessage: EVENT_POLL_STATE_REGISTRATION: processing...
04-23 09:25:51.143  5015  5015 D OnStarServiceStateTracker: handlePollStateResult: EVENT_POLL_STATE_REGISTRATION: regCode:1, serviceState:0
04-23 09:25:51.143  5015  5015 D PHONE   : [ServiceState] setVoiceRegState=0
04-23 09:25:51.143  5015  5015 V OnStarServiceStateTracker: handleMessage: EVENT_POLL_STATE_OPERATOR: processing...
04-23 09:25:51.143  5015  5015 D OnStarServiceStateTracker: handlePollStateResult: EVENT_POLL_STATE_OPERATOR: opNames[0]: 'AT&T' opNames[1]: '' opNames[2]: ''
04-23 09:25:51.144  5015  5015 D OnStarServiceStateTracker: pollStateDone: oldSS=[0 1 voice home data home AT&T   AT&T    Unknown Unknown CSS not supported -1 -1 RoamInd=-1 DefRoamInd=-1 EmergOnly=false IsDataRoamingFromRegistration=false] newSS=[0 1 voice home data home AT&T   AT&T    Unknown Unknown CSS not supported -1 -1 RoamInd=-1 DefRoamInd=-1 EmergOnly=false IsDataRoamingFromRegistration=false]
04-23 09:25:51.144  5015  5015 D PHONE   : [ServiceState] setNullState=1
04-23 09:25:51.144  5015  5015 D OnStarServiceStateTracker: pollStateDone: Current OutgoingPhone is not OnStar.
04-23 09:25:53.382  5015  5345 V OnStarCommands: onCellNetInfo: cellNetworkName:AT&T cellNetworkSignal:1 cellNetworkState:0 cellNetworkType: 7
04-23 09:25:53.382  5015  5345 D OnStarCommands: getSignalLevel: 1 -> 4
04-23 09:25:53.382  5015  5345 D OnStarCommands: getVoiceRegState: state = 1
04-23 09:25:53.382  5015  5345 D OnStarCommands: onCellNetInfo: No mVoiceNetworkStateRegistrants to notify
04-23 09:25:53.387  5015  5015 V OnStarServiceStateTracker: handleMessage: SIGNAL STRENGTH event = 12  current phone is not OnStar
04-23 09:25:53.387  5015  5015 V OnStarServiceStateTracker: handleMessage: EVENT_NETWORK_STATE_CHANGED: polling states...
04-23 09:25:53.387  5015  5015 V OnStarServiceStateTracker: pollState
04-23 09:25:53.387  5015  5015 D OnStarCommands: getVoiceRegState: state = 1
04-23 09:25:53.387  5015  5015 D OnStarCommands: getOperator: operatorName = AT&T
04-23 09:25:53.389  5015  5015 V OnStarServiceStateTracker: handleMessage: EVENT_POLL_STATE_REGISTRATION: processing...
04-23 09:25:53.389  5015  5015 D OnStarServiceStateTracker: handlePollStateResult: EVENT_POLL_STATE_REGISTRATION: regCode:1, serviceState:0
04-23 09:25:53.389  5015  5015 D PHONE   : [ServiceState] setVoiceRegState=0
04-23 09:25:53.389  5015  5015 V OnStarServiceStateTracker: handleMessage: EVENT_POLL_STATE_OPERATOR: processing...
04-23 09:25:53.389  5015  5015 D OnStarServiceStateTracker: handlePollStateResult: EVENT_POLL_STATE_OPERATOR: opNames[0]: 'AT&T' opNames[1]: '' opNames[2]: ''
04-23 09:25:53.390  5015  5015 D OnStarServiceStateTracker: pollStateDone: oldSS=[0 1 voice home data home AT&T   AT&T    Unknown Unknown CSS not supported -1 -1 RoamInd=-1 DefRoamInd=-1 EmergOnly=false IsDataRoamingFromRegistration=false] newSS=[0 1 voice home data home AT&T   AT&T    Unknown Unknown CSS not supported -1 -1 RoamInd=-1 DefRoamInd=-1 EmergOnly=false IsDataRoamingFromRegistration=false]
04-23 09:25:53.390  5015  5015 D PHONE   : [ServiceState] setNullState=1
04-23 09:25:53.390  5015  5015 D OnStarServiceStateTracker: pollStateDone: Current OutgoingPhone is not OnStar.
04-23 09:26:35.942  5015  5040 V OnStarCommands: onCellNetInfo: cellNetworkName:AT&T cellNetworkSignal:3 cellNetworkState:0 cellNetworkType: 7
04-23 09:26:35.942  5015  5040 D OnStarCommands: getSignalLevel: 3 -> 8
04-23 09:26:35.942  5015  5040 D OnStarCommands: getVoiceRegState: state = 1
04-23 09:26:35.942  5015  5040 D OnStarCommands: onCellNetInfo: No mVoiceNetworkStateRegistrants to notify
04-23 09:26:35.944  5015  5015 V OnStarServiceStateTracker: handleMessage: SIGNAL STRENGTH event = 12  current phone is not OnStar
04-23 09:26:35.944  5015  5015 V OnStarServiceStateTracker: handleMessage: EVENT_NETWORK_STATE_CHANGED: polling states...
04-23 09:26:35.944  5015  5015 V OnStarServiceStateTracker: pollState
04-23 09:26:35.944  5015  5015 D OnStarCommands: getVoiceRegState: state = 1
04-23 09:26:35.944  5015  5015 D OnStarCommands: getOperator: operatorName = AT&T
04-23 09:26:35.944  5015  5015 V OnStarServiceStateTracker: handleMessage: EVENT_POLL_STATE_REGISTRATION: processing...
04-23 09:26:35.944  5015  5015 D OnStarServiceStateTracker: handlePollStateResult: EVENT_POLL_STATE_REGISTRATION: regCode:1, serviceState:0
04-23 09:26:35.944  5015  5015 D PHONE   : [ServiceState] setVoiceRegState=0
04-23 09:26:35.944  5015  5015 V OnStarServiceStateTracker: handleMessage: EVENT_POLL_STATE_OPERATOR: processing...
04-23 09:26:35.944  5015  5015 D OnStarServiceStateTracker: handlePollStateResult: EVENT_POLL_STATE_OPERATOR: opNames[0]: 'AT&T' opNames[1]: '' opNames[2]: ''
04-23 09:26:35.945  5015  5015 D OnStarServiceStateTracker: pollStateDone: oldSS=[0 1 voice home data home AT&T   AT&T    Unknown Unknown CSS not supported -1 -1 RoamInd=-1 DefRoamInd=-1 EmergOnly=false IsDataRoamingFromRegistration=false] newSS=[0 1 voice home data home AT&T   AT&T    Unknown Unknown CSS not supported -1 -1 RoamInd=-1 DefRoamInd=-1 EmergOnly=false IsDataRoamingFromRegistration=false]
04-23 09:26:35.945  5015  5015 D PHONE   : [ServiceState] setNullState=1
04-23 09:26:35.945  5015  5015 D OnStarServiceStateTracker: pollStateDone: Current OutgoingPhone is not OnStar.
04-23 09:26:38.183  5015  5256 V OnStarCommands: onCellNetInfo: cellNetworkName:AT&T cellNetworkSignal:1 cellNetworkState:0 cellNetworkType: 7
04-23 09:26:38.183  5015  5256 D OnStarCommands: getSignalLevel: 1 -> 4
04-23 09:26:38.183  5015  5256 D OnStarCommands: getVoiceRegState: state = 1
04-23 09:26:38.183  5015  5256 D OnStarCommands: onCellNetInfo: No mVoiceNetworkStateRegistrants to notify
04-23 09:26:38.184  5015  5015 V OnStarServiceStateTracker: handleMessage: SIGNAL STRENGTH event = 12  current phone is not OnStar
04-23 09:26:38.184  5015  5015 V OnStarServiceStateTracker: handleMessage: EVENT_NETWORK_STATE_CHANGED: polling states...
04-23 09:26:38.184  5015  5015 V OnStarServiceStateTracker: pollState
04-23 09:26:38.184  5015  5015 D OnStarCommands: getVoiceRegState: state = 1
04-23 09:26:38.185  5015  5015 D OnStarCommands: getOperator: operatorName = AT&T
04-23 09:26:38.185  5015  5015 V OnStarServiceStateTracker: handleMessage: EVENT_POLL_STATE_REGISTRATION: processing...
04-23 09:26:38.185  5015  5015 D OnStarServiceStateTracker: handlePollStateResult: EVENT_POLL_STATE_REGISTRATION: regCode:1, serviceState:0
04-23 09:26:38.185  5015  5015 D PHONE   : [ServiceState] setVoiceRegState=0
04-23 09:26:38.185  5015  5015 V OnStarServiceStateTracker: handleMessage: EVENT_POLL_STATE_OPERATOR: processing...
04-23 09:26:38.185  5015  5015 D OnStarServiceStateTracker: handlePollStateResult: EVENT_POLL_STATE_OPERATOR: opNames[0]: 'AT&T' opNames[1]: '' opNames[2]: ''
04-23 09:26:38.186  5015  5015 D OnStarServiceStateTracker: pollStateDone: oldSS=[0 1 voice home data home AT&T   AT&T    Unknown Unknown CSS not supported -1 -1 RoamInd=-1 DefRoamInd=-1 EmergOnly=false IsDataRoamingFromRegistration=false] newSS=[0 1 voice home data home AT&T   AT&T    Unknown Unknown CSS not supported -1 -1 RoamInd=-1 DefRoamInd=-1 EmergOnly=false IsDataRoamingFromRegistration=false]
04-23 09:26:38.186  5015  5015 D PHONE   : [ServiceState] setNullState=1
04-23 09:26:38.187  5015  5015 D OnStarServiceStateTracker: pollStateDone: Current OutgoingPhone is not OnStar.
04-23 09:27:22.993  5015  5566 V OnStarCommands: onCellNetInfo: cellNetworkName:AT&T cellNetworkSignal:2 cellNetworkState:0 cellNetworkType: 7
04-23 09:27:22.993  5015  5566 D OnStarCommands: getSignalLevel: 2 -> 6
04-23 09:27:22.993  5015  5566 D OnStarCommands: getVoiceRegState: state = 1
04-23 09:27:22.994  5015  5566 D OnStarCommands: onCellNetInfo: No mVoiceNetworkStateRegistrants to notify
04-23 09:27:23.003  5015  5015 V OnStarServiceStateTracker: handleMessage: SIGNAL STRENGTH event = 12  current phone is not OnStar
04-23 09:27:23.004  5015  5015 V OnStarServiceStateTracker: handleMessage: EVENT_NETWORK_STATE_CHANGED: polling states...
04-23 09:27:23.004  5015  5015 V OnStarServiceStateTracker: pollState
04-23 09:27:23.004  5015  5015 D OnStarCommands: getVoiceRegState: state = 1
04-23 09:27:23.004  5015  5015 D OnStarCommands: getOperator: operatorName = AT&T
04-23 09:27:23.004  5015  5015 V OnStarServiceStateTracker: handleMessage: EVENT_POLL_STATE_REGISTRATION: processing...
04-23 09:27:23.004  5015  5015 D OnStarServiceStateTracker: handlePollStateResult: EVENT_POLL_STATE_REGISTRATION: regCode:1, serviceState:0
04-23 09:27:23.004  5015  5015 D PHONE   : [ServiceState] setVoiceRegState=0
04-23 09:27:23.004  5015  5015 V OnStarServiceStateTracker: handleMessage: EVENT_POLL_STATE_OPERATOR: processing...
04-23 09:27:23.004  5015  5015 D OnStarServiceStateTracker: handlePollStateResult: EVENT_POLL_STATE_OPERATOR: opNames[0]: 'AT&T' opNames[1]: '' opNames[2]: ''
04-23 09:27:23.006  5015  5015 D OnStarServiceStateTracker: pollStateDone: oldSS=[0 1 voice home data home AT&T   AT&T    Unknown Unknown CSS not supported -1 -1 RoamInd=-1 DefRoamInd=-1 EmergOnly=false IsDataRoamingFromRegistration=false] newSS=[0 1 voice home data home AT&T   AT&T    Unknown Unknown CSS not supported -1 -1 RoamInd=-1 DefRoamInd=-1 EmergOnly=false IsDataRoamingFromRegistration=false]
04-23 09:27:23.006  5015  5015 D PHONE   : [ServiceState] setNullState=1
04-23 09:27:23.010  5015  5015 D OnStarServiceStateTracker: pollStateDone: Current OutgoingPhone is not OnStar.
04-23 09:27:29.703  5015  5039 V OnStarCommands: onCellNetInfo: cellNetworkName:AT&T cellNetworkSignal:1 cellNetworkState:0 cellNetworkType: 7
04-23 09:27:29.703  5015  5039 D OnStarCommands: getSignalLevel: 1 -> 4
04-23 09:27:29.703  5015  5039 D OnStarCommands: getVoiceRegState: state = 1
04-23 09:27:29.703  5015  5039 D OnStarCommands: onCellNetInfo: No mVoiceNetworkStateRegistrants to notify
04-23 09:27:29.708  5015  5015 V OnStarServiceStateTracker: handleMessage: SIGNAL STRENGTH event = 12  current phone is not OnStar
04-23 09:27:29.708  5015  5015 V OnStarServiceStateTracker: handleMessage: EVENT_NETWORK_STATE_CHANGED: polling states...
04-23 09:27:29.708  5015  5015 V OnStarServiceStateTracker: pollState
04-23 09:27:29.708  5015  5015 D OnStarCommands: getVoiceRegState: state = 1
04-23 09:27:29.708  5015  5015 D OnStarCommands: getOperator: operatorName = AT&T
04-23 09:27:29.708  5015  5015 V OnStarServiceStateTracker: handleMessage: EVENT_POLL_STATE_REGISTRATION: processing...
04-23 09:27:29.708  5015  5015 D OnStarServiceStateTracker: handlePollStateResult: EVENT_POLL_STATE_REGISTRATION: regCode:1, serviceState:0
04-23 09:27:29.708  5015  5015 D PHONE   : [ServiceState] setVoiceRegState=0
04-23 09:27:29.708  5015  5015 V OnStarServiceStateTracker: handleMessage: EVENT_POLL_STATE_OPERATOR: processing...
04-23 09:27:29.708  5015  5015 D OnStarServiceStateTracker: handlePollStateResult: EVENT_POLL_STATE_OPERATOR: opNames[0]: 'AT&T' opNames[1]: '' opNames[2]: ''
04-23 09:27:29.711  5015  5015 D OnStarServiceStateTracker: pollStateDone: oldSS=[0 1 voice home data home AT&T   AT&T    Unknown Unknown CSS not supported -1 -1 RoamInd=-1 DefRoamInd=-1 EmergOnly=false IsDataRoamingFromRegistration=false] newSS=[0 1 voice home data home AT&T   AT&T    Unknown Unknown CSS not supported -1 -1 RoamInd=-1 DefRoamInd=-1 EmergOnly=false IsDataRoamingFromRegistration=false]
04-23 09:27:29.711  5015  5015 D PHONE   : [ServiceState] setNullState=1
04-23 09:27:29.712  5015  5015 D OnStarServiceStateTracker: pollStateDone: Current OutgoingPhone is not OnStar.
04-23 09:27:58.826  5015  5345 V OnStarCommands: onCellNetInfo: cellNetworkName:AT&T cellNetworkSignal:4 cellNetworkState:0 cellNetworkType: 7
04-23 09:27:58.826  5015  5345 D OnStarCommands: getSignalLevel: 4 -> 17
04-23 09:27:58.826  5015  5345 D OnStarCommands: getVoiceRegState: state = 1
04-23 09:27:58.826  5015  5345 D OnStarCommands: onCellNetInfo: No mVoiceNetworkStateRegistrants to notify
04-23 09:27:58.828  5015  5015 V OnStarServiceStateTracker: handleMessage: SIGNAL STRENGTH event = 12  current phone is not OnStar
04-23 09:27:58.828  5015  5015 V OnStarServiceStateTracker: handleMessage: EVENT_NETWORK_STATE_CHANGED: polling states...
04-23 09:27:58.828  5015  5015 V OnStarServiceStateTracker: pollState
04-23 09:27:58.828  5015  5015 D OnStarCommands: getVoiceRegState: state = 1
04-23 09:27:58.828  5015  5015 D OnStarCommands: getOperator: operatorName = AT&T
04-23 09:27:58.828  5015  5015 V OnStarServiceStateTracker: handleMessage: EVENT_POLL_STATE_REGISTRATION: processing...
04-23 09:27:58.828  5015  5015 D OnStarServiceStateTracker: handlePollStateResult: EVENT_POLL_STATE_REGISTRATION: regCode:1, serviceState:0
04-23 09:27:58.828  5015  5015 D PHONE   : [ServiceState] setVoiceRegState=0
04-23 09:27:58.828  5015  5015 V OnStarServiceStateTracker: handleMessage: EVENT_POLL_STATE_OPERATOR: processing...
04-23 09:27:58.828  5015  5015 D OnStarServiceStateTracker: handlePollStateResult: EVENT_POLL_STATE_OPERATOR: opNames[0]: 'AT&T' opNames[1]: '' opNames[2]: ''
04-23 09:27:58.830  5015  5015 D OnStarServiceStateTracker: pollStateDone: oldSS=[0 1 voice home data home AT&T   AT&T    Unknown Unknown CSS not supported -1 -1 RoamInd=-1 DefRoamInd=-1 EmergOnly=false IsDataRoamingFromRegistration=false] newSS=[0 1 voice home data home AT&T   AT&T    Unknown Unknown CSS not supported -1 -1 RoamInd=-1 DefRoamInd=-1 EmergOnly=false IsDataRoamingFromRegistration=false]
04-23 09:27:58.830  5015  5015 D PHONE   : [ServiceState] setNullState=1
04-23 09:27:58.831  5015  5015 D OnStarServiceStateTracker: pollStateDone: Current OutgoingPhone is not OnStar.
04-23 09:28:03.302  5015  5040 V OnStarCommands: onCellNetInfo: cellNetworkName:AT&T cellNetworkSignal:1 cellNetworkState:0 cellNetworkType: 7
04-23 09:28:03.302  5015  5040 D OnStarCommands: getSignalLevel: 1 -> 4
04-23 09:28:03.302  5015  5040 D OnStarCommands: getVoiceRegState: state = 1
04-23 09:28:03.302  5015  5040 D OnStarCommands: onCellNetInfo: No mVoiceNetworkStateRegistrants to notify
04-23 09:28:03.305  5015  5015 V OnStarServiceStateTracker: handleMessage: SIGNAL STRENGTH event = 12  current phone is not OnStar
04-23 09:28:03.305  5015  5015 V OnStarServiceStateTracker: handleMessage: EVENT_NETWORK_STATE_CHANGED: polling states...
04-23 09:28:03.305  5015  5015 V OnStarServiceStateTracker: pollState
04-23 09:28:03.305  5015  5015 D OnStarCommands: getVoiceRegState: state = 1
04-23 09:28:03.305  5015  5015 D OnStarCommands: getOperator: operatorName = AT&T
04-23 09:28:03.305  5015  5015 V OnStarServiceStateTracker: handleMessage: EVENT_POLL_STATE_REGISTRATION: processing...
04-23 09:28:03.305  5015  5015 D OnStarServiceStateTracker: handlePollStateResult: EVENT_POLL_STATE_REGISTRATION: regCode:1, serviceState:0
04-23 09:28:03.305  5015  5015 D PHONE   : [ServiceState] setVoiceRegState=0
04-23 09:28:03.305  5015  5015 V OnStarServiceStateTracker: handleMessage: EVENT_POLL_STATE_OPERATOR: processing...
04-23 09:28:03.305  5015  5015 D OnStarServiceStateTracker: handlePollStateResult: EVENT_POLL_STATE_OPERATOR: opNames[0]: 'AT&T' opNames[1]: '' opNames[2]: ''
04-23 09:28:03.306  5015  5015 D OnStarServiceStateTracker: pollStateDone: oldSS=[0 1 voice home data home AT&T   AT&T    Unknown Unknown CSS not supported -1 -1 RoamInd=-1 DefRoamInd=-1 EmergOnly=false IsDataRoamingFromRegistration=false] newSS=[0 1 voice home data home AT&T   AT&T    Unknown Unknown CSS not supported -1 -1 RoamInd=-1 DefRoamInd=-1 EmergOnly=false IsDataRoamingFromRegistration=false]
04-23 09:28:03.306  5015  5015 D PHONE   : [ServiceState] setNullState=1
04-23 09:28:03.314  5015  5015 D OnStarServiceStateTracker: pollStateDone: Current OutgoingPhone is not OnStar.
04-23 09:28:12.265  5015  5256 V OnStarCommands: onCellNetInfo: cellNetworkName:AT&T cellNetworkSignal:2 cellNetworkState:0 cellNetworkType: 7
04-23 09:28:12.265  5015  5256 D OnStarCommands: getSignalLevel: 2 -> 6
04-23 09:28:12.265  5015  5256 D OnStarCommands: getVoiceRegState: state = 1
04-23 09:28:12.266  5015  5256 D OnStarCommands: onCellNetInfo: No mVoiceNetworkStateRegistrants to notify
04-23 09:28:12.269  5015  5015 V OnStarServiceStateTracker: handleMessage: SIGNAL STRENGTH event = 12  current phone is not OnStar
04-23 09:28:12.269  5015  5015 V OnStarServiceStateTracker: handleMessage: EVENT_NETWORK_STATE_CHANGED: polling states...
04-23 09:28:12.269  5015  5015 V OnStarServiceStateTracker: pollState
04-23 09:28:12.269  5015  5015 D OnStarCommands: getVoiceRegState: state = 1
04-23 09:28:12.269  5015  5015 D OnStarCommands: getOperator: operatorName = AT&T
04-23 09:28:12.269  5015  5015 V OnStarServiceStateTracker: handleMessage: EVENT_POLL_STATE_REGISTRATION: processing...
04-23 09:28:12.269  5015  5015 D OnStarServiceStateTracker: handlePollStateResult: EVENT_POLL_STATE_REGISTRATION: regCode:1, serviceState:0
04-23 09:28:12.269  5015  5015 D PHONE   : [ServiceState] setVoiceRegState=0
04-23 09:28:12.269  5015  5015 V OnStarServiceStateTracker: handleMessage: EVENT_POLL_STATE_OPERATOR: processing...
04-23 09:28:12.269  5015  5015 D OnStarServiceStateTracker: handlePollStateResult: EVENT_POLL_STATE_OPERATOR: opNames[0]: 'AT&T' opNames[1]: '' opNames[2]: ''
04-23 09:28:12.269  5015  5015 D OnStarServiceStateTracker: pollStateDone: oldSS=[0 1 voice home data home AT&T   AT&T    Unknown Unknown CSS not supported -1 -1 RoamInd=-1 DefRoamInd=-1 EmergOnly=false IsDataRoamingFromRegistration=false] newSS=[0 1 voice home data home AT&T   AT&T    Unknown Unknown CSS not supported -1 -1 RoamInd=-1 DefRoamInd=-1 EmergOnly=false IsDataRoamingFromRegistration=false]
04-23 09:28:12.269  5015  5015 D PHONE   : [ServiceState] setNullState=1
04-23 09:28:12.270  5015  5015 D OnStarServiceStateTracker: pollStateDone: Current OutgoingPhone is not OnStar.
04-23 09:28:14.505  5015  5566 V OnStarCommands: onCellNetInfo: cellNetworkName:AT&T cellNetworkSignal:1 cellNetworkState:0 cellNetworkType: 7
04-23 09:28:14.505  5015  5566 D OnStarCommands: getSignalLevel: 1 -> 4
04-23 09:28:14.505  5015  5566 D OnStarCommands: getVoiceRegState: state = 1
04-23 09:28:14.505  5015  5566 D OnStarCommands: onCellNetInfo: No mVoiceNetworkStateRegistrants to notify
04-23 09:28:14.507  5015  5015 V OnStarServiceStateTracker: handleMessage: SIGNAL STRENGTH event = 12  current phone is not OnStar
04-23 09:28:14.507  5015  5015 V OnStarServiceStateTracker: handleMessage: EVENT_NETWORK_STATE_CHANGED: polling states...
04-23 09:28:14.507  5015  5015 V OnStarServiceStateTracker: pollState
04-23 09:28:14.507  5015  5015 D OnStarCommands: getVoiceRegState: state = 1
04-23 09:28:14.507  5015  5015 D OnStarCommands: getOperator: operatorName = AT&T
04-23 09:28:14.507  5015  5015 V OnStarServiceStateTracker: handleMessage: EVENT_POLL_STATE_REGISTRATION: processing...
04-23 09:28:14.507  5015  5015 D OnStarServiceStateTracker: handlePollStateResult: EVENT_POLL_STATE_REGISTRATION: regCode:1, serviceState:0
04-23 09:28:14.507  5015  5015 D PHONE   : [ServiceState] setVoiceRegState=0
04-23 09:28:14.507  5015  5015 V OnStarServiceStateTracker: handleMessage: EVENT_POLL_STATE_OPERATOR: processing...
04-23 09:28:14.508  5015  5015 D OnStarServiceStateTracker: handlePollStateResult: EVENT_POLL_STATE_OPERATOR: opNames[0]: 'AT&T' opNames[1]: '' opNames[2]: ''
04-23 09:28:14.509  5015  5015 D OnStarServiceStateTracker: pollStateDone: oldSS=[0 1 voice home data home AT&T   AT&T    Unknown Unknown CSS not supported -1 -1 RoamInd=-1 DefRoamInd=-1 EmergOnly=false IsDataRoamingFromRegistration=false] newSS=[0 1 voice home data home AT&T   AT&T    Unknown Unknown CSS not supported -1 -1 RoamInd=-1 DefRoamInd=-1 EmergOnly=false IsDataRoamingFromRegistration=false]
04-23 09:28:14.509  5015  5015 D PHONE   : [ServiceState] setNullState=1
04-23 09:28:14.510  5015  5015 D OnStarServiceStateTracker: pollStateDone: Current OutgoingPhone is not OnStar.
04-23 09:28:21.234  5015  5039 V OnStarCommands: onCellNetInfo: cellNetworkName:AT&T cellNetworkSignal:2 cellNetworkState:0 cellNetworkType: 7
04-23 09:28:21.234  5015  5039 D OnStarCommands: getSignalLevel: 2 -> 6
04-23 09:28:21.234  5015  5039 D OnStarCommands: getVoiceRegState: state = 1
04-23 09:28:21.234  5015  5039 D OnStarCommands: onCellNetInfo: No mVoiceNetworkStateRegistrants to notify
04-23 09:28:21.243  5015  5015 V OnStarServiceStateTracker: handleMessage: SIGNAL STRENGTH event = 12  current phone is not OnStar
04-23 09:28:21.243  5015  5015 V OnStarServiceStateTracker: handleMessage: EVENT_NETWORK_STATE_CHANGED: polling states...
04-23 09:28:21.243  5015  5015 V OnStarServiceStateTracker: pollState
04-23 09:28:21.243  5015  5015 D OnStarCommands: getVoiceRegState: state = 1
04-23 09:28:21.243  5015  5015 D OnStarCommands: getOperator: operatorName = AT&T
04-23 09:28:21.243  5015  5015 V OnStarServiceStateTracker: handleMessage: EVENT_POLL_STATE_REGISTRATION: processing...
04-23 09:28:21.243  5015  5015 D OnStarServiceStateTracker: handlePollStateResult: EVENT_POLL_STATE_REGISTRATION: regCode:1, serviceState:0
04-23 09:28:21.243  5015  5015 D PHONE   : [ServiceState] setVoiceRegState=0
04-23 09:28:21.243  5015  5015 V OnStarServiceStateTracker: handleMessage: EVENT_POLL_STATE_OPERATOR: processing...
04-23 09:28:21.243  5015  5015 D OnStarServiceStateTracker: handlePollStateResult: EVENT_POLL_STATE_OPERATOR: opNames[0]: 'AT&T' opNames[1]: '' opNames[2]: ''
04-23 09:28:21.244  5015  5015 D OnStarServiceStateTracker: pollStateDone: oldSS=[0 1 voice home data home AT&T   AT&T    Unknown Unknown CSS not supported -1 -1 RoamInd=-1 DefRoamInd=-1 EmergOnly=false IsDataRoamingFromRegistration=false] newSS=[0 1 voice home data home AT&T   AT&T    Unknown Unknown CSS not supported -1 -1 RoamInd=-1 DefRoamInd=-1 EmergOnly=false IsDataRoamingFromRegistration=false]
04-23 09:28:21.244  5015  5015 D PHONE   : [ServiceState] setNullState=1
04-23 09:28:21.250  5015  5015 D OnStarServiceStateTracker: pollStateDone: Current OutgoingPhone is not OnStar.
04-23 09:28:27.942  5015  5345 V OnStarCommands: onCellNetInfo: cellNetworkName:AT&T cellNetworkSignal:1 cellNetworkState:0 cellNetworkType: 7
04-23 09:28:27.942  5015  5345 D OnStarCommands: getSignalLevel: 1 -> 4
04-23 09:28:27.942  5015  5345 D OnStarCommands: getVoiceRegState: state = 1
04-23 09:28:27.942  5015  5345 D OnStarCommands: onCellNetInfo: No mVoiceNetworkStateRegistrants to notify
04-23 09:28:27.946  5015  5015 V OnStarServiceStateTracker: handleMessage: SIGNAL STRENGTH event = 12  current phone is not OnStar
04-23 09:28:27.946  5015  5015 V OnStarServiceStateTracker: handleMessage: EVENT_NETWORK_STATE_CHANGED: polling states...
04-23 09:28:27.946  5015  5015 V OnStarServiceStateTracker: pollState
04-23 09:28:27.946  5015  5015 D OnStarCommands: getVoiceRegState: state = 1
04-23 09:28:27.946  5015  5015 D OnStarCommands: getOperator: operatorName = AT&T
04-23 09:28:27.946  5015  5015 V OnStarServiceStateTracker: handleMessage: EVENT_POLL_STATE_REGISTRATION: processing...
04-23 09:28:27.946  5015  5015 D OnStarServiceStateTracker: handlePollStateResult: EVENT_POLL_STATE_REGISTRATION: regCode:1, serviceState:0
04-23 09:28:27.947  5015  5015 D PHONE   : [ServiceState] setVoiceRegState=0
04-23 09:28:27.947  5015  5015 V OnStarServiceStateTracker: handleMessage: EVENT_POLL_STATE_OPERATOR: processing...
04-23 09:28:27.947  5015  5015 D OnStarServiceStateTracker: handlePollStateResult: EVENT_POLL_STATE_OPERATOR: opNames[0]: 'AT&T' opNames[1]: '' opNames[2]: ''
04-23 09:28:27.947  5015  5015 D OnStarServiceStateTracker: pollStateDone: oldSS=[0 1 voice home data home AT&T   AT&T    Unknown Unknown CSS not supported -1 -1 RoamInd=-1 DefRoamInd=-1 EmergOnly=false IsDataRoamingFromRegistration=false] newSS=[0 1 voice home data home AT&T   AT&T    Unknown Unknown CSS not supported -1 -1 RoamInd=-1 DefRoamInd=-1 EmergOnly=false IsDataRoamingFromRegistration=false]
04-23 09:28:27.947  5015  5015 D PHONE   : [ServiceState] setNullState=1
04-23 09:28:27.948  5015  5015 D OnStarServiceStateTracker: pollStateDone: Current OutgoingPhone is not OnStar.
04-23 09:28:41.396  5015  5040 V OnStarCommands: onCellNetInfo: cellNetworkName:AT&T cellNetworkSignal:2 cellNetworkState:0 cellNetworkType: 7
04-23 09:28:41.396  5015  5040 D OnStarCommands: getSignalLevel: 2 -> 6
04-23 09:28:41.396  5015  5040 D OnStarCommands: getVoiceRegState: state = 1
04-23 09:28:41.397  5015  5040 D OnStarCommands: onCellNetInfo: No mVoiceNetworkStateRegistrants to notify
04-23 09:28:41.398  5015  5015 V OnStarServiceStateTracker: handleMessage: SIGNAL STRENGTH event = 12  current phone is not OnStar
04-23 09:28:41.398  5015  5015 V OnStarServiceStateTracker: handleMessage: EVENT_NETWORK_STATE_CHANGED: polling states...
04-23 09:28:41.398  5015  5015 V OnStarServiceStateTracker: pollState
04-23 09:28:41.398  5015  5015 D OnStarCommands: getVoiceRegState: state = 1
04-23 09:28:41.398  5015  5015 D OnStarCommands: getOperator: operatorName = AT&T
04-23 09:28:41.398  5015  5015 V OnStarServiceStateTracker: handleMessage: EVENT_POLL_STATE_REGISTRATION: processing...
04-23 09:28:41.398  5015  5015 D OnStarServiceStateTracker: handlePollStateResult: EVENT_POLL_STATE_REGISTRATION: regCode:1, serviceState:0
04-23 09:28:41.398  5015  5015 D PHONE   : [ServiceState] setVoiceRegState=0
04-23 09:28:41.398  5015  5015 V OnStarServiceStateTracker: handleMessage: EVENT_POLL_STATE_OPERATOR: processing...
04-23 09:28:41.398  5015  5015 D OnStarServiceStateTracker: handlePollStateResult: EVENT_POLL_STATE_OPERATOR: opNames[0]: 'AT&T' opNames[1]: '' opNames[2]: ''
04-23 09:28:41.399  5015  5015 D OnStarServiceStateTracker: pollStateDone: oldSS=[0 1 voice home data home AT&T   AT&T    Unknown Unknown CSS not supported -1 -1 RoamInd=-1 DefRoamInd=-1 EmergOnly=false IsDataRoamingFromRegistration=false] newSS=[0 1 voice home data home AT&T   AT&T    Unknown Unknown CSS not supported -1 -1 RoamInd=-1 DefRoamInd=-1 EmergOnly=false IsDataRoamingFromRegistration=false]
04-23 09:28:41.399  5015  5015 D PHONE   : [ServiceState] setNullState=1
04-23 09:28:41.406  5015  5015 D OnStarServiceStateTracker: pollStateDone: Current OutgoingPhone is not OnStar.
04-23 09:28:45.869  5015  5256 V OnStarCommands: onCellNetInfo: cellNetworkName:AT&T cellNetworkSignal:1 cellNetworkState:0 cellNetworkType: 7
04-23 09:28:45.869  5015  5256 D OnStarCommands: getSignalLevel: 1 -> 4
04-23 09:28:45.869  5015  5256 D OnStarCommands: getVoiceRegState: state = 1
04-23 09:28:45.869  5015  5256 D OnStarCommands: onCellNetInfo: No mVoiceNetworkStateRegistrants to notify
04-23 09:28:45.879  5015  5015 V OnStarServiceStateTracker: handleMessage: SIGNAL STRENGTH event = 12  current phone is not OnStar
04-23 09:28:45.879  5015  5015 V OnStarServiceStateTracker: handleMessage: EVENT_NETWORK_STATE_CHANGED: polling states...
04-23 09:28:45.879  5015  5015 V OnStarServiceStateTracker: pollState
04-23 09:28:45.879  5015  5015 D OnStarCommands: getVoiceRegState: state = 1
04-23 09:28:45.879  5015  5015 D OnStarCommands: getOperator: operatorName = AT&T
04-23 09:28:45.879  5015  5015 V OnStarServiceStateTracker: handleMessage: EVENT_POLL_STATE_REGISTRATION: processing...
04-23 09:28:45.879  5015  5015 D OnStarServiceStateTracker: handlePollStateResult: EVENT_POLL_STATE_REGISTRATION: regCode:1, serviceState:0
04-23 09:28:45.879  5015  5015 D PHONE   : [ServiceState] setVoiceRegState=0
04-23 09:28:45.879  5015  5015 V OnStarServiceStateTracker: handleMessage: EVENT_POLL_STATE_OPERATOR: processing...
04-23 09:28:45.879  5015  5015 D OnStarServiceStateTracker: handlePollStateResult: EVENT_POLL_STATE_OPERATOR: opNames[0]: 'AT&T' opNames[1]: '' opNames[2]: ''
04-23 09:28:45.882  5015  5015 D OnStarServiceStateTracker: pollStateDone: oldSS=[0 1 voice home data home AT&T   AT&T    Unknown Unknown CSS not supported -1 -1 RoamInd=-1 DefRoamInd=-1 EmergOnly=false IsDataRoamingFromRegistration=false] newSS=[0 1 voice home data home AT&T   AT&T    Unknown Unknown CSS not supported -1 -1 RoamInd=-1 DefRoamInd=-1 EmergOnly=false IsDataRoamingFromRegistration=false]
04-23 09:28:45.882  5015  5015 D PHONE   : [ServiceState] setNullState=1
04-23 09:28:45.884  5015  5015 D OnStarServiceStateTracker: pollStateDone: Current OutgoingPhone is not OnStar.
04-23 09:28:50.352  5015  5566 V OnStarCommands: onCellNetInfo: cellNetworkName:AT&T cellNetworkSignal:2 cellNetworkState:0 cellNetworkType: 7
04-23 09:28:50.352  5015  5566 D OnStarCommands: getSignalLevel: 2 -> 6
04-23 09:28:50.352  5015  5566 D OnStarCommands: getVoiceRegState: state = 1
