04-23 08:23:25.736  5015  5345 D OnStarCommands: onCellNetInfo: No mVoiceNetworkStateRegistrants to notify
04-23 08:23:25.738  5015  5015 V OnStarServiceStateTracker: handleMessage: SIGNAL STRENGTH event = 12  current phone is not OnStar
04-23 08:23:25.738  5015  5015 V OnStarServiceStateTracker: handleMessage: EVENT_NETWORK_STATE_CHANGED: polling states...
04-23 08:23:25.738  5015  5015 V OnStarServiceStateTracker: pollState
04-23 08:23:25.738  5015  5015 D OnStarCommands: getVoiceRegState: state = 1
04-23 08:23:25.738  5015  5015 D OnStarCommands: getOperator: operatorName = AT&T
04-23 08:23:25.738  5015  5015 V OnStarServiceStateTracker: handleMessage: EVENT_POLL_STATE_REGISTRATION: processing...
04-23 08:23:25.738  5015  5015 D OnStarServiceStateTracker: handlePollStateResult: EVENT_POLL_STATE_REGISTRATION: regCode:1, serviceState:0
04-23 08:23:25.738  5015  5015 D PHONE   : [ServiceState] setVoiceRegState=0
04-23 08:23:25.738  5015  5015 V OnStarServiceStateTracker: handleMessage: EVENT_POLL_STATE_OPERATOR: processing...
04-23 08:23:25.738  5015  5015 D OnStarServiceStateTracker: handlePollStateResult: EVENT_POLL_STATE_OPERATOR: opNames[0]: 'AT&T' opNames[1]: '' opNames[2]: ''
04-23 08:23:25.739  5015  5015 D OnStarServiceStateTracker: pollStateDone: oldSS=[0 1 voice home data home AT&T   AT&T    Unknown Unknown CSS not supported -1 -1 RoamInd=-1 DefRoamInd=-1 EmergOnly=false IsDataRoamingFromRegistration=false] newSS=[0 1 voice home data home AT&T   AT&T    Unknown Unknown CSS not supported -1 -1 RoamInd=-1 DefRoamInd=-1 EmergOnly=false IsDataRoamingFromRegistration=false]
04-23 08:23:25.739  5015  5015 D PHONE   : [ServiceState] setNullState=1
04-23 08:23:25.741  5015  5015 D OnStarServiceStateTracker: pollStateDone: Current OutgoingPhone is not OnStar.
04-23 08:26:26.624  5015  5040 V OnStarCommands: onCellNetInfo: cellNetworkName:AT&T cellNetworkSignal:2 cellNetworkState:0 cellNetworkType: 7
04-23 08:26:26.624  5015  5040 D OnStarCommands: getSignalLevel: 2 -> 6
04-23 08:26:26.625  5015  5040 D OnStarCommands: getVoiceRegState: state = 1
04-23 08:26:26.625  5015  5040 D OnStarCommands: onCellNetInfo: No mVoiceNetworkStateRegistrants to notify
04-23 08:26:26.630  5015  5015 V OnStarServiceStateTracker: handleMessage: SIGNAL STRENGTH event = 12  current phone is not OnStar
04-23 08:26:26.630  5015  5015 V OnStarServiceStateTracker: handleMessage: EVENT_NETWORK_STATE_CHANGED: polling states...
04-23 08:26:26.630  5015  5015 V OnStarServiceStateTracker: pollState
04-23 08:26:26.630  5015  5015 D OnStarCommands: getVoiceRegState: state = 1
04-23 08:26:26.630  5015  5015 D OnStarCommands: getOperator: operatorName = AT&T
04-23 08:26:26.630  5015  5015 V OnStarServiceStateTracker: handleMessage: EVENT_POLL_STATE_REGISTRATION: processing...
04-23 08:26:26.630  5015  5015 D OnStarServiceStateTracker: handlePollStateResult: EVENT_POLL_STATE_REGISTRATION: regCode:1, serviceState:0
04-23 08:26:26.630  5015  5015 D PHONE   : [ServiceState] setVoiceRegState=0
04-23 08:26:26.630  5015  5015 V OnStarServiceStateTracker: handleMessage: EVENT_POLL_STATE_OPERATOR: processing...
04-23 08:26:26.631  5015  5015 D OnStarServiceStateTracker: handlePollStateResult: EVENT_POLL_STATE_OPERATOR: opNames[0]: 'AT&T' opNames[1]: '' opNames[2]: ''
04-23 08:26:26.632  5015  5015 D OnStarServiceStateTracker: pollStateDone: oldSS=[0 1 voice home data home AT&T   AT&T    Unknown Unknown CSS not supported -1 -1 RoamInd=-1 DefRoamInd=-1 EmergOnly=false IsDataRoamingFromRegistration=false] newSS=[0 1 voice home data home AT&T   AT&T    Unknown Unknown CSS not supported -1 -1 RoamInd=-1 DefRoamInd=-1 EmergOnly=false IsDataRoamingFromRegistration=false]
04-23 08:26:26.632  5015  5015 D PHONE   : [ServiceState] setNullState=1
04-23 08:26:26.648  5015  5015 D OnStarServiceStateTracker: pollStateDone: Current OutgoingPhone is not OnStar.
04-23 08:26:29.422  5015  5256 V OnStarCommands: onCellNetInfo: cellNetworkName:AT&T cellNetworkSignal:1 cellNetworkState:0 cellNetworkType: 7
04-23 08:26:29.422  5015  5256 D OnStarCommands: getSignalLevel: 1 -> 4
04-23 08:26:29.422  5015  5256 D OnStarCommands: getVoiceRegState: state = 1
04-23 08:26:29.422  5015  5256 D OnStarCommands: onCellNetInfo: No mVoiceNetworkStateRegistrants to notify
04-23 08:26:29.423  5015  5015 V OnStarServiceStateTracker: handleMessage: SIGNAL STRENGTH event = 12  current phone is not OnStar
04-23 08:26:29.424  5015  5015 V OnStarServiceStateTracker: handleMessage: EVENT_NETWORK_STATE_CHANGED: polling states...
04-23 08:26:29.424  5015  5015 V OnStarServiceStateTracker: pollState
04-23 08:26:29.424  5015  5015 D OnStarCommands: getVoiceRegState: state = 1
04-23 08:26:29.424  5015  5015 D OnStarCommands: getOperator: operatorName = AT&T
04-23 08:26:29.424  5015  5015 V OnStarServiceStateTracker: handleMessage: EVENT_POLL_STATE_REGISTRATION: processing...
04-23 08:26:29.424  5015  5015 D OnStarServiceStateTracker: handlePollStateResult: EVENT_POLL_STATE_REGISTRATION: regCode:1, serviceState:0
04-23 08:26:29.424  5015  5015 D PHONE   : [ServiceState] setVoiceRegState=0
04-23 08:26:29.424  5015  5015 V OnStarServiceStateTracker: handleMessage: EVENT_POLL_STATE_OPERATOR: processing...
04-23 08:26:29.424  5015  5015 D OnStarServiceStateTracker: handlePollStateResult: EVENT_POLL_STATE_OPERATOR: opNames[0]: 'AT&T' opNames[1]: '' opNames[2]: ''
04-23 08:26:29.427  5015  5015 D OnStarServiceStateTracker: pollStateDone: oldSS=[0 1 voice home data home AT&T   AT&T    Unknown Unknown CSS not supported -1 -1 RoamInd=-1 DefRoamInd=-1 EmergOnly=false IsDataRoamingFromRegistration=false] newSS=[0 1 voice home data home AT&T   AT&T    Unknown Unknown CSS not supported -1 -1 RoamInd=-1 DefRoamInd=-1 EmergOnly=false IsDataRoamingFromRegistration=false]
04-23 08:26:29.427  5015  5015 D PHONE   : [ServiceState] setNullState=1
04-23 08:26:29.429  5015  5015 D OnStarServiceStateTracker: pollStateDone: Current OutgoingPhone is not OnStar.
04-23 08:28:11.700  5015  5566 V OnStarCommands: onCellNetInfo: cellNetworkName:AT&T cellNetworkSignal:2 cellNetworkState:0 cellNetworkType: 7
04-23 08:28:11.700  5015  5566 D OnStarCommands: getSignalLevel: 2 -> 6
04-23 08:28:11.700  5015  5566 D OnStarCommands: getVoiceRegState: state = 1
04-23 08:28:11.700  5015  5566 D OnStarCommands: onCellNetInfo: No mVoiceNetworkStateRegistrants to notify
04-23 08:28:11.703  5015  5015 V OnStarServiceStateTracker: handleMessage: SIGNAL STRENGTH event = 12  current phone is not OnStar
04-23 08:28:11.703  5015  5015 V OnStarServiceStateTracker: handleMessage: EVENT_NETWORK_STATE_CHANGED: polling states...
04-23 08:28:11.703  5015  5015 V OnStarServiceStateTracker: pollState
04-23 08:28:11.703  5015  5015 D OnStarCommands: getVoiceRegState: state = 1
04-23 08:28:11.703  5015  5015 D OnStarCommands: getOperator: operatorName = AT&T
04-23 08:28:11.703  5015  5015 V OnStarServiceStateTracker: handleMessage: EVENT_POLL_STATE_REGISTRATION: processing...
04-23 08:28:11.703  5015  5015 D OnStarServiceStateTracker: handlePollStateResult: EVENT_POLL_STATE_REGISTRATION: regCode:1, serviceState:0
04-23 08:28:11.703  5015  5015 D PHONE   : [ServiceState] setVoiceRegState=0
04-23 08:28:11.703  5015  5015 V OnStarServiceStateTracker: handleMessage: EVENT_POLL_STATE_OPERATOR: processing...
04-23 08:28:11.703  5015  5015 D OnStarServiceStateTracker: handlePollStateResult: EVENT_POLL_STATE_OPERATOR: opNames[0]: 'AT&T' opNames[1]: '' opNames[2]: ''
04-23 08:28:11.704  5015  5015 D OnStarServiceStateTracker: pollStateDone: oldSS=[0 1 voice home data home AT&T   AT&T    Unknown Unknown CSS not supported -1 -1 RoamInd=-1 DefRoamInd=-1 EmergOnly=false IsDataRoamingFromRegistration=false] newSS=[0 1 voice home data home AT&T   AT&T    Unknown Unknown CSS not supported -1 -1 RoamInd=-1 DefRoamInd=-1 EmergOnly=false IsDataRoamingFromRegistration=false]
04-23 08:28:11.704  5015  5015 D PHONE   : [ServiceState] setNullState=1
04-23 08:28:11.705  5015  5015 D OnStarServiceStateTracker: pollStateDone: Current OutgoingPhone is not OnStar.
04-23 08:28:14.702  5015  5039 V OnStarCommands: onCellNetInfo: cellNetworkName:AT&T cellNetworkSignal:1 cellNetworkState:0 cellNetworkType: 7
04-23 08:28:14.702  5015  5039 D OnStarCommands: getSignalLevel: 1 -> 4
04-23 08:28:14.702  5015  5039 D OnStarCommands: getVoiceRegState: state = 1
04-23 08:28:14.702  5015  5039 D OnStarCommands: onCellNetInfo: No mVoiceNetworkStateRegistrants to notify
04-23 08:28:14.703  5015  5015 V OnStarServiceStateTracker: handleMessage: SIGNAL STRENGTH event = 12  current phone is not OnStar
04-23 08:28:14.703  5015  5015 V OnStarServiceStateTracker: handleMessage: EVENT_NETWORK_STATE_CHANGED: polling states...
04-23 08:28:14.703  5015  5015 V OnStarServiceStateTracker: pollState
04-23 08:28:14.703  5015  5015 D OnStarCommands: getVoiceRegState: state = 1
04-23 08:28:14.703  5015  5015 D OnStarCommands: getOperator: operatorName = AT&T
04-23 08:28:14.703  5015  5015 V OnStarServiceStateTracker: handleMessage: EVENT_POLL_STATE_REGISTRATION: processing...
04-23 08:28:14.703  5015  5015 D OnStarServiceStateTracker: handlePollStateResult: EVENT_POLL_STATE_REGISTRATION: regCode:1, serviceState:0
04-23 08:28:14.703  5015  5015 D PHONE   : [ServiceState] setVoiceRegState=0
04-23 08:28:14.703  5015  5015 V OnStarServiceStateTracker: handleMessage: EVENT_POLL_STATE_OPERATOR: processing...
04-23 08:28:14.703  5015  5015 D OnStarServiceStateTracker: handlePollStateResult: EVENT_POLL_STATE_OPERATOR: opNames[0]: 'AT&T' opNames[1]: '' opNames[2]: ''
04-23 08:28:14.704  5015  5015 D OnStarServiceStateTracker: pollStateDone: oldSS=[0 1 voice home data home AT&T   AT&T    Unknown Unknown CSS not supported -1 -1 RoamInd=-1 DefRoamInd=-1 EmergOnly=false IsDataRoamingFromRegistration=false] newSS=[0 1 voice home data home AT&T   AT&T    Unknown Unknown CSS not supported -1 -1 RoamInd=-1 DefRoamInd=-1 EmergOnly=false IsDataRoamingFromRegistration=false]
04-23 08:28:14.704  5015  5015 D PHONE   : [ServiceState] setNullState=1
04-23 08:28:14.705  5015  5015 D OnStarServiceStateTracker: pollStateDone: Current OutgoingPhone is not OnStar.
04-23 08:30:29.123  5015  5345 V OnStarCommands: onCellNetInfo: cellNetworkName:AT&T cellNetworkSignal:2 cellNetworkState:0 cellNetworkType: 7
04-23 08:30:29.123  5015  5345 D OnStarCommands: getSignalLevel: 2 -> 6
04-23 08:30:29.123  5015  5345 D OnStarCommands: getVoiceRegState: state = 1
04-23 08:30:29.123  5015  5345 D OnStarCommands: onCellNetInfo: No mVoiceNetworkStateRegistrants to notify
04-23 08:30:29.126  5015  5015 V OnStarServiceStateTracker: handleMessage: SIGNAL STRENGTH event = 12  current phone is not OnStar
04-23 08:30:29.126  5015  5015 V OnStarServiceStateTracker: handleMessage: EVENT_NETWORK_STATE_CHANGED: polling states...
04-23 08:30:29.126  5015  5015 V OnStarServiceStateTracker: pollState
04-23 08:30:29.126  5015  5015 D OnStarCommands: getVoiceRegState: state = 1
04-23 08:30:29.126  5015  5015 D OnStarCommands: getOperator: operatorName = AT&T
04-23 08:30:29.126  5015  5015 V OnStarServiceStateTracker: handleMessage: EVENT_POLL_STATE_REGISTRATION: processing...
04-23 08:30:29.126  5015  5015 D OnStarServiceStateTracker: handlePollStateResult: EVENT_POLL_STATE_REGISTRATION: regCode:1, serviceState:0
04-23 08:30:29.126  5015  5015 D PHONE   : [ServiceState] setVoiceRegState=0
04-23 08:30:29.126  5015  5015 V OnStarServiceStateTracker: handleMessage: EVENT_POLL_STATE_OPERATOR: processing...
04-23 08:30:29.126  5015  5015 D OnStarServiceStateTracker: handlePollStateResult: EVENT_POLL_STATE_OPERATOR: opNames[0]: 'AT&T' opNames[1]: '' opNames[2]: ''
04-23 08:30:29.127  5015  5015 D OnStarServiceStateTracker: pollStateDone: oldSS=[0 1 voice home data home AT&T   AT&T    Unknown Unknown CSS not supported -1 -1 RoamInd=-1 DefRoamInd=-1 EmergOnly=false IsDataRoamingFromRegistration=false] newSS=[0 1 voice home data home AT&T   AT&T    Unknown Unknown CSS not supported -1 -1 RoamInd=-1 DefRoamInd=-1 EmergOnly=false IsDataRoamingFromRegistration=false]
04-23 08:30:29.127  5015  5015 D PHONE   : [ServiceState] setNullState=1
04-23 08:30:29.127  5015  5015 D OnStarServiceStateTracker: pollStateDone: Current OutgoingPhone is not OnStar.
04-23 08:30:35.778  5015  5040 V OnStarCommands: onCellNetInfo: cellNetworkName:AT&T cellNetworkSignal:1 cellNetworkState:0 cellNetworkType: 7
04-23 08:30:35.780  5015  5040 D OnStarCommands: getSignalLevel: 1 -> 4
04-23 08:30:35.780  5015  5040 D OnStarCommands: getVoiceRegState: state = 1
04-23 08:30:35.780  5015  5040 D OnStarCommands: onCellNetInfo: No mVoiceNetworkStateRegistrants to notify
04-23 08:30:35.783  5015  5015 V OnStarServiceStateTracker: handleMessage: SIGNAL STRENGTH event = 12  current phone is not OnStar
04-23 08:30:35.783  5015  5015 V OnStarServiceStateTracker: handleMessage: EVENT_NETWORK_STATE_CHANGED: polling states...
04-23 08:30:35.783  5015  5015 V OnStarServiceStateTracker: pollState
04-23 08:30:35.783  5015  5015 D OnStarCommands: getVoiceRegState: state = 1
04-23 08:30:35.783  5015  5015 D OnStarCommands: getOperator: operatorName = AT&T
04-23 08:30:35.783  5015  5015 V OnStarServiceStateTracker: handleMessage: EVENT_POLL_STATE_REGISTRATION: processing...
04-23 08:30:35.783  5015  5015 D OnStarServiceStateTracker: handlePollStateResult: EVENT_POLL_STATE_REGISTRATION: regCode:1, serviceState:0
04-23 08:30:35.783  5015  5015 D PHONE   : [ServiceState] setVoiceRegState=0
04-23 08:30:35.783  5015  5015 V OnStarServiceStateTracker: handleMessage: EVENT_POLL_STATE_OPERATOR: processing...
04-23 08:30:35.783  5015  5015 D OnStarServiceStateTracker: handlePollStateResult: EVENT_POLL_STATE_OPERATOR: opNames[0]: 'AT&T' opNames[1]: '' opNames[2]: ''
04-23 08:30:35.785  5015  5015 D OnStarServiceStateTracker: pollStateDone: oldSS=[0 1 voice home data home AT&T   AT&T    Unknown Unknown CSS not supported -1 -1 RoamInd=-1 DefRoamInd=-1 EmergOnly=false IsDataRoamingFromRegistration=false] newSS=[0 1 voice home data home AT&T   AT&T    Unknown Unknown CSS not supported -1 -1 RoamInd=-1 DefRoamInd=-1 EmergOnly=false IsDataRoamingFromRegistration=false]
04-23 08:30:35.785  5015  5015 D PHONE   : [ServiceState] setNullState=1
04-23 08:30:35.790  5015  5015 D OnStarServiceStateTracker: pollStateDone: Current OutgoingPhone is not OnStar.
04-23 08:30:38.069  5015  5256 V OnStarCommands: onCellNetInfo: cellNetworkName:AT&T cellNetworkSignal:2 cellNetworkState:0 cellNetworkType: 7
04-23 08:30:38.069  5015  5256 D OnStarCommands: getSignalLevel: 2 -> 6
04-23 08:30:38.069  5015  5256 D OnStarCommands: getVoiceRegState: state = 1
04-23 08:30:38.070  5015  5015 V OnStarServiceStateTracker: handleMessage: SIGNAL STRENGTH event = 12  current phone is not OnStar
04-23 08:30:38.070  5015  5015 V OnStarServiceStateTracker: handleMessage: EVENT_NETWORK_STATE_CHANGED: polling states...
04-23 08:30:38.070  5015  5015 V OnStarServiceStateTracker: pollState
04-23 08:30:38.070  5015  5015 D OnStarCommands: getVoiceRegState: state = 1
04-23 08:30:38.070  5015  5015 D OnStarCommands: getOperator: operatorName = AT&T
04-23 08:30:38.070  5015  5015 V OnStarServiceStateTracker: handleMessage: EVENT_POLL_STATE_REGISTRATION: processing...
04-23 08:30:38.071  5015  5015 D OnStarServiceStateTracker: handlePollStateResult: EVENT_POLL_STATE_REGISTRATION: regCode:1, serviceState:0
04-23 08:30:38.071  5015  5015 D PHONE   : [ServiceState] setVoiceRegState=0
04-23 08:30:38.071  5015  5015 V OnStarServiceStateTracker: handleMessage: EVENT_POLL_STATE_OPERATOR: processing...
04-23 08:30:38.071  5015  5015 D OnStarServiceStateTracker: handlePollStateResult: EVENT_POLL_STATE_OPERATOR: opNames[0]: 'AT&T' opNames[1]: '' opNames[2]: ''
04-23 08:30:38.071  5015  5256 D OnStarCommands: onCellNetInfo: No mVoiceNetworkStateRegistrants to notify
04-23 08:30:38.072  5015  5015 D OnStarServiceStateTracker: pollStateDone: oldSS=[0 1 voice home data home AT&T   AT&T    Unknown Unknown CSS not supported -1 -1 RoamInd=-1 DefRoamInd=-1 EmergOnly=false IsDataRoamingFromRegistration=false] newSS=[0 1 voice home data home AT&T   AT&T    Unknown Unknown CSS not supported -1 -1 RoamInd=-1 DefRoamInd=-1 EmergOnly=false IsDataRoamingFromRegistration=false]
04-23 08:30:38.072  5015  5015 D PHONE   : [ServiceState] setNullState=1
04-23 08:30:38.073  5015  5015 D OnStarServiceStateTracker: pollStateDone: Current OutgoingPhone is not OnStar.
04-23 08:30:41.779  5015  5566 V OnStarCommands: onCellNetInfo: cellNetworkName:AT&T cellNetworkSignal:1 cellNetworkState:0 cellNetworkType: 7
04-23 08:30:41.779  5015  5566 D OnStarCommands: getSignalLevel: 1 -> 4
04-23 08:30:41.779  5015  5566 D OnStarCommands: getVoiceRegState: state = 1
04-23 08:30:41.780  5015  5566 D OnStarCommands: onCellNetInfo: No mVoiceNetworkStateRegistrants to notify
04-23 08:30:41.781  5015  5015 V OnStarServiceStateTracker: handleMessage: SIGNAL STRENGTH event = 12  current phone is not OnStar
04-23 08:30:41.781  5015  5015 V OnStarServiceStateTracker: handleMessage: EVENT_NETWORK_STATE_CHANGED: polling states...
04-23 08:30:41.781  5015  5015 V OnStarServiceStateTracker: pollState
04-23 08:30:41.781  5015  5015 D OnStarCommands: getVoiceRegState: state = 1
04-23 08:30:41.781  5015  5015 D OnStarCommands: getOperator: operatorName = AT&T
04-23 08:30:41.781  5015  5015 V OnStarServiceStateTracker: handleMessage: EVENT_POLL_STATE_REGISTRATION: processing...
04-23 08:30:41.781  5015  5015 D OnStarServiceStateTracker: handlePollStateResult: EVENT_POLL_STATE_REGISTRATION: regCode:1, serviceState:0
04-23 08:30:41.781  5015  5015 D PHONE   : [ServiceState] setVoiceRegState=0
04-23 08:30:41.781  5015  5015 V OnStarServiceStateTracker: handleMessage: EVENT_POLL_STATE_OPERATOR: processing...
04-23 08:30:41.781  5015  5015 D OnStarServiceStateTracker: handlePollStateResult: EVENT_POLL_STATE_OPERATOR: opNames[0]: 'AT&T' opNames[1]: '' opNames[2]: ''
04-23 08:30:41.782  5015  5015 D OnStarServiceStateTracker: pollStateDone: oldSS=[0 1 voice home data home AT&T   AT&T    Unknown Unknown CSS not supported -1 -1 RoamInd=-1 DefRoamInd=-1 EmergOnly=false IsDataRoamingFromRegistration=false] newSS=[0 1 voice home data home AT&T   AT&T    Unknown Unknown CSS not supported -1 -1 RoamInd=-1 DefRoamInd=-1 EmergOnly=false IsDataRoamingFromRegistration=false]
04-23 08:30:41.782  5015  5015 D PHONE   : [ServiceState] setNullState=1
04-23 08:30:41.783  5015  5015 D OnStarServiceStateTracker: pollStateDone: Current OutgoingPhone is not OnStar.
04-23 08:31:08.807  5015  5039 V OnStarCommands: onCellNetInfo: cellNetworkName:AT&T cellNetworkSignal:2 cellNetworkState:0 cellNetworkType: 7
04-23 08:31:08.807  5015  5039 D OnStarCommands: getSignalLevel: 2 -> 6
04-23 08:31:08.807  5015  5039 D OnStarCommands: getVoiceRegState: state = 1
04-23 08:31:08.807  5015  5039 D OnStarCommands: onCellNetInfo: No mVoiceNetworkStateRegistrants to notify
04-23 08:31:08.810  5015  5015 V OnStarServiceStateTracker: handleMessage: SIGNAL STRENGTH event = 12  current phone is not OnStar
04-23 08:31:08.810  5015  5015 V OnStarServiceStateTracker: handleMessage: EVENT_NETWORK_STATE_CHANGED: polling states...
04-23 08:31:08.810  5015  5015 V OnStarServiceStateTracker: pollState
04-23 08:31:08.810  5015  5015 D OnStarCommands: getVoiceRegState: state = 1
04-23 08:31:08.810  5015  5015 D OnStarCommands: getOperator: operatorName = AT&T
04-23 08:31:08.810  5015  5015 V OnStarServiceStateTracker: handleMessage: EVENT_POLL_STATE_REGISTRATION: processing...
04-23 08:31:08.810  5015  5015 D OnStarServiceStateTracker: handlePollStateResult: EVENT_POLL_STATE_REGISTRATION: regCode:1, serviceState:0
04-23 08:31:08.810  5015  5015 D PHONE   : [ServiceState] setVoiceRegState=0
04-23 08:31:08.810  5015  5015 V OnStarServiceStateTracker: handleMessage: EVENT_POLL_STATE_OPERATOR: processing...
04-23 08:31:08.810  5015  5015 D OnStarServiceStateTracker: handlePollStateResult: EVENT_POLL_STATE_OPERATOR: opNames[0]: 'AT&T' opNames[1]: '' opNames[2]: ''
04-23 08:31:08.813  5015  5015 D OnStarServiceStateTracker: pollStateDone: oldSS=[0 1 voice home data home AT&T   AT&T    Unknown Unknown CSS not supported -1 -1 RoamInd=-1 DefRoamInd=-1 EmergOnly=false IsDataRoamingFromRegistration=false] newSS=[0 1 voice home data home AT&T   AT&T    Unknown Unknown CSS not supported -1 -1 RoamInd=-1 DefRoamInd=-1 EmergOnly=false IsDataRoamingFromRegistration=false]
04-23 08:31:08.813  5015  5015 D PHONE   : [ServiceState] setNullState=1
04-23 08:31:08.814  5015  5015 D OnStarServiceStateTracker: pollStateDone: Current OutgoingPhone is not OnStar.
04-23 08:31:11.663  5015  5345 V OnStarCommands: onCellNetInfo: cellNetworkName:AT&T cellNetworkSignal:1 cellNetworkState:0 cellNetworkType: 7
04-23 08:31:11.663  5015  5345 D OnStarCommands: getSignalLevel: 1 -> 4
04-23 08:31:11.664  5015  5345 D OnStarCommands: getVoiceRegState: state = 1
04-23 08:31:11.664  5015  5345 D OnStarCommands: onCellNetInfo: No mVoiceNetworkStateRegistrants to notify
04-23 08:31:11.669  5015  5015 V OnStarServiceStateTracker: handleMessage: SIGNAL STRENGTH event = 12  current phone is not OnStar
04-23 08:31:11.669  5015  5015 V OnStarServiceStateTracker: handleMessage: EVENT_NETWORK_STATE_CHANGED: polling states...
04-23 08:31:11.669  5015  5015 V OnStarServiceStateTracker: pollState
04-23 08:31:11.669  5015  5015 D OnStarCommands: getVoiceRegState: state = 1
04-23 08:31:11.669  5015  5015 D OnStarCommands: getOperator: operatorName = AT&T
04-23 08:31:11.669  5015  5015 V OnStarServiceStateTracker: handleMessage: EVENT_POLL_STATE_REGISTRATION: processing...
04-23 08:31:11.669  5015  5015 D OnStarServiceStateTracker: handlePollStateResult: EVENT_POLL_STATE_REGISTRATION: regCode:1, serviceState:0
04-23 08:31:11.669  5015  5015 D PHONE   : [ServiceState] setVoiceRegState=0
04-23 08:31:11.669  5015  5015 V OnStarServiceStateTracker: handleMessage: EVENT_POLL_STATE_OPERATOR: processing...
04-23 08:31:11.669  5015  5015 D OnStarServiceStateTracker: handlePollStateResult: EVENT_POLL_STATE_OPERATOR: opNames[0]: 'AT&T' opNames[1]: '' opNames[2]: ''
04-23 08:31:11.670  5015  5015 D OnStarServiceStateTracker: pollStateDone: oldSS=[0 1 voice home data home AT&T   AT&T    Unknown Unknown CSS not supported -1 -1 RoamInd=-1 DefRoamInd=-1 EmergOnly=false IsDataRoamingFromRegistration=false] newSS=[0 1 voice home data home AT&T   AT&T    Unknown Unknown CSS not supported -1 -1 RoamInd=-1 DefRoamInd=-1 EmergOnly=false IsDataRoamingFromRegistration=false]
04-23 08:31:11.670  5015  5015 D PHONE   : [ServiceState] setNullState=1
04-23 08:31:11.671  5015  5015 D OnStarServiceStateTracker: pollStateDone: Current OutgoingPhone is not OnStar.
04-23 08:31:13.917  5015  5040 V OnStarCommands: onCellNetInfo: cellNetworkName:AT&T cellNetworkSignal:2 cellNetworkState:0 cellNetworkType: 7
04-23 08:31:13.918  5015  5040 D OnStarCommands: getSignalLevel: 2 -> 6
04-23 08:31:13.918  5015  5040 D OnStarCommands: getVoiceRegState: state = 1
04-23 08:31:13.918  5015  5040 D OnStarCommands: onCellNetInfo: No mVoiceNetworkStateRegistrants to notify
04-23 08:31:13.922  5015  5015 V OnStarServiceStateTracker: handleMessage: SIGNAL STRENGTH event = 12  current phone is not OnStar
04-23 08:31:13.922  5015  5015 V OnStarServiceStateTracker: handleMessage: EVENT_NETWORK_STATE_CHANGED: polling states...
04-23 08:31:13.922  5015  5015 V OnStarServiceStateTracker: pollState
04-23 08:31:13.922  5015  5015 D OnStarCommands: getVoiceRegState: state = 1
04-23 08:31:13.922  5015  5015 D OnStarCommands: getOperator: operatorName = AT&T
04-23 08:31:13.922  5015  5015 V OnStarServiceStateTracker: handleMessage: EVENT_POLL_STATE_REGISTRATION: processing...
04-23 08:31:13.922  5015  5015 D OnStarServiceStateTracker: handlePollStateResult: EVENT_POLL_STATE_REGISTRATION: regCode:1, serviceState:0
04-23 08:31:13.922  5015  5015 D PHONE   : [ServiceState] setVoiceRegState=0
04-23 08:31:13.922  5015  5015 V OnStarServiceStateTracker: handleMessage: EVENT_POLL_STATE_OPERATOR: processing...
04-23 08:31:13.922  5015  5015 D OnStarServiceStateTracker: handlePollStateResult: EVENT_POLL_STATE_OPERATOR: opNames[0]: 'AT&T' opNames[1]: '' opNames[2]: ''
04-23 08:31:13.923  5015  5015 D OnStarServiceStateTracker: pollStateDone: oldSS=[0 1 voice home data home AT&T   AT&T    Unknown Unknown CSS not supported -1 -1 RoamInd=-1 DefRoamInd=-1 EmergOnly=false IsDataRoamingFromRegistration=false] newSS=[0 1 voice home data home AT&T   AT&T    Unknown Unknown CSS not supported -1 -1 RoamInd=-1 DefRoamInd=-1 EmergOnly=false IsDataRoamingFromRegistration=false]
04-23 08:31:13.923  5015  5015 D PHONE   : [ServiceState] setNullState=1
04-23 08:31:13.925  5015  5015 D OnStarServiceStateTracker: pollStateDone: Current OutgoingPhone is not OnStar.
04-23 08:31:17.810  5015  5256 V OnStarCommands: onCellNetInfo: cellNetworkName:AT&T cellNetworkSignal:1 cellNetworkState:0 cellNetworkType: 7
04-23 08:31:17.810  5015  5256 D OnStarCommands: getSignalLevel: 1 -> 4
04-23 08:31:17.810  5015  5256 D OnStarCommands: getVoiceRegState: state = 1
04-23 08:31:17.810  5015  5256 D OnStarCommands: onCellNetInfo: No mVoiceNetworkStateRegistrants to notify
04-23 08:31:17.814  5015  5015 V OnStarServiceStateTracker: handleMessage: SIGNAL STRENGTH event = 12  current phone is not OnStar
04-23 08:31:17.814  5015  5015 V OnStarServiceStateTracker: handleMessage: EVENT_NETWORK_STATE_CHANGED: polling states...
04-23 08:31:17.814  5015  5015 V OnStarServiceStateTracker: pollState
04-23 08:31:17.814  5015  5015 D OnStarCommands: getVoiceRegState: state = 1
04-23 08:31:17.814  5015  5015 D OnStarCommands: getOperator: operatorName = AT&T
04-23 08:31:17.814  5015  5015 V OnStarServiceStateTracker: handleMessage: EVENT_POLL_STATE_REGISTRATION: processing...
04-23 08:31:17.814  5015  5015 D OnStarServiceStateTracker: handlePollStateResult: EVENT_POLL_STATE_REGISTRATION: regCode:1, serviceState:0
04-23 08:31:17.814  5015  5015 D PHONE   : [ServiceState] setVoiceRegState=0
04-23 08:31:17.814  5015  5015 V OnStarServiceStateTracker: handleMessage: EVENT_POLL_STATE_OPERATOR: processing...
04-23 08:31:17.814  5015  5015 D OnStarServiceStateTracker: handlePollStateResult: EVENT_POLL_STATE_OPERATOR: opNames[0]: 'AT&T' opNames[1]: '' opNames[2]: ''
04-23 08:31:17.817  5015  5015 D OnStarServiceStateTracker: pollStateDone: oldSS=[0 1 voice home data home AT&T   AT&T    Unknown Unknown CSS not supported -1 -1 RoamInd=-1 DefRoamInd=-1 EmergOnly=false IsDataRoamingFromRegistration=false] newSS=[0 1 voice home data home AT&T   AT&T    Unknown Unknown CSS not supported -1 -1 RoamInd=-1 DefRoamInd=-1 EmergOnly=false IsDataRoamingFromRegistration=false]
04-23 08:31:17.817  5015  5015 D PHONE   : [ServiceState] setNullState=1
04-23 08:31:17.818  5015  5015 D OnStarServiceStateTracker: pollStateDone: Current OutgoingPhone is not OnStar.
04-23 08:34:26.553  5015  5566 V OnStarCommands: onCellNetInfo: cellNetworkName:AT&T cellNetworkSignal:2 cellNetworkState:0 cellNetworkType: 7
04-23 08:34:26.553  5015  5566 D OnStarCommands: getSignalLevel: 2 -> 6
04-23 08:34:26.553  5015  5566 D OnStarCommands: getVoiceRegState: state = 1
04-23 08:34:26.553  5015  5566 D OnStarCommands: onCellNetInfo: No mVoiceNetworkStateRegistrants to notify
04-23 08:34:26.557  5015  5015 V OnStarServiceStateTracker: handleMessage: SIGNAL STRENGTH event = 12  current phone is not OnStar
04-23 08:34:26.557  5015  5015 V OnStarServiceStateTracker: handleMessage: EVENT_NETWORK_STATE_CHANGED: polling states...
04-23 08:34:26.557  5015  5015 V OnStarServiceStateTracker: pollState
04-23 08:34:26.557  5015  5015 D OnStarCommands: getVoiceRegState: state = 1
04-23 08:34:26.557  5015  5015 D OnStarCommands: getOperator: operatorName = AT&T
04-23 08:34:26.557  5015  5015 V OnStarServiceStateTracker: handleMessage: EVENT_POLL_STATE_REGISTRATION: processing...
04-23 08:34:26.557  5015  5015 D OnStarServiceStateTracker: handlePollStateResult: EVENT_POLL_STATE_REGISTRATION: regCode:1, serviceState:0
04-23 08:34:26.557  5015  5015 D PHONE   : [ServiceState] setVoiceRegState=0
04-23 08:34:26.557  5015  5015 V OnStarServiceStateTracker: handleMessage: EVENT_POLL_STATE_OPERATOR: processing...
04-23 08:34:26.557  5015  5015 D OnStarServiceStateTracker: handlePollStateResult: EVENT_POLL_STATE_OPERATOR: opNames[0]: 'AT&T' opNames[1]: '' opNames[2]: ''
04-23 08:34:26.558  5015  5015 D OnStarServiceStateTracker: pollStateDone: oldSS=[0 1 voice home data home AT&T   AT&T    Unknown Unknown CSS not supported -1 -1 RoamInd=-1 DefRoamInd=-1 EmergOnly=false IsDataRoamingFromRegistration=false] newSS=[0 1 voice home data home AT&T   AT&T    Unknown Unknown CSS not supported -1 -1 RoamInd=-1 DefRoamInd=-1 EmergOnly=false IsDataRoamingFromRegistration=false]
04-23 08:34:26.558  5015  5015 D PHONE   : [ServiceState] setNullState=1
04-23 08:34:26.558  5015  5015 D OnStarServiceStateTracker: pollStateDone: Current OutgoingPhone is not OnStar.
04-23 08:34:35.522  5015  5039 V OnStarCommands: onCellNetInfo: cellNetworkName:AT&T cellNetworkSignal:1 cellNetworkState:0 cellNetworkType: 7
04-23 08:34:35.522  5015  5039 D OnStarCommands: getSignalLevel: 1 -> 4
04-23 08:34:35.522  5015  5039 D OnStarCommands: getVoiceRegState: state = 1
04-23 08:34:35.522  5015  5039 D OnStarCommands: onCellNetInfo: No mVoiceNetworkStateRegistrants to notify
04-23 08:34:35.526  5015  5015 V OnStarServiceStateTracker: handleMessage: SIGNAL STRENGTH event = 12  current phone is not OnStar
04-23 08:34:35.526  5015  5015 V OnStarServiceStateTracker: handleMessage: EVENT_NETWORK_STATE_CHANGED: polling states...
04-23 08:34:35.526  5015  5015 V OnStarServiceStateTracker: pollState
04-23 08:34:35.526  5015  5015 D OnStarCommands: getVoiceRegState: state = 1
04-23 08:34:35.526  5015  5015 D OnStarCommands: getOperator: operatorName = AT&T
04-23 08:34:35.526  5015  5015 V OnStarServiceStateTracker: handleMessage: EVENT_POLL_STATE_REGISTRATION: processing...
04-23 08:34:35.526  5015  5015 D OnStarServiceStateTracker: handlePollStateResult: EVENT_POLL_STATE_REGISTRATION: regCode:1, serviceState:0
04-23 08:34:35.526  5015  5015 D PHONE   : [ServiceState] setVoiceRegState=0
04-23 08:34:35.526  5015  5015 V OnStarServiceStateTracker: handleMessage: EVENT_POLL_STATE_OPERATOR: processing...
04-23 08:34:35.526  5015  5015 D OnStarServiceStateTracker: handlePollStateResult: EVENT_POLL_STATE_OPERATOR: opNames[0]: 'AT&T' opNames[1]: '' opNames[2]: ''
04-23 08:34:35.531  5015  5015 D OnStarServiceStateTracker: pollStateDone: oldSS=[0 1 voice home data home AT&T   AT&T    Unknown Unknown CSS not supported -1 -1 RoamInd=-1 DefRoamInd=-1 EmergOnly=false IsDataRoamingFromRegistration=false] newSS=[0 1 voice home data home AT&T   AT&T    Unknown Unknown CSS not supported -1 -1 RoamInd=-1 DefRoamInd=-1 EmergOnly=false IsDataRoamingFromRegistration=false]
04-23 08:34:35.531  5015  5015 D PHONE   : [ServiceState] setNullState=1
04-23 08:34:35.535  5015  5015 D OnStarServiceStateTracker: pollStateDone: Current OutgoingPhone is not OnStar.
04-23 08:35:23.936  5015  5345 V OnStarCommands: onCellNetInfo: cellNetworkName:AT&T cellNetworkSignal:2 cellNetworkState:0 cellNetworkType: 7
04-23 08:35:23.936  5015  5345 D OnStarCommands: getSignalLevel: 2 -> 6
04-23 08:35:23.936  5015  5345 D OnStarCommands: getVoiceRegState: state = 1
04-23 08:35:23.936  5015  5345 D OnStarCommands: onCellNetInfo: No mVoiceNetworkStateRegistrants to notify
04-23 08:35:23.939  5015  5015 V OnStarServiceStateTracker: handleMessage: SIGNAL STRENGTH event = 12  current phone is not OnStar
04-23 08:35:23.939  5015  5015 V OnStarServiceStateTracker: handleMessage: EVENT_NETWORK_STATE_CHANGED: polling states...
04-23 08:35:23.939  5015  5015 V OnStarServiceStateTracker: pollState
04-23 08:35:23.939  5015  5015 D OnStarCommands: getVoiceRegState: state = 1
04-23 08:35:23.939  5015  5015 D OnStarCommands: getOperator: operatorName = AT&T
04-23 08:35:23.939  5015  5015 V OnStarServiceStateTracker: handleMessage: EVENT_POLL_STATE_REGISTRATION: processing...
04-23 08:35:23.939  5015  5015 D OnStarServiceStateTracker: handlePollStateResult: EVENT_POLL_STATE_REGISTRATION: regCode:1, serviceState:0
04-23 08:35:23.939  5015  5015 D PHONE   : [ServiceState] setVoiceRegState=0
04-23 08:35:23.939  5015  5015 V OnStarServiceStateTracker: handleMessage: EVENT_POLL_STATE_OPERATOR: processing...
04-23 08:35:23.939  5015  5015 D OnStarServiceStateTracker: handlePollStateResult: EVENT_POLL_STATE_OPERATOR: opNames[0]: 'AT&T' opNames[1]: '' opNames[2]: ''
04-23 08:35:23.944  5015  5015 D OnStarServiceStateTracker: pollStateDone: oldSS=[0 1 voice home data home AT&T   AT&T    Unknown Unknown CSS not supported -1 -1 RoamInd=-1 DefRoamInd=-1 EmergOnly=false IsDataRoamingFromRegistration=false] newSS=[0 1 voice home data home AT&T   AT&T    Unknown Unknown CSS not supported -1 -1 RoamInd=-1 DefRoamInd=-1 EmergOnly=false IsDataRoamingFromRegistration=false]
04-23 08:35:23.944  5015  5015 D PHONE   : [ServiceState] setNullState=1
04-23 08:35:23.945  5015  5015 D OnStarServiceStateTracker: pollStateDone: Current OutgoingPhone is not OnStar.
04-23 08:35:26.942  5015  5040 V OnStarCommands: onCellNetInfo: cellNetworkName:AT&T cellNetworkSignal:1 cellNetworkState:0 cellNetworkType: 7
04-23 08:35:26.942  5015  5040 D OnStarCommands: getSignalLevel: 1 -> 4
04-23 08:35:26.942  5015  5040 D OnStarCommands: getVoiceRegState: state = 1
04-23 08:35:26.942  5015  5040 D OnStarCommands: onCellNetInfo: No mVoiceNetworkStateRegistrants to notify
04-23 08:35:26.947  5015  5015 V OnStarServiceStateTracker: handleMessage: SIGNAL STRENGTH event = 12  current phone is not OnStar
04-23 08:35:26.947  5015  5015 V OnStarServiceStateTracker: handleMessage: EVENT_NETWORK_STATE_CHANGED: polling states...
04-23 08:35:26.947  5015  5015 V OnStarServiceStateTracker: pollState
04-23 08:35:26.947  5015  5015 D OnStarCommands: getVoiceRegState: state = 1
04-23 08:35:26.947  5015  5015 D OnStarCommands: getOperator: operatorName = AT&T
04-23 08:35:26.947  5015  5015 V OnStarServiceStateTracker: handleMessage: EVENT_POLL_STATE_REGISTRATION: processing...
04-23 08:35:26.947  5015  5015 D OnStarServiceStateTracker: handlePollStateResult: EVENT_POLL_STATE_REGISTRATION: regCode:1, serviceState:0
04-23 08:35:26.947  5015  5015 D PHONE   : [ServiceState] setVoiceRegState=0
04-23 08:35:26.947  5015  5015 V OnStarServiceStateTracker: handleMessage: EVENT_POLL_STATE_OPERATOR: processing...
04-23 08:35:26.947  5015  5015 D OnStarServiceStateTracker: handlePollStateResult: EVENT_POLL_STATE_OPERATOR: opNames[0]: 'AT&T' opNames[1]: '' opNames[2]: ''
04-23 08:35:26.948  5015  5015 D OnStarServiceStateTracker: pollStateDone: oldSS=[0 1 voice home data home AT&T   AT&T    Unknown Unknown CSS not supported -1 -1 RoamInd=-1 DefRoamInd=-1 EmergOnly=false IsDataRoamingFromRegistration=false] newSS=[0 1 voice home data home AT&T   AT&T    Unknown Unknown CSS not supported -1 -1 RoamInd=-1 DefRoamInd=-1 EmergOnly=false IsDataRoamingFromRegistration=false]
04-23 08:35:26.948  5015  5015 D PHONE   : [ServiceState] setNullState=1
04-23 08:35:26.952  5015  5015 D OnStarServiceStateTracker: pollStateDone: Current OutgoingPhone is not OnStar.
04-23 08:36:14.082  5015  5256 V OnStarCommands: onCellNetInfo: cellNetworkName:AT&T cellNetworkSignal:2 cellNetworkState:0 cellNetworkType: 7
04-23 08:36:14.082  5015  5256 D OnStarCommands: getSignalLevel: 2 -> 6
04-23 08:36:14.082  5015  5256 D OnStarCommands: getVoiceRegState: state = 1
04-23 08:36:14.082  5015  5256 D OnStarCommands: onCellNetInfo: No mVoiceNetworkStateRegistrants to notify
04-23 08:36:14.091  5015  5015 V OnStarServiceStateTracker: handleMessage: SIGNAL STRENGTH event = 12  current phone is not OnStar
04-23 08:36:14.091  5015  5015 V OnStarServiceStateTracker: handleMessage: EVENT_NETWORK_STATE_CHANGED: polling states...
04-23 08:36:14.091  5015  5015 V OnStarServiceStateTracker: pollState
04-23 08:36:14.092  5015  5015 D OnStarCommands: getVoiceRegState: state = 1
04-23 08:36:14.092  5015  5015 D OnStarCommands: getOperator: operatorName = AT&T
04-23 08:36:14.092  5015  5015 V OnStarServiceStateTracker: handleMessage: EVENT_POLL_STATE_REGISTRATION: processing...
04-23 08:36:14.092  5015  5015 D OnStarServiceStateTracker: handlePollStateResult: EVENT_POLL_STATE_REGISTRATION: regCode:1, serviceState:0
04-23 08:36:14.092  5015  5015 D PHONE   : [ServiceState] setVoiceRegState=0
04-23 08:36:14.092  5015  5015 V OnStarServiceStateTracker: handleMessage: EVENT_POLL_STATE_OPERATOR: processing...
04-23 08:36:14.092  5015  5015 D OnStarServiceStateTracker: handlePollStateResult: EVENT_POLL_STATE_OPERATOR: opNames[0]: 'AT&T' opNames[1]: '' opNames[2]: ''
04-23 08:36:14.093  5015  5015 D OnStarServiceStateTracker: pollStateDone: oldSS=[0 1 voice home data home AT&T   AT&T    Unknown Unknown CSS not supported -1 -1 RoamInd=-1 DefRoamInd=-1 EmergOnly=false IsDataRoamingFromRegistration=false] newSS=[0 1 voice home data home AT&T   AT&T    Unknown Unknown CSS not supported -1 -1 RoamInd=-1 DefRoamInd=-1 EmergOnly=false IsDataRoamingFromRegistration=false]
04-23 08:36:14.093  5015  5015 D PHONE   : [ServiceState] setNullState=1
04-23 08:36:14.094  5015  5015 D OnStarServiceStateTracker: pollStateDone: Current OutgoingPhone is not OnStar.
04-23 08:36:17.967  5015  5566 V OnStarCommands: onCellNetInfo: cellNetworkName:AT&T cellNetworkSignal:1 cellNetworkState:0 cellNetworkType: 7
04-23 08:36:17.968  5015  5566 D OnStarCommands: getSignalLevel: 1 -> 4
04-23 08:36:17.968  5015  5566 D OnStarCommands: getVoiceRegState: state = 1
04-23 08:36:17.968  5015  5566 D OnStarCommands: onCellNetInfo: No mVoiceNetworkStateRegistrants to notify
04-23 08:36:17.969  5015  5015 V OnStarServiceStateTracker: handleMessage: SIGNAL STRENGTH event = 12  current phone is not OnStar
04-23 08:36:17.969  5015  5015 V OnStarServiceStateTracker: handleMessage: EVENT_NETWORK_STATE_CHANGED: polling states...
04-23 08:36:17.969  5015  5015 V OnStarServiceStateTracker: pollState
04-23 08:36:17.969  5015  5015 D OnStarCommands: getVoiceRegState: state = 1
04-23 08:36:17.969  5015  5015 D OnStarCommands: getOperator: operatorName = AT&T
04-23 08:36:17.969  5015  5015 V OnStarServiceStateTracker: handleMessage: EVENT_POLL_STATE_REGISTRATION: processing...
04-23 08:36:17.969  5015  5015 D OnStarServiceStateTracker: handlePollStateResult: EVENT_POLL_STATE_REGISTRATION: regCode:1, serviceState:0
04-23 08:36:17.969  5015  5015 D PHONE   : [ServiceState] setVoiceRegState=0
04-23 08:36:17.969  5015  5015 V OnStarServiceStateTracker: handleMessage: EVENT_POLL_STATE_OPERATOR: processing...
04-23 08:36:17.969  5015  5015 D OnStarServiceStateTracker: handlePollStateResult: EVENT_POLL_STATE_OPERATOR: opNames[0]: 'AT&T' opNames[1]: '' opNames[2]: ''
04-23 08:36:17.971  5015  5015 D OnStarServiceStateTracker: pollStateDone: oldSS=[0 1 voice home data home AT&T   AT&T    Unknown Unknown CSS not supported -1 -1 RoamInd=-1 DefRoamInd=-1 EmergOnly=false IsDataRoamingFromRegistration=false] newSS=[0 1 voice home data home AT&T   AT&T    Unknown Unknown CSS not supported -1 -1 RoamInd=-1 DefRoamInd=-1 EmergOnly=false IsDataRoamingFromRegistration=false]
04-23 08:36:17.971  5015  5015 D PHONE   : [ServiceState] setNullState=1
04-23 08:36:17.971  5015  5015 D OnStarServiceStateTracker: pollStateDone: Current OutgoingPhone is not OnStar.
04-23 08:36:40.959  5015  5039 V OnStarCommands: onCellNetInfo: cellNetworkName:AT&T cellNetworkSignal:2 cellNetworkState:0 cellNetworkType: 7
04-23 08:36:40.959  5015  5039 D OnStarCommands: getSignalLevel: 2 -> 6
04-23 08:36:40.959  5015  5039 D OnStarCommands: getVoiceRegState: state = 1
04-23 08:36:40.959  5015  5039 D OnStarCommands: onCellNetInfo: No mVoiceNetworkStateRegistrants to notify
04-23 08:36:40.963  5015  5015 V OnStarServiceStateTracker: handleMessage: SIGNAL STRENGTH event = 12  current phone is not OnStar
04-23 08:36:40.963  5015  5015 V OnStarServiceStateTracker: handleMessage: EVENT_NETWORK_STATE_CHANGED: polling states...
04-23 08:36:40.963  5015  5015 V OnStarServiceStateTracker: pollState
04-23 08:36:40.963  5015  5015 D OnStarCommands: getVoiceRegState: state = 1
04-23 08:36:40.963  5015  5015 D OnStarCommands: getOperator: operatorName = AT&T
04-23 08:36:40.963  5015  5015 V OnStarServiceStateTracker: handleMessage: EVENT_POLL_STATE_REGISTRATION: processing...
04-23 08:36:40.963  5015  5015 D OnStarServiceStateTracker: handlePollStateResult: EVENT_POLL_STATE_REGISTRATION: regCode:1, serviceState:0
04-23 08:36:40.963  5015  5015 D PHONE   : [ServiceState] setVoiceRegState=0
04-23 08:36:40.963  5015  5015 V OnStarServiceStateTracker: handleMessage: EVENT_POLL_STATE_OPERATOR: processing...
04-23 08:36:40.963  5015  5015 D OnStarServiceStateTracker: handlePollStateResult: EVENT_POLL_STATE_OPERATOR: opNames[0]: 'AT&T' opNames[1]: '' opNames[2]: ''
04-23 08:36:40.964  5015  5015 D OnStarServiceStateTracker: pollStateDone: oldSS=[0 1 voice home data home AT&T   AT&T    Unknown Unknown CSS not supported -1 -1 RoamInd=-1 DefRoamInd=-1 EmergOnly=false IsDataRoamingFromRegistration=false] newSS=[0 1 voice home data home AT&T   AT&T    Unknown Unknown CSS not supported -1 -1 RoamInd=-1 DefRoamInd=-1 EmergOnly=false IsDataRoamingFromRegistration=false]
04-23 08:36:40.964  5015  5015 D PHONE   : [ServiceState] setNullState=1
04-23 08:36:40.965  5015  5015 D OnStarServiceStateTracker: pollStateDone: Current OutgoingPhone is not OnStar.
04-23 08:36:44.989  5015  5345 V OnStarCommands: onCellNetInfo: cellNetworkName:AT&T cellNetworkSignal:1 cellNetworkState:0 cellNetworkType: 7
04-23 08:36:44.989  5015  5345 D OnStarCommands: getSignalLevel: 1 -> 4
04-23 08:36:44.990  5015  5345 D OnStarCommands: getVoiceRegState: state = 1
04-23 08:36:44.990  5015  5345 D OnStarCommands: onCellNetInfo: No mVoiceNetworkStateRegistrants to notify
04-23 08:36:44.997  5015  5015 V OnStarServiceStateTracker: handleMessage: SIGNAL STRENGTH event = 12  current phone is not OnStar
04-23 08:36:44.997  5015  5015 V OnStarServiceStateTracker: handleMessage: EVENT_NETWORK_STATE_CHANGED: polling states...
04-23 08:36:44.997  5015  5015 V OnStarServiceStateTracker: pollState
04-23 08:36:44.997  5015  5015 D OnStarCommands: getVoiceRegState: state = 1
04-23 08:36:44.997  5015  5015 D OnStarCommands: getOperator: operatorName = AT&T
04-23 08:36:44.997  5015  5015 V OnStarServiceStateTracker: handleMessage: EVENT_POLL_STATE_REGISTRATION: processing...
04-23 08:36:44.997  5015  5015 D OnStarServiceStateTracker: handlePollStateResult: EVENT_POLL_STATE_REGISTRATION: regCode:1, serviceState:0
04-23 08:36:44.997  5015  5015 D PHONE   : [ServiceState] setVoiceRegState=0
04-23 08:36:44.998  5015  5015 V OnStarServiceStateTracker: handleMessage: EVENT_POLL_STATE_OPERATOR: processing...
04-23 08:36:44.998  5015  5015 D OnStarServiceStateTracker: handlePollStateResult: EVENT_POLL_STATE_OPERATOR: opNames[0]: 'AT&T' opNames[1]: '' opNames[2]: ''
04-23 08:36:44.998  5015  5015 D OnStarServiceStateTracker: pollStateDone: oldSS=[0 1 voice home data home AT&T   AT&T    Unknown Unknown CSS not supported -1 -1 RoamInd=-1 DefRoamInd=-1 EmergOnly=false IsDataRoamingFromRegistration=false] newSS=[0 1 voice home data home AT&T   AT&T    Unknown Unknown CSS not supported -1 -1 RoamInd=-1 DefRoamInd=-1 EmergOnly=false IsDataRoamingFromRegistration=false]
04-23 08:36:44.998  5015  5015 D PHONE   : [ServiceState] setNullState=1
04-23 08:36:44.999  5015  5015 D OnStarServiceStateTracker: pollStateDone: Current OutgoingPhone is not OnStar.
04-23 08:37:16.802  5015  5040 V OnStarCommands: onCellNetInfo: cellNetworkName:AT&T cellNetworkSignal:2 cellNetworkState:0 cellNetworkType: 7
04-23 08:37:16.802  5015  5040 D OnStarCommands: getSignalLevel: 2 -> 6
04-23 08:37:16.802  5015  5040 D OnStarCommands: getVoiceRegState: state = 1
04-23 08:37:16.802  5015  5040 D OnStarCommands: onCellNetInfo: No mVoiceNetworkStateRegistrants to notify
04-23 08:37:16.810  5015  5015 V OnStarServiceStateTracker: handleMessage: SIGNAL STRENGTH event = 12  current phone is not OnStar
04-23 08:37:16.810  5015  5015 V OnStarServiceStateTracker: handleMessage: EVENT_NETWORK_STATE_CHANGED: polling states...
04-23 08:37:16.810  5015  5015 V OnStarServiceStateTracker: pollState
04-23 08:37:16.810  5015  5015 D OnStarCommands: getVoiceRegState: state = 1
04-23 08:37:16.810  5015  5015 D OnStarCommands: getOperator: operatorName = AT&T
04-23 08:37:16.810  5015  5015 V OnStarServiceStateTracker: handleMessage: EVENT_POLL_STATE_REGISTRATION: processing...
04-23 08:37:16.810  5015  5015 D OnStarServiceStateTracker: handlePollStateResult: EVENT_POLL_STATE_REGISTRATION: regCode:1, serviceState:0
04-23 08:37:16.810  5015  5015 D PHONE   : [ServiceState] setVoiceRegState=0
04-23 08:37:16.810  5015  5015 V OnStarServiceStateTracker: handleMessage: EVENT_POLL_STATE_OPERATOR: processing...
04-23 08:37:16.810  5015  5015 D OnStarServiceStateTracker: handlePollStateResult: EVENT_POLL_STATE_OPERATOR: opNames[0]: 'AT&T' opNames[1]: '' opNames[2]: ''
04-23 08:37:16.812  5015  5015 D OnStarServiceStateTracker: pollStateDone: oldSS=[0 1 voice home data home AT&T   AT&T    Unknown Unknown CSS not supported -1 -1 RoamInd=-1 DefRoamInd=-1 EmergOnly=false IsDataRoamingFromRegistration=false] newSS=[0 1 voice home data home AT&T   AT&T    Unknown Unknown CSS not supported -1 -1 RoamInd=-1 DefRoamInd=-1 EmergOnly=false IsDataRoamingFromRegistration=false]
04-23 08:37:16.812  5015  5015 D PHONE   : [ServiceState] setNullState=1
04-23 08:37:16.812  5015  5015 D OnStarServiceStateTracker: pollStateDone: Current OutgoingPhone is not OnStar.
04-23 08:37:21.007  5015  5256 V OnStarCommands: onCellNetInfo: cellNetworkName:AT&T cellNetworkSignal:1 cellNetworkState:0 cellNetworkType: 7
04-23 08:37:21.007  5015  5256 D OnStarCommands: getSignalLevel: 1 -> 4
04-23 08:37:21.007  5015  5256 D OnStarCommands: getVoiceRegState: state = 1
04-23 08:37:21.007  5015  5256 D OnStarCommands: onCellNetInfo: No mVoiceNetworkStateRegistrants to notify
04-23 08:37:21.009  5015  5015 V OnStarServiceStateTracker: handleMessage: SIGNAL STRENGTH event = 12  current phone is not OnStar
04-23 08:37:21.009  5015  5015 V OnStarServiceStateTracker: handleMessage: EVENT_NETWORK_STATE_CHANGED: polling states...
04-23 08:37:21.009  5015  5015 V OnStarServiceStateTracker: pollState
04-23 08:37:21.009  5015  5015 D OnStarCommands: getVoiceRegState: state = 1
04-23 08:37:21.009  5015  5015 D OnStarCommands: getOperator: operatorName = AT&T
04-23 08:37:21.009  5015  5015 V OnStarServiceStateTracker: handleMessage: EVENT_POLL_STATE_REGISTRATION: processing...
04-23 08:37:21.009  5015  5015 D OnStarServiceStateTracker: handlePollStateResult: EVENT_POLL_STATE_REGISTRATION: regCode:1, serviceState:0
04-23 08:37:21.009  5015  5015 D PHONE   : [ServiceState] setVoiceRegState=0
04-23 08:37:21.009  5015  5015 V OnStarServiceStateTracker: handleMessage: EVENT_POLL_STATE_OPERATOR: processing...
04-23 08:37:21.009  5015  5015 D OnStarServiceStateTracker: handlePollStateResult: EVENT_POLL_STATE_OPERATOR: opNames[0]: 'AT&T' opNames[1]: '' opNames[2]: ''
04-23 08:37:21.011  5015  5015 D OnStarServiceStateTracker: pollStateDone: oldSS=[0 1 voice home data home AT&T   AT&T    Unknown Unknown CSS not supported -1 -1 RoamInd=-1 DefRoamInd=-1 EmergOnly=false IsDataRoamingFromRegistration=false] newSS=[0 1 voice home data home AT&T   AT&T    Unknown Unknown CSS not supported -1 -1 RoamInd=-1 DefRoamInd=-1 EmergOnly=false IsDataRoamingFromRegistration=false]
04-23 08:37:21.011  5015  5015 D PHONE   : [ServiceState] setNullState=1
04-23 08:37:21.015  5015  5015 D OnStarServiceStateTracker: pollStateDone: Current OutgoingPhone is not OnStar.
04-23 08:38:08.332  5015  5566 V OnStarCommands: onCellNetInfo: cellNetworkName:AT&T cellNetworkSignal:2 cellNetworkState:0 cellNetworkType: 7
04-23 08:38:08.332  5015  5566 D OnStarCommands: getSignalLevel: 2 -> 6
04-23 08:38:08.332  5015  5566 D OnStarCommands: getVoiceRegState: state = 1
04-23 08:38:08.333  5015  5566 D OnStarCommands: onCellNetInfo: No mVoiceNetworkStateRegistrants to notify
04-23 08:38:08.333  5015  5015 V OnStarServiceStateTracker: handleMessage: SIGNAL STRENGTH event = 12  current phone is not OnStar
04-23 08:38:08.333  5015  5015 V OnStarServiceStateTracker: handleMessage: EVENT_NETWORK_STATE_CHANGED: polling states...
04-23 08:38:08.333  5015  5015 V OnStarServiceStateTracker: pollState
04-23 08:38:08.333  5015  5015 D OnStarCommands: getVoiceRegState: state = 1
04-23 08:38:08.333  5015  5015 D OnStarCommands: getOperator: operatorName = AT&T
04-23 08:38:08.333  5015  5015 V OnStarServiceStateTracker: handleMessage: EVENT_POLL_STATE_REGISTRATION: processing...
04-23 08:38:08.333  5015  5015 D OnStarServiceStateTracker: handlePollStateResult: EVENT_POLL_STATE_REGISTRATION: regCode:1, serviceState:0
04-23 08:38:08.333  5015  5015 D PHONE   : [ServiceState] setVoiceRegState=0
04-23 08:38:08.333  5015  5015 V OnStarServiceStateTracker: handleMessage: EVENT_POLL_STATE_OPERATOR: processing...
04-23 08:38:08.333  5015  5015 D OnStarServiceStateTracker: handlePollStateResult: EVENT_POLL_STATE_OPERATOR: opNames[0]: 'AT&T' opNames[1]: '' opNames[2]: ''
04-23 08:38:08.334  5015  5015 D OnStarServiceStateTracker: pollStateDone: oldSS=[0 1 voice home data home AT&T   AT&T    Unknown Unknown CSS not supported -1 -1 RoamInd=-1 DefRoamInd=-1 EmergOnly=false IsDataRoamingFromRegistration=false] newSS=[0 1 voice home data home AT&T   AT&T    Unknown Unknown CSS not supported -1 -1 RoamInd=-1 DefRoamInd=-1 EmergOnly=false IsDataRoamingFromRegistration=false]
04-23 08:38:08.334  5015  5015 D PHONE   : [ServiceState] setNullState=1
04-23 08:38:08.335  5015  5015 D OnStarServiceStateTracker: pollStateDone: Current OutgoingPhone is not OnStar.
04-23 08:38:12.040  5015  5039 V OnStarCommands: onCellNetInfo: cellNetworkName:AT&T cellNetworkSignal:1 cellNetworkState:0 cellNetworkType: 7
04-23 08:38:12.040  5015  5039 D OnStarCommands: getSignalLevel: 1 -> 4
04-23 08:38:12.040  5015  5039 D OnStarCommands: getVoiceRegState: state = 1
