04-23 08:16:41.282  5015  5040 D OnStarCommands: onCellNetInfo: No mVoiceNetworkStateRegistrants to notify
04-23 08:16:41.286  5015  5015 V OnStarServiceStateTracker: handleMessage: SIGNAL STRENGTH event = 12  current phone is not OnStar
04-23 08:16:41.286  5015  5015 V OnStarServiceStateTracker: handleMessage: EVENT_NETWORK_STATE_CHANGED: polling states...
04-23 08:16:41.286  5015  5015 V OnStarServiceStateTracker: pollState
04-23 08:16:41.286  5015  5015 D OnStarCommands: getVoiceRegState: state = 1
04-23 08:16:41.286  5015  5015 D OnStarCommands: getOperator: operatorName = AT&T
04-23 08:16:41.286  5015  5015 V OnStarServiceStateTracker: handleMessage: EVENT_POLL_STATE_REGISTRATION: processing...
04-23 08:16:41.286  5015  5015 D OnStarServiceStateTracker: handlePollStateResult: EVENT_POLL_STATE_REGISTRATION: regCode:1, serviceState:0
04-23 08:16:41.286  5015  5015 D PHONE   : [ServiceState] setVoiceRegState=0
04-23 08:16:41.286  5015  5015 V OnStarServiceStateTracker: handleMessage: EVENT_POLL_STATE_OPERATOR: processing...
04-23 08:16:41.286  5015  5015 D OnStarServiceStateTracker: handlePollStateResult: EVENT_POLL_STATE_OPERATOR: opNames[0]: 'AT&T' opNames[1]: '' opNames[2]: ''
04-23 08:16:41.301  5015  5015 D OnStarServiceStateTracker: pollStateDone: oldSS=[0 1 voice home data home AT&T   AT&T    Unknown Unknown CSS not supported -1 -1 RoamInd=-1 DefRoamInd=-1 EmergOnly=false IsDataRoamingFromRegistration=false] newSS=[0 1 voice home data home AT&T   AT&T    Unknown Unknown CSS not supported -1 -1 RoamInd=-1 DefRoamInd=-1 EmergOnly=false IsDataRoamingFromRegistration=false]
04-23 08:16:41.301  5015  5015 D PHONE   : [ServiceState] setNullState=1
04-23 08:16:41.302  5015  5015 D OnStarServiceStateTracker: pollStateDone: Current OutgoingPhone is not OnStar.
04-23 08:17:11.301  5015  5256 V OnStarCommands: onCellNetInfo: cellNetworkName:AT&T cellNetworkSignal:2 cellNetworkState:0 cellNetworkType: 7
04-23 08:17:11.301  5015  5256 D OnStarCommands: getSignalLevel: 2 -> 6
04-23 08:17:11.301  5015  5256 D OnStarCommands: getVoiceRegState: state = 1
04-23 08:17:11.301  5015  5256 D OnStarCommands: onCellNetInfo: No mVoiceNetworkStateRegistrants to notify
04-23 08:17:11.302  5015  5015 V OnStarServiceStateTracker: handleMessage: SIGNAL STRENGTH event = 12  current phone is not OnStar
04-23 08:17:11.302  5015  5015 V OnStarServiceStateTracker: handleMessage: EVENT_NETWORK_STATE_CHANGED: polling states...
04-23 08:17:11.302  5015  5015 V OnStarServiceStateTracker: pollState
04-23 08:17:11.302  5015  5015 D OnStarCommands: getVoiceRegState: state = 1
04-23 08:17:11.302  5015  5015 D OnStarCommands: getOperator: operatorName = AT&T
04-23 08:17:11.302  5015  5015 V OnStarServiceStateTracker: handleMessage: EVENT_POLL_STATE_REGISTRATION: processing...
04-23 08:17:11.302  5015  5015 D OnStarServiceStateTracker: handlePollStateResult: EVENT_POLL_STATE_REGISTRATION: regCode:1, serviceState:0
04-23 08:17:11.302  5015  5015 D PHONE   : [ServiceState] setVoiceRegState=0
04-23 08:17:11.302  5015  5015 V OnStarServiceStateTracker: handleMessage: EVENT_POLL_STATE_OPERATOR: processing...
04-23 08:17:11.302  5015  5015 D OnStarServiceStateTracker: handlePollStateResult: EVENT_POLL_STATE_OPERATOR: opNames[0]: 'AT&T' opNames[1]: '' opNames[2]: ''
04-23 08:17:11.305  5015  5015 D OnStarServiceStateTracker: pollStateDone: oldSS=[0 1 voice home data home AT&T   AT&T    Unknown Unknown CSS not supported -1 -1 RoamInd=-1 DefRoamInd=-1 EmergOnly=false IsDataRoamingFromRegistration=false] newSS=[0 1 voice home data home AT&T   AT&T    Unknown Unknown CSS not supported -1 -1 RoamInd=-1 DefRoamInd=-1 EmergOnly=false IsDataRoamingFromRegistration=false]
04-23 08:17:11.305  5015  5015 D PHONE   : [ServiceState] setNullState=1
04-23 08:17:11.306  5015  5015 D OnStarServiceStateTracker: pollStateDone: Current OutgoingPhone is not OnStar.
04-23 08:17:13.879  5015  5566 V OnStarCommands: onCellNetInfo: cellNetworkName:AT&T cellNetworkSignal:1 cellNetworkState:0 cellNetworkType: 7
04-23 08:17:13.879  5015  5566 D OnStarCommands: getSignalLevel: 1 -> 4
04-23 08:17:13.879  5015  5566 D OnStarCommands: getVoiceRegState: state = 1
04-23 08:17:13.879  5015  5566 D OnStarCommands: onCellNetInfo: No mVoiceNetworkStateRegistrants to notify
04-23 08:17:13.892  5015  5015 V OnStarServiceStateTracker: handleMessage: SIGNAL STRENGTH event = 12  current phone is not OnStar
04-23 08:17:13.892  5015  5015 V OnStarServiceStateTracker: handleMessage: EVENT_NETWORK_STATE_CHANGED: polling states...
04-23 08:17:13.892  5015  5015 V OnStarServiceStateTracker: pollState
04-23 08:17:13.892  5015  5015 D OnStarCommands: getVoiceRegState: state = 1
04-23 08:17:13.892  5015  5015 D OnStarCommands: getOperator: operatorName = AT&T
04-23 08:17:13.892  5015  5015 V OnStarServiceStateTracker: handleMessage: EVENT_POLL_STATE_REGISTRATION: processing...
04-23 08:17:13.892  5015  5015 D OnStarServiceStateTracker: handlePollStateResult: EVENT_POLL_STATE_REGISTRATION: regCode:1, serviceState:0
04-23 08:17:13.892  5015  5015 D PHONE   : [ServiceState] setVoiceRegState=0
04-23 08:17:13.892  5015  5015 V OnStarServiceStateTracker: handleMessage: EVENT_POLL_STATE_OPERATOR: processing...
04-23 08:17:13.892  5015  5015 D OnStarServiceStateTracker: handlePollStateResult: EVENT_POLL_STATE_OPERATOR: opNames[0]: 'AT&T' opNames[1]: '' opNames[2]: ''
04-23 08:17:13.894  5015  5015 D OnStarServiceStateTracker: pollStateDone: oldSS=[0 1 voice home data home AT&T   AT&T    Unknown Unknown CSS not supported -1 -1 RoamInd=-1 DefRoamInd=-1 EmergOnly=false IsDataRoamingFromRegistration=false] newSS=[0 1 voice home data home AT&T   AT&T    Unknown Unknown CSS not supported -1 -1 RoamInd=-1 DefRoamInd=-1 EmergOnly=false IsDataRoamingFromRegistration=false]
04-23 08:17:13.894  5015  5015 D PHONE   : [ServiceState] setNullState=1
04-23 08:17:13.895  5015  5015 D OnStarServiceStateTracker: pollStateDone: Current OutgoingPhone is not OnStar.
04-23 08:17:35.313  5015  5039 V OnStarCommands: onCellNetInfo: cellNetworkName:AT&T cellNetworkSignal:2 cellNetworkState:0 cellNetworkType: 7
04-23 08:17:35.313  5015  5039 D OnStarCommands: getSignalLevel: 2 -> 6
04-23 08:17:35.313  5015  5039 D OnStarCommands: getVoiceRegState: state = 1
04-23 08:17:35.313  5015  5039 D OnStarCommands: onCellNetInfo: No mVoiceNetworkStateRegistrants to notify
04-23 08:17:35.316  5015  5015 V OnStarServiceStateTracker: handleMessage: SIGNAL STRENGTH event = 12  current phone is not OnStar
04-23 08:17:35.316  5015  5015 V OnStarServiceStateTracker: handleMessage: EVENT_NETWORK_STATE_CHANGED: polling states...
04-23 08:17:35.316  5015  5015 V OnStarServiceStateTracker: pollState
04-23 08:17:35.316  5015  5015 D OnStarCommands: getVoiceRegState: state = 1
04-23 08:17:35.317  5015  5015 D OnStarCommands: getOperator: operatorName = AT&T
04-23 08:17:35.317  5015  5015 V OnStarServiceStateTracker: handleMessage: EVENT_POLL_STATE_REGISTRATION: processing...
04-23 08:17:35.317  5015  5015 D OnStarServiceStateTracker: handlePollStateResult: EVENT_POLL_STATE_REGISTRATION: regCode:1, serviceState:0
04-23 08:17:35.317  5015  5015 D PHONE   : [ServiceState] setVoiceRegState=0
04-23 08:17:35.317  5015  5015 V OnStarServiceStateTracker: handleMessage: EVENT_POLL_STATE_OPERATOR: processing...
04-23 08:17:35.317  5015  5015 D OnStarServiceStateTracker: handlePollStateResult: EVENT_POLL_STATE_OPERATOR: opNames[0]: 'AT&T' opNames[1]: '' opNames[2]: ''
04-23 08:17:35.322  5015  5015 D OnStarServiceStateTracker: pollStateDone: oldSS=[0 1 voice home data home AT&T   AT&T    Unknown Unknown CSS not supported -1 -1 RoamInd=-1 DefRoamInd=-1 EmergOnly=false IsDataRoamingFromRegistration=false] newSS=[0 1 voice home data home AT&T   AT&T    Unknown Unknown CSS not supported -1 -1 RoamInd=-1 DefRoamInd=-1 EmergOnly=false IsDataRoamingFromRegistration=false]
04-23 08:17:35.322  5015  5015 D PHONE   : [ServiceState] setNullState=1
04-23 08:17:35.323  5015  5015 D OnStarServiceStateTracker: pollStateDone: Current OutgoingPhone is not OnStar.
04-23 08:17:38.307  5015  5345 V OnStarCommands: onCellNetInfo: cellNetworkName:AT&T cellNetworkSignal:1 cellNetworkState:0 cellNetworkType: 7
04-23 08:17:38.307  5015  5345 D OnStarCommands: getSignalLevel: 1 -> 4
04-23 08:17:38.307  5015  5345 D OnStarCommands: getVoiceRegState: state = 1
04-23 08:17:38.307  5015  5345 D OnStarCommands: onCellNetInfo: No mVoiceNetworkStateRegistrants to notify
04-23 08:17:38.309  5015  5015 V OnStarServiceStateTracker: handleMessage: SIGNAL STRENGTH event = 12  current phone is not OnStar
04-23 08:17:38.309  5015  5015 V OnStarServiceStateTracker: handleMessage: EVENT_NETWORK_STATE_CHANGED: polling states...
04-23 08:17:38.309  5015  5015 V OnStarServiceStateTracker: pollState
04-23 08:17:38.309  5015  5015 D OnStarCommands: getVoiceRegState: state = 1
04-23 08:17:38.309  5015  5015 D OnStarCommands: getOperator: operatorName = AT&T
04-23 08:17:38.309  5015  5015 V OnStarServiceStateTracker: handleMessage: EVENT_POLL_STATE_REGISTRATION: processing...
04-23 08:17:38.309  5015  5015 D OnStarServiceStateTracker: handlePollStateResult: EVENT_POLL_STATE_REGISTRATION: regCode:1, serviceState:0
04-23 08:17:38.309  5015  5015 D PHONE   : [ServiceState] setVoiceRegState=0
04-23 08:17:38.309  5015  5015 V OnStarServiceStateTracker: handleMessage: EVENT_POLL_STATE_OPERATOR: processing...
04-23 08:17:38.309  5015  5015 D OnStarServiceStateTracker: handlePollStateResult: EVENT_POLL_STATE_OPERATOR: opNames[0]: 'AT&T' opNames[1]: '' opNames[2]: ''
04-23 08:17:38.313  5015  5015 D OnStarServiceStateTracker: pollStateDone: oldSS=[0 1 voice home data home AT&T   AT&T    Unknown Unknown CSS not supported -1 -1 RoamInd=-1 DefRoamInd=-1 EmergOnly=false IsDataRoamingFromRegistration=false] newSS=[0 1 voice home data home AT&T   AT&T    Unknown Unknown CSS not supported -1 -1 RoamInd=-1 DefRoamInd=-1 EmergOnly=false IsDataRoamingFromRegistration=false]
04-23 08:17:38.315  5015  5015 D PHONE   : [ServiceState] setNullState=1
04-23 08:17:38.315  5015  5015 D OnStarServiceStateTracker: pollStateDone: Current OutgoingPhone is not OnStar.
04-23 08:17:56.325  5015  5040 V OnStarCommands: onCellNetInfo: cellNetworkName:AT&T cellNetworkSignal:2 cellNetworkState:0 cellNetworkType: 7
04-23 08:17:56.325  5015  5040 D OnStarCommands: getSignalLevel: 2 -> 6
04-23 08:17:56.325  5015  5040 D OnStarCommands: getVoiceRegState: state = 1
04-23 08:17:56.325  5015  5040 D OnStarCommands: onCellNetInfo: No mVoiceNetworkStateRegistrants to notify
04-23 08:17:56.329  5015  5015 V OnStarServiceStateTracker: handleMessage: SIGNAL STRENGTH event = 12  current phone is not OnStar
04-23 08:17:56.329  5015  5015 V OnStarServiceStateTracker: handleMessage: EVENT_NETWORK_STATE_CHANGED: polling states...
04-23 08:17:56.329  5015  5015 V OnStarServiceStateTracker: pollState
04-23 08:17:56.329  5015  5015 D OnStarCommands: getVoiceRegState: state = 1
04-23 08:17:56.329  5015  5015 D OnStarCommands: getOperator: operatorName = AT&T
04-23 08:17:56.329  5015  5015 V OnStarServiceStateTracker: handleMessage: EVENT_POLL_STATE_REGISTRATION: processing...
04-23 08:17:56.329  5015  5015 D OnStarServiceStateTracker: handlePollStateResult: EVENT_POLL_STATE_REGISTRATION: regCode:1, serviceState:0
04-23 08:17:56.329  5015  5015 D PHONE   : [ServiceState] setVoiceRegState=0
04-23 08:17:56.329  5015  5015 V OnStarServiceStateTracker: handleMessage: EVENT_POLL_STATE_OPERATOR: processing...
04-23 08:17:56.329  5015  5015 D OnStarServiceStateTracker: handlePollStateResult: EVENT_POLL_STATE_OPERATOR: opNames[0]: 'AT&T' opNames[1]: '' opNames[2]: ''
04-23 08:17:56.331  5015  5015 D OnStarServiceStateTracker: pollStateDone: oldSS=[0 1 voice home data home AT&T   AT&T    Unknown Unknown CSS not supported -1 -1 RoamInd=-1 DefRoamInd=-1 EmergOnly=false IsDataRoamingFromRegistration=false] newSS=[0 1 voice home data home AT&T   AT&T    Unknown Unknown CSS not supported -1 -1 RoamInd=-1 DefRoamInd=-1 EmergOnly=false IsDataRoamingFromRegistration=false]
04-23 08:17:56.331  5015  5015 D PHONE   : [ServiceState] setNullState=1
04-23 08:17:56.332  5015  5015 D OnStarServiceStateTracker: pollStateDone: Current OutgoingPhone is not OnStar.
04-23 08:18:02.333  5015  5256 V OnStarCommands: onCellNetInfo: cellNetworkName:AT&T cellNetworkSignal:1 cellNetworkState:0 cellNetworkType: 7
04-23 08:18:02.333  5015  5256 D OnStarCommands: getSignalLevel: 1 -> 4
04-23 08:18:02.333  5015  5256 D OnStarCommands: getVoiceRegState: state = 1
04-23 08:18:02.333  5015  5256 D OnStarCommands: onCellNetInfo: No mVoiceNetworkStateRegistrants to notify
04-23 08:18:02.337  5015  5015 V OnStarServiceStateTracker: handleMessage: SIGNAL STRENGTH event = 12  current phone is not OnStar
04-23 08:18:02.337  5015  5015 V OnStarServiceStateTracker: handleMessage: EVENT_NETWORK_STATE_CHANGED: polling states...
04-23 08:18:02.337  5015  5015 V OnStarServiceStateTracker: pollState
04-23 08:18:02.337  5015  5015 D OnStarCommands: getVoiceRegState: state = 1
04-23 08:18:02.337  5015  5015 D OnStarCommands: getOperator: operatorName = AT&T
04-23 08:18:02.337  5015  5015 V OnStarServiceStateTracker: handleMessage: EVENT_POLL_STATE_REGISTRATION: processing...
04-23 08:18:02.337  5015  5015 D OnStarServiceStateTracker: handlePollStateResult: EVENT_POLL_STATE_REGISTRATION: regCode:1, serviceState:0
04-23 08:18:02.337  5015  5015 D PHONE   : [ServiceState] setVoiceRegState=0
04-23 08:18:02.337  5015  5015 V OnStarServiceStateTracker: handleMessage: EVENT_POLL_STATE_OPERATOR: processing...
04-23 08:18:02.337  5015  5015 D OnStarServiceStateTracker: handlePollStateResult: EVENT_POLL_STATE_OPERATOR: opNames[0]: 'AT&T' opNames[1]: '' opNames[2]: ''
04-23 08:18:02.339  5015  5015 D OnStarServiceStateTracker: pollStateDone: oldSS=[0 1 voice home data home AT&T   AT&T    Unknown Unknown CSS not supported -1 -1 RoamInd=-1 DefRoamInd=-1 EmergOnly=false IsDataRoamingFromRegistration=false] newSS=[0 1 voice home data home AT&T   AT&T    Unknown Unknown CSS not supported -1 -1 RoamInd=-1 DefRoamInd=-1 EmergOnly=false IsDataRoamingFromRegistration=false]
04-23 08:18:02.339  5015  5015 D PHONE   : [ServiceState] setNullState=1
04-23 08:18:02.339  5015  5015 D OnStarServiceStateTracker: pollStateDone: Current OutgoingPhone is not OnStar.
04-23 08:18:20.338  5015  5566 V OnStarCommands: onCellNetInfo: cellNetworkName:AT&T cellNetworkSignal:2 cellNetworkState:0 cellNetworkType: 7
04-23 08:18:20.338  5015  5566 D OnStarCommands: getSignalLevel: 2 -> 6
04-23 08:18:20.338  5015  5566 D OnStarCommands: getVoiceRegState: state = 1
04-23 08:18:20.338  5015  5566 D OnStarCommands: onCellNetInfo: No mVoiceNetworkStateRegistrants to notify
04-23 08:18:20.339  5015  5015 V OnStarServiceStateTracker: handleMessage: SIGNAL STRENGTH event = 12  current phone is not OnStar
04-23 08:18:20.339  5015  5015 V OnStarServiceStateTracker: handleMessage: EVENT_NETWORK_STATE_CHANGED: polling states...
04-23 08:18:20.339  5015  5015 V OnStarServiceStateTracker: pollState
04-23 08:18:20.339  5015  5015 D OnStarCommands: getVoiceRegState: state = 1
04-23 08:18:20.339  5015  5015 D OnStarCommands: getOperator: operatorName = AT&T
04-23 08:18:20.339  5015  5015 V OnStarServiceStateTracker: handleMessage: EVENT_POLL_STATE_REGISTRATION: processing...
04-23 08:18:20.339  5015  5015 D OnStarServiceStateTracker: handlePollStateResult: EVENT_POLL_STATE_REGISTRATION: regCode:1, serviceState:0
04-23 08:18:20.339  5015  5015 D PHONE   : [ServiceState] setVoiceRegState=0
04-23 08:18:20.340  5015  5015 V OnStarServiceStateTracker: handleMessage: EVENT_POLL_STATE_OPERATOR: processing...
04-23 08:18:20.340  5015  5015 D OnStarServiceStateTracker: handlePollStateResult: EVENT_POLL_STATE_OPERATOR: opNames[0]: 'AT&T' opNames[1]: '' opNames[2]: ''
04-23 08:18:20.342  5015  5015 D OnStarServiceStateTracker: pollStateDone: oldSS=[0 1 voice home data home AT&T   AT&T    Unknown Unknown CSS not supported -1 -1 RoamInd=-1 DefRoamInd=-1 EmergOnly=false IsDataRoamingFromRegistration=false] newSS=[0 1 voice home data home AT&T   AT&T    Unknown Unknown CSS not supported -1 -1 RoamInd=-1 DefRoamInd=-1 EmergOnly=false IsDataRoamingFromRegistration=false]
04-23 08:18:20.342  5015  5015 D PHONE   : [ServiceState] setNullState=1
04-23 08:18:20.343  5015  5015 D OnStarServiceStateTracker: pollStateDone: Current OutgoingPhone is not OnStar.
04-23 08:18:23.327  5015  5039 V OnStarCommands: onCellNetInfo: cellNetworkName:AT&T cellNetworkSignal:1 cellNetworkState:0 cellNetworkType: 7
04-23 08:18:23.328  5015  5039 D OnStarCommands: getSignalLevel: 1 -> 4
04-23 08:18:23.328  5015  5039 D OnStarCommands: getVoiceRegState: state = 1
04-23 08:18:23.328  5015  5039 D OnStarCommands: onCellNetInfo: No mVoiceNetworkStateRegistrants to notify
04-23 08:18:23.329  5015  5015 V OnStarServiceStateTracker: handleMessage: SIGNAL STRENGTH event = 12  current phone is not OnStar
04-23 08:18:23.329  5015  5015 V OnStarServiceStateTracker: handleMessage: EVENT_NETWORK_STATE_CHANGED: polling states...
04-23 08:18:23.329  5015  5015 V OnStarServiceStateTracker: pollState
04-23 08:18:23.329  5015  5015 D OnStarCommands: getVoiceRegState: state = 1
04-23 08:18:23.329  5015  5015 D OnStarCommands: getOperator: operatorName = AT&T
04-23 08:18:23.329  5015  5015 V OnStarServiceStateTracker: handleMessage: EVENT_POLL_STATE_REGISTRATION: processing...
04-23 08:18:23.329  5015  5015 D OnStarServiceStateTracker: handlePollStateResult: EVENT_POLL_STATE_REGISTRATION: regCode:1, serviceState:0
04-23 08:18:23.329  5015  5015 D PHONE   : [ServiceState] setVoiceRegState=0
04-23 08:18:23.330  5015  5015 V OnStarServiceStateTracker: handleMessage: EVENT_POLL_STATE_OPERATOR: processing...
04-23 08:18:23.330  5015  5015 D OnStarServiceStateTracker: handlePollStateResult: EVENT_POLL_STATE_OPERATOR: opNames[0]: 'AT&T' opNames[1]: '' opNames[2]: ''
04-23 08:18:23.331  5015  5015 D OnStarServiceStateTracker: pollStateDone: oldSS=[0 1 voice home data home AT&T   AT&T    Unknown Unknown CSS not supported -1 -1 RoamInd=-1 DefRoamInd=-1 EmergOnly=false IsDataRoamingFromRegistration=false] newSS=[0 1 voice home data home AT&T   AT&T    Unknown Unknown CSS not supported -1 -1 RoamInd=-1 DefRoamInd=-1 EmergOnly=false IsDataRoamingFromRegistration=false]
04-23 08:18:23.331  5015  5015 D PHONE   : [ServiceState] setNullState=1
04-23 08:18:23.332  5015  5015 D OnStarServiceStateTracker: pollStateDone: Current OutgoingPhone is not OnStar.
04-23 08:18:26.346  5015  5345 V OnStarCommands: onCellNetInfo: cellNetworkName:AT&T cellNetworkSignal:2 cellNetworkState:0 cellNetworkType: 7
04-23 08:18:26.346  5015  5345 D OnStarCommands: getSignalLevel: 2 -> 6
04-23 08:18:26.346  5015  5345 D OnStarCommands: getVoiceRegState: state = 1
04-23 08:18:26.346  5015  5345 D OnStarCommands: onCellNetInfo: No mVoiceNetworkStateRegistrants to notify
04-23 08:18:26.347  5015  5015 V OnStarServiceStateTracker: handleMessage: SIGNAL STRENGTH event = 12  current phone is not OnStar
04-23 08:18:26.347  5015  5015 V OnStarServiceStateTracker: handleMessage: EVENT_NETWORK_STATE_CHANGED: polling states...
04-23 08:18:26.347  5015  5015 V OnStarServiceStateTracker: pollState
04-23 08:18:26.347  5015  5015 D OnStarCommands: getVoiceRegState: state = 1
04-23 08:18:26.347  5015  5015 D OnStarCommands: getOperator: operatorName = AT&T
04-23 08:18:26.347  5015  5015 V OnStarServiceStateTracker: handleMessage: EVENT_POLL_STATE_REGISTRATION: processing...
04-23 08:18:26.347  5015  5015 D OnStarServiceStateTracker: handlePollStateResult: EVENT_POLL_STATE_REGISTRATION: regCode:1, serviceState:0
04-23 08:18:26.347  5015  5015 D PHONE   : [ServiceState] setVoiceRegState=0
04-23 08:18:26.347  5015  5015 V OnStarServiceStateTracker: handleMessage: EVENT_POLL_STATE_OPERATOR: processing...
04-23 08:18:26.347  5015  5015 D OnStarServiceStateTracker: handlePollStateResult: EVENT_POLL_STATE_OPERATOR: opNames[0]: 'AT&T' opNames[1]: '' opNames[2]: ''
04-23 08:18:26.349  5015  5015 D OnStarServiceStateTracker: pollStateDone: oldSS=[0 1 voice home data home AT&T   AT&T    Unknown Unknown CSS not supported -1 -1 RoamInd=-1 DefRoamInd=-1 EmergOnly=false IsDataRoamingFromRegistration=false] newSS=[0 1 voice home data home AT&T   AT&T    Unknown Unknown CSS not supported -1 -1 RoamInd=-1 DefRoamInd=-1 EmergOnly=false IsDataRoamingFromRegistration=false]
04-23 08:18:26.349  5015  5015 D PHONE   : [ServiceState] setNullState=1
04-23 08:18:26.349  5015  5015 D OnStarServiceStateTracker: pollStateDone: Current OutgoingPhone is not OnStar.
04-23 08:18:29.346  5015  5040 V OnStarCommands: onCellNetInfo: cellNetworkName:AT&T cellNetworkSignal:1 cellNetworkState:0 cellNetworkType: 7
04-23 08:18:29.346  5015  5040 D OnStarCommands: getSignalLevel: 1 -> 4
04-23 08:18:29.346  5015  5040 D OnStarCommands: getVoiceRegState: state = 1
04-23 08:18:29.346  5015  5040 D OnStarCommands: onCellNetInfo: No mVoiceNetworkStateRegistrants to notify
04-23 08:18:29.347  5015  5015 V OnStarServiceStateTracker: handleMessage: SIGNAL STRENGTH event = 12  current phone is not OnStar
04-23 08:18:29.347  5015  5015 V OnStarServiceStateTracker: handleMessage: EVENT_NETWORK_STATE_CHANGED: polling states...
04-23 08:18:29.347  5015  5015 V OnStarServiceStateTracker: pollState
04-23 08:18:29.347  5015  5015 D OnStarCommands: getVoiceRegState: state = 1
04-23 08:18:29.347  5015  5015 D OnStarCommands: getOperator: operatorName = AT&T
04-23 08:18:29.347  5015  5015 V OnStarServiceStateTracker: handleMessage: EVENT_POLL_STATE_REGISTRATION: processing...
04-23 08:18:29.347  5015  5015 D OnStarServiceStateTracker: handlePollStateResult: EVENT_POLL_STATE_REGISTRATION: regCode:1, serviceState:0
04-23 08:18:29.347  5015  5015 D PHONE   : [ServiceState] setVoiceRegState=0
04-23 08:18:29.347  5015  5015 V OnStarServiceStateTracker: handleMessage: EVENT_POLL_STATE_OPERATOR: processing...
04-23 08:18:29.347  5015  5015 D OnStarServiceStateTracker: handlePollStateResult: EVENT_POLL_STATE_OPERATOR: opNames[0]: 'AT&T' opNames[1]: '' opNames[2]: ''
04-23 08:18:29.348  5015  5015 D OnStarServiceStateTracker: pollStateDone: oldSS=[0 1 voice home data home AT&T   AT&T    Unknown Unknown CSS not supported -1 -1 RoamInd=-1 DefRoamInd=-1 EmergOnly=false IsDataRoamingFromRegistration=false] newSS=[0 1 voice home data home AT&T   AT&T    Unknown Unknown CSS not supported -1 -1 RoamInd=-1 DefRoamInd=-1 EmergOnly=false IsDataRoamingFromRegistration=false]
04-23 08:18:29.348  5015  5015 D PHONE   : [ServiceState] setNullState=1
04-23 08:18:29.349  5015  5015 D OnStarServiceStateTracker: pollStateDone: Current OutgoingPhone is not OnStar.
04-23 08:20:08.403  5015  5256 V OnStarCommands: onCellNetInfo: cellNetworkName:AT&T cellNetworkSignal:2 cellNetworkState:0 cellNetworkType: 7
04-23 08:20:08.403  5015  5256 D OnStarCommands: getSignalLevel: 2 -> 6
04-23 08:20:08.403  5015  5256 D OnStarCommands: getVoiceRegState: state = 1
04-23 08:20:08.403  5015  5256 D OnStarCommands: onCellNetInfo: No mVoiceNetworkStateRegistrants to notify
04-23 08:20:08.404  5015  5015 V OnStarServiceStateTracker: handleMessage: SIGNAL STRENGTH event = 12  current phone is not OnStar
04-23 08:20:08.404  5015  5015 V OnStarServiceStateTracker: handleMessage: EVENT_NETWORK_STATE_CHANGED: polling states...
04-23 08:20:08.404  5015  5015 V OnStarServiceStateTracker: pollState
04-23 08:20:08.404  5015  5015 D OnStarCommands: getVoiceRegState: state = 1
04-23 08:20:08.404  5015  5015 D OnStarCommands: getOperator: operatorName = AT&T
04-23 08:20:08.405  5015  5015 V OnStarServiceStateTracker: handleMessage: EVENT_POLL_STATE_REGISTRATION: processing...
04-23 08:20:08.405  5015  5015 D OnStarServiceStateTracker: handlePollStateResult: EVENT_POLL_STATE_REGISTRATION: regCode:1, serviceState:0
04-23 08:20:08.405  5015  5015 D PHONE   : [ServiceState] setVoiceRegState=0
04-23 08:20:08.405  5015  5015 V OnStarServiceStateTracker: handleMessage: EVENT_POLL_STATE_OPERATOR: processing...
04-23 08:20:08.405  5015  5015 D OnStarServiceStateTracker: handlePollStateResult: EVENT_POLL_STATE_OPERATOR: opNames[0]: 'AT&T' opNames[1]: '' opNames[2]: ''
04-23 08:20:08.406  5015  5015 D OnStarServiceStateTracker: pollStateDone: oldSS=[0 1 voice home data home AT&T   AT&T    Unknown Unknown CSS not supported -1 -1 RoamInd=-1 DefRoamInd=-1 EmergOnly=false IsDataRoamingFromRegistration=false] newSS=[0 1 voice home data home AT&T   AT&T    Unknown Unknown CSS not supported -1 -1 RoamInd=-1 DefRoamInd=-1 EmergOnly=false IsDataRoamingFromRegistration=false]
04-23 08:20:08.406  5015  5015 D PHONE   : [ServiceState] setNullState=1
04-23 08:20:08.407  5015  5015 D OnStarServiceStateTracker: pollStateDone: Current OutgoingPhone is not OnStar.
04-23 08:20:10.854  5015  5566 V OnStarCommands: onCellNetInfo: cellNetworkName:AT&T cellNetworkSignal:1 cellNetworkState:0 cellNetworkType: 7
04-23 08:20:10.854  5015  5566 D OnStarCommands: getSignalLevel: 1 -> 4
04-23 08:20:10.854  5015  5566 D OnStarCommands: getVoiceRegState: state = 1
04-23 08:20:10.854  5015  5566 D OnStarCommands: onCellNetInfo: No mVoiceNetworkStateRegistrants to notify
04-23 08:20:10.855  5015  5015 V OnStarServiceStateTracker: handleMessage: SIGNAL STRENGTH event = 12  current phone is not OnStar
04-23 08:20:10.855  5015  5015 V OnStarServiceStateTracker: handleMessage: EVENT_NETWORK_STATE_CHANGED: polling states...
04-23 08:20:10.855  5015  5015 V OnStarServiceStateTracker: pollState
04-23 08:20:10.855  5015  5015 D OnStarCommands: getVoiceRegState: state = 1
04-23 08:20:10.855  5015  5015 D OnStarCommands: getOperator: operatorName = AT&T
04-23 08:20:10.855  5015  5015 V OnStarServiceStateTracker: handleMessage: EVENT_POLL_STATE_REGISTRATION: processing...
04-23 08:20:10.855  5015  5015 D OnStarServiceStateTracker: handlePollStateResult: EVENT_POLL_STATE_REGISTRATION: regCode:1, serviceState:0
04-23 08:20:10.855  5015  5015 D PHONE   : [ServiceState] setVoiceRegState=0
04-23 08:20:10.855  5015  5015 V OnStarServiceStateTracker: handleMessage: EVENT_POLL_STATE_OPERATOR: processing...
04-23 08:20:10.855  5015  5015 D OnStarServiceStateTracker: handlePollStateResult: EVENT_POLL_STATE_OPERATOR: opNames[0]: 'AT&T' opNames[1]: '' opNames[2]: ''
04-23 08:20:10.856  5015  5015 D OnStarServiceStateTracker: pollStateDone: oldSS=[0 1 voice home data home AT&T   AT&T    Unknown Unknown CSS not supported -1 -1 RoamInd=-1 DefRoamInd=-1 EmergOnly=false IsDataRoamingFromRegistration=false] newSS=[0 1 voice home data home AT&T   AT&T    Unknown Unknown CSS not supported -1 -1 RoamInd=-1 DefRoamInd=-1 EmergOnly=false IsDataRoamingFromRegistration=false]
04-23 08:20:10.856  5015  5015 D PHONE   : [ServiceState] setNullState=1
04-23 08:20:10.858  5015  5015 D OnStarServiceStateTracker: pollStateDone: Current OutgoingPhone is not OnStar.
04-23 08:20:23.410  5015  5039 V OnStarCommands: onCellNetInfo: cellNetworkName:AT&T cellNetworkSignal:2 cellNetworkState:0 cellNetworkType: 7
04-23 08:20:23.410  5015  5039 D OnStarCommands: getSignalLevel: 2 -> 6
04-23 08:20:23.412  5015  5039 D OnStarCommands: getVoiceRegState: state = 1
04-23 08:20:23.412  5015  5039 D OnStarCommands: onCellNetInfo: No mVoiceNetworkStateRegistrants to notify
04-23 08:20:23.413  5015  5015 V OnStarServiceStateTracker: handleMessage: SIGNAL STRENGTH event = 12  current phone is not OnStar
04-23 08:20:23.413  5015  5015 V OnStarServiceStateTracker: handleMessage: EVENT_NETWORK_STATE_CHANGED: polling states...
04-23 08:20:23.413  5015  5015 V OnStarServiceStateTracker: pollState
04-23 08:20:23.413  5015  5015 D OnStarCommands: getVoiceRegState: state = 1
04-23 08:20:23.413  5015  5015 D OnStarCommands: getOperator: operatorName = AT&T
04-23 08:20:23.413  5015  5015 V OnStarServiceStateTracker: handleMessage: EVENT_POLL_STATE_REGISTRATION: processing...
04-23 08:20:23.413  5015  5015 D OnStarServiceStateTracker: handlePollStateResult: EVENT_POLL_STATE_REGISTRATION: regCode:1, serviceState:0
04-23 08:20:23.413  5015  5015 D PHONE   : [ServiceState] setVoiceRegState=0
04-23 08:20:23.413  5015  5015 V OnStarServiceStateTracker: handleMessage: EVENT_POLL_STATE_OPERATOR: processing...
04-23 08:20:23.413  5015  5015 D OnStarServiceStateTracker: handlePollStateResult: EVENT_POLL_STATE_OPERATOR: opNames[0]: 'AT&T' opNames[1]: '' opNames[2]: ''
04-23 08:20:23.415  5015  5015 D OnStarServiceStateTracker: pollStateDone: oldSS=[0 1 voice home data home AT&T   AT&T    Unknown Unknown CSS not supported -1 -1 RoamInd=-1 DefRoamInd=-1 EmergOnly=false IsDataRoamingFromRegistration=false] newSS=[0 1 voice home data home AT&T   AT&T    Unknown Unknown CSS not supported -1 -1 RoamInd=-1 DefRoamInd=-1 EmergOnly=false IsDataRoamingFromRegistration=false]
04-23 08:20:23.415  5015  5015 D PHONE   : [ServiceState] setNullState=1
04-23 08:20:23.417  5015  5015 D OnStarServiceStateTracker: pollStateDone: Current OutgoingPhone is not OnStar.
04-23 08:20:37.735  5015  5345 V OnStarCommands: onCellNetInfo: cellNetworkName:AT&T cellNetworkSignal:1 cellNetworkState:0 cellNetworkType: 7
04-23 08:20:37.735  5015  5345 D OnStarCommands: getSignalLevel: 1 -> 4
04-23 08:20:37.735  5015  5345 D OnStarCommands: getVoiceRegState: state = 1
04-23 08:20:37.735  5015  5345 D OnStarCommands: onCellNetInfo: No mVoiceNetworkStateRegistrants to notify
04-23 08:20:37.736  5015  5015 V OnStarServiceStateTracker: handleMessage: SIGNAL STRENGTH event = 12  current phone is not OnStar
04-23 08:20:37.736  5015  5015 V OnStarServiceStateTracker: handleMessage: EVENT_NETWORK_STATE_CHANGED: polling states...
04-23 08:20:37.736  5015  5015 V OnStarServiceStateTracker: pollState
04-23 08:20:37.736  5015  5015 D OnStarCommands: getVoiceRegState: state = 1
04-23 08:20:37.736  5015  5015 D OnStarCommands: getOperator: operatorName = AT&T
04-23 08:20:37.736  5015  5015 V OnStarServiceStateTracker: handleMessage: EVENT_POLL_STATE_REGISTRATION: processing...
04-23 08:20:37.736  5015  5015 D OnStarServiceStateTracker: handlePollStateResult: EVENT_POLL_STATE_REGISTRATION: regCode:1, serviceState:0
04-23 08:20:37.736  5015  5015 D PHONE   : [ServiceState] setVoiceRegState=0
04-23 08:20:37.736  5015  5015 V OnStarServiceStateTracker: handleMessage: EVENT_POLL_STATE_OPERATOR: processing...
04-23 08:20:37.736  5015  5015 D OnStarServiceStateTracker: handlePollStateResult: EVENT_POLL_STATE_OPERATOR: opNames[0]: 'AT&T' opNames[1]: '' opNames[2]: ''
04-23 08:20:37.739  5015  5015 D OnStarServiceStateTracker: pollStateDone: oldSS=[0 1 voice home data home AT&T   AT&T    Unknown Unknown CSS not supported -1 -1 RoamInd=-1 DefRoamInd=-1 EmergOnly=false IsDataRoamingFromRegistration=false] newSS=[0 1 voice home data home AT&T   AT&T    Unknown Unknown CSS not supported -1 -1 RoamInd=-1 DefRoamInd=-1 EmergOnly=false IsDataRoamingFromRegistration=false]
04-23 08:20:37.739  5015  5015 D PHONE   : [ServiceState] setNullState=1
04-23 08:20:37.746  5015  5015 D OnStarServiceStateTracker: pollStateDone: Current OutgoingPhone is not OnStar.
04-23 08:20:44.423  5015  5040 V OnStarCommands: onCellNetInfo: cellNetworkName:AT&T cellNetworkSignal:2 cellNetworkState:0 cellNetworkType: 7
04-23 08:20:44.423  5015  5040 D OnStarCommands: getSignalLevel: 2 -> 6
04-23 08:20:44.423  5015  5040 D OnStarCommands: getVoiceRegState: state = 1
04-23 08:20:44.423  5015  5040 D OnStarCommands: onCellNetInfo: No mVoiceNetworkStateRegistrants to notify
04-23 08:20:44.427  5015  5015 V OnStarServiceStateTracker: handleMessage: SIGNAL STRENGTH event = 12  current phone is not OnStar
04-23 08:20:44.427  5015  5015 V OnStarServiceStateTracker: handleMessage: EVENT_NETWORK_STATE_CHANGED: polling states...
04-23 08:20:44.427  5015  5015 V OnStarServiceStateTracker: pollState
04-23 08:20:44.427  5015  5015 D OnStarCommands: getVoiceRegState: state = 1
04-23 08:20:44.427  5015  5015 D OnStarCommands: getOperator: operatorName = AT&T
04-23 08:20:44.427  5015  5015 V OnStarServiceStateTracker: handleMessage: EVENT_POLL_STATE_REGISTRATION: processing...
04-23 08:20:44.427  5015  5015 D OnStarServiceStateTracker: handlePollStateResult: EVENT_POLL_STATE_REGISTRATION: regCode:1, serviceState:0
04-23 08:20:44.427  5015  5015 D PHONE   : [ServiceState] setVoiceRegState=0
04-23 08:20:44.427  5015  5015 V OnStarServiceStateTracker: handleMessage: EVENT_POLL_STATE_OPERATOR: processing...
04-23 08:20:44.427  5015  5015 D OnStarServiceStateTracker: handlePollStateResult: EVENT_POLL_STATE_OPERATOR: opNames[0]: 'AT&T' opNames[1]: '' opNames[2]: ''
04-23 08:20:44.432  5015  5015 D OnStarServiceStateTracker: pollStateDone: oldSS=[0 1 voice home data home AT&T   AT&T    Unknown Unknown CSS not supported -1 -1 RoamInd=-1 DefRoamInd=-1 EmergOnly=false IsDataRoamingFromRegistration=false] newSS=[0 1 voice home data home AT&T   AT&T    Unknown Unknown CSS not supported -1 -1 RoamInd=-1 DefRoamInd=-1 EmergOnly=false IsDataRoamingFromRegistration=false]
04-23 08:20:44.432  5015  5015 D PHONE   : [ServiceState] setNullState=1
04-23 08:20:44.439  5015  5015 D OnStarServiceStateTracker: pollStateDone: Current OutgoingPhone is not OnStar.
04-23 08:20:46.686  5015  5256 V OnStarCommands: onCellNetInfo: cellNetworkName:AT&T cellNetworkSignal:1 cellNetworkState:0 cellNetworkType: 7
04-23 08:20:46.686  5015  5256 D OnStarCommands: getSignalLevel: 1 -> 4
04-23 08:20:46.687  5015  5256 D OnStarCommands: getVoiceRegState: state = 1
04-23 08:20:46.687  5015  5256 D OnStarCommands: onCellNetInfo: No mVoiceNetworkStateRegistrants to notify
04-23 08:20:46.687  5015  5015 V OnStarServiceStateTracker: handleMessage: SIGNAL STRENGTH event = 12  current phone is not OnStar
04-23 08:20:46.687  5015  5015 V OnStarServiceStateTracker: handleMessage: EVENT_NETWORK_STATE_CHANGED: polling states...
04-23 08:20:46.687  5015  5015 V OnStarServiceStateTracker: pollState
04-23 08:20:46.687  5015  5015 D OnStarCommands: getVoiceRegState: state = 1
04-23 08:20:46.687  5015  5015 D OnStarCommands: getOperator: operatorName = AT&T
04-23 08:20:46.688  5015  5015 V OnStarServiceStateTracker: handleMessage: EVENT_POLL_STATE_REGISTRATION: processing...
04-23 08:20:46.688  5015  5015 D OnStarServiceStateTracker: handlePollStateResult: EVENT_POLL_STATE_REGISTRATION: regCode:1, serviceState:0
04-23 08:20:46.688  5015  5015 D PHONE   : [ServiceState] setVoiceRegState=0
04-23 08:20:46.688  5015  5015 V OnStarServiceStateTracker: handleMessage: EVENT_POLL_STATE_OPERATOR: processing...
04-23 08:20:46.688  5015  5015 D OnStarServiceStateTracker: handlePollStateResult: EVENT_POLL_STATE_OPERATOR: opNames[0]: 'AT&T' opNames[1]: '' opNames[2]: ''
04-23 08:20:46.690  5015  5015 D OnStarServiceStateTracker: pollStateDone: oldSS=[0 1 voice home data home AT&T   AT&T    Unknown Unknown CSS not supported -1 -1 RoamInd=-1 DefRoamInd=-1 EmergOnly=false IsDataRoamingFromRegistration=false] newSS=[0 1 voice home data home AT&T   AT&T    Unknown Unknown CSS not supported -1 -1 RoamInd=-1 DefRoamInd=-1 EmergOnly=false IsDataRoamingFromRegistration=false]
04-23 08:20:46.690  5015  5015 D PHONE   : [ServiceState] setNullState=1
04-23 08:20:46.690  5015  5015 D OnStarServiceStateTracker: pollStateDone: Current OutgoingPhone is not OnStar.
04-23 08:21:08.439  5015  5566 V OnStarCommands: onCellNetInfo: cellNetworkName:AT&T cellNetworkSignal:2 cellNetworkState:0 cellNetworkType: 7
04-23 08:21:08.439  5015  5566 D OnStarCommands: getSignalLevel: 2 -> 6
04-23 08:21:08.439  5015  5566 D OnStarCommands: getVoiceRegState: state = 1
04-23 08:21:08.439  5015  5566 D OnStarCommands: onCellNetInfo: No mVoiceNetworkStateRegistrants to notify
04-23 08:21:08.440  5015  5015 V OnStarServiceStateTracker: handleMessage: SIGNAL STRENGTH event = 12  current phone is not OnStar
04-23 08:21:08.441  5015  5015 V OnStarServiceStateTracker: handleMessage: EVENT_NETWORK_STATE_CHANGED: polling states...
04-23 08:21:08.441  5015  5015 V OnStarServiceStateTracker: pollState
04-23 08:21:08.441  5015  5015 D OnStarCommands: getVoiceRegState: state = 1
04-23 08:21:08.441  5015  5015 D OnStarCommands: getOperator: operatorName = AT&T
04-23 08:21:08.441  5015  5015 V OnStarServiceStateTracker: handleMessage: EVENT_POLL_STATE_REGISTRATION: processing...
04-23 08:21:08.441  5015  5015 D OnStarServiceStateTracker: handlePollStateResult: EVENT_POLL_STATE_REGISTRATION: regCode:1, serviceState:0
04-23 08:21:08.441  5015  5015 D PHONE   : [ServiceState] setVoiceRegState=0
04-23 08:21:08.441  5015  5015 V OnStarServiceStateTracker: handleMessage: EVENT_POLL_STATE_OPERATOR: processing...
04-23 08:21:08.441  5015  5015 D OnStarServiceStateTracker: handlePollStateResult: EVENT_POLL_STATE_OPERATOR: opNames[0]: 'AT&T' opNames[1]: '' opNames[2]: ''
04-23 08:21:08.442  5015  5015 D OnStarServiceStateTracker: pollStateDone: oldSS=[0 1 voice home data home AT&T   AT&T    Unknown Unknown CSS not supported -1 -1 RoamInd=-1 DefRoamInd=-1 EmergOnly=false IsDataRoamingFromRegistration=false] newSS=[0 1 voice home data home AT&T   AT&T    Unknown Unknown CSS not supported -1 -1 RoamInd=-1 DefRoamInd=-1 EmergOnly=false IsDataRoamingFromRegistration=false]
04-23 08:21:08.442  5015  5015 D PHONE   : [ServiceState] setNullState=1
04-23 08:21:08.445  5015  5015 D OnStarServiceStateTracker: pollStateDone: Current OutgoingPhone is not OnStar.
04-23 08:21:14.438  5015  5039 V OnStarCommands: onCellNetInfo: cellNetworkName:AT&T cellNetworkSignal:1 cellNetworkState:0 cellNetworkType: 7
04-23 08:21:14.438  5015  5039 D OnStarCommands: getSignalLevel: 1 -> 4
04-23 08:21:14.438  5015  5039 D OnStarCommands: getVoiceRegState: state = 1
04-23 08:21:14.438  5015  5039 D OnStarCommands: onCellNetInfo: No mVoiceNetworkStateRegistrants to notify
04-23 08:21:14.442  5015  5015 V OnStarServiceStateTracker: handleMessage: SIGNAL STRENGTH event = 12  current phone is not OnStar
04-23 08:21:14.442  5015  5015 V OnStarServiceStateTracker: handleMessage: EVENT_NETWORK_STATE_CHANGED: polling states...
04-23 08:21:14.442  5015  5015 V OnStarServiceStateTracker: pollState
04-23 08:21:14.442  5015  5015 D OnStarCommands: getVoiceRegState: state = 1
04-23 08:21:14.442  5015  5015 D OnStarCommands: getOperator: operatorName = AT&T
04-23 08:21:14.442  5015  5015 V OnStarServiceStateTracker: handleMessage: EVENT_POLL_STATE_REGISTRATION: processing...
04-23 08:21:14.442  5015  5015 D OnStarServiceStateTracker: handlePollStateResult: EVENT_POLL_STATE_REGISTRATION: regCode:1, serviceState:0
04-23 08:21:14.442  5015  5015 D PHONE   : [ServiceState] setVoiceRegState=0
04-23 08:21:14.442  5015  5015 V OnStarServiceStateTracker: handleMessage: EVENT_POLL_STATE_OPERATOR: processing...
04-23 08:21:14.443  5015  5015 D OnStarServiceStateTracker: handlePollStateResult: EVENT_POLL_STATE_OPERATOR: opNames[0]: 'AT&T' opNames[1]: '' opNames[2]: ''
04-23 08:21:14.446  5015  5015 D OnStarServiceStateTracker: pollStateDone: oldSS=[0 1 voice home data home AT&T   AT&T    Unknown Unknown CSS not supported -1 -1 RoamInd=-1 DefRoamInd=-1 EmergOnly=false IsDataRoamingFromRegistration=false] newSS=[0 1 voice home data home AT&T   AT&T    Unknown Unknown CSS not supported -1 -1 RoamInd=-1 DefRoamInd=-1 EmergOnly=false IsDataRoamingFromRegistration=false]
04-23 08:21:14.446  5015  5015 D PHONE   : [ServiceState] setNullState=1
04-23 08:21:14.446  5015  5015 D OnStarServiceStateTracker: pollStateDone: Current OutgoingPhone is not OnStar.
04-23 08:22:05.092  5015  5345 V OnStarCommands: onCellNetInfo: cellNetworkName:AT&T cellNetworkSignal:2 cellNetworkState:0 cellNetworkType: 7
04-23 08:22:05.093  5015  5345 D OnStarCommands: getSignalLevel: 2 -> 6
04-23 08:22:05.093  5015  5345 D OnStarCommands: getVoiceRegState: state = 1
04-23 08:22:05.093  5015  5345 D OnStarCommands: onCellNetInfo: No mVoiceNetworkStateRegistrants to notify
04-23 08:22:05.094  5015  5015 V OnStarServiceStateTracker: handleMessage: SIGNAL STRENGTH event = 12  current phone is not OnStar
04-23 08:22:05.094  5015  5015 V OnStarServiceStateTracker: handleMessage: EVENT_NETWORK_STATE_CHANGED: polling states...
04-23 08:22:05.094  5015  5015 V OnStarServiceStateTracker: pollState
04-23 08:22:05.094  5015  5015 D OnStarCommands: getVoiceRegState: state = 1
04-23 08:22:05.094  5015  5015 D OnStarCommands: getOperator: operatorName = AT&T
04-23 08:22:05.094  5015  5015 V OnStarServiceStateTracker: handleMessage: EVENT_POLL_STATE_REGISTRATION: processing...
04-23 08:22:05.094  5015  5015 D OnStarServiceStateTracker: handlePollStateResult: EVENT_POLL_STATE_REGISTRATION: regCode:1, serviceState:0
04-23 08:22:05.094  5015  5015 D PHONE   : [ServiceState] setVoiceRegState=0
04-23 08:22:05.094  5015  5015 V OnStarServiceStateTracker: handleMessage: EVENT_POLL_STATE_OPERATOR: processing...
04-23 08:22:05.094  5015  5015 D OnStarServiceStateTracker: handlePollStateResult: EVENT_POLL_STATE_OPERATOR: opNames[0]: 'AT&T' opNames[1]: '' opNames[2]: ''
04-23 08:22:05.095  5015  5015 D OnStarServiceStateTracker: pollStateDone: oldSS=[0 1 voice home data home AT&T   AT&T    Unknown Unknown CSS not supported -1 -1 RoamInd=-1 DefRoamInd=-1 EmergOnly=false IsDataRoamingFromRegistration=false] newSS=[0 1 voice home data home AT&T   AT&T    Unknown Unknown CSS not supported -1 -1 RoamInd=-1 DefRoamInd=-1 EmergOnly=false IsDataRoamingFromRegistration=false]
04-23 08:22:05.095  5015  5015 D PHONE   : [ServiceState] setNullState=1
04-23 08:22:05.097  5015  5015 D OnStarServiceStateTracker: pollStateDone: Current OutgoingPhone is not OnStar.
04-23 08:22:08.489  5015  5040 V OnStarCommands: onCellNetInfo: cellNetworkName:AT&T cellNetworkSignal:1 cellNetworkState:0 cellNetworkType: 7
04-23 08:22:08.489  5015  5040 D OnStarCommands: getSignalLevel: 1 -> 4
04-23 08:22:08.489  5015  5040 D OnStarCommands: getVoiceRegState: state = 1
04-23 08:22:08.489  5015  5040 D OnStarCommands: onCellNetInfo: No mVoiceNetworkStateRegistrants to notify
04-23 08:22:08.494  5015  5015 V OnStarServiceStateTracker: handleMessage: SIGNAL STRENGTH event = 12  current phone is not OnStar
04-23 08:22:08.494  5015  5015 V OnStarServiceStateTracker: handleMessage: EVENT_NETWORK_STATE_CHANGED: polling states...
04-23 08:22:08.494  5015  5015 V OnStarServiceStateTracker: pollState
04-23 08:22:08.494  5015  5015 D OnStarCommands: getVoiceRegState: state = 1
04-23 08:22:08.494  5015  5015 D OnStarCommands: getOperator: operatorName = AT&T
04-23 08:22:08.494  5015  5015 V OnStarServiceStateTracker: handleMessage: EVENT_POLL_STATE_REGISTRATION: processing...
04-23 08:22:08.494  5015  5015 D OnStarServiceStateTracker: handlePollStateResult: EVENT_POLL_STATE_REGISTRATION: regCode:1, serviceState:0
04-23 08:22:08.494  5015  5015 D PHONE   : [ServiceState] setVoiceRegState=0
04-23 08:22:08.494  5015  5015 V OnStarServiceStateTracker: handleMessage: EVENT_POLL_STATE_OPERATOR: processing...
04-23 08:22:08.494  5015  5015 D OnStarServiceStateTracker: handlePollStateResult: EVENT_POLL_STATE_OPERATOR: opNames[0]: 'AT&T' opNames[1]: '' opNames[2]: ''
04-23 08:22:08.495  5015  5015 D OnStarServiceStateTracker: pollStateDone: oldSS=[0 1 voice home data home AT&T   AT&T    Unknown Unknown CSS not supported -1 -1 RoamInd=-1 DefRoamInd=-1 EmergOnly=false IsDataRoamingFromRegistration=false] newSS=[0 1 voice home data home AT&T   AT&T    Unknown Unknown CSS not supported -1 -1 RoamInd=-1 DefRoamInd=-1 EmergOnly=false IsDataRoamingFromRegistration=false]
04-23 08:22:08.495  5015  5015 D PHONE   : [ServiceState] setNullState=1
04-23 08:22:08.496  5015  5015 D OnStarServiceStateTracker: pollStateDone: Current OutgoingPhone is not OnStar.
04-23 08:22:31.984  5015  5256 V OnStarCommands: onCellNetInfo: cellNetworkName:AT&T cellNetworkSignal:2 cellNetworkState:0 cellNetworkType: 7
04-23 08:22:31.984  5015  5256 D OnStarCommands: getSignalLevel: 2 -> 6
04-23 08:22:31.984  5015  5256 D OnStarCommands: getVoiceRegState: state = 1
04-23 08:22:31.984  5015  5256 D OnStarCommands: onCellNetInfo: No mVoiceNetworkStateRegistrants to notify
04-23 08:22:31.991  5015  5015 V OnStarServiceStateTracker: handleMessage: SIGNAL STRENGTH event = 12  current phone is not OnStar
04-23 08:22:31.991  5015  5015 V OnStarServiceStateTracker: handleMessage: EVENT_NETWORK_STATE_CHANGED: polling states...
04-23 08:22:31.991  5015  5015 V OnStarServiceStateTracker: pollState
04-23 08:22:31.991  5015  5015 D OnStarCommands: getVoiceRegState: state = 1
04-23 08:22:31.991  5015  5015 D OnStarCommands: getOperator: operatorName = AT&T
04-23 08:22:31.991  5015  5015 V OnStarServiceStateTracker: handleMessage: EVENT_POLL_STATE_REGISTRATION: processing...
04-23 08:22:31.991  5015  5015 D OnStarServiceStateTracker: handlePollStateResult: EVENT_POLL_STATE_REGISTRATION: regCode:1, serviceState:0
04-23 08:22:31.991  5015  5015 D PHONE   : [ServiceState] setVoiceRegState=0
04-23 08:22:31.991  5015  5015 V OnStarServiceStateTracker: handleMessage: EVENT_POLL_STATE_OPERATOR: processing...
04-23 08:22:31.991  5015  5015 D OnStarServiceStateTracker: handlePollStateResult: EVENT_POLL_STATE_OPERATOR: opNames[0]: 'AT&T' opNames[1]: '' opNames[2]: ''
04-23 08:22:31.997  5015  5015 D OnStarServiceStateTracker: pollStateDone: oldSS=[0 1 voice home data home AT&T   AT&T    Unknown Unknown CSS not supported -1 -1 RoamInd=-1 DefRoamInd=-1 EmergOnly=false IsDataRoamingFromRegistration=false] newSS=[0 1 voice home data home AT&T   AT&T    Unknown Unknown CSS not supported -1 -1 RoamInd=-1 DefRoamInd=-1 EmergOnly=false IsDataRoamingFromRegistration=false]
04-23 08:22:31.997  5015  5015 D PHONE   : [ServiceState] setNullState=1
04-23 08:22:31.998  5015  5015 D OnStarServiceStateTracker: pollStateDone: Current OutgoingPhone is not OnStar.
04-23 08:22:38.503  5015  5566 V OnStarCommands: onCellNetInfo: cellNetworkName:AT&T cellNetworkSignal:1 cellNetworkState:0 cellNetworkType: 7
04-23 08:22:38.503  5015  5566 D OnStarCommands: getSignalLevel: 1 -> 4
04-23 08:22:38.503  5015  5566 D OnStarCommands: getVoiceRegState: state = 1
04-23 08:22:38.503  5015  5566 D OnStarCommands: onCellNetInfo: No mVoiceNetworkStateRegistrants to notify
04-23 08:22:38.506  5015  5015 V OnStarServiceStateTracker: handleMessage: SIGNAL STRENGTH event = 12  current phone is not OnStar
04-23 08:22:38.506  5015  5015 V OnStarServiceStateTracker: handleMessage: EVENT_NETWORK_STATE_CHANGED: polling states...
04-23 08:22:38.506  5015  5015 V OnStarServiceStateTracker: pollState
04-23 08:22:38.506  5015  5015 D OnStarCommands: getVoiceRegState: state = 1
04-23 08:22:38.506  5015  5015 D OnStarCommands: getOperator: operatorName = AT&T
04-23 08:22:38.506  5015  5015 V OnStarServiceStateTracker: handleMessage: EVENT_POLL_STATE_REGISTRATION: processing...
04-23 08:22:38.506  5015  5015 D OnStarServiceStateTracker: handlePollStateResult: EVENT_POLL_STATE_REGISTRATION: regCode:1, serviceState:0
04-23 08:22:38.506  5015  5015 D PHONE   : [ServiceState] setVoiceRegState=0
04-23 08:22:38.506  5015  5015 V OnStarServiceStateTracker: handleMessage: EVENT_POLL_STATE_OPERATOR: processing...
04-23 08:22:38.506  5015  5015 D OnStarServiceStateTracker: handlePollStateResult: EVENT_POLL_STATE_OPERATOR: opNames[0]: 'AT&T' opNames[1]: '' opNames[2]: ''
04-23 08:22:38.507  5015  5015 D OnStarServiceStateTracker: pollStateDone: oldSS=[0 1 voice home data home AT&T   AT&T    Unknown Unknown CSS not supported -1 -1 RoamInd=-1 DefRoamInd=-1 EmergOnly=false IsDataRoamingFromRegistration=false] newSS=[0 1 voice home data home AT&T   AT&T    Unknown Unknown CSS not supported -1 -1 RoamInd=-1 DefRoamInd=-1 EmergOnly=false IsDataRoamingFromRegistration=false]
04-23 08:22:38.507  5015  5015 D PHONE   : [ServiceState] setNullState=1
04-23 08:22:38.508  5015  5015 D OnStarServiceStateTracker: pollStateDone: Current OutgoingPhone is not OnStar.
04-23 08:23:23.492  5015  5039 V OnStarCommands: onCellNetInfo: cellNetworkName:AT&T cellNetworkSignal:2 cellNetworkState:0 cellNetworkType: 7
04-23 08:23:23.492  5015  5039 D OnStarCommands: getSignalLevel: 2 -> 6
04-23 08:23:23.492  5015  5039 D OnStarCommands: getVoiceRegState: state = 1
04-23 08:23:23.492  5015  5039 D OnStarCommands: onCellNetInfo: No mVoiceNetworkStateRegistrants to notify
04-23 08:23:23.493  5015  5015 V OnStarServiceStateTracker: handleMessage: SIGNAL STRENGTH event = 12  current phone is not OnStar
04-23 08:23:23.493  5015  5015 V OnStarServiceStateTracker: handleMessage: EVENT_NETWORK_STATE_CHANGED: polling states...
04-23 08:23:23.493  5015  5015 V OnStarServiceStateTracker: pollState
04-23 08:23:23.493  5015  5015 D OnStarCommands: getVoiceRegState: state = 1
04-23 08:23:23.494  5015  5015 D OnStarCommands: getOperator: operatorName = AT&T
04-23 08:23:23.494  5015  5015 V OnStarServiceStateTracker: handleMessage: EVENT_POLL_STATE_REGISTRATION: processing...
04-23 08:23:23.494  5015  5015 D OnStarServiceStateTracker: handlePollStateResult: EVENT_POLL_STATE_REGISTRATION: regCode:1, serviceState:0
04-23 08:23:23.494  5015  5015 D PHONE   : [ServiceState] setVoiceRegState=0
04-23 08:23:23.494  5015  5015 V OnStarServiceStateTracker: handleMessage: EVENT_POLL_STATE_OPERATOR: processing...
04-23 08:23:23.494  5015  5015 D OnStarServiceStateTracker: handlePollStateResult: EVENT_POLL_STATE_OPERATOR: opNames[0]: 'AT&T' opNames[1]: '' opNames[2]: ''
04-23 08:23:23.495  5015  5015 D OnStarServiceStateTracker: pollStateDone: oldSS=[0 1 voice home data home AT&T   AT&T    Unknown Unknown CSS not supported -1 -1 RoamInd=-1 DefRoamInd=-1 EmergOnly=false IsDataRoamingFromRegistration=false] newSS=[0 1 voice home data home AT&T   AT&T    Unknown Unknown CSS not supported -1 -1 RoamInd=-1 DefRoamInd=-1 EmergOnly=false IsDataRoamingFromRegistration=false]
04-23 08:23:23.495  5015  5015 D PHONE   : [ServiceState] setNullState=1
04-23 08:23:23.496  5015  5015 D OnStarServiceStateTracker: pollStateDone: Current OutgoingPhone is not OnStar.
04-23 08:23:25.736  5015  5345 V OnStarCommands: onCellNetInfo: cellNetworkName:AT&T cellNetworkSignal:1 cellNetworkState:0 cellNetworkType: 7
04-23 08:23:25.736  5015  5345 D OnStarCommands: getSignalLevel: 1 -> 4
04-23 08:23:25.736  5015  5345 D OnStarCommands: getVoiceRegState: state = 1
