04-23 09:09:38.949  5015  5040 D OnStarCommands: onCellNetInfo: No mVoiceNetworkStateRegistrants to notify
04-23 09:09:38.951  5015  5015 V OnStarServiceStateTracker: handleMessage: SIGNAL STRENGTH event = 12  current phone is not OnStar
04-23 09:09:38.951  5015  5015 V OnStarServiceStateTracker: handleMessage: EVENT_NETWORK_STATE_CHANGED: polling states...
04-23 09:09:38.951  5015  5015 V OnStarServiceStateTracker: pollState
04-23 09:09:38.951  5015  5015 D OnStarCommands: getVoiceRegState: state = 1
04-23 09:09:38.951  5015  5015 D OnStarCommands: getOperator: operatorName = AT&T
04-23 09:09:38.951  5015  5015 V OnStarServiceStateTracker: handleMessage: EVENT_POLL_STATE_REGISTRATION: processing...
04-23 09:09:38.951  5015  5015 D OnStarServiceStateTracker: handlePollStateResult: EVENT_POLL_STATE_REGISTRATION: regCode:1, serviceState:0
04-23 09:09:38.951  5015  5015 D PHONE   : [ServiceState] setVoiceRegState=0
04-23 09:09:38.951  5015  5015 V OnStarServiceStateTracker: handleMessage: EVENT_POLL_STATE_OPERATOR: processing...
04-23 09:09:38.951  5015  5015 D OnStarServiceStateTracker: handlePollStateResult: EVENT_POLL_STATE_OPERATOR: opNames[0]: 'AT&T' opNames[1]: '' opNames[2]: ''
04-23 09:09:38.959  5015  5015 D OnStarServiceStateTracker: pollStateDone: oldSS=[0 1 voice home data home AT&T   AT&T    Unknown Unknown CSS not supported -1 -1 RoamInd=-1 DefRoamInd=-1 EmergOnly=false IsDataRoamingFromRegistration=false] newSS=[0 1 voice home data home AT&T   AT&T    Unknown Unknown CSS not supported -1 -1 RoamInd=-1 DefRoamInd=-1 EmergOnly=false IsDataRoamingFromRegistration=false]
04-23 09:09:38.959  5015  5015 D PHONE   : [ServiceState] setNullState=1
04-23 09:09:38.961  5015  5015 D OnStarServiceStateTracker: pollStateDone: Current OutgoingPhone is not OnStar.
04-23 09:09:41.190  5015  5256 V OnStarCommands: onCellNetInfo: cellNetworkName:AT&T cellNetworkSignal:1 cellNetworkState:0 cellNetworkType: 7
04-23 09:09:41.190  5015  5256 D OnStarCommands: getSignalLevel: 1 -> 4
04-23 09:09:41.190  5015  5256 D OnStarCommands: getVoiceRegState: state = 1
04-23 09:09:41.190  5015  5256 D OnStarCommands: onCellNetInfo: No mVoiceNetworkStateRegistrants to notify
04-23 09:09:41.194  5015  5015 V OnStarServiceStateTracker: handleMessage: SIGNAL STRENGTH event = 12  current phone is not OnStar
04-23 09:09:41.195  5015  5015 V OnStarServiceStateTracker: handleMessage: EVENT_NETWORK_STATE_CHANGED: polling states...
04-23 09:09:41.195  5015  5015 V OnStarServiceStateTracker: pollState
04-23 09:09:41.195  5015  5015 D OnStarCommands: getVoiceRegState: state = 1
04-23 09:09:41.195  5015  5015 D OnStarCommands: getOperator: operatorName = AT&T
04-23 09:09:41.195  5015  5015 V OnStarServiceStateTracker: handleMessage: EVENT_POLL_STATE_REGISTRATION: processing...
04-23 09:09:41.195  5015  5015 D OnStarServiceStateTracker: handlePollStateResult: EVENT_POLL_STATE_REGISTRATION: regCode:1, serviceState:0
04-23 09:09:41.195  5015  5015 D PHONE   : [ServiceState] setVoiceRegState=0
04-23 09:09:41.195  5015  5015 V OnStarServiceStateTracker: handleMessage: EVENT_POLL_STATE_OPERATOR: processing...
04-23 09:09:41.195  5015  5015 D OnStarServiceStateTracker: handlePollStateResult: EVENT_POLL_STATE_OPERATOR: opNames[0]: 'AT&T' opNames[1]: '' opNames[2]: ''
04-23 09:09:41.196  5015  5015 D OnStarServiceStateTracker: pollStateDone: oldSS=[0 1 voice home data home AT&T   AT&T    Unknown Unknown CSS not supported -1 -1 RoamInd=-1 DefRoamInd=-1 EmergOnly=false IsDataRoamingFromRegistration=false] newSS=[0 1 voice home data home AT&T   AT&T    Unknown Unknown CSS not supported -1 -1 RoamInd=-1 DefRoamInd=-1 EmergOnly=false IsDataRoamingFromRegistration=false]
04-23 09:09:41.196  5015  5015 D PHONE   : [ServiceState] setNullState=1
04-23 09:09:41.197  5015  5015 D OnStarServiceStateTracker: pollStateDone: Current OutgoingPhone is not OnStar.
04-23 09:09:54.639  5015  5566 V OnStarCommands: onCellNetInfo: cellNetworkName:AT&T cellNetworkSignal:2 cellNetworkState:0 cellNetworkType: 7
04-23 09:09:54.639  5015  5566 D OnStarCommands: getSignalLevel: 2 -> 6
04-23 09:09:54.639  5015  5566 D OnStarCommands: getVoiceRegState: state = 1
04-23 09:09:54.639  5015  5566 D OnStarCommands: onCellNetInfo: No mVoiceNetworkStateRegistrants to notify
04-23 09:09:54.640  5015  5015 V OnStarServiceStateTracker: handleMessage: SIGNAL STRENGTH event = 12  current phone is not OnStar
04-23 09:09:54.641  5015  5015 V OnStarServiceStateTracker: handleMessage: EVENT_NETWORK_STATE_CHANGED: polling states...
04-23 09:09:54.641  5015  5015 V OnStarServiceStateTracker: pollState
04-23 09:09:54.641  5015  5015 D OnStarCommands: getVoiceRegState: state = 1
04-23 09:09:54.641  5015  5015 D OnStarCommands: getOperator: operatorName = AT&T
04-23 09:09:54.641  5015  5015 V OnStarServiceStateTracker: handleMessage: EVENT_POLL_STATE_REGISTRATION: processing...
04-23 09:09:54.641  5015  5015 D OnStarServiceStateTracker: handlePollStateResult: EVENT_POLL_STATE_REGISTRATION: regCode:1, serviceState:0
04-23 09:09:54.641  5015  5015 D PHONE   : [ServiceState] setVoiceRegState=0
04-23 09:09:54.641  5015  5015 V OnStarServiceStateTracker: handleMessage: EVENT_POLL_STATE_OPERATOR: processing...
04-23 09:09:54.641  5015  5015 D OnStarServiceStateTracker: handlePollStateResult: EVENT_POLL_STATE_OPERATOR: opNames[0]: 'AT&T' opNames[1]: '' opNames[2]: ''
04-23 09:09:54.642  5015  5015 D OnStarServiceStateTracker: pollStateDone: oldSS=[0 1 voice home data home AT&T   AT&T    Unknown Unknown CSS not supported -1 -1 RoamInd=-1 DefRoamInd=-1 EmergOnly=false IsDataRoamingFromRegistration=false] newSS=[0 1 voice home data home AT&T   AT&T    Unknown Unknown CSS not supported -1 -1 RoamInd=-1 DefRoamInd=-1 EmergOnly=false IsDataRoamingFromRegistration=false]
04-23 09:09:54.642  5015  5015 D PHONE   : [ServiceState] setNullState=1
04-23 09:09:54.643  5015  5015 D OnStarServiceStateTracker: pollStateDone: Current OutgoingPhone is not OnStar.
04-23 09:09:59.114  5015  5039 V OnStarCommands: onCellNetInfo: cellNetworkName:AT&T cellNetworkSignal:1 cellNetworkState:0 cellNetworkType: 7
04-23 09:09:59.114  5015  5039 D OnStarCommands: getSignalLevel: 1 -> 4
04-23 09:09:59.114  5015  5039 D OnStarCommands: getVoiceRegState: state = 1
04-23 09:09:59.114  5015  5039 D OnStarCommands: onCellNetInfo: No mVoiceNetworkStateRegistrants to notify
04-23 09:09:59.115  5015  5015 V OnStarServiceStateTracker: handleMessage: SIGNAL STRENGTH event = 12  current phone is not OnStar
04-23 09:09:59.115  5015  5015 V OnStarServiceStateTracker: handleMessage: EVENT_NETWORK_STATE_CHANGED: polling states...
04-23 09:09:59.115  5015  5015 V OnStarServiceStateTracker: pollState
04-23 09:09:59.115  5015  5015 D OnStarCommands: getVoiceRegState: state = 1
04-23 09:09:59.115  5015  5015 D OnStarCommands: getOperator: operatorName = AT&T
04-23 09:09:59.115  5015  5015 V OnStarServiceStateTracker: handleMessage: EVENT_POLL_STATE_REGISTRATION: processing...
04-23 09:09:59.115  5015  5015 D OnStarServiceStateTracker: handlePollStateResult: EVENT_POLL_STATE_REGISTRATION: regCode:1, serviceState:0
04-23 09:09:59.115  5015  5015 D PHONE   : [ServiceState] setVoiceRegState=0
04-23 09:09:59.115  5015  5015 V OnStarServiceStateTracker: handleMessage: EVENT_POLL_STATE_OPERATOR: processing...
04-23 09:09:59.115  5015  5015 D OnStarServiceStateTracker: handlePollStateResult: EVENT_POLL_STATE_OPERATOR: opNames[0]: 'AT&T' opNames[1]: '' opNames[2]: ''
04-23 09:09:59.117  5015  5015 D OnStarServiceStateTracker: pollStateDone: oldSS=[0 1 voice home data home AT&T   AT&T    Unknown Unknown CSS not supported -1 -1 RoamInd=-1 DefRoamInd=-1 EmergOnly=false IsDataRoamingFromRegistration=false] newSS=[0 1 voice home data home AT&T   AT&T    Unknown Unknown CSS not supported -1 -1 RoamInd=-1 DefRoamInd=-1 EmergOnly=false IsDataRoamingFromRegistration=false]
04-23 09:09:59.117  5015  5015 D PHONE   : [ServiceState] setNullState=1
04-23 09:09:59.118  5015  5015 D OnStarServiceStateTracker: pollStateDone: Current OutgoingPhone is not OnStar.
04-23 09:10:43.921  5015  5345 V OnStarCommands: onCellNetInfo: cellNetworkName:AT&T cellNetworkSignal:2 cellNetworkState:0 cellNetworkType: 7
04-23 09:10:43.921  5015  5345 D OnStarCommands: getSignalLevel: 2 -> 6
04-23 09:10:43.921  5015  5345 D OnStarCommands: getVoiceRegState: state = 1
04-23 09:10:43.921  5015  5345 D OnStarCommands: onCellNetInfo: No mVoiceNetworkStateRegistrants to notify
04-23 09:10:43.922  5015  5015 V OnStarServiceStateTracker: handleMessage: SIGNAL STRENGTH event = 12  current phone is not OnStar
04-23 09:10:43.922  5015  5015 V OnStarServiceStateTracker: handleMessage: EVENT_NETWORK_STATE_CHANGED: polling states...
04-23 09:10:43.922  5015  5015 V OnStarServiceStateTracker: pollState
04-23 09:10:43.922  5015  5015 D OnStarCommands: getVoiceRegState: state = 1
04-23 09:10:43.922  5015  5015 D OnStarCommands: getOperator: operatorName = AT&T
04-23 09:10:43.922  5015  5015 V OnStarServiceStateTracker: handleMessage: EVENT_POLL_STATE_REGISTRATION: processing...
04-23 09:10:43.922  5015  5015 D OnStarServiceStateTracker: handlePollStateResult: EVENT_POLL_STATE_REGISTRATION: regCode:1, serviceState:0
04-23 09:10:43.922  5015  5015 D PHONE   : [ServiceState] setVoiceRegState=0
04-23 09:10:43.922  5015  5015 V OnStarServiceStateTracker: handleMessage: EVENT_POLL_STATE_OPERATOR: processing...
04-23 09:10:43.922  5015  5015 D OnStarServiceStateTracker: handlePollStateResult: EVENT_POLL_STATE_OPERATOR: opNames[0]: 'AT&T' opNames[1]: '' opNames[2]: ''
04-23 09:10:43.924  5015  5015 D OnStarServiceStateTracker: pollStateDone: oldSS=[0 1 voice home data home AT&T   AT&T    Unknown Unknown CSS not supported -1 -1 RoamInd=-1 DefRoamInd=-1 EmergOnly=false IsDataRoamingFromRegistration=false] newSS=[0 1 voice home data home AT&T   AT&T    Unknown Unknown CSS not supported -1 -1 RoamInd=-1 DefRoamInd=-1 EmergOnly=false IsDataRoamingFromRegistration=false]
04-23 09:10:43.924  5015  5015 D PHONE   : [ServiceState] setNullState=1
04-23 09:10:43.925  5015  5015 D OnStarServiceStateTracker: pollStateDone: Current OutgoingPhone is not OnStar.
04-23 09:10:48.392  5015  5040 V OnStarCommands: onCellNetInfo: cellNetworkName:AT&T cellNetworkSignal:1 cellNetworkState:0 cellNetworkType: 7
04-23 09:10:48.392  5015  5040 D OnStarCommands: getSignalLevel: 1 -> 4
04-23 09:10:48.392  5015  5040 D OnStarCommands: getVoiceRegState: state = 1
04-23 09:10:48.392  5015  5040 D OnStarCommands: onCellNetInfo: No mVoiceNetworkStateRegistrants to notify
04-23 09:10:48.394  5015  5015 V OnStarServiceStateTracker: handleMessage: SIGNAL STRENGTH event = 12  current phone is not OnStar
04-23 09:10:48.394  5015  5015 V OnStarServiceStateTracker: handleMessage: EVENT_NETWORK_STATE_CHANGED: polling states...
04-23 09:10:48.394  5015  5015 V OnStarServiceStateTracker: pollState
04-23 09:10:48.394  5015  5015 D OnStarCommands: getVoiceRegState: state = 1
04-23 09:10:48.394  5015  5015 D OnStarCommands: getOperator: operatorName = AT&T
04-23 09:10:48.394  5015  5015 V OnStarServiceStateTracker: handleMessage: EVENT_POLL_STATE_REGISTRATION: processing...
04-23 09:10:48.394  5015  5015 D OnStarServiceStateTracker: handlePollStateResult: EVENT_POLL_STATE_REGISTRATION: regCode:1, serviceState:0
04-23 09:10:48.394  5015  5015 D PHONE   : [ServiceState] setVoiceRegState=0
04-23 09:10:48.394  5015  5015 V OnStarServiceStateTracker: handleMessage: EVENT_POLL_STATE_OPERATOR: processing...
04-23 09:10:48.394  5015  5015 D OnStarServiceStateTracker: handlePollStateResult: EVENT_POLL_STATE_OPERATOR: opNames[0]: 'AT&T' opNames[1]: '' opNames[2]: ''
04-23 09:10:48.395  5015  5015 D OnStarServiceStateTracker: pollStateDone: oldSS=[0 1 voice home data home AT&T   AT&T    Unknown Unknown CSS not supported -1 -1 RoamInd=-1 DefRoamInd=-1 EmergOnly=false IsDataRoamingFromRegistration=false] newSS=[0 1 voice home data home AT&T   AT&T    Unknown Unknown CSS not supported -1 -1 RoamInd=-1 DefRoamInd=-1 EmergOnly=false IsDataRoamingFromRegistration=false]
04-23 09:10:48.395  5015  5015 D PHONE   : [ServiceState] setNullState=1
04-23 09:10:48.401  5015  5015 D OnStarServiceStateTracker: pollStateDone: Current OutgoingPhone is not OnStar.
04-23 09:11:19.753  5015  5256 V OnStarCommands: onCellNetInfo: cellNetworkName:AT&T cellNetworkSignal:2 cellNetworkState:0 cellNetworkType: 7
04-23 09:11:19.753  5015  5256 D OnStarCommands: getSignalLevel: 2 -> 6
04-23 09:11:19.753  5015  5256 D OnStarCommands: getVoiceRegState: state = 1
04-23 09:11:19.753  5015  5256 D OnStarCommands: onCellNetInfo: No mVoiceNetworkStateRegistrants to notify
04-23 09:11:19.754  5015  5015 V OnStarServiceStateTracker: handleMessage: SIGNAL STRENGTH event = 12  current phone is not OnStar
04-23 09:11:19.754  5015  5015 V OnStarServiceStateTracker: handleMessage: EVENT_NETWORK_STATE_CHANGED: polling states...
04-23 09:11:19.754  5015  5015 V OnStarServiceStateTracker: pollState
04-23 09:11:19.754  5015  5015 D OnStarCommands: getVoiceRegState: state = 1
04-23 09:11:19.754  5015  5015 D OnStarCommands: getOperator: operatorName = AT&T
04-23 09:11:19.754  5015  5015 V OnStarServiceStateTracker: handleMessage: EVENT_POLL_STATE_REGISTRATION: processing...
04-23 09:11:19.754  5015  5015 D OnStarServiceStateTracker: handlePollStateResult: EVENT_POLL_STATE_REGISTRATION: regCode:1, serviceState:0
04-23 09:11:19.754  5015  5015 D PHONE   : [ServiceState] setVoiceRegState=0
04-23 09:11:19.754  5015  5015 V OnStarServiceStateTracker: handleMessage: EVENT_POLL_STATE_OPERATOR: processing...
04-23 09:11:19.754  5015  5015 D OnStarServiceStateTracker: handlePollStateResult: EVENT_POLL_STATE_OPERATOR: opNames[0]: 'AT&T' opNames[1]: '' opNames[2]: ''
04-23 09:11:19.755  5015  5015 D OnStarServiceStateTracker: pollStateDone: oldSS=[0 1 voice home data home AT&T   AT&T    Unknown Unknown CSS not supported -1 -1 RoamInd=-1 DefRoamInd=-1 EmergOnly=false IsDataRoamingFromRegistration=false] newSS=[0 1 voice home data home AT&T   AT&T    Unknown Unknown CSS not supported -1 -1 RoamInd=-1 DefRoamInd=-1 EmergOnly=false IsDataRoamingFromRegistration=false]
04-23 09:11:19.755  5015  5015 D PHONE   : [ServiceState] setNullState=1
04-23 09:11:19.756  5015  5015 D OnStarServiceStateTracker: pollStateDone: Current OutgoingPhone is not OnStar.
04-23 09:11:24.244  5015  5566 V OnStarCommands: onCellNetInfo: cellNetworkName:AT&T cellNetworkSignal:1 cellNetworkState:0 cellNetworkType: 7
04-23 09:11:24.244  5015  5566 D OnStarCommands: getSignalLevel: 1 -> 4
04-23 09:11:24.244  5015  5566 D OnStarCommands: getVoiceRegState: state = 1
04-23 09:11:24.245  5015  5566 D OnStarCommands: onCellNetInfo: No mVoiceNetworkStateRegistrants to notify
04-23 09:11:24.246  5015  5015 V OnStarServiceStateTracker: handleMessage: SIGNAL STRENGTH event = 12  current phone is not OnStar
04-23 09:11:24.246  5015  5015 V OnStarServiceStateTracker: handleMessage: EVENT_NETWORK_STATE_CHANGED: polling states...
04-23 09:11:24.246  5015  5015 V OnStarServiceStateTracker: pollState
04-23 09:11:24.246  5015  5015 D OnStarCommands: getVoiceRegState: state = 1
04-23 09:11:24.247  5015  5015 D OnStarCommands: getOperator: operatorName = AT&T
04-23 09:11:24.247  5015  5015 V OnStarServiceStateTracker: handleMessage: EVENT_POLL_STATE_REGISTRATION: processing...
04-23 09:11:24.247  5015  5015 D OnStarServiceStateTracker: handlePollStateResult: EVENT_POLL_STATE_REGISTRATION: regCode:1, serviceState:0
04-23 09:11:24.247  5015  5015 D PHONE   : [ServiceState] setVoiceRegState=0
04-23 09:11:24.247  5015  5015 V OnStarServiceStateTracker: handleMessage: EVENT_POLL_STATE_OPERATOR: processing...
04-23 09:11:24.247  5015  5015 D OnStarServiceStateTracker: handlePollStateResult: EVENT_POLL_STATE_OPERATOR: opNames[0]: 'AT&T' opNames[1]: '' opNames[2]: ''
04-23 09:11:24.248  5015  5015 D OnStarServiceStateTracker: pollStateDone: oldSS=[0 1 voice home data home AT&T   AT&T    Unknown Unknown CSS not supported -1 -1 RoamInd=-1 DefRoamInd=-1 EmergOnly=false IsDataRoamingFromRegistration=false] newSS=[0 1 voice home data home AT&T   AT&T    Unknown Unknown CSS not supported -1 -1 RoamInd=-1 DefRoamInd=-1 EmergOnly=false IsDataRoamingFromRegistration=false]
04-23 09:11:24.248  5015  5015 D PHONE   : [ServiceState] setNullState=1
04-23 09:11:24.250  5015  5015 D OnStarServiceStateTracker: pollStateDone: Current OutgoingPhone is not OnStar.
04-23 09:11:35.447  5015  5039 V OnStarCommands: onCellNetInfo: cellNetworkName:AT&T cellNetworkSignal:2 cellNetworkState:0 cellNetworkType: 7
04-23 09:11:35.447  5015  5039 D OnStarCommands: getSignalLevel: 2 -> 6
04-23 09:11:35.449  5015  5039 D OnStarCommands: getVoiceRegState: state = 1
04-23 09:11:35.449  5015  5039 D OnStarCommands: onCellNetInfo: No mVoiceNetworkStateRegistrants to notify
04-23 09:11:35.451  5015  5015 V OnStarServiceStateTracker: handleMessage: SIGNAL STRENGTH event = 12  current phone is not OnStar
04-23 09:11:35.451  5015  5015 V OnStarServiceStateTracker: handleMessage: EVENT_NETWORK_STATE_CHANGED: polling states...
04-23 09:11:35.451  5015  5015 V OnStarServiceStateTracker: pollState
04-23 09:11:35.451  5015  5015 D OnStarCommands: getVoiceRegState: state = 1
04-23 09:11:35.451  5015  5015 D OnStarCommands: getOperator: operatorName = AT&T
04-23 09:11:35.451  5015  5015 V OnStarServiceStateTracker: handleMessage: EVENT_POLL_STATE_REGISTRATION: processing...
04-23 09:11:35.451  5015  5015 D OnStarServiceStateTracker: handlePollStateResult: EVENT_POLL_STATE_REGISTRATION: regCode:1, serviceState:0
04-23 09:11:35.451  5015  5015 D PHONE   : [ServiceState] setVoiceRegState=0
04-23 09:11:35.451  5015  5015 V OnStarServiceStateTracker: handleMessage: EVENT_POLL_STATE_OPERATOR: processing...
04-23 09:11:35.451  5015  5015 D OnStarServiceStateTracker: handlePollStateResult: EVENT_POLL_STATE_OPERATOR: opNames[0]: 'AT&T' opNames[1]: '' opNames[2]: ''
04-23 09:11:35.454  5015  5015 D OnStarServiceStateTracker: pollStateDone: oldSS=[0 1 voice home data home AT&T   AT&T    Unknown Unknown CSS not supported -1 -1 RoamInd=-1 DefRoamInd=-1 EmergOnly=false IsDataRoamingFromRegistration=false] newSS=[0 1 voice home data home AT&T   AT&T    Unknown Unknown CSS not supported -1 -1 RoamInd=-1 DefRoamInd=-1 EmergOnly=false IsDataRoamingFromRegistration=false]
04-23 09:11:35.454  5015  5015 D PHONE   : [ServiceState] setNullState=1
04-23 09:11:35.455  5015  5015 D OnStarServiceStateTracker: pollStateDone: Current OutgoingPhone is not OnStar.
04-23 09:11:39.919  5015  5345 V OnStarCommands: onCellNetInfo: cellNetworkName:AT&T cellNetworkSignal:1 cellNetworkState:0 cellNetworkType: 7
04-23 09:11:39.919  5015  5345 D OnStarCommands: getSignalLevel: 1 -> 4
04-23 09:11:39.919  5015  5345 D OnStarCommands: getVoiceRegState: state = 1
04-23 09:11:39.919  5015  5345 D OnStarCommands: onCellNetInfo: No mVoiceNetworkStateRegistrants to notify
04-23 09:11:39.922  5015  5015 V OnStarServiceStateTracker: handleMessage: SIGNAL STRENGTH event = 12  current phone is not OnStar
04-23 09:11:39.922  5015  5015 V OnStarServiceStateTracker: handleMessage: EVENT_NETWORK_STATE_CHANGED: polling states...
04-23 09:11:39.922  5015  5015 V OnStarServiceStateTracker: pollState
04-23 09:11:39.922  5015  5015 D OnStarCommands: getVoiceRegState: state = 1
04-23 09:11:39.922  5015  5015 D OnStarCommands: getOperator: operatorName = AT&T
04-23 09:11:39.922  5015  5015 V OnStarServiceStateTracker: handleMessage: EVENT_POLL_STATE_REGISTRATION: processing...
04-23 09:11:39.922  5015  5015 D OnStarServiceStateTracker: handlePollStateResult: EVENT_POLL_STATE_REGISTRATION: regCode:1, serviceState:0
04-23 09:11:39.922  5015  5015 D PHONE   : [ServiceState] setVoiceRegState=0
04-23 09:11:39.922  5015  5015 V OnStarServiceStateTracker: handleMessage: EVENT_POLL_STATE_OPERATOR: processing...
04-23 09:11:39.922  5015  5015 D OnStarServiceStateTracker: handlePollStateResult: EVENT_POLL_STATE_OPERATOR: opNames[0]: 'AT&T' opNames[1]: '' opNames[2]: ''
04-23 09:11:39.931  5015  5015 D OnStarServiceStateTracker: pollStateDone: oldSS=[0 1 voice home data home AT&T   AT&T    Unknown Unknown CSS not supported -1 -1 RoamInd=-1 DefRoamInd=-1 EmergOnly=false IsDataRoamingFromRegistration=false] newSS=[0 1 voice home data home AT&T   AT&T    Unknown Unknown CSS not supported -1 -1 RoamInd=-1 DefRoamInd=-1 EmergOnly=false IsDataRoamingFromRegistration=false]
04-23 09:11:39.931  5015  5015 D PHONE   : [ServiceState] setNullState=1
04-23 09:11:39.932  5015  5015 D OnStarServiceStateTracker: pollStateDone: Current OutgoingPhone is not OnStar.
04-23 09:11:57.842  5015  5040 V OnStarCommands: onCellNetInfo: cellNetworkName:AT&T cellNetworkSignal:2 cellNetworkState:0 cellNetworkType: 7
04-23 09:11:57.842  5015  5040 D OnStarCommands: getSignalLevel: 2 -> 6
04-23 09:11:57.842  5015  5040 D OnStarCommands: getVoiceRegState: state = 1
04-23 09:11:57.842  5015  5040 D OnStarCommands: onCellNetInfo: No mVoiceNetworkStateRegistrants to notify
04-23 09:11:57.846  5015  5015 V OnStarServiceStateTracker: handleMessage: SIGNAL STRENGTH event = 12  current phone is not OnStar
04-23 09:11:57.846  5015  5015 V OnStarServiceStateTracker: handleMessage: EVENT_NETWORK_STATE_CHANGED: polling states...
04-23 09:11:57.846  5015  5015 V OnStarServiceStateTracker: pollState
04-23 09:11:57.846  5015  5015 D OnStarCommands: getVoiceRegState: state = 1
04-23 09:11:57.846  5015  5015 D OnStarCommands: getOperator: operatorName = AT&T
04-23 09:11:57.847  5015  5015 V OnStarServiceStateTracker: handleMessage: EVENT_POLL_STATE_REGISTRATION: processing...
04-23 09:11:57.847  5015  5015 D OnStarServiceStateTracker: handlePollStateResult: EVENT_POLL_STATE_REGISTRATION: regCode:1, serviceState:0
04-23 09:11:57.847  5015  5015 D PHONE   : [ServiceState] setVoiceRegState=0
04-23 09:11:57.847  5015  5015 V OnStarServiceStateTracker: handleMessage: EVENT_POLL_STATE_OPERATOR: processing...
04-23 09:11:57.847  5015  5015 D OnStarServiceStateTracker: handlePollStateResult: EVENT_POLL_STATE_OPERATOR: opNames[0]: 'AT&T' opNames[1]: '' opNames[2]: ''
04-23 09:11:57.847  5015  5015 D OnStarServiceStateTracker: pollStateDone: oldSS=[0 1 voice home data home AT&T   AT&T    Unknown Unknown CSS not supported -1 -1 RoamInd=-1 DefRoamInd=-1 EmergOnly=false IsDataRoamingFromRegistration=false] newSS=[0 1 voice home data home AT&T   AT&T    Unknown Unknown CSS not supported -1 -1 RoamInd=-1 DefRoamInd=-1 EmergOnly=false IsDataRoamingFromRegistration=false]
04-23 09:11:57.847  5015  5015 D PHONE   : [ServiceState] setNullState=1
04-23 09:11:57.848  5015  5015 D OnStarServiceStateTracker: pollStateDone: Current OutgoingPhone is not OnStar.
04-23 09:12:00.075  5015  5256 V OnStarCommands: onCellNetInfo: cellNetworkName:AT&T cellNetworkSignal:1 cellNetworkState:0 cellNetworkType: 7
04-23 09:12:00.075  5015  5256 D OnStarCommands: getSignalLevel: 1 -> 4
04-23 09:12:00.075  5015  5256 D OnStarCommands: getVoiceRegState: state = 1
04-23 09:12:00.075  5015  5256 D OnStarCommands: onCellNetInfo: No mVoiceNetworkStateRegistrants to notify
04-23 09:12:00.081  5015  5015 V OnStarServiceStateTracker: handleMessage: SIGNAL STRENGTH event = 12  current phone is not OnStar
04-23 09:12:00.081  5015  5015 V OnStarServiceStateTracker: handleMessage: EVENT_NETWORK_STATE_CHANGED: polling states...
04-23 09:12:00.081  5015  5015 V OnStarServiceStateTracker: pollState
04-23 09:12:00.081  5015  5015 D OnStarCommands: getVoiceRegState: state = 1
04-23 09:12:00.081  5015  5015 D OnStarCommands: getOperator: operatorName = AT&T
04-23 09:12:00.081  5015  5015 V OnStarServiceStateTracker: handleMessage: EVENT_POLL_STATE_REGISTRATION: processing...
04-23 09:12:00.081  5015  5015 D OnStarServiceStateTracker: handlePollStateResult: EVENT_POLL_STATE_REGISTRATION: regCode:1, serviceState:0
04-23 09:12:00.081  5015  5015 D PHONE   : [ServiceState] setVoiceRegState=0
04-23 09:12:00.081  5015  5015 V OnStarServiceStateTracker: handleMessage: EVENT_POLL_STATE_OPERATOR: processing...
04-23 09:12:00.081  5015  5015 D OnStarServiceStateTracker: handlePollStateResult: EVENT_POLL_STATE_OPERATOR: opNames[0]: 'AT&T' opNames[1]: '' opNames[2]: ''
04-23 09:12:00.082  5015  5015 D OnStarServiceStateTracker: pollStateDone: oldSS=[0 1 voice home data home AT&T   AT&T    Unknown Unknown CSS not supported -1 -1 RoamInd=-1 DefRoamInd=-1 EmergOnly=false IsDataRoamingFromRegistration=false] newSS=[0 1 voice home data home AT&T   AT&T    Unknown Unknown CSS not supported -1 -1 RoamInd=-1 DefRoamInd=-1 EmergOnly=false IsDataRoamingFromRegistration=false]
04-23 09:12:00.082  5015  5015 D PHONE   : [ServiceState] setNullState=1
04-23 09:12:00.083  5015  5015 D OnStarServiceStateTracker: pollStateDone: Current OutgoingPhone is not OnStar.
04-23 09:13:29.681  5015  5566 V OnStarCommands: onCellNetInfo: cellNetworkName:AT&T cellNetworkSignal:2 cellNetworkState:0 cellNetworkType: 7
04-23 09:13:29.681  5015  5566 D OnStarCommands: getSignalLevel: 2 -> 6
04-23 09:13:29.681  5015  5566 D OnStarCommands: getVoiceRegState: state = 1
04-23 09:13:29.681  5015  5566 D OnStarCommands: onCellNetInfo: No mVoiceNetworkStateRegistrants to notify
04-23 09:13:29.694  5015  5015 V OnStarServiceStateTracker: handleMessage: SIGNAL STRENGTH event = 12  current phone is not OnStar
04-23 09:13:29.694  5015  5015 V OnStarServiceStateTracker: handleMessage: EVENT_NETWORK_STATE_CHANGED: polling states...
04-23 09:13:29.694  5015  5015 V OnStarServiceStateTracker: pollState
04-23 09:13:29.694  5015  5015 D OnStarCommands: getVoiceRegState: state = 1
04-23 09:13:29.694  5015  5015 D OnStarCommands: getOperator: operatorName = AT&T
04-23 09:13:29.694  5015  5015 V OnStarServiceStateTracker: handleMessage: EVENT_POLL_STATE_REGISTRATION: processing...
04-23 09:13:29.694  5015  5015 D OnStarServiceStateTracker: handlePollStateResult: EVENT_POLL_STATE_REGISTRATION: regCode:1, serviceState:0
04-23 09:13:29.694  5015  5015 D PHONE   : [ServiceState] setVoiceRegState=0
04-23 09:13:29.701  5015  5015 V OnStarServiceStateTracker: handleMessage: EVENT_POLL_STATE_OPERATOR: processing...
04-23 09:13:29.701  5015  5015 D OnStarServiceStateTracker: handlePollStateResult: EVENT_POLL_STATE_OPERATOR: opNames[0]: 'AT&T' opNames[1]: '' opNames[2]: ''
04-23 09:13:29.703  5015  5015 D OnStarServiceStateTracker: pollStateDone: oldSS=[0 1 voice home data home AT&T   AT&T    Unknown Unknown CSS not supported -1 -1 RoamInd=-1 DefRoamInd=-1 EmergOnly=false IsDataRoamingFromRegistration=false] newSS=[0 1 voice home data home AT&T   AT&T    Unknown Unknown CSS not supported -1 -1 RoamInd=-1 DefRoamInd=-1 EmergOnly=false IsDataRoamingFromRegistration=false]
04-23 09:13:29.703  5015  5015 D PHONE   : [ServiceState] setNullState=1
04-23 09:13:29.706  5015  5015 D OnStarServiceStateTracker: pollStateDone: Current OutgoingPhone is not OnStar.
04-23 09:13:31.924  5015  5039 V OnStarCommands: onCellNetInfo: cellNetworkName:AT&T cellNetworkSignal:1 cellNetworkState:0 cellNetworkType: 7
04-23 09:13:31.924  5015  5039 D OnStarCommands: getSignalLevel: 1 -> 4
04-23 09:13:31.929  5015  5039 D OnStarCommands: getVoiceRegState: state = 1
04-23 09:13:31.929  5015  5039 D OnStarCommands: onCellNetInfo: No mVoiceNetworkStateRegistrants to notify
04-23 09:13:31.934  5015  5015 V OnStarServiceStateTracker: handleMessage: SIGNAL STRENGTH event = 12  current phone is not OnStar
04-23 09:13:31.934  5015  5015 V OnStarServiceStateTracker: handleMessage: EVENT_NETWORK_STATE_CHANGED: polling states...
04-23 09:13:31.934  5015  5015 V OnStarServiceStateTracker: pollState
04-23 09:13:31.934  5015  5015 D OnStarCommands: getVoiceRegState: state = 1
04-23 09:13:31.934  5015  5015 D OnStarCommands: getOperator: operatorName = AT&T
04-23 09:13:31.934  5015  5015 V OnStarServiceStateTracker: handleMessage: EVENT_POLL_STATE_REGISTRATION: processing...
04-23 09:13:31.934  5015  5015 D OnStarServiceStateTracker: handlePollStateResult: EVENT_POLL_STATE_REGISTRATION: regCode:1, serviceState:0
04-23 09:13:31.934  5015  5015 D PHONE   : [ServiceState] setVoiceRegState=0
04-23 09:13:31.934  5015  5015 V OnStarServiceStateTracker: handleMessage: EVENT_POLL_STATE_OPERATOR: processing...
04-23 09:13:31.934  5015  5015 D OnStarServiceStateTracker: handlePollStateResult: EVENT_POLL_STATE_OPERATOR: opNames[0]: 'AT&T' opNames[1]: '' opNames[2]: ''
04-23 09:13:31.934  5015  5015 D OnStarServiceStateTracker: pollStateDone: oldSS=[0 1 voice home data home AT&T   AT&T    Unknown Unknown CSS not supported -1 -1 RoamInd=-1 DefRoamInd=-1 EmergOnly=false IsDataRoamingFromRegistration=false] newSS=[0 1 voice home data home AT&T   AT&T    Unknown Unknown CSS not supported -1 -1 RoamInd=-1 DefRoamInd=-1 EmergOnly=false IsDataRoamingFromRegistration=false]
04-23 09:13:31.934  5015  5015 D PHONE   : [ServiceState] setNullState=1
04-23 09:13:31.935  5015  5015 D OnStarServiceStateTracker: pollStateDone: Current OutgoingPhone is not OnStar.
04-23 09:13:40.879  5015  5345 V OnStarCommands: onCellNetInfo: cellNetworkName:AT&T cellNetworkSignal:2 cellNetworkState:0 cellNetworkType: 7
04-23 09:13:40.879  5015  5345 D OnStarCommands: getSignalLevel: 2 -> 6
04-23 09:13:40.879  5015  5345 D OnStarCommands: getVoiceRegState: state = 1
04-23 09:13:40.879  5015  5345 D OnStarCommands: onCellNetInfo: No mVoiceNetworkStateRegistrants to notify
04-23 09:13:40.880  5015  5015 V OnStarServiceStateTracker: handleMessage: SIGNAL STRENGTH event = 12  current phone is not OnStar
04-23 09:13:40.880  5015  5015 V OnStarServiceStateTracker: handleMessage: EVENT_NETWORK_STATE_CHANGED: polling states...
04-23 09:13:40.880  5015  5015 V OnStarServiceStateTracker: pollState
04-23 09:13:40.881  5015  5015 D OnStarCommands: getVoiceRegState: state = 1
04-23 09:13:40.881  5015  5015 D OnStarCommands: getOperator: operatorName = AT&T
04-23 09:13:40.881  5015  5015 V OnStarServiceStateTracker: handleMessage: EVENT_POLL_STATE_REGISTRATION: processing...
04-23 09:13:40.881  5015  5015 D OnStarServiceStateTracker: handlePollStateResult: EVENT_POLL_STATE_REGISTRATION: regCode:1, serviceState:0
04-23 09:13:40.881  5015  5015 D PHONE   : [ServiceState] setVoiceRegState=0
04-23 09:13:40.881  5015  5015 V OnStarServiceStateTracker: handleMessage: EVENT_POLL_STATE_OPERATOR: processing...
04-23 09:13:40.881  5015  5015 D OnStarServiceStateTracker: handlePollStateResult: EVENT_POLL_STATE_OPERATOR: opNames[0]: 'AT&T' opNames[1]: '' opNames[2]: ''
04-23 09:13:40.883  5015  5015 D OnStarServiceStateTracker: pollStateDone: oldSS=[0 1 voice home data home AT&T   AT&T    Unknown Unknown CSS not supported -1 -1 RoamInd=-1 DefRoamInd=-1 EmergOnly=false IsDataRoamingFromRegistration=false] newSS=[0 1 voice home data home AT&T   AT&T    Unknown Unknown CSS not supported -1 -1 RoamInd=-1 DefRoamInd=-1 EmergOnly=false IsDataRoamingFromRegistration=false]
04-23 09:13:40.883  5015  5015 D PHONE   : [ServiceState] setNullState=1
04-23 09:13:40.885  5015  5015 D OnStarServiceStateTracker: pollStateDone: Current OutgoingPhone is not OnStar.
04-23 09:13:45.357  5015  5040 V OnStarCommands: onCellNetInfo: cellNetworkName:AT&T cellNetworkSignal:1 cellNetworkState:0 cellNetworkType: 7
04-23 09:13:45.357  5015  5040 D OnStarCommands: getSignalLevel: 1 -> 4
04-23 09:13:45.357  5015  5040 D OnStarCommands: getVoiceRegState: state = 1
04-23 09:13:45.357  5015  5040 D OnStarCommands: onCellNetInfo: No mVoiceNetworkStateRegistrants to notify
04-23 09:13:45.362  5015  5015 V OnStarServiceStateTracker: handleMessage: SIGNAL STRENGTH event = 12  current phone is not OnStar
04-23 09:13:45.362  5015  5015 V OnStarServiceStateTracker: handleMessage: EVENT_NETWORK_STATE_CHANGED: polling states...
04-23 09:13:45.362  5015  5015 V OnStarServiceStateTracker: pollState
04-23 09:13:45.362  5015  5015 D OnStarCommands: getVoiceRegState: state = 1
04-23 09:13:45.362  5015  5015 D OnStarCommands: getOperator: operatorName = AT&T
04-23 09:13:45.362  5015  5015 V OnStarServiceStateTracker: handleMessage: EVENT_POLL_STATE_REGISTRATION: processing...
04-23 09:13:45.362  5015  5015 D OnStarServiceStateTracker: handlePollStateResult: EVENT_POLL_STATE_REGISTRATION: regCode:1, serviceState:0
04-23 09:13:45.362  5015  5015 D PHONE   : [ServiceState] setVoiceRegState=0
04-23 09:13:45.362  5015  5015 V OnStarServiceStateTracker: handleMessage: EVENT_POLL_STATE_OPERATOR: processing...
04-23 09:13:45.362  5015  5015 D OnStarServiceStateTracker: handlePollStateResult: EVENT_POLL_STATE_OPERATOR: opNames[0]: 'AT&T' opNames[1]: '' opNames[2]: ''
04-23 09:13:45.364  5015  5015 D OnStarServiceStateTracker: pollStateDone: oldSS=[0 1 voice home data home AT&T   AT&T    Unknown Unknown CSS not supported -1 -1 RoamInd=-1 DefRoamInd=-1 EmergOnly=false IsDataRoamingFromRegistration=false] newSS=[0 1 voice home data home AT&T   AT&T    Unknown Unknown CSS not supported -1 -1 RoamInd=-1 DefRoamInd=-1 EmergOnly=false IsDataRoamingFromRegistration=false]
04-23 09:13:45.364  5015  5015 D PHONE   : [ServiceState] setNullState=1
04-23 09:13:45.365  5015  5015 D OnStarServiceStateTracker: pollStateDone: Current OutgoingPhone is not OnStar.
04-23 09:14:05.518  5015  5256 V OnStarCommands: onCellNetInfo: cellNetworkName:AT&T cellNetworkSignal:2 cellNetworkState:0 cellNetworkType: 7
04-23 09:14:05.518  5015  5256 D OnStarCommands: getSignalLevel: 2 -> 6
04-23 09:14:05.518  5015  5256 D OnStarCommands: getVoiceRegState: state = 1
04-23 09:14:05.518  5015  5256 D OnStarCommands: onCellNetInfo: No mVoiceNetworkStateRegistrants to notify
04-23 09:14:05.519  5015  5015 V OnStarServiceStateTracker: handleMessage: SIGNAL STRENGTH event = 12  current phone is not OnStar
04-23 09:14:05.519  5015  5015 V OnStarServiceStateTracker: handleMessage: EVENT_NETWORK_STATE_CHANGED: polling states...
04-23 09:14:05.519  5015  5015 V OnStarServiceStateTracker: pollState
04-23 09:14:05.519  5015  5015 D OnStarCommands: getVoiceRegState: state = 1
04-23 09:14:05.519  5015  5015 D OnStarCommands: getOperator: operatorName = AT&T
04-23 09:14:05.520  5015  5015 V OnStarServiceStateTracker: handleMessage: EVENT_POLL_STATE_REGISTRATION: processing...
04-23 09:14:05.520  5015  5015 D OnStarServiceStateTracker: handlePollStateResult: EVENT_POLL_STATE_REGISTRATION: regCode:1, serviceState:0
04-23 09:14:05.520  5015  5015 D PHONE   : [ServiceState] setVoiceRegState=0
04-23 09:14:05.520  5015  5015 V OnStarServiceStateTracker: handleMessage: EVENT_POLL_STATE_OPERATOR: processing...
04-23 09:14:05.520  5015  5015 D OnStarServiceStateTracker: handlePollStateResult: EVENT_POLL_STATE_OPERATOR: opNames[0]: 'AT&T' opNames[1]: '' opNames[2]: ''
04-23 09:14:05.522  5015  5015 D OnStarServiceStateTracker: pollStateDone: oldSS=[0 1 voice home data home AT&T   AT&T    Unknown Unknown CSS not supported -1 -1 RoamInd=-1 DefRoamInd=-1 EmergOnly=false IsDataRoamingFromRegistration=false] newSS=[0 1 voice home data home AT&T   AT&T    Unknown Unknown CSS not supported -1 -1 RoamInd=-1 DefRoamInd=-1 EmergOnly=false IsDataRoamingFromRegistration=false]
04-23 09:14:05.522  5015  5015 D PHONE   : [ServiceState] setNullState=1
04-23 09:14:05.524  5015  5015 D OnStarServiceStateTracker: pollStateDone: Current OutgoingPhone is not OnStar.
04-23 09:14:07.759  5015  5566 V OnStarCommands: onCellNetInfo: cellNetworkName:AT&T cellNetworkSignal:1 cellNetworkState:0 cellNetworkType: 7
04-23 09:14:07.759  5015  5566 D OnStarCommands: getSignalLevel: 1 -> 4
04-23 09:14:07.759  5015  5566 D OnStarCommands: getVoiceRegState: state = 1
04-23 09:14:07.760  5015  5566 D OnStarCommands: onCellNetInfo: No mVoiceNetworkStateRegistrants to notify
04-23 09:14:07.762  5015  5015 V OnStarServiceStateTracker: handleMessage: SIGNAL STRENGTH event = 12  current phone is not OnStar
04-23 09:14:07.762  5015  5015 V OnStarServiceStateTracker: handleMessage: EVENT_NETWORK_STATE_CHANGED: polling states...
04-23 09:14:07.762  5015  5015 V OnStarServiceStateTracker: pollState
04-23 09:14:07.762  5015  5015 D OnStarCommands: getVoiceRegState: state = 1
04-23 09:14:07.762  5015  5015 D OnStarCommands: getOperator: operatorName = AT&T
04-23 09:14:07.762  5015  5015 V OnStarServiceStateTracker: handleMessage: EVENT_POLL_STATE_REGISTRATION: processing...
04-23 09:14:07.762  5015  5015 D OnStarServiceStateTracker: handlePollStateResult: EVENT_POLL_STATE_REGISTRATION: regCode:1, serviceState:0
04-23 09:14:07.762  5015  5015 D PHONE   : [ServiceState] setVoiceRegState=0
04-23 09:14:07.762  5015  5015 V OnStarServiceStateTracker: handleMessage: EVENT_POLL_STATE_OPERATOR: processing...
04-23 09:14:07.762  5015  5015 D OnStarServiceStateTracker: handlePollStateResult: EVENT_POLL_STATE_OPERATOR: opNames[0]: 'AT&T' opNames[1]: '' opNames[2]: ''
04-23 09:14:07.771  5015  5015 D OnStarServiceStateTracker: pollStateDone: oldSS=[0 1 voice home data home AT&T   AT&T    Unknown Unknown CSS not supported -1 -1 RoamInd=-1 DefRoamInd=-1 EmergOnly=false IsDataRoamingFromRegistration=false] newSS=[0 1 voice home data home AT&T   AT&T    Unknown Unknown CSS not supported -1 -1 RoamInd=-1 DefRoamInd=-1 EmergOnly=false IsDataRoamingFromRegistration=false]
04-23 09:14:07.771  5015  5015 D PHONE   : [ServiceState] setNullState=1
04-23 09:14:07.773  5015  5015 D OnStarServiceStateTracker: pollStateDone: Current OutgoingPhone is not OnStar.
04-23 09:14:54.798  5015  5039 V OnStarCommands: onCellNetInfo: cellNetworkName:AT&T cellNetworkSignal:2 cellNetworkState:0 cellNetworkType: 7
04-23 09:14:54.798  5015  5039 D OnStarCommands: getSignalLevel: 2 -> 6
04-23 09:14:54.798  5015  5039 D OnStarCommands: getVoiceRegState: state = 1
04-23 09:14:54.798  5015  5039 D OnStarCommands: onCellNetInfo: No mVoiceNetworkStateRegistrants to notify
04-23 09:14:54.799  5015  5015 V OnStarServiceStateTracker: handleMessage: SIGNAL STRENGTH event = 12  current phone is not OnStar
04-23 09:14:54.799  5015  5015 V OnStarServiceStateTracker: handleMessage: EVENT_NETWORK_STATE_CHANGED: polling states...
04-23 09:14:54.799  5015  5015 V OnStarServiceStateTracker: pollState
04-23 09:14:54.799  5015  5015 D OnStarCommands: getVoiceRegState: state = 1
04-23 09:14:54.799  5015  5015 D OnStarCommands: getOperator: operatorName = AT&T
04-23 09:14:54.799  5015  5015 V OnStarServiceStateTracker: handleMessage: EVENT_POLL_STATE_REGISTRATION: processing...
04-23 09:14:54.799  5015  5015 D OnStarServiceStateTracker: handlePollStateResult: EVENT_POLL_STATE_REGISTRATION: regCode:1, serviceState:0
04-23 09:14:54.799  5015  5015 D PHONE   : [ServiceState] setVoiceRegState=0
04-23 09:14:54.799  5015  5015 V OnStarServiceStateTracker: handleMessage: EVENT_POLL_STATE_OPERATOR: processing...
04-23 09:14:54.799  5015  5015 D OnStarServiceStateTracker: handlePollStateResult: EVENT_POLL_STATE_OPERATOR: opNames[0]: 'AT&T' opNames[1]: '' opNames[2]: ''
04-23 09:14:54.801  5015  5015 D OnStarServiceStateTracker: pollStateDone: oldSS=[0 1 voice home data home AT&T   AT&T    Unknown Unknown CSS not supported -1 -1 RoamInd=-1 DefRoamInd=-1 EmergOnly=false IsDataRoamingFromRegistration=false] newSS=[0 1 voice home data home AT&T   AT&T    Unknown Unknown CSS not supported -1 -1 RoamInd=-1 DefRoamInd=-1 EmergOnly=false IsDataRoamingFromRegistration=false]
04-23 09:14:54.801  5015  5015 D PHONE   : [ServiceState] setNullState=1
04-23 09:14:54.803  5015  5015 D OnStarServiceStateTracker: pollStateDone: Current OutgoingPhone is not OnStar.
04-23 09:14:57.054  5015  5345 V OnStarCommands: onCellNetInfo: cellNetworkName:AT&T cellNetworkSignal:1 cellNetworkState:0 cellNetworkType: 7
04-23 09:14:57.054  5015  5345 D OnStarCommands: getSignalLevel: 1 -> 4
04-23 09:14:57.054  5015  5345 D OnStarCommands: getVoiceRegState: state = 1
04-23 09:14:57.054  5015  5345 D OnStarCommands: onCellNetInfo: No mVoiceNetworkStateRegistrants to notify
04-23 09:14:57.055  5015  5015 V OnStarServiceStateTracker: handleMessage: SIGNAL STRENGTH event = 12  current phone is not OnStar
04-23 09:14:57.055  5015  5015 V OnStarServiceStateTracker: handleMessage: EVENT_NETWORK_STATE_CHANGED: polling states...
04-23 09:14:57.055  5015  5015 V OnStarServiceStateTracker: pollState
04-23 09:14:57.055  5015  5015 D OnStarCommands: getVoiceRegState: state = 1
04-23 09:14:57.055  5015  5015 D OnStarCommands: getOperator: operatorName = AT&T
04-23 09:14:57.055  5015  5015 V OnStarServiceStateTracker: handleMessage: EVENT_POLL_STATE_REGISTRATION: processing...
04-23 09:14:57.055  5015  5015 D OnStarServiceStateTracker: handlePollStateResult: EVENT_POLL_STATE_REGISTRATION: regCode:1, serviceState:0
04-23 09:14:57.055  5015  5015 D PHONE   : [ServiceState] setVoiceRegState=0
04-23 09:14:57.055  5015  5015 V OnStarServiceStateTracker: handleMessage: EVENT_POLL_STATE_OPERATOR: processing...
04-23 09:14:57.055  5015  5015 D OnStarServiceStateTracker: handlePollStateResult: EVENT_POLL_STATE_OPERATOR: opNames[0]: 'AT&T' opNames[1]: '' opNames[2]: ''
04-23 09:14:57.059  5015  5015 D OnStarServiceStateTracker: pollStateDone: oldSS=[0 1 voice home data home AT&T   AT&T    Unknown Unknown CSS not supported -1 -1 RoamInd=-1 DefRoamInd=-1 EmergOnly=false IsDataRoamingFromRegistration=false] newSS=[0 1 voice home data home AT&T   AT&T    Unknown Unknown CSS not supported -1 -1 RoamInd=-1 DefRoamInd=-1 EmergOnly=false IsDataRoamingFromRegistration=false]
04-23 09:14:57.059  5015  5015 D PHONE   : [ServiceState] setNullState=1
04-23 09:14:57.059  5015  5015 D OnStarServiceStateTracker: pollStateDone: Current OutgoingPhone is not OnStar.
04-23 09:15:39.598  5015  5040 V OnStarCommands: onCellNetInfo: cellNetworkName:AT&T cellNetworkSignal:2 cellNetworkState:0 cellNetworkType: 7
04-23 09:15:39.598  5015  5040 D OnStarCommands: getSignalLevel: 2 -> 6
04-23 09:15:39.598  5015  5040 D OnStarCommands: getVoiceRegState: state = 1
04-23 09:15:39.598  5015  5040 D OnStarCommands: onCellNetInfo: No mVoiceNetworkStateRegistrants to notify
04-23 09:15:39.600  5015  5015 V OnStarServiceStateTracker: handleMessage: SIGNAL STRENGTH event = 12  current phone is not OnStar
04-23 09:15:39.600  5015  5015 V OnStarServiceStateTracker: handleMessage: EVENT_NETWORK_STATE_CHANGED: polling states...
04-23 09:15:39.600  5015  5015 V OnStarServiceStateTracker: pollState
04-23 09:15:39.600  5015  5015 D OnStarCommands: getVoiceRegState: state = 1
04-23 09:15:39.601  5015  5015 D OnStarCommands: getOperator: operatorName = AT&T
04-23 09:15:39.601  5015  5015 V OnStarServiceStateTracker: handleMessage: EVENT_POLL_STATE_REGISTRATION: processing...
04-23 09:15:39.601  5015  5015 D OnStarServiceStateTracker: handlePollStateResult: EVENT_POLL_STATE_REGISTRATION: regCode:1, serviceState:0
04-23 09:15:39.601  5015  5015 D PHONE   : [ServiceState] setVoiceRegState=0
04-23 09:15:39.601  5015  5015 V OnStarServiceStateTracker: handleMessage: EVENT_POLL_STATE_OPERATOR: processing...
04-23 09:15:39.601  5015  5015 D OnStarServiceStateTracker: handlePollStateResult: EVENT_POLL_STATE_OPERATOR: opNames[0]: 'AT&T' opNames[1]: '' opNames[2]: ''
04-23 09:15:39.601  5015  5015 D OnStarServiceStateTracker: pollStateDone: oldSS=[0 1 voice home data home AT&T   AT&T    Unknown Unknown CSS not supported -1 -1 RoamInd=-1 DefRoamInd=-1 EmergOnly=false IsDataRoamingFromRegistration=false] newSS=[0 1 voice home data home AT&T   AT&T    Unknown Unknown CSS not supported -1 -1 RoamInd=-1 DefRoamInd=-1 EmergOnly=false IsDataRoamingFromRegistration=false]
04-23 09:15:39.601  5015  5015 D PHONE   : [ServiceState] setNullState=1
04-23 09:15:39.603  5015  5015 D OnStarServiceStateTracker: pollStateDone: Current OutgoingPhone is not OnStar.
04-23 09:15:41.858  5015  5256 V OnStarCommands: onCellNetInfo: cellNetworkName:AT&T cellNetworkSignal:1 cellNetworkState:0 cellNetworkType: 7
04-23 09:15:41.858  5015  5256 D OnStarCommands: getSignalLevel: 1 -> 4
04-23 09:15:41.858  5015  5256 D OnStarCommands: getVoiceRegState: state = 1
04-23 09:15:41.858  5015  5256 D OnStarCommands: onCellNetInfo: No mVoiceNetworkStateRegistrants to notify
04-23 09:15:41.859  5015  5015 V OnStarServiceStateTracker: handleMessage: SIGNAL STRENGTH event = 12  current phone is not OnStar
04-23 09:15:41.859  5015  5015 V OnStarServiceStateTracker: handleMessage: EVENT_NETWORK_STATE_CHANGED: polling states...
04-23 09:15:41.859  5015  5015 V OnStarServiceStateTracker: pollState
04-23 09:15:41.859  5015  5015 D OnStarCommands: getVoiceRegState: state = 1
04-23 09:15:41.859  5015  5015 D OnStarCommands: getOperator: operatorName = AT&T
04-23 09:15:41.859  5015  5015 V OnStarServiceStateTracker: handleMessage: EVENT_POLL_STATE_REGISTRATION: processing...
04-23 09:15:41.859  5015  5015 D OnStarServiceStateTracker: handlePollStateResult: EVENT_POLL_STATE_REGISTRATION: regCode:1, serviceState:0
04-23 09:15:41.859  5015  5015 D PHONE   : [ServiceState] setVoiceRegState=0
04-23 09:15:41.859  5015  5015 V OnStarServiceStateTracker: handleMessage: EVENT_POLL_STATE_OPERATOR: processing...
04-23 09:15:41.859  5015  5015 D OnStarServiceStateTracker: handlePollStateResult: EVENT_POLL_STATE_OPERATOR: opNames[0]: 'AT&T' opNames[1]: '' opNames[2]: ''
04-23 09:15:41.863  5015  5015 D OnStarServiceStateTracker: pollStateDone: oldSS=[0 1 voice home data home AT&T   AT&T    Unknown Unknown CSS not supported -1 -1 RoamInd=-1 DefRoamInd=-1 EmergOnly=false IsDataRoamingFromRegistration=false] newSS=[0 1 voice home data home AT&T   AT&T    Unknown Unknown CSS not supported -1 -1 RoamInd=-1 DefRoamInd=-1 EmergOnly=false IsDataRoamingFromRegistration=false]
04-23 09:15:41.863  5015  5015 D PHONE   : [ServiceState] setNullState=1
04-23 09:15:41.863  5015  5015 D OnStarServiceStateTracker: pollStateDone: Current OutgoingPhone is not OnStar.
04-23 09:16:08.720  5015  5566 V OnStarCommands: onCellNetInfo: cellNetworkName:AT&T cellNetworkSignal:2 cellNetworkState:0 cellNetworkType: 7
04-23 09:16:08.721  5015  5566 D OnStarCommands: getSignalLevel: 2 -> 6
04-23 09:16:08.721  5015  5566 D OnStarCommands: getVoiceRegState: state = 1
04-23 09:16:08.721  5015  5566 D OnStarCommands: onCellNetInfo: No mVoiceNetworkStateRegistrants to notify
04-23 09:16:08.723  5015  5015 V OnStarServiceStateTracker: handleMessage: SIGNAL STRENGTH event = 12  current phone is not OnStar
04-23 09:16:08.723  5015  5015 V OnStarServiceStateTracker: handleMessage: EVENT_NETWORK_STATE_CHANGED: polling states...
04-23 09:16:08.723  5015  5015 V OnStarServiceStateTracker: pollState
04-23 09:16:08.723  5015  5015 D OnStarCommands: getVoiceRegState: state = 1
04-23 09:16:08.723  5015  5015 D OnStarCommands: getOperator: operatorName = AT&T
04-23 09:16:08.723  5015  5015 V OnStarServiceStateTracker: handleMessage: EVENT_POLL_STATE_REGISTRATION: processing...
04-23 09:16:08.723  5015  5015 D OnStarServiceStateTracker: handlePollStateResult: EVENT_POLL_STATE_REGISTRATION: regCode:1, serviceState:0
04-23 09:16:08.726  5015  5015 D PHONE   : [ServiceState] setVoiceRegState=0
04-23 09:16:08.726  5015  5015 V OnStarServiceStateTracker: handleMessage: EVENT_POLL_STATE_OPERATOR: processing...
04-23 09:16:08.726  5015  5015 D OnStarServiceStateTracker: handlePollStateResult: EVENT_POLL_STATE_OPERATOR: opNames[0]: 'AT&T' opNames[1]: '' opNames[2]: ''
04-23 09:16:08.728  5015  5015 D OnStarServiceStateTracker: pollStateDone: oldSS=[0 1 voice home data home AT&T   AT&T    Unknown Unknown CSS not supported -1 -1 RoamInd=-1 DefRoamInd=-1 EmergOnly=false IsDataRoamingFromRegistration=false] newSS=[0 1 voice home data home AT&T   AT&T    Unknown Unknown CSS not supported -1 -1 RoamInd=-1 DefRoamInd=-1 EmergOnly=false IsDataRoamingFromRegistration=false]
04-23 09:16:08.728  5015  5015 D PHONE   : [ServiceState] setNullState=1
04-23 09:16:08.729  5015  5015 D OnStarServiceStateTracker: pollStateDone: Current OutgoingPhone is not OnStar.
04-23 09:16:10.963  5015  5039 V OnStarCommands: onCellNetInfo: cellNetworkName:AT&T cellNetworkSignal:1 cellNetworkState:0 cellNetworkType: 7
04-23 09:16:10.963  5015  5039 D OnStarCommands: getSignalLevel: 1 -> 4
04-23 09:16:10.963  5015  5039 D OnStarCommands: getVoiceRegState: state = 1
04-23 09:16:10.963  5015  5039 D OnStarCommands: onCellNetInfo: No mVoiceNetworkStateRegistrants to notify
04-23 09:16:10.973  5015  5015 V OnStarServiceStateTracker: handleMessage: SIGNAL STRENGTH event = 12  current phone is not OnStar
04-23 09:16:10.973  5015  5015 V OnStarServiceStateTracker: handleMessage: EVENT_NETWORK_STATE_CHANGED: polling states...
04-23 09:16:10.973  5015  5015 V OnStarServiceStateTracker: pollState
04-23 09:16:10.973  5015  5015 D OnStarCommands: getVoiceRegState: state = 1
04-23 09:16:10.973  5015  5015 D OnStarCommands: getOperator: operatorName = AT&T
04-23 09:16:10.973  5015  5015 V OnStarServiceStateTracker: handleMessage: EVENT_POLL_STATE_REGISTRATION: processing...
04-23 09:16:10.973  5015  5015 D OnStarServiceStateTracker: handlePollStateResult: EVENT_POLL_STATE_REGISTRATION: regCode:1, serviceState:0
04-23 09:16:10.973  5015  5015 D PHONE   : [ServiceState] setVoiceRegState=0
04-23 09:16:10.973  5015  5015 V OnStarServiceStateTracker: handleMessage: EVENT_POLL_STATE_OPERATOR: processing...
04-23 09:16:10.973  5015  5015 D OnStarServiceStateTracker: handlePollStateResult: EVENT_POLL_STATE_OPERATOR: opNames[0]: 'AT&T' opNames[1]: '' opNames[2]: ''
04-23 09:16:10.977  5015  5015 D OnStarServiceStateTracker: pollStateDone: oldSS=[0 1 voice home data home AT&T   AT&T    Unknown Unknown CSS not supported -1 -1 RoamInd=-1 DefRoamInd=-1 EmergOnly=false IsDataRoamingFromRegistration=false] newSS=[0 1 voice home data home AT&T   AT&T    Unknown Unknown CSS not supported -1 -1 RoamInd=-1 DefRoamInd=-1 EmergOnly=false IsDataRoamingFromRegistration=false]
04-23 09:16:10.977  5015  5015 D PHONE   : [ServiceState] setNullState=1
04-23 09:16:10.979  5015  5015 D OnStarServiceStateTracker: pollStateDone: Current OutgoingPhone is not OnStar.
04-23 09:16:26.651  5015  5345 V OnStarCommands: onCellNetInfo: cellNetworkName:AT&T cellNetworkSignal:2 cellNetworkState:0 cellNetworkType: 7
04-23 09:16:26.651  5015  5345 D OnStarCommands: getSignalLevel: 2 -> 6
04-23 09:16:26.651  5015  5345 D OnStarCommands: getVoiceRegState: state = 1
