04-23 09:33:57.993  2761  2803 V SettingsProvider: getSecureSetting(location_providers_allowed, 11)
04-23 09:33:58.290  2761  2803 V SettingsProvider: getSecureSetting(location_providers_allowed, 11)
04-23 09:33:58.293  2761  2803 V SettingsProvider: getSecureSetting(location_providers_allowed, 11)
04-23 09:33:58.591  2761  2803 V SettingsProvider: getSecureSetting(location_providers_allowed, 11)
04-23 09:33:58.599  2761  2803 V SettingsProvider: getSecureSetting(location_providers_allowed, 11)
04-23 09:33:58.891  2761  2803 V SettingsProvider: getSecureSetting(location_providers_allowed, 11)
04-23 09:33:58.893  2761  2803 V SettingsProvider: getSecureSetting(location_providers_allowed, 11)
04-23 09:33:59.191  2761  2803 V SettingsProvider: getSecureSetting(location_providers_allowed, 11)
04-23 09:33:59.193  2761  2803 V SettingsProvider: getSecureSetting(location_providers_allowed, 11)
04-23 09:33:59.492  2761  2803 V SettingsProvider: getSecureSetting(location_providers_allowed, 11)
04-23 09:33:59.502  2761  2803 V SettingsProvider: getSecureSetting(location_providers_allowed, 11)
04-23 09:33:59.791  2761  2803 V SettingsProvider: getSecureSetting(location_providers_allowed, 11)
04-23 09:33:59.792  2761  2803 V SettingsProvider: getSecureSetting(location_providers_allowed, 11)
04-23 09:34:00.000  2761  2804 V BroadcastQueue: Submitting BROADCAST_TIMEOUT_MSG [foreground] for BroadcastRecord{425be21 u-1 android.intent.action.TIME_TICK} at 161100513
04-23 09:34:00.001  2761  2804 V BroadcastQueue: Delivering ordered [foreground] to registered BroadcastFilter{dab2464 u0 ReceiverList{fa8cdf7 2761 system/1000/u0 local:8a1a5f6}}: BroadcastRecord{425be21 u-1 android.intent.action.TIME_TICK}
04-23 09:34:00.001  2761  2761 V BroadcastQueue: Delivering ordered [foreground] to registered BroadcastFilter{dfa144a u-1 ReceiverList{63b95b5 3399 com.android.systemui/10025/u-1 remote:a33ddec}}: BroadcastRecord{425be21 u-1 android.intent.action.TIME_TICK}
04-23 09:34:00.091  2761  2803 V SettingsProvider: getSecureSetting(location_providers_allowed, 11)
04-23 09:34:00.094  2761  2803 V SettingsProvider: getSecureSetting(location_providers_allowed, 11)
04-23 09:34:00.391  2761  2803 V SettingsProvider: getSecureSetting(location_providers_allowed, 11)
04-23 09:34:00.395  2761  2803 V SettingsProvider: getSecureSetting(location_providers_allowed, 11)
04-23 09:34:00.692  2761  2803 V SettingsProvider: getSecureSetting(location_providers_allowed, 11)
04-23 09:34:00.694  2761  2803 V SettingsProvider: getSecureSetting(location_providers_allowed, 11)
04-23 09:34:00.992  2761  2803 V SettingsProvider: getSecureSetting(location_providers_allowed, 11)
04-23 09:34:00.994  2761  2803 V SettingsProvider: getSecureSetting(location_providers_allowed, 11)
04-23 09:34:01.292  2761  2803 V SettingsProvider: getSecureSetting(location_providers_allowed, 11)
04-23 09:34:01.295  2761  2803 V SettingsProvider: getSecureSetting(location_providers_allowed, 11)
04-23 09:34:01.591  2761  2803 V SettingsProvider: getSecureSetting(location_providers_allowed, 11)
04-23 09:34:01.603  2761  2803 V SettingsProvider: getSecureSetting(location_providers_allowed, 11)
04-23 09:34:01.891  2761  2803 V SettingsProvider: getSecureSetting(location_providers_allowed, 11)
04-23 09:34:01.892  2761  2803 V SettingsProvider: getSecureSetting(location_providers_allowed, 11)
04-23 09:34:01.964  2761  4598 V SettingsProvider: getSystemSetting(outgoing_phone_address, -3)
04-23 09:34:01.966  2761  4658 V SettingsProvider: getSystemSetting(outgoing_phone_address, -3)
04-23 09:34:02.192  2761  2803 V SettingsProvider: getSecureSetting(location_providers_allowed, 11)
04-23 09:34:02.194  2950  3102 I TcpInternetManager: handle msg: EVENT_TCP_STATUS_CHECK 
04-23 09:34:02.194  2950  3102 D TcpInternetManager: TCP network state: signal strength=2  network state=0
04-23 09:34:02.194  2950  3102 D TcpInternetManager: checkTcpNetwork: TCP network ok
04-23 09:34:02.196  2761  2803 V SettingsProvider: getSecureSetting(location_providers_allowed, 11)
04-23 09:34:02.493  2761  2803 V SettingsProvider: getSecureSetting(location_providers_allowed, 11)
04-23 09:34:02.497  2761  2803 V SettingsProvider: getSecureSetting(location_providers_allowed, 11)
04-23 09:34:02.605  2761  3009 D wifi    : command 'IFNAME=wlan0 BSS RANGE=0- MASK=0x29d87' returned 'id=1456
04-23 09:34:02.605  2761  3009 D wifi    : bssid=de:ef:ca:eb:46:66
04-23 09:34:02.605  2761  3009 D wifi    : freq=2437
04-23 09:34:02.605  2761  3009 D wifi    : level=-93
04-23 09:34:02.605  2761  3009 D wifi    : tsf=0000161093112212
04-23 09:34:02.605  2761  3009 D wifi    : ie=0008427269616e2d474d010882848b962430486c0301060504000200000706555320010b1e200100230214002a010432040c12186030140100000fac040100000fac040100000fac020c002d1aad011bffff0000000000000000000000000000000000000000003d16060815000000000000000000000000000000000000007f080400080000000040dd050016328000dd1e00904c0408bf0cb279810ffaff0000faff0000c0050006000000c3020002dd090010180201001c0000dd180050f2020101000003a4000027a4000042435e0062322f00dd1d00904c5c02010a000807010f0000000000010a010101010f0000000000
04-23 09:34:02.605  2761  3009 D wifi    : flags=[WPA2-PSK-CCMP][ESS]
04-23 09:34:02.605  2761  3009 D wifi    : ssid=Brian-GM
04-23 09:34:02.605  2761  3009 D wifi    : ====
04-23 09:34:02.605  2761  3009 D wifi    : id=1457
04-23 09:34:02.605  2761  3009 D wifi    : bssid=8e:45:00:b7:d0:4f
04-23 09:34:02.605  2761  3009 D wifi    : freq=2462
04-23 09:34:02.605  2761  3009 D wifi    : level=-92
04-23 09:34:02.605  2761  3009 D wifi    : tsf=0000161093112215
04-23 09:34:02.605  2761  3009 D wifi    : ie=0009416469746879612041010882848b962430486c03010b0504000200020706555320010b1e200100230214002a010032040c12186030140100000fac040100000fac040100000fac020c002d1aad011bffff0000000000000000000000000000000000000000003d160b0804000000000000000000000000000000000000007f080400080000000040d
04-23 09:34:02.607  2761  3009 D wifi    : command 'IFNAME=wlan0 STATUS-NO_EVENTS' returned 'wpa_state=SCANNING
04-23 09:34:02.607  2761  3009 D wifi    : p2p_device_address=76:6f:f7:93:0d:12
04-23 09:34:02.607  2761  3009 D wifi    : address=74:6f:f7:93:0d:12
04-23 09:34:02.607  2761  3009 D wifi    : uuid=f51b9279-2cd7-568a-9720-28fb062b004f
04-23 09:34:02.791  2761  2803 V SettingsProvider: getSecureSetting(location_providers_allowed, 11)
04-23 09:34:02.793  2761  2803 V SettingsProvider: getSecureSetting(location_providers_allowed, 11)
04-23 09:34:03.092  2761  2803 V SettingsProvider: getSecureSetting(location_providers_allowed, 11)
04-23 09:34:03.095  2761  2803 V SettingsProvider: getSecureSetting(location_providers_allowed, 11)
04-23 09:34:03.392  2761  2803 V SettingsProvider: getSecureSetting(location_providers_allowed, 11)
04-23 09:34:03.396  2761  2803 V SettingsProvider: getSecureSetting(location_providers_allowed, 11)
04-23 09:34:03.691  2761  2803 V SettingsProvider: getSecureSetting(location_providers_allowed, 11)
04-23 09:34:03.698  2761  2803 V SettingsProvider: getSecureSetting(location_providers_allowed, 11)
04-23 09:34:03.991  2761  2803 V SettingsProvider: getSecureSetting(location_providers_allowed, 11)
04-23 09:34:03.992  2761  2803 V SettingsProvider: getSecureSetting(location_providers_allowed, 11)
04-23 09:34:04.292  2761  2803 V SettingsProvider: getSecureSetting(location_providers_allowed, 11)
04-23 09:34:04.296  2761  2803 V SettingsProvider: getSecureSetting(location_providers_allowed, 11)
04-23 09:34:04.591  2761  2803 V SettingsProvider: getSecureSetting(location_providers_allowed, 11)
04-23 09:34:04.594  2761  2803 V SettingsProvider: getSecureSetting(location_providers_allowed, 11)
04-23 09:34:04.892  2761  2803 V SettingsProvider: getSecureSetting(location_providers_allowed, 11)
04-23 09:34:04.895  2761  2803 V SettingsProvider: getSecureSetting(location_providers_allowed, 11)
04-23 09:34:04.969  2761  2976 V SettingsProvider: getSystemSetting(outgoing_phone_address, -3)
04-23 09:34:04.974  2761  4861 V SettingsProvider: getSystemSetting(outgoing_phone_address, -3)
04-23 09:34:05.192  2761  2803 V SettingsProvider: getSecureSetting(location_providers_allowed, 11)
04-23 09:34:05.197  2761  2803 V SettingsProvider: getSecureSetting(location_providers_allowed, 11)
04-23 09:34:05.491  2761  2803 V SettingsProvider: getSecureSetting(location_providers_allowed, 11)
04-23 09:34:05.493  2761  2803 V SettingsProvider: getSecureSetting(location_providers_allowed, 11)
04-23 09:34:05.793  2761  2803 V SettingsProvider: getSecureSetting(location_providers_allowed, 11)
04-23 09:34:05.796  2761  2803 V SettingsProvider: getSecureSetting(location_providers_allowed, 11)
04-23 09:34:06.092  2761  2803 V SettingsProvider: getSecureSetting(location_providers_allowed, 11)
04-23 09:34:06.094  2761  2803 V SettingsProvider: getSecureSetting(location_providers_allowed, 11)
04-23 09:34:06.392  2761  2803 V SettingsProvider: getSecureSetting(location_providers_allowed, 11)
04-23 09:34:06.411  2761  2803 V SettingsProvider: getSecureSetting(location_providers_allowed, 11)
04-23 09:34:06.691  2761  2803 V SettingsProvider: getSecureSetting(location_providers_allowed, 11)
04-23 09:34:06.694  2761  2803 V SettingsProvider: getSecureSetting(location_providers_allowed, 11)
04-23 09:34:06.992  2761  2803 V SettingsProvider: getSecureSetting(location_providers_allowed, 11)
04-23 09:34:06.994  2761  2803 V SettingsProvider: getSecureSetting(location_providers_allowed, 11)
04-23 09:34:07.291  2761  2803 V SettingsProvider: getSecureSetting(location_providers_allowed, 11)
04-23 09:34:07.294  2761  2803 V SettingsProvider: getSecureSetting(location_providers_allowed, 11)
04-23 09:34:07.594  2761  2803 V SettingsProvider: getSecureSetting(location_providers_allowed, 11)
04-23 09:34:07.596  2761  2803 V SettingsProvider: getSecureSetting(location_providers_allowed, 11)
04-23 09:34:07.892  2761  2803 V SettingsProvider: getSecureSetting(location_providers_allowed, 11)
04-23 09:34:07.895  2761  2803 V SettingsProvider: getSecureSetting(location_providers_allowed, 11)
04-23 09:34:08.192  2761  2803 V SettingsProvider: getSecureSetting(location_providers_allowed, 11)
04-23 09:34:08.195  2761  2803 V SettingsProvider: getSecureSetting(location_providers_allowed, 11)
04-23 09:34:08.492  2761  2803 V SettingsProvider: getSecureSetting(location_providers_allowed, 11)
04-23 09:34:08.497  2761  2803 V SettingsProvider: getSecureSetting(location_providers_allowed, 11)
04-23 09:34:08.793  2761  2803 V SettingsProvider: getSecureSetting(location_providers_allowed, 11)
04-23 09:34:08.794  2761  2803 V SettingsProvider: getSecureSetting(location_providers_allowed, 11)
04-23 09:34:09.093  2761  2803 V SettingsProvider: getSecureSetting(location_providers_allowed, 11)
04-23 09:34:09.095  2761  2803 V SettingsProvider: getSecureSetting(location_providers_allowed, 11)
04-23 09:34:09.393  2761  2803 V SettingsProvider: getSecureSetting(location_providers_allowed, 11)
04-23 09:34:09.397  2761  2803 V SettingsProvider: getSecureSetting(location_providers_allowed, 11)
04-23 09:34:09.693  2761  2803 V SettingsProvider: getSecureSetting(location_providers_allowed, 11)
04-23 09:34:09.693  2761  2803 V SettingsProvider: getSecureSetting(location_providers_allowed, 11)
04-23 09:34:09.993  2761  2803 V SettingsProvider: getSecureSetting(location_providers_allowed, 11)
04-23 09:34:09.999  2761  2803 V SettingsProvider: getSecureSetting(location_providers_allowed, 11)
04-23 09:34:10.292  2761  2803 V SettingsProvider: getSecureSetting(location_providers_allowed, 11)
04-23 09:34:10.293  2761  2803 V SettingsProvider: getSecureSetting(location_providers_allowed, 11)
04-23 09:34:10.593  2761  2803 V SettingsProvider: getSecureSetting(location_providers_allowed, 11)
04-23 09:34:10.595  2761  2803 V SettingsProvider: getSecureSetting(location_providers_allowed, 11)
04-23 09:34:10.892  2761  2803 V SettingsProvider: getSecureSetting(location_providers_allowed, 11)
04-23 09:34:10.894  2761  2803 V SettingsProvider: getSecureSetting(location_providers_allowed, 11)
04-23 09:34:11.192  2761  2803 V SettingsProvider: getSecureSetting(location_providers_allowed, 11)
04-23 09:34:11.193  2761  2803 V SettingsProvider: getSecureSetting(location_providers_allowed, 11)
04-23 09:34:11.493  2761  2803 V SettingsProvider: getSecureSetting(location_providers_allowed, 11)
04-23 09:34:11.494  2761  2803 V SettingsProvider: getSecureSetting(location_providers_allowed, 11)
04-23 09:34:11.793  2761  2803 V SettingsProvider: getSecureSetting(location_providers_allowed, 11)
04-23 09:34:11.818  2761  2803 V SettingsProvider: getSecureSetting(location_providers_allowed, 11)
04-23 09:34:12.093  2761  2803 V SettingsProvider: getSecureSetting(location_providers_allowed, 11)
04-23 09:34:12.094  2761  2803 V SettingsProvider: getSecureSetting(location_providers_allowed, 11)
04-23 09:34:12.392  2761  2803 V SettingsProvider: getSecureSetting(location_providers_allowed, 11)
04-23 09:34:12.394  2761  2803 V SettingsProvider: getSecureSetting(location_providers_allowed, 11)
04-23 09:34:12.693  2761  2803 V SettingsProvider: getSecureSetting(location_providers_allowed, 11)
04-23 09:34:12.695  2761  2803 V SettingsProvider: getSecureSetting(location_providers_allowed, 11)
04-23 09:34:12.993  2761  2803 V SettingsProvider: getSecureSetting(location_providers_allowed, 11)
04-23 09:34:12.994  2761  2803 V SettingsProvider: getSecureSetting(location_providers_allowed, 11)
04-23 09:34:13.293  2761  2803 V SettingsProvider: getSecureSetting(location_providers_allowed, 11)
04-23 09:34:13.294  2761  2803 V SettingsProvider: getSecureSetting(location_providers_allowed, 11)
04-23 09:34:13.592  2761  2803 V SettingsProvider: getSecureSetting(location_providers_allowed, 11)
04-23 09:34:13.593  2761  2803 V SettingsProvider: getSecureSetting(location_providers_allowed, 11)
04-23 09:34:13.893  2761  2803 V SettingsProvider: getSecureSetting(location_providers_allowed, 11)
04-23 09:34:13.895  2761  2803 V SettingsProvider: getSecureSetting(location_providers_allowed, 11)
04-23 09:34:14.193  2761  2803 V SettingsProvider: getSecureSetting(location_providers_allowed, 11)
04-23 09:34:14.194  2761  2803 V SettingsProvider: getSecureSetting(location_providers_allowed, 11)
04-23 09:34:14.493  2761  2803 V SettingsProvider: getSecureSetting(location_providers_allowed, 11)
04-23 09:34:14.494  2761  2803 V SettingsProvider: getSecureSetting(location_providers_allowed, 11)
04-23 09:34:14.793  2761  2803 V SettingsProvider: getSecureSetting(location_providers_allowed, 11)
04-23 09:34:14.794  2761  2803 V SettingsProvider: getSecureSetting(location_providers_allowed, 11)
04-23 09:34:15.093  2761  2803 V SettingsProvider: getSecureSetting(location_providers_allowed, 11)
04-23 09:34:15.094  2761  2803 V SettingsProvider: getSecureSetting(location_providers_allowed, 11)
04-23 09:34:15.392  2761  2803 V SettingsProvider: getSecureSetting(location_providers_allowed, 11)
04-23 09:34:15.393  2761  2803 V SettingsProvider: getSecureSetting(location_providers_allowed, 11)
04-23 09:34:15.693  2761  2803 V SettingsProvider: getSecureSetting(location_providers_allowed, 11)
04-23 09:34:15.695  2761  2803 V SettingsProvider: getSecureSetting(location_providers_allowed, 11)
04-23 09:34:15.993  2761  2803 V SettingsProvider: getSecureSetting(location_providers_allowed, 11)
04-23 09:34:15.997  2761  2803 V SettingsProvider: getSecureSetting(location_providers_allowed, 11)
04-23 09:34:16.293  2761  2803 V SettingsProvider: getSecureSetting(location_providers_allowed, 11)
04-23 09:34:16.297  2761  2803 V SettingsProvider: getSecureSetting(location_providers_allowed, 11)
04-23 09:34:16.593  2761  2803 V SettingsProvider: getSecureSetting(location_providers_allowed, 11)
04-23 09:34:16.595  2761  2803 V SettingsProvider: getSecureSetting(location_providers_allowed, 11)
04-23 09:34:16.893  2761  2803 V SettingsProvider: getSecureSetting(location_providers_allowed, 11)
04-23 09:34:16.898  2761  2803 V SettingsProvider: getSecureSetting(location_providers_allowed, 11)
04-23 09:34:17.193  2761  2803 V SettingsProvider: getSecureSetting(location_providers_allowed, 11)
04-23 09:34:17.197  2761  2803 V SettingsProvider: getSecureSetting(location_providers_allowed, 11)
04-23 09:34:17.513  2761  2803 V SettingsProvider: getSecureSetting(location_providers_allowed, 11)
04-23 09:34:17.513  2761  2803 V SettingsProvider: getSecureSetting(location_providers_allowed, 11)
04-23 09:34:17.614  2761  3009 D wifi    : command 'IFNAME=wlan0 BSS RANGE=0- MASK=0x29d87' returned 'id=1456
04-23 09:34:17.614  2761  3009 D wifi    : bssid=de:ef:ca:eb:46:66
04-23 09:34:17.614  2761  3009 D wifi    : freq=2437
04-23 09:34:17.614  2761  3009 D wifi    : level=-93
04-23 09:34:17.614  2761  3009 D wifi    : tsf=0000161108118359
04-23 09:34:17.614  2761  3009 D wifi    : ie=0008427269616e2d474d010882848b962430486c0301060504010200000706555320010b1e200100230214002a010432040c12186030140100000fac040100000fac040100000fac020c002d1aad011bffff0000000000000000000000000000000000000000003d16060815000000000000000000000000000000000000007f080400080000000040dd050016328000dd1e00904c0408bf0cb279810ffaff0000faff0000c0050006000000c3020002dd090010180201001c0000dd180050f2020101000003a4000027a4000042435e0062322f00dd1d00904c5c02010a000807010f0000000000010a010101010f0000000000
04-23 09:34:17.614  2761  3009 D wifi    : flags=[WPA2-PSK-CCMP][ESS]
04-23 09:34:17.614  2761  3009 D wifi    : ssid=Brian-GM
04-23 09:34:17.614  2761  3009 D wifi    : ====
04-23 09:34:17.614  2761  3009 D wifi    : id=1457
04-23 09:34:17.614  2761  3009 D wifi    : bssid=8e:45:00:b7:d0:4f
04-23 09:34:17.614  2761  3009 D wifi    : freq=2462
04-23 09:34:17.614  2761  3009 D wifi    : level=-91
04-23 09:34:17.614  2761  3009 D wifi    : tsf=0000161108118364
04-23 09:34:17.614  2761  3009 D wifi    : ie=0009416469746879612041010882848b962430486c03010b0504000200000706555320010b1e200100230214002a010032040c12186030140100000fac040100000fac040100000fac020c002d1aad011bffff0000000000000000000000000000000000000000003d160b0804000000000000000000000000000000000000007f080400080000000040d
04-23 09:34:17.621  2761  3009 D wifi    : command 'IFNAME=wlan0 STATUS-NO_EVENTS' returned 'wpa_state=SCANNING
04-23 09:34:17.621  2761  3009 D wifi    : p2p_device_address=76:6f:f7:93:0d:12
04-23 09:34:17.621  2761  3009 D wifi    : address=74:6f:f7:93:0d:12
04-23 09:34:17.621  2761  3009 D wifi    : uuid=f51b9279-2cd7-568a-9720-28fb062b004f
04-23 09:34:17.793  2761  2803 V SettingsProvider: getSecureSetting(location_providers_allowed, 11)
04-23 09:34:17.797  2761  2803 V SettingsProvider: getSecureSetting(location_providers_allowed, 11)
04-23 09:34:18.093  2761  2803 V SettingsProvider: getSecureSetting(location_providers_allowed, 11)
04-23 09:34:18.105  2761  2803 V SettingsProvider: getSecureSetting(location_providers_allowed, 11)
04-23 09:34:18.393  2761  2803 V SettingsProvider: getSecureSetting(location_providers_allowed, 11)
04-23 09:34:18.395  2761  2803 V SettingsProvider: getSecureSetting(location_providers_allowed, 11)
04-23 09:34:18.693  2761  2803 V SettingsProvider: getSecureSetting(location_providers_allowed, 11)
04-23 09:34:18.695  2761  2803 V SettingsProvider: getSecureSetting(location_providers_allowed, 11)
04-23 09:34:18.993  2761  2803 V SettingsProvider: getSecureSetting(location_providers_allowed, 11)
04-23 09:34:18.998  2761  2803 V SettingsProvider: getSecureSetting(location_providers_allowed, 11)
04-23 09:34:19.294  2761  2803 V SettingsProvider: getSecureSetting(location_providers_allowed, 11)
04-23 09:34:19.295  2761  2803 V SettingsProvider: getSecureSetting(location_providers_allowed, 11)
04-23 09:34:19.593  2761  2803 V SettingsProvider: getSecureSetting(location_providers_allowed, 11)
04-23 09:34:19.595  2761  2803 V SettingsProvider: getSecureSetting(location_providers_allowed, 11)
04-23 09:34:19.893  2761  2803 V SettingsProvider: getSecureSetting(location_providers_allowed, 11)
04-23 09:34:19.895  2761  2803 V SettingsProvider: getSecureSetting(location_providers_allowed, 11)
04-23 09:34:20.193  2761  2803 V SettingsProvider: getSecureSetting(location_providers_allowed, 11)
04-23 09:34:20.196  2761  2803 V SettingsProvider: getSecureSetting(location_providers_allowed, 11)
04-23 09:34:20.493  2761  2803 V SettingsProvider: getSecureSetting(location_providers_allowed, 11)
04-23 09:34:20.495  2761  2803 V SettingsProvider: getSecureSetting(location_providers_allowed, 11)
04-23 09:34:20.793  2761  2803 V SettingsProvider: getSecureSetting(location_providers_allowed, 11)
04-23 09:34:20.795  2761  2803 V SettingsProvider: getSecureSetting(location_providers_allowed, 11)
04-23 09:34:21.093  2761  2803 V SettingsProvider: getSecureSetting(location_providers_allowed, 11)
04-23 09:34:21.096  2761  2803 V SettingsProvider: getSecureSetting(location_providers_allowed, 11)
04-23 09:34:21.393  2761  2803 V SettingsProvider: getSecureSetting(location_providers_allowed, 11)
04-23 09:34:21.395  2761  2803 V SettingsProvider: getSecureSetting(location_providers_allowed, 11)
04-23 09:34:21.693  2761  2803 V SettingsProvider: getSecureSetting(location_providers_allowed, 11)
04-23 09:34:21.694  2761  2803 V SettingsProvider: getSecureSetting(location_providers_allowed, 11)
04-23 09:34:21.996  2761  2803 V SettingsProvider: getSecureSetting(location_providers_allowed, 11)
04-23 09:34:21.998  2761  2803 V SettingsProvider: getSecureSetting(location_providers_allowed, 11)
04-23 09:34:22.215  2950  3102 I TcpInternetManager: handle msg: EVENT_TCP_STATUS_CHECK 
04-23 09:34:22.215  2950  3102 D TcpInternetManager: TCP network state: signal strength=1  network state=0
04-23 09:34:22.215  2950  3102 D TcpInternetManager: checkTcpNetwork: TCP network ok
04-23 09:34:22.293  2761  2803 V SettingsProvider: getSecureSetting(location_providers_allowed, 11)
04-23 09:34:22.294  2761  2803 V SettingsProvider: getSecureSetting(location_providers_allowed, 11)
04-23 09:34:22.594  2761  2803 V SettingsProvider: getSecureSetting(location_providers_allowed, 11)
04-23 09:34:22.595  2761  2803 V SettingsProvider: getSecureSetting(location_providers_allowed, 11)
04-23 09:34:22.894  2761  2803 V SettingsProvider: getSecureSetting(location_providers_allowed, 11)
04-23 09:34:22.895  2761  2803 V SettingsProvider: getSecureSetting(location_providers_allowed, 11)
04-23 09:34:23.193  2761  2803 V SettingsProvider: getSecureSetting(location_providers_allowed, 11)
04-23 09:34:23.195  2761  2803 V SettingsProvider: getSecureSetting(location_providers_allowed, 11)
04-23 09:34:23.494  2761  2803 V SettingsProvider: getSecureSetting(location_providers_allowed, 11)
04-23 09:34:23.496  2761  2803 V SettingsProvider: getSecureSetting(location_providers_allowed, 11)
04-23 09:34:23.794  2761  2803 V SettingsProvider: getSecureSetting(location_providers_allowed, 11)
04-23 09:34:23.796  2761  2803 V SettingsProvider: getSecureSetting(location_providers_allowed, 11)
04-23 09:34:24.094  2761  2803 V SettingsProvider: getSecureSetting(location_providers_allowed, 11)
04-23 09:34:24.096  2761  2803 V SettingsProvider: getSecureSetting(location_providers_allowed, 11)
04-23 09:34:24.394  2761  2803 V SettingsProvider: getSecureSetting(location_providers_allowed, 11)
04-23 09:34:24.395  2761  2803 V SettingsProvider: getSecureSetting(location_providers_allowed, 11)
04-23 09:34:24.694  2761  2803 V SettingsProvider: getSecureSetting(location_providers_allowed, 11)
04-23 09:34:24.695  2761  2803 V SettingsProvider: getSecureSetting(location_providers_allowed, 11)
04-23 09:34:24.994  2761  2803 V SettingsProvider: getSecureSetting(location_providers_allowed, 11)
04-23 09:34:24.998  2761  2803 V SettingsProvider: getSecureSetting(location_providers_allowed, 11)
04-23 09:34:25.294  2761  2803 V SettingsProvider: getSecureSetting(location_providers_allowed, 11)
04-23 09:34:25.295  2761  2803 V SettingsProvider: getSecureSetting(location_providers_allowed, 11)
04-23 09:34:25.594  2761  2803 V SettingsProvider: getSecureSetting(location_providers_allowed, 11)
04-23 09:34:25.595  2761  2803 V SettingsProvider: getSecureSetting(location_providers_allowed, 11)
04-23 09:34:25.894  2761  2803 V SettingsProvider: getSecureSetting(location_providers_allowed, 11)
04-23 09:34:25.895  2761  2803 V SettingsProvider: getSecureSetting(location_providers_allowed, 11)
04-23 09:34:26.194  2761  2803 V SettingsProvider: getSecureSetting(location_providers_allowed, 11)
04-23 09:34:26.195  2761  2803 V SettingsProvider: getSecureSetting(location_providers_allowed, 11)
04-23 09:34:26.494  2761  2803 V SettingsProvider: getSecureSetting(location_providers_allowed, 11)
04-23 09:34:26.495  2761  2803 V SettingsProvider: getSecureSetting(location_providers_allowed, 11)
04-23 09:34:26.794  2761  2803 V SettingsProvider: getSecureSetting(location_providers_allowed, 11)
04-23 09:34:26.795  2761  2803 V SettingsProvider: getSecureSetting(location_providers_allowed, 11)
04-23 09:34:27.095  2761  2803 V SettingsProvider: getSecureSetting(location_providers_allowed, 11)
04-23 09:34:27.103  2761  2803 V SettingsProvider: getSecureSetting(location_providers_allowed, 11)
04-23 09:34:27.394  2761  2803 V SettingsProvider: getSecureSetting(location_providers_allowed, 11)
04-23 09:34:27.395  2761  2803 V SettingsProvider: getSecureSetting(location_providers_allowed, 11)
04-23 09:34:27.694  2761  2803 V SettingsProvider: getSecureSetting(location_providers_allowed, 11)
04-23 09:34:27.695  2761  2803 V SettingsProvider: getSecureSetting(location_providers_allowed, 11)
04-23 09:34:27.995  2761  2803 V SettingsProvider: getSecureSetting(location_providers_allowed, 11)
04-23 09:34:27.996  2761  2803 V SettingsProvider: getSecureSetting(location_providers_allowed, 11)
04-23 09:34:28.294  2761  2803 V SettingsProvider: getSecureSetting(location_providers_allowed, 11)
04-23 09:34:28.296  2761  2803 V SettingsProvider: getSecureSetting(location_providers_allowed, 11)
04-23 09:34:28.594  2761  2803 V SettingsProvider: getSecureSetting(location_providers_allowed, 11)
04-23 09:34:28.595  2761  2803 V SettingsProvider: getSecureSetting(location_providers_allowed, 11)
04-23 09:34:28.894  2761  2803 V SettingsProvider: getSecureSetting(location_providers_allowed, 11)
04-23 09:34:28.895  2761  2803 V SettingsProvider: getSecureSetting(location_providers_allowed, 11)
04-23 09:34:28.982  2761  2976 V SettingsProvider: getSystemSetting(outgoing_phone_address, -3)
04-23 09:34:28.988  2761  4658 V SettingsProvider: getSystemSetting(outgoing_phone_address, -3)
04-23 09:34:29.195  2761  2803 V SettingsProvider: getSecureSetting(location_providers_allowed, 11)
04-23 09:34:29.200  2761  2803 V SettingsProvider: getSecureSetting(location_providers_allowed, 11)
04-23 09:34:29.494  2761  2803 V SettingsProvider: getSecureSetting(location_providers_allowed, 11)
04-23 09:34:29.495  2761  2803 V SettingsProvider: getSecureSetting(location_providers_allowed, 11)
04-23 09:34:29.794  2761  2803 V SettingsProvider: getSecureSetting(location_providers_allowed, 11)
04-23 09:34:29.795  2761  2803 V SettingsProvider: getSecureSetting(location_providers_allowed, 11)
04-23 09:34:30.104  2761  2803 V SettingsProvider: getSecureSetting(location_providers_allowed, 11)
04-23 09:34:30.106  2761  2803 V SettingsProvider: getSecureSetting(location_providers_allowed, 11)
04-23 09:34:30.395  2761  2803 V SettingsProvider: getSecureSetting(location_providers_allowed, 11)
04-23 09:34:30.399  2761  2803 V SettingsProvider: getSecureSetting(location_providers_allowed, 11)
04-23 09:34:30.701  2761  2803 V SettingsProvider: getSecureSetting(location_providers_allowed, 11)
04-23 09:34:30.708  2761  2803 V SettingsProvider: getSecureSetting(location_providers_allowed, 11)
04-23 09:34:30.996  2761  2803 V SettingsProvider: getSecureSetting(location_providers_allowed, 11)
04-23 09:34:31.001  2761  2803 V SettingsProvider: getSecureSetting(location_providers_allowed, 11)
04-23 09:34:31.295  2761  2803 V SettingsProvider: getSecureSetting(location_providers_allowed, 11)
04-23 09:34:31.297  2761  2803 V SettingsProvider: getSecureSetting(location_providers_allowed, 11)
04-23 09:34:31.595  2761  2803 V SettingsProvider: getSecureSetting(location_providers_allowed, 11)
04-23 09:34:31.598  2761  2803 V SettingsProvider: getSecureSetting(location_providers_allowed, 11)
04-23 09:34:31.895  2761  2803 V SettingsProvider: getSecureSetting(location_providers_allowed, 11)
04-23 09:34:31.916  2761  2803 V SettingsProvider: getSecureSetting(location_providers_allowed, 11)
04-23 09:34:32.195  2761  2803 V SettingsProvider: getSecureSetting(location_providers_allowed, 11)
04-23 09:34:32.198  2761  2803 V SettingsProvider: getSecureSetting(location_providers_allowed, 11)
04-23 09:34:32.496  2761  2803 V SettingsProvider: getSecureSetting(location_providers_allowed, 11)
04-23 09:34:32.502  2761  2803 V SettingsProvider: getSecureSetting(location_providers_allowed, 11)
04-23 09:34:32.625  2761  3009 D wifi    : command 'IFNAME=wlan0 BSS RANGE=0- MASK=0x29d87' returned 'id=1456
04-23 09:34:32.625  2761  3009 D wifi    : bssid=de:ef:ca:eb:46:66
04-23 09:34:32.625  2761  3009 D wifi    : freq=2437
04-23 09:34:32.625  2761  3009 D wifi    : level=-93
04-23 09:34:32.625  2761  3009 D wifi    : tsf=0000161123134940
04-23 09:34:32.625  2761  3009 D wifi    : ie=0008427269616e2d474d010882848b962430486c0301060504010200000706555320010b1e200100230214002a010432040c12186030140100000fac040100000fac040100000fac020c002d1aad011bffff0000000000000000000000000000000000000000003d16060815000000000000000000000000000000000000007f080400080000000040dd050016328000dd1e00904c0408bf0cb279810ffaff0000faff0000c0050006000000c3020002dd090010180201001c0000dd180050f2020101000003a4000027a4000042435e0062322f00dd1d00904c5c02010a000807010f0000000000010a010101010f0000000000
04-23 09:34:32.625  2761  3009 D wifi    : flags=[WPA2-PSK-CCMP][ESS]
04-23 09:34:32.625  2761  3009 D wifi    : ssid=Brian-GM
04-23 09:34:32.625  2761  3009 D wifi    : ====
04-23 09:34:32.625  2761  3009 D wifi    : id=1457
04-23 09:34:32.625  2761  3009 D wifi    : bssid=8e:45:00:b7:d0:4f
04-23 09:34:32.625  2761  3009 D wifi    : freq=2462
04-23 09:34:32.625  2761  3009 D wifi    : level=-92
04-23 09:34:32.625  2761  3009 D wifi    : tsf=0000161123134943
04-23 09:34:32.625  2761  3009 D wifi    : ie=0009416469746879612041010882848b962430486c03010b0504010200000706555320010b1e200100230214002a010032040c12186030140100000fac040100000fac040100000fac020c002d1aad011bffff0000000000000000000000000000000000000000003d160b0804000000000000000000000000000000000000007f080400080000000040d
04-23 09:34:32.627  2761  3009 D wifi    : command 'IFNAME=wlan0 STATUS-NO_EVENTS' returned 'wpa_state=SCANNING
04-23 09:34:32.627  2761  3009 D wifi    : p2p_device_address=76:6f:f7:93:0d:12
04-23 09:34:32.627  2761  3009 D wifi    : address=74:6f:f7:93:0d:12
04-23 09:34:32.627  2761  3009 D wifi    : uuid=f51b9279-2cd7-568a-9720-28fb062b004f
04-23 09:34:32.799  2761  2803 V SettingsProvider: getSecureSetting(location_providers_allowed, 11)
04-23 09:34:32.804  2761  2803 V SettingsProvider: getSecureSetting(location_providers_allowed, 11)
04-23 09:34:33.095  2761  2803 V SettingsProvider: getSecureSetting(location_providers_allowed, 11)
04-23 09:34:33.099  2761  2803 V SettingsProvider: getSecureSetting(location_providers_allowed, 11)
04-23 09:34:33.396  2761  2803 V SettingsProvider: getSecureSetting(location_providers_allowed, 11)
04-23 09:34:33.399  2761  2803 V SettingsProvider: getSecureSetting(location_providers_allowed, 11)
04-23 09:34:33.695  2761  2803 V SettingsProvider: getSecureSetting(location_providers_allowed, 11)
04-23 09:34:33.696  2761  2803 V SettingsProvider: getSecureSetting(location_providers_allowed, 11)
04-23 09:34:33.889  3113  3206 D a       : Enter CommunicationThread constructor
04-23 09:34:33.890  3113  3206 D e       : si=216046
04-23 09:34:33.890  3113  3206 D e       : server socket
04-23 09:34:33.890  3113  1184 D a       : dispatcher run
04-23 09:34:33.890  3113  1184 D a       : ci=0
04-23 09:34:33.891  3113  1184 D a       : line read: SETM
04-23 09:34:33.891  3113  1184 D k       : GMSecureTimeHandler resp: 000fSETM1556026473
04-23 09:34:33.891  3113  1184 D a       : ci=1
04-23 09:34:33.892  3113  3206 D a       : Enter CommunicationThread constructor
04-23 09:34:33.893  3113  3206 D e       : si=216047
04-23 09:34:33.893  3113  3206 D e       : server socket
04-23 09:34:33.893  3113  1184 D a       : line read: null
04-23 09:34:33.893  3113  1184 D a       : exit loop
04-23 09:34:33.893  3113  1184 D a       : Enter closeSocket
04-23 09:34:33.893  3113  1184 D a       : dispatcher end of run
04-23 09:34:33.894  3113  1185 D a       : dispatcher run
04-23 09:34:33.894  3113  1185 D a       : ci=0
04-23 09:34:33.894  3113  1185 D a       : line read: CL01
04-23 09:34:33.894  3113  1185 D i       : CalibrationManager getExpirationEnforcement ret=true
04-23 09:34:33.894  3113  1185 D i       : GMExpirationEnforcementHandler resp: 0005CL011
04-23 09:34:33.895  3113  1185 D a       : ci=1
04-23 09:34:33.895  3113  1185 D a       : line read: null
04-23 09:34:33.895  3113  1185 D a       : exit loop
04-23 09:34:33.895  3113  1185 D a       : Enter closeSocket
04-23 09:34:33.895  3113  1185 D a       : dispatcher end of run
04-23 09:34:33.900  3113  3206 D a       : Enter CommunicationThread constructor
04-23 09:34:33.901  3113  3206 D e       : si=216048
04-23 09:34:33.901  3113  3206 D e       : server socket
04-23 09:34:33.901  3113  1186 D a       : dispatcher run
04-23 09:34:33.901  3113  1186 D a       : ci=0
04-23 09:34:33.902  3113  1186 D a       : line read: CL01
04-23 09:34:33.902  3113  1186 D i       : CalibrationManager getExpirationEnforcement ret=true
04-23 09:34:33.902  3113  1186 D i       : GMExpirationEnforcementHandler resp: 0005CL011
04-23 09:34:33.902  3113  1186 D a       : ci=1
04-23 09:34:33.904  3113  1186 D a       : line read: null
04-23 09:34:33.904  3113  1186 D a       : exit loop
04-23 09:34:33.904  3113  1186 D a       : Enter closeSocket
04-23 09:34:33.905  3113  1186 D a       : dispatcher end of run
04-23 09:34:33.997  2761  2803 V SettingsProvider: getSecureSetting(location_providers_allowed, 11)
04-23 09:34:34.005  2761  2803 V SettingsProvider: getSecureSetting(location_providers_allowed, 11)
04-23 09:34:34.297  2761  2803 V SettingsProvider: getSecureSetting(location_providers_allowed, 11)
04-23 09:34:34.300  2761  2803 V SettingsProvider: getSecureSetting(location_providers_allowed, 11)
04-23 09:34:34.426  3113  3206 D a       : Enter CommunicationThread constructor
04-23 09:34:34.427  3113  3206 D e       : si=216049
04-23 09:34:34.427  3113  3206 D e       : server socket
04-23 09:34:34.427  3113  1197 D a       : dispatcher run
04-23 09:34:34.427  3113  1197 D a       : ci=0
04-23 09:34:34.428  3113  1197 D a       : line read: SETM
04-23 09:34:34.428  3113  1197 D k       : GMSecureTimeHandler resp: 000fSETM1556026474
04-23 09:34:34.428  3113  1197 D a       : ci=1
04-23 09:34:34.429  3113  1197 D a       : line read: null
04-23 09:34:34.429  3113  1197 D a       : exit loop
04-23 09:34:34.429  3113  1197 D a       : Enter closeSocket
04-23 09:34:34.429  3113  1197 D a       : dispatcher end of run
04-23 09:34:34.434  3113  3206 D a       : Enter CommunicationThread constructor
04-23 09:34:34.434  3113  3206 D e       : si=216050
04-23 09:34:34.434  3113  3206 D e       : server socket
04-23 09:34:34.434  3113  1198 D a       : dispatcher run
04-23 09:34:34.434  3113  1198 D a       : ci=0
04-23 09:34:34.435  3113  1198 D a       : line read: CL01
04-23 09:34:34.435  3113  1198 D i       : CalibrationManager getExpirationEnforcement ret=true
04-23 09:34:34.435  3113  1198 D i       : GMExpirationEnforcementHandler resp: 0005CL011
04-23 09:34:34.435  3113  1198 D a       : ci=1
04-23 09:34:34.435  3113  1198 D a       : line read: null
04-23 09:34:34.435  3113  1198 D a       : exit loop
04-23 09:34:34.435  3113  1198 D a       : Enter closeSocket
04-23 09:34:34.435  3113  1198 D a       : dispatcher end of run
04-23 09:34:34.440  3113  3206 D a       : Enter CommunicationThread constructor
04-23 09:34:34.441  3113  3206 D e       : si=216051
04-23 09:34:34.441  3113  3206 D e       : server socket
04-23 09:34:34.441  3113  1199 D a       : dispatcher run
04-23 09:34:34.441  3113  1199 D a       : ci=0
04-23 09:34:34.441  3113  1199 D a       : line read: CL01
04-23 09:34:34.442  3113  1199 D i       : CalibrationManager getExpirationEnforcement ret=true
04-23 09:34:34.442  3113  1199 D i       : GMExpirationEnforcementHandler resp: 0005CL011
04-23 09:34:34.442  3113  1199 D a       : ci=1
04-23 09:34:34.442  3113  1199 D a       : line read: null
04-23 09:34:34.442  3113  1199 D a       : exit loop
04-23 09:34:34.442  3113  1199 D a       : Enter closeSocket
04-23 09:34:34.443  3113  1199 D a       : dispatcher end of run
04-23 09:34:34.446  3113  3206 D a       : Enter CommunicationThread constructor
04-23 09:34:34.446  3113  3206 D e       : si=216052
04-23 09:34:34.446  3113  3206 D e       : server socket
04-23 09:34:34.446  3113  1200 D a       : dispatcher run
04-23 09:34:34.446  3113  1200 D a       : ci=0
04-23 09:34:34.447  3113  1200 D a       : line read: SETM
04-23 09:34:34.447  3113  1200 D k       : GMSecureTimeHandler resp: 000fSETM1556026474
04-23 09:34:34.447  3113  1200 D a       : ci=1
04-23 09:34:34.447  3113  1200 D a       : line read: null
04-23 09:34:34.447  3113  1200 D a       : exit loop
04-23 09:34:34.447  3113  1200 D a       : Enter closeSocket
04-23 09:34:34.447  3113  1200 D a       : dispatcher end of run
04-23 09:34:34.452  3113  3206 D a       : Enter CommunicationThread constructor
04-23 09:34:34.452  3113  3206 D e       : si=216053
04-23 09:34:34.453  3113  3206 D e       : server socket
04-23 09:34:34.453  3113  1201 D a       : dispatcher run
04-23 09:34:34.453  3113  1201 D a       : ci=0
04-23 09:34:34.454  3113  1201 D a       : line read: CL02
04-23 09:34:34.455  3113  1201 D j       : CalibrationManager getOcspCheckFrequency ret=900
04-23 09:34:34.455  3113  1201 D j       : GMOcspCheckFrequencyHandler resp: 0008CL02900
04-23 09:34:34.455  3113  1201 D a       : ci=1
04-23 09:34:34.456  3113  1201 D a       : line read: null
04-23 09:34:34.456  3113  1201 D a       : exit loop
04-23 09:34:34.456  3113  1201 D a       : Enter closeSocket
04-23 09:34:34.456  3113  1201 D a       : dispatcher end of run
04-23 09:34:34.457  3113  3206 D a       : Enter CommunicationThread constructor
04-23 09:34:34.458  3113  3206 D e       : si=216054
04-23 09:34:34.458  3113  3206 D e       : server socket
04-23 09:34:34.458  3113  1202 D a       : dispatcher run
04-23 09:34:34.458  3113  1202 D a       : ci=0
04-23 09:34:34.459  3113  1202 D a       : line read: CL01
04-23 09:34:34.459  3113  1202 D i       : CalibrationManager getExpirationEnforcement ret=true
04-23 09:34:34.459  3113  1202 D i       : GMExpirationEnforcementHandler resp: 0005CL011
04-23 09:34:34.459  3113  1202 D a       : ci=1
04-23 09:34:34.460  3113  1202 D a       : line read: null
04-23 09:34:34.460  3113  1202 D a       : exit loop
04-23 09:34:34.460  3113  1202 D a       : Enter closeSocket
04-23 09:34:34.460  3113  1202 D a       : dispatcher end of run
04-23 09:34:34.596  2761  2803 V SettingsProvider: getSecureSetting(location_providers_allowed, 11)
04-23 09:34:34.601  2761  2803 V SettingsProvider: getSecureSetting(location_providers_allowed, 11)
04-23 09:34:34.895  2761  2803 V SettingsProvider: getSecureSetting(location_providers_allowed, 11)
04-23 09:34:34.899  2761  2803 V SettingsProvider: getSecureSetting(location_providers_allowed, 11)
04-23 09:34:34.990  2761  2977 V SettingsProvider: getSystemSetting(outgoing_phone_address, -3)
04-23 09:34:34.993  2761  4896 V SettingsProvider: getSystemSetting(outgoing_phone_address, -3)
04-23 09:34:35.198  2761  2803 V SettingsProvider: getSecureSetting(location_providers_allowed, 11)
04-23 09:34:35.202  2761  2803 V SettingsProvider: getSecureSetting(location_providers_allowed, 11)
04-23 09:34:35.497  2761  2803 V SettingsProvider: getSecureSetting(location_providers_allowed, 11)
04-23 09:34:35.502  2761  2803 V SettingsProvider: getSecureSetting(location_providers_allowed, 11)
04-23 09:34:35.797  2761  2803 V SettingsProvider: getSecureSetting(location_providers_allowed, 11)
04-23 09:34:35.798  2761  2803 V SettingsProvider: getSecureSetting(location_providers_allowed, 11)
04-23 09:34:36.097  2761  2803 V SettingsProvider: getSecureSetting(location_providers_allowed, 11)
04-23 09:34:36.100  2761  2803 V SettingsProvider: getSecureSetting(location_providers_allowed, 11)
04-23 09:34:36.399  2761  2803 V SettingsProvider: getSecureSetting(location_providers_allowed, 11)
04-23 09:34:36.403  2761  2803 V SettingsProvider: getSecureSetting(location_providers_allowed, 11)
04-23 09:34:36.696  2761  2803 V SettingsProvider: getSecureSetting(location_providers_allowed, 11)
04-23 09:34:36.707  2761  2803 V SettingsProvider: getSecureSetting(location_providers_allowed, 11)
04-23 09:34:36.997  2761  2803 V SettingsProvider: getSecureSetting(location_providers_allowed, 11)
04-23 09:34:36.998  2761  2803 V SettingsProvider: getSecureSetting(location_providers_allowed, 11)
04-23 09:34:37.297  2761  2803 V SettingsProvider: getSecureSetting(location_providers_allowed, 11)
04-23 09:34:37.303  2761  2803 V SettingsProvider: getSecureSetting(location_providers_allowed, 11)
04-23 09:34:37.597  2761  2803 V SettingsProvider: getSecureSetting(location_providers_allowed, 11)
04-23 09:34:37.602  2761  2803 V SettingsProvider: getSecureSetting(location_providers_allowed, 11)
04-23 09:34:37.897  2761  2803 V SettingsProvider: getSecureSetting(location_providers_allowed, 11)
04-23 09:34:37.902  2761  2803 V SettingsProvider: getSecureSetting(location_providers_allowed, 11)
04-23 09:34:38.197  2761  2803 V SettingsProvider: getSecureSetting(location_providers_allowed, 11)
04-23 09:34:38.198  2761  2803 V SettingsProvider: getSecureSetting(location_providers_allowed, 11)
04-23 09:34:38.498  2761  2803 V SettingsProvider: getSecureSetting(location_providers_allowed, 11)
04-23 09:34:38.502  2761  2803 V SettingsProvider: getSecureSetting(location_providers_allowed, 11)
04-23 09:34:38.797  2761  2803 V SettingsProvider: getSecureSetting(location_providers_allowed, 11)
04-23 09:34:38.802  2761  2803 V SettingsProvider: getSecureSetting(location_providers_allowed, 11)
04-23 09:34:39.097  2761  2803 V SettingsProvider: getSecureSetting(location_providers_allowed, 11)
04-23 09:34:39.102  2761  2803 V SettingsProvider: getSecureSetting(location_providers_allowed, 11)
04-23 09:34:39.397  2761  2803 V SettingsProvider: getSecureSetting(location_providers_allowed, 11)
04-23 09:34:39.405  2761  2803 V SettingsProvider: getSecureSetting(location_providers_allowed, 11)
04-23 09:34:39.697  2761  2803 V SettingsProvider: getSecureSetting(location_providers_allowed, 11)
04-23 09:34:39.705  2761  2803 V SettingsProvider: getSecureSetting(location_providers_allowed, 11)
04-23 09:34:39.997  2761  2803 V SettingsProvider: getSecureSetting(location_providers_allowed, 11)
04-23 09:34:40.002  2761  2803 V SettingsProvider: getSecureSetting(location_providers_allowed, 11)
04-23 09:34:40.297  2761  2803 V SettingsProvider: getSecureSetting(location_providers_allowed, 11)
04-23 09:34:40.301  2761  2803 V SettingsProvider: getSecureSetting(location_providers_allowed, 11)
04-23 09:34:40.597  2761  2803 V SettingsProvider: getSecureSetting(location_providers_allowed, 11)
04-23 09:34:40.599  2761  2803 V SettingsProvider: getSecureSetting(location_providers_allowed, 11)
04-23 09:34:40.897  2761  2803 V SettingsProvider: getSecureSetting(location_providers_allowed, 11)
04-23 09:34:40.903  2761  2803 V SettingsProvider: getSecureSetting(location_providers_allowed, 11)
04-23 09:34:41.197  2761  2803 V SettingsProvider: getSecureSetting(location_providers_allowed, 11)
04-23 09:34:41.205  2761  2803 V SettingsProvider: getSecureSetting(location_providers_allowed, 11)
04-23 09:34:41.246  3113  3206 D a       : Enter CommunicationThread constructor
04-23 09:34:41.247  3113  3206 D e       : si=216055
04-23 09:34:41.247  3113  3206 D e       : server socket
04-23 09:34:41.247  3113  1290 D a       : dispatcher run
04-23 09:34:41.247  3113  1290 D a       : ci=0
04-23 09:34:41.248  3113  1290 D a       : line read: SETM
04-23 09:34:41.248  3113  1290 D k       : GMSecureTimeHandler resp: 000fSETM1556026481
04-23 09:34:41.248  3113  1290 D a       : ci=1
04-23 09:34:41.248  3113  1290 D a       : line read: null
04-23 09:34:41.248  3113  1290 D a       : exit loop
04-23 09:34:41.248  3113  1290 D a       : Enter closeSocket
04-23 09:34:41.248  3113  1290 D a       : dispatcher end of run
04-23 09:34:41.251  3113  3206 D a       : Enter CommunicationThread constructor
04-23 09:34:41.252  3113  3206 D e       : si=216056
04-23 09:34:41.252  3113  3206 D e       : server socket
04-23 09:34:41.252  3113  1291 D a       : dispatcher run
04-23 09:34:41.252  3113  1291 D a       : ci=0
04-23 09:34:41.252  3113  1291 D a       : line read: CL01
04-23 09:34:41.253  3113  1291 D i       : CalibrationManager getExpirationEnforcement ret=true
04-23 09:34:41.253  3113  1291 D i       : GMExpirationEnforcementHandler resp: 0005CL011
04-23 09:34:41.253  3113  1291 D a       : ci=1
04-23 09:34:41.253  3113  1291 D a       : line read: null
04-23 09:34:41.253  3113  1291 D a       : exit loop
04-23 09:34:41.253  3113  1291 D a       : Enter closeSocket
04-23 09:34:41.253  3113  1291 D a       : dispatcher end of run
04-23 09:34:41.256  3113  3206 D a       : Enter CommunicationThread constructor
04-23 09:34:41.257  3113  3206 D e       : si=216057
04-23 09:34:41.257  3113  3206 D e       : server socket
04-23 09:34:41.257  3113  1292 D a       : dispatcher run
04-23 09:34:41.257  3113  1292 D a       : ci=0
04-23 09:34:41.257  3113  1292 D a       : line read: CL01
04-23 09:34:41.258  3113  1292 D i       : CalibrationManager getExpirationEnforcement ret=true
04-23 09:34:41.258  3113  1292 D i       : GMExpirationEnforcementHandler resp: 0005CL011
04-23 09:34:41.258  3113  1292 D a       : ci=1
04-23 09:34:41.258  3113  1292 D a       : line read: null
04-23 09:34:41.258  3113  1292 D a       : exit loop
04-23 09:34:41.258  3113  1292 D a       : Enter closeSocket
04-23 09:34:41.258  3113  1292 D a       : dispatcher end of run
04-23 09:34:41.260  3113  3206 D a       : Enter CommunicationThread constructor
04-23 09:34:41.260  3113  3206 D e       : si=216058
04-23 09:34:41.260  3113  3206 D e       : server socket
04-23 09:34:41.261  3113  1293 D a       : dispatcher run
04-23 09:34:41.261  3113  1293 D a       : ci=0
04-23 09:34:41.261  3113  1293 D a       : line read: SETM
04-23 09:34:41.261  3113  1293 D k       : GMSecureTimeHandler resp: 000fSETM1556026481
04-23 09:34:41.261  3113  1293 D a       : ci=1
04-23 09:34:41.262  3113  1293 D a       : line read: null
04-23 09:34:41.262  3113  1293 D a       : exit loop
04-23 09:34:41.262  3113  1293 D a       : Enter closeSocket
04-23 09:34:41.262  3113  1293 D a       : dispatcher end of run
04-23 09:34:41.264  3113  3206 D a       : Enter CommunicationThread constructor
04-23 09:34:41.264  3113  3206 D e       : si=216059
04-23 09:34:41.264  3113  3206 D e       : server socket
04-23 09:34:41.264  3113  1294 D a       : dispatcher run
04-23 09:34:41.264  3113  1294 D a       : ci=0
04-23 09:34:41.265  3113  1294 D a       : line read: CL02
04-23 09:34:41.265  3113  1294 D j       : CalibrationManager getOcspCheckFrequency ret=900
04-23 09:34:41.265  3113  1294 D j       : GMOcspCheckFrequencyHandler resp: 0008CL02900
04-23 09:34:41.265  3113  1294 D a       : ci=1
04-23 09:34:41.265  3113  1294 D a       : line read: null
04-23 09:34:41.265  3113  1294 D a       : exit loop
04-23 09:34:41.265  3113  1294 D a       : Enter closeSocket
04-23 09:34:41.266  3113  1294 D a       : dispatcher end of run
04-23 09:34:41.266  3113  3206 D a       : Enter CommunicationThread constructor
04-23 09:34:41.266  3113  3206 D e       : si=216060
04-23 09:34:41.266  3113  3206 D e       : server socket
04-23 09:34:41.267  3113  1295 D a       : dispatcher run
04-23 09:34:41.267  3113  1295 D a       : ci=0
04-23 09:34:41.267  3113  1295 D a       : line read: CL01
04-23 09:34:41.267  3113  1295 D i       : CalibrationManager getExpirationEnforcement ret=true
04-23 09:34:41.267  3113  1295 D i       : GMExpirationEnforcementHandler resp: 0005CL011
04-23 09:34:41.267  3113  1295 D a       : ci=1
04-23 09:34:41.268  3113  1295 D a       : line read: null
04-23 09:34:41.268  3113  1295 D a       : exit loop
04-23 09:34:41.268  3113  1295 D a       : Enter closeSocket
04-23 09:34:41.268  3113  1295 D a       : dispatcher end of run
04-23 09:34:41.497  2761  2803 V SettingsProvider: getSecureSetting(location_providers_allowed, 11)
04-23 09:34:41.514  2761  2803 V SettingsProvider: getSecureSetting(location_providers_allowed, 11)
04-23 09:34:41.797  2761  2803 V SettingsProvider: getSecureSetting(location_providers_allowed, 11)
04-23 09:34:41.813  2761  2803 V SettingsProvider: getSecureSetting(location_providers_allowed, 11)
04-23 09:34:42.097  2761  2803 V SettingsProvider: getSecureSetting(location_providers_allowed, 11)
04-23 09:34:42.102  2761  2803 V SettingsProvider: getSecureSetting(location_providers_allowed, 11)
04-23 09:34:42.235  2950  3102 I TcpInternetManager: handle msg: EVENT_TCP_STATUS_CHECK 
04-23 09:34:42.236  2950  3102 D TcpInternetManager: TCP network state: signal strength=1  network state=0
04-23 09:34:42.236  2950  3102 D TcpInternetManager: checkTcpNetwork: TCP network ok
04-23 09:34:42.398  2761  2803 V SettingsProvider: getSecureSetting(location_providers_allowed, 11)
04-23 09:34:42.407  2761  2803 V SettingsProvider: getSecureSetting(location_providers_allowed, 11)
