04-23 09:32:19.887  2761  2803 V SettingsProvider: getSecureSetting(location_providers_allowed, 11)
04-23 09:32:19.892  2761  2803 V SettingsProvider: getSecureSetting(location_providers_allowed, 11)
04-23 09:32:20.187  2761  2803 V SettingsProvider: getSecureSetting(location_providers_allowed, 11)
04-23 09:32:20.191  2761  2803 V SettingsProvider: getSecureSetting(location_providers_allowed, 11)
04-23 09:32:20.487  2761  2803 V SettingsProvider: getSecureSetting(location_providers_allowed, 11)
04-23 09:32:20.497  2761  2803 V SettingsProvider: getSecureSetting(location_providers_allowed, 11)
04-23 09:32:20.787  2761  2803 V SettingsProvider: getSecureSetting(location_providers_allowed, 11)
04-23 09:32:20.797  2761  2803 V SettingsProvider: getSecureSetting(location_providers_allowed, 11)
04-23 09:32:21.086  2761  2803 V SettingsProvider: getSecureSetting(location_providers_allowed, 11)
04-23 09:32:21.087  2761  2803 V SettingsProvider: getSecureSetting(location_providers_allowed, 11)
04-23 09:32:21.387  2761  2803 V SettingsProvider: getSecureSetting(location_providers_allowed, 11)
04-23 09:32:21.397  2761  2803 V SettingsProvider: getSecureSetting(location_providers_allowed, 11)
04-23 09:32:21.689  2761  2803 V SettingsProvider: getSecureSetting(location_providers_allowed, 11)
04-23 09:32:21.691  2761  2803 V SettingsProvider: getSecureSetting(location_providers_allowed, 11)
04-23 09:32:21.987  2761  2803 V SettingsProvider: getSecureSetting(location_providers_allowed, 11)
04-23 09:32:21.991  2761  2803 V SettingsProvider: getSecureSetting(location_providers_allowed, 11)
04-23 09:32:22.092  2950  3102 I TcpInternetManager: handle msg: EVENT_TCP_STATUS_CHECK 
04-23 09:32:22.093  2950  3102 D TcpInternetManager: TCP network state: signal strength=1  network state=0
04-23 09:32:22.093  2950  3102 D TcpInternetManager: checkTcpNetwork: TCP network ok
04-23 09:32:22.290  2761  2803 V SettingsProvider: getSecureSetting(location_providers_allowed, 11)
04-23 09:32:22.293  2761  2803 V SettingsProvider: getSecureSetting(location_providers_allowed, 11)
04-23 09:32:22.587  2761  2803 V SettingsProvider: getSecureSetting(location_providers_allowed, 11)
04-23 09:32:22.593  2761  2803 V SettingsProvider: getSecureSetting(location_providers_allowed, 11)
04-23 09:32:22.887  2761  2803 V SettingsProvider: getSecureSetting(location_providers_allowed, 11)
04-23 09:32:22.892  2761  2803 V SettingsProvider: getSecureSetting(location_providers_allowed, 11)
04-23 09:32:22.916  2761  4575 V SettingsProvider: getSystemSetting(outgoing_phone_address, -3)
04-23 09:32:22.918  2761  4896 V SettingsProvider: getSystemSetting(outgoing_phone_address, -3)
04-23 09:32:23.189  2761  2803 V SettingsProvider: getSecureSetting(location_providers_allowed, 11)
04-23 09:32:23.191  2761  2803 V SettingsProvider: getSecureSetting(location_providers_allowed, 11)
04-23 09:32:23.487  2761  2803 V SettingsProvider: getSecureSetting(location_providers_allowed, 11)
04-23 09:32:23.494  2761  2803 V SettingsProvider: getSecureSetting(location_providers_allowed, 11)
04-23 09:32:23.789  2761  2803 V SettingsProvider: getSecureSetting(location_providers_allowed, 11)
04-23 09:32:23.795  2761  2803 V SettingsProvider: getSecureSetting(location_providers_allowed, 11)
04-23 09:32:24.087  2761  2803 V SettingsProvider: getSecureSetting(location_providers_allowed, 11)
04-23 09:32:24.092  2761  2803 V SettingsProvider: getSecureSetting(location_providers_allowed, 11)
04-23 09:32:24.389  2761  2803 V SettingsProvider: getSecureSetting(location_providers_allowed, 11)
04-23 09:32:24.404  2761  2803 V SettingsProvider: getSecureSetting(location_providers_allowed, 11)
04-23 09:32:24.687  2761  2803 V SettingsProvider: getSecureSetting(location_providers_allowed, 11)
04-23 09:32:24.690  2761  2803 V SettingsProvider: getSecureSetting(location_providers_allowed, 11)
04-23 09:32:24.990  2761  2803 V SettingsProvider: getSecureSetting(location_providers_allowed, 11)
04-23 09:32:24.996  2761  2803 V SettingsProvider: getSecureSetting(location_providers_allowed, 11)
04-23 09:32:25.287  2761  2803 V SettingsProvider: getSecureSetting(location_providers_allowed, 11)
04-23 09:32:25.294  2761  2803 V SettingsProvider: getSecureSetting(location_providers_allowed, 11)
04-23 09:32:25.587  2761  2803 V SettingsProvider: getSecureSetting(location_providers_allowed, 11)
04-23 09:32:25.593  2761  2803 V SettingsProvider: getSecureSetting(location_providers_allowed, 11)
04-23 09:32:25.889  2761  2803 V SettingsProvider: getSecureSetting(location_providers_allowed, 11)
04-23 09:32:25.894  2761  2803 V SettingsProvider: getSecureSetting(location_providers_allowed, 11)
04-23 09:32:25.906  2761  4896 V SettingsProvider: getSystemSetting(outgoing_phone_address, -3)
04-23 09:32:25.914  2761  2976 V SettingsProvider: getSystemSetting(outgoing_phone_address, -3)
04-23 09:32:26.187  2761  2803 V SettingsProvider: getSecureSetting(location_providers_allowed, 11)
04-23 09:32:26.194  2761  2803 V SettingsProvider: getSecureSetting(location_providers_allowed, 11)
04-23 09:32:26.489  2761  2803 V SettingsProvider: getSecureSetting(location_providers_allowed, 11)
04-23 09:32:26.490  2761  2803 V SettingsProvider: getSecureSetting(location_providers_allowed, 11)
04-23 09:32:26.789  2761  2803 V SettingsProvider: getSecureSetting(location_providers_allowed, 11)
04-23 09:32:26.790  2761  2803 V SettingsProvider: getSecureSetting(location_providers_allowed, 11)
04-23 09:32:27.087  2761  2803 V SettingsProvider: getSecureSetting(location_providers_allowed, 11)
04-23 09:32:27.094  2761  2803 V SettingsProvider: getSecureSetting(location_providers_allowed, 11)
04-23 09:32:27.389  2761  2803 V SettingsProvider: getSecureSetting(location_providers_allowed, 11)
04-23 09:32:27.394  2761  2803 V SettingsProvider: getSecureSetting(location_providers_allowed, 11)
04-23 09:32:27.689  2761  2803 V SettingsProvider: getSecureSetting(location_providers_allowed, 11)
04-23 09:32:27.692  2761  2803 V SettingsProvider: getSecureSetting(location_providers_allowed, 11)
04-23 09:32:27.987  2761  2803 V SettingsProvider: getSecureSetting(location_providers_allowed, 11)
04-23 09:32:27.992  2761  2803 V SettingsProvider: getSecureSetting(location_providers_allowed, 11)
04-23 09:32:28.291  2761  2803 V SettingsProvider: getSecureSetting(location_providers_allowed, 11)
04-23 09:32:28.294  2761  2803 V SettingsProvider: getSecureSetting(location_providers_allowed, 11)
04-23 09:32:28.589  2761  2803 V SettingsProvider: getSecureSetting(location_providers_allowed, 11)
04-23 09:32:28.594  2761  2803 V SettingsProvider: getSecureSetting(location_providers_allowed, 11)
04-23 09:32:28.888  2761  2803 V SettingsProvider: getSecureSetting(location_providers_allowed, 11)
04-23 09:32:28.891  2761  2803 V SettingsProvider: getSecureSetting(location_providers_allowed, 11)
04-23 09:32:29.190  2761  2803 V SettingsProvider: getSecureSetting(location_providers_allowed, 11)
04-23 09:32:29.193  2761  2803 V SettingsProvider: getSecureSetting(location_providers_allowed, 11)
04-23 09:32:29.490  2761  2803 V SettingsProvider: getSecureSetting(location_providers_allowed, 11)
04-23 09:32:29.493  2761  2803 V SettingsProvider: getSecureSetting(location_providers_allowed, 11)
04-23 09:32:29.789  2761  2803 V SettingsProvider: getSecureSetting(location_providers_allowed, 11)
04-23 09:32:29.796  2761  2803 V SettingsProvider: getSecureSetting(location_providers_allowed, 11)
04-23 09:32:30.089  2761  2803 V SettingsProvider: getSecureSetting(location_providers_allowed, 11)
04-23 09:32:30.094  2761  2803 V SettingsProvider: getSecureSetting(location_providers_allowed, 11)
04-23 09:32:30.389  2761  2803 V SettingsProvider: getSecureSetting(location_providers_allowed, 11)
04-23 09:32:30.390  2761  2803 V SettingsProvider: getSecureSetting(location_providers_allowed, 11)
04-23 09:32:30.689  2761  2803 V SettingsProvider: getSecureSetting(location_providers_allowed, 11)
04-23 09:32:30.695  2761  2803 V SettingsProvider: getSecureSetting(location_providers_allowed, 11)
04-23 09:32:30.988  2761  2803 V SettingsProvider: getSecureSetting(location_providers_allowed, 11)
04-23 09:32:31.020  2761  2803 V SettingsProvider: getSecureSetting(location_providers_allowed, 11)
04-23 09:32:31.289  2761  2803 V SettingsProvider: getSecureSetting(location_providers_allowed, 11)
04-23 09:32:31.290  2761  2803 V SettingsProvider: getSecureSetting(location_providers_allowed, 11)
04-23 09:32:31.590  2761  2803 V SettingsProvider: getSecureSetting(location_providers_allowed, 11)
04-23 09:32:31.595  2761  2803 V SettingsProvider: getSecureSetting(location_providers_allowed, 11)
04-23 09:32:31.888  2761  2803 V SettingsProvider: getSecureSetting(location_providers_allowed, 11)
04-23 09:32:31.890  2761  2803 V SettingsProvider: getSecureSetting(location_providers_allowed, 11)
04-23 09:32:32.188  2761  2803 V SettingsProvider: getSecureSetting(location_providers_allowed, 11)
04-23 09:32:32.189  2761  2803 V SettingsProvider: getSecureSetting(location_providers_allowed, 11)
04-23 09:32:32.489  2761  2803 V SettingsProvider: getSecureSetting(location_providers_allowed, 11)
04-23 09:32:32.491  2761  2803 V SettingsProvider: getSecureSetting(location_providers_allowed, 11)
04-23 09:32:32.525  2761  3009 D wifi    : command 'IFNAME=wlan0 BSS RANGE=0- MASK=0x29d87' returned 'id=1456
04-23 09:32:32.525  2761  3009 D wifi    : bssid=de:ef:ca:eb:46:66
04-23 09:32:32.525  2761  3009 D wifi    : freq=2437
04-23 09:32:32.525  2761  3009 D wifi    : level=-93
04-23 09:32:32.525  2761  3009 D wifi    : tsf=0000161003033104
04-23 09:32:32.525  2761  3009 D wifi    : ie=0008427269616e2d474d010882848b962430486c0301060504000200000706555320010b1e200100230214002a010432040c12186030140100000fac040100000fac040100000fac020c002d1aad011bffff0000000000000000000000000000000000000000003d16060815000000000000000000000000000000000000007f080400080000000040dd050016328000dd1e00904c0408bf0cb279810ffaff0000faff0000c0050006000000c3020002dd090010180201001c0000dd180050f2020101000003a4000027a4000042435e0062322f00dd1d00904c5c02010a000807010f0000000000010a010101010f0000000000
04-23 09:32:32.525  2761  3009 D wifi    : flags=[WPA2-PSK-CCMP][ESS]
04-23 09:32:32.525  2761  3009 D wifi    : ssid=Brian-GM
04-23 09:32:32.525  2761  3009 D wifi    : ====
04-23 09:32:32.525  2761  3009 D wifi    : id=1457
04-23 09:32:32.525  2761  3009 D wifi    : bssid=8e:45:00:b7:d0:4f
04-23 09:32:32.525  2761  3009 D wifi    : freq=2462
04-23 09:32:32.525  2761  3009 D wifi    : level=-91
04-23 09:32:32.525  2761  3009 D wifi    : tsf=0000160988024599
04-23 09:32:32.525  2761  3009 D wifi    : ie=0009416469746879612041010882848b962430486c03010b0504000200000706555320010b1e200100230214002a010032040c12186030140100000fac040100000fac040100000fac020c002d1aad011bffff0000000000000000000000000000000000000000003d160b0804000000000000000000000000000000000000007f080400080000000040d
04-23 09:32:32.529  2761  3009 D wifi    : command 'IFNAME=wlan0 STATUS-NO_EVENTS' returned 'wpa_state=SCANNING
04-23 09:32:32.529  2761  3009 D wifi    : p2p_device_address=76:6f:f7:93:0d:12
04-23 09:32:32.529  2761  3009 D wifi    : address=74:6f:f7:93:0d:12
04-23 09:32:32.529  2761  3009 D wifi    : uuid=f51b9279-2cd7-568a-9720-28fb062b004f
04-23 09:32:32.788  2761  2803 V SettingsProvider: getSecureSetting(location_providers_allowed, 11)
04-23 09:32:32.790  2761  2803 V SettingsProvider: getSecureSetting(location_providers_allowed, 11)
04-23 09:32:33.088  2761  2803 V SettingsProvider: getSecureSetting(location_providers_allowed, 11)
04-23 09:32:33.090  2761  2803 V SettingsProvider: getSecureSetting(location_providers_allowed, 11)
04-23 09:32:33.388  2761  2803 V SettingsProvider: getSecureSetting(location_providers_allowed, 11)
04-23 09:32:33.390  2761  2803 V SettingsProvider: getSecureSetting(location_providers_allowed, 11)
04-23 09:32:33.691  2761  2803 V SettingsProvider: getSecureSetting(location_providers_allowed, 11)
04-23 09:32:33.695  2761  2803 V SettingsProvider: getSecureSetting(location_providers_allowed, 11)
04-23 09:32:33.988  2761  2803 V SettingsProvider: getSecureSetting(location_providers_allowed, 11)
04-23 09:32:33.990  2761  2803 V SettingsProvider: getSecureSetting(location_providers_allowed, 11)
04-23 09:32:34.289  2761  2803 V SettingsProvider: getSecureSetting(location_providers_allowed, 11)
04-23 09:32:34.290  2761  2803 V SettingsProvider: getSecureSetting(location_providers_allowed, 11)
04-23 09:32:34.588  2761  2803 V SettingsProvider: getSecureSetting(location_providers_allowed, 11)
04-23 09:32:34.593  2761  2803 V SettingsProvider: getSecureSetting(location_providers_allowed, 11)
04-23 09:32:34.889  2761  2803 V SettingsProvider: getSecureSetting(location_providers_allowed, 11)
04-23 09:32:34.890  2761  2803 V SettingsProvider: getSecureSetting(location_providers_allowed, 11)
04-23 09:32:35.188  2761  2803 V SettingsProvider: getSecureSetting(location_providers_allowed, 11)
04-23 09:32:35.189  2761  2803 V SettingsProvider: getSecureSetting(location_providers_allowed, 11)
04-23 09:32:35.489  2761  2803 V SettingsProvider: getSecureSetting(location_providers_allowed, 11)
04-23 09:32:35.490  2761  2803 V SettingsProvider: getSecureSetting(location_providers_allowed, 11)
04-23 09:32:35.790  2761  2803 V SettingsProvider: getSecureSetting(location_providers_allowed, 11)
04-23 09:32:35.791  2761  2803 V SettingsProvider: getSecureSetting(location_providers_allowed, 11)
04-23 09:32:36.090  2761  2803 V SettingsProvider: getSecureSetting(location_providers_allowed, 11)
04-23 09:32:36.093  2761  2803 V SettingsProvider: getSecureSetting(location_providers_allowed, 11)
04-23 09:32:36.244  3113  3206 D a       : Enter CommunicationThread constructor
04-23 09:32:36.245  3113  3206 D e       : si=216022
04-23 09:32:36.245  3113  3206 D e       : server socket
04-23 09:32:36.245  3113 32133 D a       : dispatcher run
04-23 09:32:36.245  3113 32133 D a       : ci=0
04-23 09:32:36.245  3113 32133 D a       : line read: SETM
04-23 09:32:36.245  3113 32133 D k       : GMSecureTimeHandler resp: 000fSETM1556026356
04-23 09:32:36.245  3113 32133 D a       : ci=1
04-23 09:32:36.246  3113 32133 D a       : line read: null
04-23 09:32:36.246  3113 32133 D a       : exit loop
04-23 09:32:36.246  3113 32133 D a       : Enter closeSocket
04-23 09:32:36.246  3113 32133 D a       : dispatcher end of run
04-23 09:32:36.249  3113  3206 D a       : Enter CommunicationThread constructor
04-23 09:32:36.249  3113  3206 D e       : si=216023
04-23 09:32:36.249  3113  3206 D e       : server socket
04-23 09:32:36.250  3113 32135 D a       : dispatcher run
04-23 09:32:36.250  3113 32135 D a       : ci=0
04-23 09:32:36.250  3113 32135 D a       : line read: CL01
04-23 09:32:36.250  3113 32135 D i       : CalibrationManager getExpirationEnforcement ret=true
04-23 09:32:36.251  3113 32135 D i       : GMExpirationEnforcementHandler resp: 0005CL011
04-23 09:32:36.251  3113 32135 D a       : ci=1
04-23 09:32:36.251  3113 32135 D a       : line read: null
04-23 09:32:36.251  3113 32135 D a       : exit loop
04-23 09:32:36.251  3113 32135 D a       : Enter closeSocket
04-23 09:32:36.251  3113 32135 D a       : dispatcher end of run
04-23 09:32:36.257  3113  3206 D a       : Enter CommunicationThread constructor
04-23 09:32:36.257  3113  3206 D e       : si=216024
04-23 09:32:36.257  3113  3206 D e       : server socket
04-23 09:32:36.257  3113 32136 D a       : dispatcher run
04-23 09:32:36.257  3113 32136 D a       : ci=0
04-23 09:32:36.258  3113 32136 D a       : line read: CL01
04-23 09:32:36.258  3113 32136 D i       : CalibrationManager getExpirationEnforcement ret=true
04-23 09:32:36.258  3113 32136 D i       : GMExpirationEnforcementHandler resp: 0005CL011
04-23 09:32:36.258  3113 32136 D a       : ci=1
04-23 09:32:36.258  3113 32136 D a       : line read: null
04-23 09:32:36.258  3113 32136 D a       : exit loop
04-23 09:32:36.258  3113 32136 D a       : Enter closeSocket
04-23 09:32:36.258  3113 32136 D a       : dispatcher end of run
04-23 09:32:36.260  3113  3206 D a       : Enter CommunicationThread constructor
04-23 09:32:36.261  3113  3206 D e       : si=216025
04-23 09:32:36.261  3113  3206 D e       : server socket
04-23 09:32:36.261  3113 32137 D a       : dispatcher run
04-23 09:32:36.261  3113 32137 D a       : ci=0
04-23 09:32:36.262  3113 32137 D a       : line read: SETM
04-23 09:32:36.262  3113 32137 D k       : GMSecureTimeHandler resp: 000fSETM1556026356
04-23 09:32:36.262  3113 32137 D a       : ci=1
04-23 09:32:36.262  3113 32137 D a       : line read: null
04-23 09:32:36.262  3113 32137 D a       : exit loop
04-23 09:32:36.262  3113 32137 D a       : Enter closeSocket
04-23 09:32:36.262  3113 32137 D a       : dispatcher end of run
04-23 09:32:36.265  3113  3206 D a       : Enter CommunicationThread constructor
04-23 09:32:36.265  3113  3206 D e       : si=216026
04-23 09:32:36.265  3113  3206 D e       : server socket
04-23 09:32:36.265  3113 32138 D a       : dispatcher run
04-23 09:32:36.265  3113 32138 D a       : ci=0
04-23 09:32:36.266  3113 32138 D a       : line read: CL02
04-23 09:32:36.266  3113 32138 D j       : CalibrationManager getOcspCheckFrequency ret=900
04-23 09:32:36.266  3113 32138 D j       : GMOcspCheckFrequencyHandler resp: 0008CL02900
04-23 09:32:36.266  3113 32138 D a       : ci=1
04-23 09:32:36.267  3113 32138 D a       : line read: null
04-23 09:32:36.267  3113 32138 D a       : exit loop
04-23 09:32:36.267  3113 32138 D a       : Enter closeSocket
04-23 09:32:36.267  3113 32138 D a       : dispatcher end of run
04-23 09:32:36.267  3113  3206 D a       : Enter CommunicationThread constructor
04-23 09:32:36.268  3113  3206 D e       : si=216027
04-23 09:32:36.268  3113  3206 D e       : server socket
04-23 09:32:36.268  3113 32139 D a       : dispatcher run
04-23 09:32:36.268  3113 32139 D a       : ci=0
04-23 09:32:36.269  3113 32139 D a       : line read: CL01
04-23 09:32:36.269  3113 32139 D i       : CalibrationManager getExpirationEnforcement ret=true
04-23 09:32:36.269  3113 32139 D i       : GMExpirationEnforcementHandler resp: 0005CL011
04-23 09:32:36.269  3113 32139 D a       : ci=1
04-23 09:32:36.269  3113 32139 D a       : line read: null
04-23 09:32:36.269  3113 32139 D a       : exit loop
04-23 09:32:36.269  3113 32139 D a       : Enter closeSocket
04-23 09:32:36.269  3113 32139 D a       : dispatcher end of run
04-23 09:32:36.389  2761  2803 V SettingsProvider: getSecureSetting(location_providers_allowed, 11)
04-23 09:32:36.391  2761  2803 V SettingsProvider: getSecureSetting(location_providers_allowed, 11)
04-23 09:32:36.689  2761  2803 V SettingsProvider: getSecureSetting(location_providers_allowed, 11)
04-23 09:32:36.690  2761  2803 V SettingsProvider: getSecureSetting(location_providers_allowed, 11)
04-23 09:32:36.989  2761  2803 V SettingsProvider: getSecureSetting(location_providers_allowed, 11)
04-23 09:32:36.994  2761  2803 V SettingsProvider: getSecureSetting(location_providers_allowed, 11)
04-23 09:32:37.290  2761  2803 V SettingsProvider: getSecureSetting(location_providers_allowed, 11)
04-23 09:32:37.291  2761  2803 V SettingsProvider: getSecureSetting(location_providers_allowed, 11)
04-23 09:32:37.590  2761  2803 V SettingsProvider: getSecureSetting(location_providers_allowed, 11)
04-23 09:32:37.592  2761  2803 V SettingsProvider: getSecureSetting(location_providers_allowed, 11)
04-23 09:32:37.890  2761  2803 V SettingsProvider: getSecureSetting(location_providers_allowed, 11)
04-23 09:32:37.891  2761  2803 V SettingsProvider: getSecureSetting(location_providers_allowed, 11)
04-23 09:32:38.189  2761  2803 V SettingsProvider: getSecureSetting(location_providers_allowed, 11)
04-23 09:32:38.190  2761  2803 V SettingsProvider: getSecureSetting(location_providers_allowed, 11)
04-23 09:32:38.489  2761  2803 V SettingsProvider: getSecureSetting(location_providers_allowed, 11)
04-23 09:32:38.496  2761  2803 V SettingsProvider: getSecureSetting(location_providers_allowed, 11)
04-23 09:32:38.790  2761  2803 V SettingsProvider: getSecureSetting(location_providers_allowed, 11)
04-23 09:32:38.791  2761  2803 V SettingsProvider: getSecureSetting(location_providers_allowed, 11)
04-23 09:32:39.090  2761  2803 V SettingsProvider: getSecureSetting(location_providers_allowed, 11)
04-23 09:32:39.091  2761  2803 V SettingsProvider: getSecureSetting(location_providers_allowed, 11)
04-23 09:32:39.389  2761  2803 V SettingsProvider: getSecureSetting(location_providers_allowed, 11)
04-23 09:32:39.391  2761  2803 V SettingsProvider: getSecureSetting(location_providers_allowed, 11)
04-23 09:32:39.689  2761  2803 V SettingsProvider: getSecureSetting(location_providers_allowed, 11)
04-23 09:32:39.691  2761  2803 V SettingsProvider: getSecureSetting(location_providers_allowed, 11)
04-23 09:32:39.990  2761  2803 V SettingsProvider: getSecureSetting(location_providers_allowed, 11)
04-23 09:32:39.993  2761  2803 V SettingsProvider: getSecureSetting(location_providers_allowed, 11)
04-23 09:32:40.290  2761  2803 V SettingsProvider: getSecureSetting(location_providers_allowed, 11)
04-23 09:32:40.293  2761  2803 V SettingsProvider: getSecureSetting(location_providers_allowed, 11)
04-23 09:32:40.590  2761  2803 V SettingsProvider: getSecureSetting(location_providers_allowed, 11)
04-23 09:32:40.591  2761  2803 V SettingsProvider: getSecureSetting(location_providers_allowed, 11)
04-23 09:32:40.906  2761  2803 V SettingsProvider: getSecureSetting(location_providers_allowed, 11)
04-23 09:32:40.908  2761  2803 V SettingsProvider: getSecureSetting(location_providers_allowed, 11)
04-23 09:32:41.190  2761  2803 V SettingsProvider: getSecureSetting(location_providers_allowed, 11)
04-23 09:32:41.191  2761  2803 V SettingsProvider: getSecureSetting(location_providers_allowed, 11)
04-23 09:32:41.489  2761  2803 V SettingsProvider: getSecureSetting(location_providers_allowed, 11)
04-23 09:32:41.493  2761  2803 V SettingsProvider: getSecureSetting(location_providers_allowed, 11)
04-23 09:32:41.789  2761  2803 V SettingsProvider: getSecureSetting(location_providers_allowed, 11)
04-23 09:32:41.790  2761  2803 V SettingsProvider: getSecureSetting(location_providers_allowed, 11)
04-23 09:32:42.090  2761  2803 V SettingsProvider: getSecureSetting(location_providers_allowed, 11)
04-23 09:32:42.093  2761  2803 V SettingsProvider: getSecureSetting(location_providers_allowed, 11)
04-23 09:32:42.112  2950  3102 I TcpInternetManager: handle msg: EVENT_TCP_STATUS_CHECK 
04-23 09:32:42.113  2950  3102 D TcpInternetManager: TCP network state: signal strength=1  network state=0
04-23 09:32:42.113  2950  3102 D TcpInternetManager: checkTcpNetwork: TCP network ok
04-23 09:32:42.389  2761  2803 V SettingsProvider: getSecureSetting(location_providers_allowed, 11)
04-23 09:32:42.391  2761  2803 V SettingsProvider: getSecureSetting(location_providers_allowed, 11)
04-23 09:32:42.690  2761  2803 V SettingsProvider: getSecureSetting(location_providers_allowed, 11)
04-23 09:32:42.692  2761  2803 V SettingsProvider: getSecureSetting(location_providers_allowed, 11)
04-23 09:32:42.989  2761  2803 V SettingsProvider: getSecureSetting(location_providers_allowed, 11)
04-23 09:32:42.990  2761  2803 V SettingsProvider: getSecureSetting(location_providers_allowed, 11)
04-23 09:32:43.290  2761  2803 V SettingsProvider: getSecureSetting(location_providers_allowed, 11)
04-23 09:32:43.291  2761  2803 V SettingsProvider: getSecureSetting(location_providers_allowed, 11)
04-23 09:32:43.591  2761  2803 V SettingsProvider: getSecureSetting(location_providers_allowed, 11)
04-23 09:32:43.592  2761  2803 V SettingsProvider: getSecureSetting(location_providers_allowed, 11)
04-23 09:32:43.891  2761  2803 V SettingsProvider: getSecureSetting(location_providers_allowed, 11)
04-23 09:32:43.893  2761  2803 V SettingsProvider: getSecureSetting(location_providers_allowed, 11)
04-23 09:32:44.190  2761  2803 V SettingsProvider: getSecureSetting(location_providers_allowed, 11)
04-23 09:32:44.194  2761  2803 V SettingsProvider: getSecureSetting(location_providers_allowed, 11)
04-23 09:32:44.490  2761  2803 V SettingsProvider: getSecureSetting(location_providers_allowed, 11)
04-23 09:32:44.491  2761  2803 V SettingsProvider: getSecureSetting(location_providers_allowed, 11)
04-23 09:32:44.791  2761  2803 V SettingsProvider: getSecureSetting(location_providers_allowed, 11)
04-23 09:32:44.793  2761  2803 V SettingsProvider: getSecureSetting(location_providers_allowed, 11)
04-23 09:32:45.091  2761  2803 V SettingsProvider: getSecureSetting(location_providers_allowed, 11)
04-23 09:32:45.092  2761  2803 V SettingsProvider: getSecureSetting(location_providers_allowed, 11)
04-23 09:32:45.391  2761  2803 V SettingsProvider: getSecureSetting(location_providers_allowed, 11)
04-23 09:32:45.391  2761  2803 V SettingsProvider: getSecureSetting(location_providers_allowed, 11)
04-23 09:32:45.691  2761  2803 V SettingsProvider: getSecureSetting(location_providers_allowed, 11)
04-23 09:32:45.697  2761  2803 V SettingsProvider: getSecureSetting(location_providers_allowed, 11)
04-23 09:32:45.991  2761  2803 V SettingsProvider: getSecureSetting(location_providers_allowed, 11)
04-23 09:32:45.995  2761  2803 V SettingsProvider: getSecureSetting(location_providers_allowed, 11)
04-23 09:32:46.291  2761  2803 V SettingsProvider: getSecureSetting(location_providers_allowed, 11)
04-23 09:32:46.294  2761  2803 V SettingsProvider: getSecureSetting(location_providers_allowed, 11)
04-23 09:32:46.591  2761  2803 V SettingsProvider: getSecureSetting(location_providers_allowed, 11)
04-23 09:32:46.601  2761  2803 V SettingsProvider: getSecureSetting(location_providers_allowed, 11)
04-23 09:32:46.891  2761  2803 V SettingsProvider: getSecureSetting(location_providers_allowed, 11)
04-23 09:32:46.894  2761  2803 V SettingsProvider: getSecureSetting(location_providers_allowed, 11)
04-23 09:32:47.193  2761  2803 V SettingsProvider: getSecureSetting(location_providers_allowed, 11)
04-23 09:32:47.194  2761  2803 V SettingsProvider: getSecureSetting(location_providers_allowed, 11)
04-23 09:32:47.491  2761  2803 V SettingsProvider: getSecureSetting(location_providers_allowed, 11)
04-23 09:32:47.491  2761  2803 V SettingsProvider: getSecureSetting(location_providers_allowed, 11)
04-23 09:32:47.537  2761  3009 D wifi    : command 'IFNAME=wlan0 BSS RANGE=0- MASK=0x29d87' returned 'id=1456
04-23 09:32:47.537  2761  3009 D wifi    : bssid=de:ef:ca:eb:46:66
04-23 09:32:47.537  2761  3009 D wifi    : freq=2437
04-23 09:32:47.537  2761  3009 D wifi    : level=-96
04-23 09:32:47.537  2761  3009 D wifi    : tsf=0000161018046120
04-23 09:32:47.537  2761  3009 D wifi    : ie=0008427269616e2d474d010882848b962430486c0301060504000200000706555320010b1e200100230214002a010432040c12186030140100000fac040100000fac040100000fac020c002d1aad011bffff0000000000000000000000000000000000000000003d16060815000000000000000000000000000000000000007f080400080000000040dd050016328000dd1e00904c0408bf0cb279810ffaff0000faff0000c0050006000000c3020002dd090010180201001c0000dd180050f2020101000003a4000027a4000042435e0062322f00dd1d00904c5c02010a000807010f0000000000010a010101010f0000000000
04-23 09:32:47.537  2761  3009 D wifi    : flags=[WPA2-PSK-CCMP][ESS]
04-23 09:32:47.537  2761  3009 D wifi    : ssid=Brian-GM
04-23 09:32:47.537  2761  3009 D wifi    : ====
04-23 09:32:47.537  2761  3009 D wifi    : id=1457
04-23 09:32:47.537  2761  3009 D wifi    : bssid=8e:45:00:b7:d0:4f
04-23 09:32:47.537  2761  3009 D wifi    : freq=2462
04-23 09:32:47.537  2761  3009 D wifi    : level=-89
04-23 09:32:47.537  2761  3009 D wifi    : tsf=0000161018046121
04-23 09:32:47.537  2761  3009 D wifi    : ie=0009416469746879612041010882848b962430486c03010b0504010200000706555320010b1e200100230214002a010032040c12186030140100000fac040100000fac040100000fac020c002d1aad011bffff0000000000000000000000000000000000000000003d160b0804000000000000000000000000000000000000007f080400080000000040d
04-23 09:32:47.539  2761  3009 D wifi    : command 'IFNAME=wlan0 STATUS-NO_EVENTS' returned 'wpa_state=SCANNING
04-23 09:32:47.539  2761  3009 D wifi    : p2p_device_address=76:6f:f7:93:0d:12
04-23 09:32:47.539  2761  3009 D wifi    : address=74:6f:f7:93:0d:12
04-23 09:32:47.539  2761  3009 D wifi    : uuid=f51b9279-2cd7-568a-9720-28fb062b004f
04-23 09:32:47.790  2761  2803 V SettingsProvider: getSecureSetting(location_providers_allowed, 11)
04-23 09:32:47.795  2761  2803 V SettingsProvider: getSecureSetting(location_providers_allowed, 11)
04-23 09:32:48.090  2761  2803 V SettingsProvider: getSecureSetting(location_providers_allowed, 11)
04-23 09:32:48.093  2761  2803 V SettingsProvider: getSecureSetting(location_providers_allowed, 11)
04-23 09:32:48.390  2761  2803 V SettingsProvider: getSecureSetting(location_providers_allowed, 11)
04-23 09:32:48.396  2761  2803 V SettingsProvider: getSecureSetting(location_providers_allowed, 11)
04-23 09:32:48.691  2761  2803 V SettingsProvider: getSecureSetting(location_providers_allowed, 11)
04-23 09:32:48.699  2761  2803 V SettingsProvider: getSecureSetting(location_providers_allowed, 11)
04-23 09:32:48.990  2761  2803 V SettingsProvider: getSecureSetting(location_providers_allowed, 11)
04-23 09:32:48.993  2761  2803 V SettingsProvider: getSecureSetting(location_providers_allowed, 11)
04-23 09:32:49.290  2761  2803 V SettingsProvider: getSecureSetting(location_providers_allowed, 11)
04-23 09:32:49.293  2761  2803 V SettingsProvider: getSecureSetting(location_providers_allowed, 11)
04-23 09:32:49.590  2761  2803 V SettingsProvider: getSecureSetting(location_providers_allowed, 11)
04-23 09:32:49.597  2761  2803 V SettingsProvider: getSecureSetting(location_providers_allowed, 11)
04-23 09:32:49.891  2761  2803 V SettingsProvider: getSecureSetting(location_providers_allowed, 11)
04-23 09:32:49.895  2761  2803 V SettingsProvider: getSecureSetting(location_providers_allowed, 11)
04-23 09:32:50.191  2761  2803 V SettingsProvider: getSecureSetting(location_providers_allowed, 11)
04-23 09:32:50.195  2761  2803 V SettingsProvider: getSecureSetting(location_providers_allowed, 11)
04-23 09:32:50.491  2761  2803 V SettingsProvider: getSecureSetting(location_providers_allowed, 11)
04-23 09:32:50.497  2761  2803 V SettingsProvider: getSecureSetting(location_providers_allowed, 11)
04-23 09:32:50.792  2761  2803 V SettingsProvider: getSecureSetting(location_providers_allowed, 11)
04-23 09:32:50.797  2761  2803 V SettingsProvider: getSecureSetting(location_providers_allowed, 11)
04-23 09:32:51.090  2761  2803 V SettingsProvider: getSecureSetting(location_providers_allowed, 11)
04-23 09:32:51.094  2761  2803 V SettingsProvider: getSecureSetting(location_providers_allowed, 11)
04-23 09:32:51.393  2761  2803 V SettingsProvider: getSecureSetting(location_providers_allowed, 11)
04-23 09:32:51.402  2761  2803 V SettingsProvider: getSecureSetting(location_providers_allowed, 11)
04-23 09:32:51.691  2761  2803 V SettingsProvider: getSecureSetting(location_providers_allowed, 11)
04-23 09:32:51.693  2761  2803 V SettingsProvider: getSecureSetting(location_providers_allowed, 11)
04-23 09:32:51.991  2761  2803 V SettingsProvider: getSecureSetting(location_providers_allowed, 11)
04-23 09:32:51.994  2761  2803 V SettingsProvider: getSecureSetting(location_providers_allowed, 11)
04-23 09:32:52.291  2761  2803 V SettingsProvider: getSecureSetting(location_providers_allowed, 11)
04-23 09:32:52.293  2761  2803 V SettingsProvider: getSecureSetting(location_providers_allowed, 11)
04-23 09:32:52.591  2761  2803 V SettingsProvider: getSecureSetting(location_providers_allowed, 11)
04-23 09:32:52.595  2761  2803 V SettingsProvider: getSecureSetting(location_providers_allowed, 11)
04-23 09:32:52.891  2761  2803 V SettingsProvider: getSecureSetting(location_providers_allowed, 11)
04-23 09:32:52.894  2761  2803 V SettingsProvider: getSecureSetting(location_providers_allowed, 11)
04-23 09:32:53.191  2761  2803 V SettingsProvider: getSecureSetting(location_providers_allowed, 11)
04-23 09:32:53.195  2761  2803 V SettingsProvider: getSecureSetting(location_providers_allowed, 11)
04-23 09:32:53.491  2761  2803 V SettingsProvider: getSecureSetting(location_providers_allowed, 11)
04-23 09:32:53.494  2761  2803 V SettingsProvider: getSecureSetting(location_providers_allowed, 11)
04-23 09:32:53.793  2761  2803 V SettingsProvider: getSecureSetting(location_providers_allowed, 11)
04-23 09:32:53.800  2761  2803 V SettingsProvider: getSecureSetting(location_providers_allowed, 11)
04-23 09:32:54.091  2761  2803 V SettingsProvider: getSecureSetting(location_providers_allowed, 11)
04-23 09:32:54.094  2761  2803 V SettingsProvider: getSecureSetting(location_providers_allowed, 11)
04-23 09:32:54.391  2761  2803 V SettingsProvider: getSecureSetting(location_providers_allowed, 11)
04-23 09:32:54.393  2761  2803 V SettingsProvider: getSecureSetting(location_providers_allowed, 11)
04-23 09:32:54.691  2761  2803 V SettingsProvider: getSecureSetting(location_providers_allowed, 11)
04-23 09:32:54.694  2761  2803 V SettingsProvider: getSecureSetting(location_providers_allowed, 11)
04-23 09:32:54.991  2761  2803 V SettingsProvider: getSecureSetting(location_providers_allowed, 11)
04-23 09:32:54.997  2761  2803 V SettingsProvider: getSecureSetting(location_providers_allowed, 11)
04-23 09:32:55.291  2761  2803 V SettingsProvider: getSecureSetting(location_providers_allowed, 11)
04-23 09:32:55.294  2761  2803 V SettingsProvider: getSecureSetting(location_providers_allowed, 11)
04-23 09:32:55.591  2761  2803 V SettingsProvider: getSecureSetting(location_providers_allowed, 11)
04-23 09:32:55.594  2761  2803 V SettingsProvider: getSecureSetting(location_providers_allowed, 11)
04-23 09:32:55.891  2761  2803 V SettingsProvider: getSecureSetting(location_providers_allowed, 11)
04-23 09:32:55.897  2761  2803 V SettingsProvider: getSecureSetting(location_providers_allowed, 11)
04-23 09:32:56.191  2761  2803 V SettingsProvider: getSecureSetting(location_providers_allowed, 11)
04-23 09:32:56.193  2761  2803 V SettingsProvider: getSecureSetting(location_providers_allowed, 11)
04-23 09:32:56.491  2761  2803 V SettingsProvider: getSecureSetting(location_providers_allowed, 11)
04-23 09:32:56.494  2761  2803 V SettingsProvider: getSecureSetting(location_providers_allowed, 11)
04-23 09:32:56.791  2761  2803 V SettingsProvider: getSecureSetting(location_providers_allowed, 11)
04-23 09:32:56.794  2761  2803 V SettingsProvider: getSecureSetting(location_providers_allowed, 11)
04-23 09:32:57.091  2761  2803 V SettingsProvider: getSecureSetting(location_providers_allowed, 11)
04-23 09:32:57.095  2761  2803 V SettingsProvider: getSecureSetting(location_providers_allowed, 11)
04-23 09:32:57.391  2761  2803 V SettingsProvider: getSecureSetting(location_providers_allowed, 11)
04-23 09:32:57.394  2761  2803 V SettingsProvider: getSecureSetting(location_providers_allowed, 11)
04-23 09:32:57.693  2761  2803 V SettingsProvider: getSecureSetting(location_providers_allowed, 11)
04-23 09:32:57.705  2761  2803 V SettingsProvider: getSecureSetting(location_providers_allowed, 11)
04-23 09:32:57.993  2761  2803 V SettingsProvider: getSecureSetting(location_providers_allowed, 11)
04-23 09:32:57.996  2761  2803 V SettingsProvider: getSecureSetting(location_providers_allowed, 11)
04-23 09:32:58.293  2761  2803 V SettingsProvider: getSecureSetting(location_providers_allowed, 11)
04-23 09:32:58.294  2761  2803 V SettingsProvider: getSecureSetting(location_providers_allowed, 11)
04-23 09:32:58.592  2761  2803 V SettingsProvider: getSecureSetting(location_providers_allowed, 11)
04-23 09:32:58.593  2761  2803 V SettingsProvider: getSecureSetting(location_providers_allowed, 11)
04-23 09:32:58.892  2761  2803 V SettingsProvider: getSecureSetting(location_providers_allowed, 11)
04-23 09:32:58.894  2761  2803 V SettingsProvider: getSecureSetting(location_providers_allowed, 11)
04-23 09:32:59.193  2761  2803 V SettingsProvider: getSecureSetting(location_providers_allowed, 11)
04-23 09:32:59.194  2761  2803 V SettingsProvider: getSecureSetting(location_providers_allowed, 11)
04-23 09:32:59.492  2761  2803 V SettingsProvider: getSecureSetting(location_providers_allowed, 11)
04-23 09:32:59.494  2761  2803 V SettingsProvider: getSecureSetting(location_providers_allowed, 11)
04-23 09:32:59.793  2761  2803 V SettingsProvider: getSecureSetting(location_providers_allowed, 11)
04-23 09:32:59.813  2761  2803 V SettingsProvider: getSecureSetting(location_providers_allowed, 11)
04-23 09:33:00.001  2761  2804 V BroadcastQueue: Submitting BROADCAST_TIMEOUT_MSG [foreground] for BroadcastRecord{17b3fe0 u-1 android.intent.action.TIME_TICK} at 161040513
04-23 09:33:00.001  2761  2804 V BroadcastQueue: Delivering ordered [foreground] to registered BroadcastFilter{dab2464 u0 ReceiverList{fa8cdf7 2761 system/1000/u0 local:8a1a5f6}}: BroadcastRecord{17b3fe0 u-1 android.intent.action.TIME_TICK}
04-23 09:33:00.001  2761  2761 V BroadcastQueue: Delivering ordered [foreground] to registered BroadcastFilter{dfa144a u-1 ReceiverList{63b95b5 3399 com.android.systemui/10025/u-1 remote:a33ddec}}: BroadcastRecord{17b3fe0 u-1 android.intent.action.TIME_TICK}
04-23 09:33:00.092  2761  2803 V SettingsProvider: getSecureSetting(location_providers_allowed, 11)
04-23 09:33:00.093  2761  2803 V SettingsProvider: getSecureSetting(location_providers_allowed, 11)
04-23 09:33:00.392  2761  2803 V SettingsProvider: getSecureSetting(location_providers_allowed, 11)
04-23 09:33:00.394  2761  2803 V SettingsProvider: getSecureSetting(location_providers_allowed, 11)
04-23 09:33:00.693  2761  2803 V SettingsProvider: getSecureSetting(location_providers_allowed, 11)
04-23 09:33:00.696  2761  2803 V SettingsProvider: getSecureSetting(location_providers_allowed, 11)
04-23 09:33:00.993  2761  2803 V SettingsProvider: getSecureSetting(location_providers_allowed, 11)
04-23 09:33:00.995  2761  2803 V SettingsProvider: getSecureSetting(location_providers_allowed, 11)
04-23 09:33:01.293  2761  2803 V SettingsProvider: getSecureSetting(location_providers_allowed, 11)
04-23 09:33:01.294  2761  2803 V SettingsProvider: getSecureSetting(location_providers_allowed, 11)
04-23 09:33:01.593  2761  2803 V SettingsProvider: getSecureSetting(location_providers_allowed, 11)
04-23 09:33:01.597  2761  2803 V SettingsProvider: getSecureSetting(location_providers_allowed, 11)
04-23 09:33:01.893  2761  2803 V SettingsProvider: getSecureSetting(location_providers_allowed, 11)
04-23 09:33:01.897  2761  2803 V SettingsProvider: getSecureSetting(location_providers_allowed, 11)
04-23 09:33:02.133  2950  3102 I TcpInternetManager: handle msg: EVENT_TCP_STATUS_CHECK 
04-23 09:33:02.134  2950  3102 D TcpInternetManager: TCP network state: signal strength=1  network state=0
04-23 09:33:02.134  2950  3102 D TcpInternetManager: checkTcpNetwork: TCP network ok
04-23 09:33:02.193  2761  2803 V SettingsProvider: getSecureSetting(location_providers_allowed, 11)
04-23 09:33:02.194  2761  2803 V SettingsProvider: getSecureSetting(location_providers_allowed, 11)
04-23 09:33:02.492  2761  2803 V SettingsProvider: getSecureSetting(location_providers_allowed, 11)
04-23 09:33:02.497  2761  2803 V SettingsProvider: getSecureSetting(location_providers_allowed, 11)
04-23 09:33:02.553  2761  3009 D wifi    : command 'IFNAME=wlan0 BSS RANGE=0- MASK=0x29d87' returned 'id=1456
04-23 09:33:02.553  2761  3009 D wifi    : bssid=de:ef:ca:eb:46:66
04-23 09:33:02.553  2761  3009 D wifi    : freq=2437
04-23 09:33:02.553  2761  3009 D wifi    : level=-93
04-23 09:33:02.553  2761  3009 D wifi    : tsf=0000161033061188
04-23 09:33:02.553  2761  3009 D wifi    : ie=0008427269616e2d474d010882848b962430486c0301060504000200000706555320010b1e200100230214002a010432040c12186030140100000fac040100000fac040100000fac020c002d1aad011bffff0000000000000000000000000000000000000000003d16060815000000000000000000000000000000000000007f080400080000000040dd050016328000dd1e00904c0408bf0cb279810ffaff0000faff0000c0050006000000c3020002dd090010180201001c0000dd180050f2020101000003a4000027a4000042435e0062322f00dd1d00904c5c02010a000807010f0000000000010a010101010f0000000000
04-23 09:33:02.553  2761  3009 D wifi    : flags=[WPA2-PSK-CCMP][ESS]
04-23 09:33:02.553  2761  3009 D wifi    : ssid=Brian-GM
04-23 09:33:02.553  2761  3009 D wifi    : ====
04-23 09:33:02.553  2761  3009 D wifi    : id=1457
04-23 09:33:02.553  2761  3009 D wifi    : bssid=8e:45:00:b7:d0:4f
04-23 09:33:02.553  2761  3009 D wifi    : freq=2462
04-23 09:33:02.553  2761  3009 D wifi    : level=-88
04-23 09:33:02.553  2761  3009 D wifi    : tsf=0000161033061192
04-23 09:33:02.553  2761  3009 D wifi    : ie=0009416469746879612041010882848b962430486c03010b0504010200000706555320010b1e200100230214002a010032040c12186030140100000fac040100000fac040100000fac020c002d1aad011bffff0000000000000000000000000000000000000000003d160b0804000000000000000000000000000000000000007f080400080000000040d
04-23 09:33:02.556  2761  3009 D wifi    : command 'IFNAME=wlan0 STATUS-NO_EVENTS' returned 'wpa_state=SCANNING
04-23 09:33:02.556  2761  3009 D wifi    : p2p_device_address=76:6f:f7:93:0d:12
04-23 09:33:02.556  2761  3009 D wifi    : address=74:6f:f7:93:0d:12
04-23 09:33:02.556  2761  3009 D wifi    : uuid=f51b9279-2cd7-568a-9720-28fb062b004f
04-23 09:33:02.793  2761  2803 V SettingsProvider: getSecureSetting(location_providers_allowed, 11)
04-23 09:33:02.794  2761  2803 V SettingsProvider: getSecureSetting(location_providers_allowed, 11)
04-23 09:33:03.093  2761  2803 V SettingsProvider: getSecureSetting(location_providers_allowed, 11)
04-23 09:33:03.097  2761  2803 V SettingsProvider: getSecureSetting(location_providers_allowed, 11)
04-23 09:33:03.393  2761  2803 V SettingsProvider: getSecureSetting(location_providers_allowed, 11)
04-23 09:33:03.394  2761  2803 V SettingsProvider: getSecureSetting(location_providers_allowed, 11)
04-23 09:33:03.693  2761  2803 V SettingsProvider: getSecureSetting(location_providers_allowed, 11)
04-23 09:33:03.693  2761  2803 V SettingsProvider: getSecureSetting(location_providers_allowed, 11)
04-23 09:33:03.993  2761  2803 V SettingsProvider: getSecureSetting(location_providers_allowed, 11)
04-23 09:33:03.995  2761  2803 V SettingsProvider: getSecureSetting(location_providers_allowed, 11)
04-23 09:33:04.293  2761  2803 V SettingsProvider: getSecureSetting(location_providers_allowed, 11)
04-23 09:33:04.297  2761  2803 V SettingsProvider: getSecureSetting(location_providers_allowed, 11)
04-23 09:33:04.594  2761  2803 V SettingsProvider: getSecureSetting(location_providers_allowed, 11)
04-23 09:33:04.596  2761  2803 V SettingsProvider: getSecureSetting(location_providers_allowed, 11)
04-23 09:33:04.894  2761  2803 V SettingsProvider: getSecureSetting(location_providers_allowed, 11)
04-23 09:33:04.895  2761  2803 V SettingsProvider: getSecureSetting(location_providers_allowed, 11)
04-23 09:33:05.195  2761  2803 V SettingsProvider: getSecureSetting(location_providers_allowed, 11)
04-23 09:33:05.197  2761  2803 V SettingsProvider: getSecureSetting(location_providers_allowed, 11)
04-23 09:33:05.493  2761  2803 V SettingsProvider: getSecureSetting(location_providers_allowed, 11)
04-23 09:33:05.494  2761  2803 V SettingsProvider: getSecureSetting(location_providers_allowed, 11)
04-23 09:33:05.794  2761  2803 V SettingsProvider: getSecureSetting(location_providers_allowed, 11)
04-23 09:33:05.802  2761  2803 V SettingsProvider: getSecureSetting(location_providers_allowed, 11)
04-23 09:33:06.094  2761  2803 V SettingsProvider: getSecureSetting(location_providers_allowed, 11)
04-23 09:33:06.099  2761  2803 V SettingsProvider: getSecureSetting(location_providers_allowed, 11)
04-23 09:33:06.393  2761  2803 V SettingsProvider: getSecureSetting(location_providers_allowed, 11)
04-23 09:33:06.394  2761  2803 V SettingsProvider: getSecureSetting(location_providers_allowed, 11)
04-23 09:33:06.694  2761  2803 V SettingsProvider: getSecureSetting(location_providers_allowed, 11)
04-23 09:33:06.695  2761  2803 V SettingsProvider: getSecureSetting(location_providers_allowed, 11)
04-23 09:33:06.994  2761  2803 V SettingsProvider: getSecureSetting(location_providers_allowed, 11)
04-23 09:33:06.997  2761  2803 V SettingsProvider: getSecureSetting(location_providers_allowed, 11)
04-23 09:33:07.293  2761  2803 V SettingsProvider: getSecureSetting(location_providers_allowed, 11)
04-23 09:33:07.295  2761  2803 V SettingsProvider: getSecureSetting(location_providers_allowed, 11)
04-23 09:33:07.594  2761  2803 V SettingsProvider: getSecureSetting(location_providers_allowed, 11)
04-23 09:33:07.599  2761  2803 V SettingsProvider: getSecureSetting(location_providers_allowed, 11)
04-23 09:33:07.894  2761  2803 V SettingsProvider: getSecureSetting(location_providers_allowed, 11)
04-23 09:33:07.898  2761  2803 V SettingsProvider: getSecureSetting(location_providers_allowed, 11)
04-23 09:33:08.196  2761  2803 V SettingsProvider: getSecureSetting(location_providers_allowed, 11)
04-23 09:33:08.199  2761  2803 V SettingsProvider: getSecureSetting(location_providers_allowed, 11)
04-23 09:33:08.493  2761  2803 V SettingsProvider: getSecureSetting(location_providers_allowed, 11)
04-23 09:33:08.495  2761  2803 V SettingsProvider: getSecureSetting(location_providers_allowed, 11)
04-23 09:33:08.793  2761  2803 V SettingsProvider: getSecureSetting(location_providers_allowed, 11)
04-23 09:33:08.795  2761  2803 V SettingsProvider: getSecureSetting(location_providers_allowed, 11)
04-23 09:33:09.093  2761  2803 V SettingsProvider: getSecureSetting(location_providers_allowed, 11)
04-23 09:33:09.108  2761  2803 V SettingsProvider: getSecureSetting(location_providers_allowed, 11)
04-23 09:33:09.393  2761  2803 V SettingsProvider: getSecureSetting(location_providers_allowed, 11)
04-23 09:33:09.397  2761  2803 V SettingsProvider: getSecureSetting(location_providers_allowed, 11)
04-23 09:33:09.693  2761  2803 V SettingsProvider: getSecureSetting(location_providers_allowed, 11)
04-23 09:33:09.695  2761  2803 V SettingsProvider: getSecureSetting(location_providers_allowed, 11)
04-23 09:33:09.993  2761  2803 V SettingsProvider: getSecureSetting(location_providers_allowed, 11)
04-23 09:33:09.997  2761  2803 V SettingsProvider: getSecureSetting(location_providers_allowed, 11)
04-23 09:33:10.293  2761  2803 V SettingsProvider: getSecureSetting(location_providers_allowed, 11)
04-23 09:33:10.298  2761  2803 V SettingsProvider: getSecureSetting(location_providers_allowed, 11)
04-23 09:33:10.593  2761  2803 V SettingsProvider: getSecureSetting(location_providers_allowed, 11)
04-23 09:33:10.598  2761  2803 V SettingsProvider: getSecureSetting(location_providers_allowed, 11)
04-23 09:33:10.894  2761  2803 V SettingsProvider: getSecureSetting(location_providers_allowed, 11)
04-23 09:33:10.896  2761  2803 V SettingsProvider: getSecureSetting(location_providers_allowed, 11)
04-23 09:33:11.193  2761  2803 V SettingsProvider: getSecureSetting(location_providers_allowed, 11)
04-23 09:33:11.197  2761  2803 V SettingsProvider: getSecureSetting(location_providers_allowed, 11)
04-23 09:33:11.493  2761  2803 V SettingsProvider: getSecureSetting(location_providers_allowed, 11)
04-23 09:33:11.495  2761  2803 V SettingsProvider: getSecureSetting(location_providers_allowed, 11)
04-23 09:33:11.793  2761  2803 V SettingsProvider: getSecureSetting(location_providers_allowed, 11)
04-23 09:33:11.795  2761  2803 V SettingsProvider: getSecureSetting(location_providers_allowed, 11)
04-23 09:33:12.094  2761  2803 V SettingsProvider: getSecureSetting(location_providers_allowed, 11)
04-23 09:33:12.098  2761  2803 V SettingsProvider: getSecureSetting(location_providers_allowed, 11)
04-23 09:33:12.394  2761  2803 V SettingsProvider: getSecureSetting(location_providers_allowed, 11)
04-23 09:33:12.401  2761  2803 V SettingsProvider: getSecureSetting(location_providers_allowed, 11)
04-23 09:33:12.694  2761  2803 V SettingsProvider: getSecureSetting(location_providers_allowed, 11)
04-23 09:33:12.697  2761  2803 V SettingsProvider: getSecureSetting(location_providers_allowed, 11)
04-23 09:33:12.994  2761  2803 V SettingsProvider: getSecureSetting(location_providers_allowed, 11)
04-23 09:33:13.001  2761  2803 V SettingsProvider: getSecureSetting(location_providers_allowed, 11)
04-23 09:33:13.294  2761  2803 V SettingsProvider: getSecureSetting(location_providers_allowed, 11)
04-23 09:33:13.297  2761  2803 V SettingsProvider: getSecureSetting(location_providers_allowed, 11)
04-23 09:33:13.594  2761  2803 V SettingsProvider: getSecureSetting(location_providers_allowed, 11)
04-23 09:33:13.598  2761  2803 V SettingsProvider: getSecureSetting(location_providers_allowed, 11)
04-23 09:33:13.894  2761  2803 V SettingsProvider: getSecureSetting(location_providers_allowed, 11)
04-23 09:33:13.896  2761  2803 V SettingsProvider: getSecureSetting(location_providers_allowed, 11)
04-23 09:33:13.932  2761  2977 V SettingsProvider: getSystemSetting(outgoing_phone_address, -3)
04-23 09:33:13.935  2761  4598 V SettingsProvider: getSystemSetting(outgoing_phone_address, -3)
04-23 09:33:14.194  2761  2803 V SettingsProvider: getSecureSetting(location_providers_allowed, 11)
04-23 09:33:14.195  2761  2803 V SettingsProvider: getSecureSetting(location_providers_allowed, 11)
04-23 09:33:14.495  2761  2803 V SettingsProvider: getSecureSetting(location_providers_allowed, 11)
04-23 09:33:14.498  2761  2803 V SettingsProvider: getSecureSetting(location_providers_allowed, 11)
04-23 09:33:14.794  2761  2803 V SettingsProvider: getSecureSetting(location_providers_allowed, 11)
04-23 09:33:14.795  2761  2803 V SettingsProvider: getSecureSetting(location_providers_allowed, 11)
04-23 09:33:15.094  2761  2803 V SettingsProvider: getSecureSetting(location_providers_allowed, 11)
04-23 09:33:15.103  2761  2803 V SettingsProvider: getSecureSetting(location_providers_allowed, 11)
