04-23 09:35:48.519  3113  2439 D a       : dispatcher run
04-23 09:35:48.519  3113  2439 D a       : ci=0
04-23 09:35:48.519  3113  2439 D a       : line read: SETM
04-23 09:35:48.520  3113  2439 D k       : GMSecureTimeHandler resp: 000fSETM1556026548
04-23 09:35:48.520  3113  2439 D a       : ci=1
04-23 09:35:48.520  3113  2439 D a       : line read: null
04-23 09:35:48.520  3113  2439 D a       : exit loop
04-23 09:35:48.520  3113  2439 D a       : Enter closeSocket
04-23 09:35:48.520  3113  2439 D a       : dispatcher end of run
04-23 09:35:48.524  3113  3206 D a       : Enter CommunicationThread constructor
04-23 09:35:48.525  3113  3206 D e       : si=216116
04-23 09:35:48.525  3113  3206 D e       : server socket
04-23 09:35:48.525  3113  2440 D a       : dispatcher run
04-23 09:35:48.525  3113  2440 D a       : ci=0
04-23 09:35:48.525  3113  2440 D a       : line read: CL01
04-23 09:35:48.526  3113  2440 D i       : CalibrationManager getExpirationEnforcement ret=true
04-23 09:35:48.526  3113  2440 D i       : GMExpirationEnforcementHandler resp: 0005CL011
04-23 09:35:48.526  3113  2440 D a       : ci=1
04-23 09:35:48.526  3113  2440 D a       : line read: null
04-23 09:35:48.526  3113  2440 D a       : exit loop
04-23 09:35:48.526  3113  2440 D a       : Enter closeSocket
04-23 09:35:48.526  3113  2440 D a       : dispatcher end of run
04-23 09:35:48.531  3113  3206 D a       : Enter CommunicationThread constructor
04-23 09:35:48.531  3113  3206 D e       : si=216117
04-23 09:35:48.531  3113  3206 D e       : server socket
04-23 09:35:48.532  3113  2441 D a       : dispatcher run
04-23 09:35:48.532  3113  2441 D a       : ci=0
04-23 09:35:48.532  3113  2441 D a       : line read: CL01
04-23 09:35:48.532  3113  2441 D i       : CalibrationManager getExpirationEnforcement ret=true
04-23 09:35:48.532  3113  2441 D i       : GMExpirationEnforcementHandler resp: 0005CL011
04-23 09:35:48.532  3113  2441 D a       : ci=1
04-23 09:35:48.533  3113  2441 D a       : line read: null
04-23 09:35:48.533  3113  2441 D a       : exit loop
04-23 09:35:48.533  3113  2441 D a       : Enter closeSocket
04-23 09:35:48.533  3113  2441 D a       : dispatcher end of run
04-23 09:35:48.534  3113  3206 D a       : Enter CommunicationThread constructor
04-23 09:35:48.535  3113  3206 D e       : si=216118
04-23 09:35:48.535  3113  3206 D e       : server socket
04-23 09:35:48.535  3113  2443 D a       : dispatcher run
04-23 09:35:48.535  3113  2443 D a       : ci=0
04-23 09:35:48.535  3113  2443 D a       : line read: SETM
04-23 09:35:48.535  3113  2443 D k       : GMSecureTimeHandler resp: 000fSETM1556026548
04-23 09:35:48.535  3113  2443 D a       : ci=1
04-23 09:35:48.536  3113  2443 D a       : line read: null
04-23 09:35:48.536  3113  2443 D a       : exit loop
04-23 09:35:48.536  3113  2443 D a       : Enter closeSocket
04-23 09:35:48.536  3113  2443 D a       : dispatcher end of run
04-23 09:35:48.538  3113  3206 D a       : Enter CommunicationThread constructor
04-23 09:35:48.538  3113  3206 D e       : si=216119
04-23 09:35:48.538  3113  3206 D e       : server socket
04-23 09:35:48.539  3113  2444 D a       : dispatcher run
04-23 09:35:48.539  3113  2444 D a       : ci=0
04-23 09:35:48.539  3113  2444 D a       : line read: CL02
04-23 09:35:48.539  3113  2444 D j       : CalibrationManager getOcspCheckFrequency ret=900
04-23 09:35:48.539  3113  2444 D j       : GMOcspCheckFrequencyHandler resp: 0008CL02900
04-23 09:35:48.539  3113  2444 D a       : ci=1
04-23 09:35:48.540  3113  2444 D a       : line read: null
04-23 09:35:48.540  3113  2444 D a       : exit loop
04-23 09:35:48.540  3113  2444 D a       : Enter closeSocket
04-23 09:35:48.540  3113  2444 D a       : dispatcher end of run
04-23 09:35:48.540  3113  3206 D a       : Enter CommunicationThread constructor
04-23 09:35:48.541  3113  3206 D e       : si=216120
04-23 09:35:48.541  3113  3206 D e       : server socket
04-23 09:35:48.541  3113  2445 D a       : dispatcher run
04-23 09:35:48.541  3113  2445 D a       : ci=0
04-23 09:35:48.541  3113  2445 D a       : line read: CL01
04-23 09:35:48.542  3113  2445 D i       : CalibrationManager getExpirationEnforcement ret=true
04-23 09:35:48.542  3113  2445 D i       : GMExpirationEnforcementHandler resp: 0005CL011
04-23 09:35:48.542  3113  2445 D a       : ci=1
04-23 09:35:48.542  3113  2445 D a       : line read: null
04-23 09:35:48.542  3113  2445 D a       : exit loop
04-23 09:35:48.542  3113  2445 D a       : Enter closeSocket
04-23 09:35:48.542  3113  2445 D a       : dispatcher end of run
04-23 09:35:48.696  2761  2803 V SettingsProvider: getSecureSetting(location_providers_allowed, 11)
04-23 09:35:48.701  2761  2803 V SettingsProvider: getSecureSetting(location_providers_allowed, 11)
04-23 09:35:49.009  2761  2803 V SettingsProvider: getSecureSetting(location_providers_allowed, 11)
04-23 09:35:49.010  2761  2803 V SettingsProvider: getSecureSetting(location_providers_allowed, 11)
04-23 09:35:49.296  2761  2803 V SettingsProvider: getSecureSetting(location_providers_allowed, 11)
04-23 09:35:49.298  2761  2803 V SettingsProvider: getSecureSetting(location_providers_allowed, 11)
04-23 09:35:49.596  2761  2803 V SettingsProvider: getSecureSetting(location_providers_allowed, 11)
04-23 09:35:49.602  2761  2803 V SettingsProvider: getSecureSetting(location_providers_allowed, 11)
04-23 09:35:49.897  2761  2803 V SettingsProvider: getSecureSetting(location_providers_allowed, 11)
04-23 09:35:49.898  2761  2803 V SettingsProvider: getSecureSetting(location_providers_allowed, 11)
04-23 09:35:50.196  2761  2803 V SettingsProvider: getSecureSetting(location_providers_allowed, 11)
04-23 09:35:50.200  2761  2803 V SettingsProvider: getSecureSetting(location_providers_allowed, 11)
04-23 09:35:50.497  2761  2803 V SettingsProvider: getSecureSetting(location_providers_allowed, 11)
04-23 09:35:50.503  2761  2803 V SettingsProvider: getSecureSetting(location_providers_allowed, 11)
04-23 09:35:50.796  2761  2803 V SettingsProvider: getSecureSetting(location_providers_allowed, 11)
04-23 09:35:50.799  2761  2803 V SettingsProvider: getSecureSetting(location_providers_allowed, 11)
04-23 09:35:51.096  2761  2803 V SettingsProvider: getSecureSetting(location_providers_allowed, 11)
04-23 09:35:51.098  2761  2803 V SettingsProvider: getSecureSetting(location_providers_allowed, 11)
04-23 09:35:51.396  2761  2803 V SettingsProvider: getSecureSetting(location_providers_allowed, 11)
04-23 09:35:51.398  2761  2803 V SettingsProvider: getSecureSetting(location_providers_allowed, 11)
04-23 09:35:51.698  2761  2803 V SettingsProvider: getSecureSetting(location_providers_allowed, 11)
04-23 09:35:51.702  2761  2803 V SettingsProvider: getSecureSetting(location_providers_allowed, 11)
04-23 09:35:51.996  2761  2803 V SettingsProvider: getSecureSetting(location_providers_allowed, 11)
04-23 09:35:51.999  2761  2803 V SettingsProvider: getSecureSetting(location_providers_allowed, 11)
04-23 09:35:52.279  3113  3206 D a       : Enter CommunicationThread constructor
04-23 09:35:52.279  3113  3206 D e       : si=216121
04-23 09:35:52.279  3113  3206 D e       : server socket
04-23 09:35:52.280  3113  2563 D a       : dispatcher run
04-23 09:35:52.280  3113  2563 D a       : ci=0
04-23 09:35:52.280  3113  2563 D a       : line read: SETM
04-23 09:35:52.281  3113  2563 D k       : GMSecureTimeHandler resp: 000fSETM1556026552
04-23 09:35:52.281  3113  2563 D a       : ci=1
04-23 09:35:52.284  3113  2563 D a       : line read: null
04-23 09:35:52.284  3113  2563 D a       : exit loop
04-23 09:35:52.284  3113  2563 D a       : Enter closeSocket
04-23 09:35:52.284  3113  2563 D a       : dispatcher end of run
04-23 09:35:52.292  3113  3206 D a       : Enter CommunicationThread constructor
04-23 09:35:52.293  3113  3206 D e       : si=216122
04-23 09:35:52.293  3113  3206 D e       : server socket
04-23 09:35:52.293  3113  2564 D a       : dispatcher run
04-23 09:35:52.293  3113  2564 D a       : ci=0
04-23 09:35:52.296  2761  2803 V SettingsProvider: getSecureSetting(location_providers_allowed, 11)
04-23 09:35:52.297  3113  2564 D a       : line read: CL01
04-23 09:35:52.298  3113  2564 D i       : CalibrationManager getExpirationEnforcement ret=true
04-23 09:35:52.298  3113  2564 D i       : GMExpirationEnforcementHandler resp: 0005CL011
04-23 09:35:52.298  3113  2564 D a       : ci=1
04-23 09:35:52.298  3113  2564 D a       : line read: null
04-23 09:35:52.298  3113  2564 D a       : exit loop
04-23 09:35:52.298  3113  2564 D a       : Enter closeSocket
04-23 09:35:52.299  3113  2564 D a       : dispatcher end of run
04-23 09:35:52.300  2761  2803 V SettingsProvider: getSecureSetting(location_providers_allowed, 11)
04-23 09:35:52.305  3113  3206 D a       : Enter CommunicationThread constructor
04-23 09:35:52.305  3113  3206 D e       : si=216123
04-23 09:35:52.305  3113  3206 D e       : server socket
04-23 09:35:52.306  3113  2568 D a       : dispatcher run
04-23 09:35:52.306  3113  2568 D a       : ci=0
04-23 09:35:52.306  3113  2568 D a       : line read: CL01
04-23 09:35:52.307  3113  2568 D i       : CalibrationManager getExpirationEnforcement ret=true
04-23 09:35:52.307  3113  2568 D i       : GMExpirationEnforcementHandler resp: 0005CL011
04-23 09:35:52.307  3113  2568 D a       : ci=1
04-23 09:35:52.307  3113  2568 D a       : line read: null
04-23 09:35:52.307  3113  2568 D a       : exit loop
04-23 09:35:52.307  3113  2568 D a       : Enter closeSocket
04-23 09:35:52.307  3113  2568 D a       : dispatcher end of run
04-23 09:35:52.309  3113  3206 D a       : Enter CommunicationThread constructor
04-23 09:35:52.310  3113  3206 D e       : si=216124
04-23 09:35:52.310  3113  3206 D e       : server socket
04-23 09:35:52.310  3113  2570 D a       : dispatcher run
04-23 09:35:52.310  3113  2570 D a       : ci=0
04-23 09:35:52.310  3113  2570 D a       : line read: SETM
04-23 09:35:52.310  3113  2570 D k       : GMSecureTimeHandler resp: 000fSETM1556026552
04-23 09:35:52.310  3113  2570 D a       : ci=1
04-23 09:35:52.310  3113  2570 D a       : line read: null
04-23 09:35:52.311  3113  2570 D a       : exit loop
04-23 09:35:52.311  3113  2570 D a       : Enter closeSocket
04-23 09:35:52.311  3113  2570 D a       : dispatcher end of run
04-23 09:35:52.312  3113  3206 D a       : Enter CommunicationThread constructor
04-23 09:35:52.313  3113  3206 D e       : si=216125
04-23 09:35:52.313  3113  3206 D e       : server socket
04-23 09:35:52.313  3113  2571 D a       : dispatcher run
04-23 09:35:52.313  3113  2571 D a       : ci=0
04-23 09:35:52.315  3113  2571 D a       : line read: CL02
04-23 09:35:52.315  3113  2571 D j       : CalibrationManager getOcspCheckFrequency ret=900
04-23 09:35:52.315  3113  2571 D j       : GMOcspCheckFrequencyHandler resp: 0008CL02900
04-23 09:35:52.315  3113  2571 D a       : ci=1
04-23 09:35:52.315  3113  2571 D a       : line read: null
04-23 09:35:52.315  3113  2571 D a       : exit loop
04-23 09:35:52.315  3113  2571 D a       : Enter closeSocket
04-23 09:35:52.316  3113  2571 D a       : dispatcher end of run
04-23 09:35:52.316  3113  3206 D a       : Enter CommunicationThread constructor
04-23 09:35:52.316  3113  3206 D e       : si=216126
04-23 09:35:52.316  3113  3206 D e       : server socket
04-23 09:35:52.317  3113  2572 D a       : dispatcher run
04-23 09:35:52.317  3113  2572 D a       : ci=0
04-23 09:35:52.317  3113  2572 D a       : line read: CL01
04-23 09:35:52.317  3113  2572 D i       : CalibrationManager getExpirationEnforcement ret=true
04-23 09:35:52.317  3113  2572 D i       : GMExpirationEnforcementHandler resp: 0005CL011
04-23 09:35:52.317  3113  2572 D a       : ci=1
04-23 09:35:52.318  3113  2572 D a       : line read: null
04-23 09:35:52.318  3113  2572 D a       : exit loop
04-23 09:35:52.318  3113  2572 D a       : Enter closeSocket
04-23 09:35:52.318  3113  2572 D a       : dispatcher end of run
04-23 09:35:52.596  2761  2803 V SettingsProvider: getSecureSetting(location_providers_allowed, 11)
04-23 09:35:52.601  2761  2803 V SettingsProvider: getSecureSetting(location_providers_allowed, 11)
04-23 09:35:52.896  2761  2803 V SettingsProvider: getSecureSetting(location_providers_allowed, 11)
04-23 09:35:52.898  2761  2803 V SettingsProvider: getSecureSetting(location_providers_allowed, 11)
04-23 09:35:53.031  2761  4575 V SettingsProvider: getSystemSetting(outgoing_phone_address, -3)
04-23 09:35:53.041  2761  4840 V SettingsProvider: getSystemSetting(outgoing_phone_address, -3)
04-23 09:35:53.197  2761  2803 V SettingsProvider: getSecureSetting(location_providers_allowed, 11)
04-23 09:35:53.199  2761  2803 V SettingsProvider: getSecureSetting(location_providers_allowed, 11)
04-23 09:35:53.497  2761  2803 V SettingsProvider: getSecureSetting(location_providers_allowed, 11)
04-23 09:35:53.500  2761  2803 V SettingsProvider: getSecureSetting(location_providers_allowed, 11)
04-23 09:35:53.798  2761  2803 V SettingsProvider: getSecureSetting(location_providers_allowed, 11)
04-23 09:35:53.800  2761  2803 V SettingsProvider: getSecureSetting(location_providers_allowed, 11)
04-23 09:35:54.097  2761  2803 V SettingsProvider: getSecureSetting(location_providers_allowed, 11)
04-23 09:35:54.099  2761  2803 V SettingsProvider: getSecureSetting(location_providers_allowed, 11)
04-23 09:35:54.397  2761  2803 V SettingsProvider: getSecureSetting(location_providers_allowed, 11)
04-23 09:35:54.406  2761  2803 V SettingsProvider: getSecureSetting(location_providers_allowed, 11)
04-23 09:35:54.697  2761  2803 V SettingsProvider: getSecureSetting(location_providers_allowed, 11)
04-23 09:35:54.698  2761  2803 V SettingsProvider: getSecureSetting(location_providers_allowed, 11)
04-23 09:35:54.998  2761  2803 V SettingsProvider: getSecureSetting(location_providers_allowed, 11)
04-23 09:35:55.000  2761  2803 V SettingsProvider: getSecureSetting(location_providers_allowed, 11)
04-23 09:35:55.298  2761  2803 V SettingsProvider: getSecureSetting(location_providers_allowed, 11)
04-23 09:35:55.304  2761  2803 V SettingsProvider: getSecureSetting(location_providers_allowed, 11)
04-23 09:35:55.597  2761  2803 V SettingsProvider: getSecureSetting(location_providers_allowed, 11)
04-23 09:35:55.601  2761  2803 V SettingsProvider: getSecureSetting(location_providers_allowed, 11)
04-23 09:35:55.898  2761  2803 V SettingsProvider: getSecureSetting(location_providers_allowed, 11)
04-23 09:35:55.903  2761  2803 V SettingsProvider: getSecureSetting(location_providers_allowed, 11)
04-23 09:35:55.954  2761  2984 V SettingsProvider: getSystemSetting(outgoing_phone_address, -3)
04-23 09:35:55.958  2761  2976 V SettingsProvider: getSystemSetting(outgoing_phone_address, -3)
04-23 09:35:56.197  2761  2803 V SettingsProvider: getSecureSetting(location_providers_allowed, 11)
04-23 09:35:56.200  2761  2803 V SettingsProvider: getSecureSetting(location_providers_allowed, 11)
04-23 09:35:56.498  2761  2803 V SettingsProvider: getSecureSetting(location_providers_allowed, 11)
04-23 09:35:56.505  2761  2803 V SettingsProvider: getSecureSetting(location_providers_allowed, 11)
04-23 09:35:56.797  2761  2803 V SettingsProvider: getSecureSetting(location_providers_allowed, 11)
04-23 09:35:56.807  2761  2803 V SettingsProvider: getSecureSetting(location_providers_allowed, 11)
04-23 09:35:57.098  2761  2803 V SettingsProvider: getSecureSetting(location_providers_allowed, 11)
04-23 09:35:57.102  2761  2803 V SettingsProvider: getSecureSetting(location_providers_allowed, 11)
04-23 09:35:57.399  2761  2803 V SettingsProvider: getSecureSetting(location_providers_allowed, 11)
04-23 09:35:57.409  2761  2803 V SettingsProvider: getSecureSetting(location_providers_allowed, 11)
04-23 09:35:57.698  2761  2803 V SettingsProvider: getSecureSetting(location_providers_allowed, 11)
04-23 09:35:57.707  2761  2803 V SettingsProvider: getSecureSetting(location_providers_allowed, 11)
04-23 09:35:57.997  2761  2803 V SettingsProvider: getSecureSetting(location_providers_allowed, 11)
04-23 09:35:58.005  2761  2803 V SettingsProvider: getSecureSetting(location_providers_allowed, 11)
04-23 09:35:58.298  2761  2803 V SettingsProvider: getSecureSetting(location_providers_allowed, 11)
04-23 09:35:58.302  2761  2803 V SettingsProvider: getSecureSetting(location_providers_allowed, 11)
04-23 09:35:58.597  2761  2803 V SettingsProvider: getSecureSetting(location_providers_allowed, 11)
04-23 09:35:58.602  2761  2803 V SettingsProvider: getSecureSetting(location_providers_allowed, 11)
04-23 09:35:58.897  2761  2803 V SettingsProvider: getSecureSetting(location_providers_allowed, 11)
04-23 09:35:58.899  2761  2803 V SettingsProvider: getSecureSetting(location_providers_allowed, 11)
04-23 09:35:59.197  2761  2803 V SettingsProvider: getSecureSetting(location_providers_allowed, 11)
04-23 09:35:59.199  2761  2803 V SettingsProvider: getSecureSetting(location_providers_allowed, 11)
04-23 09:35:59.497  2761  2803 V SettingsProvider: getSecureSetting(location_providers_allowed, 11)
04-23 09:35:59.498  2761  2803 V SettingsProvider: getSecureSetting(location_providers_allowed, 11)
04-23 09:35:59.797  2761  2803 V SettingsProvider: getSecureSetting(location_providers_allowed, 11)
04-23 09:35:59.807  2761  2803 V SettingsProvider: getSecureSetting(location_providers_allowed, 11)
04-23 09:36:00.001  2761  2804 V BroadcastQueue: Submitting BROADCAST_TIMEOUT_MSG [foreground] for BroadcastRecord{505dc1c u-1 android.intent.action.TIME_TICK} at 161220513
04-23 09:36:00.001  2761  2804 V BroadcastQueue: Delivering ordered [foreground] to registered BroadcastFilter{dab2464 u0 ReceiverList{fa8cdf7 2761 system/1000/u0 local:8a1a5f6}}: BroadcastRecord{505dc1c u-1 android.intent.action.TIME_TICK}
04-23 09:36:00.002  2761  2761 V BroadcastQueue: Delivering ordered [foreground] to registered BroadcastFilter{dfa144a u-1 ReceiverList{63b95b5 3399 com.android.systemui/10025/u-1 remote:a33ddec}}: BroadcastRecord{505dc1c u-1 android.intent.action.TIME_TICK}
04-23 09:36:00.097  2761  2803 V SettingsProvider: getSecureSetting(location_providers_allowed, 11)
04-23 09:36:00.099  2761  2803 V SettingsProvider: getSecureSetting(location_providers_allowed, 11)
04-23 09:36:00.397  2761  2803 V SettingsProvider: getSecureSetting(location_providers_allowed, 11)
04-23 09:36:00.401  2761  2803 V SettingsProvider: getSecureSetting(location_providers_allowed, 11)
04-23 09:36:00.698  2761  2803 V SettingsProvider: getSecureSetting(location_providers_allowed, 11)
04-23 09:36:00.707  2761  2803 V SettingsProvider: getSecureSetting(location_providers_allowed, 11)
04-23 09:36:00.998  2761  2803 V SettingsProvider: getSecureSetting(location_providers_allowed, 11)
04-23 09:36:01.000  2761  2803 V SettingsProvider: getSecureSetting(location_providers_allowed, 11)
04-23 09:36:01.298  2761  2803 V SettingsProvider: getSecureSetting(location_providers_allowed, 11)
04-23 09:36:01.303  2761  2803 V SettingsProvider: getSecureSetting(location_providers_allowed, 11)
04-23 09:36:01.598  2761  2803 V SettingsProvider: getSecureSetting(location_providers_allowed, 11)
04-23 09:36:01.605  2761  2803 V SettingsProvider: getSecureSetting(location_providers_allowed, 11)
04-23 09:36:01.898  2761  2803 V SettingsProvider: getSecureSetting(location_providers_allowed, 11)
04-23 09:36:01.903  2761  2803 V SettingsProvider: getSecureSetting(location_providers_allowed, 11)
04-23 09:36:02.052  2761  4658 V SettingsProvider: getSystemSetting(outgoing_phone_address, -3)
04-23 09:36:02.055  2761  2983 V SettingsProvider: getSystemSetting(outgoing_phone_address, -3)
04-23 09:36:02.198  2761  2803 V SettingsProvider: getSecureSetting(location_providers_allowed, 11)
04-23 09:36:02.199  2761  2803 V SettingsProvider: getSecureSetting(location_providers_allowed, 11)
04-23 09:36:02.315  2950  3102 I TcpInternetManager: handle msg: EVENT_TCP_STATUS_CHECK 
04-23 09:36:02.316  2950  3102 D TcpInternetManager: TCP network state: signal strength=2  network state=0
04-23 09:36:02.316  2950  3102 D TcpInternetManager: checkTcpNetwork: TCP network ok
04-23 09:36:02.498  2761  2803 V SettingsProvider: getSecureSetting(location_providers_allowed, 11)
04-23 09:36:02.500  2761  2803 V SettingsProvider: getSecureSetting(location_providers_allowed, 11)
04-23 09:36:02.703  2761  3009 D wifi    : command 'IFNAME=wlan0 BSS RANGE=0- MASK=0x29d87' returned 'id=1456
04-23 09:36:02.703  2761  3009 D wifi    : bssid=de:ef:ca:eb:46:66
04-23 09:36:02.703  2761  3009 D wifi    : freq=2437
04-23 09:36:02.703  2761  3009 D wifi    : level=-93
04-23 09:36:02.703  2761  3009 D wifi    : tsf=0000161213208786
04-23 09:36:02.703  2761  3009 D wifi    : ie=0008427269616e2d474d010882848b962430486c0301060504010200000706555320010b1e200100230214002a010432040c12186030140100000fac040100000fac040100000fac020c002d1aad011bffff0000000000000000000000000000000000000000003d16060815000000000000000000000000000000000000007f080400080000000040dd050016328000dd1e00904c0408bf0cb279810ffaff0000faff0000c0050006000000c3020002dd090010180201001c0000dd180050f2020101000003a4000027a4000042435e0062322f00dd1d00904c5c02010a000807010f0000000000010a010101010f0000000000
04-23 09:36:02.703  2761  3009 D wifi    : flags=[WPA2-PSK-CCMP][ESS]
04-23 09:36:02.703  2761  3009 D wifi    : ssid=Brian-GM
04-23 09:36:02.703  2761  3009 D wifi    : ====
04-23 09:36:02.703  2761  3009 D wifi    : id=1457
04-23 09:36:02.703  2761  3009 D wifi    : bssid=8e:45:00:b7:d0:4f
04-23 09:36:02.703  2761  3009 D wifi    : freq=2462
04-23 09:36:02.703  2761  3009 D wifi    : level=-88
04-23 09:36:02.703  2761  3009 D wifi    : tsf=0000161213208792
04-23 09:36:02.703  2761  3009 D wifi    : ie=0009416469746879612041010882848b962430486c03010b0504000200000706555320010b1e200100230214002a010032040c12186030140100000fac040100000fac040100000fac020c002d1aad011bffff0000000000000000000000000000000000000000003d160b0804000000000000000000000000000000000000007f080400080000000040d
04-23 09:36:02.707  2761  3009 D wifi    : command 'IFNAME=wlan0 STATUS-NO_EVENTS' returned 'wpa_state=SCANNING
04-23 09:36:02.707  2761  3009 D wifi    : p2p_device_address=76:6f:f7:93:0d:12
04-23 09:36:02.707  2761  3009 D wifi    : address=74:6f:f7:93:0d:12
04-23 09:36:02.707  2761  3009 D wifi    : uuid=f51b9279-2cd7-568a-9720-28fb062b004f
04-23 09:36:02.798  2761  2803 V SettingsProvider: getSecureSetting(location_providers_allowed, 11)
04-23 09:36:02.802  2761  2803 V SettingsProvider: getSecureSetting(location_providers_allowed, 11)
04-23 09:36:03.102  2761  2803 V SettingsProvider: getSecureSetting(location_providers_allowed, 11)
04-23 09:36:03.104  2761  2803 V SettingsProvider: getSecureSetting(location_providers_allowed, 11)
04-23 09:36:03.398  2761  2803 V SettingsProvider: getSecureSetting(location_providers_allowed, 11)
04-23 09:36:03.401  2761  2803 V SettingsProvider: getSecureSetting(location_providers_allowed, 11)
04-23 09:36:03.698  2761  2803 V SettingsProvider: getSecureSetting(location_providers_allowed, 11)
04-23 09:36:03.701  2761  2803 V SettingsProvider: getSecureSetting(location_providers_allowed, 11)
04-23 09:36:03.998  2761  2803 V SettingsProvider: getSecureSetting(location_providers_allowed, 11)
04-23 09:36:04.001  2761  2803 V SettingsProvider: getSecureSetting(location_providers_allowed, 11)
04-23 09:36:04.298  2761  2803 V SettingsProvider: getSecureSetting(location_providers_allowed, 11)
04-23 09:36:04.315  2761  2803 V SettingsProvider: getSecureSetting(location_providers_allowed, 11)
04-23 09:36:04.598  2761  2803 V SettingsProvider: getSecureSetting(location_providers_allowed, 11)
04-23 09:36:04.601  2761  2803 V SettingsProvider: getSecureSetting(location_providers_allowed, 11)
04-23 09:36:04.898  2761  2803 V SettingsProvider: getSecureSetting(location_providers_allowed, 11)
04-23 09:36:04.909  2761  2803 V SettingsProvider: getSecureSetting(location_providers_allowed, 11)
04-23 09:36:04.919  2761  3850 V SettingsProvider: getSystemSetting(outgoing_phone_address, -3)
04-23 09:36:04.922  2761  2976 V SettingsProvider: getSystemSetting(outgoing_phone_address, -3)
04-23 09:36:05.199  2761  2803 V SettingsProvider: getSecureSetting(location_providers_allowed, 11)
04-23 09:36:05.203  2761  2803 V SettingsProvider: getSecureSetting(location_providers_allowed, 11)
04-23 09:36:05.498  2761  2803 V SettingsProvider: getSecureSetting(location_providers_allowed, 11)
04-23 09:36:05.501  2761  2803 V SettingsProvider: getSecureSetting(location_providers_allowed, 11)
04-23 09:36:05.799  2761  2803 V SettingsProvider: getSecureSetting(location_providers_allowed, 11)
04-23 09:36:05.806  2761  2803 V SettingsProvider: getSecureSetting(location_providers_allowed, 11)
04-23 09:36:06.098  2761  2803 V SettingsProvider: getSecureSetting(location_providers_allowed, 11)
04-23 09:36:06.101  2761  2803 V SettingsProvider: getSecureSetting(location_providers_allowed, 11)
04-23 09:36:06.398  2761  2803 V SettingsProvider: getSecureSetting(location_providers_allowed, 11)
04-23 09:36:06.401  2761  2803 V SettingsProvider: getSecureSetting(location_providers_allowed, 11)
04-23 09:36:06.698  2761  2803 V SettingsProvider: getSecureSetting(location_providers_allowed, 11)
04-23 09:36:06.702  2761  2803 V SettingsProvider: getSecureSetting(location_providers_allowed, 11)
04-23 09:36:06.998  2761  2803 V SettingsProvider: getSecureSetting(location_providers_allowed, 11)
04-23 09:36:07.002  2761  2803 V SettingsProvider: getSecureSetting(location_providers_allowed, 11)
04-23 09:36:07.298  2761  2803 V SettingsProvider: getSecureSetting(location_providers_allowed, 11)
04-23 09:36:07.302  2761  2803 V SettingsProvider: getSecureSetting(location_providers_allowed, 11)
04-23 09:36:07.598  2761  2803 V SettingsProvider: getSecureSetting(location_providers_allowed, 11)
04-23 09:36:07.602  2761  2803 V SettingsProvider: getSecureSetting(location_providers_allowed, 11)
04-23 09:36:07.898  2761  2803 V SettingsProvider: getSecureSetting(location_providers_allowed, 11)
04-23 09:36:07.902  2761  2803 V SettingsProvider: getSecureSetting(location_providers_allowed, 11)
04-23 09:36:08.199  2761  2803 V SettingsProvider: getSecureSetting(location_providers_allowed, 11)
04-23 09:36:08.200  2761  2803 V SettingsProvider: getSecureSetting(location_providers_allowed, 11)
04-23 09:36:08.498  2761  2803 V SettingsProvider: getSecureSetting(location_providers_allowed, 11)
04-23 09:36:08.507  2761  2803 V SettingsProvider: getSecureSetting(location_providers_allowed, 11)
04-23 09:36:08.802  2761  2803 V SettingsProvider: getSecureSetting(location_providers_allowed, 11)
04-23 09:36:08.805  2761  2803 V SettingsProvider: getSecureSetting(location_providers_allowed, 11)
04-23 09:36:09.099  2761  2803 V SettingsProvider: getSecureSetting(location_providers_allowed, 11)
04-23 09:36:09.101  2761  2803 V SettingsProvider: getSecureSetting(location_providers_allowed, 11)
04-23 09:36:09.398  2761  2803 V SettingsProvider: getSecureSetting(location_providers_allowed, 11)
04-23 09:36:09.401  2761  2803 V SettingsProvider: getSecureSetting(location_providers_allowed, 11)
04-23 09:36:09.699  2761  2803 V SettingsProvider: getSecureSetting(location_providers_allowed, 11)
04-23 09:36:09.702  2761  2803 V SettingsProvider: getSecureSetting(location_providers_allowed, 11)
04-23 09:36:09.998  2761  2803 V SettingsProvider: getSecureSetting(location_providers_allowed, 11)
04-23 09:36:10.001  2761  2803 V SettingsProvider: getSecureSetting(location_providers_allowed, 11)
04-23 09:36:10.299  2761  2803 V SettingsProvider: getSecureSetting(location_providers_allowed, 11)
04-23 09:36:10.301  2761  2803 V SettingsProvider: getSecureSetting(location_providers_allowed, 11)
04-23 09:36:10.599  2761  2803 V SettingsProvider: getSecureSetting(location_providers_allowed, 11)
04-23 09:36:10.605  2761  2803 V SettingsProvider: getSecureSetting(location_providers_allowed, 11)
04-23 09:36:10.899  2761  2803 V SettingsProvider: getSecureSetting(location_providers_allowed, 11)
04-23 09:36:10.902  2761  2803 V SettingsProvider: getSecureSetting(location_providers_allowed, 11)
04-23 09:36:11.199  2761  2803 V SettingsProvider: getSecureSetting(location_providers_allowed, 11)
04-23 09:36:11.202  2761  2803 V SettingsProvider: getSecureSetting(location_providers_allowed, 11)
04-23 09:36:11.499  2761  2803 V SettingsProvider: getSecureSetting(location_providers_allowed, 11)
04-23 09:36:11.501  2761  2803 V SettingsProvider: getSecureSetting(location_providers_allowed, 11)
04-23 09:36:11.799  2761  2803 V SettingsProvider: getSecureSetting(location_providers_allowed, 11)
04-23 09:36:11.806  2761  2803 V SettingsProvider: getSecureSetting(location_providers_allowed, 11)
04-23 09:36:12.099  2761  2803 V SettingsProvider: getSecureSetting(location_providers_allowed, 11)
04-23 09:36:12.109  2761  2803 V SettingsProvider: getSecureSetting(location_providers_allowed, 11)
04-23 09:36:12.399  2761  2803 V SettingsProvider: getSecureSetting(location_providers_allowed, 11)
04-23 09:36:12.402  2761  2803 V SettingsProvider: getSecureSetting(location_providers_allowed, 11)
04-23 09:36:12.699  2761  2803 V SettingsProvider: getSecureSetting(location_providers_allowed, 11)
04-23 09:36:12.706  2761  2803 V SettingsProvider: getSecureSetting(location_providers_allowed, 11)
04-23 09:36:12.999  2761  2803 V SettingsProvider: getSecureSetting(location_providers_allowed, 11)
04-23 09:36:13.002  2761  2803 V SettingsProvider: getSecureSetting(location_providers_allowed, 11)
04-23 09:36:13.281  3113  3206 D a       : Enter CommunicationThread constructor
04-23 09:36:13.281  3113  3206 D e       : si=216127
04-23 09:36:13.281  3113  3206 D e       : server socket
04-23 09:36:13.282  3113  3046 D a       : dispatcher run
04-23 09:36:13.282  3113  3046 D a       : ci=0
04-23 09:36:13.282  3113  3046 D a       : line read: SETM
04-23 09:36:13.282  3113  3046 D k       : GMSecureTimeHandler resp: 000fSETM1556026573
04-23 09:36:13.282  3113  3046 D a       : ci=1
04-23 09:36:13.283  3113  3046 D a       : line read: null
04-23 09:36:13.283  3113  3046 D a       : exit loop
04-23 09:36:13.283  3113  3046 D a       : Enter closeSocket
04-23 09:36:13.283  3113  3046 D a       : dispatcher end of run
04-23 09:36:13.288  3113  3206 D a       : Enter CommunicationThread constructor
04-23 09:36:13.289  3113  3206 D e       : si=216128
04-23 09:36:13.289  3113  3206 D e       : server socket
04-23 09:36:13.289  3113  3047 D a       : dispatcher run
04-23 09:36:13.289  3113  3047 D a       : ci=0
04-23 09:36:13.290  3113  3047 D a       : line read: CL01
04-23 09:36:13.290  3113  3047 D i       : CalibrationManager getExpirationEnforcement ret=true
04-23 09:36:13.290  3113  3047 D i       : GMExpirationEnforcementHandler resp: 0005CL011
04-23 09:36:13.291  3113  3047 D a       : ci=1
04-23 09:36:13.291  3113  3047 D a       : line read: null
04-23 09:36:13.291  3113  3047 D a       : exit loop
04-23 09:36:13.291  3113  3047 D a       : Enter closeSocket
04-23 09:36:13.291  3113  3047 D a       : dispatcher end of run
04-23 09:36:13.297  3113  3206 D a       : Enter CommunicationThread constructor
04-23 09:36:13.297  3113  3206 D e       : si=216129
04-23 09:36:13.297  3113  3206 D e       : server socket
04-23 09:36:13.298  3113  3063 D a       : dispatcher run
04-23 09:36:13.298  3113  3063 D a       : ci=0
04-23 09:36:13.298  3113  3063 D a       : line read: CL01
04-23 09:36:13.299  2761  2803 V SettingsProvider: getSecureSetting(location_providers_allowed, 11)
04-23 09:36:13.299  3113  3063 D i       : CalibrationManager getExpirationEnforcement ret=true
04-23 09:36:13.299  3113  3063 D i       : GMExpirationEnforcementHandler resp: 0005CL011
04-23 09:36:13.299  3113  3063 D a       : ci=1
04-23 09:36:13.299  3113  3063 D a       : line read: null
04-23 09:36:13.299  3113  3063 D a       : exit loop
04-23 09:36:13.299  3113  3063 D a       : Enter closeSocket
04-23 09:36:13.300  3113  3063 D a       : dispatcher end of run
04-23 09:36:13.300  2761  2803 V SettingsProvider: getSecureSetting(location_providers_allowed, 11)
04-23 09:36:13.301  3113  3206 D a       : Enter CommunicationThread constructor
04-23 09:36:13.302  3113  3206 D e       : si=216130
04-23 09:36:13.302  3113  3206 D e       : server socket
04-23 09:36:13.302  3113  3064 D a       : dispatcher run
04-23 09:36:13.302  3113  3064 D a       : ci=0
04-23 09:36:13.302  3113  3064 D a       : line read: SETM
04-23 09:36:13.303  3113  3064 D k       : GMSecureTimeHandler resp: 000fSETM1556026573
04-23 09:36:13.303  3113  3064 D a       : ci=1
04-23 09:36:13.303  3113  3064 D a       : line read: null
04-23 09:36:13.303  3113  3064 D a       : exit loop
04-23 09:36:13.303  3113  3064 D a       : Enter closeSocket
04-23 09:36:13.303  3113  3064 D a       : dispatcher end of run
04-23 09:36:13.305  3113  3206 D a       : Enter CommunicationThread constructor
04-23 09:36:13.305  3113  3206 D e       : si=216131
04-23 09:36:13.305  3113  3206 D e       : server socket
04-23 09:36:13.306  3113  3065 D a       : dispatcher run
04-23 09:36:13.306  3113  3065 D a       : ci=0
04-23 09:36:13.306  3113  3065 D a       : line read: CL02
04-23 09:36:13.307  3113  3065 D j       : CalibrationManager getOcspCheckFrequency ret=900
04-23 09:36:13.307  3113  3065 D j       : GMOcspCheckFrequencyHandler resp: 0008CL02900
04-23 09:36:13.307  3113  3065 D a       : ci=1
04-23 09:36:13.307  3113  3065 D a       : line read: null
04-23 09:36:13.307  3113  3065 D a       : exit loop
04-23 09:36:13.307  3113  3065 D a       : Enter closeSocket
04-23 09:36:13.307  3113  3065 D a       : dispatcher end of run
04-23 09:36:13.308  3113  3206 D a       : Enter CommunicationThread constructor
04-23 09:36:13.308  3113  3206 D e       : si=216132
04-23 09:36:13.308  3113  3206 D e       : server socket
04-23 09:36:13.308  3113  3066 D a       : dispatcher run
04-23 09:36:13.308  3113  3066 D a       : ci=0
04-23 09:36:13.309  3113  3066 D a       : line read: CL01
04-23 09:36:13.309  3113  3066 D i       : CalibrationManager getExpirationEnforcement ret=true
04-23 09:36:13.309  3113  3066 D i       : GMExpirationEnforcementHandler resp: 0005CL011
04-23 09:36:13.309  3113  3066 D a       : ci=1
04-23 09:36:13.310  3113  3066 D a       : line read: null
04-23 09:36:13.310  3113  3066 D a       : exit loop
04-23 09:36:13.310  3113  3066 D a       : Enter closeSocket
04-23 09:36:13.310  3113  3066 D a       : dispatcher end of run
04-23 09:36:13.599  2761  2803 V SettingsProvider: getSecureSetting(location_providers_allowed, 11)
04-23 09:36:13.606  2761  2803 V SettingsProvider: getSecureSetting(location_providers_allowed, 11)
04-23 09:36:13.881  2761  2976 V SettingsProvider: getSystemSetting(outgoing_phone_address, -3)
04-23 09:36:13.885  2761  4874 V SettingsProvider: getSystemSetting(outgoing_phone_address, -3)
04-23 09:36:13.905  2761  2803 V SettingsProvider: getSecureSetting(location_providers_allowed, 11)
04-23 09:36:13.909  2761  2803 V SettingsProvider: getSecureSetting(location_providers_allowed, 11)
04-23 09:36:14.201  2761  2803 V SettingsProvider: getSecureSetting(location_providers_allowed, 11)
04-23 09:36:14.208  2761  2803 V SettingsProvider: getSecureSetting(location_providers_allowed, 11)
04-23 09:36:14.375  3113  3206 D a       : Enter CommunicationThread constructor
04-23 09:36:14.375  3113  3206 D e       : si=216133
04-23 09:36:14.375  3113  3206 D e       : server socket
04-23 09:36:14.376  3113  3129 D a       : dispatcher run
04-23 09:36:14.376  3113  3129 D a       : ci=0
04-23 09:36:14.376  3113  3129 D a       : line read: SETM
04-23 09:36:14.376  3113  3129 D k       : GMSecureTimeHandler resp: 000fSETM1556026574
04-23 09:36:14.376  3113  3129 D a       : ci=1
04-23 09:36:14.380  3113  3129 D a       : line read: null
04-23 09:36:14.380  3113  3129 D a       : exit loop
04-23 09:36:14.380  3113  3129 D a       : Enter closeSocket
04-23 09:36:14.380  3113  3129 D a       : dispatcher end of run
04-23 09:36:14.383  3113  3206 D a       : Enter CommunicationThread constructor
04-23 09:36:14.384  3113  3206 D e       : si=216134
04-23 09:36:14.384  3113  3206 D e       : server socket
04-23 09:36:14.384  3113  3132 D a       : dispatcher run
04-23 09:36:14.385  3113  3132 D a       : ci=0
04-23 09:36:14.385  3113  3132 D a       : line read: CL01
04-23 09:36:14.385  3113  3132 D i       : CalibrationManager getExpirationEnforcement ret=true
04-23 09:36:14.385  3113  3132 D i       : GMExpirationEnforcementHandler resp: 0005CL011
04-23 09:36:14.385  3113  3132 D a       : ci=1
04-23 09:36:14.386  3113  3132 D a       : line read: null
04-23 09:36:14.386  3113  3132 D a       : exit loop
04-23 09:36:14.386  3113  3132 D a       : Enter closeSocket
04-23 09:36:14.387  3113  3132 D a       : dispatcher end of run
04-23 09:36:14.391  3113  3206 D a       : Enter CommunicationThread constructor
04-23 09:36:14.392  3113  3206 D e       : si=216135
04-23 09:36:14.392  3113  3206 D e       : server socket
04-23 09:36:14.392  3113  3133 D a       : dispatcher run
04-23 09:36:14.393  3113  3133 D a       : ci=0
04-23 09:36:14.393  3113  3133 D a       : line read: CL01
04-23 09:36:14.393  3113  3133 D i       : CalibrationManager getExpirationEnforcement ret=true
04-23 09:36:14.393  3113  3133 D i       : GMExpirationEnforcementHandler resp: 0005CL011
04-23 09:36:14.393  3113  3133 D a       : ci=1
04-23 09:36:14.393  3113  3133 D a       : line read: null
04-23 09:36:14.393  3113  3133 D a       : exit loop
04-23 09:36:14.393  3113  3133 D a       : Enter closeSocket
04-23 09:36:14.394  3113  3133 D a       : dispatcher end of run
04-23 09:36:14.395  3113  3206 D a       : Enter CommunicationThread constructor
04-23 09:36:14.396  3113  3206 D e       : si=216136
04-23 09:36:14.396  3113  3206 D e       : server socket
04-23 09:36:14.397  3113  3135 D a       : dispatcher run
04-23 09:36:14.397  3113  3135 D a       : ci=0
04-23 09:36:14.397  3113  3135 D a       : line read: SETM
04-23 09:36:14.397  3113  3135 D k       : GMSecureTimeHandler resp: 000fSETM1556026574
04-23 09:36:14.397  3113  3135 D a       : ci=1
04-23 09:36:14.397  3113  3135 D a       : line read: null
04-23 09:36:14.397  3113  3135 D a       : exit loop
04-23 09:36:14.398  3113  3135 D a       : Enter closeSocket
04-23 09:36:14.398  3113  3135 D a       : dispatcher end of run
04-23 09:36:14.399  3113  3206 D a       : Enter CommunicationThread constructor
04-23 09:36:14.399  3113  3206 D e       : si=216137
04-23 09:36:14.399  3113  3206 D e       : server socket
04-23 09:36:14.400  3113  3136 D a       : dispatcher run
04-23 09:36:14.400  3113  3136 D a       : ci=0
04-23 09:36:14.401  3113  3136 D a       : line read: CL02
04-23 09:36:14.401  3113  3136 D j       : CalibrationManager getOcspCheckFrequency ret=900
04-23 09:36:14.401  3113  3136 D j       : GMOcspCheckFrequencyHandler resp: 0008CL02900
04-23 09:36:14.401  3113  3136 D a       : ci=1
04-23 09:36:14.402  3113  3136 D a       : line read: null
04-23 09:36:14.402  3113  3136 D a       : exit loop
04-23 09:36:14.402  3113  3136 D a       : Enter closeSocket
04-23 09:36:14.402  3113  3136 D a       : dispatcher end of run
04-23 09:36:14.404  3113  3206 D a       : Enter CommunicationThread constructor
04-23 09:36:14.404  3113  3206 D e       : si=216138
04-23 09:36:14.404  3113  3141 D a       : dispatcher run
04-23 09:36:14.404  3113  3206 D e       : server socket
04-23 09:36:14.404  3113  3141 D a       : ci=0
04-23 09:36:14.405  3113  3141 D a       : line read: CL01
04-23 09:36:14.405  3113  3141 D i       : CalibrationManager getExpirationEnforcement ret=true
04-23 09:36:14.405  3113  3141 D i       : GMExpirationEnforcementHandler resp: 0005CL011
04-23 09:36:14.405  3113  3141 D a       : ci=1
04-23 09:36:14.405  3113  3141 D a       : line read: null
04-23 09:36:14.405  3113  3141 D a       : exit loop
04-23 09:36:14.405  3113  3141 D a       : Enter closeSocket
04-23 09:36:14.405  3113  3141 D a       : dispatcher end of run
04-23 09:36:14.499  2761  2803 V SettingsProvider: getSecureSetting(location_providers_allowed, 11)
04-23 09:36:14.500  2761  2803 V SettingsProvider: getSecureSetting(location_providers_allowed, 11)
04-23 09:36:14.799  2761  2803 V SettingsProvider: getSecureSetting(location_providers_allowed, 11)
04-23 09:36:14.802  2761  2803 V SettingsProvider: getSecureSetting(location_providers_allowed, 11)
04-23 09:36:15.100  2761  2803 V SettingsProvider: getSecureSetting(location_providers_allowed, 11)
04-23 09:36:15.101  2761  2803 V SettingsProvider: getSecureSetting(location_providers_allowed, 11)
04-23 09:36:15.400  2761  2803 V SettingsProvider: getSecureSetting(location_providers_allowed, 11)
04-23 09:36:15.402  2761  2803 V SettingsProvider: getSecureSetting(location_providers_allowed, 11)
04-23 09:36:15.700  2761  2803 V SettingsProvider: getSecureSetting(location_providers_allowed, 11)
04-23 09:36:15.702  2761  2803 V SettingsProvider: getSecureSetting(location_providers_allowed, 11)
04-23 09:36:16.000  2761  2803 V SettingsProvider: getSecureSetting(location_providers_allowed, 11)
04-23 09:36:16.012  2761  2803 V SettingsProvider: getSecureSetting(location_providers_allowed, 11)
04-23 09:36:16.300  2761  2803 V SettingsProvider: getSecureSetting(location_providers_allowed, 11)
04-23 09:36:16.301  2761  2803 V SettingsProvider: getSecureSetting(location_providers_allowed, 11)
04-23 09:36:16.600  2761  2803 V SettingsProvider: getSecureSetting(location_providers_allowed, 11)
04-23 09:36:16.603  2761  2803 V SettingsProvider: getSecureSetting(location_providers_allowed, 11)
04-23 09:36:16.900  2761  2803 V SettingsProvider: getSecureSetting(location_providers_allowed, 11)
04-23 09:36:16.921  2761  2803 V SettingsProvider: getSecureSetting(location_providers_allowed, 11)
04-23 09:36:16.997  3113  3206 D a       : Enter CommunicationThread constructor
04-23 09:36:16.998  3113  3206 D e       : si=216139
04-23 09:36:16.998  3113  3206 D e       : server socket
04-23 09:36:16.998  3113  3203 D a       : dispatcher run
04-23 09:36:16.998  3113  3203 D a       : ci=0
04-23 09:36:17.000  3113  3203 D a       : line read: SETM
04-23 09:36:17.000  3113  3203 D k       : GMSecureTimeHandler resp: 000fSETM1556026577
04-23 09:36:17.000  3113  3203 D a       : ci=1
04-23 09:36:17.001  3113  3203 D a       : line read: null
04-23 09:36:17.001  3113  3203 D a       : exit loop
04-23 09:36:17.001  3113  3203 D a       : Enter closeSocket
04-23 09:36:17.001  3113  3203 D a       : dispatcher end of run
04-23 09:36:17.005  3113  3206 D a       : Enter CommunicationThread constructor
04-23 09:36:17.005  3113  3206 D e       : si=216140
04-23 09:36:17.005  3113  3206 D e       : server socket
04-23 09:36:17.006  3113  3205 D a       : dispatcher run
04-23 09:36:17.006  3113  3205 D a       : ci=0
04-23 09:36:17.006  3113  3205 D a       : line read: CL01
04-23 09:36:17.006  3113  3205 D i       : CalibrationManager getExpirationEnforcement ret=true
04-23 09:36:17.006  3113  3205 D i       : GMExpirationEnforcementHandler resp: 0005CL011
04-23 09:36:17.006  3113  3205 D a       : ci=1
04-23 09:36:17.007  3113  3205 D a       : line read: null
04-23 09:36:17.007  3113  3205 D a       : exit loop
04-23 09:36:17.007  3113  3205 D a       : Enter closeSocket
04-23 09:36:17.007  3113  3205 D a       : dispatcher end of run
04-23 09:36:17.010  3113  3206 D a       : Enter CommunicationThread constructor
04-23 09:36:17.010  3113  3206 D e       : si=216141
04-23 09:36:17.010  3113  3206 D e       : server socket
04-23 09:36:17.011  3113  3207 D a       : dispatcher run
04-23 09:36:17.011  3113  3207 D a       : ci=0
04-23 09:36:17.011  3113  3207 D a       : line read: CL01
04-23 09:36:17.011  3113  3207 D i       : CalibrationManager getExpirationEnforcement ret=true
04-23 09:36:17.011  3113  3207 D i       : GMExpirationEnforcementHandler resp: 0005CL011
04-23 09:36:17.011  3113  3207 D a       : ci=1
04-23 09:36:17.012  3113  3207 D a       : line read: null
04-23 09:36:17.012  3113  3207 D a       : exit loop
04-23 09:36:17.012  3113  3207 D a       : Enter closeSocket
04-23 09:36:17.012  3113  3207 D a       : dispatcher end of run
04-23 09:36:17.014  3113  3206 D a       : Enter CommunicationThread constructor
04-23 09:36:17.014  3113  3206 D e       : si=216142
04-23 09:36:17.014  3113  3206 D e       : server socket
04-23 09:36:17.014  3113  3208 D a       : dispatcher run
04-23 09:36:17.014  3113  3208 D a       : ci=0
04-23 09:36:17.015  3113  3208 D a       : line read: SETM
04-23 09:36:17.015  3113  3208 D k       : GMSecureTimeHandler resp: 000fSETM1556026577
04-23 09:36:17.015  3113  3208 D a       : ci=1
04-23 09:36:17.015  3113  3208 D a       : line read: null
04-23 09:36:17.015  3113  3208 D a       : exit loop
04-23 09:36:17.015  3113  3208 D a       : Enter closeSocket
04-23 09:36:17.015  3113  3208 D a       : dispatcher end of run
04-23 09:36:17.017  3113  3206 D a       : Enter CommunicationThread constructor
04-23 09:36:17.018  3113  3206 D e       : si=216143
04-23 09:36:17.018  3113  3206 D e       : server socket
04-23 09:36:17.018  3113  3209 D a       : dispatcher run
04-23 09:36:17.018  3113  3209 D a       : ci=0
04-23 09:36:17.019  3113  3209 D a       : line read: CL02
04-23 09:36:17.019  3113  3209 D j       : CalibrationManager getOcspCheckFrequency ret=900
04-23 09:36:17.019  3113  3209 D j       : GMOcspCheckFrequencyHandler resp: 0008CL02900
04-23 09:36:17.019  3113  3209 D a       : ci=1
04-23 09:36:17.019  3113  3209 D a       : line read: null
04-23 09:36:17.019  3113  3209 D a       : exit loop
04-23 09:36:17.019  3113  3209 D a       : Enter closeSocket
04-23 09:36:17.019  3113  3209 D a       : dispatcher end of run
04-23 09:36:17.020  3113  3206 D a       : Enter CommunicationThread constructor
04-23 09:36:17.020  3113  3206 D e       : si=216144
04-23 09:36:17.020  3113  3206 D e       : server socket
04-23 09:36:17.020  3113  3210 D a       : dispatcher run
04-23 09:36:17.020  3113  3210 D a       : ci=0
04-23 09:36:17.021  3113  3210 D a       : line read: CL01
04-23 09:36:17.021  3113  3210 D i       : CalibrationManager getExpirationEnforcement ret=true
04-23 09:36:17.021  3113  3210 D i       : GMExpirationEnforcementHandler resp: 0005CL011
04-23 09:36:17.021  3113  3210 D a       : ci=1
04-23 09:36:17.021  3113  3210 D a       : line read: null
04-23 09:36:17.021  3113  3210 D a       : exit loop
04-23 09:36:17.021  3113  3210 D a       : Enter closeSocket
04-23 09:36:17.021  3113  3210 D a       : dispatcher end of run
04-23 09:36:17.200  2761  2803 V SettingsProvider: getSecureSetting(location_providers_allowed, 11)
04-23 09:36:17.201  2761  2803 V SettingsProvider: getSecureSetting(location_providers_allowed, 11)
04-23 09:36:17.500  2761  2803 V SettingsProvider: getSecureSetting(location_providers_allowed, 11)
04-23 09:36:17.501  2761  2803 V SettingsProvider: getSecureSetting(location_providers_allowed, 11)
04-23 09:36:17.713  2761  3009 D wifi    : command 'IFNAME=wlan0 BSS RANGE=0- MASK=0x29d87' returned 'id=1456
04-23 09:36:17.713  2761  3009 D wifi    : bssid=de:ef:ca:eb:46:66
04-23 09:36:17.713  2761  3009 D wifi    : freq=2437
04-23 09:36:17.713  2761  3009 D wifi    : level=-93
04-23 09:36:17.713  2761  3009 D wifi    : tsf=0000161228220648
04-23 09:36:17.713  2761  3009 D wifi    : ie=0008427269616e2d474d010882848b962430486c0301060504000200000706555320010b1e200100230214002a010432040c12186030140100000fac040100000fac040100000fac020c002d1aad011bffff0000000000000000000000000000000000000000003d16060815000000000000000000000000000000000000007f080400080000000040dd050016328000dd1e00904c0408bf0cb279810ffaff0000faff0000c0050006000000c3020002dd090010180201001c0000dd180050f2020101000003a4000027a4000042435e0062322f00dd1d00904c5c02010a000807010f0000000000010a010101010f0000000000
04-23 09:36:17.713  2761  3009 D wifi    : flags=[WPA2-PSK-CCMP][ESS]
04-23 09:36:17.713  2761  3009 D wifi    : ssid=Brian-GM
04-23 09:36:17.713  2761  3009 D wifi    : ====
04-23 09:36:17.713  2761  3009 D wifi    : id=1457
04-23 09:36:17.713  2761  3009 D wifi    : bssid=8e:45:00:b7:d0:4f
04-23 09:36:17.713  2761  3009 D wifi    : freq=2462
04-23 09:36:17.713  2761  3009 D wifi    : level=-90
04-23 09:36:17.713  2761  3009 D wifi    : tsf=0000161228220654
04-23 09:36:17.713  2761  3009 D wifi    : ie=0009416469746879612041010882848b962430486c03010b0504010200000706555320010b1e200100230214002a010032040c12186030140100000fac040100000fac040100000fac020c002d1aad011bffff0000000000000000000000000000000000000000003d160b0804000000000000000000000000000000000000007f080400080000000040d
04-23 09:36:17.715  2761  3009 D wifi    : command 'IFNAME=wlan0 STATUS-NO_EVENTS' returned 'wpa_state=SCANNING
04-23 09:36:17.715  2761  3009 D wifi    : p2p_device_address=76:6f:f7:93:0d:12
04-23 09:36:17.715  2761  3009 D wifi    : address=74:6f:f7:93:0d:12
04-23 09:36:17.715  2761  3009 D wifi    : uuid=f51b9279-2cd7-568a-9720-28fb062b004f
04-23 09:36:17.800  2761  2803 V SettingsProvider: getSecureSetting(location_providers_allowed, 11)
04-23 09:36:17.801  2761  2803 V SettingsProvider: getSecureSetting(location_providers_allowed, 11)
04-23 09:36:18.100  2761  2803 V SettingsProvider: getSecureSetting(location_providers_allowed, 11)
04-23 09:36:18.103  2761  2803 V SettingsProvider: getSecureSetting(location_providers_allowed, 11)
04-23 09:36:18.400  2761  2803 V SettingsProvider: getSecureSetting(location_providers_allowed, 11)
04-23 09:36:18.401  2761  2803 V SettingsProvider: getSecureSetting(location_providers_allowed, 11)
04-23 09:36:18.700  2761  2803 V SettingsProvider: getSecureSetting(location_providers_allowed, 11)
04-23 09:36:18.703  2761  2803 V SettingsProvider: getSecureSetting(location_providers_allowed, 11)
04-23 09:36:19.000  2761  2803 V SettingsProvider: getSecureSetting(location_providers_allowed, 11)
04-23 09:36:19.008  2761  2803 V SettingsProvider: getSecureSetting(location_providers_allowed, 11)
