04-23 09:31:32.481  2761  3009 D wifi    : flags=[WPA2-PSK-CCMP][ESS]
04-23 09:31:32.481  2761  3009 D wifi    : ssid=Brian-GM
04-23 09:31:32.481  2761  3009 D wifi    : ====
04-23 09:31:32.481  2761  3009 D wifi    : id=1457
04-23 09:31:32.481  2761  3009 D wifi    : bssid=8e:45:00:b7:d0:4f
04-23 09:31:32.481  2761  3009 D wifi    : freq=2462
04-23 09:31:32.481  2761  3009 D wifi    : level=-91
04-23 09:31:32.481  2761  3009 D wifi    : tsf=0000160942988486
04-23 09:31:32.481  2761  3009 D wifi    : ie=0009416469746879612041010882848b962430486c03010b0504010200000706555320010b1e200100230214002a010032040c12186030140100000fac040100000fac040100000fac020c002d1aad011bffff0000000000000000000000000000000000000000003d160b0804000000000000000000000000000000000000007f080400080000000040d
04-23 09:31:32.485  2761  3009 D wifi    : command 'IFNAME=wlan0 STATUS-NO_EVENTS' returned 'wpa_state=SCANNING
04-23 09:31:32.485  2761  3009 D wifi    : p2p_device_address=76:6f:f7:93:0d:12
04-23 09:31:32.485  2761  3009 D wifi    : address=74:6f:f7:93:0d:12
04-23 09:31:32.485  2761  3009 D wifi    : uuid=f51b9279-2cd7-568a-9720-28fb062b004f
04-23 09:31:32.497  2761  2803 V SettingsProvider: getSecureSetting(location_providers_allowed, 11)
04-23 09:31:32.509  2761  2803 V SettingsProvider: getSecureSetting(location_providers_allowed, 11)
04-23 09:31:32.790  2761  2803 V SettingsProvider: getSecureSetting(location_providers_allowed, 11)
04-23 09:31:32.791  2761  2803 V SettingsProvider: getSecureSetting(location_providers_allowed, 11)
04-23 09:31:33.090  2761  2803 V SettingsProvider: getSecureSetting(location_providers_allowed, 11)
04-23 09:31:33.096  2761  2803 V SettingsProvider: getSecureSetting(location_providers_allowed, 11)
04-23 09:31:33.391  2761  2803 V SettingsProvider: getSecureSetting(location_providers_allowed, 11)
04-23 09:31:33.394  2761  2803 V SettingsProvider: getSecureSetting(location_providers_allowed, 11)
04-23 09:31:33.691  2761  2803 V SettingsProvider: getSecureSetting(location_providers_allowed, 11)
04-23 09:31:33.691  2761  2803 V SettingsProvider: getSecureSetting(location_providers_allowed, 11)
04-23 09:31:33.991  2761  2803 V SettingsProvider: getSecureSetting(location_providers_allowed, 11)
04-23 09:31:33.991  2761  2803 V SettingsProvider: getSecureSetting(location_providers_allowed, 11)
04-23 09:31:34.290  2761  2803 V SettingsProvider: getSecureSetting(location_providers_allowed, 11)
04-23 09:31:34.295  2761  2803 V SettingsProvider: getSecureSetting(location_providers_allowed, 11)
04-23 09:31:34.590  2761  2803 V SettingsProvider: getSecureSetting(location_providers_allowed, 11)
04-23 09:31:34.595  2761  2803 V SettingsProvider: getSecureSetting(location_providers_allowed, 11)
04-23 09:31:34.890  2761  2803 V SettingsProvider: getSecureSetting(location_providers_allowed, 11)
04-23 09:31:34.893  2761  2803 V SettingsProvider: getSecureSetting(location_providers_allowed, 11)
04-23 09:31:35.190  2761  2803 V SettingsProvider: getSecureSetting(location_providers_allowed, 11)
04-23 09:31:35.197  2761  2803 V SettingsProvider: getSecureSetting(location_providers_allowed, 11)
04-23 09:31:35.490  2761  2803 V SettingsProvider: getSecureSetting(location_providers_allowed, 11)
04-23 09:31:35.493  2761  2803 V SettingsProvider: getSecureSetting(location_providers_allowed, 11)
04-23 09:31:35.790  2761  2803 V SettingsProvider: getSecureSetting(location_providers_allowed, 11)
04-23 09:31:35.793  2761  2803 V SettingsProvider: getSecureSetting(location_providers_allowed, 11)
04-23 09:31:36.090  2761  2803 V SettingsProvider: getSecureSetting(location_providers_allowed, 11)
04-23 09:31:36.093  2761  2803 V SettingsProvider: getSecureSetting(location_providers_allowed, 11)
04-23 09:31:36.390  2761  2803 V SettingsProvider: getSecureSetting(location_providers_allowed, 11)
04-23 09:31:36.393  2761  2803 V SettingsProvider: getSecureSetting(location_providers_allowed, 11)
04-23 09:31:36.690  2761  2803 V SettingsProvider: getSecureSetting(location_providers_allowed, 11)
04-23 09:31:36.693  2761  2803 V SettingsProvider: getSecureSetting(location_providers_allowed, 11)
04-23 09:31:36.990  2761  2803 V SettingsProvider: getSecureSetting(location_providers_allowed, 11)
04-23 09:31:36.993  2761  2803 V SettingsProvider: getSecureSetting(location_providers_allowed, 11)
04-23 09:31:37.290  2761  2803 V SettingsProvider: getSecureSetting(location_providers_allowed, 11)
04-23 09:31:37.295  2761  2803 V SettingsProvider: getSecureSetting(location_providers_allowed, 11)
04-23 09:31:37.590  2761  2803 V SettingsProvider: getSecureSetting(location_providers_allowed, 11)
04-23 09:31:37.597  2761  2803 V SettingsProvider: getSecureSetting(location_providers_allowed, 11)
04-23 09:31:37.885  2761  4841 V SettingsProvider: getSystemSetting(outgoing_phone_address, -3)
04-23 09:31:37.890  2761  2803 V SettingsProvider: getSecureSetting(location_providers_allowed, 11)
04-23 09:31:37.892  2761  4874 V SettingsProvider: getSystemSetting(outgoing_phone_address, -3)
04-23 09:31:37.894  2761  2803 V SettingsProvider: getSecureSetting(location_providers_allowed, 11)
04-23 09:31:38.191  2761  2803 V SettingsProvider: getSecureSetting(location_providers_allowed, 11)
04-23 09:31:38.203  2761  2803 V SettingsProvider: getSecureSetting(location_providers_allowed, 11)
04-23 09:31:38.491  2761  2803 V SettingsProvider: getSecureSetting(location_providers_allowed, 11)
04-23 09:31:38.492  2761  2803 V SettingsProvider: getSecureSetting(location_providers_allowed, 11)
04-23 09:31:38.790  2761  2803 V SettingsProvider: getSecureSetting(location_providers_allowed, 11)
04-23 09:31:38.791  2761  2803 V SettingsProvider: getSecureSetting(location_providers_allowed, 11)
04-23 09:31:39.091  2761  2803 V SettingsProvider: getSecureSetting(location_providers_allowed, 11)
04-23 09:31:39.092  2761  2803 V SettingsProvider: getSecureSetting(location_providers_allowed, 11)
04-23 09:31:39.390  2761  2803 V SettingsProvider: getSecureSetting(location_providers_allowed, 11)
04-23 09:31:39.394  2761  2803 V SettingsProvider: getSecureSetting(location_providers_allowed, 11)
04-23 09:31:39.690  2761  2803 V SettingsProvider: getSecureSetting(location_providers_allowed, 11)
04-23 09:31:39.691  2761  2803 V SettingsProvider: getSecureSetting(location_providers_allowed, 11)
04-23 09:31:39.990  2761  2803 V SettingsProvider: getSecureSetting(location_providers_allowed, 11)
04-23 09:31:39.991  2761  2803 V SettingsProvider: getSecureSetting(location_providers_allowed, 11)
04-23 09:31:40.290  2761  2803 V SettingsProvider: getSecureSetting(location_providers_allowed, 11)
04-23 09:31:40.291  2761  2803 V SettingsProvider: getSecureSetting(location_providers_allowed, 11)
04-23 09:31:40.591  2761  2803 V SettingsProvider: getSecureSetting(location_providers_allowed, 11)
04-23 09:31:40.593  2761  2803 V SettingsProvider: getSecureSetting(location_providers_allowed, 11)
04-23 09:31:40.891  2761  2803 V SettingsProvider: getSecureSetting(location_providers_allowed, 11)
04-23 09:31:40.892  2761  2803 V SettingsProvider: getSecureSetting(location_providers_allowed, 11)
04-23 09:31:40.895  2761  4658 V SettingsProvider: getSystemSetting(outgoing_phone_address, -3)
04-23 09:31:40.898  2761  4840 V SettingsProvider: getSystemSetting(outgoing_phone_address, -3)
04-23 09:31:41.191  2761  2803 V SettingsProvider: getSecureSetting(location_providers_allowed, 11)
04-23 09:31:41.195  2761  2803 V SettingsProvider: getSecureSetting(location_providers_allowed, 11)
04-23 09:31:41.491  2761  2803 V SettingsProvider: getSecureSetting(location_providers_allowed, 11)
04-23 09:31:41.493  2761  2803 V SettingsProvider: getSecureSetting(location_providers_allowed, 11)
04-23 09:31:41.791  2761  2803 V SettingsProvider: getSecureSetting(location_providers_allowed, 11)
04-23 09:31:41.797  2761  2803 V SettingsProvider: getSecureSetting(location_providers_allowed, 11)
04-23 09:31:42.050  2950  3102 I TcpInternetManager: handle msg: EVENT_TCP_STATUS_CHECK 
04-23 09:31:42.051  2950  3102 D TcpInternetManager: TCP network state: signal strength=1  network state=0
04-23 09:31:42.051  2950  3102 D TcpInternetManager: checkTcpNetwork: TCP network ok
04-23 09:31:42.091  2761  2803 V SettingsProvider: getSecureSetting(location_providers_allowed, 11)
04-23 09:31:42.105  2761  2803 V SettingsProvider: getSecureSetting(location_providers_allowed, 11)
04-23 09:31:42.393  2761  2803 V SettingsProvider: getSecureSetting(location_providers_allowed, 11)
04-23 09:31:42.394  2761  2803 V SettingsProvider: getSecureSetting(location_providers_allowed, 11)
04-23 09:31:42.691  2761  2803 V SettingsProvider: getSecureSetting(location_providers_allowed, 11)
04-23 09:31:42.693  2761  2803 V SettingsProvider: getSecureSetting(location_providers_allowed, 11)
04-23 09:31:42.991  2761  2803 V SettingsProvider: getSecureSetting(location_providers_allowed, 11)
04-23 09:31:42.993  2761  2803 V SettingsProvider: getSecureSetting(location_providers_allowed, 11)
04-23 09:31:43.291  2761  2803 V SettingsProvider: getSecureSetting(location_providers_allowed, 11)
04-23 09:31:43.302  2761  2803 V SettingsProvider: getSecureSetting(location_providers_allowed, 11)
04-23 09:31:43.592  2761  2803 V SettingsProvider: getSecureSetting(location_providers_allowed, 11)
04-23 09:31:43.595  2761  2803 V SettingsProvider: getSecureSetting(location_providers_allowed, 11)
04-23 09:31:43.891  2761  2803 V SettingsProvider: getSecureSetting(location_providers_allowed, 11)
04-23 09:31:43.893  2761  2803 V SettingsProvider: getSecureSetting(location_providers_allowed, 11)
04-23 09:31:44.191  2761  2803 V SettingsProvider: getSecureSetting(location_providers_allowed, 11)
04-23 09:31:44.193  2761  2803 V SettingsProvider: getSecureSetting(location_providers_allowed, 11)
04-23 09:31:44.365  3113  3206 D a       : Enter CommunicationThread constructor
04-23 09:31:44.366  3113  3206 D e       : si=216010
04-23 09:31:44.366  3113  3206 D e       : server socket
04-23 09:31:44.367  3113 31269 D a       : dispatcher run
04-23 09:31:44.367  3113 31269 D a       : ci=0
04-23 09:31:44.367  3113 31269 D a       : line read: SETM
04-23 09:31:44.368  3113 31269 D k       : GMSecureTimeHandler resp: 000fSETM1556026304
04-23 09:31:44.368  3113 31269 D a       : ci=1
04-23 09:31:44.370  3113  3206 D a       : Enter CommunicationThread constructor
04-23 09:31:44.370  3113  3206 D e       : si=216011
04-23 09:31:44.370  3113  3206 D e       : server socket
04-23 09:31:44.370  3113 31269 D a       : line read: null
04-23 09:31:44.370  3113 31269 D a       : exit loop
04-23 09:31:44.370  3113 31269 D a       : Enter closeSocket
04-23 09:31:44.370  3113 31269 D a       : dispatcher end of run
04-23 09:31:44.371  3113 31270 D a       : dispatcher run
04-23 09:31:44.371  3113 31270 D a       : ci=0
04-23 09:31:44.371  3113 31270 D a       : line read: CL01
04-23 09:31:44.371  3113 31270 D i       : CalibrationManager getExpirationEnforcement ret=true
04-23 09:31:44.371  3113 31270 D i       : GMExpirationEnforcementHandler resp: 0005CL011
04-23 09:31:44.375  3113  3206 D a       : Enter CommunicationThread constructor
04-23 09:31:44.375  3113  3206 D e       : si=216012
04-23 09:31:44.375  3113  3206 D e       : server socket
04-23 09:31:44.376  3113 31270 D a       : ci=1
04-23 09:31:44.376  3113 31270 D a       : line read: null
04-23 09:31:44.376  3113 31270 D a       : exit loop
04-23 09:31:44.376  3113 31270 D a       : Enter closeSocket
04-23 09:31:44.376  3113 31270 D a       : dispatcher end of run
04-23 09:31:44.376  3113 31271 D a       : dispatcher run
04-23 09:31:44.376  3113 31271 D a       : ci=0
04-23 09:31:44.377  3113 31271 D a       : line read: CL01
04-23 09:31:44.377  3113 31271 D i       : CalibrationManager getExpirationEnforcement ret=true
04-23 09:31:44.377  3113 31271 D i       : GMExpirationEnforcementHandler resp: 0005CL011
04-23 09:31:44.381  3113 31271 D a       : ci=1
04-23 09:31:44.381  3113 31271 D a       : line read: null
04-23 09:31:44.381  3113 31271 D a       : exit loop
04-23 09:31:44.381  3113 31271 D a       : Enter closeSocket
04-23 09:31:44.381  3113 31271 D a       : dispatcher end of run
04-23 09:31:44.491  2761  2803 V SettingsProvider: getSecureSetting(location_providers_allowed, 11)
04-23 09:31:44.493  2761  2803 V SettingsProvider: getSecureSetting(location_providers_allowed, 11)
04-23 09:31:44.791  2761  2803 V SettingsProvider: getSecureSetting(location_providers_allowed, 11)
04-23 09:31:44.793  2761  2803 V SettingsProvider: getSecureSetting(location_providers_allowed, 11)
04-23 09:31:45.091  2761  2803 V SettingsProvider: getSecureSetting(location_providers_allowed, 11)
04-23 09:31:45.095  2761  2803 V SettingsProvider: getSecureSetting(location_providers_allowed, 11)
04-23 09:31:45.391  2761  2803 V SettingsProvider: getSecureSetting(location_providers_allowed, 11)
04-23 09:31:45.397  2761  2803 V SettingsProvider: getSecureSetting(location_providers_allowed, 11)
04-23 09:31:45.692  2761  2803 V SettingsProvider: getSecureSetting(location_providers_allowed, 11)
04-23 09:31:45.697  2761  2803 V SettingsProvider: getSecureSetting(location_providers_allowed, 11)
04-23 09:31:45.993  2761  2803 V SettingsProvider: getSecureSetting(location_providers_allowed, 11)
04-23 09:31:45.999  2761  2803 V SettingsProvider: getSecureSetting(location_providers_allowed, 11)
04-23 09:31:46.292  2761  2803 V SettingsProvider: getSecureSetting(location_providers_allowed, 11)
04-23 09:31:46.297  2761  2803 V SettingsProvider: getSecureSetting(location_providers_allowed, 11)
04-23 09:31:46.593  2761  2803 V SettingsProvider: getSecureSetting(location_providers_allowed, 11)
04-23 09:31:46.595  2761  2803 V SettingsProvider: getSecureSetting(location_providers_allowed, 11)
04-23 09:31:46.893  2761  2803 V SettingsProvider: getSecureSetting(location_providers_allowed, 11)
04-23 09:31:46.895  2761  2803 V SettingsProvider: getSecureSetting(location_providers_allowed, 11)
04-23 09:31:47.192  2761  2803 V SettingsProvider: getSecureSetting(location_providers_allowed, 11)
04-23 09:31:47.198  2761  2803 V SettingsProvider: getSecureSetting(location_providers_allowed, 11)
04-23 09:31:47.490  2761  3009 D wifi    : command 'IFNAME=wlan0 BSS RANGE=0- MASK=0x29d87' returned 'id=1456
04-23 09:31:47.490  2761  3009 D wifi    : bssid=de:ef:ca:eb:46:66
04-23 09:31:47.490  2761  3009 D wifi    : freq=2437
04-23 09:31:47.490  2761  3009 D wifi    : level=-94
04-23 09:31:47.490  2761  3009 D wifi    : tsf=0000160957996599
04-23 09:31:47.490  2761  3009 D wifi    : ie=0008427269616e2d474d010882848b962430486c0301060504010200000706555320010b1e200100230214002a010432040c12186030140100000fac040100000fac040100000fac020c002d1aad011bffff0000000000000000000000000000000000000000003d16060815000000000000000000000000000000000000007f080400080000000040dd050016328000dd1e00904c0408bf0cb279810ffaff0000faff0000c0050006000000c3020002dd090010180201001c0000dd180050f2020101000003a4000027a4000042435e0062322f00dd1d00904c5c02010a000807010f0000000000010a010101010f0000000000
04-23 09:31:47.490  2761  3009 D wifi    : flags=[WPA2-PSK-CCMP][ESS]
04-23 09:31:47.490  2761  3009 D wifi    : ssid=Brian-GM
04-23 09:31:47.490  2761  3009 D wifi    : ====
04-23 09:31:47.490  2761  3009 D wifi    : id=1457
04-23 09:31:47.490  2761  3009 D wifi    : bssid=8e:45:00:b7:d0:4f
04-23 09:31:47.490  2761  3009 D wifi    : freq=2462
04-23 09:31:47.490  2761  3009 D wifi    : level=-89
04-23 09:31:47.490  2761  3009 D wifi    : tsf=0000160957996604
04-23 09:31:47.490  2761  3009 D wifi    : ie=0009416469746879612041010882848b962430486c03010b0504010200000706555320010b1e200100230214002a010032040c12186030140100000fac040100000fac040100000fac020c002d1aad011bffff0000000000000000000000000000000000000000003d160b0804000000000000000000000000000000000000007f080400080000000040d
04-23 09:31:47.492  2761  2803 V SettingsProvider: getSecureSetting(location_providers_allowed, 11)
04-23 09:31:47.493  2761  3009 D wifi    : command 'IFNAME=wlan0 STATUS-NO_EVENTS' returned 'wpa_state=SCANNING
04-23 09:31:47.493  2761  3009 D wifi    : p2p_device_address=76:6f:f7:93:0d:12
04-23 09:31:47.493  2761  3009 D wifi    : address=74:6f:f7:93:0d:12
04-23 09:31:47.493  2761  3009 D wifi    : uuid=f51b9279-2cd7-568a-9720-28fb062b004f
04-23 09:31:47.494  2761  2803 V SettingsProvider: getSecureSetting(location_providers_allowed, 11)
04-23 09:31:47.791  2761  2803 V SettingsProvider: getSecureSetting(location_providers_allowed, 11)
04-23 09:31:47.794  2761  2803 V SettingsProvider: getSecureSetting(location_providers_allowed, 11)
04-23 09:31:48.092  2761  2803 V SettingsProvider: getSecureSetting(location_providers_allowed, 11)
04-23 09:31:48.101  2761  2803 V SettingsProvider: getSecureSetting(location_providers_allowed, 11)
04-23 09:31:48.392  2761  2803 V SettingsProvider: getSecureSetting(location_providers_allowed, 11)
04-23 09:31:48.395  2761  2803 V SettingsProvider: getSecureSetting(location_providers_allowed, 11)
04-23 09:31:48.692  2761  2803 V SettingsProvider: getSecureSetting(location_providers_allowed, 11)
04-23 09:31:48.693  2761  2803 V SettingsProvider: getSecureSetting(location_providers_allowed, 11)
04-23 09:31:48.994  2761  2803 V SettingsProvider: getSecureSetting(location_providers_allowed, 11)
04-23 09:31:49.004  2761  2803 V SettingsProvider: getSecureSetting(location_providers_allowed, 11)
04-23 09:31:49.293  2761  2803 V SettingsProvider: getSecureSetting(location_providers_allowed, 11)
04-23 09:31:49.294  2761  2803 V SettingsProvider: getSecureSetting(location_providers_allowed, 11)
04-23 09:31:49.593  2761  2803 V SettingsProvider: getSecureSetting(location_providers_allowed, 11)
04-23 09:31:49.597  2761  2803 V SettingsProvider: getSecureSetting(location_providers_allowed, 11)
04-23 09:31:49.893  2761  2803 V SettingsProvider: getSecureSetting(location_providers_allowed, 11)
04-23 09:31:49.901  2761  2803 V SettingsProvider: getSecureSetting(location_providers_allowed, 11)
04-23 09:31:50.193  2761  2803 V SettingsProvider: getSecureSetting(location_providers_allowed, 11)
04-23 09:31:50.194  2761  2803 V SettingsProvider: getSecureSetting(location_providers_allowed, 11)
04-23 09:31:50.492  2761  2803 V SettingsProvider: getSecureSetting(location_providers_allowed, 11)
04-23 09:31:50.493  2761  2803 V SettingsProvider: getSecureSetting(location_providers_allowed, 11)
04-23 09:31:50.793  2761  2803 V SettingsProvider: getSecureSetting(location_providers_allowed, 11)
04-23 09:31:50.793  2761  2803 V SettingsProvider: getSecureSetting(location_providers_allowed, 11)
04-23 09:31:51.093  2761  2803 V SettingsProvider: getSecureSetting(location_providers_allowed, 11)
04-23 09:31:51.097  2761  2803 V SettingsProvider: getSecureSetting(location_providers_allowed, 11)
04-23 09:31:51.393  2761  2803 V SettingsProvider: getSecureSetting(location_providers_allowed, 11)
04-23 09:31:51.394  2761  2803 V SettingsProvider: getSecureSetting(location_providers_allowed, 11)
04-23 09:31:51.693  2761  2803 V SettingsProvider: getSecureSetting(location_providers_allowed, 11)
04-23 09:31:51.695  2761  2803 V SettingsProvider: getSecureSetting(location_providers_allowed, 11)
04-23 09:31:51.993  2761  2803 V SettingsProvider: getSecureSetting(location_providers_allowed, 11)
04-23 09:31:52.001  2761  2803 V SettingsProvider: getSecureSetting(location_providers_allowed, 11)
04-23 09:31:52.293  2761  2803 V SettingsProvider: getSecureSetting(location_providers_allowed, 11)
04-23 09:31:52.294  2761  2803 V SettingsProvider: getSecureSetting(location_providers_allowed, 11)
04-23 09:31:52.583  2761  2803 V SettingsProvider: getSecureSetting(location_providers_allowed, 11)
04-23 09:31:52.585  2761  2803 V SettingsProvider: getSecureSetting(location_providers_allowed, 11)
04-23 09:31:52.894  2761  2803 V SettingsProvider: getSecureSetting(location_providers_allowed, 11)
04-23 09:31:52.901  2761  2803 V SettingsProvider: getSecureSetting(location_providers_allowed, 11)
04-23 09:31:53.192  2761  2803 V SettingsProvider: getSecureSetting(location_providers_allowed, 11)
04-23 09:31:53.193  2761  2803 V SettingsProvider: getSecureSetting(location_providers_allowed, 11)
04-23 09:31:53.493  2761  2803 V SettingsProvider: getSecureSetting(location_providers_allowed, 11)
04-23 09:31:53.494  2761  2803 V SettingsProvider: getSecureSetting(location_providers_allowed, 11)
04-23 09:31:53.793  2761  2803 V SettingsProvider: getSecureSetting(location_providers_allowed, 11)
04-23 09:31:53.797  2761  2803 V SettingsProvider: getSecureSetting(location_providers_allowed, 11)
04-23 09:31:54.092  2761  2803 V SettingsProvider: getSecureSetting(location_providers_allowed, 11)
04-23 09:31:54.095  2761  2803 V SettingsProvider: getSecureSetting(location_providers_allowed, 11)
04-23 09:31:54.396  2761  2803 V SettingsProvider: getSecureSetting(location_providers_allowed, 11)
04-23 09:31:54.401  2761  2803 V SettingsProvider: getSecureSetting(location_providers_allowed, 11)
04-23 09:31:54.693  2761  2803 V SettingsProvider: getSecureSetting(location_providers_allowed, 11)
04-23 09:31:54.705  2761  2803 V SettingsProvider: getSecureSetting(location_providers_allowed, 11)
04-23 09:31:54.997  2761  2803 V SettingsProvider: getSecureSetting(location_providers_allowed, 11)
04-23 09:31:55.001  2761  2803 V SettingsProvider: getSecureSetting(location_providers_allowed, 11)
04-23 09:31:55.293  2761  2803 V SettingsProvider: getSecureSetting(location_providers_allowed, 11)
04-23 09:31:55.294  2761  2803 V SettingsProvider: getSecureSetting(location_providers_allowed, 11)
04-23 09:31:55.583  2761  2803 V SettingsProvider: getSecureSetting(location_providers_allowed, 11)
04-23 09:31:55.597  2761  2803 V SettingsProvider: getSecureSetting(location_providers_allowed, 11)
04-23 09:31:55.893  2761  2803 V SettingsProvider: getSecureSetting(location_providers_allowed, 11)
04-23 09:31:55.894  2761  2803 V SettingsProvider: getSecureSetting(location_providers_allowed, 11)
04-23 09:31:56.193  2761  2803 V SettingsProvider: getSecureSetting(location_providers_allowed, 11)
04-23 09:31:56.194  2761  2803 V SettingsProvider: getSecureSetting(location_providers_allowed, 11)
04-23 09:31:56.493  2761  2803 V SettingsProvider: getSecureSetting(location_providers_allowed, 11)
04-23 09:31:56.494  2761  2803 V SettingsProvider: getSecureSetting(location_providers_allowed, 11)
04-23 09:31:56.793  2761  2803 V SettingsProvider: getSecureSetting(location_providers_allowed, 11)
04-23 09:31:56.797  2761  2803 V SettingsProvider: getSecureSetting(location_providers_allowed, 11)
04-23 09:31:57.093  2761  2803 V SettingsProvider: getSecureSetting(location_providers_allowed, 11)
04-23 09:31:57.097  2761  2803 V SettingsProvider: getSecureSetting(location_providers_allowed, 11)
04-23 09:31:57.393  2761  2803 V SettingsProvider: getSecureSetting(location_providers_allowed, 11)
04-23 09:31:57.394  2761  2803 V SettingsProvider: getSecureSetting(location_providers_allowed, 11)
04-23 09:31:57.693  2761  2803 V SettingsProvider: getSecureSetting(location_providers_allowed, 11)
04-23 09:31:57.695  2761  2803 V SettingsProvider: getSecureSetting(location_providers_allowed, 11)
04-23 09:31:57.994  2761  2803 V SettingsProvider: getSecureSetting(location_providers_allowed, 11)
04-23 09:31:57.996  2761  2803 V SettingsProvider: getSecureSetting(location_providers_allowed, 11)
04-23 09:31:58.293  2761  2803 V SettingsProvider: getSecureSetting(location_providers_allowed, 11)
04-23 09:31:58.297  2761  2803 V SettingsProvider: getSecureSetting(location_providers_allowed, 11)
04-23 09:31:58.584  2761  2803 V SettingsProvider: getSecureSetting(location_providers_allowed, 11)
04-23 09:31:58.588  2761  2803 V SettingsProvider: getSecureSetting(location_providers_allowed, 11)
04-23 09:31:58.893  2761  2803 V SettingsProvider: getSecureSetting(location_providers_allowed, 11)
04-23 09:31:58.895  2761  2803 V SettingsProvider: getSecureSetting(location_providers_allowed, 11)
04-23 09:31:59.193  2761  2803 V SettingsProvider: getSecureSetting(location_providers_allowed, 11)
04-23 09:31:59.195  2761  2803 V SettingsProvider: getSecureSetting(location_providers_allowed, 11)
04-23 09:31:59.494  2761  2803 V SettingsProvider: getSecureSetting(location_providers_allowed, 11)
04-23 09:31:59.497  2761  2803 V SettingsProvider: getSecureSetting(location_providers_allowed, 11)
04-23 09:31:59.794  2761  2803 V SettingsProvider: getSecureSetting(location_providers_allowed, 11)
04-23 09:31:59.801  2761  2803 V SettingsProvider: getSecureSetting(location_providers_allowed, 11)
04-23 09:32:00.000  2761  2804 V BroadcastQueue: Submitting BROADCAST_TIMEOUT_MSG [foreground] for BroadcastRecord{4e4029b u-1 android.intent.action.TIME_TICK} at 160980513
04-23 09:32:00.000  2761  2804 V BroadcastQueue: Delivering ordered [foreground] to registered BroadcastFilter{dab2464 u0 ReceiverList{fa8cdf7 2761 system/1000/u0 local:8a1a5f6}}: BroadcastRecord{4e4029b u-1 android.intent.action.TIME_TICK}
04-23 09:32:00.001  2761  2761 V BroadcastQueue: Delivering ordered [foreground] to registered BroadcastFilter{dfa144a u-1 ReceiverList{63b95b5 3399 com.android.systemui/10025/u-1 remote:a33ddec}}: BroadcastRecord{4e4029b u-1 android.intent.action.TIME_TICK}
04-23 09:32:00.093  2761  2803 V SettingsProvider: getSecureSetting(location_providers_allowed, 11)
04-23 09:32:00.095  2761  2803 V SettingsProvider: getSecureSetting(location_providers_allowed, 11)
04-23 09:32:00.394  2761  2803 V SettingsProvider: getSecureSetting(location_providers_allowed, 11)
04-23 09:32:00.398  2761  2803 V SettingsProvider: getSecureSetting(location_providers_allowed, 11)
04-23 09:32:00.698  2761  2803 V SettingsProvider: getSecureSetting(location_providers_allowed, 11)
04-23 09:32:00.705  2761  2803 V SettingsProvider: getSecureSetting(location_providers_allowed, 11)
04-23 09:32:00.993  2761  2803 V SettingsProvider: getSecureSetting(location_providers_allowed, 11)
04-23 09:32:00.995  2761  2803 V SettingsProvider: getSecureSetting(location_providers_allowed, 11)
04-23 09:32:01.293  2761  2803 V SettingsProvider: getSecureSetting(location_providers_allowed, 11)
04-23 09:32:01.296  2761  2803 V SettingsProvider: getSecureSetting(location_providers_allowed, 11)
04-23 09:32:01.585  2761  2803 V SettingsProvider: getSecureSetting(location_providers_allowed, 11)
04-23 09:32:01.586  2761  2803 V SettingsProvider: getSecureSetting(location_providers_allowed, 11)
04-23 09:32:01.894  2761  2803 V SettingsProvider: getSecureSetting(location_providers_allowed, 11)
04-23 09:32:01.902  2761  2803 V SettingsProvider: getSecureSetting(location_providers_allowed, 11)
04-23 09:32:02.071  2950  3102 I TcpInternetManager: handle msg: EVENT_TCP_STATUS_CHECK 
04-23 09:32:02.071  2950  3102 D TcpInternetManager: TCP network state: signal strength=1  network state=0
04-23 09:32:02.071  2950  3102 D TcpInternetManager: checkTcpNetwork: TCP network ok
04-23 09:32:02.194  2761  2803 V SettingsProvider: getSecureSetting(location_providers_allowed, 11)
04-23 09:32:02.195  2761  2803 V SettingsProvider: getSecureSetting(location_providers_allowed, 11)
04-23 09:32:02.495  2761  3009 D wifi    : command 'IFNAME=wlan0 BSS RANGE=0- MASK=0x29d87' returned 'id=1456
04-23 09:32:02.495  2761  3009 D wifi    : bssid=de:ef:ca:eb:46:66
04-23 09:32:02.495  2761  3009 D wifi    : freq=2437
04-23 09:32:02.495  2761  3009 D wifi    : level=-93
04-23 09:32:02.495  2761  3009 D wifi    : tsf=0000160973004255
04-23 09:32:02.495  2761  3009 D wifi    : ie=0008427269616e2d474d010882848b962430486c0301060504010200000706555320010b1e200100230214002a010432040c12186030140100000fac040100000fac040100000fac020c002d1aad011bffff0000000000000000000000000000000000000000003d16060815000000000000000000000000000000000000007f080400080000000040dd050016328000dd1e00904c0408bf0cb279810ffaff0000faff0000c0050006000000c3020002dd090010180201001c0000dd180050f2020101000003a4000027a4000042435e0062322f00dd1d00904c5c02010a000807010f0000000000010a010101010f0000000000
04-23 09:32:02.495  2761  3009 D wifi    : flags=[WPA2-PSK-CCMP][ESS]
04-23 09:32:02.495  2761  3009 D wifi    : ssid=Brian-GM
04-23 09:32:02.495  2761  3009 D wifi    : ====
04-23 09:32:02.495  2761  3009 D wifi    : id=1457
04-23 09:32:02.495  2761  3009 D wifi    : bssid=8e:45:00:b7:d0:4f
04-23 09:32:02.495  2761  3009 D wifi    : freq=2462
04-23 09:32:02.495  2761  3009 D wifi    : level=-91
04-23 09:32:02.495  2761  3009 D wifi    : tsf=0000160973004256
04-23 09:32:02.495  2761  3009 D wifi    : ie=0009416469746879612041010882848b962430486c03010b0504000200000706555320010b1e200100230214002a010032040c12186030140100000fac040100000fac040100000fac020c002d1aad011bffff0000000000000000000000000000000000000000003d160b0804000000000000000000000000000000000000007f080400080000000040d
04-23 09:32:02.498  2761  3009 D wifi    : command 'IFNAME=wlan0 STATUS-NO_EVENTS' returned 'wpa_state=SCANNING
04-23 09:32:02.498  2761  3009 D wifi    : p2p_device_address=76:6f:f7:93:0d:12
04-23 09:32:02.498  2761  3009 D wifi    : address=74:6f:f7:93:0d:12
04-23 09:32:02.498  2761  3009 D wifi    : uuid=f51b9279-2cd7-568a-9720-28fb062b004f
04-23 09:32:02.501  2761  2803 V SettingsProvider: getSecureSetting(location_providers_allowed, 11)
04-23 09:32:02.502  2761  2803 V SettingsProvider: getSecureSetting(location_providers_allowed, 11)
04-23 09:32:02.615  3113  3206 D a       : Enter CommunicationThread constructor
04-23 09:32:02.616  3113  3206 D e       : si=216013
04-23 09:32:02.616  3113  3206 D e       : server socket
04-23 09:32:02.616  3113 31684 D a       : dispatcher run
04-23 09:32:02.616  3113 31684 D a       : ci=0
04-23 09:32:02.617  3113 31684 D a       : line read: SETM
04-23 09:32:02.617  3113 31684 D k       : GMSecureTimeHandler resp: 000fSETM1556026322
04-23 09:32:02.617  3113 31684 D a       : ci=1
04-23 09:32:02.617  3113 31684 D a       : line read: null
04-23 09:32:02.617  3113 31684 D a       : exit loop
04-23 09:32:02.617  3113 31684 D a       : Enter closeSocket
04-23 09:32:02.618  3113 31684 D a       : dispatcher end of run
04-23 09:32:02.622  3113  3206 D a       : Enter CommunicationThread constructor
04-23 09:32:02.622  3113  3206 D e       : si=216014
04-23 09:32:02.622  3113  3206 D e       : server socket
04-23 09:32:02.622  3113 31685 D a       : dispatcher run
04-23 09:32:02.622  3113 31685 D a       : ci=0
04-23 09:32:02.623  3113 31685 D a       : line read: CL01
04-23 09:32:02.624  3113 31685 D i       : CalibrationManager getExpirationEnforcement ret=true
04-23 09:32:02.624  3113 31685 D i       : GMExpirationEnforcementHandler resp: 0005CL011
04-23 09:32:02.624  3113 31685 D a       : ci=1
04-23 09:32:02.625  3113 31685 D a       : line read: null
04-23 09:32:02.625  3113 31685 D a       : exit loop
04-23 09:32:02.625  3113 31685 D a       : Enter closeSocket
04-23 09:32:02.625  3113 31685 D a       : dispatcher end of run
04-23 09:32:02.630  3113  3206 D a       : Enter CommunicationThread constructor
04-23 09:32:02.630  3113  3206 D e       : si=216015
04-23 09:32:02.630  3113  3206 D e       : server socket
04-23 09:32:02.630  3113 31686 D a       : dispatcher run
04-23 09:32:02.630  3113 31686 D a       : ci=0
04-23 09:32:02.631  3113 31686 D a       : line read: CL01
04-23 09:32:02.631  3113 31686 D i       : CalibrationManager getExpirationEnforcement ret=true
04-23 09:32:02.631  3113 31686 D i       : GMExpirationEnforcementHandler resp: 0005CL011
04-23 09:32:02.631  3113 31686 D a       : ci=1
04-23 09:32:02.631  3113 31686 D a       : line read: null
04-23 09:32:02.631  3113 31686 D a       : exit loop
04-23 09:32:02.631  3113 31686 D a       : Enter closeSocket
04-23 09:32:02.632  3113 31686 D a       : dispatcher end of run
04-23 09:32:02.634  3113  3206 D a       : Enter CommunicationThread constructor
04-23 09:32:02.634  3113  3206 D e       : si=216016
04-23 09:32:02.634  3113  3206 D e       : server socket
04-23 09:32:02.634  3113 31687 D a       : dispatcher run
04-23 09:32:02.634  3113 31687 D a       : ci=0
04-23 09:32:02.634  3113 31687 D a       : line read: SETM
04-23 09:32:02.635  3113 31687 D k       : GMSecureTimeHandler resp: 000fSETM1556026322
04-23 09:32:02.635  3113 31687 D a       : ci=1
04-23 09:32:02.635  3113 31687 D a       : line read: null
04-23 09:32:02.635  3113 31687 D a       : exit loop
04-23 09:32:02.635  3113 31687 D a       : Enter closeSocket
04-23 09:32:02.635  3113 31687 D a       : dispatcher end of run
04-23 09:32:02.637  3113  3206 D a       : Enter CommunicationThread constructor
04-23 09:32:02.637  3113  3206 D e       : si=216017
04-23 09:32:02.637  3113  3206 D e       : server socket
04-23 09:32:02.637  3113 31688 D a       : dispatcher run
04-23 09:32:02.637  3113 31688 D a       : ci=0
04-23 09:32:02.637  3113 31688 D a       : line read: CL02
04-23 09:32:02.638  3113 31688 D j       : CalibrationManager getOcspCheckFrequency ret=900
04-23 09:32:02.638  3113 31688 D j       : GMOcspCheckFrequencyHandler resp: 0008CL02900
04-23 09:32:02.638  3113 31688 D a       : ci=1
04-23 09:32:02.638  3113 31688 D a       : line read: null
04-23 09:32:02.638  3113 31688 D a       : exit loop
04-23 09:32:02.638  3113 31688 D a       : Enter closeSocket
04-23 09:32:02.638  3113 31688 D a       : dispatcher end of run
04-23 09:32:02.639  3113  3206 D a       : Enter CommunicationThread constructor
04-23 09:32:02.639  3113  3206 D e       : si=216018
04-23 09:32:02.639  3113  3206 D e       : server socket
04-23 09:32:02.639  3113 31689 D a       : dispatcher run
04-23 09:32:02.639  3113 31689 D a       : ci=0
04-23 09:32:02.640  3113 31689 D a       : line read: CL01
04-23 09:32:02.640  3113 31689 D i       : CalibrationManager getExpirationEnforcement ret=true
04-23 09:32:02.640  3113 31689 D i       : GMExpirationEnforcementHandler resp: 0005CL011
04-23 09:32:02.640  3113 31689 D a       : ci=1
04-23 09:32:02.641  3113 31689 D a       : line read: null
04-23 09:32:02.641  3113 31689 D a       : exit loop
04-23 09:32:02.641  3113 31689 D a       : Enter closeSocket
04-23 09:32:02.641  3113 31689 D a       : dispatcher end of run
04-23 09:32:02.794  2761  2803 V SettingsProvider: getSecureSetting(location_providers_allowed, 11)
04-23 09:32:02.797  2761  2803 V SettingsProvider: getSecureSetting(location_providers_allowed, 11)
04-23 09:32:03.094  2761  2803 V SettingsProvider: getSecureSetting(location_providers_allowed, 11)
04-23 09:32:03.095  2761  2803 V SettingsProvider: getSecureSetting(location_providers_allowed, 11)
04-23 09:32:03.394  2761  2803 V SettingsProvider: getSecureSetting(location_providers_allowed, 11)
04-23 09:32:03.397  2761  2803 V SettingsProvider: getSecureSetting(location_providers_allowed, 11)
04-23 09:32:03.694  2761  2803 V SettingsProvider: getSecureSetting(location_providers_allowed, 11)
04-23 09:32:03.698  2761  2803 V SettingsProvider: getSecureSetting(location_providers_allowed, 11)
04-23 09:32:03.995  2761  2803 V SettingsProvider: getSecureSetting(location_providers_allowed, 11)
04-23 09:32:03.998  2761  2803 V SettingsProvider: getSecureSetting(location_providers_allowed, 11)
04-23 09:32:04.294  2761  2803 V SettingsProvider: getSecureSetting(location_providers_allowed, 11)
04-23 09:32:04.299  2761  2803 V SettingsProvider: getSecureSetting(location_providers_allowed, 11)
04-23 09:32:04.584  2761  2803 V SettingsProvider: getSecureSetting(location_providers_allowed, 11)
04-23 09:32:04.586  2761  2803 V SettingsProvider: getSecureSetting(location_providers_allowed, 11)
04-23 09:32:04.885  2761  2803 V SettingsProvider: getSecureSetting(location_providers_allowed, 11)
04-23 09:32:04.887  2761  2803 V SettingsProvider: getSecureSetting(location_providers_allowed, 11)
04-23 09:32:05.184  2761  2803 V SettingsProvider: getSecureSetting(location_providers_allowed, 11)
04-23 09:32:05.186  2761  2803 V SettingsProvider: getSecureSetting(location_providers_allowed, 11)
04-23 09:32:05.486  2761  2803 V SettingsProvider: getSecureSetting(location_providers_allowed, 11)
04-23 09:32:05.487  2761  2803 V SettingsProvider: getSecureSetting(location_providers_allowed, 11)
04-23 09:32:05.785  2761  2803 V SettingsProvider: getSecureSetting(location_providers_allowed, 11)
04-23 09:32:05.787  2761  2803 V SettingsProvider: getSecureSetting(location_providers_allowed, 11)
04-23 09:32:06.085  2761  2803 V SettingsProvider: getSecureSetting(location_providers_allowed, 11)
04-23 09:32:06.086  2761  2803 V SettingsProvider: getSecureSetting(location_providers_allowed, 11)
04-23 09:32:06.385  2761  2803 V SettingsProvider: getSecureSetting(location_providers_allowed, 11)
04-23 09:32:06.389  2761  2803 V SettingsProvider: getSecureSetting(location_providers_allowed, 11)
04-23 09:32:06.684  2761  2803 V SettingsProvider: getSecureSetting(location_providers_allowed, 11)
04-23 09:32:06.687  2761  2803 V SettingsProvider: getSecureSetting(location_providers_allowed, 11)
04-23 09:32:06.984  2761  2803 V SettingsProvider: getSecureSetting(location_providers_allowed, 11)
04-23 09:32:06.990  2761  2803 V SettingsProvider: getSecureSetting(location_providers_allowed, 11)
04-23 09:32:07.285  2761  2803 V SettingsProvider: getSecureSetting(location_providers_allowed, 11)
04-23 09:32:07.287  2761  2803 V SettingsProvider: getSecureSetting(location_providers_allowed, 11)
04-23 09:32:07.585  2761  2803 V SettingsProvider: getSecureSetting(location_providers_allowed, 11)
04-23 09:32:07.587  2761  2803 V SettingsProvider: getSecureSetting(location_providers_allowed, 11)
04-23 09:32:07.885  2761  2803 V SettingsProvider: getSecureSetting(location_providers_allowed, 11)
04-23 09:32:07.886  2761  2803 V SettingsProvider: getSecureSetting(location_providers_allowed, 11)
04-23 09:32:08.187  2761  2803 V SettingsProvider: getSecureSetting(location_providers_allowed, 11)
04-23 09:32:08.189  2761  2803 V SettingsProvider: getSecureSetting(location_providers_allowed, 11)
04-23 09:32:08.517  2761  2803 V SettingsProvider: getSecureSetting(location_providers_allowed, 11)
04-23 09:32:08.518  2761  2803 V SettingsProvider: getSecureSetting(location_providers_allowed, 11)
04-23 09:32:08.785  2761  2803 V SettingsProvider: getSecureSetting(location_providers_allowed, 11)
04-23 09:32:08.789  2761  2803 V SettingsProvider: getSecureSetting(location_providers_allowed, 11)
04-23 09:32:09.085  2761  2803 V SettingsProvider: getSecureSetting(location_providers_allowed, 11)
04-23 09:32:09.086  2761  2803 V SettingsProvider: getSecureSetting(location_providers_allowed, 11)
04-23 09:32:09.385  2761  2803 V SettingsProvider: getSecureSetting(location_providers_allowed, 11)
04-23 09:32:09.387  2761  2803 V SettingsProvider: getSecureSetting(location_providers_allowed, 11)
04-23 09:32:09.686  2761  2803 V SettingsProvider: getSecureSetting(location_providers_allowed, 11)
04-23 09:32:09.690  2761  2803 V SettingsProvider: getSecureSetting(location_providers_allowed, 11)
04-23 09:32:09.985  2761  2803 V SettingsProvider: getSecureSetting(location_providers_allowed, 11)
04-23 09:32:09.987  2761  2803 V SettingsProvider: getSecureSetting(location_providers_allowed, 11)
04-23 09:32:10.287  2761  2803 V SettingsProvider: getSecureSetting(location_providers_allowed, 11)
04-23 09:32:10.290  2761  2803 V SettingsProvider: getSecureSetting(location_providers_allowed, 11)
04-23 09:32:10.585  2761  2803 V SettingsProvider: getSecureSetting(location_providers_allowed, 11)
04-23 09:32:10.592  2761  2803 V SettingsProvider: getSecureSetting(location_providers_allowed, 11)
04-23 09:32:10.885  2761  2803 V SettingsProvider: getSecureSetting(location_providers_allowed, 11)
04-23 09:32:10.887  2761  2803 V SettingsProvider: getSecureSetting(location_providers_allowed, 11)
04-23 09:32:11.188  2761  2803 V SettingsProvider: getSecureSetting(location_providers_allowed, 11)
04-23 09:32:11.197  2761  2803 V SettingsProvider: getSecureSetting(location_providers_allowed, 11)
04-23 09:32:11.486  2761  2803 V SettingsProvider: getSecureSetting(location_providers_allowed, 11)
04-23 09:32:11.490  2761  2803 V SettingsProvider: getSecureSetting(location_providers_allowed, 11)
04-23 09:32:11.785  2761  2803 V SettingsProvider: getSecureSetting(location_providers_allowed, 11)
04-23 09:32:11.793  2761  2803 V SettingsProvider: getSecureSetting(location_providers_allowed, 11)
04-23 09:32:12.086  2761  2803 V SettingsProvider: getSecureSetting(location_providers_allowed, 11)
04-23 09:32:12.089  2761  2803 V SettingsProvider: getSecureSetting(location_providers_allowed, 11)
04-23 09:32:12.387  2761  2803 V SettingsProvider: getSecureSetting(location_providers_allowed, 11)
04-23 09:32:12.392  2761  2803 V SettingsProvider: getSecureSetting(location_providers_allowed, 11)
04-23 09:32:12.686  2761  2803 V SettingsProvider: getSecureSetting(location_providers_allowed, 11)
04-23 09:32:12.691  2761  2803 V SettingsProvider: getSecureSetting(location_providers_allowed, 11)
04-23 09:32:12.985  2761  2803 V SettingsProvider: getSecureSetting(location_providers_allowed, 11)
04-23 09:32:12.988  2761  2803 V SettingsProvider: getSecureSetting(location_providers_allowed, 11)
04-23 09:32:13.285  2761  2803 V SettingsProvider: getSecureSetting(location_providers_allowed, 11)
04-23 09:32:13.294  2761  2803 V SettingsProvider: getSecureSetting(location_providers_allowed, 11)
04-23 09:32:13.586  2761  2803 V SettingsProvider: getSecureSetting(location_providers_allowed, 11)
04-23 09:32:13.589  2761  2803 V SettingsProvider: getSecureSetting(location_providers_allowed, 11)
04-23 09:32:13.885  2761  2803 V SettingsProvider: getSecureSetting(location_providers_allowed, 11)
04-23 09:32:13.890  2761  2803 V SettingsProvider: getSecureSetting(location_providers_allowed, 11)
04-23 09:32:14.185  2761  2803 V SettingsProvider: getSecureSetting(location_providers_allowed, 11)
04-23 09:32:14.198  2761  2803 V SettingsProvider: getSecureSetting(location_providers_allowed, 11)
04-23 09:32:14.485  2761  2803 V SettingsProvider: getSecureSetting(location_providers_allowed, 11)
04-23 09:32:14.489  2761  2803 V SettingsProvider: getSecureSetting(location_providers_allowed, 11)
04-23 09:32:14.785  2761  2803 V SettingsProvider: getSecureSetting(location_providers_allowed, 11)
04-23 09:32:14.790  2761  2803 V SettingsProvider: getSecureSetting(location_providers_allowed, 11)
04-23 09:32:15.085  2761  2803 V SettingsProvider: getSecureSetting(location_providers_allowed, 11)
04-23 09:32:15.086  2761  2803 V SettingsProvider: getSecureSetting(location_providers_allowed, 11)
04-23 09:32:15.386  2761  2803 V SettingsProvider: getSecureSetting(location_providers_allowed, 11)
04-23 09:32:15.391  2761  2803 V SettingsProvider: getSecureSetting(location_providers_allowed, 11)
04-23 09:32:15.686  2761  2803 V SettingsProvider: getSecureSetting(location_providers_allowed, 11)
04-23 09:32:15.689  2761  2803 V SettingsProvider: getSecureSetting(location_providers_allowed, 11)
04-23 09:32:15.986  2761  2803 V SettingsProvider: getSecureSetting(location_providers_allowed, 11)
04-23 09:32:15.987  2761  2803 V SettingsProvider: getSecureSetting(location_providers_allowed, 11)
04-23 09:32:16.285  2761  2803 V SettingsProvider: getSecureSetting(location_providers_allowed, 11)
04-23 09:32:16.287  2761  2803 V SettingsProvider: getSecureSetting(location_providers_allowed, 11)
04-23 09:32:16.586  2761  2803 V SettingsProvider: getSecureSetting(location_providers_allowed, 11)
04-23 09:32:16.589  2761  2803 V SettingsProvider: getSecureSetting(location_providers_allowed, 11)
04-23 09:32:16.886  2761  2803 V SettingsProvider: getSecureSetting(location_providers_allowed, 11)
04-23 09:32:16.887  2761  2803 V SettingsProvider: getSecureSetting(location_providers_allowed, 11)
04-23 09:32:17.186  2761  2803 V SettingsProvider: getSecureSetting(location_providers_allowed, 11)
04-23 09:32:17.189  2761  2803 V SettingsProvider: getSecureSetting(location_providers_allowed, 11)
04-23 09:32:17.486  2761  2803 V SettingsProvider: getSecureSetting(location_providers_allowed, 11)
04-23 09:32:17.515  2761  3009 D wifi    : command 'IFNAME=wlan0 BSS RANGE=0- MASK=0x29d87' returned 'id=1456
04-23 09:32:17.515  2761  3009 D wifi    : bssid=de:ef:ca:eb:46:66
04-23 09:32:17.515  2761  3009 D wifi    : freq=2437
04-23 09:32:17.515  2761  3009 D wifi    : level=-93
04-23 09:32:17.515  2761  3009 D wifi    : tsf=0000160988024596
04-23 09:32:17.515  2761  3009 D wifi    : ie=0008427269616e2d474d010882848b962430486c0301060504010200000706555320010b1e200100230214002a010432040c12186030140100000fac040100000fac040100000fac020c002d1aad011bffff0000000000000000000000000000000000000000003d16060815000000000000000000000000000000000000007f080400080000000040dd050016328000dd1e00904c0408bf0cb279810ffaff0000faff0000c0050006000000c3020002dd090010180201001c0000dd180050f2020101000003a4000027a4000042435e0062322f00dd1d00904c5c02010a000807010f0000000000010a010101010f0000000000
04-23 09:32:17.515  2761  3009 D wifi    : flags=[WPA2-PSK-CCMP][ESS]
04-23 09:32:17.515  2761  3009 D wifi    : ssid=Brian-GM
04-23 09:32:17.515  2761  3009 D wifi    : ====
04-23 09:32:17.515  2761  3009 D wifi    : id=1457
04-23 09:32:17.515  2761  3009 D wifi    : bssid=8e:45:00:b7:d0:4f
04-23 09:32:17.515  2761  3009 D wifi    : freq=2462
04-23 09:32:17.515  2761  3009 D wifi    : level=-91
04-23 09:32:17.515  2761  3009 D wifi    : tsf=0000160988024599
04-23 09:32:17.515  2761  3009 D wifi    : ie=0009416469746879612041010882848b962430486c03010b0504000200000706555320010b1e200100230214002a010032040c12186030140100000fac040100000fac040100000fac020c002d1aad011bffff0000000000000000000000000000000000000000003d160b0804000000000000000000000000000000000000007f080400080000000040d
04-23 09:32:17.518  2761  3009 D wifi    : command 'IFNAME=wlan0 STATUS-NO_EVENTS' returned 'wpa_state=SCANNING
04-23 09:32:17.518  2761  3009 D wifi    : p2p_device_address=76:6f:f7:93:0d:12
04-23 09:32:17.518  2761  3009 D wifi    : address=74:6f:f7:93:0d:12
04-23 09:32:17.518  2761  3009 D wifi    : uuid=f51b9279-2cd7-568a-9720-28fb062b004f
04-23 09:32:17.527  2761  2803 V SettingsProvider: getSecureSetting(location_providers_allowed, 11)
04-23 09:32:17.786  2761  2803 V SettingsProvider: getSecureSetting(location_providers_allowed, 11)
04-23 09:32:17.787  2761  2803 V SettingsProvider: getSecureSetting(location_providers_allowed, 11)
04-23 09:32:18.086  2761  2803 V SettingsProvider: getSecureSetting(location_providers_allowed, 11)
04-23 09:32:18.088  2761  2803 V SettingsProvider: getSecureSetting(location_providers_allowed, 11)
04-23 09:32:18.115  3113  3206 D a       : Enter CommunicationThread constructor
04-23 09:32:18.116  3113  3206 D e       : si=216019
04-23 09:32:18.116  3113  3206 D e       : server socket
04-23 09:32:18.118  3113 31890 D a       : dispatcher run
04-23 09:32:18.118  3113 31890 D a       : ci=0
04-23 09:32:18.119  3113 31890 D a       : line read: SETM
04-23 09:32:18.119  3113 31890 D k       : GMSecureTimeHandler resp: 000fSETM1556026338
04-23 09:32:18.119  3113 31890 D a       : ci=1
04-23 09:32:18.120  3113  3206 D a       : Enter CommunicationThread constructor
04-23 09:32:18.121  3113  3206 D e       : si=216020
04-23 09:32:18.121  3113  3206 D e       : server socket
04-23 09:32:18.121  3113 31890 D a       : line read: null
04-23 09:32:18.121  3113 31890 D a       : exit loop
04-23 09:32:18.121  3113 31890 D a       : Enter closeSocket
04-23 09:32:18.121  3113 31890 D a       : dispatcher end of run
04-23 09:32:18.121  3113 31891 D a       : dispatcher run
04-23 09:32:18.121  3113 31891 D a       : ci=0
04-23 09:32:18.122  3113 31891 D a       : line read: CL01
04-23 09:32:18.122  3113 31891 D i       : CalibrationManager getExpirationEnforcement ret=true
04-23 09:32:18.122  3113 31891 D i       : GMExpirationEnforcementHandler resp: 0005CL011
04-23 09:32:18.122  3113 31891 D a       : ci=1
04-23 09:32:18.124  3113 31891 D a       : line read: null
04-23 09:32:18.124  3113 31891 D a       : exit loop
04-23 09:32:18.124  3113 31891 D a       : Enter closeSocket
04-23 09:32:18.124  3113 31891 D a       : dispatcher end of run
04-23 09:32:18.129  3113  3206 D a       : Enter CommunicationThread constructor
04-23 09:32:18.129  3113  3206 D e       : si=216021
04-23 09:32:18.129  3113  3206 D e       : server socket
04-23 09:32:18.130  3113 31892 D a       : dispatcher run
04-23 09:32:18.130  3113 31892 D a       : ci=0
04-23 09:32:18.130  3113 31892 D a       : line read: CL01
04-23 09:32:18.130  3113 31892 D i       : CalibrationManager getExpirationEnforcement ret=true
04-23 09:32:18.130  3113 31892 D i       : GMExpirationEnforcementHandler resp: 0005CL011
04-23 09:32:18.130  3113 31892 D a       : ci=1
04-23 09:32:18.131  3113 31892 D a       : line read: null
04-23 09:32:18.131  3113 31892 D a       : exit loop
04-23 09:32:18.131  3113 31892 D a       : Enter closeSocket
04-23 09:32:18.132  3113 31892 D a       : dispatcher end of run
04-23 09:32:18.386  2761  2803 V SettingsProvider: getSecureSetting(location_providers_allowed, 11)
04-23 09:32:18.395  2761  2803 V SettingsProvider: getSecureSetting(location_providers_allowed, 11)
04-23 09:32:18.687  2761  2803 V SettingsProvider: getSecureSetting(location_providers_allowed, 11)
04-23 09:32:18.693  2761  2803 V SettingsProvider: getSecureSetting(location_providers_allowed, 11)
04-23 09:32:18.986  2761  2803 V SettingsProvider: getSecureSetting(location_providers_allowed, 11)
04-23 09:32:18.992  2761  2803 V SettingsProvider: getSecureSetting(location_providers_allowed, 11)
04-23 09:32:19.289  2761  2803 V SettingsProvider: getSecureSetting(location_providers_allowed, 11)
04-23 09:32:19.294  2761  2803 V SettingsProvider: getSecureSetting(location_providers_allowed, 11)
04-23 09:32:19.586  2761  2803 V SettingsProvider: getSecureSetting(location_providers_allowed, 11)
04-23 09:32:19.595  2761  2803 V SettingsProvider: getSecureSetting(location_providers_allowed, 11)
